IPv4 server with address 0.0.0.0 started!
test vector number: 2
INITIATOR SUIT kem: 1, signature -7
responder pk size: 65 
responder sk size: 32 
Responder ready to receive EDHOC DH request
seed (size 4):
	23 2E C5 7E 
public ephemeral key (size 32):
	B6 E4 D3 8A D8 53 8C DC F7 31 29 D9 05 FF B4 80 
	43 1F 5B 0B C0 65 C8 34 14 74 30 EE C2 9A F7 9D 
secret ephemeral key (size 32):
	B6 76 77 95 22 33 9D 8C FA 2F A1 2B A5 CF B2 A6 
	A4 69 B0 24 A4 F1 94 BC FA 42 8F 4E 52 A6 2A 03 
Responder ready to Receive EDHOC PQ request 
__________________
PDU was constructed from buffer of 64 bytes
PDU is 64 bytes long
CoAP Version: 1
Message Type: Confirmable
Token length: 4
Code: 0.02 POST
Message ID: 0
Token of 4 bytes.
   Value: 0x01000000 
2 options:
OPTION (1/2)
   Option number (delta): 11 (11)
   Name: URI_PATH
   Value length: 11
   Value: ".well-known"
OPTION (2/2)
   Option number (delta): 11 (0)
   Name: URI_PATH
   Value length: 5
   Value: "edhoc"
Payload of 37 bytes
   Value: "\00\02X \8a\f6\f40\eb\e1\8d4\18@\17\a9\a1\1b\f5\11\c8\df\f8\f84s\0b\96\c1\b7\c8\db\ca/\c3\b67"
__________________
CoAP message (size 37):
	00 02 58 20 8A F6 F4 30 EB E1 8D 34 18 40 17 A9 
	A1 1B F5 11 C8 DF F8 F8 34 73 0B 96 C1 B7 C8 DB 
	CA 2F C3 B6 37 
message_1 (CBOR Sequence) (size 37):
	00 02 58 20 8A F6 F4 30 EB E1 8D 34 18 40 17 A9 
	A1 1B F5 11 C8 DF F8 F8 34 73 0B 96 C1 B7 C8 DB 
	CA 2F C3 B6 37 
msg1  (size 37):
	00 02 58 20 8A F6 F4 30 EB E1 8D 34 18 40 17 A9 
	A1 1B F5 11 C8 DF F8 F8 34 73 0B 96 C1 B7 C8 DB 
	CA 2F C3 B6 37 
msg1 METHOD: 0
msg1 SUITES_I (size 1):
	02 
g_x len 1216
g_x len message 1 32
msg1 G_X (size 32):
	8A F6 F4 30 EB E1 8D 34 18 40 17 A9 A1 1B F5 11 
	C8 DF F8 F8 34 73 0B 96 C1 B7 C8 DB CA 2F C3 B6 
msg1 C_I_raw (size 1):
	E8 
Suite 2 will be used in this EDHOC run.
PQ/T hybrid declare second array
y  (size 32):
	B6 76 77 95 22 33 9D 8C FA 2F A1 2B A5 CF B2 A6 
	A4 69 B0 24 A4 F1 94 BC FA 42 8F 4E 52 A6 2A 03 
gx  (size 32):
	8A F6 F4 30 EB E1 8D 34 18 40 17 A9 A1 1B F5 11 
	C8 DF F8 F8 34 73 0B 96 C1 B7 C8 DB CA 2F C3 B6 
SHARED SECRET DERIVE
P256 in DH
pk_decompressed tinycript (size 64):
	8A F6 F4 30 EB E1 8D 34 18 40 17 A9 A1 1B F5 11 
	C8 DF F8 F8 34 73 0B 96 C1 B7 C8 DB CA 2F C3 B6 
	AE 17 50 92 91 24 87 EA FE 52 E2 63 A0 57 40 85 
	5E A8 E9 39 3F 95 A2 FC 7A FC 39 EB 00 7F 36 4C 
G_XY (ECDH shared secret)  (size 32):
	37 31 C7 B2 E8 C2 83 F4 EC 90 EB A6 A6 71 BD 7C 
	74 10 51 D3 FC DE 93 D7 0B 9D 1F C7 D2 C0 8B 0E 
hash_msg1_raw (size 32):
	C7 93 1F CA 62 16 CA BC B5 A9 AB 7B 17 61 AE 46 
	78 94 6B A4 F6 0B 6D E1 63 14 69 18 2A 4E 67 26 
Input to calculate TH_2 (CBOR Sequence) (size 68):
	58 20 B6 E4 D3 8A D8 53 8C DC F7 31 29 D9 05 FF 
	B4 80 43 1F 5B 0B C0 65 C8 34 14 74 30 EE C2 9A 
	F7 9D 58 20 C7 93 1F CA 62 16 CA BC B5 A9 AB 7B 
	17 61 AE 46 78 94 6B A4 F6 0B 6D E1 63 14 69 18 
	2A 4E 67 26 
TH2 (size 32):
	4C 4B A3 94 9B 3C E9 9E C8 9A A2 BC 67 DC EB 6D 
	E9 E6 16 1F F3 82 CB A9 38 FF 0C 5B 54 BF 99 5F 
PRK_2e (size 32):
	93 A8 6D 76 1B 70 18 88 90 03 73 27 00 BD 58 16 
	13 FA A6 04 EB 59 D9 4A 9C E9 37 B4 9C B6 BD 3A 
prk_3e2m (size 32):
	93 A8 6D 76 1B 70 18 88 90 03 73 27 00 BD 58 16 
	13 FA A6 04 EB 59 D9 4A 9C E9 37 B4 9C B6 BD 3A 
Signature len 500 - 64
TMP size: 32
CBOR ENCODE ERROR: 0
MAX ID CRED: 400 cred len 14
MAX CRED: 765 cred len 293
PK SIZE: 65
SIGNATURE SIZE: 500
CONTEXT_MAC_SIZE: 1204
CONTEXT_MAC len: 343
CR len: 2
TH enc len: 34
TMP size: 1
CBOR ENCODE ERROR: 0
MAC context (size 343):
	41 27 A1 18 22 82 2E 48 34 80 F5 FA 01 A8 AB F4 
	58 20 4C 4B A3 94 9B 3C E9 9E C8 9A A2 BC 67 DC 
	EB 6D E9 E6 16 1F F3 82 CB A9 38 FF 0C 5B 54 BF 
	99 5F 59 01 22 30 82 01 1E 30 81 C5 A0 03 02 01 
	02 02 04 61 E9 98 1E 30 0A 06 08 2A 86 48 CE 3D 
	04 03 02 30 15 31 13 30 11 06 03 55 04 03 0C 0A 
	45 44 48 4F 43 20 52 6F 6F 74 30 1E 17 0D 32 32 
	30 31 32 30 31 37 31 33 30 32 5A 17 0D 32 39 31 
	32 33 31 32 33 30 30 30 30 5A 30 1A 31 18 30 16 
	06 03 55 04 03 0C 0F 45 44 48 4F 43 20 52 65 73 
	70 6F 6E 64 65 72 30 59 30 13 06 07 2A 86 48 CE 
	3D 02 01 06 08 2A 86 48 CE 3D 03 01 07 03 42 00 
	04 BB C3 49 60 52 6E A4 D3 2E 94 0C AD 2A 23 41 
	48 DD C2 17 91 A1 2A FB CB AC 93 62 20 46 DD 44 
	F0 45 19 E2 57 23 6B 2A 0C E2 02 3F 09 31 F1 F3 
	86 CA 7A FD A6 4F CD E0 10 8C 22 4C 51 EA BF 60 
	72 30 0A 06 08 2A 86 48 CE 3D 04 03 02 03 48 00 
	30 45 02 20 30 19 4E F5 FC 65 C8 B7 95 CD CD 0B 
	B4 31 BF 83 EE 67 41 C1 37 0C 22 C8 EB 8E E9 ED 
	D2 A7 05 19 02 21 00 B5 83 0E 9C 89 A6 2A C7 3C 
	E1 EB CE 00 61 70 7D B8 A8 8E 23 70 9B 4A CC 58 
	A1 31 3B 13 3D 05 58 
is not DH, 32
MAC 2/3 (size 32):
	57 1E 0B FE A7 63 C5 9D CB A4 E3 F6 20 C7 FA 03 
	7E B0 60 E2 1F 14 FA 65 B7 17 DC 55 52 AC B5 D5 
TMP size: 32
CBOR ENCODE ERROR: 0
Signature or mac size: 64Inside the sign
signature_or_mac (is signature) (size 64):
	4B 13 25 F8 FA 09 02 8E DD EE C2 0E 47 18 68 19 
	61 F0 19 1B 16 2E F4 8D 4C 90 96 85 D4 AD F1 70 
	32 F3 7C 52 FF 79 E0 E6 4F E5 89 C4 28 A8 D1 3F 
	2F A8 C2 97 E2 6E 79 89 D6 2A C1 D7 37 0B AA 0D 
TMP size: 64
CBOR ENCODE ERROR: 0
kid (size 0):
KEYSTREAM_2 (size 81):
	29 70 48 B5 FF C7 D8 1C 07 EC 70 81 72 66 AC 86 
	F2 9D 2A EF AB 5F 5A 4C E7 D2 98 A6 29 98 4C 7A 
	87 83 78 22 BC D5 EF B8 E9 B1 22 FD BA 4C A1 F4 
	E1 F0 7C F4 FE F6 CD F9 C0 8B 11 2C 2F 18 58 BC 
	88 22 22 73 AE 47 3F 02 4E 94 EA 7D 72 3E 3D 12 
	B6 
ciphertext_2/3/4 (size 81):
	0E D1 50 97 7D E9 90 28 87 19 8A 80 DA CD 58 DE 
	B2 D6 39 CA 53 A5 53 4E 69 0F 76 64 27 DF 54 12 
	9E E2 88 3B A7 C3 C1 4C 64 FD B2 6B 3F 98 0C 05 
	91 C2 8F 88 AC 09 B4 19 26 C4 F4 A5 EB 30 F0 6D 
	B7 0D 8A B1 39 A5 51 7B C7 42 C0 BC A5 09 36 B8 
	BB 
TMP size: 113
CBOR ENCODE ERROR: 0
message_2 (CBOR Sequence) (size 115):
	58 71 B6 E4 D3 8A D8 53 8C DC F7 31 29 D9 05 FF 
	B4 80 43 1F 5B 0B C0 65 C8 34 14 74 30 EE C2 9A 
	F7 9D 0E D1 50 97 7D E9 90 28 87 19 8A 80 DA CD 
	58 DE B2 D6 39 CA 53 A5 53 4E 69 0F 76 64 27 DF 
	54 12 9E E2 88 3B A7 C3 C1 4C 64 FD B2 6B 3F 98 
	0C 05 91 C2 8F 88 AC 09 B4 19 26 C4 F4 A5 EB 30 
	F0 6D B7 0D 8A B1 39 A5 51 7B C7 42 C0 BC A5 09 
	36 B8 BB 
th23 (size 32):
	4C 4B A3 94 9B 3C E9 9E C8 9A A2 BC 67 DC EB 6D 
	E9 E6 16 1F F3 82 CB A9 38 FF 0C 5B 54 BF 99 5F 
plaintext_23 (size 81):
	27 A1 18 22 82 2E 48 34 80 F5 FA 01 A8 AB F4 58 
	40 4B 13 25 F8 FA 09 02 8E DD EE C2 0E 47 18 68 
	19 61 F0 19 1B 16 2E F4 8D 4C 90 96 85 D4 AD F1 
	70 32 F3 7C 52 FF 79 E0 E6 4F E5 89 C4 28 A8 D1 
	3F 2F A8 C2 97 E2 6E 79 89 D6 2A C1 D7 37 0B AA 
	0D 
cred (size 293):
	59 01 22 30 82 01 1E 30 81 C5 A0 03 02 01 02 02 
	04 61 E9 98 1E 30 0A 06 08 2A 86 48 CE 3D 04 03 
	02 30 15 31 13 30 11 06 03 55 04 03 0C 0A 45 44 
	48 4F 43 20 52 6F 6F 74 30 1E 17 0D 32 32 30 31 
	32 30 31 37 31 33 30 32 5A 17 0D 32 39 31 32 33 
	31 32 33 30 30 30 30 5A 30 1A 31 18 30 16 06 03 
	55 04 03 0C 0F 45 44 48 4F 43 20 52 65 73 70 6F 
	6E 64 65 72 30 59 30 13 06 07 2A 86 48 CE 3D 02 
	01 06 08 2A 86 48 CE 3D 03 01 07 03 42 00 04 BB 
	C3 49 60 52 6E A4 D3 2E 94 0C AD 2A 23 41 48 DD 
	C2 17 91 A1 2A FB CB AC 93 62 20 46 DD 44 F0 45 
	19 E2 57 23 6B 2A 0C E2 02 3F 09 31 F1 F3 86 CA 
	7A FD A6 4F CD E0 10 8C 22 4C 51 EA BF 60 72 30 
	0A 06 08 2A 86 48 CE 3D 04 03 02 03 48 00 30 45 
	02 20 30 19 4E F5 FC 65 C8 B7 95 CD CD 0B B4 31 
	BF 83 EE 67 41 C1 37 0C 22 C8 EB 8E E9 ED D2 A7 
	05 19 02 21 00 B5 83 0E 9C 89 A6 2A C7 3C E1 EB 
	CE 00 61 70 7D B8 A8 8E 23 70 9B 4A CC 58 A1 31 
	3B 13 3D 05 58 
TMP size: 32
CBOR ENCODE ERROR: 0
Encoded
memcopy1
memcopy2
Input to calculate TH_3/TH_4 (CBOR Sequence) (size 408):
	58 20 4C 4B A3 94 9B 3C E9 9E C8 9A A2 BC 67 DC 
	EB 6D E9 E6 16 1F F3 82 CB A9 38 FF 0C 5B 54 BF 
	99 5F 27 A1 18 22 82 2E 48 34 80 F5 FA 01 A8 AB 
	F4 58 40 4B 13 25 F8 FA 09 02 8E DD EE C2 0E 47 
	18 68 19 61 F0 19 1B 16 2E F4 8D 4C 90 96 85 D4 
	AD F1 70 32 F3 7C 52 FF 79 E0 E6 4F E5 89 C4 28 
	A8 D1 3F 2F A8 C2 97 E2 6E 79 89 D6 2A C1 D7 37 
	0B AA 0D 59 01 22 30 82 01 1E 30 81 C5 A0 03 02 
	01 02 02 04 61 E9 98 1E 30 0A 06 08 2A 86 48 CE 
	3D 04 03 02 30 15 31 13 30 11 06 03 55 04 03 0C 
	0A 45 44 48 4F 43 20 52 6F 6F 74 30 1E 17 0D 32 
	32 30 31 32 30 31 37 31 33 30 32 5A 17 0D 32 39 
	31 32 33 31 32 33 30 30 30 30 5A 30 1A 31 18 30 
	16 06 03 55 04 03 0C 0F 45 44 48 4F 43 20 52 65 
	73 70 6F 6E 64 65 72 30 59 30 13 06 07 2A 86 48 
	CE 3D 02 01 06 08 2A 86 48 CE 3D 03 01 07 03 42 
	00 04 BB C3 49 60 52 6E A4 D3 2E 94 0C AD 2A 23 
	41 48 DD C2 17 91 A1 2A FB CB AC 93 62 20 46 DD 
	44 F0 45 19 E2 57 23 6B 2A 0C E2 02 3F 09 31 F1 
	F3 86 CA 7A FD A6 4F CD E0 10 8C 22 4C 51 EA BF 
	60 72 30 0A 06 08 2A 86 48 CE 3D 04 03 02 03 48 
	00 30 45 02 20 30 19 4E F5 FC 65 C8 B7 95 CD CD 
	0B B4 31 BF 83 EE 67 41 C1 37 0C 22 C8 EB 8E E9 
	ED D2 A7 05 19 02 21 00 B5 83 0E 9C 89 A6 2A C7 
	3C E1 EB CE 00 61 70 7D B8 A8 8E 23 70 9B 4A CC 
	58 A1 31 3B 13 3D 05 58 
TH34 (size 32):
	3E 62 1E F1 72 3A 9D 49 EC 4D 9F B1 62 9A 48 9F 
	11 29 3B 3B F3 A0 5B 61 3D D9 2A A5 CB BF 0F FA 
msg2 generated
msg2 (size 115):
	58 71 B6 E4 D3 8A D8 53 8C DC F7 31 29 D9 05 FF 
	B4 80 43 1F 5B 0B C0 65 C8 34 14 74 30 EE C2 9A 
	F7 9D 0E D1 50 97 7D E9 90 28 87 19 8A 80 DA CD 
	58 DE B2 D6 39 CA 53 A5 53 4E 69 0F 76 64 27 DF 
	54 12 9E E2 88 3B A7 C3 C1 4C 64 FD B2 6B 3F 98 
	0C 05 91 C2 8F 88 AC 09 B4 19 26 C4 F4 A5 EB 30 
	F0 6D B7 0D 8A B1 39 A5 51 7B C7 42 C0 BC A5 09 
	36 B8 BB 
ead prcessed
CoAP reply sent!
mesage tx
waiting to receive
__________________
PDU was constructed from buffer of 117 bytes
PDU is 117 bytes long
CoAP Version: 1
Message Type: Confirmable
Token length: 4
Code: 0.02 POST
Message ID: 1
Token of 4 bytes.
   Value: 0x02000000 
2 options:
OPTION (1/2)
   Option number (delta): 11 (11)
   Name: URI_PATH
   Value length: 11
   Value: ".well-known"
OPTION (2/2)
   Option number (delta): 11 (0)
   Name: URI_PATH
   Value length: 5
   Value: "edhoc"
Payload of 90 bytes
   Value: "XXV\de\f7?5C\ca~\ba(\fa\c4$\e8\0bT\d0\d2\c3\cbJ\af\e3%3\a0\b1\11\fc\80\aa\1f5\dcg\cb6O\8b&\ae\a0\fa\df\85\d8\ab\bc\d4t\0e\b9\0f\fa\c7\d8\88)\1eN\9d\fd\90\1bj,\1a\8b:\06SF\95\18\d6\80\89S<\05\af\e1\d3\dd6\ef\eb\e4"
__________________
CoAP message (size 90):
	58 58 56 DE F7 3F 35 43 CA 7E BA 28 FA C4 24 E8 
	0B 54 D0 D2 C3 CB 4A AF E3 25 33 A0 B1 11 FC 80 
	AA 1F 35 DC 67 CB 36 4F 8B 26 AE A0 FA DF 85 D8 
	AB BC D4 74 0E B9 0F FA C7 D8 88 29 1E 4E 9D FD 
	90 1B 6A 2C 1A 8B 3A 06 53 46 95 18 D6 80 89 53 
	3C 05 AF E1 D3 DD 36 EF EB E4 
received
CIPHERTEXT_3 (size 88):
	56 DE F7 3F 35 43 CA 7E BA 28 FA C4 24 E8 0B 54 
	D0 D2 C3 CB 4A AF E3 25 33 A0 B1 11 FC 80 AA 1F 
	35 DC 67 CB 36 4F 8B 26 AE A0 FA DF 85 D8 AB BC 
	D4 74 0E B9 0F FA C7 D8 88 29 1E 4E 9D FD 90 1B 
	6A 2C 1A 8B 3A 06 53 46 95 18 D6 80 89 53 3C 05 
	AF E1 D3 DD 36 EF EB E4 
PLAINTEXT3_SIZE: 903
ctxt3.len: 88
K_3 (size 16):
	39 DF 21 93 DA EA A4 75 54 8F 57 99 15 50 F9 03 
IV_3 (size 13):
	6F 79 1A 57 ED 34 B2 5F B1 B2 08 06 10 
associated_data (size 45):
	83 68 45 6E 63 72 79 70 74 30 40 58 20 3E 62 1E 
	F1 72 3A 9D 49 EC 4D 9F B1 62 9A 48 9F 11 29 3B 
	3B F3 A0 5B 61 3D D9 2A A5 CB BF 0F FA 
plaintext (size 80):
	A1 18 22 82 2E 48 EE C7 3F CB B0 16 26 76 58 40 
	2D 58 B7 10 12 74 EF 95 E1 9F E1 F7 62 1C EE DB 
	7C FF 44 C7 22 AA 50 C4 1F 04 44 A6 F4 94 EC B7 
	C1 CA A0 FB F3 A2 C6 26 CC DB 78 D2 38 6D 01 36 
	B1 68 77 13 AD D0 CD CB 99 63 21 C1 70 52 68 22 
ID_CRED (size 14):
	A1 18 22 82 2E 48 EE C7 3F CB B0 16 26 76 
sign_or_mac (size 64):
	2D 58 B7 10 12 74 EF 95 E1 9F E1 F7 62 1C EE DB 
	7C FF 44 C7 22 AA 50 C4 1F 04 44 A6 F4 94 EC B7 
	C1 CA A0 FB F3 A2 C6 26 CC DB 78 D2 38 6D 01 36 
	B1 68 77 13 AD D0 CD CB 99 63 21 C1 70 52 68 22 
[cred] lookup ID_CRED len=14
A11822822E48EEC73FCBB0162676
[cred] cred_array entries: 1
[cred] candidate[0] len=14 A11822822E48EEC73FCBB0162676
prk_4e3m (size 32):
	93 A8 6D 76 1B 70 18 88 90 03 73 27 00 BD 58 16 
	13 FA A6 04 EB 59 D9 4A 9C E9 37 B4 9C B6 BD 3A 
TMP size: 32
CBOR ENCODE ERROR: 0
MAX ID CRED: 400 cred len 14
MAX CRED: 765 cred len 293
PK SIZE: 65
SIGNATURE SIZE: 500
CONTEXT_MAC_SIZE: 1204
CONTEXT_MAC len: 342
CR len: 1
TH enc len: 34
MAC context (size 341):
	A1 18 22 82 2E 48 EE C7 3F CB B0 16 26 76 58 20 
	3E 62 1E F1 72 3A 9D 49 EC 4D 9F B1 62 9A 48 9F 
	11 29 3B 3B F3 A0 5B 61 3D D9 2A A5 CB BF 0F FA 
	59 01 22 30 82 01 1E 30 81 C5 A0 03 02 01 02 02 
	04 62 32 EF 6F 30 0A 06 08 2A 86 48 CE 3D 04 03 
	02 30 15 31 13 30 11 06 03 55 04 03 0C 0A 45 44 
	48 4F 43 20 52 6F 6F 74 30 1E 17 0D 32 32 30 33 
	31 37 30 38 32 31 30 33 5A 17 0D 32 39 31 32 33 
	31 32 33 30 30 30 30 5A 30 1A 31 18 30 16 06 03 
	55 04 03 0C 0F 45 44 48 4F 43 20 49 6E 69 74 69 
	61 74 6F 72 30 59 30 13 06 07 2A 86 48 CE 3D 02 
	01 06 08 2A 86 48 CE 3D 03 01 07 03 42 00 04 AC 
	75 E9 EC E3 E5 0B FC 8E D6 03 99 88 95 22 40 5C 
	47 BF 16 DF 96 66 0A 41 29 8C B4 30 7F 7E B6 6E 
	5D E6 11 38 8A 4B 8A 82 11 33 4A C7 D3 7E CB 52 
	A3 87 D2 57 E6 DB 3C 2A 93 DF 21 FF 3A FF C8 30 
	0A 06 08 2A 86 48 CE 3D 04 03 02 03 48 00 30 45 
	02 21 00 8C 32 3A 1F 33 21 38 AA B9 D0 BE AF B8 
	5F 8D 5A 44 07 3C 58 0F 59 5B C5 21 EF 91 3F 6E 
	F4 8D 11 02 20 6C 0A F1 A1 85 A4 E4 DE 06 35 36 
	99 23 1C 73 3A 6E 8D D2 DF 65 13 96 6C 91 30 15 
	2A 07 A2 BE DE 
is not DH, 32
MAC 2/3 (size 32):
	E5 B4 C2 3A F3 16 E6 DE 45 7D E0 E8 72 F0 85 7A 
	E6 0E E0 ED FE 37 24 03 09 A0 74 AD 29 74 DA E8 
TMP size: 32
CBOR ENCODE ERROR: 0
Signature or MAC verification successful!
th23 (size 32):
	3E 62 1E F1 72 3A 9D 49 EC 4D 9F B1 62 9A 48 9F 
	11 29 3B 3B F3 A0 5B 61 3D D9 2A A5 CB BF 0F FA 
plaintext_23 (size 80):
	A1 18 22 82 2E 48 EE C7 3F CB B0 16 26 76 58 40 
	2D 58 B7 10 12 74 EF 95 E1 9F E1 F7 62 1C EE DB 
	7C FF 44 C7 22 AA 50 C4 1F 04 44 A6 F4 94 EC B7 
	C1 CA A0 FB F3 A2 C6 26 CC DB 78 D2 38 6D 01 36 
	B1 68 77 13 AD D0 CD CB 99 63 21 C1 70 52 68 22 
cred (size 293):
	59 01 22 30 82 01 1E 30 81 C5 A0 03 02 01 02 02 
	04 62 32 EF 6F 30 0A 06 08 2A 86 48 CE 3D 04 03 
	02 30 15 31 13 30 11 06 03 55 04 03 0C 0A 45 44 
	48 4F 43 20 52 6F 6F 74 30 1E 17 0D 32 32 30 33 
	31 37 30 38 32 31 30 33 5A 17 0D 32 39 31 32 33 
	31 32 33 30 30 30 30 5A 30 1A 31 18 30 16 06 03 
	55 04 03 0C 0F 45 44 48 4F 43 20 49 6E 69 74 69 
	61 74 6F 72 30 59 30 13 06 07 2A 86 48 CE 3D 02 
	01 06 08 2A 86 48 CE 3D 03 01 07 03 42 00 04 AC 
	75 E9 EC E3 E5 0B FC 8E D6 03 99 88 95 22 40 5C 
	47 BF 16 DF 96 66 0A 41 29 8C B4 30 7F 7E B6 6E 
	5D E6 11 38 8A 4B 8A 82 11 33 4A C7 D3 7E CB 52 
	A3 87 D2 57 E6 DB 3C 2A 93 DF 21 FF 3A FF C8 30 
	0A 06 08 2A 86 48 CE 3D 04 03 02 03 48 00 30 45 
	02 21 00 8C 32 3A 1F 33 21 38 AA B9 D0 BE AF B8 
	5F 8D 5A 44 07 3C 58 0F 59 5B C5 21 EF 91 3F 6E 
	F4 8D 11 02 20 6C 0A F1 A1 85 A4 E4 DE 06 35 36 
	99 23 1C 73 3A 6E 8D D2 DF 65 13 96 6C 91 30 15 
	2A 07 A2 BE DE 
TMP size: 32
CBOR ENCODE ERROR: 0
Encoded
memcopy1
memcopy2
Input to calculate TH_3/TH_4 (CBOR Sequence) (size 407):
	58 20 3E 62 1E F1 72 3A 9D 49 EC 4D 9F B1 62 9A 
	48 9F 11 29 3B 3B F3 A0 5B 61 3D D9 2A A5 CB BF 
	0F FA A1 18 22 82 2E 48 EE C7 3F CB B0 16 26 76 
	58 40 2D 58 B7 10 12 74 EF 95 E1 9F E1 F7 62 1C 
	EE DB 7C FF 44 C7 22 AA 50 C4 1F 04 44 A6 F4 94 
	EC B7 C1 CA A0 FB F3 A2 C6 26 CC DB 78 D2 38 6D 
	01 36 B1 68 77 13 AD D0 CD CB 99 63 21 C1 70 52 
	68 22 59 01 22 30 82 01 1E 30 81 C5 A0 03 02 01 
	02 02 04 62 32 EF 6F 30 0A 06 08 2A 86 48 CE 3D 
	04 03 02 30 15 31 13 30 11 06 03 55 04 03 0C 0A 
	45 44 48 4F 43 20 52 6F 6F 74 30 1E 17 0D 32 32 
	30 33 31 37 30 38 32 31 30 33 5A 17 0D 32 39 31 
	32 33 31 32 33 30 30 30 30 5A 30 1A 31 18 30 16 
	06 03 55 04 03 0C 0F 45 44 48 4F 43 20 49 6E 69 
	74 69 61 74 6F 72 30 59 30 13 06 07 2A 86 48 CE 
	3D 02 01 06 08 2A 86 48 CE 3D 03 01 07 03 42 00 
	04 AC 75 E9 EC E3 E5 0B FC 8E D6 03 99 88 95 22 
	40 5C 47 BF 16 DF 96 66 0A 41 29 8C B4 30 7F 7E 
	B6 6E 5D E6 11 38 8A 4B 8A 82 11 33 4A C7 D3 7E 
	CB 52 A3 87 D2 57 E6 DB 3C 2A 93 DF 21 FF 3A FF 
	C8 30 0A 06 08 2A 86 48 CE 3D 04 03 02 03 48 00 
	30 45 02 21 00 8C 32 3A 1F 33 21 38 AA B9 D0 BE 
	AF B8 5F 8D 5A 44 07 3C 58 0F 59 5B C5 21 EF 91 
	3F 6E F4 8D 11 02 20 6C 0A F1 A1 85 A4 E4 DE 06 
	35 36 99 23 1C 73 3A 6E 8D D2 DF 65 13 96 6C 91 
	30 15 2A 07 A2 BE DE 
TH34 (size 32):
	24 9C DD A6 4F 42 BE 18 59 2E F5 6E 21 6A 62 3F 
	72 39 0B 56 8B 3D 0F 49 74 BC 61 4A F9 D7 3D 73 
PRK_out (size 32):
	C8 BE 35 A2 B6 46 5E 6D 82 81 7B DF B6 A4 10 07 
	A1 CD 69 CE 33 DA 93 59 7E C2 D2 93 C5 38 25 89 
prk_exporter (size 32):
	D0 97 09 10 AD 14 AC F0 1E D2 07 0A 50 07 36 0C 
	F8 FF B1 47 65 E6 25 E3 00 E8 1D 6F FD 21 D1 3F 
OSCORE Master Secret