IPv4 server with address 0.0.0.0 started!
test vector number: 2
INITIATOR SUIT kem: 1, signature -7
responder pk size: 65 
responder sk size: 32 
Responder ready to receive EDHOC DH request
seed (size 4):
	E6 A0 3D A0 
public ephemeral key (size 32):
	9B E4 CA 8D EA 18 47 FD 43 C1 C1 0D 8E AC 94 03 
	FC E2 43 C5 BE D5 FE 12 28 BF 31 9F 5C 14 06 F4 
secret ephemeral key (size 32):
	69 01 0F 4E 5C 43 A8 D0 53 D2 55 11 82 D4 38 33 
	69 05 85 99 FE CF 7C 90 5B FD E6 5F B8 54 A7 1E 
Responder ready to Receive EDHOC PQ request 
__________________
PDU was constructed from buffer of 64 bytes
PDU is 64 bytes long
CoAP Version: 1
Message Type: Confirmable
Token length: 4
Code: 0.02 POST
Message ID: 0
Token of 4 bytes.
   Value: 0x01000000 
2 options:
OPTION (1/2)
   Option number (delta): 11 (11)
   Name: URI_PATH
   Value length: 11
   Value: ".well-known"
OPTION (2/2)
   Option number (delta): 11 (0)
   Name: URI_PATH
   Value length: 5
   Value: "edhoc"
Payload of 37 bytes
   Value: "\00\02X \8a\f6\f40\eb\e1\8d4\18@\17\a9\a1\1b\f5\11\c8\df\f8\f84s\0b\96\c1\b7\c8\db\ca/\c3\b67"
__________________
CoAP message (size 37):
	00 02 58 20 8A F6 F4 30 EB E1 8D 34 18 40 17 A9 
	A1 1B F5 11 C8 DF F8 F8 34 73 0B 96 C1 B7 C8 DB 
	CA 2F C3 B6 37 
message_1 (CBOR Sequence) (size 37):
	00 02 58 20 8A F6 F4 30 EB E1 8D 34 18 40 17 A9 
	A1 1B F5 11 C8 DF F8 F8 34 73 0B 96 C1 B7 C8 DB 
	CA 2F C3 B6 37 
msg1  (size 37):
	00 02 58 20 8A F6 F4 30 EB E1 8D 34 18 40 17 A9 
	A1 1B F5 11 C8 DF F8 F8 34 73 0B 96 C1 B7 C8 DB 
	CA 2F C3 B6 37 
msg1 METHOD: 0
msg1 SUITES_I (size 1):
	02 
g_x len 1216
g_x len message 1 32
msg1 G_X (size 32):
	8A F6 F4 30 EB E1 8D 34 18 40 17 A9 A1 1B F5 11 
	C8 DF F8 F8 34 73 0B 96 C1 B7 C8 DB CA 2F C3 B6 
msg1 C_I_raw (size 1):
	E8 
Suite 2 will be used in this EDHOC run.
PQ/T hybrid declare second array
y  (size 32):
	69 01 0F 4E 5C 43 A8 D0 53 D2 55 11 82 D4 38 33 
	69 05 85 99 FE CF 7C 90 5B FD E6 5F B8 54 A7 1E 
gx  (size 32):
	8A F6 F4 30 EB E1 8D 34 18 40 17 A9 A1 1B F5 11 
	C8 DF F8 F8 34 73 0B 96 C1 B7 C8 DB CA 2F C3 B6 
SHARED SECRET DERIVE
P256 in DH
pk_decompressed tinycript (size 64):
	8A F6 F4 30 EB E1 8D 34 18 40 17 A9 A1 1B F5 11 
	C8 DF F8 F8 34 73 0B 96 C1 B7 C8 DB CA 2F C3 B6 
	AE 17 50 92 91 24 87 EA FE 52 E2 63 A0 57 40 85 
	5E A8 E9 39 3F 95 A2 FC 7A FC 39 EB 00 7F 36 4C 
G_XY (ECDH shared secret)  (size 32):
	F6 8B 59 6F 1B 8B 72 44 30 50 53 6E 74 44 DA 7B 
	E4 75 DA 32 27 49 39 13 59 C2 75 BC 79 28 55 31 
hash_msg1_raw (size 32):
	C7 93 1F CA 62 16 CA BC B5 A9 AB 7B 17 61 AE 46 
	78 94 6B A4 F6 0B 6D E1 63 14 69 18 2A 4E 67 26 
Input to calculate TH_2 (CBOR Sequence) (size 68):
	58 20 9B E4 CA 8D EA 18 47 FD 43 C1 C1 0D 8E AC 
	94 03 FC E2 43 C5 BE D5 FE 12 28 BF 31 9F 5C 14 
	06 F4 58 20 C7 93 1F CA 62 16 CA BC B5 A9 AB 7B 
	17 61 AE 46 78 94 6B A4 F6 0B 6D E1 63 14 69 18 
	2A 4E 67 26 
TH2 (size 32):
	1C D4 99 51 91 7A C8 91 D1 3E 7A CE EB BB AC 7F 
	45 95 74 99 7A E6 8C 76 49 71 ED A5 8C 89 53 60 
PRK_2e (size 32):
	8B BA D5 38 05 31 EC 62 9B C6 15 64 E8 FF 0E 50 
	CE 7D 2E C3 20 A9 6D E2 AD A8 4B 12 7C FA 17 39 
prk_3e2m (size 32):
	8B BA D5 38 05 31 EC 62 9B C6 15 64 E8 FF 0E 50 
	CE 7D 2E C3 20 A9 6D E2 AD A8 4B 12 7C FA 17 39 
Signature len 500 - 64
TMP size: 32
CBOR ENCODE ERROR: 0
MAX ID CRED: 400 cred len 14
MAX CRED: 765 cred len 293
PK SIZE: 65
SIGNATURE SIZE: 500
CONTEXT_MAC_SIZE: 1204
CONTEXT_MAC len: 343
CR len: 2
TH enc len: 34
TMP size: 1
CBOR ENCODE ERROR: 0
MAC context (size 343):
	41 27 A1 18 22 82 2E 48 34 80 F5 FA 01 A8 AB F4 
	58 20 1C D4 99 51 91 7A C8 91 D1 3E 7A CE EB BB 
	AC 7F 45 95 74 99 7A E6 8C 76 49 71 ED A5 8C 89 
	53 60 59 01 22 30 82 01 1E 30 81 C5 A0 03 02 01 
	02 02 04 61 E9 98 1E 30 0A 06 08 2A 86 48 CE 3D 
	04 03 02 30 15 31 13 30 11 06 03 55 04 03 0C 0A 
	45 44 48 4F 43 20 52 6F 6F 74 30 1E 17 0D 32 32 
	30 31 32 30 31 37 31 33 30 32 5A 17 0D 32 39 31 
	32 33 31 32 33 30 30 30 30 5A 30 1A 31 18 30 16 
	06 03 55 04 03 0C 0F 45 44 48 4F 43 20 52 65 73 
	70 6F 6E 64 65 72 30 59 30 13 06 07 2A 86 48 CE 
	3D 02 01 06 08 2A 86 48 CE 3D 03 01 07 03 42 00 
	04 BB C3 49 60 52 6E A4 D3 2E 94 0C AD 2A 23 41 
	48 DD C2 17 91 A1 2A FB CB AC 93 62 20 46 DD 44 
	F0 45 19 E2 57 23 6B 2A 0C E2 02 3F 09 31 F1 F3 
	86 CA 7A FD A6 4F CD E0 10 8C 22 4C 51 EA BF 60 
	72 30 0A 06 08 2A 86 48 CE 3D 04 03 02 03 48 00 
	30 45 02 20 30 19 4E F5 FC 65 C8 B7 95 CD CD 0B 
	B4 31 BF 83 EE 67 41 C1 37 0C 22 C8 EB 8E E9 ED 
	D2 A7 05 19 02 21 00 B5 83 0E 9C 89 A6 2A C7 3C 
	E1 EB CE 00 61 70 7D B8 A8 8E 23 70 9B 4A CC 58 
	A1 31 3B 13 3D 05 58 
is not DH, 32
MAC 2/3 (size 32):
	7A F1 09 CF D1 68 92 6C 1B 67 46 10 2D 21 8F BC 
	8C B0 D0 9B A1 96 3C 5A 3A 21 F2 ED A4 87 51 E6 
TMP size: 32
CBOR ENCODE ERROR: 0
Signature or mac size: 64Inside the sign
signature_or_mac (is signature) (size 64):
	EC 14 C4 F6 34 86 E2 DA 9A 43 5C 91 33 E2 8A 08 
	1C 4F 2A 8A C1 77 70 E8 B9 24 D0 72 7C F5 98 84 
	A0 65 F0 EF AE A3 FB 03 FE 60 D5 C8 D3 69 7E E4 
	21 06 EB 51 45 85 F3 CC 0C E2 1D 19 CF 6E F7 E8 
TMP size: 64
CBOR ENCODE ERROR: 0
kid (size 0):
KEYSTREAM_2 (size 81):
	7B 8F CC B5 95 2D D1 EC DA FA 9D CC 58 6D E2 88 
	AC 73 F6 EC 91 04 30 C6 85 F3 EC F3 93 4B 5F 0E 
	39 CC 78 E6 D3 93 9A EE FD B3 0A 7D 12 18 27 3C 
	7D CE F9 CD 15 F2 D0 CE 0F 14 64 64 CF FD 25 4C 
	60 3A 89 D0 FD 3E 48 71 B3 4F A2 A7 2C 1E 25 75 
	81 
ciphertext_2/3/4 (size 81):
	5C 2E D4 97 17 03 99 D8 5A 0F 67 CD F0 C6 16 D0 
	EC 9F E2 28 67 30 B6 24 5F 69 AF AF 02 78 BD 84 
	31 D0 37 CC 59 52 ED 9E 15 0A 2E AD 60 64 D2 A4 
	F9 6E 9C 3D FA 5C 73 35 0C EA 04 B1 07 2E 4C 32 
	84 1B 8F 3B AC 7B CD 82 7F 43 40 BA 35 D1 4B 82 
	69 
TMP size: 113
CBOR ENCODE ERROR: 0
message_2 (CBOR Sequence) (size 115):
	58 71 9B E4 CA 8D EA 18 47 FD 43 C1 C1 0D 8E AC 
	94 03 FC E2 43 C5 BE D5 FE 12 28 BF 31 9F 5C 14 
	06 F4 5C 2E D4 97 17 03 99 D8 5A 0F 67 CD F0 C6 
	16 D0 EC 9F E2 28 67 30 B6 24 5F 69 AF AF 02 78 
	BD 84 31 D0 37 CC 59 52 ED 9E 15 0A 2E AD 60 64 
	D2 A4 F9 6E 9C 3D FA 5C 73 35 0C EA 04 B1 07 2E 
	4C 32 84 1B 8F 3B AC 7B CD 82 7F 43 40 BA 35 D1 
	4B 82 69 
th23 (size 32):
	1C D4 99 51 91 7A C8 91 D1 3E 7A CE EB BB AC 7F 
	45 95 74 99 7A E6 8C 76 49 71 ED A5 8C 89 53 60 
plaintext_23 (size 81):
	27 A1 18 22 82 2E 48 34 80 F5 FA 01 A8 AB F4 58 
	40 EC 14 C4 F6 34 86 E2 DA 9A 43 5C 91 33 E2 8A 
	08 1C 4F 2A 8A C1 77 70 E8 B9 24 D0 72 7C F5 98 
	84 A0 65 F0 EF AE A3 FB 03 FE 60 D5 C8 D3 69 7E 
	E4 21 06 EB 51 45 85 F3 CC 0C E2 1D 19 CF 6E F7 
	E8 
cred (size 293):
	59 01 22 30 82 01 1E 30 81 C5 A0 03 02 01 02 02 
	04 61 E9 98 1E 30 0A 06 08 2A 86 48 CE 3D 04 03 
	02 30 15 31 13 30 11 06 03 55 04 03 0C 0A 45 44 
	48 4F 43 20 52 6F 6F 74 30 1E 17 0D 32 32 30 31 
	32 30 31 37 31 33 30 32 5A 17 0D 32 39 31 32 33 
	31 32 33 30 30 30 30 5A 30 1A 31 18 30 16 06 03 
	55 04 03 0C 0F 45 44 48 4F 43 20 52 65 73 70 6F 
	6E 64 65 72 30 59 30 13 06 07 2A 86 48 CE 3D 02 
	01 06 08 2A 86 48 CE 3D 03 01 07 03 42 00 04 BB 
	C3 49 60 52 6E A4 D3 2E 94 0C AD 2A 23 41 48 DD 
	C2 17 91 A1 2A FB CB AC 93 62 20 46 DD 44 F0 45 
	19 E2 57 23 6B 2A 0C E2 02 3F 09 31 F1 F3 86 CA 
	7A FD A6 4F CD E0 10 8C 22 4C 51 EA BF 60 72 30 
	0A 06 08 2A 86 48 CE 3D 04 03 02 03 48 00 30 45 
	02 20 30 19 4E F5 FC 65 C8 B7 95 CD CD 0B B4 31 
	BF 83 EE 67 41 C1 37 0C 22 C8 EB 8E E9 ED D2 A7 
	05 19 02 21 00 B5 83 0E 9C 89 A6 2A C7 3C E1 EB 
	CE 00 61 70 7D B8 A8 8E 23 70 9B 4A CC 58 A1 31 
	3B 13 3D 05 58 
TMP size: 32
CBOR ENCODE ERROR: 0
Encoded
memcopy1
memcopy2
Input to calculate TH_3/TH_4 (CBOR Sequence) (size 408):
	58 20 1C D4 99 51 91 7A C8 91 D1 3E 7A CE EB BB 
	AC 7F 45 95 74 99 7A E6 8C 76 49 71 ED A5 8C 89 
	53 60 27 A1 18 22 82 2E 48 34 80 F5 FA 01 A8 AB 
	F4 58 40 EC 14 C4 F6 34 86 E2 DA 9A 43 5C 91 33 
	E2 8A 08 1C 4F 2A 8A C1 77 70 E8 B9 24 D0 72 7C 
	F5 98 84 A0 65 F0 EF AE A3 FB 03 FE 60 D5 C8 D3 
	69 7E E4 21 06 EB 51 45 85 F3 CC 0C E2 1D 19 CF 
	6E F7 E8 59 01 22 30 82 01 1E 30 81 C5 A0 03 02 
	01 02 02 04 61 E9 98 1E 30 0A 06 08 2A 86 48 CE 
	3D 04 03 02 30 15 31 13 30 11 06 03 55 04 03 0C 
	0A 45 44 48 4F 43 20 52 6F 6F 74 30 1E 17 0D 32 
	32 30 31 32 30 31 37 31 33 30 32 5A 17 0D 32 39 
	31 32 33 31 32 33 30 30 30 30 5A 30 1A 31 18 30 
	16 06 03 55 04 03 0C 0F 45 44 48 4F 43 20 52 65 
	73 70 6F 6E 64 65 72 30 59 30 13 06 07 2A 86 48 
	CE 3D 02 01 06 08 2A 86 48 CE 3D 03 01 07 03 42 
	00 04 BB C3 49 60 52 6E A4 D3 2E 94 0C AD 2A 23 
	41 48 DD C2 17 91 A1 2A FB CB AC 93 62 20 46 DD 
	44 F0 45 19 E2 57 23 6B 2A 0C E2 02 3F 09 31 F1 
	F3 86 CA 7A FD A6 4F CD E0 10 8C 22 4C 51 EA BF 
	60 72 30 0A 06 08 2A 86 48 CE 3D 04 03 02 03 48 
	00 30 45 02 20 30 19 4E F5 FC 65 C8 B7 95 CD CD 
	0B B4 31 BF 83 EE 67 41 C1 37 0C 22 C8 EB 8E E9 
	ED D2 A7 05 19 02 21 00 B5 83 0E 9C 89 A6 2A C7 
	3C E1 EB CE 00 61 70 7D B8 A8 8E 23 70 9B 4A CC 
	58 A1 31 3B 13 3D 05 58 
TH34 (size 32):
	A2 D1 6A 74 87 CD 74 E8 DF 24 95 E2 71 97 53 3E 
	F4 96 40 F8 D9 A7 71 F6 CB 12 F2 32 6F 6A 47 0F 
msg2 generated
msg2 (size 115):
	58 71 9B E4 CA 8D EA 18 47 FD 43 C1 C1 0D 8E AC 
	94 03 FC E2 43 C5 BE D5 FE 12 28 BF 31 9F 5C 14 
	06 F4 5C 2E D4 97 17 03 99 D8 5A 0F 67 CD F0 C6 
	16 D0 EC 9F E2 28 67 30 B6 24 5F 69 AF AF 02 78 
	BD 84 31 D0 37 CC 59 52 ED 9E 15 0A 2E AD 60 64 
	D2 A4 F9 6E 9C 3D FA 5C 73 35 0C EA 04 B1 07 2E 
	4C 32 84 1B 8F 3B AC 7B CD 82 7F 43 40 BA 35 D1 
	4B 82 69 
ead prcessed
CoAP reply sent!
mesage tx
waiting to receive
__________________
PDU was constructed from buffer of 117 bytes
PDU is 117 bytes long
CoAP Version: 1
Message Type: Confirmable
Token length: 4
Code: 0.02 POST
Message ID: 1
Token of 4 bytes.
   Value: 0x02000000 
2 options:
OPTION (1/2)
   Option number (delta): 11 (11)
   Name: URI_PATH
   Value length: 11
   Value: ".well-known"
OPTION (2/2)
   Option number (delta): 11 (0)
   Name: URI_PATH
   Value length: 5
   Value: "edhoc"
Payload of 90 bytes
   Value: "XX\1d\ed\f8b\f7\a1i\8d\f2\95\bd\b6\92w\d2\1d,\bb\1c\e13\98\85\7f\fag\a9\9c\96\03pRCB\09R\8aq\d0z8\d4\d3\c5\84\f8\1e/K[Fs9\8b\0c\8c{\a8\ebs\9b\b0\9eK#N\916}\01.\85H^\bb\c3\8b\a2\82\c8\e0\d9>\03\c6\8c\8d\ee"
__________________
CoAP message (size 90):
	58 58 1D ED F8 62 F7 A1 69 8D F2 95 BD B6 92 77 
	D2 1D 2C BB 1C E1 33 98 85 7F FA 67 A9 9C 96 03 
	70 52 43 42 09 52 8A 71 D0 7A 38 D4 D3 C5 84 F8 
	1E 2F 4B 5B 46 73 39 8B 0C 8C 7B A8 EB 73 9B B0 
	9E 4B 23 4E 91 36 7D 01 2E 85 48 5E BB C3 8B A2 
	82 C8 E0 D9 3E 03 C6 8C 8D EE 
received
CIPHERTEXT_3 (size 88):
	1D ED F8 62 F7 A1 69 8D F2 95 BD B6 92 77 D2 1D 
	2C BB 1C E1 33 98 85 7F FA 67 A9 9C 96 03 70 52 
	43 42 09 52 8A 71 D0 7A 38 D4 D3 C5 84 F8 1E 2F 
	4B 5B 46 73 39 8B 0C 8C 7B A8 EB 73 9B B0 9E 4B 
	23 4E 91 36 7D 01 2E 85 48 5E BB C3 8B A2 82 C8 
	E0 D9 3E 03 C6 8C 8D EE 
PLAINTEXT3_SIZE: 903
ctxt3.len: 88
K_3 (size 16):
	54 81 0A FA CE A7 BF 90 DE DC 93 66 2C FF 48 EB 
IV_3 (size 13):
	6F 32 7A 47 7B 1E 2A 5B F7 81 9B 19 C8 
associated_data (size 45):
	83 68 45 6E 63 72 79 70 74 30 40 58 20 A2 D1 6A 
	74 87 CD 74 E8 DF 24 95 E2 71 97 53 3E F4 96 40 
	F8 D9 A7 71 F6 CB 12 F2 32 6F 6A 47 0F 
plaintext (size 80):
	A1 18 22 82 2E 48 EE C7 3F CB B0 16 26 76 58 40 
	DB C7 9E F0 4E 5F 9A 35 2C 03 BB 95 3C AA 70 1E 
	AA A6 7B 55 0A 4D 7D 94 DC EA 6C D4 B4 3B 5D 8A 
	CF 96 D7 7F 67 C0 CD B7 2C 92 62 20 44 83 07 92 
	5E 88 0E BE 9A 85 50 6F 17 C2 0C 12 DA ED D2 D0 
ID_CRED (size 14):
	A1 18 22 82 2E 48 EE C7 3F CB B0 16 26 76 
sign_or_mac (size 64):
	DB C7 9E F0 4E 5F 9A 35 2C 03 BB 95 3C AA 70 1E 
	AA A6 7B 55 0A 4D 7D 94 DC EA 6C D4 B4 3B 5D 8A 
	CF 96 D7 7F 67 C0 CD B7 2C 92 62 20 44 83 07 92 
	5E 88 0E BE 9A 85 50 6F 17 C2 0C 12 DA ED D2 D0 
[cred] lookup ID_CRED len=14
A11822822E48EEC73FCBB0162676
[cred] cred_array entries: 1
[cred] candidate[0] len=14 A11822822E48EEC73FCBB0162676
prk_4e3m (size 32):
	8B BA D5 38 05 31 EC 62 9B C6 15 64 E8 FF 0E 50 
	CE 7D 2E C3 20 A9 6D E2 AD A8 4B 12 7C FA 17 39 
TMP size: 32
CBOR ENCODE ERROR: 0
MAX ID CRED: 400 cred len 14
MAX CRED: 765 cred len 293
PK SIZE: 65
SIGNATURE SIZE: 500
CONTEXT_MAC_SIZE: 1204
CONTEXT_MAC len: 342
CR len: 1
TH enc len: 34
MAC context (size 341):
	A1 18 22 82 2E 48 EE C7 3F CB B0 16 26 76 58 20 
	A2 D1 6A 74 87 CD 74 E8 DF 24 95 E2 71 97 53 3E 
	F4 96 40 F8 D9 A7 71 F6 CB 12 F2 32 6F 6A 47 0F 
	59 01 22 30 82 01 1E 30 81 C5 A0 03 02 01 02 02 
	04 62 32 EF 6F 30 0A 06 08 2A 86 48 CE 3D 04 03 
	02 30 15 31 13 30 11 06 03 55 04 03 0C 0A 45 44 
	48 4F 43 20 52 6F 6F 74 30 1E 17 0D 32 32 30 33 
	31 37 30 38 32 31 30 33 5A 17 0D 32 39 31 32 33 
	31 32 33 30 30 30 30 5A 30 1A 31 18 30 16 06 03 
	55 04 03 0C 0F 45 44 48 4F 43 20 49 6E 69 74 69 
	61 74 6F 72 30 59 30 13 06 07 2A 86 48 CE 3D 02 
	01 06 08 2A 86 48 CE 3D 03 01 07 03 42 00 04 AC 
	75 E9 EC E3 E5 0B FC 8E D6 03 99 88 95 22 40 5C 
	47 BF 16 DF 96 66 0A 41 29 8C B4 30 7F 7E B6 6E 
	5D E6 11 38 8A 4B 8A 82 11 33 4A C7 D3 7E CB 52 
	A3 87 D2 57 E6 DB 3C 2A 93 DF 21 FF 3A FF C8 30 
	0A 06 08 2A 86 48 CE 3D 04 03 02 03 48 00 30 45 
	02 21 00 8C 32 3A 1F 33 21 38 AA B9 D0 BE AF B8 
	5F 8D 5A 44 07 3C 58 0F 59 5B C5 21 EF 91 3F 6E 
	F4 8D 11 02 20 6C 0A F1 A1 85 A4 E4 DE 06 35 36 
	99 23 1C 73 3A 6E 8D D2 DF 65 13 96 6C 91 30 15 
	2A 07 A2 BE DE 
is not DH, 32
MAC 2/3 (size 32):
	A0 46 88 AF 4B 83 9F A6 75 7A 76 11 72 04 42 7A 
	29 21 9C AA 81 51 CF 58 63 BD C1 C6 82 EB 3D 51 
TMP size: 32
CBOR ENCODE ERROR: 0
Signature or MAC verification successful!
th23 (size 32):
	A2 D1 6A 74 87 CD 74 E8 DF 24 95 E2 71 97 53 3E 
	F4 96 40 F8 D9 A7 71 F6 CB 12 F2 32 6F 6A 47 0F 
plaintext_23 (size 80):
	A1 18 22 82 2E 48 EE C7 3F CB B0 16 26 76 58 40 
	DB C7 9E F0 4E 5F 9A 35 2C 03 BB 95 3C AA 70 1E 
	AA A6 7B 55 0A 4D 7D 94 DC EA 6C D4 B4 3B 5D 8A 
	CF 96 D7 7F 67 C0 CD B7 2C 92 62 20 44 83 07 92 
	5E 88 0E BE 9A 85 50 6F 17 C2 0C 12 DA ED D2 D0 
cred (size 293):
	59 01 22 30 82 01 1E 30 81 C5 A0 03 02 01 02 02 
	04 62 32 EF 6F 30 0A 06 08 2A 86 48 CE 3D 04 03 
	02 30 15 31 13 30 11 06 03 55 04 03 0C 0A 45 44 
	48 4F 43 20 52 6F 6F 74 30 1E 17 0D 32 32 30 33 
	31 37 30 38 32 31 30 33 5A 17 0D 32 39 31 32 33 
	31 32 33 30 30 30 30 5A 30 1A 31 18 30 16 06 03 
	55 04 03 0C 0F 45 44 48 4F 43 20 49 6E 69 74 69 
	61 74 6F 72 30 59 30 13 06 07 2A 86 48 CE 3D 02 
	01 06 08 2A 86 48 CE 3D 03 01 07 03 42 00 04 AC 
	75 E9 EC E3 E5 0B FC 8E D6 03 99 88 95 22 40 5C 
	47 BF 16 DF 96 66 0A 41 29 8C B4 30 7F 7E B6 6E 
	5D E6 11 38 8A 4B 8A 82 11 33 4A C7 D3 7E CB 52 
	A3 87 D2 57 E6 DB 3C 2A 93 DF 21 FF 3A FF C8 30 
	0A 06 08 2A 86 48 CE 3D 04 03 02 03 48 00 30 45 
	02 21 00 8C 32 3A 1F 33 21 38 AA B9 D0 BE AF B8 
	5F 8D 5A 44 07 3C 58 0F 59 5B C5 21 EF 91 3F 6E 
	F4 8D 11 02 20 6C 0A F1 A1 85 A4 E4 DE 06 35 36 
	99 23 1C 73 3A 6E 8D D2 DF 65 13 96 6C 91 30 15 
	2A 07 A2 BE DE 
TMP size: 32
CBOR ENCODE ERROR: 0
Encoded
memcopy1
memcopy2
Input to calculate TH_3/TH_4 (CBOR Sequence) (size 407):
	58 20 A2 D1 6A 74 87 CD 74 E8 DF 24 95 E2 71 97 
	53 3E F4 96 40 F8 D9 A7 71 F6 CB 12 F2 32 6F 6A 
	47 0F A1 18 22 82 2E 48 EE C7 3F CB B0 16 26 76 
	58 40 DB C7 9E F0 4E 5F 9A 35 2C 03 BB 95 3C AA 
	70 1E AA A6 7B 55 0A 4D 7D 94 DC EA 6C D4 B4 3B 
	5D 8A CF 96 D7 7F 67 C0 CD B7 2C 92 62 20 44 83 
	07 92 5E 88 0E BE 9A 85 50 6F 17 C2 0C 12 DA ED 
	D2 D0 59 01 22 30 82 01 1E 30 81 C5 A0 03 02 01 
	02 02 04 62 32 EF 6F 30 0A 06 08 2A 86 48 CE 3D 
	04 03 02 30 15 31 13 30 11 06 03 55 04 03 0C 0A 
	45 44 48 4F 43 20 52 6F 6F 74 30 1E 17 0D 32 32 
	30 33 31 37 30 38 32 31 30 33 5A 17 0D 32 39 31 
	32 33 31 32 33 30 30 30 30 5A 30 1A 31 18 30 16 
	06 03 55 04 03 0C 0F 45 44 48 4F 43 20 49 6E 69 
	74 69 61 74 6F 72 30 59 30 13 06 07 2A 86 48 CE 
	3D 02 01 06 08 2A 86 48 CE 3D 03 01 07 03 42 00 
	04 AC 75 E9 EC E3 E5 0B FC 8E D6 03 99 88 95 22 
	40 5C 47 BF 16 DF 96 66 0A 41 29 8C B4 30 7F 7E 
	B6 6E 5D E6 11 38 8A 4B 8A 82 11 33 4A C7 D3 7E 
	CB 52 A3 87 D2 57 E6 DB 3C 2A 93 DF 21 FF 3A FF 
	C8 30 0A 06 08 2A 86 48 CE 3D 04 03 02 03 48 00 
	30 45 02 21 00 8C 32 3A 1F 33 21 38 AA B9 D0 BE 
	AF B8 5F 8D 5A 44 07 3C 58 0F 59 5B C5 21 EF 91 
	3F 6E F4 8D 11 02 20 6C 0A F1 A1 85 A4 E4 DE 06 
	35 36 99 23 1C 73 3A 6E 8D D2 DF 65 13 96 6C 91 
	30 15 2A 07 A2 BE DE 
TH34 (size 32):
	10 FF C6 6B C9 8E 05 B7 A7 11 4B 6E 25 C1 30 E8 
	2C 79 63 1F 06 3E 89 FA DA 90 30 59 8C E8 6B 01 
PRK_out (size 32):
	0F 53 67 19 AB 4D DB 20 C1 52 01 D5 C1 AB 05 02 
	70 3C 6F 3D 08 A8 22 18 7B F2 9C 58 1E 75 6C D5 
prk_exporter (size 32):
	DB 35 33 9F 2E 22 B9 0C E3 55 AA 05 DA 04 4E 30 
	73 83 22 16 8D 4D E0 D9 E3 75 C5 3F 0E 0D FE 9C 
OSCORE Master Secret (size 1