IPv4 server with address 0.0.0.0 started!
test vector number: 2
INITIATOR SUIT kem: 1, signature -7
responder pk size: 65 
responder sk size: 32 
Responder ready to receive EDHOC DH request
seed (size 4):
	A1 AA A5 BA 
public ephemeral key (size 32):
	68 E7 F7 3D AA 98 59 C2 62 72 C7 FA 91 73 84 5B 
	50 BF BE A1 5C 6A 08 FC CE C9 C0 39 C9 38 AB FF 
secret ephemeral key (size 32):
	63 2A 27 69 5E F3 8B 85 8E E8 87 AA 1E 5F 3C 23 
	07 1A AC C5 1E E8 B7 64 89 01 2B DB 54 C2 C3 C3 
Responder ready to Receive EDHOC PQ request 
__________________
PDU was constructed from buffer of 64 bytes
PDU is 64 bytes long
CoAP Version: 1
Message Type: Confirmable
Token length: 4
Code: 0.02 POST
Message ID: 0
Token of 4 bytes.
   Value: 0x01000000 
2 options:
OPTION (1/2)
   Option number (delta): 11 (11)
   Name: URI_PATH
   Value length: 11
   Value: ".well-known"
OPTION (2/2)
   Option number (delta): 11 (0)
   Name: URI_PATH
   Value length: 5
   Value: "edhoc"
Payload of 37 bytes
   Value: "\00\02X \8a\f6\f40\eb\e1\8d4\18@\17\a9\a1\1b\f5\11\c8\df\f8\f84s\0b\96\c1\b7\c8\db\ca/\c3\b67"
__________________
CoAP message (size 37):
	00 02 58 20 8A F6 F4 30 EB E1 8D 34 18 40 17 A9 
	A1 1B F5 11 C8 DF F8 F8 34 73 0B 96 C1 B7 C8 DB 
	CA 2F C3 B6 37 
message_1 (CBOR Sequence) (size 37):
	00 02 58 20 8A F6 F4 30 EB E1 8D 34 18 40 17 A9 
	A1 1B F5 11 C8 DF F8 F8 34 73 0B 96 C1 B7 C8 DB 
	CA 2F C3 B6 37 
msg1  (size 37):
	00 02 58 20 8A F6 F4 30 EB E1 8D 34 18 40 17 A9 
	A1 1B F5 11 C8 DF F8 F8 34 73 0B 96 C1 B7 C8 DB 
	CA 2F C3 B6 37 
msg1 METHOD: 0
msg1 SUITES_I (size 1):
	02 
g_x len 1216
g_x len message 1 32
msg1 G_X (size 32):
	8A F6 F4 30 EB E1 8D 34 18 40 17 A9 A1 1B F5 11 
	C8 DF F8 F8 34 73 0B 96 C1 B7 C8 DB CA 2F C3 B6 
msg1 C_I_raw (size 1):
	E8 
Suite 2 will be used in this EDHOC run.
PQ/T hybrid declare second array
y  (size 32):
	63 2A 27 69 5E F3 8B 85 8E E8 87 AA 1E 5F 3C 23 
	07 1A AC C5 1E E8 B7 64 89 01 2B DB 54 C2 C3 C3 
gx  (size 32):
	8A F6 F4 30 EB E1 8D 34 18 40 17 A9 A1 1B F5 11 
	C8 DF F8 F8 34 73 0B 96 C1 B7 C8 DB CA 2F C3 B6 
SHARED SECRET DERIVE
P256 in DH
pk_decompressed tinycript (size 64):
	8A F6 F4 30 EB E1 8D 34 18 40 17 A9 A1 1B F5 11 
	C8 DF F8 F8 34 73 0B 96 C1 B7 C8 DB CA 2F C3 B6 
	AE 17 50 92 91 24 87 EA FE 52 E2 63 A0 57 40 85 
	5E A8 E9 39 3F 95 A2 FC 7A FC 39 EB 00 7F 36 4C 
G_XY (ECDH shared secret)  (size 32):
	1B EB 37 FE EB 5A 1A 62 23 60 04 72 72 21 77 45 
	EF 58 06 4F 67 95 21 DC D8 83 DF 13 40 EB D3 42 
hash_msg1_raw (size 32):
	C7 93 1F CA 62 16 CA BC B5 A9 AB 7B 17 61 AE 46 
	78 94 6B A4 F6 0B 6D E1 63 14 69 18 2A 4E 67 26 
Input to calculate TH_2 (CBOR Sequence) (size 68):
	58 20 68 E7 F7 3D AA 98 59 C2 62 72 C7 FA 91 73 
	84 5B 50 BF BE A1 5C 6A 08 FC CE C9 C0 39 C9 38 
	AB FF 58 20 C7 93 1F CA 62 16 CA BC B5 A9 AB 7B 
	17 61 AE 46 78 94 6B A4 F6 0B 6D E1 63 14 69 18 
	2A 4E 67 26 
TH2 (size 32):
	51 93 CB 7A 12 40 3C 5C 9C D2 64 7F 91 C8 F1 00 
	3E BE 59 83 0D E9 F1 47 EF BB FF 11 91 82 19 31 
PRK_2e (size 32):
	D9 67 1D ED A9 C1 2B 9F B1 E4 B3 8D 7A 0E B9 34 
	8E 2B 9B B2 8A 32 14 08 C4 48 83 34 9C 64 F3 DD 
prk_3e2m (size 32):
	D9 67 1D ED A9 C1 2B 9F B1 E4 B3 8D 7A 0E B9 34 
	8E 2B 9B B2 8A 32 14 08 C4 48 83 34 9C 64 F3 DD 
Signature len 500 - 64
TMP size: 32
CBOR ENCODE ERROR: 0
MAX ID CRED: 400 cred len 14
MAX CRED: 765 cred len 293
PK SIZE: 65
SIGNATURE SIZE: 500
CONTEXT_MAC_SIZE: 1204
CONTEXT_MAC len: 343
CR len: 2
TH enc len: 34
TMP size: 1
CBOR ENCODE ERROR: 0
MAC context (size 343):
	41 27 A1 18 22 82 2E 48 34 80 F5 FA 01 A8 AB F4 
	58 20 51 93 CB 7A 12 40 3C 5C 9C D2 64 7F 91 C8 
	F1 00 3E BE 59 83 0D E9 F1 47 EF BB FF 11 91 82 
	19 31 59 01 22 30 82 01 1E 30 81 C5 A0 03 02 01 
	02 02 04 61 E9 98 1E 30 0A 06 08 2A 86 48 CE 3D 
	04 03 02 30 15 31 13 30 11 06 03 55 04 03 0C 0A 
	45 44 48 4F 43 20 52 6F 6F 74 30 1E 17 0D 32 32 
	30 31 32 30 31 37 31 33 30 32 5A 17 0D 32 39 31 
	32 33 31 32 33 30 30 30 30 5A 30 1A 31 18 30 16 
	06 03 55 04 03 0C 0F 45 44 48 4F 43 20 52 65 73 
	70 6F 6E 64 65 72 30 59 30 13 06 07 2A 86 48 CE 
	3D 02 01 06 08 2A 86 48 CE 3D 03 01 07 03 42 00 
	04 BB C3 49 60 52 6E A4 D3 2E 94 0C AD 2A 23 41 
	48 DD C2 17 91 A1 2A FB CB AC 93 62 20 46 DD 44 
	F0 45 19 E2 57 23 6B 2A 0C E2 02 3F 09 31 F1 F3 
	86 CA 7A FD A6 4F CD E0 10 8C 22 4C 51 EA BF 60 
	72 30 0A 06 08 2A 86 48 CE 3D 04 03 02 03 48 00 
	30 45 02 20 30 19 4E F5 FC 65 C8 B7 95 CD CD 0B 
	B4 31 BF 83 EE 67 41 C1 37 0C 22 C8 EB 8E E9 ED 
	D2 A7 05 19 02 21 00 B5 83 0E 9C 89 A6 2A C7 3C 
	E1 EB CE 00 61 70 7D B8 A8 8E 23 70 9B 4A CC 58 
	A1 31 3B 13 3D 05 58 
is not DH, 32
MAC 2/3 (size 32):
	5E 6B 61 5F 03 95 81 93 30 F2 50 DA D3 1E 72 0C 
	D9 B5 38 F2 DD 30 33 52 05 AF A3 D5 8F 7E 6C 08 
TMP size: 32
CBOR ENCODE ERROR: 0
Signature or mac size: 64Inside the sign
signature_or_mac (is signature) (size 64):
	77 6E 96 D7 95 AC 98 A1 C5 B1 A8 17 8F E2 F9 00 
	1E 51 24 45 88 FB A6 88 37 21 F6 E5 42 44 E8 A5 
	AF E9 A8 60 AF A8 B0 74 EA 34 E3 F5 E2 91 78 54 
	21 93 D0 D3 0E 9A 4B 4D 4C AD 58 6C CD A2 9B DD 
TMP size: 64
CBOR ENCODE ERROR: 0
kid (size 0):
KEYSTREAM_2 (size 81):
	30 A1 3F A0 5D 67 4C 21 05 87 7B FE 0C 3C 4D 17 
	9E 9B DB 19 23 D9 62 54 B0 20 17 1C AF DE 95 14 
	B1 9F E2 DD 95 85 1A CD F2 8B D7 5E 4D CD B3 9A 
	64 E5 18 FE B8 DC 2D 56 1A 90 0B 41 D0 32 FA FD 
	D6 7B B6 7F 98 9E 4A 7D 2A D4 A7 9D 11 18 0A 04 
	89 
ciphertext_2/3/4 (size 81):
	17 00 27 82 DF 49 04 15 85 72 81 FF A4 97 B9 4F 
	DE EC B5 8F F4 4C CE CC 11 E5 A6 B4 B8 51 77 ED 
	B1 81 B3 F9 D0 0D E1 6B 7A BC F6 A8 A8 8F F7 72 
	C1 4A F1 56 D8 73 85 E6 6E 7A 3F A2 25 D0 6B 85 
	82 5A 25 AF 4B 90 D0 36 67 98 0A C5 7D D5 A8 9F 
	54 
TMP size: 113
CBOR ENCODE ERROR: 0
message_2 (CBOR Sequence) (size 115):
	58 71 68 E7 F7 3D AA 98 59 C2 62 72 C7 FA 91 73 
	84 5B 50 BF BE A1 5C 6A 08 FC CE C9 C0 39 C9 38 
	AB FF 17 00 27 82 DF 49 04 15 85 72 81 FF A4 97 
	B9 4F DE EC B5 8F F4 4C CE CC 11 E5 A6 B4 B8 51 
	77 ED B1 81 B3 F9 D0 0D E1 6B 7A BC F6 A8 A8 8F 
	F7 72 C1 4A F1 56 D8 73 85 E6 6E 7A 3F A2 25 D0 
	6B 85 82 5A 25 AF 4B 90 D0 36 67 98 0A C5 7D D5 
	A8 9F 54 
th23 (size 32):
	51 93 CB 7A 12 40 3C 5C 9C D2 64 7F 91 C8 F1 00 
	3E BE 59 83 0D E9 F1 47 EF BB FF 11 91 82 19 31 
plaintext_23 (size 81):
	27 A1 18 22 82 2E 48 34 80 F5 FA 01 A8 AB F4 58 
	40 77 6E 96 D7 95 AC 98 A1 C5 B1 A8 17 8F E2 F9 
	00 1E 51 24 45 88 FB A6 88 37 21 F6 E5 42 44 E8 
	A5 AF E9 A8 60 AF A8 B0 74 EA 34 E3 F5 E2 91 78 
	54 21 93 D0 D3 0E 9A 4B 4D 4C AD 58 6C CD A2 9B 
	DD 
cred (size 293):
	59 01 22 30 82 01 1E 30 81 C5 A0 03 02 01 02 02 
	04 61 E9 98 1E 30 0A 06 08 2A 86 48 CE 3D 04 03 
	02 30 15 31 13 30 11 06 03 55 04 03 0C 0A 45 44 
	48 4F 43 20 52 6F 6F 74 30 1E 17 0D 32 32 30 31 
	32 30 31 37 31 33 30 32 5A 17 0D 32 39 31 32 33 
	31 32 33 30 30 30 30 5A 30 1A 31 18 30 16 06 03 
	55 04 03 0C 0F 45 44 48 4F 43 20 52 65 73 70 6F 
	6E 64 65 72 30 59 30 13 06 07 2A 86 48 CE 3D 02 
	01 06 08 2A 86 48 CE 3D 03 01 07 03 42 00 04 BB 
	C3 49 60 52 6E A4 D3 2E 94 0C AD 2A 23 41 48 DD 
	C2 17 91 A1 2A FB CB AC 93 62 20 46 DD 44 F0 45 
	19 E2 57 23 6B 2A 0C E2 02 3F 09 31 F1 F3 86 CA 
	7A FD A6 4F CD E0 10 8C 22 4C 51 EA BF 60 72 30 
	0A 06 08 2A 86 48 CE 3D 04 03 02 03 48 00 30 45 
	02 20 30 19 4E F5 FC 65 C8 B7 95 CD CD 0B B4 31 
	BF 83 EE 67 41 C1 37 0C 22 C8 EB 8E E9 ED D2 A7 
	05 19 02 21 00 B5 83 0E 9C 89 A6 2A C7 3C E1 EB 
	CE 00 61 70 7D B8 A8 8E 23 70 9B 4A CC 58 A1 31 
	3B 13 3D 05 58 
TMP size: 32
CBOR ENCODE ERROR: 0
Encoded
memcopy1
memcopy2
Input to calculate TH_3/TH_4 (CBOR Sequence) (size 408):
	58 20 51 93 CB 7A 12 40 3C 5C 9C D2 64 7F 91 C8 
	F1 00 3E BE 59 83 0D E9 F1 47 EF BB FF 11 91 82 
	19 31 27 A1 18 22 82 2E 48 34 80 F5 FA 01 A8 AB 
	F4 58 40 77 6E 96 D7 95 AC 98 A1 C5 B1 A8 17 8F 
	E2 F9 00 1E 51 24 45 88 FB A6 88 37 21 F6 E5 42 
	44 E8 A5 AF E9 A8 60 AF A8 B0 74 EA 34 E3 F5 E2 
	91 78 54 21 93 D0 D3 0E 9A 4B 4D 4C AD 58 6C CD 
	A2 9B DD 59 01 22 30 82 01 1E 30 81 C5 A0 03 02 
	01 02 02 04 61 E9 98 1E 30 0A 06 08 2A 86 48 CE 
	3D 04 03 02 30 15 31 13 30 11 06 03 55 04 03 0C 
	0A 45 44 48 4F 43 20 52 6F 6F 74 30 1E 17 0D 32 
	32 30 31 32 30 31 37 31 33 30 32 5A 17 0D 32 39 
	31 32 33 31 32 33 30 30 30 30 5A 30 1A 31 18 30 
	16 06 03 55 04 03 0C 0F 45 44 48 4F 43 20 52 65 
	73 70 6F 6E 64 65 72 30 59 30 13 06 07 2A 86 48 
	CE 3D 02 01 06 08 2A 86 48 CE 3D 03 01 07 03 42 
	00 04 BB C3 49 60 52 6E A4 D3 2E 94 0C AD 2A 23 
	41 48 DD C2 17 91 A1 2A FB CB AC 93 62 20 46 DD 
	44 F0 45 19 E2 57 23 6B 2A 0C E2 02 3F 09 31 F1 
	F3 86 CA 7A FD A6 4F CD E0 10 8C 22 4C 51 EA BF 
	60 72 30 0A 06 08 2A 86 48 CE 3D 04 03 02 03 48 
	00 30 45 02 20 30 19 4E F5 FC 65 C8 B7 95 CD CD 
	0B B4 31 BF 83 EE 67 41 C1 37 0C 22 C8 EB 8E E9 
	ED D2 A7 05 19 02 21 00 B5 83 0E 9C 89 A6 2A C7 
	3C E1 EB CE 00 61 70 7D B8 A8 8E 23 70 9B 4A CC 
	58 A1 31 3B 13 3D 05 58 
TH34 (size 32):
	B2 A8 50 82 53 B5 71 62 5A 4A C7 0E 60 88 10 A3 
	FD D6 EF 8D 77 D0 08 52 75 F3 4B AE E7 63 13 5B 
msg2 generated
msg2 (size 115):
	58 71 68 E7 F7 3D AA 98 59 C2 62 72 C7 FA 91 73 
	84 5B 50 BF BE A1 5C 6A 08 FC CE C9 C0 39 C9 38 
	AB FF 17 00 27 82 DF 49 04 15 85 72 81 FF A4 97 
	B9 4F DE EC B5 8F F4 4C CE CC 11 E5 A6 B4 B8 51 
	77 ED B1 81 B3 F9 D0 0D E1 6B 7A BC F6 A8 A8 8F 
	F7 72 C1 4A F1 56 D8 73 85 E6 6E 7A 3F A2 25 D0 
	6B 85 82 5A 25 AF 4B 90 D0 36 67 98 0A C5 7D D5 
	A8 9F 54 
ead prcessed
CoAP reply sent!
mesage tx
waiting to receive
__________________
PDU was constructed from buffer of 117 bytes
PDU is 117 bytes long
CoAP Version: 1
Message Type: Confirmable
Token length: 4
Code: 0.02 POST
Message ID: 1
Token of 4 bytes.
   Value: 0x02000000 
2 options:
OPTION (1/2)
   Option number (delta): 11 (11)
   Name: URI_PATH
   Value length: 11
   Value: ".well-known"
OPTION (2/2)
   Option number (delta): 11 (0)
   Name: URI_PATH
   Value length: 5
   Value: "edhoc"
Payload of 90 bytes
   Value: "XX\c0(\a7\8d\e8\da\08x\ff\fb/\a4\83\fat\ac\83S\9f\e2\e5\bcq'\06"\b9\b8\c5W}Kn\9b\96|=38\dc2p#wq\da\ed\970n{\f3\81k\ef\da\0bA{\d6\ac\01\12\ff\0d\18c\bc\ad\d6\b4Px\88&\b3Ea\e5M7\98"}l'\e9\ed"
__________________
CoAP message (size 90):
	58 58 C0 28 A7 8D E8 DA 08 78 FF FB 2F A4 83 FA 
	74 AC 83 53 9F E2 E5 BC 71 27 06 22 B9 B8 C5 57 
	7D 4B 6E 9B 96 7C 3D 33 38 DC 32 70 23 77 71 DA 
	ED 97 30 6E 7B F3 81 6B EF DA 0B 41 7B D6 AC 01 
	12 FF 0D 18 63 BC AD D6 B4 50 78 88 26 B3 45 61 
	E5 4D 37 98 22 7D 6C 27 E9 ED 
received
CIPHERTEXT_3 (size 88):
	C0 28 A7 8D E8 DA 08 78 FF FB 2F A4 83 FA 74 AC 
	83 53 9F E2 E5 BC 71 27 06 22 B9 B8 C5 57 7D 4B 
	6E 9B 96 7C 3D 33 38 DC 32 70 23 77 71 DA ED 97 
	30 6E 7B F3 81 6B EF DA 0B 41 7B D6 AC 01 12 FF 
	0D 18 63 BC AD D6 B4 50 78 88 26 B3 45 61 E5 4D 
	37 98 22 7D 6C 27 E9 ED 
PLAINTEXT3_SIZE: 903
ctxt3.len: 88
K_3 (size 16):
	0B FD 0E D4 05 67 E4 62 6E 22 D2 72 6A A0 04 E3 
IV_3 (size 13):
	C0 7F 78 27 CE BD 4D 82 4E B4 EF 3B FD 
associated_data (size 45):
	83 68 45 6E 63 72 79 70 74 30 40 58 20 B2 A8 50 
	82 53 B5 71 62 5A 4A C7 0E 60 88 10 A3 FD D6 EF 
	8D 77 D0 08 52 75 F3 4B AE E7 63 13 5B 
plaintext (size 80):
	A1 18 22 82 2E 48 EE C7 3F CB B0 16 26 76 58 40 
	E2 83 C2 3E 4D A1 B5 9B 48 14 62 F3 61 95 C1 6C 
	92 F2 55 93 DB 0B A1 15 F0 18 81 49 9F DE 10 5A 
	59 CE 1A 05 BB 9E D5 2B 71 E3 D9 7E 63 CD B5 5C 
	B4 89 AF 4B E0 23 62 BE 31 C4 2E BF 80 A8 11 26 
ID_CRED (size 14):
	A1 18 22 82 2E 48 EE C7 3F CB B0 16 26 76 
sign_or_mac (size 64):
	E2 83 C2 3E 4D A1 B5 9B 48 14 62 F3 61 95 C1 6C 
	92 F2 55 93 DB 0B A1 15 F0 18 81 49 9F DE 10 5A 
	59 CE 1A 05 BB 9E D5 2B 71 E3 D9 7E 63 CD B5 5C 
	B4 89 AF 4B E0 23 62 BE 31 C4 2E BF 80 A8 11 26 
[cred] lookup ID_CRED len=14
A11822822E48EEC73FCBB0162676
[cred] cred_array entries: 1
[cred] candidate[0] len=14 A11822822E48EEC73FCBB0162676
prk_4e3m (size 32):
	D9 67 1D ED A9 C1 2B 9F B1 E4 B3 8D 7A 0E B9 34 
	8E 2B 9B B2 8A 32 14 08 C4 48 83 34 9C 64 F3 DD 
TMP size: 32
CBOR ENCODE ERROR: 0
MAX ID CRED: 400 cred len 14
MAX CRED: 765 cred len 293
PK SIZE: 65
SIGNATURE SIZE: 500
CONTEXT_MAC_SIZE: 1204
CONTEXT_MAC len: 342
CR len: 1
TH enc len: 34
MAC context (size 341):
	A1 18 22 82 2E 48 EE C7 3F CB B0 16 26 76 58 20 
	B2 A8 50 82 53 B5 71 62 5A 4A C7 0E 60 88 10 A3 
	FD D6 EF 8D 77 D0 08 52 75 F3 4B AE E7 63 13 5B 
	59 01 22 30 82 01 1E 30 81 C5 A0 03 02 01 02 02 
	04 62 32 EF 6F 30 0A 06 08 2A 86 48 CE 3D 04 03 
	02 30 15 31 13 30 11 06 03 55 04 03 0C 0A 45 44 
	48 4F 43 20 52 6F 6F 74 30 1E 17 0D 32 32 30 33 
	31 37 30 38 32 31 30 33 5A 17 0D 32 39 31 32 33 
	31 32 33 30 30 30 30 5A 30 1A 31 18 30 16 06 03 
	55 04 03 0C 0F 45 44 48 4F 43 20 49 6E 69 74 69 
	61 74 6F 72 30 59 30 13 06 07 2A 86 48 CE 3D 02 
	01 06 08 2A 86 48 CE 3D 03 01 07 03 42 00 04 AC 
	75 E9 EC E3 E5 0B FC 8E D6 03 99 88 95 22 40 5C 
	47 BF 16 DF 96 66 0A 41 29 8C B4 30 7F 7E B6 6E 
	5D E6 11 38 8A 4B 8A 82 11 33 4A C7 D3 7E CB 52 
	A3 87 D2 57 E6 DB 3C 2A 93 DF 21 FF 3A FF C8 30 
	0A 06 08 2A 86 48 CE 3D 04 03 02 03 48 00 30 45 
	02 21 00 8C 32 3A 1F 33 21 38 AA B9 D0 BE AF B8 
	5F 8D 5A 44 07 3C 58 0F 59 5B C5 21 EF 91 3F 6E 
	F4 8D 11 02 20 6C 0A F1 A1 85 A4 E4 DE 06 35 36 
	99 23 1C 73 3A 6E 8D D2 DF 65 13 96 6C 91 30 15 
	2A 07 A2 BE DE 
is not DH, 32
MAC 2/3 (size 32):
	C3 9F 48 3C 06 41 5F 6B 49 F9 6B 94 37 FD 67 48 
	0A 39 C2 2B C9 4C 1E 66 2C 7A 0C DC 71 3D B4 31 
TMP size: 32
CBOR ENCODE ERROR: 0
Signature or MAC verification successful!
th23 (size 32):
	B2 A8 50 82 53 B5 71 62 5A 4A C7 0E 60 88 10 A3 
	FD D6 EF 8D 77 D0 08 52 75 F3 4B AE E7 63 13 5B 
plaintext_23 (size 80):
	A1 18 22 82 2E 48 EE C7 3F CB B0 16 26 76 58 40 
	E2 83 C2 3E 4D A1 B5 9B 48 14 62 F3 61 95 C1 6C 
	92 F2 55 93 DB 0B A1 15 F0 18 81 49 9F DE 10 5A 
	59 CE 1A 05 BB 9E D5 2B 71 E3 D9 7E 63 CD B5 5C 
	B4 89 AF 4B E0 23 62 BE 31 C4 2E BF 80 A8 11 26 
cred (size 293):
	59 01 22 30 82 01 1E 30 81 C5 A0 03 02 01 02 02 
	04 62 32 EF 6F 30 0A 06 08 2A 86 48 CE 3D 04 03 
	02 30 15 31 13 30 11 06 03 55 04 03 0C 0A 45 44 
	48 4F 43 20 52 6F 6F 74 30 1E 17 0D 32 32 30 33 
	31 37 30 38 32 31 30 33 5A 17 0D 32 39 31 32 33 
	31 32 33 30 30 30 30 5A 30 1A 31 18 30 16 06 03 
	55 04 03 0C 0F 45 44 48 4F 43 20 49 6E 69 74 69 
	61 74 6F 72 30 59 30 13 06 07 2A 86 48 CE 3D 02 
	01 06 08 2A 86 48 CE 3D 03 01 07 03 42 00 04 AC 
	75 E9 EC E3 E5 0B FC 8E D6 03 99 88 95 22 40 5C 
	47 BF 16 DF 96 66 0A 41 29 8C B4 30 7F 7E B6 6E 
	5D E6 11 38 8A 4B 8A 82 11 33 4A C7 D3 7E CB 52 
	A3 87 D2 57 E6 DB 3C 2A 93 DF 21 FF 3A FF C8 30 
	0A 06 08 2A 86 48 CE 3D 04 03 02 03 48 00 30 45 
	02 21 00 8C 32 3A 1F 33 21 38 AA B9 D0 BE AF B8 
	5F 8D 5A 44 07 3C 58 0F 59 5B C5 21 EF 91 3F 6E 
	F4 8D 11 02 20 6C 0A F1 A1 85 A4 E4 DE 06 35 36 
	99 23 1C 73 3A 6E 8D D2 DF 65 13 96 6C 91 30 15 
	2A 07 A2 BE DE 
TMP size: 32
CBOR ENCODE ERROR: 0
Encoded
memcopy1
memcopy2
Input to calculate TH_3/TH_4 (CBOR Sequence) (size 407):
	58 20 B2 A8 50 82 53 B5 71 62 5A 4A C7 0E 60 88 
	10 A3 FD D6 EF 8D 77 D0 08 52 75 F3 4B AE E7 63 
	13 5B A1 18 22 82 2E 48 EE C7 3F CB B0 16 26 76 
	58 40 E2 83 C2 3E 4D A1 B5 9B 48 14 62 F3 61 95 
	C1 6C 92 F2 55 93 DB 0B A1 15 F0 18 81 49 9F DE 
	10 5A 59 CE 1A 05 BB 9E D5 2B 71 E3 D9 7E 63 CD 
	B5 5C B4 89 AF 4B E0 23 62 BE 31 C4 2E BF 80 A8 
	11 26 59 01 22 30 82 01 1E 30 81 C5 A0 03 02 01 
	02 02 04 62 32 EF 6F 30 0A 06 08 2A 86 48 CE 3D 
	04 03 02 30 15 31 13 30 11 06 03 55 04 03 0C 0A 
	45 44 48 4F 43 20 52 6F 6F 74 30 1E 17 0D 32 32 
	30 33 31 37 30 38 32 31 30 33 5A 17 0D 32 39 31 
	32 33 31 32 33 30 30 30 30 5A 30 1A 31 18 30 16 
	06 03 55 04 03 0C 0F 45 44 48 4F 43 20 49 6E 69 
	74 69 61 74 6F 72 30 59 30 13 06 07 2A 86 48 CE 
	3D 02 01 06 08 2A 86 48 CE 3D 03 01 07 03 42 00 
	04 AC 75 E9 EC E3 E5 0B FC 8E D6 03 99 88 95 22 
	40 5C 47 BF 16 DF 96 66 0A 41 29 8C B4 30 7F 7E 
	B6 6E 5D E6 11 38 8A 4B 8A 82 11 33 4A C7 D3 7E 
	CB 52 A3 87 D2 57 E6 DB 3C 2A 93 DF 21 FF 3A FF 
	C8 30 0A 06 08 2A 86 48 CE 3D 04 03 02 03 48 00 
	30 45 02 21 00 8C 32 3A 1F 33 21 38 AA B9 D0 BE 
	AF B8 5F 8D 5A 44 07 3C 58 0F 59 5B C5 21 EF 91 
	3F 6E F4 8D 11 02 20 6C 0A F1 A1 85 A4 E4 DE 06 
	35 36 99 23 1C 73 3A 6E 8D D2 DF 65 13 96 6C 91 
	30 15 2A 07 A2 BE DE 
TH34 (size 32):
	A4 DA 19 2A D8 01 A7 0F BA 21 63 E3 F2 43 65 F3 
	CA A5 C0 F4 7C 92 F6 0A F3 D2 11 B1 1B C5 C8 19 
PRK_out (size 32):
	34 C4 76 A8 4A 8D CC C4 2E BA 8B 18 B9 AF 29 7A 
	21 F0 81 6E C2 2D FC 31 82 0F 30 65 83 7B 0F 2D 
prk_exporter (size 32):
	B1 71 EB 51 E9 D9 FB 4A C3 3A A2 A1 33 E3 4D 65 
	F7 12 A4 95 53 47 81 BC 9C 2A 1C EF EB EE 5B C6 
OSCORE Master Secret (size 16):
	21 45 01 8F