[init] get_suite
[init] suite ready
[init] static DH keygen
[init] static responder pk
[init] ephemeral DH keygen
[init] ephemeral KEM keygen alg -67
IPv4 client to connect to server with address 127.0.0.1 started!
[init] socket ready
[init] starting edhoc_initiator_run
MSG1 gx (size 1216):
	FB B4 6F DD 17 E8 B7 0E C5 98 DE CB B6 C8 4A 15 
	29 B0 DF CF 9E DE D9 C5 F8 D3 BF 64 F5 52 D2 10 
	87 07 21 16 8A 89 1C 1C 88 AB 3B CD 93 F5 9A 10 
	7B 53 53 C0 BB 88 60 A8 10 CA 12 B0 5C 8E 0B 02 
	A7 9A 44 5D 10 F6 30 5B 08 2A 93 C3 25 5E C2 36 
	F7 D8 54 AE 5A 80 0D 09 85 8C A8 96 BC 66 BD 33 
	A7 75 A9 86 CB 03 40 7E B6 D8 52 A3 94 14 32 E9 
	32 7B 49 1B 29 A5 93 42 F6 63 F6 17 94 66 86 BE 
	18 5A B2 0F 23 25 83 B0 4B E6 A8 5A 90 58 7C F8 
	91 2B 17 79 C3 9B A8 49 52 8C B8 9B 7C 09 AA 1B 
	4F 2D 36 77 CA 56 15 C9 97 A5 E4 D6 C0 24 88 77 
	0B 29 97 B3 77 AE C2 41 CF 88 61 8A A9 F1 4A 7F 
	E2 48 1E D5 58 9D 7C C3 9C 09 30 6F 48 B3 10 F6 
	C8 3E B2 70 BE 33 96 C3 D0 29 76 B1 4E 60 0B 91 
	80 0B 7B 0A F6 8A B2 45 B0 21 E9 3E 97 5B 11 9E 
	D1 72 E6 BA 06 72 DB 2D 59 97 B5 16 B1 6A E7 4A 
	C3 3E A8 9C 2F 3C 14 2B 26 78 CE 43 98 31 D8 03 
	12 26 09 22 43 2A 39 CC 83 D9 08 7B 8A CA 01 26 
	11 77 D6 42 55 0E 5C AC 9F 08 74 FA E9 90 42 82 
	4B F1 AB AA 18 B8 6F A1 36 17 A2 A6 3A 3D 73 98 
	A7 87 4A 09 6C 48 A6 1C 76 D0 A5 BD 71 4C 69 C4 
	00 1D 00 79 0F BB CC CD 03 68 B7 95 B5 66 97 5C 
	9B 14 26 76 BF 77 32 C4 E4 4B BD 71 15 98 C4 36 
	D5 00 48 05 28 AB 73 D1 63 CF 51 34 D0 59 19 1B 
	02 2A D0 1B 64 C6 E8 2A 81 5B 66 0B 84 3F 8B BA 
	6A 3F 0B 1D 9E 9A 39 82 3A 99 1D 02 5D 08 B2 3A 
	0A 0C C8 99 CC 53 A1 8C 10 74 FB A4 47 89 A8 29 
	34 18 4B 41 B0 35 82 19 6B 28 BF 7B D6 53 DC B6 
	C5 B5 1A 12 12 C2 6D E6 8A 7D 99 3B 49 20 6A 2E 
	50 D0 AF 09 E9 37 10 62 A3 5A E2 62 50 93 6B 0C 
	7A 19 A1 2C 78 6F 05 35 99 F1 BB EA BC 3D E5 C0 
	0F F6 3A 5E B8 40 91 04 84 69 DF 75 8F 29 E6 89 
	30 52 7A 63 07 A7 CA A6 05 E8 48 B3 32 E7 35 CC 
	E9 A8 2C 24 72 B3 31 93 5C A9 C7 67 73 01 27 03 
	49 0B D5 CD 77 C4 44 A2 4C 0C 5F 5C 70 2F 4A 09 
	3F 36 6A 5C 14 8C 8E E5 08 4D 2A 47 58 83 3F F3 
	23 1C 5B 44 26 45 B7 57 50 CA B2 48 C7 44 EE E8 
	99 D9 65 24 37 F8 07 94 B6 0A 57 F7 2E 5C A4 31 
	92 D9 18 CE 72 0D A9 91 57 7B 9C B1 08 12 2C 5E 
	B9 BD 8A C7 68 60 D2 98 71 EA 92 7F 45 BF 55 75 
	21 CA 73 1D 77 A9 66 E8 F3 B5 1A A1 71 4B 51 10 
	21 DB 3A 48 B7 31 19 B8 47 0B 23 A5 23 26 79 E3 
	98 32 52 42 3E C3 C2 76 B6 D0 AF FD F5 2E 63 AA 
	00 C4 88 1D 1E 55 B8 4A 59 03 CB 07 50 50 5B 05 
	ED 4B 71 91 C4 A2 0C 92 BA 9F 16 8C 50 30 1B 83 
	D3 14 1B E6 30 C4 35 2C B1 8B 73 55 17 82 74 33 
	49 51 23 8B 6E 0A 58 64 05 C1 C3 23 17 CE 3C 12 
	BB 2B 45 F5 46 9E D8 65 A5 E9 DA B9 30 0A 4A E4 
	79 2A E9 01 07 F0 08 74 62 63 36 E0 32 53 5E 11 
	64 7F F2 6C 6B B4 67 30 59 AB D6 07 8B AB B6 AD 
	90 AA 7D BF 9B 0A D6 83 8A 68 B9 80 FB 62 76 70 
	80 30 C2 74 04 D4 87 53 C7 58 20 45 00 7F BB BB 
	33 9C A1 84 FA 20 2E 40 E1 B0 70 78 2D 14 F9 A5 
	26 79 BA C7 F1 37 6C 2C 66 90 BC 5D 26 7C 25 ED 
	B6 9F 5D 14 C1 74 16 2C 34 B9 52 80 17 6D 02 4C 
	AB D4 65 27 7B C2 5B 3E 15 4E 94 E1 BB B2 F4 A4 
	83 32 20 7B D1 3F FF 79 1C 6E 7B 7D 09 E0 5A 89 
	AB A0 50 51 BF E4 5B 47 38 F7 6D A2 02 6D DD B3 
	5F AE E5 BE CC 0B 0B F3 22 05 BB A3 8F C4 F0 3F 
	A1 54 5A 01 FA A2 D5 55 13 9C 4B 17 F6 B6 B5 70 
	F8 03 2E A5 95 15 54 C2 E7 5A 90 3F 36 00 CD AA 
	31 65 A7 6A F6 14 7B F0 23 37 6C C3 0B 19 35 8E 
	6A 16 10 C9 5A A7 96 17 1F 72 72 98 13 E1 B8 2C 
	07 08 25 F8 AB 45 A8 C8 CF 25 24 C8 0B B3 89 58 
	C4 CF AC 9F A0 88 C1 24 E6 82 BB DB 3A 1B 5A 33 
	00 AD A5 EF 4A A0 23 DA C2 F5 DB 82 A5 0A B1 23 
	5A 24 0D 5A 34 56 4B 01 42 37 AA 60 81 C1 BE 11 
	82 58 64 B7 A0 DA 5D 20 6A 83 17 D5 79 D0 89 89 
	B4 AA AA A4 68 6C FA 59 B0 40 89 A4 77 E9 1A 40 
	BA 10 73 F9 93 A0 E3 54 47 56 6A DF F9 B3 00 33 
	59 F1 D8 7A 44 0B 16 79 63 45 C6 E2 C9 90 F9 2D 
	89 E6 92 49 B5 10 1A B1 40 C5 3A 08 A5 D1 7E D0 
	50 56 23 3C 6F 91 8C AC 3B 66 A3 94 73 07 55 84 
	A3 A1 D4 52 2E 90 47 54 9C 66 0E EA 03 0B 34 87 
	6C 65 95 F8 D4 21 C5 30 7E C5 D8 F3 D7 DC 0A 22 
	01 DD FC 26 AD 62 8B 6D C7 9B 09 0E 5D 09 2C A0 
X (eph -rpivate I) (size 2432):
	30 8A EE 3F ED 8C 9D 04 0D 35 A7 FC 1F A7 76 FB 
	31 30 38 33 AA 2D E8 85 35 4D DF 3D 44 D8 FB 69 
	B3 9B 04 16 76 1B D8 08 9B BB 18 05 83 0B 7E CC 
	9B 44 38 56 60 CA EB CF A5 05 71 CC 43 C1 14 10 
	46 B5 40 C0 1E FC 21 26 36 AB A9 A0 41 F5 80 16 
	6D C1 44 97 24 0E E1 CB 57 B3 80 B6 51 BC 15 B8 
	05 34 33 C1 05 66 92 CD 86 A2 58 69 93 59 DE 5C 
	0E 2D 00 87 79 FA 2C DE 2C B4 67 5B B1 DC D4 9E 
	A9 1B 16 62 22 00 04 F9 41 83 E6 8A 39 36 17 01 
	60 6E BD F4 85 D3 49 35 5F A0 76 CF 46 CC 69 DC 
	4E 06 87 78 ED 50 46 BC 41 29 9A E2 C0 1C 53 30 
	47 B0 7C BE 61 BA F9 89 27 7B 58 6E 16 F7 A8 FD 
	14 02 B8 55 8E 2F 62 9C 22 42 51 A4 99 40 E9 9B 
	7C 77 D2 15 6F 51 83 29 12 72 1D BA 91 20 E6 A7 
	86 38 88 4F A2 5F B9 B5 9E 1E 75 99 09 05 20 AD 
	F2 91 FE 4A 07 61 05 CC F7 D4 55 EB 62 2F 9F BC 
	A1 FF 57 86 C8 61 B4 3D 87 15 29 85 70 DF 88 3F 
	CC A7 18 54 B4 89 4D 72 38 70 71 5D 01 D5 A9 F1 
	44 BA E3 13 5C 17 31 87 6C 6B 35 97 0C 4A 98 25 
	7D 9C 0A 97 A6 F2 AD F2 39 07 F5 3C 36 55 89 01 
	C3 F3 83 2F 20 74 BA 13 24 9C F0 08 55 47 6D 13 
	34 2A 8E A6 70 12 57 77 F3 F3 C4 02 2A 78 E8 2B 
	88 0B CA 02 27 C5 9D D0 34 AD 6B FB 81 8D B6 48 
	79 50 25 3B 2B 35 7B 62 1F 73 68 29 7E 97 39 F3 
	AB 1F 13 73 7D 2B D8 22 21 2B 86 4D D5 4D 26 7B 
	49 AC 26 B5 7A C2 22 42 41 4C 17 F1 5C A4 FA 9E 
	53 F6 1B FE 46 4D AF 45 4C 26 52 43 D3 F9 B9 CE 
	21 68 01 C4 CF CD 2C 01 4B DB 1C 1C E6 A1 A1 20 
	0A EB 66 41 B4 60 76 21 58 66 9D 89 48 09 0B 13 
	AD DB A9 50 B6 39 47 A1 A6 8A 96 64 E1 18 BA 8D 
	7C 0A BC 64 83 88 FA 95 A5 92 16 44 A8 18 F4 95 
	42 65 36 37 87 75 6A 5D B4 1A 76 E7 7A 68 60 8C 
	EE 48 3A 2F 71 93 C9 68 B2 6E 00 A3 51 1A 40 45 
	D4 8E 82 F2 2C 9E 55 92 91 F9 8C 69 98 0B 93 EB 
	84 1A B5 BD 80 28 08 5B 5C 25 E0 21 51 9F 50 71 
	12 21 29 7B 62 AF 2B 6C 64 BF 38 B3 41 E4 89 99 
	B9 5B F0 81 43 33 13 2C AF 46 33 AE A6 BE 70 59 
	91 58 45 04 51 8A 76 CA 6B 79 0B 82 02 F0 F9 C4 
	22 65 80 52 2B 06 5F 33 A6 7E F1 C0 1E A1 07 40 
	42 30 CD 11 13 F6 B3 8E 03 A3 8A F3 2A BC F5 D0 
	5A A4 DA 42 BA 73 2B D9 B4 33 B6 2A 4B A3 FB A2 
	F8 D7 6C 20 48 B1 13 79 6D 37 70 1B 5D 1C 78 32 
	45 52 69 83 1A 2C F2 B9 62 E4 70 DA A2 21 22 C5 
	48 C2 29 6F 1F 02 8F A5 15 91 88 78 12 90 13 50 
	82 61 CF 1B DA A3 C9 49 7B 5D 0A 05 74 58 CF D4 
	79 4B 39 05 65 04 62 1B D3 53 40 D0 BC A2 47 E4 
	BB D8 20 5C 54 D7 C0 62 4B C8 E0 35 9C B7 17 52 
	1F 13 1B BA 23 0E 01 F8 2D BF 20 3D E6 B6 B1 18 
	E9 C3 7E 14 0E E7 A0 C5 C2 51 90 FD E3 6C 69 93 
	0B 33 07 BA 15 0C 7B 5E 69 46 45 B3 C4 A6 50 01 
	75 FB C1 0F E7 20 44 12 34 1F 5C A5 2E 17 B4 83 
	5C 8F 1F 90 C6 6C 85 0D 03 6A 10 C0 B3 76 FB B9 
	11 54 21 CE 16 D6 82 AA 55 87 81 EA CF 6A 43 7A 
	2E CC 38 48 A8 A0 F8 5A 62 84 35 87 81 74 1B A8 
	35 9B 92 2B 4F CD E8 81 F8 60 55 3A 47 3E 74 24 
	96 6F DC A1 F1 F2 19 A9 F6 75 97 4B 32 2A A1 43 
	EC 45 6E E9 B9 28 51 A1 C8 53 B2 C9 F4 75 27 D7 
	76 09 FD 57 71 D9 FB 54 BB 5C 36 73 09 C1 2E 56 
	1F 78 65 AC 9A 50 1E DA 29 30 8D 2A 90 24 74 00 
	9B 5B 7D DC 44 0D FD E0 74 EF B2 BF 44 0A 9A 89 
	D3 14 DF F0 98 F7 46 19 6B 78 82 69 26 80 72 6A 
	BC AF D7 53 34 04 C8 B1 71 C9 63 7B 36 41 72 40 
	32 2C 54 3D 5A 43 07 56 A9 84 82 2C 42 B4 8C C2 
	83 A2 D6 E7 4B CA 94 22 1C 90 BC FD 13 66 DA 04 
	44 A8 68 63 6F 01 B6 F1 E5 AF C0 30 8D 58 77 5C 
	4F D1 12 CA 13 58 1F AA 8E B8 18 34 29 81 3C 60 
	64 41 AC C3 B0 C3 C5 A9 E2 D3 BE 54 EB A7 F0 DC 
	9E 63 D1 0C C1 62 58 B1 18 29 41 7C 80 59 0A 9E 
	57 41 9A C9 01 A4 3B E9 9A 30 2C 90 8F 34 5D 55 
	96 39 F4 C1 3F 73 36 0E 26 DB C2 40 46 02 98 B2 
	8E 53 0B B8 E0 56 1B F9 CC 87 10 2B 6C 55 82 0C 
	F9 80 7A 8B D8 35 88 38 13 C7 8A 41 CF E2 08 9C 
	2C 0A D5 5B C6 5C 53 AA 07 44 AC C0 E8 28 41 E2 
	0E 8B F1 8D 9D 08 08 A4 67 3C 60 A0 0D 28 72 CD 
	87 07 21 16 8A 89 1C 1C 88 AB 3B CD 93 F5 9A 10 
	7B 53 53 C0 BB 88 60 A8 10 CA 12 B0 5C 8E 0B 02 
	A7 9A 44 5D 10 F6 30 5B 08 2A 93 C3 25 5E C2 36 
	F7 D8 54 AE 5A 80 0D 09 85 8C A8 96 BC 66 BD 33 
	A7 75 A9 86 CB 03 40 7E B6 D8 52 A3 94 14 32 E9 
	32 7B 49 1B 29 A5 93 42 F6 63 F6 17 94 66 86 BE 
	18 5A B2 0F 23 25 83 B0 4B E6 A8 5A 90 58 7C F8 
	91 2B 17 79 C3 9B A8 49 52 8C B8 9B 7C 09 AA 1B 
	4F 2D 36 77 CA 56 15 C9 97 A5 E4 D6 C0 24 88 77 
	0B 29 97 B3 77 AE C2 41 CF 88 61 8A A9 F1 4A 7F 
	E2 48 1E D5 58 9D 7C C3 9C 09 30 6F 48 B3 10 F6 
	C8 3E B2 70 BE 33 96 C3 D0 29 76 B1 4E 60 0B 91 
	80 0B 7B 0A F6 8A B2 45 B0 21 E9 3E 97 5B 11 9E 
	D1 72 E6 BA 06 72 DB 2D 59 97 B5 16 B1 6A E7 4A 
	C3 3E A8 9C 2F 3C 14 2B 26 78 CE 43 98 31 D8 03 
	12 26 09 22 43 2A 39 CC 83 D9 08 7B 8A CA 01 26 
	11 77 D6 42 55 0E 5C AC 9F 08 74 FA E9 90 42 82 
	4B F1 AB AA 18 B8 6F A1 36 17 A2 A6 3A 3D 73 98 
	A7 87 4A 09 6C 48 A6 1C 76 D0 A5 BD 71 4C 69 C4 
	00 1D 00 79 0F BB CC CD 03 68 B7 95 B5 66 97 5C 
	9B 14 26 76 BF 77 32 C4 E4 4B BD 71 15 98 C4 36 
	D5 00 48 05 28 AB 73 D1 63 CF 51 34 D0 59 19 1B 
	02 2A D0 1B 64 C6 E8 2A 81 5B 66 0B 84 3F 8B BA 
	6A 3F 0B 1D 9E 9A 39 82 3A 99 1D 02 5D 08 B2 3A 
	0A 0C C8 99 CC 53 A1 8C 10 74 FB A4 47 89 A8 29 
	34 18 4B 41 B0 35 82 19 6B 28 BF 7B D6 53 DC B6 
	C5 B5 1A 12 12 C2 6D E6 8A 7D 99 3B 49 20 6A 2E 
	50 D0 AF 09 E9 37 10 62 A3 5A E2 62 50 93 6B 0C 
	7A 19 A1 2C 78 6F 05 35 99 F1 BB EA BC 3D E5 C0 
	0F F6 3A 5E B8 40 91 04 84 69 DF 75 8F 29 E6 89 
	30 52 7A 63 07 A7 CA A6 05 E8 48 B3 32 E7 35 CC 
	E9 A8 2C 24 72 B3 31 93 5C A9 C7 67 73 01 27 03 
	49 0B D5 CD 77 C4 44 A2 4C 0C 5F 5C 70 2F 4A 09 
	3F 36 6A 5C 14 8C 8E E5 08 4D 2A 47 58 83 3F F3 
	23 1C 5B 44 26 45 B7 57 50 CA B2 48 C7 44 EE E8 
	99 D9 65 24 37 F8 07 94 B6 0A 57 F7 2E 5C A4 31 
	92 D9 18 CE 72 0D A9 91 57 7B 9C B1 08 12 2C 5E 
	B9 BD 8A C7 68 60 D2 98 71 EA 92 7F 45 BF 55 75 
	21 CA 73 1D 77 A9 66 E8 F3 B5 1A A1 71 4B 51 10 
	21 DB 3A 48 B7 31 19 B8 47 0B 23 A5 23 26 79 E3 
	98 32 52 42 3E C3 C2 76 B6 D0 AF FD F5 2E 63 AA 
	00 C4 88 1D 1E 55 B8 4A 59 03 CB 07 50 50 5B 05 
	ED 4B 71 91 C4 A2 0C 92 BA 9F 16 8C 50 30 1B 83 
	D3 14 1B E6 30 C4 35 2C B1 8B 73 55 17 82 74 33 
	49 51 23 8B 6E 0A 58 64 05 C1 C3 23 17 CE 3C 12 
	BB 2B 45 F5 46 9E D8 65 A5 E9 DA B9 30 0A 4A E4 
	79 2A E9 01 07 F0 08 74 62 63 36 E0 32 53 5E 11 
	64 7F F2 6C 6B B4 67 30 59 AB D6 07 8B AB B6 AD 
	90 AA 7D BF 9B 0A D6 83 8A 68 B9 80 FB 62 76 70 
	80 30 C2 74 04 D4 87 53 C7 58 20 45 00 7F BB BB 
	33 9C A1 84 FA 20 2E 40 E1 B0 70 78 2D 14 F9 A5 
	26 79 BA C7 F1 37 6C 2C 66 90 BC 5D 26 7C 25 ED 
	B6 9F 5D 14 C1 74 16 2C 34 B9 52 80 17 6D 02 4C 
	AB D4 65 27 7B C2 5B 3E 15 4E 94 E1 BB B2 F4 A4 
	83 32 20 7B D1 3F FF 79 1C 6E 7B 7D 09 E0 5A 89 
	AB A0 50 51 BF E4 5B 47 38 F7 6D A2 02 6D DD B3 
	5F AE E5 BE CC 0B 0B F3 22 05 BB A3 8F C4 F0 3F 
	A1 54 5A 01 FA A2 D5 55 13 9C 4B 17 F6 B6 B5 70 
	F8 03 2E A5 95 15 54 C2 E7 5A 90 3F 36 00 CD AA 
	31 65 A7 6A F6 14 7B F0 23 37 6C C3 0B 19 35 8E 
	6A 16 10 C9 5A A7 96 17 1F 72 72 98 13 E1 B8 2C 
	07 08 25 F8 AB 45 A8 C8 CF 25 24 C8 0B B3 89 58 
	C4 CF AC 9F A0 88 C1 24 E6 82 BB DB 3A 1B 5A 33 
	00 AD A5 EF 4A A0 23 DA C2 F5 DB 82 A5 0A B1 23 
	5A 24 0D 5A 34 56 4B 01 42 37 AA 60 81 C1 BE 11 
	82 58 64 B7 A0 DA 5D 20 6A 83 17 D5 79 D0 89 89 
	B4 AA AA A4 68 6C FA 59 B0 40 89 A4 77 E9 1A 40 
	BA 10 73 F9 93 A0 E3 54 47 56 6A DF F9 B3 00 33 
	59 F1 D8 7A 44 0B 16 79 63 45 C6 E2 C9 90 F9 2D 
	89 E6 92 49 B5 10 1A B1 40 C5 3A 08 A5 D1 7E D0 
	50 56 23 3C 6F 91 8C AC 3B 66 A3 94 73 07 55 84 
	A3 A1 D4 52 2E 90 47 54 9C 66 0E EA 03 0B 34 87 
	6C 65 95 F8 D4 21 C5 30 7E C5 D8 F3 D7 DC 0A 22 
	01 DD FC 26 AD 62 8B 6D C7 9B 09 0E 5D 09 2C A0 
	78 78 B9 50 35 3F D1 67 B1 57 9B A0 43 E9 EE 57 
	81 86 AC 05 58 CF 4C DD DD 6D B0 E6 B5 E7 98 7E 
	2C B4 F9 C0 43 B7 9C 20 A2 2E 97 25 99 A0 14 D8 
	36 41 20 60 B7 F0 2E A0 41 7E 5D CF 8B AE 07 62 
C_I (size 1):
	49 
message_1 (CBOR Sequence) (size 1223):
	03 15 59 04 C0 FB B4 6F DD 17 E8 B7 0E C5 98 DE 
	CB B6 C8 4A 15 29 B0 DF CF 9E DE D9 C5 F8 D3 BF 
	64 F5 52 D2 10 87 07 21 16 8A 89 1C 1C 88 AB 3B 
	CD 93 F5 9A 10 7B 53 53 C0 BB 88 60 A8 10 CA 12 
	B0 5C 8E 0B 02 A7 9A 44 5D 10 F6 30 5B 08 2A 93 
	C3 25 5E C2 36 F7 D8 54 AE 5A 80 0D 09 85 8C A8 
	96 BC 66 BD 33 A7 75 A9 86 CB 03 40 7E B6 D8 52 
	A3 94 14 32 E9 32 7B 49 1B 29 A5 93 42 F6 63 F6 
	17 94 66 86 BE 18 5A B2 0F 23 25 83 B0 4B E6 A8 
	5A 90 58 7C F8 91 2B 17 79 C3 9B A8 49 52 8C B8 
	9B 7C 09 AA 1B 4F 2D 36 77 CA 56 15 C9 97 A5 E4 
	D6 C0 24 88 77 0B 29 97 B3 77 AE C2 41 CF 88 61 
	8A A9 F1 4A 7F E2 48 1E D5 58 9D 7C C3 9C 09 30 
	6F 48 B3 10 F6 C8 3E B2 70 BE 33 96 C3 D0 29 76 
	B1 4E 60 0B 91 80 0B 7B 0A F6 8A B2 45 B0 21 E9 
	3E 97 5B 11 9E D1 72 E6 BA 06 72 DB 2D 59 97 B5 
	16 B1 6A E7 4A C3 3E A8 9C 2F 3C 14 2B 26 78 CE 
	43 98 31 D8 03 12 26 09 22 43 2A 39 CC 83 D9 08 
	7B 8A CA 01 26 11 77 D6 42 55 0E 5C AC 9F 08 74 
	FA E9 90 42 82 4B F1 AB AA 18 B8 6F A1 36 17 A2 
	A6 3A 3D 73 98 A7 87 4A 09 6C 48 A6 1C 76 D0 A5 
	BD 71 4C 69 C4 00 1D 00 79 0F BB CC CD 03 68 B7 
	95 B5 66 97 5C 9B 14 26 76 BF 77 32 C4 E4 4B BD 
	71 15 98 C4 36 D5 00 48 05 28 AB 73 D1 63 CF 51 
	34 D0 59 19 1B 02 2A D0 1B 64 C6 E8 2A 81 5B 66 
	0B 84 3F 8B BA 6A 3F 0B 1D 9E 9A 39 82 3A 99 1D 
	02 5D 08 B2 3A 0A 0C C8 99 CC 53 A1 8C 10 74 FB 
	A4 47 89 A8 29 34 18 4B 41 B0 35 82 19 6B 28 BF 
	7B D6 53 DC B6 C5 B5 1A 12 12 C2 6D E6 8A 7D 99 
	3B 49 20 6A 2E 50 D0 AF 09 E9 37 10 62 A3 5A E2 
	62 50 93 6B 0C 7A 19 A1 2C 78 6F 05 35 99 F1 BB 
	EA BC 3D E5 C0 0F F6 3A 5E B8 40 91 04 84 69 DF 
	75 8F 29 E6 89 30 52 7A 63 07 A7 CA A6 05 E8 48 
	B3 32 E7 35 CC E9 A8 2C 24 72 B3 31 93 5C A9 C7 
	67 73 01 27 03 49 0B D5 CD 77 C4 44 A2 4C 0C 5F 
	5C 70 2F 4A 09 3F 36 6A 5C 14 8C 8E E5 08 4D 2A 
	47 58 83 3F F3 23 1C 5B 44 26 45 B7 57 50 CA B2 
	48 C7 44 EE E8 99 D9 65 24 37 F8 07 94 B6 0A 57 
	F7 2E 5C A4 31 92 D9 18 CE 72 0D A9 91 57 7B 9C 
	B1 08 12 2C 5E B9 BD 8A C7 68 60 D2 98 71 EA 92 
	7F 45 BF 55 75 21 CA 73 1D 77 A9 66 E8 F3 B5 1A 
	A1 71 4B 51 10 21 DB 3A 48 B7 31 19 B8 47 0B 23 
	A5 23 26 79 E3 98 32 52 42 3E C3 C2 76 B6 D0 AF 
	FD F5 2E 63 AA 00 C4 88 1D 1E 55 B8 4A 59 03 CB 
	07 50 50 5B 05 ED 4B 71 91 C4 A2 0C 92 BA 9F 16 
	8C 50 30 1B 83 D3 14 1B E6 30 C4 35 2C B1 8B 73 
	55 17 82 74 33 49 51 23 8B 6E 0A 58 64 05 C1 C3 
	23 17 CE 3C 12 BB 2B 45 F5 46 9E D8 65 A5 E9 DA 
	B9 30 0A 4A E4 79 2A E9 01 07 F0 08 74 62 63 36 
	E0 32 53 5E 11 64 7F F2 6C 6B B4 67 30 59 AB D6 
	07 8B AB B6 AD 90 AA 7D BF 9B 0A D6 83 8A 68 B9 
	80 FB 62 76 70 80 30 C2 74 04 D4 87 53 C7 58 20 
	45 00 7F BB BB 33 9C A1 84 FA 20 2E 40 E1 B0 70 
	78 2D 14 F9 A5 26 79 BA C7 F1 37 6C 2C 66 90 BC 
	5D 26 7C 25 ED B6 9F 5D 14 C1 74 16 2C 34 B9 52 
	80 17 6D 02 4C AB D4 65 27 7B C2 5B 3E 15 4E 94 
	E1 BB B2 F4 A4 83 32 20 7B D1 3F FF 79 1C 6E 7B 
	7D 09 E0 5A 89 AB A0 50 51 BF E4 5B 47 38 F7 6D 
	A2 02 6D DD B3 5F AE E5 BE CC 0B 0B F3 22 05 BB 
	A3 8F C4 F0 3F A1 54 5A 01 FA A2 D5 55 13 9C 4B 
	17 F6 B6 B5 70 F8 03 2E A5 95 15 54 C2 E7 5A 90 
	3F 36 00 CD AA 31 65 A7 6A F6 14 7B F0 23 37 6C 
	C3 0B 19 35 8E 6A 16 10 C9 5A A7 96 17 1F 72 72 
	98 13 E1 B8 2C 07 08 25 F8 AB 45 A8 C8 CF 25 24 
	C8 0B B3 89 58 C4 CF AC 9F A0 88 C1 24 E6 82 BB 
	DB 3A 1B 5A 33 00 AD A5 EF 4A A0 23 DA C2 F5 DB 
	82 A5 0A B1 23 5A 24 0D 5A 34 56 4B 01 42 37 AA 
	60 81 C1 BE 11 82 58 64 B7 A0 DA 5D 20 6A 83 17 
	D5 79 D0 89 89 B4 AA AA A4 68 6C FA 59 B0 40 89 
	A4 77 E9 1A 40 BA 10 73 F9 93 A0 E3 54 47 56 6A 
	DF F9 B3 00 33 59 F1 D8 7A 44 0B 16 79 63 45 C6 
	E2 C9 90 F9 2D 89 E6 92 49 B5 10 1A B1 40 C5 3A 
	08 A5 D1 7E D0 50 56 23 3C 6F 91 8C AC 3B 66 A3 
	94 73 07 55 84 A3 A1 D4 52 2E 90 47 54 9C 66 0E 
	EA 03 0B 34 87 6C 65 95 F8 D4 21 C5 30 7E C5 D8 
	F3 D7 DC 0A 22 01 DD FC 26 AD 62 8B 6D C7 9B 09 
	0E 5D 09 2C A0 41 49 
MSG: (size 1223):
	03 15 59 04 C0 FB B4 6F DD 17 E8 B7 0E C5 98 DE 
	CB B6 C8 4A 15 29 B0 DF CF 9E DE D9 C5 F8 D3 BF 
	64 F5 52 D2 10 87 07 21 16 8A 89 1C 1C 88 AB 3B 
	CD 93 F5 9A 10 7B 53 53 C0 BB 88 60 A8 10 CA 12 
	B0 5C 8E 0B 02 A7 9A 44 5D 10 F6 30 5B 08 2A 93 
	C3 25 5E C2 36 F7 D8 54 AE 5A 80 0D 09 85 8C A8 
	96 BC 66 BD 33 A7 75 A9 86 CB 03 40 7E B6 D8 52 
	A3 94 14 32 E9 32 7B 49 1B 29 A5 93 42 F6 63 F6 
	17 94 66 86 BE 18 5A B2 0F 23 25 83 B0 4B E6 A8 
	5A 90 58 7C F8 91 2B 17 79 C3 9B A8 49 52 8C B8 
	9B 7C 09 AA 1B 4F 2D 36 77 CA 56 15 C9 97 A5 E4 
	D6 C0 24 88 77 0B 29 97 B3 77 AE C2 41 CF 88 61 
	8A A9 F1 4A 7F E2 48 1E D5 58 9D 7C C3 9C 09 30 
	6F 48 B3 10 F6 C8 3E B2 70 BE 33 96 C3 D0 29 76 
	B1 4E 60 0B 91 80 0B 7B 0A F6 8A B2 45 B0 21 E9 
	3E 97 5B 11 9E D1 72 E6 BA 06 72 DB 2D 59 97 B5 
	16 B1 6A E7 4A C3 3E A8 9C 2F 3C 14 2B 26 78 CE 
	43 98 31 D8 03 12 26 09 22 43 2A 39 CC 83 D9 08 
	7B 8A CA 01 26 11 77 D6 42 55 0E 5C AC 9F 08 74 
	FA E9 90 42 82 4B F1 AB AA 18 B8 6F A1 36 17 A2 
	A6 3A 3D 73 98 A7 87 4A 09 6C 48 A6 1C 76 D0 A5 
	BD 71 4C 69 C4 00 1D 00 79 0F BB CC CD 03 68 B7 
	95 B5 66 97 5C 9B 14 26 76 BF 77 32 C4 E4 4B BD 
	71 15 98 C4 36 D5 00 48 05 28 AB 73 D1 63 CF 51 
	34 D0 59 19 1B 02 2A D0 1B 64 C6 E8 2A 81 5B 66 
	0B 84 3F 8B BA 6A 3F 0B 1D 9E 9A 39 82 3A 99 1D 
	02 5D 08 B2 3A 0A 0C C8 99 CC 53 A1 8C 10 74 FB 
	A4 47 89 A8 29 34 18 4B 41 B0 35 82 19 6B 28 BF 
	7B D6 53 DC B6 C5 B5 1A 12 12 C2 6D E6 8A 7D 99 
	3B 49 20 6A 2E 50 D0 AF 09 E9 37 10 62 A3 5A E2 
	62 50 93 6B 0C 7A 19 A1 2C 78 6F 05 35 99 F1 BB 
	EA BC 3D E5 C0 0F F6 3A 5E B8 40 91 04 84 69 DF 
	75 8F 29 E6 89 30 52 7A 63 07 A7 CA A6 05 E8 48 
	B3 32 E7 35 CC E9 A8 2C 24 72 B3 31 93 5C A9 C7 
	67 73 01 27 03 49 0B D5 CD 77 C4 44 A2 4C 0C 5F 
	5C 70 2F 4A 09 3F 36 6A 5C 14 8C 8E E5 08 4D 2A 
	47 58 83 3F F3 23 1C 5B 44 26 45 B7 57 50 CA B2 
	48 C7 44 EE E8 99 D9 65 24 37 F8 07 94 B6 0A 57 
	F7 2E 5C A4 31 92 D9 18 CE 72 0D A9 91 57 7B 9C 
	B1 08 12 2C 5E B9 BD 8A C7 68 60 D2 98 71 EA 92 
	7F 45 BF 55 75 21 CA 73 1D 77 A9 66 E8 F3 B5 1A 
	A1 71 4B 51 10 21 DB 3A 48 B7 31 19 B8 47 0B 23 
	A5 23 26 79 E3 98 32 52 42 3E C3 C2 76 B6 D0 AF 
	FD F5 2E 63 AA 00 C4 88 1D 1E 55 B8 4A 59 03 CB 
	07 50 50 5B 05 ED 4B 71 91 C4 A2 0C 92 BA 9F 16 
	8C 50 30 1B 83 D3 14 1B E6 30 C4 35 2C B1 8B 73 
	55 17 82 74 33 49 51 23 8B 6E 0A 58 64 05 C1 C3 
	23 17 CE 3C 12 BB 2B 45 F5 46 9E D8 65 A5 E9 DA 
	B9 30 0A 4A E4 79 2A E9 01 07 F0 08 74 62 63 36 
	E0 32 53 5E 11 64 7F F2 6C 6B B4 67 30 59 AB D6 
	07 8B AB B6 AD 90 AA 7D BF 9B 0A D6 83 8A 68 B9 
	80 FB 62 76 70 80 30 C2 74 04 D4 87 53 C7 58 20 
	45 00 7F BB BB 33 9C A1 84 FA 20 2E 40 E1 B0 70 
	78 2D 14 F9 A5 26 79 BA C7 F1 37 6C 2C 66 90 BC 
	5D 26 7C 25 ED B6 9F 5D 14 C1 74 16 2C 34 B9 52 
	80 17 6D 02 4C AB D4 65 27 7B C2 5B 3E 15 4E 94 
	E1 BB B2 F4 A4 83 32 20 7B D1 3F FF 79 1C 6E 7B 
	7D 09 E0 5A 89 AB A0 50 51 BF E4 5B 47 38 F7 6D 
	A2 02 6D DD B3 5F AE E5 BE CC 0B 0B F3 22 05 BB 
	A3 8F C4 F0 3F A1 54 5A 01 FA A2 D5 55 13 9C 4B 
	17 F6 B6 B5 70 F8 03 2E A5 95 15 54 C2 E7 5A 90 
	3F 36 00 CD AA 31 65 A7 6A F6 14 7B F0 23 37 6C 
	C3 0B 19 35 8E 6A 16 10 C9 5A A7 96 17 1F 72 72 
	98 13 E1 B8 2C 07 08 25 F8 AB 45 A8 C8 CF 25 24 
	C8 0B B3 89 58 C4 CF AC 9F A0 88 C1 24 E6 82 BB 
	DB 3A 1B 5A 33 00 AD A5 EF 4A A0 23 DA C2 F5 DB 
	82 A5 0A B1 23 5A 24 0D 5A 34 56 4B 01 42 37 AA 
	60 81 C1 BE 11 82 58 64 B7 A0 DA 5D 20 6A 83 17 
	D5 79 D0 89 89 B4 AA AA A4 68 6C FA 59 B0 40 89 
	A4 77 E9 1A 40 BA 10 73 F9 93 A0 E3 54 47 56 6A 
	DF F9 B3 00 33 59 F1 D8 7A 44 0B 16 79 63 45 C6 
	E2 C9 90 F9 2D 89 E6 92 49 B5 10 1A B1 40 C5 3A 
	08 A5 D1 7E D0 50 56 23 3C 6F 91 8C AC 3B 66 A3 
	94 73 07 55 84 A3 A1 D4 52 2E 90 47 54 9C 66 0E 
	EA 03 0B 34 87 6C 65 95 F8 D4 21 C5 30 7E C5 D8 
	F3 D7 DC 0A 22 01 DD FC 26 AD 62 8B 6D C7 9B 09 
	0E 5D 09 2C A0 41 49 
[init] tx sent 1223 bytes
[init] rx got 1135 bytes
Max MSG2 size 2027
PQ/T Hybrid Suit:-67
PQ/T Hybrid g_y size:1120message_2 (CBOR Sequence) (size 1135):
	59 04 6C 27 B1 D6 35 A6 63 38 2D 99 E0 31 B3 E9 
	A5 D6 82 A0 95 45 04 93 56 AF 6F 13 54 DE D1 3E 
	D2 9C 72 53 14 D8 9A 76 9A C7 C0 67 77 28 DB AB 
	2E 0C A4 C2 FB 83 D1 CD C3 23 AC 9C CD FC CE 1C 
	A8 E7 EF 6A 2B 8A AC E8 3D A5 6D BA 08 F5 E7 9E 
	6B 61 B8 0E 5F 34 67 DF 48 69 56 3C 77 EA AC 69 
	62 46 61 02 78 3C 07 8A 5A DF 0B BB DD F1 DD 21 
	7B 8E 63 F0 11 B8 5E 57 3C 33 44 8D 04 4D A3 BA 
	50 70 4D 9B 62 3A 3E BD 80 78 B2 35 76 C4 EF 2B 
	86 B6 FD 9D E7 B4 DD B9 6C A2 11 F0 D2 6A 2E 6B 
	FB 07 1B 60 D4 DF A1 50 18 9C AC 24 DE CC D2 7C 
	C9 4D 84 BD 32 6F 53 51 A2 61 F9 5A 0C 4D C5 5C 
	D2 2B 87 CC 79 D6 65 DF 3C D0 E6 7D DE 2B CC 07 
	8B F9 68 95 36 05 CA E4 5E 94 5A 7F 94 10 43 9C 
	20 D3 E2 A0 0A 7F 18 FA FD 81 7F 56 A0 59 C3 91 
	7E CA FE 43 B1 31 76 49 92 87 6B C6 E8 38 CD 71 
	4A 34 03 15 03 5F CB FE C1 D3 EA 40 41 8B 02 1D 
	95 5A 6D C1 D8 AE D5 A8 2C 37 C7 2F 28 76 B4 7A 
	B7 33 F6 47 F4 D8 C6 E4 D2 63 A2 B5 B4 23 C8 57 
	DA 01 61 39 9A E5 C7 0A 04 82 C8 25 97 62 AB 71 
	53 AF A1 22 11 DC 0F FE FA 9C 38 A8 57 F2 51 CE 
	E1 A3 4A FF 1D 81 E5 D2 31 95 E0 54 B9 C0 FB 3A 
	CF 90 C6 8C 88 38 57 1A DC 67 01 E2 61 8C CA D9 
	3A 04 2D 15 2F C1 F6 BD 09 DA A6 DB 05 75 E9 B9 
	63 25 33 A8 D4 3C 38 59 B1 26 3A 18 64 79 94 E7 
	9D BA 0D D8 56 8E CD 6A 1A 4C 44 16 66 1E FE C8 
	F2 2B 56 E0 5F 73 01 58 65 B7 E3 BC 31 D6 49 BD 
	3B F5 68 4A B7 7B 7C 3C E1 8C 7F 84 CA 0E 34 01 
	46 C5 02 9A 0D C7 60 44 30 3B DF B8 67 E3 15 26 
	FC B1 96 93 32 6D B8 73 B6 BA 10 47 E4 91 E0 3F 
	DF 66 D4 89 14 F9 C4 5F C6 20 E4 78 CF 4E 5C 67 
	9C EB 14 6B 4D 41 CE 8A 2D A0 1C 52 E9 29 B1 79 
	E1 99 08 B9 F5 80 7B 79 25 CD 19 40 FF 37 4B 04 
	41 2A 30 E3 4D 39 BA 2A C6 48 D9 60 9F EB FA D3 
	84 D9 69 60 1C 5C BA 89 E9 05 5C 4C 4A E6 CF 25 
	33 04 93 C1 C4 37 87 A7 15 53 C8 3F 68 84 14 A7 
	F1 54 15 79 46 81 48 4A 03 95 30 BA B5 F9 CE EA 
	30 4A E8 42 31 53 D9 BD 00 66 54 78 C8 BD 2A 7F 
	B9 C7 AB 5C EF B4 37 41 95 26 1A 49 66 BB BA AE 
	4E D2 D4 0C AF 4C 5D 83 0F 3F 73 96 B2 A0 F3 2D 
	10 A7 36 D0 87 55 C5 93 F5 C4 C5 A8 DD A9 70 7A 
	B2 25 76 5B 48 58 22 37 16 CF E9 6D E1 0E ED 08 
	43 0D AD 04 01 39 FE 5C 37 10 42 66 8F 60 21 DD 
	55 0C BD BB 5A 9C 4F 3C F8 72 55 F8 E1 0A C8 81 
	18 24 20 50 5D 5E A3 66 39 6E 78 C9 B7 E0 65 A0 
	7A AB F3 88 E2 2D 59 FF A4 8B B1 D4 C3 89 E9 DE 
	BB AD 95 91 4E EB FC 45 19 C0 70 8D 0D 52 B1 32 
	B5 2C D8 C1 B3 9C 8F 84 7B FC 48 34 8A 5A 54 D6 
	87 A8 0A FC 18 54 DA 82 6F 19 4D B0 A3 1A 4F 73 
	5B B4 40 D2 E5 02 53 53 A7 E6 A1 FB B3 9D 38 A1 
	9D F6 1B DC FF BC 42 63 ED 27 BA 13 B9 0A 9B 67 
	95 8B C1 2A 3D 01 F7 A5 CF 9C 5B 07 06 B7 51 3D 
	0E 5D D4 1A D0 7C 96 CD FD AA 2F 75 D7 63 D1 63 
	6D D8 04 7B EC 93 82 0C 61 1A CD FF 45 7A CE EE 
	B3 3A 4C 1F 95 DA E1 31 B0 32 9C D7 8E F6 FA E7 
	4C E9 41 DB D2 A1 EB B8 39 9D F2 72 1E D5 3E CC 
	8A FB A0 F7 65 3F DC 6D 12 B8 9E 0B 9D 15 A0 74 
	13 56 D6 6F BB EE 30 03 2E 94 1D B6 85 45 21 78 
	E4 41 FB 32 70 58 2F 29 5A 6A 1E 30 7C 42 04 86 
	1F A3 CC 00 9C 18 8C D4 1C 9A 6D 6A DD C5 1E 3E 
	06 02 59 13 1E A9 98 35 EC 23 D0 80 AD 07 6E 6A 
	D5 7E B5 9A B3 76 43 C8 57 00 FA 35 DE A1 B8 81 
	5B DB 43 4C C3 9C 16 62 72 5C 00 B1 4A 64 9A F0 
	60 03 BF 63 29 91 FA 85 37 D4 51 C2 21 9B 68 31 
	77 78 FC DE 69 26 F9 F5 39 36 04 5C CB 25 E7 3D 
	EE B6 54 A8 D2 84 54 2E B8 B1 B0 4A EC 04 F5 62 
	22 7A 59 D1 CB CD 95 AA AF 5E 59 EA 62 9C FE 2A 
	B5 99 3E 09 56 55 6C 60 C1 6E 7B 47 0B 63 CC FF 
	63 22 90 6C 94 34 FC 1D 09 23 7C B3 16 1C 12 A0 
	BE 28 48 0B 0B 30 2F DA 0D 5F 2C 5D 6E CC 7B CB 
	36 3D F8 A7 35 DA D6 65 71 1A 2A 12 8F 17 90 
g_y (size 1120):
	27 B1 D6 35 A6 63 38 2D 99 E0 31 B3 E9 A5 D6 82 
	A0 95 45 04 93 56 AF 6F 13 54 DE D1 3E D2 9C 72 
	53 14 D8 9A 76 9A C7 C0 67 77 28 DB AB 2E 0C A4 
	C2 FB 83 D1 CD C3 23 AC 9C CD FC CE 1C A8 E7 EF 
	6A 2B 8A AC E8 3D A5 6D BA 08 F5 E7 9E 6B 61 B8 
	0E 5F 34 67 DF 48 69 56 3C 77 EA AC 69 62 46 61 
	02 78 3C 07 8A 5A DF 0B BB DD F1 DD 21 7B 8E 63 
	F0 11 B8 5E 57 3C 33 44 8D 04 4D A3 BA 50 70 4D 
	9B 62 3A 3E BD 80 78 B2 35 76 C4 EF 2B 86 B6 FD 
	9D E7 B4 DD B9 6C A2 11 F0 D2 6A 2E 6B FB 07 1B 
	60 D4 DF A1 50 18 9C AC 24 DE CC D2 7C C9 4D 84 
	BD 32 6F 53 51 A2 61 F9 5A 0C 4D C5 5C D2 2B 87 
	CC 79 D6 65 DF 3C D0 E6 7D DE 2B CC 07 8B F9 68 
	95 36 05 CA E4 5E 94 5A 7F 94 10 43 9C 20 D3 E2 
	A0 0A 7F 18 FA FD 81 7F 56 A0 59 C3 91 7E CA FE 
	43 B1 31 76 49 92 87 6B C6 E8 38 CD 71 4A 34 03 
	15 03 5F CB FE C1 D3 EA 40 41 8B 02 1D 95 5A 6D 
	C1 D8 AE D5 A8 2C 37 C7 2F 28 76 B4 7A B7 33 F6 
	47 F4 D8 C6 E4 D2 63 A2 B5 B4 23 C8 57 DA 01 61 
	39 9A E5 C7 0A 04 82 C8 25 97 62 AB 71 53 AF A1 
	22 11 DC 0F FE FA 9C 38 A8 57 F2 51 CE E1 A3 4A 
	FF 1D 81 E5 D2 31 95 E0 54 B9 C0 FB 3A CF 90 C6 
	8C 88 38 57 1A DC 67 01 E2 61 8C CA D9 3A 04 2D 
	15 2F C1 F6 BD 09 DA A6 DB 05 75 E9 B9 63 25 33 
	A8 D4 3C 38 59 B1 26 3A 18 64 79 94 E7 9D BA 0D 
	D8 56 8E CD 6A 1A 4C 44 16 66 1E FE C8 F2 2B 56 
	E0 5F 73 01 58 65 B7 E3 BC 31 D6 49 BD 3B F5 68 
	4A B7 7B 7C 3C E1 8C 7F 84 CA 0E 34 01 46 C5 02 
	9A 0D C7 60 44 30 3B DF B8 67 E3 15 26 FC B1 96 
	93 32 6D B8 73 B6 BA 10 47 E4 91 E0 3F DF 66 D4 
	89 14 F9 C4 5F C6 20 E4 78 CF 4E 5C 67 9C EB 14 
	6B 4D 41 CE 8A 2D A0 1C 52 E9 29 B1 79 E1 99 08 
	B9 F5 80 7B 79 25 CD 19 40 FF 37 4B 04 41 2A 30 
	E3 4D 39 BA 2A C6 48 D9 60 9F EB FA D3 84 D9 69 
	60 1C 5C BA 89 E9 05 5C 4C 4A E6 CF 25 33 04 93 
	C1 C4 37 87 A7 15 53 C8 3F 68 84 14 A7 F1 54 15 
	79 46 81 48 4A 03 95 30 BA B5 F9 CE EA 30 4A E8 
	42 31 53 D9 BD 00 66 54 78 C8 BD 2A 7F B9 C7 AB 
	5C EF B4 37 41 95 26 1A 49 66 BB BA AE 4E D2 D4 
	0C AF 4C 5D 83 0F 3F 73 96 B2 A0 F3 2D 10 A7 36 
	D0 87 55 C5 93 F5 C4 C5 A8 DD A9 70 7A B2 25 76 
	5B 48 58 22 37 16 CF E9 6D E1 0E ED 08 43 0D AD 
	04 01 39 FE 5C 37 10 42 66 8F 60 21 DD 55 0C BD 
	BB 5A 9C 4F 3C F8 72 55 F8 E1 0A C8 81 18 24 20 
	50 5D 5E A3 66 39 6E 78 C9 B7 E0 65 A0 7A AB F3 
	88 E2 2D 59 FF A4 8B B1 D4 C3 89 E9 DE BB AD 95 
	91 4E EB FC 45 19 C0 70 8D 0D 52 B1 32 B5 2C D8 
	C1 B3 9C 8F 84 7B FC 48 34 8A 5A 54 D6 87 A8 0A 
	FC 18 54 DA 82 6F 19 4D B0 A3 1A 4F 73 5B B4 40 
	D2 E5 02 53 53 A7 E6 A1 FB B3 9D 38 A1 9D F6 1B 
	DC FF BC 42 63 ED 27 BA 13 B9 0A 9B 67 95 8B C1 
	2A 3D 01 F7 A5 CF 9C 5B 07 06 B7 51 3D 0E 5D D4 
	1A D0 7C 96 CD FD AA 2F 75 D7 63 D1 63 6D D8 04 
	7B EC 93 82 0C 61 1A CD FF 45 7A CE EE B3 3A 4C 
	1F 95 DA E1 31 B0 32 9C D7 8E F6 FA E7 4C E9 41 
	DB D2 A1 EB B8 39 9D F2 72 1E D5 3E CC 8A FB A0 
	F7 65 3F DC 6D 12 B8 9E 0B 9D 15 A0 74 13 56 D6 
	6F BB EE 30 03 2E 94 1D B6 85 45 21 78 E4 41 FB 
	32 70 58 2F 29 5A 6A 1E 30 7C 42 04 86 1F A3 CC 
	00 9C 18 8C D4 1C 9A 6D 6A DD C5 1E 3E 06 02 59 
	13 1E A9 98 35 EC 23 D0 80 AD 07 6E 6A D5 7E B5 
	9A B3 76 43 C8 57 00 FA 35 DE A1 B8 81 5B DB 43 
	4C C3 9C 16 62 72 5C 00 B1 4A 64 9A F0 60 03 BF 
	63 29 91 FA 85 37 D4 51 C2 21 9B 68 31 77 78 FC 
	DE 69 26 F9 F5 39 36 04 5C CB 25 E7 3D EE B6 54 
	A8 D2 84 54 2E B8 B1 B0 4A EC 04 F5 62 22 7A 59 
	D1 CB CD 95 AA AF 5E 59 EA 62 9C FE 2A B5 99 3E 
	09 56 55 6C 60 C1 6E 7B 47 0B 63 CC FF 63 22 90 
	6C 94 34 FC 1D 09 23 7C B3 16 1C 12 A0 BE 28 48 
	0B 0B 30 2F DA 0D 5F 2C 5D 6E CC 7B CB 36 3D F8 
ciphertext2 (size 12):
	A7 35 DA D6 65 71 1A 2A 12 8F 17 90 
PQ/T Hybrid array foe g_xy_KEM
PQ/T Hybrid compute shared secret (Suit:-67)
x PQ/T  (size 2432):
	30 8A EE 3F ED 8C 9D 04 0D 35 A7 FC 1F A7 76 FB 
	31 30 38 33 AA 2D E8 85 35 4D DF 3D 44 D8 FB 69 
	B3 9B 04 16 76 1B D8 08 9B BB 18 05 83 0B 7E CC 
	9B 44 38 56 60 CA EB CF A5 05 71 CC 43 C1 14 10 
	46 B5 40 C0 1E FC 21 26 36 AB A9 A0 41 F5 80 16 
	6D C1 44 97 24 0E E1 CB 57 B3 80 B6 51 BC 15 B8 
	05 34 33 C1 05 66 92 CD 86 A2 58 69 93 59 DE 5C 
	0E 2D 00 87 79 FA 2C DE 2C B4 67 5B B1 DC D4 9E 
	A9 1B 16 62 22 00 04 F9 41 83 E6 8A 39 36 17 01 
	60 6E BD F4 85 D3 49 35 5F A0 76 CF 46 CC 69 DC 
	4E 06 87 78 ED 50 46 BC 41 29 9A E2 C0 1C 53 30 
	47 B0 7C BE 61 BA F9 89 27 7B 58 6E 16 F7 A8 FD 
	14 02 B8 55 8E 2F 62 9C 22 42 51 A4 99 40 E9 9B 
	7C 77 D2 15 6F 51 83 29 12 72 1D BA 91 20 E6 A7 
	86 38 88 4F A2 5F B9 B5 9E 1E 75 99 09 05 20 AD 
	F2 91 FE 4A 07 61 05 CC F7 D4 55 EB 62 2F 9F BC 
	A1 FF 57 86 C8 61 B4 3D 87 15 29 85 70 DF 88 3F 
	CC A7 18 54 B4 89 4D 72 38 70 71 5D 01 D5 A9 F1 
	44 BA E3 13 5C 17 31 87 6C 6B 35 97 0C 4A 98 25 
	7D 9C 0A 97 A6 F2 AD F2 39 07 F5 3C 36 55 89 01 
	C3 F3 83 2F 20 74 BA 13 24 9C F0 08 55 47 6D 13 
	34 2A 8E A6 70 12 57 77 F3 F3 C4 02 2A 78 E8 2B 
	88 0B CA 02 27 C5 9D D0 34 AD 6B FB 81 8D B6 48 
	79 50 25 3B 2B 35 7B 62 1F 73 68 29 7E 97 39 F3 
	AB 1F 13 73 7D 2B D8 22 21 2B 86 4D D5 4D 26 7B 
	49 AC 26 B5 7A C2 22 42 41 4C 17 F1 5C A4 FA 9E 
	53 F6 1B FE 46 4D AF 45 4C 26 52 43 D3 F9 B9 CE 
	21 68 01 C4 CF CD 2C 01 4B DB 1C 1C E6 A1 A1 20 
	0A EB 66 41 B4 60 76 21 58 66 9D 89 48 09 0B 13 
	AD DB A9 50 B6 39 47 A1 A6 8A 96 64 E1 18 BA 8D 
	7C 0A BC 64 83 88 FA 95 A5 92 16 44 A8 18 F4 95 
	42 65 36 37 87 75 6A 5D B4 1A 76 E7 7A 68 60 8C 
	EE 48 3A 2F 71 93 C9 68 B2 6E 00 A3 51 1A 40 45 
	D4 8E 82 F2 2C 9E 55 92 91 F9 8C 69 98 0B 93 EB 
	84 1A B5 BD 80 28 08 5B 5C 25 E0 21 51 9F 50 71 
	12 21 29 7B 62 AF 2B 6C 64 BF 38 B3 41 E4 89 99 
	B9 5B F0 81 43 33 13 2C AF 46 33 AE A6 BE 70 59 
	91 58 45 04 51 8A 76 CA 6B 79 0B 82 02 F0 F9 C4 
	22 65 80 52 2B 06 5F 33 A6 7E F1 C0 1E A1 07 40 
	42 30 CD 11 13 F6 B3 8E 03 A3 8A F3 2A BC F5 D0 
	5A A4 DA 42 BA 73 2B D9 B4 33 B6 2A 4B A3 FB A2 
	F8 D7 6C 20 48 B1 13 79 6D 37 70 1B 5D 1C 78 32 
	45 52 69 83 1A 2C F2 B9 62 E4 70 DA A2 21 22 C5 
	48 C2 29 6F 1F 02 8F A5 15 91 88 78 12 90 13 50 
	82 61 CF 1B DA A3 C9 49 7B 5D 0A 05 74 58 CF D4 
	79 4B 39 05 65 04 62 1B D3 53 40 D0 BC A2 47 E4 
	BB D8 20 5C 54 D7 C0 62 4B C8 E0 35 9C B7 17 52 
	1F 13 1B BA 23 0E 01 F8 2D BF 20 3D E6 B6 B1 18 
	E9 C3 7E 14 0E E7 A0 C5 C2 51 90 FD E3 6C 69 93 
	0B 33 07 BA 15 0C 7B 5E 69 46 45 B3 C4 A6 50 01 
	75 FB C1 0F E7 20 44 12 34 1F 5C A5 2E 17 B4 83 
	5C 8F 1F 90 C6 6C 85 0D 03 6A 10 C0 B3 76 FB B9 
	11 54 21 CE 16 D6 82 AA 55 87 81 EA CF 6A 43 7A 
	2E CC 38 48 A8 A0 F8 5A 62 84 35 87 81 74 1B A8 
	35 9B 92 2B 4F CD E8 81 F8 60 55 3A 47 3E 74 24 
	96 6F DC A1 F1 F2 19 A9 F6 75 97 4B 32 2A A1 43 
	EC 45 6E E9 B9 28 51 A1 C8 53 B2 C9 F4 75 27 D7 
	76 09 FD 57 71 D9 FB 54 BB 5C 36 73 09 C1 2E 56 
	1F 78 65 AC 9A 50 1E DA 29 30 8D 2A 90 24 74 00 
	9B 5B 7D DC 44 0D FD E0 74 EF B2 BF 44 0A 9A 89 
	D3 14 DF F0 98 F7 46 19 6B 78 82 69 26 80 72 6A 
	BC AF D7 53 34 04 C8 B1 71 C9 63 7B 36 41 72 40 
	32 2C 54 3D 5A 43 07 56 A9 84 82 2C 42 B4 8C C2 
	83 A2 D6 E7 4B CA 94 22 1C 90 BC FD 13 66 DA 04 
	44 A8 68 63 6F 01 B6 F1 E5 AF C0 30 8D 58 77 5C 
	4F D1 12 CA 13 58 1F AA 8E B8 18 34 29 81 3C 60 
	64 41 AC C3 B0 C3 C5 A9 E2 D3 BE 54 EB A7 F0 DC 
	9E 63 D1 0C C1 62 58 B1 18 29 41 7C 80 59 0A 9E 
	57 41 9A C9 01 A4 3B E9 9A 30 2C 90 8F 34 5D 55 
	96 39 F4 C1 3F 73 36 0E 26 DB C2 40 46 02 98 B2 
	8E 53 0B B8 E0 56 1B F9 CC 87 10 2B 6C 55 82 0C 
	F9 80 7A 8B D8 35 88 38 13 C7 8A 41 CF E2 08 9C 
	2C 0A D5 5B C6 5C 53 AA 07 44 AC C0 E8 28 41 E2 
	0E 8B F1 8D 9D 08 08 A4 67 3C 60 A0 0D 28 72 CD 
	87 07 21 16 8A 89 1C 1C 88 AB 3B CD 93 F5 9A 10 
	7B 53 53 C0 BB 88 60 A8 10 CA 12 B0 5C 8E 0B 02 
	A7 9A 44 5D 10 F6 30 5B 08 2A 93 C3 25 5E C2 36 
	F7 D8 54 AE 5A 80 0D 09 85 8C A8 96 BC 66 BD 33 
	A7 75 A9 86 CB 03 40 7E B6 D8 52 A3 94 14 32 E9 
	32 7B 49 1B 29 A5 93 42 F6 63 F6 17 94 66 86 BE 
	18 5A B2 0F 23 25 83 B0 4B E6 A8 5A 90 58 7C F8 
	91 2B 17 79 C3 9B A8 49 52 8C B8 9B 7C 09 AA 1B 
	4F 2D 36 77 CA 56 15 C9 97 A5 E4 D6 C0 24 88 77 
	0B 29 97 B3 77 AE C2 41 CF 88 61 8A A9 F1 4A 7F 
	E2 48 1E D5 58 9D 7C C3 9C 09 30 6F 48 B3 10 F6 
	C8 3E B2 70 BE 33 96 C3 D0 29 76 B1 4E 60 0B 91 
	80 0B 7B 0A F6 8A B2 45 B0 21 E9 3E 97 5B 11 9E 
	D1 72 E6 BA 06 72 DB 2D 59 97 B5 16 B1 6A E7 4A 
	C3 3E A8 9C 2F 3C 14 2B 26 78 CE 43 98 31 D8 03 
	12 26 09 22 43 2A 39 CC 83 D9 08 7B 8A CA 01 26 
	11 77 D6 42 55 0E 5C AC 9F 08 74 FA E9 90 42 82 
	4B F1 AB AA 18 B8 6F A1 36 17 A2 A6 3A 3D 73 98 
	A7 87 4A 09 6C 48 A6 1C 76 D0 A5 BD 71 4C 69 C4 
	00 1D 00 79 0F BB CC CD 03 68 B7 95 B5 66 97 5C 
	9B 14 26 76 BF 77 32 C4 E4 4B BD 71 15 98 C4 36 
	D5 00 48 05 28 AB 73 D1 63 CF 51 34 D0 59 19 1B 
	02 2A D0 1B 64 C6 E8 2A 81 5B 66 0B 84 3F 8B BA 
	6A 3F 0B 1D 9E 9A 39 82 3A 99 1D 02 5D 08 B2 3A 
	0A 0C C8 99 CC 53 A1 8C 10 74 FB A4 47 89 A8 29 
	34 18 4B 41 B0 35 82 19 6B 28 BF 7B D6 53 DC B6 
	C5 B5 1A 12 12 C2 6D E6 8A 7D 99 3B 49 20 6A 2E 
	50 D0 AF 09 E9 37 10 62 A3 5A E2 62 50 93 6B 0C 
	7A 19 A1 2C 78 6F 05 35 99 F1 BB EA BC 3D E5 C0 
	0F F6 3A 5E B8 40 91 04 84 69 DF 75 8F 29 E6 89 
	30 52 7A 63 07 A7 CA A6 05 E8 48 B3 32 E7 35 CC 
	E9 A8 2C 24 72 B3 31 93 5C A9 C7 67 73 01 27 03 
	49 0B D5 CD 77 C4 44 A2 4C 0C 5F 5C 70 2F 4A 09 
	3F 36 6A 5C 14 8C 8E E5 08 4D 2A 47 58 83 3F F3 
	23 1C 5B 44 26 45 B7 57 50 CA B2 48 C7 44 EE E8 
	99 D9 65 24 37 F8 07 94 B6 0A 57 F7 2E 5C A4 31 
	92 D9 18 CE 72 0D A9 91 57 7B 9C B1 08 12 2C 5E 
	B9 BD 8A C7 68 60 D2 98 71 EA 92 7F 45 BF 55 75 
	21 CA 73 1D 77 A9 66 E8 F3 B5 1A A1 71 4B 51 10 
	21 DB 3A 48 B7 31 19 B8 47 0B 23 A5 23 26 79 E3 
	98 32 52 42 3E C3 C2 76 B6 D0 AF FD F5 2E 63 AA 
	00 C4 88 1D 1E 55 B8 4A 59 03 CB 07 50 50 5B 05 
	ED 4B 71 91 C4 A2 0C 92 BA 9F 16 8C 50 30 1B 83 
	D3 14 1B E6 30 C4 35 2C B1 8B 73 55 17 82 74 33 
	49 51 23 8B 6E 0A 58 64 05 C1 C3 23 17 CE 3C 12 
	BB 2B 45 F5 46 9E D8 65 A5 E9 DA B9 30 0A 4A E4 
	79 2A E9 01 07 F0 08 74 62 63 36 E0 32 53 5E 11 
	64 7F F2 6C 6B B4 67 30 59 AB D6 07 8B AB B6 AD 
	90 AA 7D BF 9B 0A D6 83 8A 68 B9 80 FB 62 76 70 
	80 30 C2 74 04 D4 87 53 C7 58 20 45 00 7F BB BB 
	33 9C A1 84 FA 20 2E 40 E1 B0 70 78 2D 14 F9 A5 
	26 79 BA C7 F1 37 6C 2C 66 90 BC 5D 26 7C 25 ED 
	B6 9F 5D 14 C1 74 16 2C 34 B9 52 80 17 6D 02 4C 
	AB D4 65 27 7B C2 5B 3E 15 4E 94 E1 BB B2 F4 A4 
	83 32 20 7B D1 3F FF 79 1C 6E 7B 7D 09 E0 5A 89 
	AB A0 50 51 BF E4 5B 47 38 F7 6D A2 02 6D DD B3 
	5F AE E5 BE CC 0B 0B F3 22 05 BB A3 8F C4 F0 3F 
	A1 54 5A 01 FA A2 D5 55 13 9C 4B 17 F6 B6 B5 70 
	F8 03 2E A5 95 15 54 C2 E7 5A 90 3F 36 00 CD AA 
	31 65 A7 6A F6 14 7B F0 23 37 6C C3 0B 19 35 8E 
	6A 16 10 C9 5A A7 96 17 1F 72 72 98 13 E1 B8 2C 
	07 08 25 F8 AB 45 A8 C8 CF 25 24 C8 0B B3 89 58 
	C4 CF AC 9F A0 88 C1 24 E6 82 BB DB 3A 1B 5A 33 
	00 AD A5 EF 4A A0 23 DA C2 F5 DB 82 A5 0A B1 23 
	5A 24 0D 5A 34 56 4B 01 42 37 AA 60 81 C1 BE 11 
	82 58 64 B7 A0 DA 5D 20 6A 83 17 D5 79 D0 89 89 
	B4 AA AA A4 68 6C FA 59 B0 40 89 A4 77 E9 1A 40 
	BA 10 73 F9 93 A0 E3 54 47 56 6A DF F9 B3 00 33 
	59 F1 D8 7A 44 0B 16 79 63 45 C6 E2 C9 90 F9 2D 
	89 E6 92 49 B5 10 1A B1 40 C5 3A 08 A5 D1 7E D0 
	50 56 23 3C 6F 91 8C AC 3B 66 A3 94 73 07 55 84 
	A3 A1 D4 52 2E 90 47 54 9C 66 0E EA 03 0B 34 87 
	6C 65 95 F8 D4 21 C5 30 7E C5 D8 F3 D7 DC 0A 22 
	01 DD FC 26 AD 62 8B 6D C7 9B 09 0E 5D 09 2C A0 
	78 78 B9 50 35 3F D1 67 B1 57 9B A0 43 E9 EE 57 
	81 86 AC 05 58 CF 4C DD DD 6D B0 E6 B5 E7 98 7E 
	2C B4 F9 C0 43 B7 9C 20 A2 2E 97 25 99 A0 14 D8 
	36 41 20 60 B7 F0 2E A0 41 7E 5D CF 8B AE 07 62 
gy PQ/T (size 1120):
	27 B1 D6 35 A6 63 38 2D 99 E0 31 B3 E9 A5 D6 82 
	A0 95 45 04 93 56 AF 6F 13 54 DE D1 3E D2 9C 72 
	53 14 D8 9A 76 9A C7 C0 67 77 28 DB AB 2E 0C A4 
	C2 FB 83 D1 CD C3 23 AC 9C CD FC CE 1C A8 E7 EF 
	6A 2B 8A AC E8 3D A5 6D BA 08 F5 E7 9E 6B 61 B8 
	0E 5F 34 67 DF 48 69 56 3C 77 EA AC 69 62 46 61 
	02 78 3C 07 8A 5A DF 0B BB DD F1 DD 21 7B 8E 63 
	F0 11 B8 5E 57 3C 33 44 8D 04 4D A3 BA 50 70 4D 
	9B 62 3A 3E BD 80 78 B2 35 76 C4 EF 2B 86 B6 FD 
	9D E7 B4 DD B9 6C A2 11 F0 D2 6A 2E 6B FB 07 1B 
	60 D4 DF A1 50 18 9C AC 24 DE CC D2 7C C9 4D 84 
	BD 32 6F 53 51 A2 61 F9 5A 0C 4D C5 5C D2 2B 87 
	CC 79 D6 65 DF 3C D0 E6 7D DE 2B CC 07 8B F9 68 
	95 36 05 CA E4 5E 94 5A 7F 94 10 43 9C 20 D3 E2 
	A0 0A 7F 18 FA FD 81 7F 56 A0 59 C3 91 7E CA FE 
	43 B1 31 76 49 92 87 6B C6 E8 38 CD 71 4A 34 03 
	15 03 5F CB FE C1 D3 EA 40 41 8B 02 1D 95 5A 6D 
	C1 D8 AE D5 A8 2C 37 C7 2F 28 76 B4 7A B7 33 F6 
	47 F4 D8 C6 E4 D2 63 A2 B5 B4 23 C8 57 DA 01 61 
	39 9A E5 C7 0A 04 82 C8 25 97 62 AB 71 53 AF A1 
	22 11 DC 0F FE FA 9C 38 A8 57 F2 51 CE E1 A3 4A 
	FF 1D 81 E5 D2 31 95 E0 54 B9 C0 FB 3A CF 90 C6 
	8C 88 38 57 1A DC 67 01 E2 61 8C CA D9 3A 04 2D 
	15 2F C1 F6 BD 09 DA A6 DB 05 75 E9 B9 63 25 33 
	A8 D4 3C 38 59 B1 26 3A 18 64 79 94 E7 9D BA 0D 
	D8 56 8E CD 6A 1A 4C 44 16 66 1E FE C8 F2 2B 56 
	E0 5F 73 01 58 65 B7 E3 BC 31 D6 49 BD 3B F5 68 
	4A B7 7B 7C 3C E1 8C 7F 84 CA 0E 34 01 46 C5 02 
	9A 0D C7 60 44 30 3B DF B8 67 E3 15 26 FC B1 96 
	93 32 6D B8 73 B6 BA 10 47 E4 91 E0 3F DF 66 D4 
	89 14 F9 C4 5F C6 20 E4 78 CF 4E 5C 67 9C EB 14 
	6B 4D 41 CE 8A 2D A0 1C 52 E9 29 B1 79 E1 99 08 
	B9 F5 80 7B 79 25 CD 19 40 FF 37 4B 04 41 2A 30 
	E3 4D 39 BA 2A C6 48 D9 60 9F EB FA D3 84 D9 69 
	60 1C 5C BA 89 E9 05 5C 4C 4A E6 CF 25 33 04 93 
	C1 C4 37 87 A7 15 53 C8 3F 68 84 14 A7 F1 54 15 
	79 46 81 48 4A 03 95 30 BA B5 F9 CE EA 30 4A E8 
	42 31 53 D9 BD 00 66 54 78 C8 BD 2A 7F B9 C7 AB 
	5C EF B4 37 41 95 26 1A 49 66 BB BA AE 4E D2 D4 
	0C AF 4C 5D 83 0F 3F 73 96 B2 A0 F3 2D 10 A7 36 
	D0 87 55 C5 93 F5 C4 C5 A8 DD A9 70 7A B2 25 76 
	5B 48 58 22 37 16 CF E9 6D E1 0E ED 08 43 0D AD 
	04 01 39 FE 5C 37 10 42 66 8F 60 21 DD 55 0C BD 
	BB 5A 9C 4F 3C F8 72 55 F8 E1 0A C8 81 18 24 20 
	50 5D 5E A3 66 39 6E 78 C9 B7 E0 65 A0 7A AB F3 
	88 E2 2D 59 FF A4 8B B1 D4 C3 89 E9 DE BB AD 95 
	91 4E EB FC 45 19 C0 70 8D 0D 52 B1 32 B5 2C D8 
	C1 B3 9C 8F 84 7B FC 48 34 8A 5A 54 D6 87 A8 0A 
	FC 18 54 DA 82 6F 19 4D B0 A3 1A 4F 73 5B B4 40 
	D2 E5 02 53 53 A7 E6 A1 FB B3 9D 38 A1 9D F6 1B 
	DC FF BC 42 63 ED 27 BA 13 B9 0A 9B 67 95 8B C1 
	2A 3D 01 F7 A5 CF 9C 5B 07 06 B7 51 3D 0E 5D D4 
	1A D0 7C 96 CD FD AA 2F 75 D7 63 D1 63 6D D8 04 
	7B EC 93 82 0C 61 1A CD FF 45 7A CE EE B3 3A 4C 
	1F 95 DA E1 31 B0 32 9C D7 8E F6 FA E7 4C E9 41 
	DB D2 A1 EB B8 39 9D F2 72 1E D5 3E CC 8A FB A0 
	F7 65 3F DC 6D 12 B8 9E 0B 9D 15 A0 74 13 56 D6 
	6F BB EE 30 03 2E 94 1D B6 85 45 21 78 E4 41 FB 
	32 70 58 2F 29 5A 6A 1E 30 7C 42 04 86 1F A3 CC 
	00 9C 18 8C D4 1C 9A 6D 6A DD C5 1E 3E 06 02 59 
	13 1E A9 98 35 EC 23 D0 80 AD 07 6E 6A D5 7E B5 
	9A B3 76 43 C8 57 00 FA 35 DE A1 B8 81 5B DB 43 
	4C C3 9C 16 62 72 5C 00 B1 4A 64 9A F0 60 03 BF 
	63 29 91 FA 85 37 D4 51 C2 21 9B 68 31 77 78 FC 
	DE 69 26 F9 F5 39 36 04 5C CB 25 E7 3D EE B6 54 
	A8 D2 84 54 2E B8 B1 B0 4A EC 04 F5 62 22 7A 59 
	D1 CB CD 95 AA AF 5E 59 EA 62 9C FE 2A B5 99 3E 
	09 56 55 6C 60 C1 6E 7B 47 0B 63 CC FF 63 22 90 
	6C 94 34 FC 1D 09 23 7C B3 16 1C 12 A0 BE 28 48 
	0B 0B 30 2F DA 0D 5F 2C 5D 6E CC 7B CB 36 3D F8 
x DH  (size 32):
	30 8A EE 3F ED 8C 9D 04 0D 35 A7 FC 1F A7 76 FB 
	31 30 38 33 AA 2D E8 85 35 4D DF 3D 44 D8 FB 69 
gy DH (size 32):
	27 B1 D6 35 A6 63 38 2D 99 E0 31 B3 E9 A5 D6 82 
	A0 95 45 04 93 56 AF 6F 13 54 DE D1 3E D2 9C 72 
SHARED SECRET DERIVE
G_XY (ECDH shared secret)  (size 32):
	23 42 DA 3A 44 A9 28 77 02 7E D4 DE 6D 1E 8E A1 
	6A 64 F6 60 1A CF 0D 09 79 E2 32 07 86 54 F8 6D 
KEM decapsulation
x KEM  (size 2400):
	B3 9B 04 16 76 1B D8 08 9B BB 18 05 83 0B 7E CC 
	9B 44 38 56 60 CA EB CF A5 05 71 CC 43 C1 14 10 
	46 B5 40 C0 1E FC 21 26 36 AB A9 A0 41 F5 80 16 
	6D C1 44 97 24 0E E1 CB 57 B3 80 B6 51 BC 15 B8 
	05 34 33 C1 05 66 92 CD 86 A2 58 69 93 59 DE 5C 
	0E 2D 00 87 79 FA 2C DE 2C B4 67 5B B1 DC D4 9E 
	A9 1B 16 62 22 00 04 F9 41 83 E6 8A 39 36 17 01 
	60 6E BD F4 85 D3 49 35 5F A0 76 CF 46 CC 69 DC 
	4E 06 87 78 ED 50 46 BC 41 29 9A E2 C0 1C 53 30 
	47 B0 7C BE 61 BA F9 89 27 7B 58 6E 16 F7 A8 FD 
	14 02 B8 55 8E 2F 62 9C 22 42 51 A4 99 40 E9 9B 
	7C 77 D2 15 6F 51 83 29 12 72 1D BA 91 20 E6 A7 
	86 38 88 4F A2 5F B9 B5 9E 1E 75 99 09 05 20 AD 
	F2 91 FE 4A 07 61 05 CC F7 D4 55 EB 62 2F 9F BC 
	A1 FF 57 86 C8 61 B4 3D 87 15 29 85 70 DF 88 3F 
	CC A7 18 54 B4 89 4D 72 38 70 71 5D 01 D5 A9 F1 
	44 BA E3 13 5C 17 31 87 6C 6B 35 97 0C 4A 98 25 
	7D 9C 0A 97 A6 F2 AD F2 39 07 F5 3C 36 55 89 01 
	C3 F3 83 2F 20 74 BA 13 24 9C F0 08 55 47 6D 13 
	34 2A 8E A6 70 12 57 77 F3 F3 C4 02 2A 78 E8 2B 
	88 0B CA 02 27 C5 9D D0 34 AD 6B FB 81 8D B6 48 
	79 50 25 3B 2B 35 7B 62 1F 73 68 29 7E 97 39 F3 
	AB 1F 13 73 7D 2B D8 22 21 2B 86 4D D5 4D 26 7B 
	49 AC 26 B5 7A C2 22 42 41 4C 17 F1 5C A4 FA 9E 
	53 F6 1B FE 46 4D AF 45 4C 26 52 43 D3 F9 B9 CE 
	21 68 01 C4 CF CD 2C 01 4B DB 1C 1C E6 A1 A1 20 
	0A EB 66 41 B4 60 76 21 58 66 9D 89 48 09 0B 13 
	AD DB A9 50 B6 39 47 A1 A6 8A 96 64 E1 18 BA 8D 
	7C 0A BC 64 83 88 FA 95 A5 92 16 44 A8 18 F4 95 
	42 65 36 37 87 75 6A 5D B4 1A 76 E7 7A 68 60 8C 
	EE 48 3A 2F 71 93 C9 68 B2 6E 00 A3 51 1A 40 45 
	D4 8E 82 F2 2C 9E 55 92 91 F9 8C 69 98 0B 93 EB 
	84 1A B5 BD 80 28 08 5B 5C 25 E0 21 51 9F 50 71 
	12 21 29 7B 62 AF 2B 6C 64 BF 38 B3 41 E4 89 99 
	B9 5B F0 81 43 33 13 2C AF 46 33 AE A6 BE 70 59 
	91 58 45 04 51 8A 76 CA 6B 79 0B 82 02 F0 F9 C4 
	22 65 80 52 2B 06 5F 33 A6 7E F1 C0 1E A1 07 40 
	42 30 CD 11 13 F6 B3 8E 03 A3 8A F3 2A BC F5 D0 
	5A A4 DA 42 BA 73 2B D9 B4 33 B6 2A 4B A3 FB A2 
	F8 D7 6C 20 48 B1 13 79 6D 37 70 1B 5D 1C 78 32 
	45 52 69 83 1A 2C F2 B9 62 E4 70 DA A2 21 22 C5 
	48 C2 29 6F 1F 02 8F A5 15 91 88 78 12 90 13 50 
	82 61 CF 1B DA A3 C9 49 7B 5D 0A 05 74 58 CF D4 
	79 4B 39 05 65 04 62 1B D3 53 40 D0 BC A2 47 E4 
	BB D8 20 5C 54 D7 C0 62 4B C8 E0 35 9C B7 17 52 
	1F 13 1B BA 23 0E 01 F8 2D BF 20 3D E6 B6 B1 18 
	E9 C3 7E 14 0E E7 A0 C5 C2 51 90 FD E3 6C 69 93 
	0B 33 07 BA 15 0C 7B 5E 69 46 45 B3 C4 A6 50 01 
	75 FB C1 0F E7 20 44 12 34 1F 5C A5 2E 17 B4 83 
	5C 8F 1F 90 C6 6C 85 0D 03 6A 10 C0 B3 76 FB B9 
	11 54 21 CE 16 D6 82 AA 55 87 81 EA CF 6A 43 7A 
	2E CC 38 48 A8 A0 F8 5A 62 84 35 87 81 74 1B A8 
	35 9B 92 2B 4F CD E8 81 F8 60 55 3A 47 3E 74 24 
	96 6F DC A1 F1 F2 19 A9 F6 75 97 4B 32 2A A1 43 
	EC 45 6E E9 B9 28 51 A1 C8 53 B2 C9 F4 75 27 D7 
	76 09 FD 57 71 D9 FB 54 BB 5C 36 73 09 C1 2E 56 
	1F 78 65 AC 9A 50 1E DA 29 30 8D 2A 90 24 74 00 
	9B 5B 7D DC 44 0D FD E0 74 EF B2 BF 44 0A 9A 89 
	D3 14 DF F0 98 F7 46 19 6B 78 82 69 26 80 72 6A 
	BC AF D7 53 34 04 C8 B1 71 C9 63 7B 36 41 72 40 
	32 2C 54 3D 5A 43 07 56 A9 84 82 2C 42 B4 8C C2 
	83 A2 D6 E7 4B CA 94 22 1C 90 BC FD 13 66 DA 04 
	44 A8 68 63 6F 01 B6 F1 E5 AF C0 30 8D 58 77 5C 
	4F D1 12 CA 13 58 1F AA 8E B8 18 34 29 81 3C 60 
	64 41 AC C3 B0 C3 C5 A9 E2 D3 BE 54 EB A7 F0 DC 
	9E 63 D1 0C C1 62 58 B1 18 29 41 7C 80 59 0A 9E 
	57 41 9A C9 01 A4 3B E9 9A 30 2C 90 8F 34 5D 55 
	96 39 F4 C1 3F 73 36 0E 26 DB C2 40 46 02 98 B2 
	8E 53 0B B8 E0 56 1B F9 CC 87 10 2B 6C 55 82 0C 
	F9 80 7A 8B D8 35 88 38 13 C7 8A 41 CF E2 08 9C 
	2C 0A D5 5B C6 5C 53 AA 07 44 AC C0 E8 28 41 E2 
	0E 8B F1 8D 9D 08 08 A4 67 3C 60 A0 0D 28 72 CD 
	87 07 21 16 8A 89 1C 1C 88 AB 3B CD 93 F5 9A 10 
	7B 53 53 C0 BB 88 60 A8 10 CA 12 B0 5C 8E 0B 02 
	A7 9A 44 5D 10 F6 30 5B 08 2A 93 C3 25 5E C2 36 
	F7 D8 54 AE 5A 80 0D 09 85 8C A8 96 BC 66 BD 33 
	A7 75 A9 86 CB 03 40 7E B6 D8 52 A3 94 14 32 E9 
	32 7B 49 1B 29 A5 93 42 F6 63 F6 17 94 66 86 BE 
	18 5A B2 0F 23 25 83 B0 4B E6 A8 5A 90 58 7C F8 
	91 2B 17 79 C3 9B A8 49 52 8C B8 9B 7C 09 AA 1B 
	4F 2D 36 77 CA 56 15 C9 97 A5 E4 D6 C0 24 88 77 
	0B 29 97 B3 77 AE C2 41 CF 88 61 8A A9 F1 4A 7F 
	E2 48 1E D5 58 9D 7C C3 9C 09 30 6F 48 B3 10 F6 
	C8 3E B2 70 BE 33 96 C3 D0 29 76 B1 4E 60 0B 91 
	80 0B 7B 0A F6 8A B2 45 B0 21 E9 3E 97 5B 11 9E 
	D1 72 E6 BA 06 72 DB 2D 59 97 B5 16 B1 6A E7 4A 
	C3 3E A8 9C 2F 3C 14 2B 26 78 CE 43 98 31 D8 03 
	12 26 09 22 43 2A 39 CC 83 D9 08 7B 8A CA 01 26 
	11 77 D6 42 55 0E 5C AC 9F 08 74 FA E9 90 42 82 
	4B F1 AB AA 18 B8 6F A1 36 17 A2 A6 3A 3D 73 98 
	A7 87 4A 09 6C 48 A6 1C 76 D0 A5 BD 71 4C 69 C4 
	00 1D 00 79 0F BB CC CD 03 68 B7 95 B5 66 97 5C 
	9B 14 26 76 BF 77 32 C4 E4 4B BD 71 15 98 C4 36 
	D5 00 48 05 28 AB 73 D1 63 CF 51 34 D0 59 19 1B 
	02 2A D0 1B 64 C6 E8 2A 81 5B 66 0B 84 3F 8B BA 
	6A 3F 0B 1D 9E 9A 39 82 3A 99 1D 02 5D 08 B2 3A 
	0A 0C C8 99 CC 53 A1 8C 10 74 FB A4 47 89 A8 29 
	34 18 4B 41 B0 35 82 19 6B 28 BF 7B D6 53 DC B6 
	C5 B5 1A 12 12 C2 6D E6 8A 7D 99 3B 49 20 6A 2E 
	50 D0 AF 09 E9 37 10 62 A3 5A E2 62 50 93 6B 0C 
	7A 19 A1 2C 78 6F 05 35 99 F1 BB EA BC 3D E5 C0 
	0F F6 3A 5E B8 40 91 04 84 69 DF 75 8F 29 E6 89 
	30 52 7A 63 07 A7 CA A6 05 E8 48 B3 32 E7 35 CC 
	E9 A8 2C 24 72 B3 31 93 5C A9 C7 67 73 01 27 03 
	49 0B D5 CD 77 C4 44 A2 4C 0C 5F 5C 70 2F 4A 09 
	3F 36 6A 5C 14 8C 8E E5 08 4D 2A 47 58 83 3F F3 
	23 1C 5B 44 26 45 B7 57 50 CA B2 48 C7 44 EE E8 
	99 D9 65 24 37 F8 07 94 B6 0A 57 F7 2E 5C A4 31 
	92 D9 18 CE 72 0D A9 91 57 7B 9C B1 08 12 2C 5E 
	B9 BD 8A C7 68 60 D2 98 71 EA 92 7F 45 BF 55 75 
	21 CA 73 1D 77 A9 66 E8 F3 B5 1A A1 71 4B 51 10 
	21 DB 3A 48 B7 31 19 B8 47 0B 23 A5 23 26 79 E3 
	98 32 52 42 3E C3 C2 76 B6 D0 AF FD F5 2E 63 AA 
	00 C4 88 1D 1E 55 B8 4A 59 03 CB 07 50 50 5B 05 
	ED 4B 71 91 C4 A2 0C 92 BA 9F 16 8C 50 30 1B 83 
	D3 14 1B E6 30 C4 35 2C B1 8B 73 55 17 82 74 33 
	49 51 23 8B 6E 0A 58 64 05 C1 C3 23 17 CE 3C 12 
	BB 2B 45 F5 46 9E D8 65 A5 E9 DA B9 30 0A 4A E4 
	79 2A E9 01 07 F0 08 74 62 63 36 E0 32 53 5E 11 
	64 7F F2 6C 6B B4 67 30 59 AB D6 07 8B AB B6 AD 
	90 AA 7D BF 9B 0A D6 83 8A 68 B9 80 FB 62 76 70 
	80 30 C2 74 04 D4 87 53 C7 58 20 45 00 7F BB BB 
	33 9C A1 84 FA 20 2E 40 E1 B0 70 78 2D 14 F9 A5 
	26 79 BA C7 F1 37 6C 2C 66 90 BC 5D 26 7C 25 ED 
	B6 9F 5D 14 C1 74 16 2C 34 B9 52 80 17 6D 02 4C 
	AB D4 65 27 7B C2 5B 3E 15 4E 94 E1 BB B2 F4 A4 
	83 32 20 7B D1 3F FF 79 1C 6E 7B 7D 09 E0 5A 89 
	AB A0 50 51 BF E4 5B 47 38 F7 6D A2 02 6D DD B3 
	5F AE E5 BE CC 0B 0B F3 22 05 BB A3 8F C4 F0 3F 
	A1 54 5A 01 FA A2 D5 55 13 9C 4B 17 F6 B6 B5 70 
	F8 03 2E A5 95 15 54 C2 E7 5A 90 3F 36 00 CD AA 
	31 65 A7 6A F6 14 7B F0 23 37 6C C3 0B 19 35 8E 
	6A 16 10 C9 5A A7 96 17 1F 72 72 98 13 E1 B8 2C 
	07 08 25 F8 AB 45 A8 C8 CF 25 24 C8 0B B3 89 58 
	C4 CF AC 9F A0 88 C1 24 E6 82 BB DB 3A 1B 5A 33 
	00 AD A5 EF 4A A0 23 DA C2 F5 DB 82 A5 0A B1 23 
	5A 24 0D 5A 34 56 4B 01 42 37 AA 60 81 C1 BE 11 
	82 58 64 B7 A0 DA 5D 20 6A 83 17 D5 79 D0 89 89 
	B4 AA AA A4 68 6C FA 59 B0 40 89 A4 77 E9 1A 40 
	BA 10 73 F9 93 A0 E3 54 47 56 6A DF F9 B3 00 33 
	59 F1 D8 7A 44 0B 16 79 63 45 C6 E2 C9 90 F9 2D 
	89 E6 92 49 B5 10 1A B1 40 C5 3A 08 A5 D1 7E D0 
	50 56 23 3C 6F 91 8C AC 3B 66 A3 94 73 07 55 84 
	A3 A1 D4 52 2E 90 47 54 9C 66 0E EA 03 0B 34 87 
	6C 65 95 F8 D4 21 C5 30 7E C5 D8 F3 D7 DC 0A 22 
	01 DD FC 26 AD 62 8B 6D C7 9B 09 0E 5D 09 2C A0 
	78 78 B9 50 35 3F D1 67 B1 57 9B A0 43 E9 EE 57 
	81 86 AC 05 58 CF 4C DD DD 6D B0 E6 B5 E7 98 7E 
	2C B4 F9 C0 43 B7 9C 20 A2 2E 97 25 99 A0 14 D8 
	36 41 20 60 B7 F0 2E A0 41 7E 5D CF 8B AE 07 62 
gy KEM: (PQ CC) (size 1088):
	53 14 D8 9A 76 9A C7 C0 67 77 28 DB AB 2E 0C A4 
	C2 FB 83 D1 CD C3 23 AC 9C CD FC CE 1C A8 E7 EF 
	6A 2B 8A AC E8 3D A5 6D BA 08 F5 E7 9E 6B 61 B8 
	0E 5F 34 67 DF 48 69 56 3C 77 EA AC 69 62 46 61 
	02 78 3C 07 8A 5A DF 0B BB DD F1 DD 21 7B 8E 63 
	F0 11 B8 5E 57 3C 33 44 8D 04 4D A3 BA 50 70 4D 
	9B 62 3A 3E BD 80 78 B2 35 76 C4 EF 2B 86 B6 FD 
	9D E7 B4 DD B9 6C A2 11 F0 D2 6A 2E 6B FB 07 1B 
	60 D4 DF A1 50 18 9C AC 24 DE CC D2 7C C9 4D 84 
	BD 32 6F 53 51 A2 61 F9 5A 0C 4D C5 5C D2 2B 87 
	CC 79 D6 65 DF 3C D0 E6 7D DE 2B CC 07 8B F9 68 
	95 36 05 CA E4 5E 94 5A 7F 94 10 43 9C 20 D3 E2 
	A0 0A 7F 18 FA FD 81 7F 56 A0 59 C3 91 7E CA FE 
	43 B1 31 76 49 92 87 6B C6 E8 38 CD 71 4A 34 03 
	15 03 5F CB FE C1 D3 EA 40 41 8B 02 1D 95 5A 6D 
	C1 D8 AE D5 A8 2C 37 C7 2F 28 76 B4 7A B7 33 F6 
	47 F4 D8 C6 E4 D2 63 A2 B5 B4 23 C8 57 DA 01 61 
	39 9A E5 C7 0A 04 82 C8 25 97 62 AB 71 53 AF A1 
	22 11 DC 0F FE FA 9C 38 A8 57 F2 51 CE E1 A3 4A 
	FF 1D 81 E5 D2 31 95 E0 54 B9 C0 FB 3A CF 90 C6 
	8C 88 38 57 1A DC 67 01 E2 61 8C CA D9 3A 04 2D 
	15 2F C1 F6 BD 09 DA A6 DB 05 75 E9 B9 63 25 33 
	A8 D4 3C 38 59 B1 26 3A 18 64 79 94 E7 9D BA 0D 
	D8 56 8E CD 6A 1A 4C 44 16 66 1E FE C8 F2 2B 56 
	E0 5F 73 01 58 65 B7 E3 BC 31 D6 49 BD 3B F5 68 
	4A B7 7B 7C 3C E1 8C 7F 84 CA 0E 34 01 46 C5 02 
	9A 0D C7 60 44 30 3B DF B8 67 E3 15 26 FC B1 96 
	93 32 6D B8 73 B6 BA 10 47 E4 91 E0 3F DF 66 D4 
	89 14 F9 C4 5F C6 20 E4 78 CF 4E 5C 67 9C EB 14 
	6B 4D 41 CE 8A 2D A0 1C 52 E9 29 B1 79 E1 99 08 
	B9 F5 80 7B 79 25 CD 19 40 FF 37 4B 04 41 2A 30 
	E3 4D 39 BA 2A C6 48 D9 60 9F EB FA D3 84 D9 69 
	60 1C 5C BA 89 E9 05 5C 4C 4A E6 CF 25 33 04 93 
	C1 C4 37 87 A7 15 53 C8 3F 68 84 14 A7 F1 54 15 
	79 46 81 48 4A 03 95 30 BA B5 F9 CE EA 30 4A E8 
	42 31 53 D9 BD 00 66 54 78 C8 BD 2A 7F B9 C7 AB 
	5C EF B4 37 41 95 26 1A 49 66 BB BA AE 4E D2 D4 
	0C AF 4C 5D 83 0F 3F 73 96 B2 A0 F3 2D 10 A7 36 
	D0 87 55 C5 93 F5 C4 C5 A8 DD A9 70 7A B2 25 76 
	5B 48 58 22 37 16 CF E9 6D E1 0E ED 08 43 0D AD 
	04 01 39 FE 5C 37 10 42 66 8F 60 21 DD 55 0C BD 
	BB 5A 9C 4F 3C F8 72 55 F8 E1 0A C8 81 18 24 20 
	50 5D 5E A3 66 39 6E 78 C9 B7 E0 65 A0 7A AB F3 
	88 E2 2D 59 FF A4 8B B1 D4 C3 89 E9 DE BB AD 95 
	91 4E EB FC 45 19 C0 70 8D 0D 52 B1 32 B5 2C D8 
	C1 B3 9C 8F 84 7B FC 48 34 8A 5A 54 D6 87 A8 0A 
	FC 18 54 DA 82 6F 19 4D B0 A3 1A 4F 73 5B B4 40 
	D2 E5 02 53 53 A7 E6 A1 FB B3 9D 38 A1 9D F6 1B 
	DC FF BC 42 63 ED 27 BA 13 B9 0A 9B 67 95 8B C1 
	2A 3D 01 F7 A5 CF 9C 5B 07 06 B7 51 3D 0E 5D D4 
	1A D0 7C 96 CD FD AA 2F 75 D7 63 D1 63 6D D8 04 
	7B EC 93 82 0C 61 1A CD FF 45 7A CE EE B3 3A 4C 
	1F 95 DA E1 31 B0 32 9C D7 8E F6 FA E7 4C E9 41 
	DB D2 A1 EB B8 39 9D F2 72 1E D5 3E CC 8A FB A0 
	F7 65 3F DC 6D 12 B8 9E 0B 9D 15 A0 74 13 56 D6 
	6F BB EE 30 03 2E 94 1D B6 85 45 21 78 E4 41 FB 
	32 70 58 2F 29 5A 6A 1E 30 7C 42 04 86 1F A3 CC 
	00 9C 18 8C D4 1C 9A 6D 6A DD C5 1E 3E 06 02 59 
	13 1E A9 98 35 EC 23 D0 80 AD 07 6E 6A D5 7E B5 
	9A B3 76 43 C8 57 00 FA 35 DE A1 B8 81 5B DB 43 
	4C C3 9C 16 62 72 5C 00 B1 4A 64 9A F0 60 03 BF 
	63 29 91 FA 85 37 D4 51 C2 21 9B 68 31 77 78 FC 
	DE 69 26 F9 F5 39 36 04 5C CB 25 E7 3D EE B6 54 
	A8 D2 84 54 2E B8 B1 B0 4A EC 04 F5 62 22 7A 59 
	D1 CB CD 95 AA AF 5E 59 EA 62 9C FE 2A B5 99 3E 
	09 56 55 6C 60 C1 6E 7B 47 0B 63 CC FF 63 22 90 
	6C 94 34 FC 1D 09 23 7C B3 16 1C 12 A0 BE 28 48 
	0B 0B 30 2F DA 0D 5F 2C 5D 6E CC 7B CB 36 3D F8 
G_XY (PQ SS)  (size 32):
	01 E6 1E 95 E4 75 81 03 E6 91 71 02 93 86 45 3E 
	82 17 B5 CB 4A 86 82 FD 89 86 2D B2 4B 0F 1C BF 
hash_msg1_raw (size 32):
	AF 24 7E 2D B1 BE F4 4F B5 1F BB 52 65 E7 0F 87 
	D1 56 0F D1 AB 13 A7 69 D3 2C F9 65 AC 8A AC 57 
Input to calculate TH_2 (CBOR Sequence) (size 1157):
	59 04 60 27 B1 D6 35 A6 63 38 2D 99 E0 31 B3 E9 
	A5 D6 82 A0 95 45 04 93 56 AF 6F 13 54 DE D1 3E 
	D2 9C 72 53 14 D8 9A 76 9A C7 C0 67 77 28 DB AB 
	2E 0C A4 C2 FB 83 D1 CD C3 23 AC 9C CD FC CE 1C 
	A8 E7 EF 6A 2B 8A AC E8 3D A5 6D BA 08 F5 E7 9E 
	6B 61 B8 0E 5F 34 67 DF 48 69 56 3C 77 EA AC 69 
	62 46 61 02 78 3C 07 8A 5A DF 0B BB DD F1 DD 21 
	7B 8E 63 F0 11 B8 5E 57 3C 33 44 8D 04 4D A3 BA 
	50 70 4D 9B 62 3A 3E BD 80 78 B2 35 76 C4 EF 2B 
	86 B6 FD 9D E7 B4 DD B9 6C A2 11 F0 D2 6A 2E 6B 
	FB 07 1B 60 D4 DF A1 50 18 9C AC 24 DE CC D2 7C 
	C9 4D 84 BD 32 6F 53 51 A2 61 F9 5A 0C 4D C5 5C 
	D2 2B 87 CC 79 D6 65 DF 3C D0 E6 7D DE 2B CC 07 
	8B F9 68 95 36 05 CA E4 5E 94 5A 7F 94 10 43 9C 
	20 D3 E2 A0 0A 7F 18 FA FD 81 7F 56 A0 59 C3 91 
	7E CA FE 43 B1 31 76 49 92 87 6B C6 E8 38 CD 71 
	4A 34 03 15 03 5F CB FE C1 D3 EA 40 41 8B 02 1D 
	95 5A 6D C1 D8 AE D5 A8 2C 37 C7 2F 28 76 B4 7A 
	B7 33 F6 47 F4 D8 C6 E4 D2 63 A2 B5 B4 23 C8 57 
	DA 01 61 39 9A E5 C7 0A 04 82 C8 25 97 62 AB 71 
	53 AF A1 22 11 DC 0F FE FA 9C 38 A8 57 F2 51 CE 
	E1 A3 4A FF 1D 81 E5 D2 31 95 E0 54 B9 C0 FB 3A 
	CF 90 C6 8C 88 38 57 1A DC 67 01 E2 61 8C CA D9 
	3A 04 2D 15 2F C1 F6 BD 09 DA A6 DB 05 75 E9 B9 
	63 25 33 A8 D4 3C 38 59 B1 26 3A 18 64 79 94 E7 
	9D BA 0D D8 56 8E CD 6A 1A 4C 44 16 66 1E FE C8 
	F2 2B 56 E0 5F 73 01 58 65 B7 E3 BC 31 D6 49 BD 
	3B F5 68 4A B7 7B 7C 3C E1 8C 7F 84 CA 0E 34 01 
	46 C5 02 9A 0D C7 60 44 30 3B DF B8 67 E3 15 26 
	FC B1 96 93 32 6D B8 73 B6 BA 10 47 E4 91 E0 3F 
	DF 66 D4 89 14 F9 C4 5F C6 20 E4 78 CF 4E 5C 67 
	9C EB 14 6B 4D 41 CE 8A 2D A0 1C 52 E9 29 B1 79 
	E1 99 08 B9 F5 80 7B 79 25 CD 19 40 FF 37 4B 04 
	41 2A 30 E3 4D 39 BA 2A C6 48 D9 60 9F EB FA D3 
	84 D9 69 60 1C 5C BA 89 E9 05 5C 4C 4A E6 CF 25 
	33 04 93 C1 C4 37 87 A7 15 53 C8 3F 68 84 14 A7 
	F1 54 15 79 46 81 48 4A 03 95 30 BA B5 F9 CE EA 
	30 4A E8 42 31 53 D9 BD 00 66 54 78 C8 BD 2A 7F 
	B9 C7 AB 5C EF B4 37 41 95 26 1A 49 66 BB BA AE 
	4E D2 D4 0C AF 4C 5D 83 0F 3F 73 96 B2 A0 F3 2D 
	10 A7 36 D0 87 55 C5 93 F5 C4 C5 A8 DD A9 70 7A 
	B2 25 76 5B 48 58 22 37 16 CF E9 6D E1 0E ED 08 
	43 0D AD 04 01 39 FE 5C 37 10 42 66 8F 60 21 DD 
	55 0C BD BB 5A 9C 4F 3C F8 72 55 F8 E1 0A C8 81 
	18 24 20 50 5D 5E A3 66 39 6E 78 C9 B7 E0 65 A0 
	7A AB F3 88 E2 2D 59 FF A4 8B B1 D4 C3 89 E9 DE 
	BB AD 95 91 4E EB FC 45 19 C0 70 8D 0D 52 B1 32 
	B5 2C D8 C1 B3 9C 8F 84 7B FC 48 34 8A 5A 54 D6 
	87 A8 0A FC 18 54 DA 82 6F 19 4D B0 A3 1A 4F 73 
	5B B4 40 D2 E5 02 53 53 A7 E6 A1 FB B3 9D 38 A1 
	9D F6 1B DC FF BC 42 63 ED 27 BA 13 B9 0A 9B 67 
	95 8B C1 2A 3D 01 F7 A5 CF 9C 5B 07 06 B7 51 3D 
	0E 5D D4 1A D0 7C 96 CD FD AA 2F 75 D7 63 D1 63 
	6D D8 04 7B EC 93 82 0C 61 1A CD FF 45 7A CE EE 
	B3 3A 4C 1F 95 DA E1 31 B0 32 9C D7 8E F6 FA E7 
	4C E9 41 DB D2 A1 EB B8 39 9D F2 72 1E D5 3E CC 
	8A FB A0 F7 65 3F DC 6D 12 B8 9E 0B 9D 15 A0 74 
	13 56 D6 6F BB EE 30 03 2E 94 1D B6 85 45 21 78 
	E4 41 FB 32 70 58 2F 29 5A 6A 1E 30 7C 42 04 86 
	1F A3 CC 00 9C 18 8C D4 1C 9A 6D 6A DD C5 1E 3E 
	06 02 59 13 1E A9 98 35 EC 23 D0 80 AD 07 6E 6A 
	D5 7E B5 9A B3 76 43 C8 57 00 FA 35 DE A1 B8 81 
	5B DB 43 4C C3 9C 16 62 72 5C 00 B1 4A 64 9A F0 
	60 03 BF 63 29 91 FA 85 37 D4 51 C2 21 9B 68 31 
	77 78 FC DE 69 26 F9 F5 39 36 04 5C CB 25 E7 3D 
	EE B6 54 A8 D2 84 54 2E B8 B1 B0 4A EC 04 F5 62 
	22 7A 59 D1 CB CD 95 AA AF 5E 59 EA 62 9C FE 2A 
	B5 99 3E 09 56 55 6C 60 C1 6E 7B 47 0B 63 CC FF 
	63 22 90 6C 94 34 FC 1D 09 23 7C B3 16 1C 12 A0 
	BE 28 48 0B 0B 30 2F DA 0D 5F 2C 5D 6E CC 7B CB 
	36 3D F8 58 20 AF 24 7E 2D B1 BE F4 4F B5 1F BB 
	52 65 E7 0F 87 D1 56 0F D1 AB 13 A7 69 D3 2C F9 
	65 AC 8A AC 57 
TH2 (size 32):
	D3 48 7B D3 F1 BC 71 C6 FC 8E AB CF 44 6C C0 DF 
	51 5F 07 DB 0F 50 66 04 57 1A 23 7C C0 54 17 C5 
TH_2 (size 32):
	D3 48 7B D3 F1 BC 71 C6 FC 8E AB CF 44 6C C0 DF 
	51 5F 07 DB 0F 50 66 04 57 1A 23 7C C0 54 17 C5 
GX_Y (for prk_2e) (size 32):
	23 42 DA 3A 44 A9 28 77 02 7E D4 DE 6D 1E 8E A1 
	6A 64 F6 60 1A CF 0D 09 79 E2 32 07 86 54 F8 6D 
PRK_2e (first DH derivation) (size 32):
	F3 AD 0E 3C 8D F3 D0 07 58 EF 3D 8B 4B 48 5A 2E 
	98 81 7D EF 8F 0B 0A 71 34 AC E6 C2 AF 65 6F D3 
PRK_2e_b (second KEM DH) (size 32):
	A5 62 E3 41 DC 48 92 78 C6 F1 E7 5C C0 53 91 7C 
	CC D2 4A 56 AE BB 21 68 D6 D2 96 46 3D C3 FD 4D 
PRK_2e (size 32):
	A5 62 E3 41 DC 48 92 78 C6 F1 E7 5C C0 53 91 7C 
	CC D2 4A 56 AE BB 21 68 D6 D2 96 46 3D C3 FD 4D 
KEYSTREAM_2 (size 12):
	E6 94 DB 9E AC 5D CB 49 34 70 31 87 
associated_data (size 45):
	83 68 45 6E 63 72 79 70 74 30 40 58 20 D3 48 7B 
	D3 F1 BC 71 C6 FC 8E AB CF 44 6C C0 DF 51 5F 07 
	DB 0F 50 66 04 57 1A 23 7C C0 54 17 C5 
plaintext (size 12):
	41 A1 01 48 C9 2C D1 63 26 FF 26 17 
C_R (raw) (size 1):
	A1 
ID_CRED (size 3):
	A1 04 01 
sign_or_mac (size 8):
	C9 2C D1 63 26 FF 26 17 
[cred] lookup ID_CRED len=3
A10401
[cred] cred_array entries: 5
[cred] candidate[0] len=3 A10401
[cred] candidate[1] len=3 A10401
[cred] candidate[2] len=7 A1043A271CE614
[cred] candidate[3] len=7 A1043A39D0E614
[cred] candidate[4] len=7 A1041A0BD419EB
SHARED SECRET DERIVE
dh_secret (size 32):
	16 97 10 01 99 18 A8 54 1B A3 52 5C 8E 48 5B E2 
	43 22 F8 E6 D1 35 A8 7C 69 E0 DF CC 76 8E ED 5B 
SALT_3e2m or SALT4e3m (size 32):
	C2 F8 2C C5 C4 E4 D4 BF 1A B2 3D 3E 86 90 85 7D 
	68 3F E9 B8 4C B4 3D EA 7E F3 BE 9C 11 C5 B5 0A 
prk_3e2m (size 32):
	2C 3A 8E ED 6B 84 A7 1F 29 E4 44 22 43 89 C6 2E 
	8A 19 D7 E9 1A 83 B2 B1 71 86 1F D5 97 B7 C3 DA 
TMP size: 32
CBOR ENCODE ERROR: 0
MAX ID CRED: 400 cred len 3
MAX CRED: 765 cred len 3
PK SIZE: 65
SIGNATURE SIZE: 500
CONTEXT_MAC_SIZE: 1204
CONTEXT_MAC len: 42
CR len: 2
TH enc len: 34
TMP size: 1
CBOR ENCODE ERROR: 0
MAC context (size 42):
	41 A1 A1 04 01 58 20 D3 48 7B D3 F1 BC 71 C6 FC 
	8E AB CF 44 6C C0 DF 51 5F 07 DB 0F 50 66 04 57 
	1A 23 7C C0 54 17 C5 A1 04 01 
MAC 2/3 (size 8):
	C9 2C D1 63 26 FF 26 17 
th23 (size 32):
	D3 48 7B D3 F1 BC 71 C6 FC 8E AB CF 44 6C C0 DF 
	51 5F 07 DB 0F 50 66 04 57 1A 23 7C C0 54 17 C5 
plaintext_23 (size 12):
	41 A1 01 48 C9 2C D1 63 26 FF 26 17 
cred (size 3):
	A1 04 01 
TMP size: 32
CBOR ENCODE ERROR: 0
Encoded
memcopy1
memcopy2
Input to calculate TH_3/TH_4 (CBOR Sequence) (size 49):
	58 20 D3 48 7B D3 F1 BC 71 C6 FC 8E AB CF 44 6C 
	C0 DF 51 5F 07 DB 0F 50 66 04 57 1A 23 7C C0 54 
	17 C5 41 A1 01 48 C9 2C D1 63 26 FF 26 17 A1 04 
	01 
TH34 (size 32):
	93 FD 91 09 A8 F9 0D 2D B2 32 70 B3 C9 E9 11 BF 
	C6 7E 02 E6 7A 71 A2 1C 4D AC A7 1B A9 F7 4E EC 
SHARED SECRET DERIVE
dh_secret (size 32):
	6C AA 7E E1 BA D2 D5 D5 C3 6D 15 AA 95 09 CF D4 
	84 71 E2 B0 43 B8 D2 92 C7 78 9F 3C 1B 1B 6C 3F 
SALT_3e2m or SALT4e3m (size 32):
	4F B7 3A 7F 7A 73 8E AC E4 70 CE 6B 9A 2A 6E 99 
	CB B1 EA B5 31 ED DE 7D 39 F9 C3 59 32 43 C7 19 
prk_4e3m (size 32):
	D6 7A F6 F4 4E 6D 25 AE 80 CA C4 33 2D 9C E3 52 
	F8 13 0A B1 05 8F FD 23 D7 C2 0C F0 85 AC BC 22 
TMP size: 32
CBOR ENCODE ERROR: 0
MAX ID CRED: 400 cred len 3
MAX CRED: 765 cred len 3
PK SIZE: 65
SIGNATURE SIZE: 500
CONTEXT_MAC_SIZE: 1204
CONTEXT_MAC len: 41
CR len: 1
TH enc len: 34
MAC context (size 40):
	A1 04 00 58 20 93 FD 91 09 A8 F9 0D 2D B2 32 70 
	B3 C9 E9 11 BF C6 7E 02 E6 7A 71 A2 1C 4D AC A7 
	1B A9 F7 4E EC A1 04 00 
MAC 2/3 (size 8):
	C5 E6 C4 8C EE 69 F7 99 
TMP size: 8
CBOR ENCODE ERROR: 0
kid (size 1):
	00 
K_3 (size 16):
	A2 50 B3 3D 0F 8C 99 E0 2D 04 53 81 33 2E 8F 76 
IV_3 (size 13):
	DB BA 2C 35 2A A3 91 3D 50 10 07 F1 23 
aad_data (size 45):
	83 68 45 6E 63 72 79 70 74 30 40 58 20 93 FD 91 
	09 A8 F9 0D 2D B2 32 70 B3 C9 E9 11 BF C6 7E 02 
	E6 7A 71 A2 1C 4D AC A7 1B A9 F7 4E EC 
ciphertext_2/3/4 (size 20):
	B2 78 16 3C 21 AF 75 35 C7 23 FF 94 36 40 89 72 
	A5 7D DA FE 
CIPHERTEXT: (size 20):
	B2 78 16 3C 21 AF 75 35 C7 23 FF 94 36 40 89 72 
	A5 7D DA FE 
MSG out size:24
TMP size: 20
CBOR ENCODE ERROR: 0
msg3 (size 21):
	54 B2 78 16 3C 21 AF 75 35 C7 23 FF 94 36 40 89 
	72 A5 7D DA FE 
th23 (size 32):
	93 FD 91 09 A8 F9 0D 2D B2 32 70 B3 C9 E9 11 BF 
	C6 7E 02 E6 7A 71 A2 1C 4D AC A7 1B A9 F7 4E EC 
plaintext_23 (size 12):
	A1 04 00 48 C5 E6 C4 8C EE 69 F7 99 
cred (size 3):
	A1 04 00 
TMP size: 32
CBOR ENCODE ERROR: 0
Encoded
memcopy1
memcopy2
Input to calculate TH_3/TH_4 (CBOR Sequence) (size 49):
	58 20 93 FD 91 09 A8 F9 0D 2D B2 32 70 B3 C9 E9 
	11 BF C6 7E 02 E6 7A 71 A2 1C 4D AC A7 1B A9 F7 
	4E EC A1 04 00 48 C5 E6 C4 8C EE 69 F7 99 A1 04 
	00 
TH34 (size 32):
	5F 83 1D 5B 68 D6 02 BB 79 EB CF 7E 89 DB 79 14 
	4F 8E 55 EF 43 CC 5E 7B A6 12 AF D3 16 4A DB 47 
[init] tx sent 21 bytes
[init] edhoc_initiator_run completed
PRK_out (size 32):
	DA 43 D9 F4 63 29 07 2D 91 D0 8F 4D 7C E1 AB AE 
	F3 AF 96 9D E9 67 6B 27 BB 4F CA 55 AE 02 E3 DD 
prk_exporter (size 32):
	D6 70 75 8A 79 20 E8 DB 46 CD 45 C2 6B 91 19 01 
	10 14 61 F2 07 D2 FB 32 3C C6 E5 56 5A 00 DA 9B 
OSCORE Master Secret (size 16):
	AB 71 A0 0C 30 AB 42 0E B1 67 03 7D E9 6F EC B9 
OSCORE Master Salt (size 8):
	64 C8 46 11 87 F4 1B 10 
