[resp] get_suite
[resp] suite ready
IPv4 server with address 0.0.0.0 started!
[resp] socket ready
[resp] static DH keygen
[resp] static initiator pk
[resp] ephemeral DH keygen
[resp] starting edhoc_responder_run
[resp] rx got 1223 bytes
message_1 (CBOR Sequence) (size 1223):
	03 15 59 04 C0 FB B4 6F DD 17 E8 B7 0E C5 98 DE 
	CB B6 C8 4A 15 29 B0 DF CF 9E DE D9 C5 F8 D3 BF 
	64 F5 52 D2 10 2D B1 53 0F 02 A0 81 8A A2 D3 F4 
	75 2D 07 05 10 09 4D 35 44 73 AC 6C 04 B7 6C 96 
	5E F3 02 43 76 4B 7E E1 A7 32 09 AA 04 6B 55 3D 
	C7 B1 97 88 03 67 69 4B 3B 51 35 A4 53 80 FC 24 
	55 98 12 56 43 94 A5 C3 04 AD 65 79 18 D9 B2 39 
	61 34 85 80 C7 44 75 80 2E 66 E4 95 12 B7 11 78 
	3C 47 79 C6 02 F5 B9 7B 68 02 7A EC 2B 2C 74 EB 
	46 A6 AB 61 6A 40 8C 43 CB C2 CF A7 08 F0 9C B6 
	04 2B 71 9B 76 9A 55 97 41 C6 46 17 97 6A 2D 3F 
	F8 C5 75 32 64 96 CB 1B AB E6 57 BC EA 6F F7 47 
	CA BE 33 73 B0 1C C5 C1 E9 32 5F A4 4D 03 07 C3 
	EF 03 BB CC EB 7F 27 A3 90 15 F0 81 8D 59 B8 EB 
	90 55 80 E4 50 C2 A7 78 26 CC A4 2C 4B C9 3D 69 
	76 AD 85 75 23 8A 4D 83 02 4C A7 73 98 0E A1 73 
	54 89 49 7F 62 0F 97 9C 50 AF 39 07 27 46 4F B1 
	C8 19 2F 82 6D 1B E5 6B CD 81 C1 DB C4 8E AA 94 
	88 23 74 8D 0E 43 34 45 21 42 C8 49 79 49 5C 1B 
	A9 39 4C B0 B7 A4 5A 64 2A B8 BA 54 A0 71 38 DC 
	D3 A6 FB E9 0C CC B9 09 26 3C 40 0E A0 64 26 01 
	72 37 83 29 6C E7 42 54 5A CA F1 03 94 77 E1 39 
	44 5C 2A EA 90 CD E8 98 9C 97 47 98 C2 24 99 92 
	95 0C 04 CB 38 77 33 37 36 06 B0 2C D6 6D DF 96 
	C9 9A 7A A0 40 0A 21 6B 3B 3C 94 AB 59 78 94 B6 
	59 76 0F 0D 33 B9 67 3C 0C F5 11 C3 28 75 18 91 
	8C 68 B3 70 76 43 D9 08 D6 35 31 5F 25 26 EC 83 
	A7 2F 13 6A 79 A0 40 3A 44 0E F9 10 06 9D 49 81 
	D8 32 B8 C8 C8 8D FB 43 46 EE 69 9A 80 83 AC 39 
	B3 AD 5E 4C 69 4A E8 B3 00 A9 C1 B7 B5 3A EE F4 
	05 E5 D6 01 F2 A9 19 EF A7 6D 1D 23 3E 7D B1 9A 
	02 CC 42 89 56 26 76 B7 A1 E5 E6 70 51 D1 43 FC 
	3B 08 EE 13 2D B3 A3 B0 F0 86 07 74 33 AB 72 7B 
	92 35 73 6B F2 A9 93 55 A8 05 BA CA 04 01 9B 74 
	51 58 C7 0C 69 3E 39 91 7F 15 90 0E 6B 8C C7 BB 
	D8 44 17 79 0B 7F 85 3B AB 81 AA 50 FA AC 83 28 
	97 61 33 42 94 B0 07 C0 80 54 85 F8 16 C5 A7 99 
	F5 D1 94 D3 08 65 6B F7 03 23 D6 59 21 64 12 E2 
	42 14 52 2A 83 C5 93 85 3C 1A 1E 89 72 43 F1 98 
	04 A9 5B 2B 39 B6 5F 19 46 62 90 5C BB 1F 18 4E 
	5E 3C C2 2D 85 0E 78 73 AD 46 EA BB 7B 1C CD 34 
	73 4A 13 A8 81 0B BC B7 5B 31 CE 79 C9 91 80 12 
	BB 80 68 0C 36 AB 2C 9F 23 45 A5 DC BC 40 94 3E 
	93 CA 03 96 08 02 63 A0 83 D8 24 9B B4 18 20 55 
	2B 68 A3 30 CC 11 A7 9C B9 71 02 47 44 AC FA 01 
	C8 06 8A 5E 44 48 A8 C0 D4 18 1A 07 83 87 80 6A 
	55 1B CE 21 D0 22 A6 F4 C7 3C 90 3E 58 3C 1F A5 
	AB 1C 02 3A C2 C4 DC B0 CF 69 01 E5 16 4D 98 0B 
	B3 49 66 0C B0 1B 8C 61 BB 5F 74 76 48 C4 24 1F 
	BF C2 44 5A A0 AA B6 01 5C 0D 04 5B FA 7A 3A 28 
	76 7A 42 30 07 F5 01 03 6A F4 61 4B 65 0E 6B E8 
	AC D7 88 2F 2E AB 7E 87 73 58 A4 CB 44 83 E6 86 
	32 09 7A 0C 13 6B EE 8A 07 46 31 B1 58 95 CF 62 
	01 B1 1D B1 68 7D A7 55 4B 6B 11 99 83 C4 38 63 
	B1 B8 32 C8 D7 D2 90 FB 32 42 C8 40 62 1E 8A 68 
	45 2B 91 09 A3 34 9B 5A 9F 53 00 CB 4B 06 02 0D 
	31 1F ED E0 05 96 D7 41 E1 00 0D 74 B6 A4 99 68 
	66 E5 B3 15 A5 E6 4E A6 24 21 80 89 60 8D DC 30 
	23 A9 69 EF B8 63 06 DB 14 2E F3 1D 3B 4B 99 F9 
	BC 5E E8 CC 01 11 A9 51 AE CA C2 21 04 3D C2 2B 
	AB DF 1B 43 97 21 48 B2 F0 3E 09 24 07 0D F1 2B 
	D6 CA 79 25 68 BB 19 C0 44 15 43 2A E0 27 5D 62 
	42 BE D1 C4 4E DF E4 31 E4 71 2A A2 7B 21 F2 55 
	36 11 74 09 24 53 B5 C0 20 C5 21 E1 18 00 B5 C2 
	89 29 53 0D B8 86 C6 56 3D B2 63 B2 3B 6C 81 81 
	90 1F EE E8 70 4B 48 2A 66 61 C3 51 58 BB 54 02 
	9A 84 E2 19 62 CC C8 5A 2B 13 C4 E5 92 7B 25 35 
	25 9C B8 E4 D8 03 E9 6A 9E 15 98 26 E5 BC 26 49 
	1C C1 9A 81 6A FB EA B9 65 09 62 3B 64 64 3D 05 
	67 D8 25 2E 9D 04 90 57 00 4D F2 62 68 81 03 2B 
	06 09 22 B2 43 91 5A 27 5D 65 72 16 24 BC 7B 33 
	DB 65 77 2C 10 40 90 5D 4B 00 8D 54 34 12 44 D9 
	2F F9 CB AF 1D 9C 7C 63 73 8E 51 F7 9C 02 76 25 
	D5 86 0F EF A7 3A BB 42 64 49 35 8B 22 2B 32 6E 
	B4 1D 4A 39 1F 33 84 67 18 0D E8 E7 F1 18 8A 4D 
	FE CC 35 B6 3E F8 3E CB 2D 8A F9 32 28 41 3A 8E 
	90 06 DA 37 81 41 49 
msg1  (size 1223):
	03 15 59 04 C0 FB B4 6F DD 17 E8 B7 0E C5 98 DE 
	CB B6 C8 4A 15 29 B0 DF CF 9E DE D9 C5 F8 D3 BF 
	64 F5 52 D2 10 2D B1 53 0F 02 A0 81 8A A2 D3 F4 
	75 2D 07 05 10 09 4D 35 44 73 AC 6C 04 B7 6C 96 
	5E F3 02 43 76 4B 7E E1 A7 32 09 AA 04 6B 55 3D 
	C7 B1 97 88 03 67 69 4B 3B 51 35 A4 53 80 FC 24 
	55 98 12 56 43 94 A5 C3 04 AD 65 79 18 D9 B2 39 
	61 34 85 80 C7 44 75 80 2E 66 E4 95 12 B7 11 78 
	3C 47 79 C6 02 F5 B9 7B 68 02 7A EC 2B 2C 74 EB 
	46 A6 AB 61 6A 40 8C 43 CB C2 CF A7 08 F0 9C B6 
	04 2B 71 9B 76 9A 55 97 41 C6 46 17 97 6A 2D 3F 
	F8 C5 75 32 64 96 CB 1B AB E6 57 BC EA 6F F7 47 
	CA BE 33 73 B0 1C C5 C1 E9 32 5F A4 4D 03 07 C3 
	EF 03 BB CC EB 7F 27 A3 90 15 F0 81 8D 59 B8 EB 
	90 55 80 E4 50 C2 A7 78 26 CC A4 2C 4B C9 3D 69 
	76 AD 85 75 23 8A 4D 83 02 4C A7 73 98 0E A1 73 
	54 89 49 7F 62 0F 97 9C 50 AF 39 07 27 46 4F B1 
	C8 19 2F 82 6D 1B E5 6B CD 81 C1 DB C4 8E AA 94 
	88 23 74 8D 0E 43 34 45 21 42 C8 49 79 49 5C 1B 
	A9 39 4C B0 B7 A4 5A 64 2A B8 BA 54 A0 71 38 DC 
	D3 A6 FB E9 0C CC B9 09 26 3C 40 0E A0 64 26 01 
	72 37 83 29 6C E7 42 54 5A CA F1 03 94 77 E1 39 
	44 5C 2A EA 90 CD E8 98 9C 97 47 98 C2 24 99 92 
	95 0C 04 CB 38 77 33 37 36 06 B0 2C D6 6D DF 96 
	C9 9A 7A A0 40 0A 21 6B 3B 3C 94 AB 59 78 94 B6 
	59 76 0F 0D 33 B9 67 3C 0C F5 11 C3 28 75 18 91 
	8C 68 B3 70 76 43 D9 08 D6 35 31 5F 25 26 EC 83 
	A7 2F 13 6A 79 A0 40 3A 44 0E F9 10 06 9D 49 81 
	D8 32 B8 C8 C8 8D FB 43 46 EE 69 9A 80 83 AC 39 
	B3 AD 5E 4C 69 4A E8 B3 00 A9 C1 B7 B5 3A EE F4 
	05 E5 D6 01 F2 A9 19 EF A7 6D 1D 23 3E 7D B1 9A 
	02 CC 42 89 56 26 76 B7 A1 E5 E6 70 51 D1 43 FC 
	3B 08 EE 13 2D B3 A3 B0 F0 86 07 74 33 AB 72 7B 
	92 35 73 6B F2 A9 93 55 A8 05 BA CA 04 01 9B 74 
	51 58 C7 0C 69 3E 39 91 7F 15 90 0E 6B 8C C7 BB 
	D8 44 17 79 0B 7F 85 3B AB 81 AA 50 FA AC 83 28 
	97 61 33 42 94 B0 07 C0 80 54 85 F8 16 C5 A7 99 
	F5 D1 94 D3 08 65 6B F7 03 23 D6 59 21 64 12 E2 
	42 14 52 2A 83 C5 93 85 3C 1A 1E 89 72 43 F1 98 
	04 A9 5B 2B 39 B6 5F 19 46 62 90 5C BB 1F 18 4E 
	5E 3C C2 2D 85 0E 78 73 AD 46 EA BB 7B 1C CD 34 
	73 4A 13 A8 81 0B BC B7 5B 31 CE 79 C9 91 80 12 
	BB 80 68 0C 36 AB 2C 9F 23 45 A5 DC BC 40 94 3E 
	93 CA 03 96 08 02 63 A0 83 D8 24 9B B4 18 20 55 
	2B 68 A3 30 CC 11 A7 9C B9 71 02 47 44 AC FA 01 
	C8 06 8A 5E 44 48 A8 C0 D4 18 1A 07 83 87 80 6A 
	55 1B CE 21 D0 22 A6 F4 C7 3C 90 3E 58 3C 1F A5 
	AB 1C 02 3A C2 C4 DC B0 CF 69 01 E5 16 4D 98 0B 
	B3 49 66 0C B0 1B 8C 61 BB 5F 74 76 48 C4 24 1F 
	BF C2 44 5A A0 AA B6 01 5C 0D 04 5B FA 7A 3A 28 
	76 7A 42 30 07 F5 01 03 6A F4 61 4B 65 0E 6B E8 
	AC D7 88 2F 2E AB 7E 87 73 58 A4 CB 44 83 E6 86 
	32 09 7A 0C 13 6B EE 8A 07 46 31 B1 58 95 CF 62 
	01 B1 1D B1 68 7D A7 55 4B 6B 11 99 83 C4 38 63 
	B1 B8 32 C8 D7 D2 90 FB 32 42 C8 40 62 1E 8A 68 
	45 2B 91 09 A3 34 9B 5A 9F 53 00 CB 4B 06 02 0D 
	31 1F ED E0 05 96 D7 41 E1 00 0D 74 B6 A4 99 68 
	66 E5 B3 15 A5 E6 4E A6 24 21 80 89 60 8D DC 30 
	23 A9 69 EF B8 63 06 DB 14 2E F3 1D 3B 4B 99 F9 
	BC 5E E8 CC 01 11 A9 51 AE CA C2 21 04 3D C2 2B 
	AB DF 1B 43 97 21 48 B2 F0 3E 09 24 07 0D F1 2B 
	D6 CA 79 25 68 BB 19 C0 44 15 43 2A E0 27 5D 62 
	42 BE D1 C4 4E DF E4 31 E4 71 2A A2 7B 21 F2 55 
	36 11 74 09 24 53 B5 C0 20 C5 21 E1 18 00 B5 C2 
	89 29 53 0D B8 86 C6 56 3D B2 63 B2 3B 6C 81 81 
	90 1F EE E8 70 4B 48 2A 66 61 C3 51 58 BB 54 02 
	9A 84 E2 19 62 CC C8 5A 2B 13 C4 E5 92 7B 25 35 
	25 9C B8 E4 D8 03 E9 6A 9E 15 98 26 E5 BC 26 49 
	1C C1 9A 81 6A FB EA B9 65 09 62 3B 64 64 3D 05 
	67 D8 25 2E 9D 04 90 57 00 4D F2 62 68 81 03 2B 
	06 09 22 B2 43 91 5A 27 5D 65 72 16 24 BC 7B 33 
	DB 65 77 2C 10 40 90 5D 4B 00 8D 54 34 12 44 D9 
	2F F9 CB AF 1D 9C 7C 63 73 8E 51 F7 9C 02 76 25 
	D5 86 0F EF A7 3A BB 42 64 49 35 8B 22 2B 32 6E 
	B4 1D 4A 39 1F 33 84 67 18 0D E8 E7 F1 18 8A 4D 
	FE CC 35 B6 3E F8 3E CB 2D 8A F9 32 28 41 3A 8E 
	90 06 DA 37 81 41 49 
msg1 METHOD: 3
msg1 SUITES_I (size 1):
	15 
g_x len 1216
g_x len message 1 1216
msg1 G_X (size 1216):
	FB B4 6F DD 17 E8 B7 0E C5 98 DE CB B6 C8 4A 15 
	29 B0 DF CF 9E DE D9 C5 F8 D3 BF 64 F5 52 D2 10 
	2D B1 53 0F 02 A0 81 8A A2 D3 F4 75 2D 07 05 10 
	09 4D 35 44 73 AC 6C 04 B7 6C 96 5E F3 02 43 76 
	4B 7E E1 A7 32 09 AA 04 6B 55 3D C7 B1 97 88 03 
	67 69 4B 3B 51 35 A4 53 80 FC 24 55 98 12 56 43 
	94 A5 C3 04 AD 65 79 18 D9 B2 39 61 34 85 80 C7 
	44 75 80 2E 66 E4 95 12 B7 11 78 3C 47 79 C6 02 
	F5 B9 7B 68 02 7A EC 2B 2C 74 EB 46 A6 AB 61 6A 
	40 8C 43 CB C2 CF A7 08 F0 9C B6 04 2B 71 9B 76 
	9A 55 97 41 C6 46 17 97 6A 2D 3F F8 C5 75 32 64 
	96 CB 1B AB E6 57 BC EA 6F F7 47 CA BE 33 73 B0 
	1C C5 C1 E9 32 5F A4 4D 03 07 C3 EF 03 BB CC EB 
	7F 27 A3 90 15 F0 81 8D 59 B8 EB 90 55 80 E4 50 
	C2 A7 78 26 CC A4 2C 4B C9 3D 69 76 AD 85 75 23 
	8A 4D 83 02 4C A7 73 98 0E A1 73 54 89 49 7F 62 
	0F 97 9C 50 AF 39 07 27 46 4F B1 C8 19 2F 82 6D 
	1B E5 6B CD 81 C1 DB C4 8E AA 94 88 23 74 8D 0E 
	43 34 45 21 42 C8 49 79 49 5C 1B A9 39 4C B0 B7 
	A4 5A 64 2A B8 BA 54 A0 71 38 DC D3 A6 FB E9 0C 
	CC B9 09 26 3C 40 0E A0 64 26 01 72 37 83 29 6C 
	E7 42 54 5A CA F1 03 94 77 E1 39 44 5C 2A EA 90 
	CD E8 98 9C 97 47 98 C2 24 99 92 95 0C 04 CB 38 
	77 33 37 36 06 B0 2C D6 6D DF 96 C9 9A 7A A0 40 
	0A 21 6B 3B 3C 94 AB 59 78 94 B6 59 76 0F 0D 33 
	B9 67 3C 0C F5 11 C3 28 75 18 91 8C 68 B3 70 76 
	43 D9 08 D6 35 31 5F 25 26 EC 83 A7 2F 13 6A 79 
	A0 40 3A 44 0E F9 10 06 9D 49 81 D8 32 B8 C8 C8 
	8D FB 43 46 EE 69 9A 80 83 AC 39 B3 AD 5E 4C 69 
	4A E8 B3 00 A9 C1 B7 B5 3A EE F4 05 E5 D6 01 F2 
	A9 19 EF A7 6D 1D 23 3E 7D B1 9A 02 CC 42 89 56 
	26 76 B7 A1 E5 E6 70 51 D1 43 FC 3B 08 EE 13 2D 
	B3 A3 B0 F0 86 07 74 33 AB 72 7B 92 35 73 6B F2 
	A9 93 55 A8 05 BA CA 04 01 9B 74 51 58 C7 0C 69 
	3E 39 91 7F 15 90 0E 6B 8C C7 BB D8 44 17 79 0B 
	7F 85 3B AB 81 AA 50 FA AC 83 28 97 61 33 42 94 
	B0 07 C0 80 54 85 F8 16 C5 A7 99 F5 D1 94 D3 08 
	65 6B F7 03 23 D6 59 21 64 12 E2 42 14 52 2A 83 
	C5 93 85 3C 1A 1E 89 72 43 F1 98 04 A9 5B 2B 39 
	B6 5F 19 46 62 90 5C BB 1F 18 4E 5E 3C C2 2D 85 
	0E 78 73 AD 46 EA BB 7B 1C CD 34 73 4A 13 A8 81 
	0B BC B7 5B 31 CE 79 C9 91 80 12 BB 80 68 0C 36 
	AB 2C 9F 23 45 A5 DC BC 40 94 3E 93 CA 03 96 08 
	02 63 A0 83 D8 24 9B B4 18 20 55 2B 68 A3 30 CC 
	11 A7 9C B9 71 02 47 44 AC FA 01 C8 06 8A 5E 44 
	48 A8 C0 D4 18 1A 07 83 87 80 6A 55 1B CE 21 D0 
	22 A6 F4 C7 3C 90 3E 58 3C 1F A5 AB 1C 02 3A C2 
	C4 DC B0 CF 69 01 E5 16 4D 98 0B B3 49 66 0C B0 
	1B 8C 61 BB 5F 74 76 48 C4 24 1F BF C2 44 5A A0 
	AA B6 01 5C 0D 04 5B FA 7A 3A 28 76 7A 42 30 07 
	F5 01 03 6A F4 61 4B 65 0E 6B E8 AC D7 88 2F 2E 
	AB 7E 87 73 58 A4 CB 44 83 E6 86 32 09 7A 0C 13 
	6B EE 8A 07 46 31 B1 58 95 CF 62 01 B1 1D B1 68 
	7D A7 55 4B 6B 11 99 83 C4 38 63 B1 B8 32 C8 D7 
	D2 90 FB 32 42 C8 40 62 1E 8A 68 45 2B 91 09 A3 
	34 9B 5A 9F 53 00 CB 4B 06 02 0D 31 1F ED E0 05 
	96 D7 41 E1 00 0D 74 B6 A4 99 68 66 E5 B3 15 A5 
	E6 4E A6 24 21 80 89 60 8D DC 30 23 A9 69 EF B8 
	63 06 DB 14 2E F3 1D 3B 4B 99 F9 BC 5E E8 CC 01 
	11 A9 51 AE CA C2 21 04 3D C2 2B AB DF 1B 43 97 
	21 48 B2 F0 3E 09 24 07 0D F1 2B D6 CA 79 25 68 
	BB 19 C0 44 15 43 2A E0 27 5D 62 42 BE D1 C4 4E 
	DF E4 31 E4 71 2A A2 7B 21 F2 55 36 11 74 09 24 
	53 B5 C0 20 C5 21 E1 18 00 B5 C2 89 29 53 0D B8 
	86 C6 56 3D B2 63 B2 3B 6C 81 81 90 1F EE E8 70 
	4B 48 2A 66 61 C3 51 58 BB 54 02 9A 84 E2 19 62 
	CC C8 5A 2B 13 C4 E5 92 7B 25 35 25 9C B8 E4 D8 
	03 E9 6A 9E 15 98 26 E5 BC 26 49 1C C1 9A 81 6A 
	FB EA B9 65 09 62 3B 64 64 3D 05 67 D8 25 2E 9D 
	04 90 57 00 4D F2 62 68 81 03 2B 06 09 22 B2 43 
	91 5A 27 5D 65 72 16 24 BC 7B 33 DB 65 77 2C 10 
	40 90 5D 4B 00 8D 54 34 12 44 D9 2F F9 CB AF 1D 
	9C 7C 63 73 8E 51 F7 9C 02 76 25 D5 86 0F EF A7 
	3A BB 42 64 49 35 8B 22 2B 32 6E B4 1D 4A 39 1F 
	33 84 67 18 0D E8 E7 F1 18 8A 4D FE CC 35 B6 3E 
	F8 3E CB 2D 8A F9 32 28 41 3A 8E 90 06 DA 37 81 
msg1 C_I_raw (size 1):
	49 
Suite 21 will be used in this EDHOC run.
PQ/T hybrid declare second array
PQ/T hybrid suit
PQ/T y  (size 32):
	38 89 C4 E0 B5 3B 03 FA 44 FB A6 AF 89 EE AA 5F 
	43 47 E8 49 6E 93 4C E8 13 64 E1 32 CF CA 25 6D 
PQ/T gx  (size 1216):
	FB B4 6F DD 17 E8 B7 0E C5 98 DE CB B6 C8 4A 15 
	29 B0 DF CF 9E DE D9 C5 F8 D3 BF 64 F5 52 D2 10 
	2D B1 53 0F 02 A0 81 8A A2 D3 F4 75 2D 07 05 10 
	09 4D 35 44 73 AC 6C 04 B7 6C 96 5E F3 02 43 76 
	4B 7E E1 A7 32 09 AA 04 6B 55 3D C7 B1 97 88 03 
	67 69 4B 3B 51 35 A4 53 80 FC 24 55 98 12 56 43 
	94 A5 C3 04 AD 65 79 18 D9 B2 39 61 34 85 80 C7 
	44 75 80 2E 66 E4 95 12 B7 11 78 3C 47 79 C6 02 
	F5 B9 7B 68 02 7A EC 2B 2C 74 EB 46 A6 AB 61 6A 
	40 8C 43 CB C2 CF A7 08 F0 9C B6 04 2B 71 9B 76 
	9A 55 97 41 C6 46 17 97 6A 2D 3F F8 C5 75 32 64 
	96 CB 1B AB E6 57 BC EA 6F F7 47 CA BE 33 73 B0 
	1C C5 C1 E9 32 5F A4 4D 03 07 C3 EF 03 BB CC EB 
	7F 27 A3 90 15 F0 81 8D 59 B8 EB 90 55 80 E4 50 
	C2 A7 78 26 CC A4 2C 4B C9 3D 69 76 AD 85 75 23 
	8A 4D 83 02 4C A7 73 98 0E A1 73 54 89 49 7F 62 
	0F 97 9C 50 AF 39 07 27 46 4F B1 C8 19 2F 82 6D 
	1B E5 6B CD 81 C1 DB C4 8E AA 94 88 23 74 8D 0E 
	43 34 45 21 42 C8 49 79 49 5C 1B A9 39 4C B0 B7 
	A4 5A 64 2A B8 BA 54 A0 71 38 DC D3 A6 FB E9 0C 
	CC B9 09 26 3C 40 0E A0 64 26 01 72 37 83 29 6C 
	E7 42 54 5A CA F1 03 94 77 E1 39 44 5C 2A EA 90 
	CD E8 98 9C 97 47 98 C2 24 99 92 95 0C 04 CB 38 
	77 33 37 36 06 B0 2C D6 6D DF 96 C9 9A 7A A0 40 
	0A 21 6B 3B 3C 94 AB 59 78 94 B6 59 76 0F 0D 33 
	B9 67 3C 0C F5 11 C3 28 75 18 91 8C 68 B3 70 76 
	43 D9 08 D6 35 31 5F 25 26 EC 83 A7 2F 13 6A 79 
	A0 40 3A 44 0E F9 10 06 9D 49 81 D8 32 B8 C8 C8 
	8D FB 43 46 EE 69 9A 80 83 AC 39 B3 AD 5E 4C 69 
	4A E8 B3 00 A9 C1 B7 B5 3A EE F4 05 E5 D6 01 F2 
	A9 19 EF A7 6D 1D 23 3E 7D B1 9A 02 CC 42 89 56 
	26 76 B7 A1 E5 E6 70 51 D1 43 FC 3B 08 EE 13 2D 
	B3 A3 B0 F0 86 07 74 33 AB 72 7B 92 35 73 6B F2 
	A9 93 55 A8 05 BA CA 04 01 9B 74 51 58 C7 0C 69 
	3E 39 91 7F 15 90 0E 6B 8C C7 BB D8 44 17 79 0B 
	7F 85 3B AB 81 AA 50 FA AC 83 28 97 61 33 42 94 
	B0 07 C0 80 54 85 F8 16 C5 A7 99 F5 D1 94 D3 08 
	65 6B F7 03 23 D6 59 21 64 12 E2 42 14 52 2A 83 
	C5 93 85 3C 1A 1E 89 72 43 F1 98 04 A9 5B 2B 39 
	B6 5F 19 46 62 90 5C BB 1F 18 4E 5E 3C C2 2D 85 
	0E 78 73 AD 46 EA BB 7B 1C CD 34 73 4A 13 A8 81 
	0B BC B7 5B 31 CE 79 C9 91 80 12 BB 80 68 0C 36 
	AB 2C 9F 23 45 A5 DC BC 40 94 3E 93 CA 03 96 08 
	02 63 A0 83 D8 24 9B B4 18 20 55 2B 68 A3 30 CC 
	11 A7 9C B9 71 02 47 44 AC FA 01 C8 06 8A 5E 44 
	48 A8 C0 D4 18 1A 07 83 87 80 6A 55 1B CE 21 D0 
	22 A6 F4 C7 3C 90 3E 58 3C 1F A5 AB 1C 02 3A C2 
	C4 DC B0 CF 69 01 E5 16 4D 98 0B B3 49 66 0C B0 
	1B 8C 61 BB 5F 74 76 48 C4 24 1F BF C2 44 5A A0 
	AA B6 01 5C 0D 04 5B FA 7A 3A 28 76 7A 42 30 07 
	F5 01 03 6A F4 61 4B 65 0E 6B E8 AC D7 88 2F 2E 
	AB 7E 87 73 58 A4 CB 44 83 E6 86 32 09 7A 0C 13 
	6B EE 8A 07 46 31 B1 58 95 CF 62 01 B1 1D B1 68 
	7D A7 55 4B 6B 11 99 83 C4 38 63 B1 B8 32 C8 D7 
	D2 90 FB 32 42 C8 40 62 1E 8A 68 45 2B 91 09 A3 
	34 9B 5A 9F 53 00 CB 4B 06 02 0D 31 1F ED E0 05 
	96 D7 41 E1 00 0D 74 B6 A4 99 68 66 E5 B3 15 A5 
	E6 4E A6 24 21 80 89 60 8D DC 30 23 A9 69 EF B8 
	63 06 DB 14 2E F3 1D 3B 4B 99 F9 BC 5E E8 CC 01 
	11 A9 51 AE CA C2 21 04 3D C2 2B AB DF 1B 43 97 
	21 48 B2 F0 3E 09 24 07 0D F1 2B D6 CA 79 25 68 
	BB 19 C0 44 15 43 2A E0 27 5D 62 42 BE D1 C4 4E 
	DF E4 31 E4 71 2A A2 7B 21 F2 55 36 11 74 09 24 
	53 B5 C0 20 C5 21 E1 18 00 B5 C2 89 29 53 0D B8 
	86 C6 56 3D B2 63 B2 3B 6C 81 81 90 1F EE E8 70 
	4B 48 2A 66 61 C3 51 58 BB 54 02 9A 84 E2 19 62 
	CC C8 5A 2B 13 C4 E5 92 7B 25 35 25 9C B8 E4 D8 
	03 E9 6A 9E 15 98 26 E5 BC 26 49 1C C1 9A 81 6A 
	FB EA B9 65 09 62 3B 64 64 3D 05 67 D8 25 2E 9D 
	04 90 57 00 4D F2 62 68 81 03 2B 06 09 22 B2 43 
	91 5A 27 5D 65 72 16 24 BC 7B 33 DB 65 77 2C 10 
	40 90 5D 4B 00 8D 54 34 12 44 D9 2F F9 CB AF 1D 
	9C 7C 63 73 8E 51 F7 9C 02 76 25 D5 86 0F EF A7 
	3A BB 42 64 49 35 8B 22 2B 32 6E B4 1D 4A 39 1F 
	33 84 67 18 0D E8 E7 F1 18 8A 4D FE CC 35 B6 3E 
	F8 3E CB 2D 8A F9 32 28 41 3A 8E 90 06 DA 37 81 
DH y  (size 32):
	38 89 C4 E0 B5 3B 03 FA 44 FB A6 AF 89 EE AA 5F 
	43 47 E8 49 6E 93 4C E8 13 64 E1 32 CF CA 25 6D 
DH gx  (size 32):
	FB B4 6F DD 17 E8 B7 0E C5 98 DE CB B6 C8 4A 15 
	29 B0 DF CF 9E DE D9 C5 F8 D3 BF 64 F5 52 D2 10 
SHARED SECRET DERIVE
G_XY (ECDH shared secret)  (size 32):
	23 42 DA 3A 44 A9 28 77 02 7E D4 DE 6D 1E 8E A1 
	6A 64 F6 60 1A CF 0D 09 79 E2 32 07 86 54 F8 6D 
KEM mechanism
KEM - g_x  (size 1184):
	2D B1 53 0F 02 A0 81 8A A2 D3 F4 75 2D 07 05 10 
	09 4D 35 44 73 AC 6C 04 B7 6C 96 5E F3 02 43 76 
	4B 7E E1 A7 32 09 AA 04 6B 55 3D C7 B1 97 88 03 
	67 69 4B 3B 51 35 A4 53 80 FC 24 55 98 12 56 43 
	94 A5 C3 04 AD 65 79 18 D9 B2 39 61 34 85 80 C7 
	44 75 80 2E 66 E4 95 12 B7 11 78 3C 47 79 C6 02 
	F5 B9 7B 68 02 7A EC 2B 2C 74 EB 46 A6 AB 61 6A 
	40 8C 43 CB C2 CF A7 08 F0 9C B6 04 2B 71 9B 76 
	9A 55 97 41 C6 46 17 97 6A 2D 3F F8 C5 75 32 64 
	96 CB 1B AB E6 57 BC EA 6F F7 47 CA BE 33 73 B0 
	1C C5 C1 E9 32 5F A4 4D 03 07 C3 EF 03 BB CC EB 
	7F 27 A3 90 15 F0 81 8D 59 B8 EB 90 55 80 E4 50 
	C2 A7 78 26 CC A4 2C 4B C9 3D 69 76 AD 85 75 23 
	8A 4D 83 02 4C A7 73 98 0E A1 73 54 89 49 7F 62 
	0F 97 9C 50 AF 39 07 27 46 4F B1 C8 19 2F 82 6D 
	1B E5 6B CD 81 C1 DB C4 8E AA 94 88 23 74 8D 0E 
	43 34 45 21 42 C8 49 79 49 5C 1B A9 39 4C B0 B7 
	A4 5A 64 2A B8 BA 54 A0 71 38 DC D3 A6 FB E9 0C 
	CC B9 09 26 3C 40 0E A0 64 26 01 72 37 83 29 6C 
	E7 42 54 5A CA F1 03 94 77 E1 39 44 5C 2A EA 90 
	CD E8 98 9C 97 47 98 C2 24 99 92 95 0C 04 CB 38 
	77 33 37 36 06 B0 2C D6 6D DF 96 C9 9A 7A A0 40 
	0A 21 6B 3B 3C 94 AB 59 78 94 B6 59 76 0F 0D 33 
	B9 67 3C 0C F5 11 C3 28 75 18 91 8C 68 B3 70 76 
	43 D9 08 D6 35 31 5F 25 26 EC 83 A7 2F 13 6A 79 
	A0 40 3A 44 0E F9 10 06 9D 49 81 D8 32 B8 C8 C8 
	8D FB 43 46 EE 69 9A 80 83 AC 39 B3 AD 5E 4C 69 
	4A E8 B3 00 A9 C1 B7 B5 3A EE F4 05 E5 D6 01 F2 
	A9 19 EF A7 6D 1D 23 3E 7D B1 9A 02 CC 42 89 56 
	26 76 B7 A1 E5 E6 70 51 D1 43 FC 3B 08 EE 13 2D 
	B3 A3 B0 F0 86 07 74 33 AB 72 7B 92 35 73 6B F2 
	A9 93 55 A8 05 BA CA 04 01 9B 74 51 58 C7 0C 69 
	3E 39 91 7F 15 90 0E 6B 8C C7 BB D8 44 17 79 0B 
	7F 85 3B AB 81 AA 50 FA AC 83 28 97 61 33 42 94 
	B0 07 C0 80 54 85 F8 16 C5 A7 99 F5 D1 94 D3 08 
	65 6B F7 03 23 D6 59 21 64 12 E2 42 14 52 2A 83 
	C5 93 85 3C 1A 1E 89 72 43 F1 98 04 A9 5B 2B 39 
	B6 5F 19 46 62 90 5C BB 1F 18 4E 5E 3C C2 2D 85 
	0E 78 73 AD 46 EA BB 7B 1C CD 34 73 4A 13 A8 81 
	0B BC B7 5B 31 CE 79 C9 91 80 12 BB 80 68 0C 36 
	AB 2C 9F 23 45 A5 DC BC 40 94 3E 93 CA 03 96 08 
	02 63 A0 83 D8 24 9B B4 18 20 55 2B 68 A3 30 CC 
	11 A7 9C B9 71 02 47 44 AC FA 01 C8 06 8A 5E 44 
	48 A8 C0 D4 18 1A 07 83 87 80 6A 55 1B CE 21 D0 
	22 A6 F4 C7 3C 90 3E 58 3C 1F A5 AB 1C 02 3A C2 
	C4 DC B0 CF 69 01 E5 16 4D 98 0B B3 49 66 0C B0 
	1B 8C 61 BB 5F 74 76 48 C4 24 1F BF C2 44 5A A0 
	AA B6 01 5C 0D 04 5B FA 7A 3A 28 76 7A 42 30 07 
	F5 01 03 6A F4 61 4B 65 0E 6B E8 AC D7 88 2F 2E 
	AB 7E 87 73 58 A4 CB 44 83 E6 86 32 09 7A 0C 13 
	6B EE 8A 07 46 31 B1 58 95 CF 62 01 B1 1D B1 68 
	7D A7 55 4B 6B 11 99 83 C4 38 63 B1 B8 32 C8 D7 
	D2 90 FB 32 42 C8 40 62 1E 8A 68 45 2B 91 09 A3 
	34 9B 5A 9F 53 00 CB 4B 06 02 0D 31 1F ED E0 05 
	96 D7 41 E1 00 0D 74 B6 A4 99 68 66 E5 B3 15 A5 
	E6 4E A6 24 21 80 89 60 8D DC 30 23 A9 69 EF B8 
	63 06 DB 14 2E F3 1D 3B 4B 99 F9 BC 5E E8 CC 01 
	11 A9 51 AE CA C2 21 04 3D C2 2B AB DF 1B 43 97 
	21 48 B2 F0 3E 09 24 07 0D F1 2B D6 CA 79 25 68 
	BB 19 C0 44 15 43 2A E0 27 5D 62 42 BE D1 C4 4E 
	DF E4 31 E4 71 2A A2 7B 21 F2 55 36 11 74 09 24 
	53 B5 C0 20 C5 21 E1 18 00 B5 C2 89 29 53 0D B8 
	86 C6 56 3D B2 63 B2 3B 6C 81 81 90 1F EE E8 70 
	4B 48 2A 66 61 C3 51 58 BB 54 02 9A 84 E2 19 62 
	CC C8 5A 2B 13 C4 E5 92 7B 25 35 25 9C B8 E4 D8 
	03 E9 6A 9E 15 98 26 E5 BC 26 49 1C C1 9A 81 6A 
	FB EA B9 65 09 62 3B 64 64 3D 05 67 D8 25 2E 9D 
	04 90 57 00 4D F2 62 68 81 03 2B 06 09 22 B2 43 
	91 5A 27 5D 65 72 16 24 BC 7B 33 DB 65 77 2C 10 
	40 90 5D 4B 00 8D 54 34 12 44 D9 2F F9 CB AF 1D 
	9C 7C 63 73 8E 51 F7 9C 02 76 25 D5 86 0F EF A7 
	3A BB 42 64 49 35 8B 22 2B 32 6E B4 1D 4A 39 1F 
	33 84 67 18 0D E8 E7 F1 18 8A 4D FE CC 35 B6 3E 
	F8 3E CB 2D 8A F9 32 28 41 3A 8E 90 06 DA 37 81 
gx PQ/T size: 1216 - KEM size 1184
PQ/T g_y  (size 1120):
	27 B1 D6 35 A6 63 38 2D 99 E0 31 B3 E9 A5 D6 82 
	A0 95 45 04 93 56 AF 6F 13 54 DE D1 3E D2 9C 72 
	00 00 00 00 00 00 00 00 00 00 00 00 00 00 00 00 
	00 00 00 00 00 00 00 00 00 00 00 00 00 00 00 00 
	00 00 00 00 00 00 00 00 00 00 00 00 00 00 00 00 
	00 00 00 00 00 00 00 00 00 00 00 00 00 00 00 00 
	00 00 00 00 00 00 00 00 00 00 00 00 00 00 00 00 
	00 00 00 00 00 00 00 00 00 00 00 00 00 00 00 00 
	00 00 00 00 00 00 00 00 00 00 00 00 00 00 00 00 
	00 00 00 00 00 00 00 00 00 00 00 00 00 00 00 00 
	00 00 00 00 00 00 00 00 00 00 00 00 00 00 00 00 
	00 00 00 00 00 00 00 00 00 00 00 00 00 00 00 00 
	00 00 00 00 00 00 00 00 00 00 00 00 00 00 00 00 
	00 00 00 00 00 00 00 00 00 00 00 00 00 00 00 00 
	00 00 00 00 00 00 00 00 00 00 00 00 00 00 00 00 
	00 00 00 00 00 00 00 00 00 00 00 00 00 00 00 00 
	00 00 00 00 00 00 00 00 00 00 00 00 00 00 00 00 
	00 00 00 00 00 00 00 00 00 00 00 00 00 00 00 00 
	00 00 00 00 00 00 00 00 00 00 00 00 00 00 00 00 
	00 00 00 00 00 00 00 00 00 00 00 00 00 00 00 00 
	00 00 00 00 00 00 00 00 00 00 00 00 00 00 00 00 
	00 00 00 00 00 00 00 00 00 00 00 00 00 00 00 00 
	00 00 00 00 00 00 00 00 00 00 00 00 00 00 00 00 
	00 00 00 00 00 00 00 00 00 00 00 00 00 00 00 00 
	00 00 00 00 00 00 00 00 00 00 00 00 00 00 00 00 
	00 00 00 00 00 00 00 00 00 00 00 00 00 00 00 00 
	00 00 00 00 00 00 00 00 00 00 00 00 00 00 00 00 
	00 00 00 00 00 00 00 00 00 00 00 00 00 00 00 00 
	00 00 00 00 00 00 00 00 00 00 00 00 00 00 00 00 
	00 00 00 00 00 00 00 00 00 00 00 00 00 00 00 00 
	00 00 00 00 00 00 00 00 00 00 00 00 00 00 00 00 
	00 00 00 00 00 00 00 00 00 00 00 00 00 00 00 00 
	00 00 00 00 00 00 00 00 00 00 00 00 00 00 00 00 
	00 00 00 00 00 00 00 00 00 00 00 00 00 00 00 00 
	00 00 00 00 00 00 00 00 00 00 00 00 00 00 00 00 
	00 00 00 00 00 00 00 00 00 00 00 00 00 00 00 00 
	00 00 00 00 00 00 00 00 00 00 00 00 00 00 00 00 
	00 00 00 00 00 00 00 00 00 00 00 00 00 00 00 00 
	00 00 00 00 00 00 00 00 00 00 00 00 00 00 00 00 
	00 00 00 00 00 00 00 00 00 00 00 00 00 00 00 00 
	00 00 00 00 00 00 00 00 00 00 00 00 00 00 00 00 
	00 00 00 00 00 00 00 00 00 00 00 00 00 00 00 00 
	00 00 00 00 00 00 00 00 00 00 00 00 00 00 00 00 
	00 00 00 00 00 00 00 00 00 00 00 00 00 00 00 00 
	00 00 00 00 00 00 00 00 00 00 00 00 00 00 00 00 
	00 00 00 00 00 00 00 00 00 00 00 00 00 00 00 00 
	00 00 00 00 00 00 00 00 00 00 00 00 00 00 00 00 
	00 00 00 00 00 00 00 00 00 00 00 00 00 00 00 00 
	00 00 00 00 00 00 00 00 00 00 00 00 00 00 00 00 
	00 00 00 00 00 00 00 00 00 00 00 00 00 00 00 00 
	00 00 00 00 00 00 00 00 00 00 00 00 00 00 00 00 
	00 00 00 00 00 00 00 00 00 00 00 00 00 00 00 00 
	00 00 00 00 00 00 00 00 00 00 00 00 00 00 00 00 
	00 00 00 00 00 00 00 00 00 00 00 00 00 00 00 00 
	00 00 00 00 00 00 00 00 00 00 00 00 00 00 00 00 
	00 00 00 00 00 00 00 00 00 00 00 00 00 00 00 00 
	00 00 00 00 00 00 00 00 00 00 00 00 00 00 00 00 
	00 00 00 00 00 00 00 00 00 00 00 00 00 00 00 00 
	00 00 00 00 00 00 00 00 00 00 00 00 00 00 00 00 
	00 00 00 00 00 00 00 00 00 00 00 00 00 00 00 00 
	00 00 00 00 00 00 00 00 00 00 00 00 00 00 00 00 
	00 00 00 00 00 00 00 00 00 00 00 00 00 00 00 00 
	00 00 00 00 00 00 00 00 00 00 00 00 00 00 00 00 
	00 00 00 00 00 00 00 00 00 00 00 00 00 00 00 00 
	00 00 00 00 00 00 00 00 00 00 00 00 00 00 00 00 
	00 00 00 00 00 00 00 00 00 00 00 00 00 00 00 00 
	00 00 00 00 00 00 00 00 00 00 00 00 00 00 00 00 
	00 00 00 00 00 00 00 00 00 00 00 00 00 00 00 00 
	00 00 00 00 00 00 00 00 00 00 00 00 00 00 00 00 
	00 00 00 00 00 00 00 00 00 00 00 00 00 00 00 00 
KEM - g_y  (size 1088):
	00 00 00 00 00 00 00 00 00 00 00 00 00 00 00 00 
	00 00 00 00 00 00 00 00 00 00 00 00 00 00 00 00 
	00 00 00 00 00 00 00 00 00 00 00 00 00 00 00 00 
	00 00 00 00 00 00 00 00 00 00 00 00 00 00 00 00 
	00 00 00 00 00 00 00 00 00 00 00 00 00 00 00 00 
	00 00 00 00 00 00 00 00 00 00 00 00 00 00 00 00 
	00 00 00 00 00 00 00 00 00 00 00 00 00 00 00 00 
	00 00 00 00 00 00 00 00 00 00 00 00 00 00 00 00 
	00 00 00 00 00 00 00 00 00 00 00 00 00 00 00 00 
	00 00 00 00 00 00 00 00 00 00 00 00 00 00 00 00 
	00 00 00 00 00 00 00 00 00 00 00 00 00 00 00 00 
	00 00 00 00 00 00 00 00 00 00 00 00 00 00 00 00 
	00 00 00 00 00 00 00 00 00 00 00 00 00 00 00 00 
	00 00 00 00 00 00 00 00 00 00 00 00 00 00 00 00 
	00 00 00 00 00 00 00 00 00 00 00 00 00 00 00 00 
	00 00 00 00 00 00 00 00 00 00 00 00 00 00 00 00 
	00 00 00 00 00 00 00 00 00 00 00 00 00 00 00 00 
	00 00 00 00 00 00 00 00 00 00 00 00 00 00 00 00 
	00 00 00 00 00 00 00 00 00 00 00 00 00 00 00 00 
	00 00 00 00 00 00 00 00 00 00 00 00 00 00 00 00 
	00 00 00 00 00 00 00 00 00 00 00 00 00 00 00 00 
	00 00 00 00 00 00 00 00 00 00 00 00 00 00 00 00 
	00 00 00 00 00 00 00 00 00 00 00 00 00 00 00 00 
	00 00 00 00 00 00 00 00 00 00 00 00 00 00 00 00 
	00 00 00 00 00 00 00 00 00 00 00 00 00 00 00 00 
	00 00 00 00 00 00 00 00 00 00 00 00 00 00 00 00 
	00 00 00 00 00 00 00 00 00 00 00 00 00 00 00 00 
	00 00 00 00 00 00 00 00 00 00 00 00 00 00 00 00 
	00 00 00 00 00 00 00 00 00 00 00 00 00 00 00 00 
	00 00 00 00 00 00 00 00 00 00 00 00 00 00 00 00 
	00 00 00 00 00 00 00 00 00 00 00 00 00 00 00 00 
	00 00 00 00 00 00 00 00 00 00 00 00 00 00 00 00 
	00 00 00 00 00 00 00 00 00 00 00 00 00 00 00 00 
	00 00 00 00 00 00 00 00 00 00 00 00 00 00 00 00 
	00 00 00 00 00 00 00 00 00 00 00 00 00 00 00 00 
	00 00 00 00 00 00 00 00 00 00 00 00 00 00 00 00 
	00 00 00 00 00 00 00 00 00 00 00 00 00 00 00 00 
	00 00 00 00 00 00 00 00 00 00 00 00 00 00 00 00 
	00 00 00 00 00 00 00 00 00 00 00 00 00 00 00 00 
	00 00 00 00 00 00 00 00 00 00 00 00 00 00 00 00 
	00 00 00 00 00 00 00 00 00 00 00 00 00 00 00 00 
	00 00 00 00 00 00 00 00 00 00 00 00 00 00 00 00 
	00 00 00 00 00 00 00 00 00 00 00 00 00 00 00 00 
	00 00 00 00 00 00 00 00 00 00 00 00 00 00 00 00 
	00 00 00 00 00 00 00 00 00 00 00 00 00 00 00 00 
	00 00 00 00 00 00 00 00 00 00 00 00 00 00 00 00 
	00 00 00 00 00 00 00 00 00 00 00 00 00 00 00 00 
	00 00 00 00 00 00 00 00 00 00 00 00 00 00 00 00 
	00 00 00 00 00 00 00 00 00 00 00 00 00 00 00 00 
	00 00 00 00 00 00 00 00 00 00 00 00 00 00 00 00 
	00 00 00 00 00 00 00 00 00 00 00 00 00 00 00 00 
	00 00 00 00 00 00 00 00 00 00 00 00 00 00 00 00 
	00 00 00 00 00 00 00 00 00 00 00 00 00 00 00 00 
	00 00 00 00 00 00 00 00 00 00 00 00 00 00 00 00 
	00 00 00 00 00 00 00 00 00 00 00 00 00 00 00 00 
	00 00 00 00 00 00 00 00 00 00 00 00 00 00 00 00 
	00 00 00 00 00 00 00 00 00 00 00 00 00 00 00 00 
	00 00 00 00 00 00 00 00 00 00 00 00 00 00 00 00 
	00 00 00 00 00 00 00 00 00 00 00 00 00 00 00 00 
	00 00 00 00 00 00 00 00 00 00 00 00 00 00 00 00 
	00 00 00 00 00 00 00 00 00 00 00 00 00 00 00 00 
	00 00 00 00 00 00 00 00 00 00 00 00 00 00 00 00 
	00 00 00 00 00 00 00 00 00 00 00 00 00 00 00 00 
	00 00 00 00 00 00 00 00 00 00 00 00 00 00 00 00 
	00 00 00 00 00 00 00 00 00 00 00 00 00 00 00 00 
	00 00 00 00 00 00 00 00 00 00 00 00 00 00 00 00 
	00 00 00 00 00 00 00 00 00 00 00 00 00 00 00 00 
	00 00 00 00 00 00 00 00 00 00 00 00 00 00 00 00 
Encapsulate correct
G_XY (PQ SS) (size 32):
	BB 51 61 27 68 24 1B C7 49 3D 4E 37 A4 F4 E2 A4 
	27 C2 C3 FC 30 3A F0 F9 32 D0 73 22 F0 37 9C D8 
G_Y (PQ CC) (size 1088):
	B6 BF 0A 88 A6 7C BA 4A D9 8A BB 6E A9 36 76 70 
	AC 76 C7 BC 8D B3 84 26 85 33 CD 87 1A B4 37 6A 
	BD 83 0D 75 C5 0B 19 4A 0A D4 61 38 86 04 CA D0 
	BE 91 8E 39 5E CB 5D 37 37 79 79 3D E7 20 DF 47 
	96 77 A3 8A 4B 4C 1D 73 D4 23 59 0F 2A 83 C3 D7 
	97 AE D1 CC E4 C3 A6 8E 15 78 29 2F 20 A0 97 EF 
	6F C2 C7 ED CA 15 6F 96 C8 49 5C 23 D2 42 29 74 
	82 A8 10 BE 0A 22 3B 84 66 2C EA EC 93 A4 77 96 
	3E 50 18 A7 FB AC 15 35 C1 0E 34 0E 1E EE BC 9F 
	4E F2 98 1B 8B 0D 5B 88 02 5E A1 82 CC CB 45 59 
	94 5F 7C D5 51 B3 1B 3D 29 5C B2 F7 E4 7E 1F 93 
	D4 81 46 8A E0 F0 B5 BF 20 EA A7 C4 C4 2B 45 AC 
	59 4B E9 DD 46 07 E9 9C 1D 7C 0F D2 E7 05 80 F7 
	74 C1 4F A8 30 ED 64 D2 F0 1E 70 69 1E BD 08 5F 
	7F 5B 8A CE 35 7C AE F3 20 CD 2F BB 72 1F 5C 44 
	F8 33 EC 7D 44 F2 E7 73 C9 E5 15 45 E7 8E 03 01 
	F5 C9 60 A2 89 72 DD F0 14 A4 30 8D 1A C6 0E F0 
	F7 2B FA 85 5C 7D 6D 8E 7A E8 2A 0E 47 5B FE FA 
	AC 02 61 9D 6A 3A 92 88 CF 10 95 E5 A8 52 EC 80 
	88 DA 2D ED 5F 57 A9 90 91 1F DF 1B D0 B6 37 40 
	06 52 17 CA DD E0 AC 00 2D D2 01 45 20 D7 39 C3 
	85 4C 02 B5 AE 73 47 18 6D EA 4B 04 88 24 D4 ED 
	68 89 49 D7 B4 B8 1A A0 1E 18 DD 33 91 5B 9E 13 
	00 3F 2D B1 80 5F 2D 2A 49 F6 C1 2C 39 85 D5 E0 
	5A 4A 8D 50 AA FE EC 20 1F 7A 23 C2 A6 F0 97 52 
	2A 4F CC A6 0B E4 F4 5A B1 C4 DB 33 B2 4A 53 CC 
	B2 9D 5E E3 BD 21 24 BA 50 D9 6B 98 58 2F D1 91 
	48 E6 61 03 23 B8 6B 52 46 F0 AF FD AA ED 20 2C 
	D6 B2 2D 84 0F 52 6B 99 F4 94 23 B2 89 C3 B2 78 
	B2 20 2A B1 1C F5 E5 6B 3F BF 53 61 FE FC AC EE 
	0A 90 74 58 89 93 8D 8C AB E8 6C C6 D2 D0 5B F2 
	8D 2F 9F E5 D4 7D C7 1E 51 78 43 CA 6D 03 22 0D 
	BE A9 79 73 44 2C 73 AA 18 9C 40 44 4D 23 0E 15 
	23 B8 AB 0F C5 1D 8F 21 7F 42 13 66 4E 61 9F 53 
	B3 E7 FA 30 ED D2 16 F5 3F A1 65 8F FA E1 EF E9 
	46 F0 27 4E E2 79 17 AD A3 74 BD DD 2B 78 42 0D 
	5F 2E 51 8E 67 80 E1 57 D0 52 03 38 2C 61 0F E5 
	D5 C9 6F 7D A5 2B 82 0C FD 74 FD F6 B4 62 C9 A7 
	A7 EB 07 00 00 D7 09 7E E0 54 55 44 F1 52 ED 67 
	BA 56 9D 58 DF 32 AD 30 24 FD 96 78 0F 80 0F D5 
	AB C4 4F BB C6 3E 11 0D AE 29 42 37 4D C7 C7 0B 
	2E CB 21 46 06 B3 F9 32 66 25 57 1F 8E 9E 54 D8 
	E6 62 3C D3 58 52 94 F3 06 CC BD 4B 06 47 78 95 
	40 4D 26 C6 E4 C6 38 E5 D2 41 16 96 36 7E 62 F8 
	9D 2A 98 32 2C 6B 56 08 A5 B9 80 E4 2B 9E 01 9C 
	FC 62 A0 50 C4 10 A6 CD FC 36 80 7A A5 9C C3 23 
	55 B6 11 3C B9 73 A8 C2 40 E3 32 AA 27 3E A0 68 
	17 68 BD 14 F2 37 01 A5 15 D8 FF EB 69 49 9C 28 
	DA 4C 39 9F 14 93 AE D7 37 3A 9D C6 41 60 95 DA 
	B0 B7 5D 8D 1D EF 3D 71 E0 D7 8D 35 4D 89 3C 55 
	F8 EC DE 48 6E 90 73 9D 7A C6 7C 5A 68 DE 1F FA 
	CB 81 D4 8F B6 13 16 96 E3 5D C9 94 D6 89 F7 DA 
	D0 65 A2 59 51 13 19 06 D7 46 20 E3 D8 43 6E 14 
	51 A4 B6 30 4D F0 C0 19 EC 1C 16 9B 83 CE 2F 87 
	BD E5 8F 42 28 D3 37 9A 28 57 3A 9F 45 86 51 0D 
	FB 4D 1D 10 5E 3E DC 1A 5F D1 49 F0 20 83 78 5D 
	AA 0D AE C1 B6 EC 1F 88 AA 61 36 45 E2 3F B6 9A 
	97 CB CD 2E 9E C8 2E 03 57 2A 0E 60 39 C2 8F 76 
	6E 53 B2 E5 1A 3E E0 CA 1D 4B 75 00 03 C3 7A 2A 
	F3 3A DE A5 64 99 54 07 0D 4C 2A D5 00 F4 92 77 
	53 F6 D2 37 DB 99 66 43 61 45 71 77 9C 62 DA 06 
	50 F3 C4 A7 A5 76 8E 1E 54 C0 F8 6D 75 E1 54 54 
	01 C0 E2 5F 0C 87 13 1A 1E 61 AF 05 DD 0C 46 6B 
	2B 68 B4 D0 0C 3F 13 53 FC C1 EE F3 89 9D F4 B1 
	DE A1 D6 95 3A 03 DA 14 2A 74 11 DC 7B 90 9E CB 
	19 F5 77 03 3E 7F F0 D8 DD AB 99 DD C3 71 6B 78 
	EC 3C 2F E3 F0 C5 A7 7F 22 26 EE 48 2C 9D 07 44 
	A7 FC FD 09 CC 98 75 F2 9D 12 67 C0 89 3B 9D 9A 
G_Y (PQ/T) (size 1120):
	27 B1 D6 35 A6 63 38 2D 99 E0 31 B3 E9 A5 D6 82 
	A0 95 45 04 93 56 AF 6F 13 54 DE D1 3E D2 9C 72 
	B6 BF 0A 88 A6 7C BA 4A D9 8A BB 6E A9 36 76 70 
	AC 76 C7 BC 8D B3 84 26 85 33 CD 87 1A B4 37 6A 
	BD 83 0D 75 C5 0B 19 4A 0A D4 61 38 86 04 CA D0 
	BE 91 8E 39 5E CB 5D 37 37 79 79 3D E7 20 DF 47 
	96 77 A3 8A 4B 4C 1D 73 D4 23 59 0F 2A 83 C3 D7 
	97 AE D1 CC E4 C3 A6 8E 15 78 29 2F 20 A0 97 EF 
	6F C2 C7 ED CA 15 6F 96 C8 49 5C 23 D2 42 29 74 
	82 A8 10 BE 0A 22 3B 84 66 2C EA EC 93 A4 77 96 
	3E 50 18 A7 FB AC 15 35 C1 0E 34 0E 1E EE BC 9F 
	4E F2 98 1B 8B 0D 5B 88 02 5E A1 82 CC CB 45 59 
	94 5F 7C D5 51 B3 1B 3D 29 5C B2 F7 E4 7E 1F 93 
	D4 81 46 8A E0 F0 B5 BF 20 EA A7 C4 C4 2B 45 AC 
	59 4B E9 DD 46 07 E9 9C 1D 7C 0F D2 E7 05 80 F7 
	74 C1 4F A8 30 ED 64 D2 F0 1E 70 69 1E BD 08 5F 
	7F 5B 8A CE 35 7C AE F3 20 CD 2F BB 72 1F 5C 44 
	F8 33 EC 7D 44 F2 E7 73 C9 E5 15 45 E7 8E 03 01 
	F5 C9 60 A2 89 72 DD F0 14 A4 30 8D 1A C6 0E F0 
	F7 2B FA 85 5C 7D 6D 8E 7A E8 2A 0E 47 5B FE FA 
	AC 02 61 9D 6A 3A 92 88 CF 10 95 E5 A8 52 EC 80 
	88 DA 2D ED 5F 57 A9 90 91 1F DF 1B D0 B6 37 40 
	06 52 17 CA DD E0 AC 00 2D D2 01 45 20 D7 39 C3 
	85 4C 02 B5 AE 73 47 18 6D EA 4B 04 88 24 D4 ED 
	68 89 49 D7 B4 B8 1A A0 1E 18 DD 33 91 5B 9E 13 
	00 3F 2D B1 80 5F 2D 2A 49 F6 C1 2C 39 85 D5 E0 
	5A 4A 8D 50 AA FE EC 20 1F 7A 23 C2 A6 F0 97 52 
	2A 4F CC A6 0B E4 F4 5A B1 C4 DB 33 B2 4A 53 CC 
	B2 9D 5E E3 BD 21 24 BA 50 D9 6B 98 58 2F D1 91 
	48 E6 61 03 23 B8 6B 52 46 F0 AF FD AA ED 20 2C 
	D6 B2 2D 84 0F 52 6B 99 F4 94 23 B2 89 C3 B2 78 
	B2 20 2A B1 1C F5 E5 6B 3F BF 53 61 FE FC AC EE 
	0A 90 74 58 89 93 8D 8C AB E8 6C C6 D2 D0 5B F2 
	8D 2F 9F E5 D4 7D C7 1E 51 78 43 CA 6D 03 22 0D 
	BE A9 79 73 44 2C 73 AA 18 9C 40 44 4D 23 0E 15 
	23 B8 AB 0F C5 1D 8F 21 7F 42 13 66 4E 61 9F 53 
	B3 E7 FA 30 ED D2 16 F5 3F A1 65 8F FA E1 EF E9 
	46 F0 27 4E E2 79 17 AD A3 74 BD DD 2B 78 42 0D 
	5F 2E 51 8E 67 80 E1 57 D0 52 03 38 2C 61 0F E5 
	D5 C9 6F 7D A5 2B 82 0C FD 74 FD F6 B4 62 C9 A7 
	A7 EB 07 00 00 D7 09 7E E0 54 55 44 F1 52 ED 67 
	BA 56 9D 58 DF 32 AD 30 24 FD 96 78 0F 80 0F D5 
	AB C4 4F BB C6 3E 11 0D AE 29 42 37 4D C7 C7 0B 
	2E CB 21 46 06 B3 F9 32 66 25 57 1F 8E 9E 54 D8 
	E6 62 3C D3 58 52 94 F3 06 CC BD 4B 06 47 78 95 
	40 4D 26 C6 E4 C6 38 E5 D2 41 16 96 36 7E 62 F8 
	9D 2A 98 32 2C 6B 56 08 A5 B9 80 E4 2B 9E 01 9C 
	FC 62 A0 50 C4 10 A6 CD FC 36 80 7A A5 9C C3 23 
	55 B6 11 3C B9 73 A8 C2 40 E3 32 AA 27 3E A0 68 
	17 68 BD 14 F2 37 01 A5 15 D8 FF EB 69 49 9C 28 
	DA 4C 39 9F 14 93 AE D7 37 3A 9D C6 41 60 95 DA 
	B0 B7 5D 8D 1D EF 3D 71 E0 D7 8D 35 4D 89 3C 55 
	F8 EC DE 48 6E 90 73 9D 7A C6 7C 5A 68 DE 1F FA 
	CB 81 D4 8F B6 13 16 96 E3 5D C9 94 D6 89 F7 DA 
	D0 65 A2 59 51 13 19 06 D7 46 20 E3 D8 43 6E 14 
	51 A4 B6 30 4D F0 C0 19 EC 1C 16 9B 83 CE 2F 87 
	BD E5 8F 42 28 D3 37 9A 28 57 3A 9F 45 86 51 0D 
	FB 4D 1D 10 5E 3E DC 1A 5F D1 49 F0 20 83 78 5D 
	AA 0D AE C1 B6 EC 1F 88 AA 61 36 45 E2 3F B6 9A 
	97 CB CD 2E 9E C8 2E 03 57 2A 0E 60 39 C2 8F 76 
	6E 53 B2 E5 1A 3E E0 CA 1D 4B 75 00 03 C3 7A 2A 
	F3 3A DE A5 64 99 54 07 0D 4C 2A D5 00 F4 92 77 
	53 F6 D2 37 DB 99 66 43 61 45 71 77 9C 62 DA 06 
	50 F3 C4 A7 A5 76 8E 1E 54 C0 F8 6D 75 E1 54 54 
	01 C0 E2 5F 0C 87 13 1A 1E 61 AF 05 DD 0C 46 6B 
	2B 68 B4 D0 0C 3F 13 53 FC C1 EE F3 89 9D F4 B1 
	DE A1 D6 95 3A 03 DA 14 2A 74 11 DC 7B 90 9E CB 
	19 F5 77 03 3E 7F F0 D8 DD AB 99 DD C3 71 6B 78 
	EC 3C 2F E3 F0 C5 A7 7F 22 26 EE 48 2C 9D 07 44 
	A7 FC FD 09 CC 98 75 F2 9D 12 67 C0 89 3B 9D 9A 
hash_msg1_raw (size 32):
	E7 00 FC 21 A0 8B C2 2A BE 1D 86 70 42 10 C1 26 
	43 0A F6 B2 86 83 5D 5B 57 52 B6 2C B0 E6 DE F9 
Input to calculate TH_2 (CBOR Sequence) (size 1157):
	59 04 60 27 B1 D6 35 A6 63 38 2D 99 E0 31 B3 E9 
	A5 D6 82 A0 95 45 04 93 56 AF 6F 13 54 DE D1 3E 
	D2 9C 72 B6 BF 0A 88 A6 7C BA 4A D9 8A BB 6E A9 
	36 76 70 AC 76 C7 BC 8D B3 84 26 85 33 CD 87 1A 
	B4 37 6A BD 83 0D 75 C5 0B 19 4A 0A D4 61 38 86 
	04 CA D0 BE 91 8E 39 5E CB 5D 37 37 79 79 3D E7 
	20 DF 47 96 77 A3 8A 4B 4C 1D 73 D4 23 59 0F 2A 
	83 C3 D7 97 AE D1 CC E4 C3 A6 8E 15 78 29 2F 20 
	A0 97 EF 6F C2 C7 ED CA 15 6F 96 C8 49 5C 23 D2 
	42 29 74 82 A8 10 BE 0A 22 3B 84 66 2C EA EC 93 
	A4 77 96 3E 50 18 A7 FB AC 15 35 C1 0E 34 0E 1E 
	EE BC 9F 4E F2 98 1B 8B 0D 5B 88 02 5E A1 82 CC 
	CB 45 59 94 5F 7C D5 51 B3 1B 3D 29 5C B2 F7 E4 
	7E 1F 93 D4 81 46 8A E0 F0 B5 BF 20 EA A7 C4 C4 
	2B 45 AC 59 4B E9 DD 46 07 E9 9C 1D 7C 0F D2 E7 
	05 80 F7 74 C1 4F A8 30 ED 64 D2 F0 1E 70 69 1E 
	BD 08 5F 7F 5B 8A CE 35 7C AE F3 20 CD 2F BB 72 
	1F 5C 44 F8 33 EC 7D 44 F2 E7 73 C9 E5 15 45 E7 
	8E 03 01 F5 C9 60 A2 89 72 DD F0 14 A4 30 8D 1A 
	C6 0E F0 F7 2B FA 85 5C 7D 6D 8E 7A E8 2A 0E 47 
	5B FE FA AC 02 61 9D 6A 3A 92 88 CF 10 95 E5 A8 
	52 EC 80 88 DA 2D ED 5F 57 A9 90 91 1F DF 1B D0 
	B6 37 40 06 52 17 CA DD E0 AC 00 2D D2 01 45 20 
	D7 39 C3 85 4C 02 B5 AE 73 47 18 6D EA 4B 04 88 
	24 D4 ED 68 89 49 D7 B4 B8 1A A0 1E 18 DD 33 91 
	5B 9E 13 00 3F 2D B1 80 5F 2D 2A 49 F6 C1 2C 39 
	85 D5 E0 5A 4A 8D 50 AA FE EC 20 1F 7A 23 C2 A6 
	F0 97 52 2A 4F CC A6 0B E4 F4 5A B1 C4 DB 33 B2 
	4A 53 CC B2 9D 5E E3 BD 21 24 BA 50 D9 6B 98 58 
	2F D1 91 48 E6 61 03 23 B8 6B 52 46 F0 AF FD AA 
	ED 20 2C D6 B2 2D 84 0F 52 6B 99 F4 94 23 B2 89 
	C3 B2 78 B2 20 2A B1 1C F5 E5 6B 3F BF 53 61 FE 
	FC AC EE 0A 90 74 58 89 93 8D 8C AB E8 6C C6 D2 
	D0 5B F2 8D 2F 9F E5 D4 7D C7 1E 51 78 43 CA 6D 
	03 22 0D BE A9 79 73 44 2C 73 AA 18 9C 40 44 4D 
	23 0E 15 23 B8 AB 0F C5 1D 8F 21 7F 42 13 66 4E 
	61 9F 53 B3 E7 FA 30 ED D2 16 F5 3F A1 65 8F FA 
	E1 EF E9 46 F0 27 4E E2 79 17 AD A3 74 BD DD 2B 
	78 42 0D 5F 2E 51 8E 67 80 E1 57 D0 52 03 38 2C 
	61 0F E5 D5 C9 6F 7D A5 2B 82 0C FD 74 FD F6 B4 
	62 C9 A7 A7 EB 07 00 00 D7 09 7E E0 54 55 44 F1 
	52 ED 67 BA 56 9D 58 DF 32 AD 30 24 FD 96 78 0F 
	80 0F D5 AB C4 4F BB C6 3E 11 0D AE 29 42 37 4D 
	C7 C7 0B 2E CB 21 46 06 B3 F9 32 66 25 57 1F 8E 
	9E 54 D8 E6 62 3C D3 58 52 94 F3 06 CC BD 4B 06 
	47 78 95 40 4D 26 C6 E4 C6 38 E5 D2 41 16 96 36 
	7E 62 F8 9D 2A 98 32 2C 6B 56 08 A5 B9 80 E4 2B 
	9E 01 9C FC 62 A0 50 C4 10 A6 CD FC 36 80 7A A5 
	9C C3 23 55 B6 11 3C B9 73 A8 C2 40 E3 32 AA 27 
	3E A0 68 17 68 BD 14 F2 37 01 A5 15 D8 FF EB 69 
	49 9C 28 DA 4C 39 9F 14 93 AE D7 37 3A 9D C6 41 
	60 95 DA B0 B7 5D 8D 1D EF 3D 71 E0 D7 8D 35 4D 
	89 3C 55 F8 EC DE 48 6E 90 73 9D 7A C6 7C 5A 68 
	DE 1F FA CB 81 D4 8F B6 13 16 96 E3 5D C9 94 D6 
	89 F7 DA D0 65 A2 59 51 13 19 06 D7 46 20 E3 D8 
	43 6E 14 51 A4 B6 30 4D F0 C0 19 EC 1C 16 9B 83 
	CE 2F 87 BD E5 8F 42 28 D3 37 9A 28 57 3A 9F 45 
	86 51 0D FB 4D 1D 10 5E 3E DC 1A 5F D1 49 F0 20 
	83 78 5D AA 0D AE C1 B6 EC 1F 88 AA 61 36 45 E2 
	3F B6 9A 97 CB CD 2E 9E C8 2E 03 57 2A 0E 60 39 
	C2 8F 76 6E 53 B2 E5 1A 3E E0 CA 1D 4B 75 00 03 
	C3 7A 2A F3 3A DE A5 64 99 54 07 0D 4C 2A D5 00 
	F4 92 77 53 F6 D2 37 DB 99 66 43 61 45 71 77 9C 
	62 DA 06 50 F3 C4 A7 A5 76 8E 1E 54 C0 F8 6D 75 
	E1 54 54 01 C0 E2 5F 0C 87 13 1A 1E 61 AF 05 DD 
	0C 46 6B 2B 68 B4 D0 0C 3F 13 53 FC C1 EE F3 89 
	9D F4 B1 DE A1 D6 95 3A 03 DA 14 2A 74 11 DC 7B 
	90 9E CB 19 F5 77 03 3E 7F F0 D8 DD AB 99 DD C3 
	71 6B 78 EC 3C 2F E3 F0 C5 A7 7F 22 26 EE 48 2C 
	9D 07 44 A7 FC FD 09 CC 98 75 F2 9D 12 67 C0 89 
	3B 9D 9A 58 20 E7 00 FC 21 A0 8B C2 2A BE 1D 86 
	70 42 10 C1 26 43 0A F6 B2 86 83 5D 5B 57 52 B6 
	2C B0 E6 DE F9 
TH2 (size 32):
	B0 09 FB 86 8F 17 2F 61 46 50 4A CF 62 52 B4 D7 
	BE 9C 5B FE 13 96 6E B7 4C 9D DD 37 4E 4E 29 FA 
TH_2 (size 32):
	B0 09 FB 86 8F 17 2F 61 46 50 4A CF 62 52 B4 D7 
	BE 9C 5B FE 13 96 6E B7 4C 9D DD 37 4E 4E 29 FA 
PRK_2e (first DH derivation) (size 32):
	09 D4 FB 18 7F 84 BA 17 FF BC 3E E4 CC 8B BC 60 
	66 33 D7 35 39 F1 3F 44 57 E7 05 4C 65 C1 D1 4E 
PRK_2e_b (second KEM derivation) (size 32):
	7E 1F 17 D1 63 C7 03 99 07 6A DE B4 3F A3 E3 B7 
	98 C2 9E B1 B2 28 4A 64 7F BE F3 1B 33 03 B9 57 
PRK_2e final (size 32):
	7E 1F 17 D1 63 C7 03 99 07 6A DE B4 3F A3 E3 B7 
	98 C2 9E B1 B2 28 4A 64 7F BE F3 1B 33 03 B9 57 
SHARED SECRET DERIVE
dh_secret (size 32):
	16 97 10 01 99 18 A8 54 1B A3 52 5C 8E 48 5B E2 
	43 22 F8 E6 D1 35 A8 7C 69 E0 DF CC 76 8E ED 5B 
SALT_3e2m or SALT4e3m (size 32):
	E2 0D 0C B6 00 E0 C6 3D 7D 21 39 75 44 42 95 D4 
	31 DC BC AA 86 4C C2 40 AD 62 A0 56 2A 30 1B AA 
prk_3e2m (size 32):
	BF 8E B8 77 8B 31 05 CC C9 23 61 6F 8B A3 7F 83 
	EA B2 2F 9D 55 02 34 A4 91 2C 85 E6 72 28 B3 B7 
Signature len 500 - 64
TMP size: 32
CBOR ENCODE ERROR: 0
MAX ID CRED: 400 cred len 3
MAX CRED: 765 cred len 3
PK SIZE: 65
SIGNATURE SIZE: 500
CONTEXT_MAC_SIZE: 1204
CONTEXT_MAC len: 42
CR len: 2
TH enc len: 34
TMP size: 1
CBOR ENCODE ERROR: 0
MAC context (size 42):
	41 A1 A1 04 01 58 20 B0 09 FB 86 8F 17 2F 61 46 
	50 4A CF 62 52 B4 D7 BE 9C 5B FE 13 96 6E B7 4C 
	9D DD 37 4E 4E 29 FA A1 04 01 
MAC 2/3 (size 8):
	46 72 2B D9 03 53 A9 E2 
TMP size: 8
CBOR ENCODE ERROR: 0
TMP size: 1
CBOR ENCODE ERROR: 0
kid (size 1):
	01 
KEYSTREAM_2 (size 12):
	D9 62 C0 89 34 18 69 D8 C5 74 EC D3 
ciphertext_2/3/4 (size 12):
	98 C3 C1 C1 72 6A 42 01 C6 27 45 31 
TMP size: 1132
CBOR ENCODE ERROR: 0
message_2 (CBOR Sequence) (size 1135):
	59 04 6C 27 B1 D6 35 A6 63 38 2D 99 E0 31 B3 E9 
	A5 D6 82 A0 95 45 04 93 56 AF 6F 13 54 DE D1 3E 
	D2 9C 72 B6 BF 0A 88 A6 7C BA 4A D9 8A BB 6E A9 
	36 76 70 AC 76 C7 BC 8D B3 84 26 85 33 CD 87 1A 
	B4 37 6A BD 83 0D 75 C5 0B 19 4A 0A D4 61 38 86 
	04 CA D0 BE 91 8E 39 5E CB 5D 37 37 79 79 3D E7 
	20 DF 47 96 77 A3 8A 4B 4C 1D 73 D4 23 59 0F 2A 
	83 C3 D7 97 AE D1 CC E4 C3 A6 8E 15 78 29 2F 20 
	A0 97 EF 6F C2 C7 ED CA 15 6F 96 C8 49 5C 23 D2 
	42 29 74 82 A8 10 BE 0A 22 3B 84 66 2C EA EC 93 
	A4 77 96 3E 50 18 A7 FB AC 15 35 C1 0E 34 0E 1E 
	EE BC 9F 4E F2 98 1B 8B 0D 5B 88 02 5E A1 82 CC 
	CB 45 59 94 5F 7C D5 51 B3 1B 3D 29 5C B2 F7 E4 
	7E 1F 93 D4 81 46 8A E0 F0 B5 BF 20 EA A7 C4 C4 
	2B 45 AC 59 4B E9 DD 46 07 E9 9C 1D 7C 0F D2 E7 
	05 80 F7 74 C1 4F A8 30 ED 64 D2 F0 1E 70 69 1E 
	BD 08 5F 7F 5B 8A CE 35 7C AE F3 20 CD 2F BB 72 
	1F 5C 44 F8 33 EC 7D 44 F2 E7 73 C9 E5 15 45 E7 
	8E 03 01 F5 C9 60 A2 89 72 DD F0 14 A4 30 8D 1A 
	C6 0E F0 F7 2B FA 85 5C 7D 6D 8E 7A E8 2A 0E 47 
	5B FE FA AC 02 61 9D 6A 3A 92 88 CF 10 95 E5 A8 
	52 EC 80 88 DA 2D ED 5F 57 A9 90 91 1F DF 1B D0 
	B6 37 40 06 52 17 CA DD E0 AC 00 2D D2 01 45 20 
	D7 39 C3 85 4C 02 B5 AE 73 47 18 6D EA 4B 04 88 
	24 D4 ED 68 89 49 D7 B4 B8 1A A0 1E 18 DD 33 91 
	5B 9E 13 00 3F 2D B1 80 5F 2D 2A 49 F6 C1 2C 39 
	85 D5 E0 5A 4A 8D 50 AA FE EC 20 1F 7A 23 C2 A6 
	F0 97 52 2A 4F CC A6 0B E4 F4 5A B1 C4 DB 33 B2 
	4A 53 CC B2 9D 5E E3 BD 21 24 BA 50 D9 6B 98 58 
	2F D1 91 48 E6 61 03 23 B8 6B 52 46 F0 AF FD AA 
	ED 20 2C D6 B2 2D 84 0F 52 6B 99 F4 94 23 B2 89 
	C3 B2 78 B2 20 2A B1 1C F5 E5 6B 3F BF 53 61 FE 
	FC AC EE 0A 90 74 58 89 93 8D 8C AB E8 6C C6 D2 
	D0 5B F2 8D 2F 9F E5 D4 7D C7 1E 51 78 43 CA 6D 
	03 22 0D BE A9 79 73 44 2C 73 AA 18 9C 40 44 4D 
	23 0E 15 23 B8 AB 0F C5 1D 8F 21 7F 42 13 66 4E 
	61 9F 53 B3 E7 FA 30 ED D2 16 F5 3F A1 65 8F FA 
	E1 EF E9 46 F0 27 4E E2 79 17 AD A3 74 BD DD 2B 
	78 42 0D 5F 2E 51 8E 67 80 E1 57 D0 52 03 38 2C 
	61 0F E5 D5 C9 6F 7D A5 2B 82 0C FD 74 FD F6 B4 
	62 C9 A7 A7 EB 07 00 00 D7 09 7E E0 54 55 44 F1 
	52 ED 67 BA 56 9D 58 DF 32 AD 30 24 FD 96 78 0F 
	80 0F D5 AB C4 4F BB C6 3E 11 0D AE 29 42 37 4D 
	C7 C7 0B 2E CB 21 46 06 B3 F9 32 66 25 57 1F 8E 
	9E 54 D8 E6 62 3C D3 58 52 94 F3 06 CC BD 4B 06 
	47 78 95 40 4D 26 C6 E4 C6 38 E5 D2 41 16 96 36 
	7E 62 F8 9D 2A 98 32 2C 6B 56 08 A5 B9 80 E4 2B 
	9E 01 9C FC 62 A0 50 C4 10 A6 CD FC 36 80 7A A5 
	9C C3 23 55 B6 11 3C B9 73 A8 C2 40 E3 32 AA 27 
	3E A0 68 17 68 BD 14 F2 37 01 A5 15 D8 FF EB 69 
	49 9C 28 DA 4C 39 9F 14 93 AE D7 37 3A 9D C6 41 
	60 95 DA B0 B7 5D 8D 1D EF 3D 71 E0 D7 8D 35 4D 
	89 3C 55 F8 EC DE 48 6E 90 73 9D 7A C6 7C 5A 68 
	DE 1F FA CB 81 D4 8F B6 13 16 96 E3 5D C9 94 D6 
	89 F7 DA D0 65 A2 59 51 13 19 06 D7 46 20 E3 D8 
	43 6E 14 51 A4 B6 30 4D F0 C0 19 EC 1C 16 9B 83 
	CE 2F 87 BD E5 8F 42 28 D3 37 9A 28 57 3A 9F 45 
	86 51 0D FB 4D 1D 10 5E 3E DC 1A 5F D1 49 F0 20 
	83 78 5D AA 0D AE C1 B6 EC 1F 88 AA 61 36 45 E2 
	3F B6 9A 97 CB CD 2E 9E C8 2E 03 57 2A 0E 60 39 
	C2 8F 76 6E 53 B2 E5 1A 3E E0 CA 1D 4B 75 00 03 
	C3 7A 2A F3 3A DE A5 64 99 54 07 0D 4C 2A D5 00 
	F4 92 77 53 F6 D2 37 DB 99 66 43 61 45 71 77 9C 
	62 DA 06 50 F3 C4 A7 A5 76 8E 1E 54 C0 F8 6D 75 
	E1 54 54 01 C0 E2 5F 0C 87 13 1A 1E 61 AF 05 DD 
	0C 46 6B 2B 68 B4 D0 0C 3F 13 53 FC C1 EE F3 89 
	9D F4 B1 DE A1 D6 95 3A 03 DA 14 2A 74 11 DC 7B 
	90 9E CB 19 F5 77 03 3E 7F F0 D8 DD AB 99 DD C3 
	71 6B 78 EC 3C 2F E3 F0 C5 A7 7F 22 26 EE 48 2C 
	9D 07 44 A7 FC FD 09 CC 98 75 F2 9D 12 67 C0 89 
	3B 9D 9A 98 C3 C1 C1 72 6A 42 01 C6 27 45 31 
th23 (size 32):
	B0 09 FB 86 8F 17 2F 61 46 50 4A CF 62 52 B4 D7 
	BE 9C 5B FE 13 96 6E B7 4C 9D DD 37 4E 4E 29 FA 
plaintext_23 (size 12):
	41 A1 01 48 46 72 2B D9 03 53 A9 E2 
cred (size 3):
	A1 04 01 
TMP size: 32
CBOR ENCODE ERROR: 0
Encoded
memcopy1
memcopy2
Input to calculate TH_3/TH_4 (CBOR Sequence) (size 49):
	58 20 B0 09 FB 86 8F 17 2F 61 46 50 4A CF 62 52 
	B4 D7 BE 9C 5B FE 13 96 6E B7 4C 9D DD 37 4E 4E 
	29 FA 41 A1 01 48 46 72 2B D9 03 53 A9 E2 A1 04 
	01 
TH34 (size 32):
	AD C6 59 E9 65 5B 35 83 18 EA 0F F2 23 CF 46 6A 
	CA E0 1F 2E A5 14 ED C8 15 88 3B 23 FC 27 E5 08 
msg2 generated
msg2 (size 1135):
	59 04 6C 27 B1 D6 35 A6 63 38 2D 99 E0 31 B3 E9 
	A5 D6 82 A0 95 45 04 93 56 AF 6F 13 54 DE D1 3E 
	D2 9C 72 B6 BF 0A 88 A6 7C BA 4A D9 8A BB 6E A9 
	36 76 70 AC 76 C7 BC 8D B3 84 26 85 33 CD 87 1A 
	B4 37 6A BD 83 0D 75 C5 0B 19 4A 0A D4 61 38 86 
	04 CA D0 BE 91 8E 39 5E CB 5D 37 37 79 79 3D E7 
	20 DF 47 96 77 A3 8A 4B 4C 1D 73 D4 23 59 0F 2A 
	83 C3 D7 97 AE D1 CC E4 C3 A6 8E 15 78 29 2F 20 
	A0 97 EF 6F C2 C7 ED CA 15 6F 96 C8 49 5C 23 D2 
	42 29 74 82 A8 10 BE 0A 22 3B 84 66 2C EA EC 93 
	A4 77 96 3E 50 18 A7 FB AC 15 35 C1 0E 34 0E 1E 
	EE BC 9F 4E F2 98 1B 8B 0D 5B 88 02 5E A1 82 CC 
	CB 45 59 94 5F 7C D5 51 B3 1B 3D 29 5C B2 F7 E4 
	7E 1F 93 D4 81 46 8A E0 F0 B5 BF 20 EA A7 C4 C4 
	2B 45 AC 59 4B E9 DD 46 07 E9 9C 1D 7C 0F D2 E7 
	05 80 F7 74 C1 4F A8 30 ED 64 D2 F0 1E 70 69 1E 
	BD 08 5F 7F 5B 8A CE 35 7C AE F3 20 CD 2F BB 72 
	1F 5C 44 F8 33 EC 7D 44 F2 E7 73 C9 E5 15 45 E7 
	8E 03 01 F5 C9 60 A2 89 72 DD F0 14 A4 30 8D 1A 
	C6 0E F0 F7 2B FA 85 5C 7D 6D 8E 7A E8 2A 0E 47 
	5B FE FA AC 02 61 9D 6A 3A 92 88 CF 10 95 E5 A8 
	52 EC 80 88 DA 2D ED 5F 57 A9 90 91 1F DF 1B D0 
	B6 37 40 06 52 17 CA DD E0 AC 00 2D D2 01 45 20 
	D7 39 C3 85 4C 02 B5 AE 73 47 18 6D EA 4B 04 88 
	24 D4 ED 68 89 49 D7 B4 B8 1A A0 1E 18 DD 33 91 
	5B 9E 13 00 3F 2D B1 80 5F 2D 2A 49 F6 C1 2C 39 
	85 D5 E0 5A 4A 8D 50 AA FE EC 20 1F 7A 23 C2 A6 
	F0 97 52 2A 4F CC A6 0B E4 F4 5A B1 C4 DB 33 B2 
	4A 53 CC B2 9D 5E E3 BD 21 24 BA 50 D9 6B 98 58 
	2F D1 91 48 E6 61 03 23 B8 6B 52 46 F0 AF FD AA 
	ED 20 2C D6 B2 2D 84 0F 52 6B 99 F4 94 23 B2 89 
	C3 B2 78 B2 20 2A B1 1C F5 E5 6B 3F BF 53 61 FE 
	FC AC EE 0A 90 74 58 89 93 8D 8C AB E8 6C C6 D2 
	D0 5B F2 8D 2F 9F E5 D4 7D C7 1E 51 78 43 CA 6D 
	03 22 0D BE A9 79 73 44 2C 73 AA 18 9C 40 44 4D 
	23 0E 15 23 B8 AB 0F C5 1D 8F 21 7F 42 13 66 4E 
	61 9F 53 B3 E7 FA 30 ED D2 16 F5 3F A1 65 8F FA 
	E1 EF E9 46 F0 27 4E E2 79 17 AD A3 74 BD DD 2B 
	78 42 0D 5F 2E 51 8E 67 80 E1 57 D0 52 03 38 2C 
	61 0F E5 D5 C9 6F 7D A5 2B 82 0C FD 74 FD F6 B4 
	62 C9 A7 A7 EB 07 00 00 D7 09 7E E0 54 55 44 F1 
	52 ED 67 BA 56 9D 58 DF 32 AD 30 24 FD 96 78 0F 
	80 0F D5 AB C4 4F BB C6 3E 11 0D AE 29 42 37 4D 
	C7 C7 0B 2E CB 21 46 06 B3 F9 32 66 25 57 1F 8E 
	9E 54 D8 E6 62 3C D3 58 52 94 F3 06 CC BD 4B 06 
	47 78 95 40 4D 26 C6 E4 C6 38 E5 D2 41 16 96 36 
	7E 62 F8 9D 2A 98 32 2C 6B 56 08 A5 B9 80 E4 2B 
	9E 01 9C FC 62 A0 50 C4 10 A6 CD FC 36 80 7A A5 
	9C C3 23 55 B6 11 3C B9 73 A8 C2 40 E3 32 AA 27 
	3E A0 68 17 68 BD 14 F2 37 01 A5 15 D8 FF EB 69 
	49 9C 28 DA 4C 39 9F 14 93 AE D7 37 3A 9D C6 41 
	60 95 DA B0 B7 5D 8D 1D EF 3D 71 E0 D7 8D 35 4D 
	89 3C 55 F8 EC DE 48 6E 90 73 9D 7A C6 7C 5A 68 
	DE 1F FA CB 81 D4 8F B6 13 16 96 E3 5D C9 94 D6 
	89 F7 DA D0 65 A2 59 51 13 19 06 D7 46 20 E3 D8 
	43 6E 14 51 A4 B6 30 4D F0 C0 19 EC 1C 16 9B 83 
	CE 2F 87 BD E5 8F 42 28 D3 37 9A 28 57 3A 9F 45 
	86 51 0D FB 4D 1D 10 5E 3E DC 1A 5F D1 49 F0 20 
	83 78 5D AA 0D AE C1 B6 EC 1F 88 AA 61 36 45 E2 
	3F B6 9A 97 CB CD 2E 9E C8 2E 03 57 2A 0E 60 39 
	C2 8F 76 6E 53 B2 E5 1A 3E E0 CA 1D 4B 75 00 03 
	C3 7A 2A F3 3A DE A5 64 99 54 07 0D 4C 2A D5 00 
	F4 92 77 53 F6 D2 37 DB 99 66 43 61 45 71 77 9C 
	62 DA 06 50 F3 C4 A7 A5 76 8E 1E 54 C0 F8 6D 75 
	E1 54 54 01 C0 E2 5F 0C 87 13 1A 1E 61 AF 05 DD 
	0C 46 6B 2B 68 B4 D0 0C 3F 13 53 FC C1 EE F3 89 
	9D F4 B1 DE A1 D6 95 3A 03 DA 14 2A 74 11 DC 7B 
	90 9E CB 19 F5 77 03 3E 7F F0 D8 DD AB 99 DD C3 
	71 6B 78 EC 3C 2F E3 F0 C5 A7 7F 22 26 EE 48 2C 
	9D 07 44 A7 FC FD 09 CC 98 75 F2 9D 12 67 C0 89 
	3B 9D 9A 98 C3 C1 C1 72 6A 42 01 C6 27 45 31 
ead prcessed
[resp] tx sent 1135 bytes
mesage tx
waiting to receive
[resp] rx got 21 bytes
received
CIPHERTEXT_3 (size 20):
	84 46 D7 54 75 0F DD 35 64 6F 16 B3 83 B3 38 37 
	09 1A 88 BE 
PLAINTEXT3_SIZE: 903
ctxt3.len: 20
K_3 (size 16):
	1C E8 16 A1 50 32 50 B7 FC B6 40 00 8B 89 4E 37 
IV_3 (size 13):
	95 07 EA CC D8 58 F4 CC 69 CA 3E 65 C7 
associated_data (size 45):
	83 68 45 6E 63 72 79 70 74 30 40 58 20 AD C6 59 
	E9 65 5B 35 83 18 EA 0F F2 23 CF 46 6A CA E0 1F 
	2E A5 14 ED C8 15 88 3B 23 FC 27 E5 08 
plaintext (size 12):
	A1 04 00 48 C6 D4 E2 19 BC 19 20 72 
ID_CRED (size 3):
	A1 04 00 
sign_or_mac (size 8):
	C6 D4 E2 19 BC 19 20 72 
[cred] lookup ID_CRED len=3
A10400
[cred] cred_array entries: 1
[cred] candidate[0] len=3 A10400
SHARED SECRET DERIVE
dh_secret (size 32):
	6C AA 7E E1 BA D2 D5 D5 C3 6D 15 AA 95 09 CF D4 
	84 71 E2 B0 43 B8 D2 92 C7 78 9F 3C 1B 1B 6C 3F 
SALT_3e2m or SALT4e3m (size 32):
	A5 B0 17 C1 32 EB AC 09 3C 82 7D 2D 9C 13 AF 20 
	40 27 CD 89 43 B7 76 B3 CE F0 DA B4 C6 1E 5E 24 
prk_4e3m (size 32):
	A4 65 05 8C CE DC AC 30 C7 50 3A 07 37 52 2A 0F 
	9C 6C 5A 34 C1 3A 97 99 89 E0 C3 EE 9D 2F 36 B3 
TMP size: 32
CBOR ENCODE ERROR: 0
MAX ID CRED: 400 cred len 3
MAX CRED: 765 cred len 3
PK SIZE: 65
SIGNATURE SIZE: 500
CONTEXT_MAC_SIZE: 1204
CONTEXT_MAC len: 41
CR len: 1
TH enc len: 34
MAC context (size 40):
	A1 04 00 58 20 AD C6 59 E9 65 5B 35 83 18 EA 0F 
	F2 23 CF 46 6A CA E0 1F 2E A5 14 ED C8 15 88 3B 
	23 FC 27 E5 08 A1 04 00 
MAC 2/3 (size 8):
	C6 D4 E2 19 BC 19 20 72 
th23 (size 32):
	AD C6 59 E9 65 5B 35 83 18 EA 0F F2 23 CF 46 6A 
	CA E0 1F 2E A5 14 ED C8 15 88 3B 23 FC 27 E5 08 
plaintext_23 (size 12):
	A1 04 00 48 C6 D4 E2 19 BC 19 20 72 
cred (size 3):
	A1 04 00 
TMP size: 32
CBOR ENCODE ERROR: 0
Encoded
memcopy1
memcopy2
Input to calculate TH_3/TH_4 (CBOR Sequence) (size 49):
	58 20 AD C6 59 E9 65 5B 35 83 18 EA 0F F2 23 CF 
	46 6A CA E0 1F 2E A5 14 ED C8 15 88 3B 23 FC 27 
	E5 08 A1 04 00 48 C6 D4 E2 19 BC 19 20 72 A1 04 
	00 
TH34 (size 32):
	0D 2B 11 DB 0A 67 11 F3 64 D4 C6 14 D7 CC 0A 81 
	09 13 6F 9B 84 C9 F9 5F 31 5F 12 C5 FA 59 92 3D 
[resp] edhoc_responder_run completed
PRK_out (size 32):
	2B DB E4 54 2A D1 F9 D5 B2 88 26 AE 0F 2F D9 7C 
	C0 80 7B 5E 8B DE 05 59 52 0F AA AD 77 F8 77 DE 
prk_exporter (size 32):
	DC CF F6 78 CA 5F 46 60 F4 BE 36 5F 22 FC 52 8F 
	67 0A 9C 4C A6 9F EA 0A 34 F9 87 E8 93 13 89 FF 
OSCORE Master Secret (size 16):
	76 3D 39 8C 03 8D 3F C4 B3 AA 49 17 89 44 43 76 
OSCORE Master Salt (size 8):
	D3 13 B4 FF 7E 9F 21 38 
