NO DEFINED LIBOQS
initiator test vector number 2:initator cipher suit: (size 1):
	02 
initiator sk size:32 
initiator pk size:65 
secret ephemeral DH key (size 32):
	8A F6 F4 30 EB E1 8D 34 18 40 17 A9 A1 1B F5 11 
	C8 DF F8 F8 34 73 0B 96 C1 B7 C8 DB CA 2F C3 B6 
public ephemeral DH key (size 32):
	36 8E C1 F6 9A EB 65 9B A3 7D 5A 8D 45 B2 1B DC 
	02 99 DC EA A8 EF 23 5F 3C A4 2C E3 53 0F 95 25 
IPv4 client to connect to server with address 127.0.0.1 started!
MSG1 gx (size 32):
	8A F6 F4 30 EB E1 8D 34 18 40 17 A9 A1 1B F5 11 
	C8 DF F8 F8 34 73 0B 96 C1 B7 C8 DB CA 2F C3 B6 
X (eph -rpivate I) (size 32):
	36 8E C1 F6 9A EB 65 9B A3 7D 5A 8D 45 B2 1B DC 
	02 99 DC EA A8 EF 23 5F 3C A4 2C E3 53 0F 95 25 
C_I (size 1):
	37 
message_1 (CBOR Sequence) (size 37):
	00 02 58 20 8A F6 F4 30 EB E1 8D 34 18 40 17 A9 
	A1 1B F5 11 C8 DF F8 F8 34 73 0B 96 C1 B7 C8 DB 
	CA 2F C3 B6 37 
MSG: (size 37):
	00 02 58 20 8A F6 F4 30 EB E1 8D 34 18 40 17 A9 
	A1 1B F5 11 C8 DF F8 F8 34 73 0B 96 C1 B7 C8 DB 
	CA 2F C3 B6 37 
Max MSG2 size 2027
Set gy to the dh key size for DH
message_2 (CBOR Sequence) (size 115):
	58 71 5F EA 4B 79 28 F5 0B 1B 61 F9 53 25 54 66 
	45 A2 61 DA 32 E0 DB 7D E8 A6 49 8B 85 EF 2A 91 
	02 7B 20 F7 54 0C EB 2D DC 1C 20 55 CD B2 56 45 
	08 B0 AE 21 B6 01 62 91 09 BE 20 DE 02 0C 81 7B 
	FD 08 C6 88 06 DB 27 E8 50 2D E5 F9 A3 6D D8 AF 
	6C C8 12 45 09 E8 4B 37 4A 8A 9A 96 AF FC 24 EB 
	51 87 26 64 B1 94 85 26 34 57 37 28 99 97 E8 96 
	0C C0 87 
g_y (size 32):
	5F EA 4B 79 28 F5 0B 1B 61 F9 53 25 54 66 45 A2 
	61 DA 32 E0 DB 7D E8 A6 49 8B 85 EF 2A 91 02 7B 
ciphertext2 (size 81):
	20 F7 54 0C EB 2D DC 1C 20 55 CD B2 56 45 08 B0 
	AE 21 B6 01 62 91 09 BE 20 DE 02 0C 81 7B FD 08 
	C6 88 06 DB 27 E8 50 2D E5 F9 A3 6D D8 AF 6C C8 
	12 45 09 E8 4B 37 4A 8A 9A 96 AF FC 24 EB 51 87 
	26 64 B1 94 85 26 34 57 37 28 99 97 E8 96 0C C0 
	87 
PQ/T Hybrid array foe g_xy_KEM
x  (size 32):
	36 8E C1 F6 9A EB 65 9B A3 7D 5A 8D 45 B2 1B DC 
	02 99 DC EA A8 EF 23 5F 3C A4 2C E3 53 0F 95 25 
gy  (size 32):
	5F EA 4B 79 28 F5 0B 1B 61 F9 53 25 54 66 45 A2 
	61 DA 32 E0 DB 7D E8 A6 49 8B 85 EF 2A 91 02 7B 
SHARED SECRET DERIVE
P256 in DH
pk_decompressed tinycript (size 64):
	5F EA 4B 79 28 F5 0B 1B 61 F9 53 25 54 66 45 A2 
	61 DA 32 E0 DB 7D E8 A6 49 8B 85 EF 2A 91 02 7B 
	90 6B D3 43 4F F8 A2 A4 57 00 D0 3D 00 8D 31 B9 
	44 98 F1 1D 87 DB 8C E3 6E 46 35 82 CC D9 96 F0 
G_XY (ECDH shared secret)  (size 32):
	A9 69 D0 EB 8E 39 1F F0 1A 80 E0 00 26 D7 69 26 
	AE 9D FB 55 69 62 0D 2C B2 D5 A8 84 C5 74 46 C1 
hash_msg1_raw (size 32):
	C7 93 1F CA 62 16 CA BC B5 A9 AB 7B 17 61 AE 46 
	78 94 6B A4 F6 0B 6D E1 63 14 69 18 2A 4E 67 26 
Input to calculate TH_2 (CBOR Sequence) (size 68):
	58 20 5F EA 4B 79 28 F5 0B 1B 61 F9 53 25 54 66 
	45 A2 61 DA 32 E0 DB 7D E8 A6 49 8B 85 EF 2A 91 
	02 7B 58 20 C7 93 1F CA 62 16 CA BC B5 A9 AB 7B 
	17 61 AE 46 78 94 6B A4 F6 0B 6D E1 63 14 69 18 
	2A 4E 67 26 
TH2 (size 32):
	EE E4 4E BC 54 94 67 B0 89 0F 9F B6 1C 43 82 AF 
	C6 FB 22 5F 7A B8 E6 70 4E 8E EE 41 3C 9D E6 24 
TH_2 (size 32):
	EE E4 4E BC 54 94 67 B0 89 0F 9F B6 1C 43 82 AF 
	C6 FB 22 5F 7A B8 E6 70 4E 8E EE 41 3C 9D E6 24 
PRK_2e (size 32):
	EF C7 A6 5B AF AB BF 66 90 7D 4E 6F 1F 66 9B EB 
	F8 3D D6 58 64 8A 48 9D 0D 59 9E A0 A5 7A 21 49 
KEYSTREAM_2 (size 81):
	07 56 4C 2E 69 03 94 28 A0 A0 37 B3 FE EE FC E8 
	EE 05 AE 0E C7 A2 09 06 0A 42 96 47 A3 61 58 EC 
	DF B0 BC A1 BB 53 3E 0D 6E C3 0D 95 E5 BE AC 73 
	42 FF 4C 85 13 37 0C E4 57 7A 6C 80 05 D9 14 BF 
	2A BF 03 31 06 B3 1B C2 41 C8 67 60 1D DE A1 F0 
	E1 
associated_data (size 45):
	83 68 45 6E 63 72 79 70 74 30 40 58 20 EE E4 4E 
	BC 54 94 67 B0 89 0F 9F B6 1C 43 82 AF C6 FB 22 
	5F 7A B8 E6 70 4E 8E EE 41 3C 9D E6 24 
plaintext (size 81):
	27 A1 18 22 82 2E 48 34 80 F5 FA 01 A8 AB F4 58 
	40 24 18 0F A5 33 00 B8 2A 9C 94 4B 22 1A A5 E4 
	19 38 BA 7A 9C BB 6E 20 8B 3A AE F8 3D 11 C0 BB 
	50 BA 45 6D 58 00 46 6E CD EC C3 7C 21 32 45 38 
	0C DB B2 A5 83 95 2F 95 76 E0 FE F7 F5 48 AD 30 
	66 
C_R (raw) (size 1):
	27 
ID_CRED (size 14):
	A1 18 22 82 2E 48 34 80 F5 FA 01 A8 AB F4 
sign_or_mac (size 64):
	24 18 0F A5 33 00 B8 2A 9C 94 4B 22 1A A5 E4 19 
	38 BA 7A 9C BB 6E 20 8B 3A AE F8 3D 11 C0 BB 50 
	BA 45 6D 58 00 46 6E CD EC C3 7C 21 32 45 38 0C 
	DB B2 A5 83 95 2F 95 76 E0 FE F7 F5 48 AD 30 66 
[cred] lookup ID_CRED len=14
A11822822E483480F5FA01A8ABF4
[cred] cred_array entries: 1
[cred] candidate[0] len=14 A11822822E483480F5FA01A8ABF4
prk_3e2m (size 32):
	EF C7 A6 5B AF AB BF 66 90 7D 4E 6F 1F 66 9B EB 
	F8 3D D6 58 64 8A 48 9D 0D 59 9E A0 A5 7A 21 49 
TMP size: 32
CBOR ENCODE ERROR: 0
MAX ID CRED: 400 cred len 14
MAX CRED: 765 cred len 293
PK SIZE: 65
SIGNATURE SIZE: 500
CONTEXT_MAC_SIZE: 1204
CONTEXT_MAC len: 343
CR len: 2
TH enc len: 34
TMP size: 1
CBOR ENCODE ERROR: 0
MAC context (size 343):
	41 27 A1 18 22 82 2E 48 34 80 F5 FA 01 A8 AB F4 
	58 20 EE E4 4E BC 54 94 67 B0 89 0F 9F B6 1C 43 
	82 AF C6 FB 22 5F 7A B8 E6 70 4E 8E EE 41 3C 9D 
	E6 24 59 01 22 30 82 01 1E 30 81 C5 A0 03 02 01 
	02 02 04 61 E9 98 1E 30 0A 06 08 2A 86 48 CE 3D 
	04 03 02 30 15 31 13 30 11 06 03 55 04 03 0C 0A 
	45 44 48 4F 43 20 52 6F 6F 74 30 1E 17 0D 32 32 
	30 31 32 30 31 37 31 33 30 32 5A 17 0D 32 39 31 
	32 33 31 32 33 30 30 30 30 5A 30 1A 31 18 30 16 
	06 03 55 04 03 0C 0F 45 44 48 4F 43 20 52 65 73 
	70 6F 6E 64 65 72 30 59 30 13 06 07 2A 86 48 CE 
	3D 02 01 06 08 2A 86 48 CE 3D 03 01 07 03 42 00 
	04 BB C3 49 60 52 6E A4 D3 2E 94 0C AD 2A 23 41 
	48 DD C2 17 91 A1 2A FB CB AC 93 62 20 46 DD 44 
	F0 45 19 E2 57 23 6B 2A 0C E2 02 3F 09 31 F1 F3 
	86 CA 7A FD A6 4F CD E0 10 8C 22 4C 51 EA BF 60 
	72 30 0A 06 08 2A 86 48 CE 3D 04 03 02 03 48 00 
	30 45 02 20 30 19 4E F5 FC 65 C8 B7 95 CD CD 0B 
	B4 31 BF 83 EE 67 41 C1 37 0C 22 C8 EB 8E E9 ED 
	D2 A7 05 19 02 21 00 B5 83 0E 9C 89 A6 2A C7 3C 
	E1 EB CE 00 61 70 7D B8 A8 8E 23 70 9B 4A CC 58 
	A1 31 3B 13 3D 05 58 
is not DH, 32
MAC 2/3 (size 32):
	87 72 9A 01 9D 4A 62 09 D1 AB F0 FB FC 22 8F 20 
	6B 16 F1 6C E0 AA 8A C5 F6 8C 94 1A 4F E9 78 AC 
TMP size: 32
CBOR ENCODE ERROR: 0
Signature or MAC verification successful!
th23 (size 32):
	EE E4 4E BC 54 94 67 B0 89 0F 9F B6 1C 43 82 AF 
	C6 FB 22 5F 7A B8 E6 70 4E 8E EE 41 3C 9D E6 24 
plaintext_23 (size 81):
	27 A1 18 22 82 2E 48 34 80 F5 FA 01 A8 AB F4 58 
	40 24 18 0F A5 33 00 B8 2A 9C 94 4B 22 1A A5 E4 
	19 38 BA 7A 9C BB 6E 20 8B 3A AE F8 3D 11 C0 BB 
	50 BA 45 6D 58 00 46 6E CD EC C3 7C 21 32 45 38 
	0C DB B2 A5 83 95 2F 95 76 E0 FE F7 F5 48 AD 30 
	66 
cred (size 293):
	59 01 22 30 82 01 1E 30 81 C5 A0 03 02 01 02 02 
	04 61 E9 98 1E 30 0A 06 08 2A 86 48 CE 3D 04 03 
	02 30 15 31 13 30 11 06 03 55 04 03 0C 0A 45 44 
	48 4F 43 20 52 6F 6F 74 30 1E 17 0D 32 32 30 31 
	32 30 31 37 31 33 30 32 5A 17 0D 32 39 31 32 33 
	31 32 33 30 30 30 30 5A 30 1A 31 18 30 16 06 03 
	55 04 03 0C 0F 45 44 48 4F 43 20 52 65 73 70 6F 
	6E 64 65 72 30 59 30 13 06 07 2A 86 48 CE 3D 02 
	01 06 08 2A 86 48 CE 3D 03 01 07 03 42 00 04 BB 
	C3 49 60 52 6E A4 D3 2E 94 0C AD 2A 23 41 48 DD 
	C2 17 91 A1 2A FB CB AC 93 62 20 46 DD 44 F0 45 
	19 E2 57 23 6B 2A 0C E2 02 3F 09 31 F1 F3 86 CA 
	7A FD A6 4F CD E0 10 8C 22 4C 51 EA BF 60 72 30 
	0A 06 08 2A 86 48 CE 3D 04 03 02 03 48 00 30 45 
	02 20 30 19 4E F5 FC 65 C8 B7 95 CD CD 0B B4 31 
	BF 83 EE 67 41 C1 37 0C 22 C8 EB 8E E9 ED D2 A7 
	05 19 02 21 00 B5 83 0E 9C 89 A6 2A C7 3C E1 EB 
	CE 00 61 70 7D B8 A8 8E 23 70 9B 4A CC 58 A1 31 
	3B 13 3D 05 58 
TMP size: 32
CBOR ENCODE ERROR: 0
Encoded
memcopy1
memcopy2
Input to calculate TH_3/TH_4 (CBOR Sequence) (size 408):
	58 20 EE E4 4E BC 54 94 67 B0 89 0F 9F B6 1C 43 
	82 AF C6 FB 22 5F 7A B8 E6 70 4E 8E EE 41 3C 9D 
	E6 24 27 A1 18 22 82 2E 48 34 80 F5 FA 01 A8 AB 
	F4 58 40 24 18 0F A5 33 00 B8 2A 9C 94 4B 22 1A 
	A5 E4 19 38 BA 7A 9C BB 6E 20 8B 3A AE F8 3D 11 
	C0 BB 50 BA 45 6D 58 00 46 6E CD EC C3 7C 21 32 
	45 38 0C DB B2 A5 83 95 2F 95 76 E0 FE F7 F5 48 
	AD 30 66 59 01 22 30 82 01 1E 30 81 C5 A0 03 02 
	01 02 02 04 61 E9 98 1E 30 0A 06 08 2A 86 48 CE 
	3D 04 03 02 30 15 31 13 30 11 06 03 55 04 03 0C 
	0A 45 44 48 4F 43 20 52 6F 6F 74 30 1E 17 0D 32 
	32 30 31 32 30 31 37 31 33 30 32 5A 17 0D 32 39 
	31 32 33 31 32 33 30 30 30 30 5A 30 1A 31 18 30 
	16 06 03 55 04 03 0C 0F 45 44 48 4F 43 20 52 65 
	73 70 6F 6E 64 65 72 30 59 30 13 06 07 2A 86 48 
	CE 3D 02 01 06 08 2A 86 48 CE 3D 03 01 07 03 42 
	00 04 BB C3 49 60 52 6E A4 D3 2E 94 0C AD 2A 23 
	41 48 DD C2 17 91 A1 2A FB CB AC 93 62 20 46 DD 
	44 F0 45 19 E2 57 23 6B 2A 0C E2 02 3F 09 31 F1 
	F3 86 CA 7A FD A6 4F CD E0 10 8C 22 4C 51 EA BF 
	60 72 30 0A 06 08 2A 86 48 CE 3D 04 03 02 03 48 
	00 30 45 02 20 30 19 4E F5 FC 65 C8 B7 95 CD CD 
	0B B4 31 BF 83 EE 67 41 C1 37 0C 22 C8 EB 8E E9 
	ED D2 A7 05 19 02 21 00 B5 83 0E 9C 89 A6 2A C7 
	3C E1 EB CE 00 61 70 7D B8 A8 8E 23 70 9B 4A CC 
	58 A1 31 3B 13 3D 05 58 
TH34 (size 32):
	55 B1 6E 53 78 AB B2 58 BB 81 EB B7 45 68 D4 12 
	9A 04 BA 2F D7 A2 75 7D 8B 5D 93 DC 30 96 30 CB 
prk_4e3m (size 32):
	EF C7 A6 5B AF AB BF 66 90 7D 4E 6F 1F 66 9B EB 
	F8 3D D6 58 64 8A 48 9D 0D 59 9E A0 A5 7A 21 49 
TMP size: 32
CBOR ENCODE ERROR: 0
MAX ID CRED: 400 cred len 14
MAX CRED: 765 cred len 293
PK SIZE: 65
SIGNATURE SIZE: 500
CONTEXT_MAC_SIZE: 1204
CONTEXT_MAC len: 342
CR len: 1
TH enc len: 34
MAC context (size 341):
	A1 18 22 82 2E 48 EE C7 3F CB B0 16 26 76 58 20 
	55 B1 6E 53 78 AB B2 58 BB 81 EB B7 45 68 D4 12 
	9A 04 BA 2F D7 A2 75 7D 8B 5D 93 DC 30 96 30 CB 
	59 01 22 30 82 01 1E 30 81 C5 A0 03 02 01 02 02 
	04 62 32 EF 6F 30 0A 06 08 2A 86 48 CE 3D 04 03 
	02 30 15 31 13 30 11 06 03 55 04 03 0C 0A 45 44 
	48 4F 43 20 52 6F 6F 74 30 1E 17 0D 32 32 30 33 
	31 37 30 38 32 31 30 33 5A 17 0D 32 39 31 32 33 
	31 32 33 30 30 30 30 5A 30 1A 31 18 30 16 06 03 
	55 04 03 0C 0F 45 44 48 4F 43 20 49 6E 69 74 69 
	61 74 6F 72 30 59 30 13 06 07 2A 86 48 CE 3D 02 
	01 06 08 2A 86 48 CE 3D 03 01 07 03 42 00 04 AC 
	75 E9 EC E3 E5 0B FC 8E D6 03 99 88 95 22 40 5C 
	47 BF 16 DF 96 66 0A 41 29 8C B4 30 7F 7E B6 6E 
	5D E6 11 38 8A 4B 8A 82 11 33 4A C7 D3 7E CB 52 
	A3 87 D2 57 E6 DB 3C 2A 93 DF 21 FF 3A FF C8 30 
	0A 06 08 2A 86 48 CE 3D 04 03 02 03 48 00 30 45 
	02 21 00 8C 32 3A 1F 33 21 38 AA B9 D0 BE AF B8 
	5F 8D 5A 44 07 3C 58 0F 59 5B C5 21 EF 91 3F 6E 
	F4 8D 11 02 20 6C 0A F1 A1 85 A4 E4 DE 06 35 36 
	99 23 1C 73 3A 6E 8D D2 DF 65 13 96 6C 91 30 15 
	2A 07 A2 BE DE 
is not DH, 32
MAC 2/3 (size 32):
	A7 33 90 4A 3C B6 0F C7 1B 0A 58 2F 56 28 DC DC 
	88 4F FA 32 EC 77 A1 D2 80 40 C1 C0 21 B0 42 2E 
TMP size: 32
CBOR ENCODE ERROR: 0
Signature or mac size: 64Inside the sign
signature_or_mac (is signature) (size 64):
	4B FC 93 BB 77 8A 91 BC 70 03 5D 69 29 81 96 45 
	6A A7 EC 54 23 B8 51 07 FB 58 15 F6 49 75 49 93 
	F0 98 81 F4 D1 79 FE 56 EF 0B 3C 38 4B 1F E9 47 
	68 04 A7 52 F5 44 CD B3 37 8C A5 62 36 30 88 6C 
TMP size: 64
CBOR ENCODE ERROR: 0
kid (size 0):
K_3 (size 16):
	35 F6 D8 10 FF A5 F1 C9 CD 0F 06 E1 BF 0B CB AC 
IV_3 (size 13):
	A5 63 91 BD A7 74 F8 80 88 25 BF 54 54 
aad_data (size 45):
	83 68 45 6E 63 72 79 70 74 30 40 58 20 55 B1 6E 
	53 78 AB B2 58 BB 81 EB B7 45 68 D4 12 9A 04 BA 
	2F D7 A2 75 7D 8B 5D 93 DC 30 96 30 CB 
ciphertext_2/3/4 (size 88):
	DF 5B 24 6F 61 41 35 B1 B8 92 2B 16 85 5C 39 A2 
	E1 BB E4 32 2F D8 73 15 11 49 42 85 19 E9 19 D7 
	00 95 7F F5 67 65 B2 42 95 9E 94 94 82 BC C3 D7 
	C8 71 E6 C4 FC 1E C1 32 AC 6A 4B 06 20 7A 29 CE 
	BF F6 87 5A E4 AD C7 0D 58 0E 70 A7 DC 3B 0C 48 
	82 9B 6B 16 ED 42 CE B2 
CIPHERTEXT: (size 88):
	DF 5B 24 6F 61 41 35 B1 B8 92 2B 16 85 5C 39 A2 
	E1 BB E4 32 2F D8 73 15 11 49 42 85 19 E9 19 D7 
	00 95 7F F5 67 65 B2 42 95 9E 94 94 82 BC C3 D7 
	C8 71 E6 C4 FC 1E C1 32 AC 6A 4B 06 20 7A 29 CE 
	BF F6 87 5A E4 AD C7 0D 58 0E 70 A7 DC 3B 0C 48 
	82 9B 6B 16 ED 42 CE B2 
MSG out size:92
TMP size: 88
CBOR ENCODE ERROR: 0
msg3 (size 90):
	58 58 DF 5B 24 6F 61 41 35 B1 B8 92 2B 16 85 5C 
	39 A2 E1 BB E4 32 2F D8 73 15 11 49 42 85 19 E9 
	19 D7 00 95 7F F5 67 65 B2 42 95 9E 94 94 82 BC 
	C3 D7 C8 71 E6 C4 FC 1E C1 32 AC 6A 4B 06 20 7A 
	29 CE BF F6 87 5A E4 AD C7 0D 58 0E 70 A7 DC 3B 
	0C 48 82 9B 6B 16 ED 42 CE B2 
th23 (size 32):
	55 B1 6E 53 78 AB B2 58 BB 81 EB B7 45 68 D4 12 
	9A 04 BA 2F D7 A2 75 7D 8B 5D 93 DC 30 96 30 CB 
plaintext_23 (size 80):
	A1 18 22 82 2E 48 EE C7 3F CB B0 16 26 76 58 40 
	4B FC 93 BB 77 8A 91 BC 70 03 5D 69 29 81 96 45 
	6A A7 EC 54 23 B8 51 07 FB 58 15 F6 49 75 49 93 
	F0 98 81 F4 D1 79 FE 56 EF 0B 3C 38 4B 1F E9 47 
	68 04 A7 52 F5 44 CD B3 37 8C A5 62 36 30 88 6C 
cred (size 293):
	59 01 22 30 82 01 1E 30 81 C5 A0 03 02 01 02 02 
	04 62 32 EF 6F 30 0A 06 08 2A 86 48 CE 3D 04 03 
	02 30 15 31 13 30 11 06 03 55 04 03 0C 0A 45 44 
	48 4F 43 20 52 6F 6F 74 30 1E 17 0D 32 32 30 33 
	31 37 30 38 32 31 30 33 5A 17 0D 32 39 31 32 33 
	31 32 33 30 30 30 30 5A 30 1A 31 18 30 16 06 03 
	55 04 03 0C 0F 45 44 48 4F 43 20 49 6E 69 74 69 
	61 74 6F 72 30 59 30 13 06 07 2A 86 48 CE 3D 02 
	01 06 08 2A 86 48 CE 3D 03 01 07 03 42 00 04 AC 
	75 E9 EC E3 E5 0B FC 8E D6 03 99 88 95 22 40 5C 
	47 BF 16 DF 96 66 0A 41 29 8C B4 30 7F 7E B6 6E 
	5D E6 11 38 8A 4B 8A 82 11 33 4A C7 D3 7E CB 52 
	A3 87 D2 57 E6 DB 3C 2A 93 DF 21 FF 3A FF C8 30 
	0A 06 08 2A 86 48 CE 3D 04 03 02 03 48 00 30 45 
	02 21 00 8C 32 3A 1F 33 21 38 AA B9 D0 BE AF B8 
	5F 8D 5A 44 07 3C 58 0F 59 5B C5 21 EF 91 3F 6E 
	F4 8D 11 02 20 6C 0A F1 A1 85 A4 E4 DE 06 35 36 
	99 23 1C 73 3A 6E 8D D2 DF 65 13 96 6C 91 30 15 
	2A 07 A2 BE DE 
TMP size: 32
CBOR ENCODE ERROR: 0
Encoded
memcopy1
memcopy2
Input to calculate TH_3/TH_4 (CBOR Sequence) (size 407):
	58 20 55 B1 6E 53 78 AB B2 58 BB 81 EB B7 45 68 
	D4 12 9A 04 BA 2F D7 A2 75 7D 8B 5D 93 DC 30 96 
	30 CB A1 18 22 82 2E 48 EE C7 3F CB B0 16 26 76 
	58 40 4B FC 93 BB 77 8A 91 BC 70 03 5D 69 29 81 
	96 45 6A A7 EC 54 23 B8 51 07 FB 58 15 F6 49 75 
	49 93 F0 98 81 F4 D1 79 FE 56 EF 0B 3C 38 4B 1F 
	E9 47 68 04 A7 52 F5 44 CD B3 37 8C A5 62 36 30 
	88 6C 59 01 22 30 82 01 1E 30 81 C5 A0 03 02 01 
	02 02 04 62 32 EF 6F 30 0A 06 08 2A 86 48 CE 3D 
	04 03 02 30 15 31 13 30 11 06 03 55 04 03 0C 0A 
	45 44 48 4F 43 20 52 6F 6F 74 30 1E 17 0D 32 32 
	30 33 31 37 30 38 32 31 30 33 5A 17 0D 32 39 31 
	32 33 31 32 33 30 30 30 30 5A 30 1A 31 18 30 16 
	06 03 55 04 03 0C 0F 45 44 48 4F 43 20 49 6E 69 
	74 69 61 74 6F 72 30 59 30 13 06 07 2A 86 48 CE 
	3D 02 01 06 08 2A 86 48 CE 3D 03 01 07 03 42 00 
	04 AC 75 E9 EC E3 E5 0B FC 8E D6 03 99 88 95 22 
	40 5C 47 BF 16 DF 96 66 0A 41 29 8C B4 30 7F 7E 
	B6 6E 5D E6 11 38 8A 4B 8A 82 11 33 4A C7 D3 7E 
	CB 52 A3 87 D2 57 E6 DB 3C 2A 93 DF 21 FF 3A FF 
	C8 30 0A 06 08 2A 86 48 CE 3D 04 03 02 03 48 00 
	30 45 02 21 00 8C 32 3A 1F 33 21 38 AA B9 D0 BE 
	AF B8 5F 8D 5A 44 07 3C 58 0F 59 5B C5 21 EF 91 
	3F 6E F4 8D 11 02 20 6C 0A F1 A1 85 A4 E4 DE 06 
	35 36 99 23 1C 73 3A 6E 8D D2 DF 65 13 96 6C 91 
	30 15 2A 07 A2 BE DE 
TH34 (size 32):
	E2 AD F2 29 19 35 01 0C 89 B6 36 FA 05 BB 7E 29 
	79 2E CA A1 CE 5B A2 92 18 87 79 CD 5C D3 D3 48 
PRK_out (size 32):
	0B 21 BE 36 6C D7 52 46 C4 00 BB 67 D0 EF E6 61 
	C2 74 89 91 0E 83 48 5E C5 F2 C3 47 02 28 D2 FC 
prk_exporter (size 32):
	59 F4 CE D5 BC B8 3F 9B 9A C6 9D 5E 1D 72 DC D4 
	BA B6 A5 2E 6A 25 D2 BA 84 E0 5E 6A DC FD 34 68 
OSCORE Master Secret (size 16):
	BF B1 8A 29 EF 9D 31 1D 7F AF 3A 94 35 1F 06 88 
OSCORE Master Salt (size 8):
	24 C2 2A 74 A3 B5 05 0C 
