[resp] get_suite
[resp] suite ready (label 0)
IPv4 server with address 0.0.0.0 started!
[resp] socket ready
[resp] static DH keygen
[resp] static sk_r (size 32):
	18 BC C8 F6 A7 A4 F4 F5 7C 1A 48 F9 EC 05 0A 6A 
	A0 62 71 1E 30 3D 1B 0D DC D8 8D C5 5A 82 94 63 
[resp] static g_r (size 32):
	11 43 E1 7E 6A B4 9D 32 57 F9 5E 75 1D 52 6D A3 
	29 31 05 00 4F 9A 11 20 B4 D2 30 D5 CC 52 0F 16 
[resp] static initiator pk
[resp] static g_i (size 32):
	0A 32 10 03 DE EC 5D 7F B3 6D 26 A0 26 EE CC EB 
	1F 2D C6 76 CC 44 09 8E D8 18 F6 1A 2A 21 3D 35 
SHARED SECRET DERIVE
[resp] dbg_static_ss (r,g_i) (size 32):
	63 62 7A 69 EC 73 A3 A2 62 9C 59 E1 BE D9 06 B9 
	3C 6F E1 E4 3E D2 0E 12 8D 8E 31 4C 40 FA 4D 63 
[resp] ephemeral DH keygen alg 4
[resp] starting edhoc_responder_run
[resp] rx got 38 bytes
message_1 (CBOR Sequence) (size 38):
	03 00 58 20 FB B4 6F DD 17 E8 B7 0E C5 98 DE CB 
	B6 C8 4A 15 29 B0 DF CF 9E DE D9 C5 F8 D3 BF 64 
	F5 52 D2 10 41 49 
msg1  (size 38):
	03 00 58 20 FB B4 6F DD 17 E8 B7 0E C5 98 DE CB 
	B6 C8 4A 15 29 B0 DF CF 9E DE D9 C5 F8 D3 BF 64 
	F5 52 D2 10 41 49 
msg1 METHOD: 3
msg1 SUITES_I (size 1):
	00 
g_x len 32
g_x len message 1 32
msg1 G_X (size 32):
	FB B4 6F DD 17 E8 B7 0E C5 98 DE CB B6 C8 4A 15 
	29 B0 DF CF 9E DE D9 C5 F8 D3 BF 64 F5 52 D2 10 
msg1 C_I_raw (size 1):
	49 
Suite 0 will be used in this EDHOC run.
y  (size 32):
	38 89 C4 E0 B5 3B 03 FA 44 FB A6 AF 89 EE AA 5F 
	43 47 E8 49 6E 93 4C E8 13 64 E1 32 CF CA 25 6D 
gx  (size 32):
	FB B4 6F DD 17 E8 B7 0E C5 98 DE CB B6 C8 4A 15 
	29 B0 DF CF 9E DE D9 C5 F8 D3 BF 64 F5 52 D2 10 
SHARED SECRET DERIVE
G_XY (ECDH shared secret)  (size 32):
	23 42 DA 3A 44 A9 28 77 02 7E D4 DE 6D 1E 8E A1 
	6A 64 F6 60 1A CF 0D 09 79 E2 32 07 86 54 F8 6D 
hash_msg1_raw (size 32):
	89 67 3E 4E 46 4B 81 CC 83 51 88 4A C2 7D A6 C2 
	06 EE DF 14 84 80 19 2D 1B 15 DC 97 74 BE 44 52 
Input to calculate TH_2 (CBOR Sequence) (size 68):
	58 20 27 B1 D6 35 A6 63 38 2D 99 E0 31 B3 E9 A5 
	D6 82 A0 95 45 04 93 56 AF 6F 13 54 DE D1 3E D2 
	9C 72 58 20 89 67 3E 4E 46 4B 81 CC 83 51 88 4A 
	C2 7D A6 C2 06 EE DF 14 84 80 19 2D 1B 15 DC 97 
	74 BE 44 52 
TH2 (size 32):
	58 30 E6 85 56 7D 91 DE AD A2 1C 09 B8 4D C5 0C 
	2F 50 BA A4 DC A1 D4 09 B8 FC 8B 08 B4 3B BE 74 
PRK_2e (size 32):
	1D 19 F5 DB D9 33 F0 4D 37 6F EC 3B C0 40 0F 4F 
	7F A8 10 AC 5E 6A 3C FD D7 5E C2 E6 46 C2 92 E9 
[prk_derive] static DH alg 4 pk_len 32 sk_len 32
[prk_derive] stat_pk (size 32):
	FB B4 6F DD 17 E8 B7 0E C5 98 DE CB B6 C8 4A 15 
	29 B0 DF CF 9E DE D9 C5 F8 D3 BF 64 F5 52 D2 10 
[prk_derive] stat_sk (size 32):
	18 BC C8 F6 A7 A4 F4 F5 7C 1A 48 F9 EC 05 0A 6A 
	A0 62 71 1E 30 3D 1B 0D DC D8 8D C5 5A 82 94 63 
SHARED SECRET DERIVE
dh_secret (size 32):
	16 97 10 01 99 18 A8 54 1B A3 52 5C 8E 48 5B E2 
	43 22 F8 E6 D1 35 A8 7C 69 E0 DF CC 76 8E ED 5B 
SALT_3e2m or SALT4e3m (size 32):
	3A 17 E6 66 42 5E F7 5F FD 81 EF 1E B0 79 34 E4 
	12 D9 DA 05 A7 D1 E3 25 CF B0 E9 4F 94 23 5C 8D 
prk_3e2m (size 32):
	C7 95 23 51 D7 50 6B E3 F2 0B 33 94 3B 31 F3 CE 
	B0 2E 39 5A 41 FD 0A 04 B5 73 F1 BD 67 EC 47 7A 
Signature len 500 - 64
TMP size: 32
CBOR ENCODE ERROR: 0
MAX ID CRED: 400 cred len 3
MAX CRED: 765 cred len 3
PK SIZE: 65
SIGNATURE SIZE: 500
CONTEXT_MAC_SIZE: 1204
CONTEXT_MAC len: 42
CR len: 2
TH enc len: 34
TMP size: 1
CBOR ENCODE ERROR: 0
MAC context (size 42):
	41 A1 A1 04 01 58 20 58 30 E6 85 56 7D 91 DE AD 
	A2 1C 09 B8 4D C5 0C 2F 50 BA A4 DC A1 D4 09 B8 
	FC 8B 08 B4 3B BE 74 A1 04 01 
MAC 2/3 (size 8):
	9B 38 35 C2 39 26 4C 40 
TMP size: 8
CBOR ENCODE ERROR: 0
TMP size: 1
CBOR ENCODE ERROR: 0
kid (size 1):
	01 
KEYSTREAM_2 (size 12):
	50 A5 78 C8 5A 67 35 69 52 3B E7 6D 
ciphertext_2/3/4 (size 12):
	11 04 79 80 C1 5F 00 AB 6B 1D AB 2D 
TMP size: 44
CBOR ENCODE ERROR: 0
message_2 (CBOR Sequence) (size 46):
	58 2C 27 B1 D6 35 A6 63 38 2D 99 E0 31 B3 E9 A5 
	D6 82 A0 95 45 04 93 56 AF 6F 13 54 DE D1 3E D2 
	9C 72 11 04 79 80 C1 5F 00 AB 6B 1D AB 2D 
th23 (size 32):
	58 30 E6 85 56 7D 91 DE AD A2 1C 09 B8 4D C5 0C 
	2F 50 BA A4 DC A1 D4 09 B8 FC 8B 08 B4 3B BE 74 
plaintext_23 (size 12):
	41 A1 01 48 9B 38 35 C2 39 26 4C 40 
cred (size 3):
	A1 04 01 
TMP size: 32
CBOR ENCODE ERROR: 0
Encoded
memcopy1
memcopy2
Input to calculate TH_3/TH_4 (CBOR Sequence) (size 49):
	58 20 58 30 E6 85 56 7D 91 DE AD A2 1C 09 B8 4D 
	C5 0C 2F 50 BA A4 DC A1 D4 09 B8 FC 8B 08 B4 3B 
	BE 74 41 A1 01 48 9B 38 35 C2 39 26 4C 40 A1 04 
	01 
TH34 (size 32):
	2C 43 55 9E E8 D0 89 51 0E F7 DA EE 4F C0 48 B0 
	5D 10 2E 55 9D C0 58 F5 05 B4 5D 9A 3C FC A5 CA 
msg2 generated
msg2 (size 46):
	58 2C 27 B1 D6 35 A6 63 38 2D 99 E0 31 B3 E9 A5 
	D6 82 A0 95 45 04 93 56 AF 6F 13 54 DE D1 3E D2 
	9C 72 11 04 79 80 C1 5F 00 AB 6B 1D AB 2D 
ead prcessed
[resp] tx sent 46 bytes
mesage tx
waiting to receive
[resp] rx got 21 bytes
received
CIPHERTEXT_3 (size 20):
	68 A6 C4 F9 14 1A 9E DA 0B CA 76 80 1F 1F F0 61 
	58 DB AE 22 
PLAINTEXT3_SIZE: 903
ctxt3.len: 20
K_3 (size 16):
	14 17 C7 88 6B C6 8F CB 1E 90 94 69 59 2F 18 DB 
IV_3 (size 13):
	F2 D9 6D B4 75 38 7F CC 73 99 E7 6E 15 
associated_data (size 45):
	83 68 45 6E 63 72 79 70 74 30 40 58 20 2C 43 55 
	9E E8 D0 89 51 0E F7 DA EE 4F C0 48 B0 5D 10 2E 
	55 9D C0 58 F5 05 B4 5D 9A 3C FC A5 CA 
plaintext (size 12):
	A1 04 00 48 27 0B C6 6C 95 A7 7E 20 
ID_CRED (size 3):
	A1 04 00 
sign_or_mac (size 8):
	27 0B C6 6C 95 A7 7E 20 
[cred] lookup ID_CRED len=3
A10400
[cred] cred_array entries: 1
[cred] candidate[0] len=3 A10400
[prk_derive] static DH alg 4 pk_len 32 sk_len 32
[prk_derive] stat_pk (size 32):
	0A 32 10 03 DE EC 5D 7F B3 6D 26 A0 26 EE CC EB 
	1F 2D C6 76 CC 44 09 8E D8 18 F6 1A 2A 21 3D 35 
[prk_derive] stat_sk (size 32):
	38 89 C4 E0 B5 3B 03 FA 44 FB A6 AF 89 EE AA 5F 
	43 47 E8 49 6E 93 4C E8 13 64 E1 32 CF CA 25 6D 
SHARED SECRET DERIVE
dh_secret (size 32):
	6C AA 7E E1 BA D2 D5 D5 C3 6D 15 AA 95 09 CF D4 
	84 71 E2 B0 43 B8 D2 92 C7 78 9F 3C 1B 1B 6C 3F 
SALT_3e2m or SALT4e3m (size 32):
	D6 9D C5 D5 94 4F 7F DF F6 EA 37 CD 54 5E 25 BF 
	90 0D A9 49 D7 32 A1 BC 46 7C 9F B7 E3 91 F8 32 
prk_4e3m (size 32):
	0E 2B 5A 5F 2D 03 1F A3 2D F9 F3 68 9C 2C 50 24 
	23 DE D3 0C C4 E9 6D 8F 77 5A 22 BB 7E BE A3 97 
TMP size: 32
CBOR ENCODE ERROR: 0
MAX ID CRED: 400 cred len 3
MAX CRED: 765 cred len 3
PK SIZE: 65
SIGNATURE SIZE: 500
CONTEXT_MAC_SIZE: 1204
CONTEXT_MAC len: 41
CR len: 1
TH enc len: 34
MAC context (size 40):
	A1 04 00 58 20 2C 43 55 9E E8 D0 89 51 0E F7 DA 
	EE 4F C0 48 B0 5D 10 2E 55 9D C0 58 F5 05 B4 5D 
	9A 3C FC A5 CA A1 04 00 
MAC 2/3 (size 8):
	27 0B C6 6C 95 A7 7E 20 
th23 (size 32):
	2C 43 55 9E E8 D0 89 51 0E F7 DA EE 4F C0 48 B0 
	5D 10 2E 55 9D C0 58 F5 05 B4 5D 9A 3C FC A5 CA 
plaintext_23 (size 12):
	A1 04 00 48 27 0B C6 6C 95 A7 7E 20 
cred (size 3):
	A1 04 00 
TMP size: 32
CBOR ENCODE ERROR: 0
Encoded
memcopy1
memcopy2
Input to calculate TH_3/TH_4 (CBOR Sequence) (size 49):
	58 20 2C 43 55 9E E8 D0 89 51 0E F7 DA EE 4F C0 
	48 B0 5D 10 2E 55 9D C0 58 F5 05 B4 5D 9A 3C FC 
	A5 CA A1 04 00 48 27 0B C6 6C 95 A7 7E 20 A1 04 
	00 
TH34 (size 32):
	0A 3B 30 79 6F 01 0B 34 68 CA 06 7F F0 6F BD D5 
	B8 0E D1 8A F2 9C 95 F8 F8 F4 C4 F4 70 FF 94 EE 
[resp] edhoc_responder_run completed
PRK_out (size 32):
	E9 56 66 5B 91 CB C0 2F 49 2D 28 0F 8D 49 7A 7B 
	5B C4 7F 7A 39 08 F8 6D 73 A2 CF 60 93 B8 44 E0 
prk_exporter (size 32):
	57 39 2C FC 62 C0 5D D0 71 BD F8 DB C1 6E 12 21 
	7C 82 CD E9 53 B1 2C A6 84 78 B0 D4 DC 64 9D AE 
OSCORE Master Secret (size 16):
	94 0A F5 9A BD 99 18 7D 30 C2 90 20 D6 0C 5E 6A 
OSCORE Master Salt (size 8):
	A0 E4 5B 0C C0 C9 77 D2 
