IPv4 server with address 0.0.0.0 started!
test vector number: 2
INITIATOR SUIT kem: 1, signature -7
responder pk size: 65 
responder sk size: 32 
Responder ready to receive EDHOC DH request
seed (size 4):
	16 55 71 FE 
public ephemeral key (size 32):
	2C 7C 72 EC 15 77 6B C4 7B 02 AF B3 B6 16 67 DC 
	0B 16 86 E9 FF AE EC D4 CB 29 B2 EF F2 CF 6B 76 
secret ephemeral key (size 32):
	38 4D 20 04 5A 54 BE BA 92 14 08 EB 86 6A 59 74 
	AE 7C D9 36 51 AF 12 DF 39 E9 0B D4 07 E6 C6 04 
Responder ready to Receive EDHOC PQ request 
__________________
PDU was constructed from buffer of 64 bytes
PDU is 64 bytes long
CoAP Version: 1
Message Type: Confirmable
Token length: 4
Code: 0.02 POST
Message ID: 0
Token of 4 bytes.
   Value: 0x01000000 
2 options:
OPTION (1/2)
   Option number (delta): 11 (11)
   Name: URI_PATH
   Value length: 11
   Value: ".well-known"
OPTION (2/2)
   Option number (delta): 11 (0)
   Name: URI_PATH
   Value length: 5
   Value: "edhoc"
Payload of 37 bytes
   Value: "\00\02X \8a\f6\f40\eb\e1\8d4\18@\17\a9\a1\1b\f5\11\c8\df\f8\f84s\0b\96\c1\b7\c8\db\ca/\c3\b67"
__________________
CoAP message (size 37):
	00 02 58 20 8A F6 F4 30 EB E1 8D 34 18 40 17 A9 
	A1 1B F5 11 C8 DF F8 F8 34 73 0B 96 C1 B7 C8 DB 
	CA 2F C3 B6 37 
message_1 (CBOR Sequence) (size 37):
	00 02 58 20 8A F6 F4 30 EB E1 8D 34 18 40 17 A9 
	A1 1B F5 11 C8 DF F8 F8 34 73 0B 96 C1 B7 C8 DB 
	CA 2F C3 B6 37 
msg1  (size 37):
	00 02 58 20 8A F6 F4 30 EB E1 8D 34 18 40 17 A9 
	A1 1B F5 11 C8 DF F8 F8 34 73 0B 96 C1 B7 C8 DB 
	CA 2F C3 B6 37 
msg1 METHOD: 0
msg1 SUITES_I (size 1):
	02 
g_x len 1216
g_x len message 1 32
msg1 G_X (size 32):
	8A F6 F4 30 EB E1 8D 34 18 40 17 A9 A1 1B F5 11 
	C8 DF F8 F8 34 73 0B 96 C1 B7 C8 DB CA 2F C3 B6 
msg1 C_I_raw (size 1):
	E8 
Suite 2 will be used in this EDHOC run.
PQ/T hybrid declare second array
y  (size 32):
	38 4D 20 04 5A 54 BE BA 92 14 08 EB 86 6A 59 74 
	AE 7C D9 36 51 AF 12 DF 39 E9 0B D4 07 E6 C6 04 
gx  (size 32):
	8A F6 F4 30 EB E1 8D 34 18 40 17 A9 A1 1B F5 11 
	C8 DF F8 F8 34 73 0B 96 C1 B7 C8 DB CA 2F C3 B6 
SHARED SECRET DERIVE
P256 in DH
pk_decompressed tinycript (size 64):
	8A F6 F4 30 EB E1 8D 34 18 40 17 A9 A1 1B F5 11 
	C8 DF F8 F8 34 73 0B 96 C1 B7 C8 DB CA 2F C3 B6 
	AE 17 50 92 91 24 87 EA FE 52 E2 63 A0 57 40 85 
	5E A8 E9 39 3F 95 A2 FC 7A FC 39 EB 00 7F 36 4C 
G_XY (ECDH shared secret)  (size 32):
	2E 84 B6 4B 8B C0 0D EE 2D AB 01 4A 56 EE 9E F1 
	FC B9 BE FC 7D 70 32 32 DD 91 A0 B5 E0 E7 C6 63 
hash_msg1_raw (size 32):
	C7 93 1F CA 62 16 CA BC B5 A9 AB 7B 17 61 AE 46 
	78 94 6B A4 F6 0B 6D E1 63 14 69 18 2A 4E 67 26 
Input to calculate TH_2 (CBOR Sequence) (size 68):
	58 20 2C 7C 72 EC 15 77 6B C4 7B 02 AF B3 B6 16 
	67 DC 0B 16 86 E9 FF AE EC D4 CB 29 B2 EF F2 CF 
	6B 76 58 20 C7 93 1F CA 62 16 CA BC B5 A9 AB 7B 
	17 61 AE 46 78 94 6B A4 F6 0B 6D E1 63 14 69 18 
	2A 4E 67 26 
TH2 (size 32):
	37 BB DD 28 25 D9 46 4D E3 9B 4B D0 EA 92 9F 79 
	B0 08 3F 90 23 1A 34 F8 25 6B F2 72 33 45 06 CE 
PRK_2e (size 32):
	C3 DC B4 E1 CF 43 D3 0F 7A C0 25 68 70 72 8D A3 
	53 3F 46 A6 F4 33 F8 23 78 4C 4A 1D 1C 50 C9 9B 
prk_3e2m (size 32):
	C3 DC B4 E1 CF 43 D3 0F 7A C0 25 68 70 72 8D A3 
	53 3F 46 A6 F4 33 F8 23 78 4C 4A 1D 1C 50 C9 9B 
Signature len 500 - 64
TMP size: 32
CBOR ENCODE ERROR: 0
MAX ID CRED: 400 cred len 14
MAX CRED: 765 cred len 293
PK SIZE: 65
SIGNATURE SIZE: 500
CONTEXT_MAC_SIZE: 1204
CONTEXT_MAC len: 343
CR len: 2
TH enc len: 34
TMP size: 1
CBOR ENCODE ERROR: 0
MAC context (size 343):
	41 27 A1 18 22 82 2E 48 34 80 F5 FA 01 A8 AB F4 
	58 20 37 BB DD 28 25 D9 46 4D E3 9B 4B D0 EA 92 
	9F 79 B0 08 3F 90 23 1A 34 F8 25 6B F2 72 33 45 
	06 CE 59 01 22 30 82 01 1E 30 81 C5 A0 03 02 01 
	02 02 04 61 E9 98 1E 30 0A 06 08 2A 86 48 CE 3D 
	04 03 02 30 15 31 13 30 11 06 03 55 04 03 0C 0A 
	45 44 48 4F 43 20 52 6F 6F 74 30 1E 17 0D 32 32 
	30 31 32 30 31 37 31 33 30 32 5A 17 0D 32 39 31 
	32 33 31 32 33 30 30 30 30 5A 30 1A 31 18 30 16 
	06 03 55 04 03 0C 0F 45 44 48 4F 43 20 52 65 73 
	70 6F 6E 64 65 72 30 59 30 13 06 07 2A 86 48 CE 
	3D 02 01 06 08 2A 86 48 CE 3D 03 01 07 03 42 00 
	04 BB C3 49 60 52 6E A4 D3 2E 94 0C AD 2A 23 41 
	48 DD C2 17 91 A1 2A FB CB AC 93 62 20 46 DD 44 
	F0 45 19 E2 57 23 6B 2A 0C E2 02 3F 09 31 F1 F3 
	86 CA 7A FD A6 4F CD E0 10 8C 22 4C 51 EA BF 60 
	72 30 0A 06 08 2A 86 48 CE 3D 04 03 02 03 48 00 
	30 45 02 20 30 19 4E F5 FC 65 C8 B7 95 CD CD 0B 
	B4 31 BF 83 EE 67 41 C1 37 0C 22 C8 EB 8E E9 ED 
	D2 A7 05 19 02 21 00 B5 83 0E 9C 89 A6 2A C7 3C 
	E1 EB CE 00 61 70 7D B8 A8 8E 23 70 9B 4A CC 58 
	A1 31 3B 13 3D 05 58 
is not DH, 32
MAC 2/3 (size 32):
	CF 69 70 AB 7B 06 C8 D7 5F 5C 29 19 D9 BD 32 63 
	A0 37 B6 4C E8 54 5D 4E 16 03 6A 05 59 70 F1 AD 
TMP size: 32
CBOR ENCODE ERROR: 0
Signature or mac size: 64Inside the sign
signature_or_mac (is signature) (size 64):
	EB 05 8D 17 9C A0 35 33 14 0E 4A F3 B1 1B CA 8D 
	16 07 45 13 F6 30 68 F2 29 C3 3F A5 7D E4 B0 9D 
	41 65 F5 12 61 4A D9 2B B2 F0 4A B0 F1 12 E3 7D 
	73 EA 7F 18 23 2B 0A 52 9E 46 C0 41 A6 24 69 42 
TMP size: 64
CBOR ENCODE ERROR: 0
kid (size 0):
KEYSTREAM_2 (size 81):
	FA 2F D4 61 BA 9D E3 89 BB F6 3F 11 D3 67 C9 31 
	89 CC 22 7A 78 BE 78 C4 35 68 ED 11 CE FC 10 45 
	FA E0 25 AB 4B 65 83 CE 54 44 04 A1 5C 3A 68 B4 
	75 30 17 86 E9 54 42 E7 E5 B3 04 04 D3 56 3B 00 
	B2 20 BA E9 15 3E D5 7E AB 19 77 06 45 B8 25 DA 
	15 
ciphertext_2/3/4 (size 81):
	DD 8E CC 43 38 B3 AB BD 3B 03 C5 10 7B CC 3D 69 
	C9 27 27 F7 6F 22 D8 F1 06 7C E3 5B 3D 4D 0B 8F 
	77 F6 22 EE 58 93 B3 A6 A6 6D C7 9E F9 47 8C 04 
	E8 71 72 73 FB 35 08 3E CE 01 F4 4E 63 A7 29 E3 
	CF 53 50 96 0D 1D FE 74 F9 87 31 C6 04 1E 01 B3 
	57 
TMP size: 113
CBOR ENCODE ERROR: 0
message_2 (CBOR Sequence) (size 115):
	58 71 2C 7C 72 EC 15 77 6B C4 7B 02 AF B3 B6 16 
	67 DC 0B 16 86 E9 FF AE EC D4 CB 29 B2 EF F2 CF 
	6B 76 DD 8E CC 43 38 B3 AB BD 3B 03 C5 10 7B CC 
	3D 69 C9 27 27 F7 6F 22 D8 F1 06 7C E3 5B 3D 4D 
	0B 8F 77 F6 22 EE 58 93 B3 A6 A6 6D C7 9E F9 47 
	8C 04 E8 71 72 73 FB 35 08 3E CE 01 F4 4E 63 A7 
	29 E3 CF 53 50 96 0D 1D FE 74 F9 87 31 C6 04 1E 
	01 B3 57 
th23 (size 32):
	37 BB DD 28 25 D9 46 4D E3 9B 4B D0 EA 92 9F 79 
	B0 08 3F 90 23 1A 34 F8 25 6B F2 72 33 45 06 CE 
plaintext_23 (size 81):
	27 A1 18 22 82 2E 48 34 80 F5 FA 01 A8 AB F4 58 
	40 EB 05 8D 17 9C A0 35 33 14 0E 4A F3 B1 1B CA 
	8D 16 07 45 13 F6 30 68 F2 29 C3 3F A5 7D E4 B0 
	9D 41 65 F5 12 61 4A D9 2B B2 F0 4A B0 F1 12 E3 
	7D 73 EA 7F 18 23 2B 0A 52 9E 46 C0 41 A6 24 69 
	42 
cred (size 293):
	59 01 22 30 82 01 1E 30 81 C5 A0 03 02 01 02 02 
	04 61 E9 98 1E 30 0A 06 08 2A 86 48 CE 3D 04 03 
	02 30 15 31 13 30 11 06 03 55 04 03 0C 0A 45 44 
	48 4F 43 20 52 6F 6F 74 30 1E 17 0D 32 32 30 31 
	32 30 31 37 31 33 30 32 5A 17 0D 32 39 31 32 33 
	31 32 33 30 30 30 30 5A 30 1A 31 18 30 16 06 03 
	55 04 03 0C 0F 45 44 48 4F 43 20 52 65 73 70 6F 
	6E 64 65 72 30 59 30 13 06 07 2A 86 48 CE 3D 02 
	01 06 08 2A 86 48 CE 3D 03 01 07 03 42 00 04 BB 
	C3 49 60 52 6E A4 D3 2E 94 0C AD 2A 23 41 48 DD 
	C2 17 91 A1 2A FB CB AC 93 62 20 46 DD 44 F0 45 
	19 E2 57 23 6B 2A 0C E2 02 3F 09 31 F1 F3 86 CA 
	7A FD A6 4F CD E0 10 8C 22 4C 51 EA BF 60 72 30 
	0A 06 08 2A 86 48 CE 3D 04 03 02 03 48 00 30 45 
	02 20 30 19 4E F5 FC 65 C8 B7 95 CD CD 0B B4 31 
	BF 83 EE 67 41 C1 37 0C 22 C8 EB 8E E9 ED D2 A7 
	05 19 02 21 00 B5 83 0E 9C 89 A6 2A C7 3C E1 EB 
	CE 00 61 70 7D B8 A8 8E 23 70 9B 4A CC 58 A1 31 
	3B 13 3D 05 58 
TMP size: 32
CBOR ENCODE ERROR: 0
Encoded
memcopy1
memcopy2
Input to calculate TH_3/TH_4 (CBOR Sequence) (size 408):
	58 20 37 BB DD 28 25 D9 46 4D E3 9B 4B D0 EA 92 
	9F 79 B0 08 3F 90 23 1A 34 F8 25 6B F2 72 33 45 
	06 CE 27 A1 18 22 82 2E 48 34 80 F5 FA 01 A8 AB 
	F4 58 40 EB 05 8D 17 9C A0 35 33 14 0E 4A F3 B1 
	1B CA 8D 16 07 45 13 F6 30 68 F2 29 C3 3F A5 7D 
	E4 B0 9D 41 65 F5 12 61 4A D9 2B B2 F0 4A B0 F1 
	12 E3 7D 73 EA 7F 18 23 2B 0A 52 9E 46 C0 41 A6 
	24 69 42 59 01 22 30 82 01 1E 30 81 C5 A0 03 02 
	01 02 02 04 61 E9 98 1E 30 0A 06 08 2A 86 48 CE 
	3D 04 03 02 30 15 31 13 30 11 06 03 55 04 03 0C 
	0A 45 44 48 4F 43 20 52 6F 6F 74 30 1E 17 0D 32 
	32 30 31 32 30 31 37 31 33 30 32 5A 17 0D 32 39 
	31 32 33 31 32 33 30 30 30 30 5A 30 1A 31 18 30 
	16 06 03 55 04 03 0C 0F 45 44 48 4F 43 20 52 65 
	73 70 6F 6E 64 65 72 30 59 30 13 06 07 2A 86 48 
	CE 3D 02 01 06 08 2A 86 48 CE 3D 03 01 07 03 42 
	00 04 BB C3 49 60 52 6E A4 D3 2E 94 0C AD 2A 23 
	41 48 DD C2 17 91 A1 2A FB CB AC 93 62 20 46 DD 
	44 F0 45 19 E2 57 23 6B 2A 0C E2 02 3F 09 31 F1 
	F3 86 CA 7A FD A6 4F CD E0 10 8C 22 4C 51 EA BF 
	60 72 30 0A 06 08 2A 86 48 CE 3D 04 03 02 03 48 
	00 30 45 02 20 30 19 4E F5 FC 65 C8 B7 95 CD CD 
	0B B4 31 BF 83 EE 67 41 C1 37 0C 22 C8 EB 8E E9 
	ED D2 A7 05 19 02 21 00 B5 83 0E 9C 89 A6 2A C7 
	3C E1 EB CE 00 61 70 7D B8 A8 8E 23 70 9B 4A CC 
	58 A1 31 3B 13 3D 05 58 
TH34 (size 32):
	73 F9 16 E4 C4 45 F0 A5 82 87 61 78 D2 5C B9 02 
	0F 9E 37 E0 4C EE B0 1D 12 8E DC 31 65 14 E5 12 
msg2 generated
msg2 (size 115):
	58 71 2C 7C 72 EC 15 77 6B C4 7B 02 AF B3 B6 16 
	67 DC 0B 16 86 E9 FF AE EC D4 CB 29 B2 EF F2 CF 
	6B 76 DD 8E CC 43 38 B3 AB BD 3B 03 C5 10 7B CC 
	3D 69 C9 27 27 F7 6F 22 D8 F1 06 7C E3 5B 3D 4D 
	0B 8F 77 F6 22 EE 58 93 B3 A6 A6 6D C7 9E F9 47 
	8C 04 E8 71 72 73 FB 35 08 3E CE 01 F4 4E 63 A7 
	29 E3 CF 53 50 96 0D 1D FE 74 F9 87 31 C6 04 1E 
	01 B3 57 
ead prcessed
CoAP reply sent!
mesage tx
waiting to receive
__________________
PDU was constructed from buffer of 117 bytes
PDU is 117 bytes long
CoAP Version: 1
Message Type: Confirmable
Token length: 4
Code: 0.02 POST
Message ID: 1
Token of 4 bytes.
   Value: 0x02000000 
2 options:
OPTION (1/2)
   Option number (delta): 11 (11)
   Name: URI_PATH
   Value length: 11
   Value: ".well-known"
OPTION (2/2)
   Option number (delta): 11 (0)
   Name: URI_PATH
   Value length: 5
   Value: "edhoc"
Payload of 90 bytes
   Value: "XX\11\1f\cb\94\13\1du1\0d\b7\9b\aa+\c8\dbf_\e7\91F\f0\d2\11\ec\88\c7\\cfp\ff\b4\cc^W\ba\e7\16\a3\8e\05\ec\e7\03\dc\8bj\00h8\9f7\c7'Jh\f1\16\93C\08\dcZ\81M\d6\9e\bb\e5\eb\8e}\9f\0eO+\85\9a\d3\aeF\8a\1c\889\81`\d5\00"
__________________
CoAP message (size 90):
	58 58 11 1F CB 94 13 1D 75 31 0D B7 9B AA 2B C8 
	DB 66 5F E7 91 46 F0 D2 11 EC 88 C7 5C CF 70 FF 
	B4 CC 5E 57 BA E7 16 A3 8E 05 EC E7 03 DC 8B 6A 
	00 68 38 9F 37 C7 27 4A 68 F1 16 93 43 08 DC 5A 
	81 4D D6 9E BB E5 EB 8E 7D 9F 0E 4F 2B 85 9A D3 
	AE 46 8A 1C 88 39 81 60 D5 00 
received
CIPHERTEXT_3 (size 88):
	11 1F CB 94 13 1D 75 31 0D B7 9B AA 2B C8 DB 66 
	5F E7 91 46 F0 D2 11 EC 88 C7 5C CF 70 FF B4 CC 
	5E 57 BA E7 16 A3 8E 05 EC E7 03 DC 8B 6A 00 68 
	38 9F 37 C7 27 4A 68 F1 16 93 43 08 DC 5A 81 4D 
	D6 9E BB E5 EB 8E 7D 9F 0E 4F 2B 85 9A D3 AE 46 
	8A 1C 88 39 81 60 D5 00 
PLAINTEXT3_SIZE: 903
ctxt3.len: 88
K_3 (size 16):
	98 34 1C 19 C6 4A 89 E6 F9 D0 4E 09 BD D2 D1 B1 
IV_3 (size 13):
	C2 B9 12 9C 49 30 75 BB 47 17 AC 68 E0 
associated_data (size 45):
	83 68 45 6E 63 72 79 70 74 30 40 58 20 73 F9 16 
	E4 C4 45 F0 A5 82 87 61 78 D2 5C B9 02 0F 9E 37 
	E0 4C EE B0 1D 12 8E DC 31 65 14 E5 12 
plaintext (size 80):
	A1 18 22 82 2E 48 EE C7 3F CB B0 16 26 76 58 40 
	6F 9B 42 C0 77 E4 AB 92 B3 DB E6 42 1A 81 6B ED 
	45 25 4B F0 CE 2C 9A 28 54 85 BF D5 0B 78 28 85 
	65 B9 18 2C EC 9F C3 C5 7F 48 91 1B F3 FF 19 3F 
	0F 92 AF 22 B6 08 BB 70 49 65 C3 EA EF 25 AA 52 
ID_CRED (size 14):
	A1 18 22 82 2E 48 EE C7 3F CB B0 16 26 76 
sign_or_mac (size 64):
	6F 9B 42 C0 77 E4 AB 92 B3 DB E6 42 1A 81 6B ED 
	45 25 4B F0 CE 2C 9A 28 54 85 BF D5 0B 78 28 85 
	65 B9 18 2C EC 9F C3 C5 7F 48 91 1B F3 FF 19 3F 
	0F 92 AF 22 B6 08 BB 70 49 65 C3 EA EF 25 AA 52 
[cred] lookup ID_CRED len=14
A11822822E48EEC73FCBB0162676
[cred] cred_array entries: 1
[cred] candidate[0] len=14 A11822822E48EEC73FCBB0162676
prk_4e3m (size 32):
	C3 DC B4 E1 CF 43 D3 0F 7A C0 25 68 70 72 8D A3 
	53 3F 46 A6 F4 33 F8 23 78 4C 4A 1D 1C 50 C9 9B 
TMP size: 32
CBOR ENCODE ERROR: 0
MAX ID CRED: 400 cred len 14
MAX CRED: 765 cred len 293
PK SIZE: 65
SIGNATURE SIZE: 500
CONTEXT_MAC_SIZE: 1204
CONTEXT_MAC len: 342
CR len: 1
TH enc len: 34
MAC context (size 341):
	A1 18 22 82 2E 48 EE C7 3F CB B0 16 26 76 58 20 
	73 F9 16 E4 C4 45 F0 A5 82 87 61 78 D2 5C B9 02 
	0F 9E 37 E0 4C EE B0 1D 12 8E DC 31 65 14 E5 12 
	59 01 22 30 82 01 1E 30 81 C5 A0 03 02 01 02 02 
	04 62 32 EF 6F 30 0A 06 08 2A 86 48 CE 3D 04 03 
	02 30 15 31 13 30 11 06 03 55 04 03 0C 0A 45 44 
	48 4F 43 20 52 6F 6F 74 30 1E 17 0D 32 32 30 33 
	31 37 30 38 32 31 30 33 5A 17 0D 32 39 31 32 33 
	31 32 33 30 30 30 30 5A 30 1A 31 18 30 16 06 03 
	55 04 03 0C 0F 45 44 48 4F 43 20 49 6E 69 74 69 
	61 74 6F 72 30 59 30 13 06 07 2A 86 48 CE 3D 02 
	01 06 08 2A 86 48 CE 3D 03 01 07 03 42 00 04 AC 
	75 E9 EC E3 E5 0B FC 8E D6 03 99 88 95 22 40 5C 
	47 BF 16 DF 96 66 0A 41 29 8C B4 30 7F 7E B6 6E 
	5D E6 11 38 8A 4B 8A 82 11 33 4A C7 D3 7E CB 52 
	A3 87 D2 57 E6 DB 3C 2A 93 DF 21 FF 3A FF C8 30 
	0A 06 08 2A 86 48 CE 3D 04 03 02 03 48 00 30 45 
	02 21 00 8C 32 3A 1F 33 21 38 AA B9 D0 BE AF B8 
	5F 8D 5A 44 07 3C 58 0F 59 5B C5 21 EF 91 3F 6E 
	F4 8D 11 02 20 6C 0A F1 A1 85 A4 E4 DE 06 35 36 
	99 23 1C 73 3A 6E 8D D2 DF 65 13 96 6C 91 30 15 
	2A 07 A2 BE DE 
is not DH, 32
MAC 2/3 (size 32):
	D5 E9 2F 2B 1E 01 BA 23 13 94 A0 ED FA 83 10 3F 
	DF 9A B7 57 4D F7 CD 3A D1 8C 32 2A 67 74 0D A2 
TMP size: 32
CBOR ENCODE ERROR: 0
Signature or MAC verification successful!
th23 (size 32):
	73 F9 16 E4 C4 45 F0 A5 82 87 61 78 D2 5C B9 02 
	0F 9E 37 E0 4C EE B0 1D 12 8E DC 31 65 14 E5 12 
plaintext_23 (size 80):
	A1 18 22 82 2E 48 EE C7 3F CB B0 16 26 76 58 40 
	6F 9B 42 C0 77 E4 AB 92 B3 DB E6 42 1A 81 6B ED 
	45 25 4B F0 CE 2C 9A 28 54 85 BF D5 0B 78 28 85 
	65 B9 18 2C EC 9F C3 C5 7F 48 91 1B F3 FF 19 3F 
	0F 92 AF 22 B6 08 BB 70 49 65 C3 EA EF 25 AA 52 
cred (size 293):
	59 01 22 30 82 01 1E 30 81 C5 A0 03 02 01 02 02 
	04 62 32 EF 6F 30 0A 06 08 2A 86 48 CE 3D 04 03 
	02 30 15 31 13 30 11 06 03 55 04 03 0C 0A 45 44 
	48 4F 43 20 52 6F 6F 74 30 1E 17 0D 32 32 30 33 
	31 37 30 38 32 31 30 33 5A 17 0D 32 39 31 32 33 
	31 32 33 30 30 30 30 5A 30 1A 31 18 30 16 06 03 
	55 04 03 0C 0F 45 44 48 4F 43 20 49 6E 69 74 69 
	61 74 6F 72 30 59 30 13 06 07 2A 86 48 CE 3D 02 
	01 06 08 2A 86 48 CE 3D 03 01 07 03 42 00 04 AC 
	75 E9 EC E3 E5 0B FC 8E D6 03 99 88 95 22 40 5C 
	47 BF 16 DF 96 66 0A 41 29 8C B4 30 7F 7E B6 6E 
	5D E6 11 38 8A 4B 8A 82 11 33 4A C7 D3 7E CB 52 
	A3 87 D2 57 E6 DB 3C 2A 93 DF 21 FF 3A FF C8 30 
	0A 06 08 2A 86 48 CE 3D 04 03 02 03 48 00 30 45 
	02 21 00 8C 32 3A 1F 33 21 38 AA B9 D0 BE AF B8 
	5F 8D 5A 44 07 3C 58 0F 59 5B C5 21 EF 91 3F 6E 
	F4 8D 11 02 20 6C 0A F1 A1 85 A4 E4 DE 06 35 36 
	99 23 1C 73 3A 6E 8D D2 DF 65 13 96 6C 91 30 15 
	2A 07 A2 BE DE 
TMP size: 32
CBOR ENCODE ERROR: 0
Encoded
memcopy1
memcopy2
Input to calculate TH_3/TH_4 (CBOR Sequence) (size 407):
	58 20 73 F9 16 E4 C4 45 F0 A5 82 87 61 78 D2 5C 
	B9 02 0F 9E 37 E0 4C EE B0 1D 12 8E DC 31 65 14 
	E5 12 A1 18 22 82 2E 48 EE C7 3F CB B0 16 26 76 
	58 40 6F 9B 42 C0 77 E4 AB 92 B3 DB E6 42 1A 81 
	6B ED 45 25 4B F0 CE 2C 9A 28 54 85 BF D5 0B 78 
	28 85 65 B9 18 2C EC 9F C3 C5 7F 48 91 1B F3 FF 
	19 3F 0F 92 AF 22 B6 08 BB 70 49 65 C3 EA EF 25 
	AA 52 59 01 22 30 82 01 1E 30 81 C5 A0 03 02 01 
	02 02 04 62 32 EF 6F 30 0A 06 08 2A 86 48 CE 3D 
	04 03 02 30 15 31 13 30 11 06 03 55 04 03 0C 0A 
	45 44 48 4F 43 20 52 6F 6F 74 30 1E 17 0D 32 32 
	30 33 31 37 30 38 32 31 30 33 5A 17 0D 32 39 31 
	32 33 31 32 33 30 30 30 30 5A 30 1A 31 18 30 16 
	06 03 55 04 03 0C 0F 45 44 48 4F 43 20 49 6E 69 
	74 69 61 74 6F 72 30 59 30 13 06 07 2A 86 48 CE 
	3D 02 01 06 08 2A 86 48 CE 3D 03 01 07 03 42 00 
	04 AC 75 E9 EC E3 E5 0B FC 8E D6 03 99 88 95 22 
	40 5C 47 BF 16 DF 96 66 0A 41 29 8C B4 30 7F 7E 
	B6 6E 5D E6 11 38 8A 4B 8A 82 11 33 4A C7 D3 7E 
	CB 52 A3 87 D2 57 E6 DB 3C 2A 93 DF 21 FF 3A FF 
	C8 30 0A 06 08 2A 86 48 CE 3D 04 03 02 03 48 00 
	30 45 02 21 00 8C 32 3A 1F 33 21 38 AA B9 D0 BE 
	AF B8 5F 8D 5A 44 07 3C 58 0F 59 5B C5 21 EF 91 
	3F 6E F4 8D 11 02 20 6C 0A F1 A1 85 A4 E4 DE 06 
	35 36 99 23 1C 73 3A 6E 8D D2 DF 65 13 96 6C 91 
	30 15 2A 07 A2 BE DE 
TH34 (size 32):
	6A CC 72 DD 31 05 77 0F 33 C8 23 80 03 A2 8D D1 
	E9 E4 47 FE F0 D5 C0 B3 14 5F 7D 65 86 6B 28 38 
PRK_out (size 32):
	E6 8D 7A 42 45 C5 A0 DA 70 15 F5 7D 0D A6 E6 FB 
	6B CD 0D 85 BE D3 4A FC 2F 33 A9 BA F9 DE 1A CD 
prk_exporter (size 32):
	E2 20 AB 83 01 1F 0D 6D DF 39 44 48 A3 CE 8A F7 
	E4 0B 93 4C 26 30 6C 84 EA DE 86 64 3A 1D BF 09 
OSCORE Master Secr