NO DEFINED LIBOQS
initiator test vector number 2:initator cipher suit: (size 1):
	02 
initiator sk size:32 
initiator pk size:65 
secret ephemeral DH key (size 32):
	8A F6 F4 30 EB E1 8D 34 18 40 17 A9 A1 1B F5 11 
	C8 DF F8 F8 34 73 0B 96 C1 B7 C8 DB CA 2F C3 B6 
public ephemeral DH key (size 32):
	36 8E C1 F6 9A EB 65 9B A3 7D 5A 8D 45 B2 1B DC 
	02 99 DC EA A8 EF 23 5F 3C A4 2C E3 53 0F 95 25 
IPv4 client to connect to server with address 127.0.0.1 started!
MSG1 gx (size 32):
	8A F6 F4 30 EB E1 8D 34 18 40 17 A9 A1 1B F5 11 
	C8 DF F8 F8 34 73 0B 96 C1 B7 C8 DB CA 2F C3 B6 
X (eph -rpivate I) (size 32):
	36 8E C1 F6 9A EB 65 9B A3 7D 5A 8D 45 B2 1B DC 
	02 99 DC EA A8 EF 23 5F 3C A4 2C E3 53 0F 95 25 
C_I (size 1):
	37 
message_1 (CBOR Sequence) (size 37):
	00 02 58 20 8A F6 F4 30 EB E1 8D 34 18 40 17 A9 
	A1 1B F5 11 C8 DF F8 F8 34 73 0B 96 C1 B7 C8 DB 
	CA 2F C3 B6 37 
MSG: (size 37):
	00 02 58 20 8A F6 F4 30 EB E1 8D 34 18 40 17 A9 
	A1 1B F5 11 C8 DF F8 F8 34 73 0B 96 C1 B7 C8 DB 
	CA 2F C3 B6 37 
Max MSG2 size 2027
Set gy to the dh key size for DH
message_2 (CBOR Sequence) (size 115):
	58 71 BD 24 EE 24 26 1C EA B3 61 6C 12 7C 63 A5 
	5F 53 25 A5 0A 2B 61 72 16 81 9A 44 2C 14 49 1C 
	5F 50 25 6D B3 1C 0B 2B 0D FC 73 FB 9E 40 E0 66 
	94 6F 1C B8 8E FA 51 4D 0B 6C 15 58 9B EB 18 14 
	1A 9B FC 40 DA 2A 59 66 7C FC 41 63 2F DB F3 FA 
	FA 01 B2 95 D6 41 5F 99 7C 0B 0B 6F 3D A5 2D 7C 
	45 55 10 8C 69 65 15 16 B3 5D 26 2D AD 8A 64 DA 
	62 B3 FE 
g_y (size 32):
	BD 24 EE 24 26 1C EA B3 61 6C 12 7C 63 A5 5F 53 
	25 A5 0A 2B 61 72 16 81 9A 44 2C 14 49 1C 5F 50 
ciphertext2 (size 81):
	25 6D B3 1C 0B 2B 0D FC 73 FB 9E 40 E0 66 94 6F 
	1C B8 8E FA 51 4D 0B 6C 15 58 9B EB 18 14 1A 9B 
	FC 40 DA 2A 59 66 7C FC 41 63 2F DB F3 FA FA 01 
	B2 95 D6 41 5F 99 7C 0B 0B 6F 3D A5 2D 7C 45 55 
	10 8C 69 65 15 16 B3 5D 26 2D AD 8A 64 DA 62 B3 
	FE 
PQ/T Hybrid array foe g_xy_KEM
x  (size 32):
	36 8E C1 F6 9A EB 65 9B A3 7D 5A 8D 45 B2 1B DC 
	02 99 DC EA A8 EF 23 5F 3C A4 2C E3 53 0F 95 25 
gy  (size 32):
	BD 24 EE 24 26 1C EA B3 61 6C 12 7C 63 A5 5F 53 
	25 A5 0A 2B 61 72 16 81 9A 44 2C 14 49 1C 5F 50 
SHARED SECRET DERIVE
P256 in DH
pk_decompressed tinycript (size 64):
	BD 24 EE 24 26 1C EA B3 61 6C 12 7C 63 A5 5F 53 
	25 A5 0A 2B 61 72 16 81 9A 44 2C 14 49 1C 5F 50 
	6A B6 8F 9F BC 74 3C 1C 7D 88 D1 EA 50 32 45 CD 
	3C 69 9B 00 4C D7 5B A7 FE DD D5 58 8F 6C 15 D8 
G_XY (ECDH shared secret)  (size 32):
	CC C7 17 B2 C4 18 80 38 D8 7C 9C 09 0F 84 91 B8 
	D0 89 50 E6 F0 CE C1 EB 04 74 36 C1 4F 77 A5 D1 
hash_msg1_raw (size 32):
	C7 93 1F CA 62 16 CA BC B5 A9 AB 7B 17 61 AE 46 
	78 94 6B A4 F6 0B 6D E1 63 14 69 18 2A 4E 67 26 
Input to calculate TH_2 (CBOR Sequence) (size 68):
	58 20 BD 24 EE 24 26 1C EA B3 61 6C 12 7C 63 A5 
	5F 53 25 A5 0A 2B 61 72 16 81 9A 44 2C 14 49 1C 
	5F 50 58 20 C7 93 1F CA 62 16 CA BC B5 A9 AB 7B 
	17 61 AE 46 78 94 6B A4 F6 0B 6D E1 63 14 69 18 
	2A 4E 67 26 
TH2 (size 32):
	26 B0 52 3F 58 3E 62 61 C3 A9 31 4E D4 98 82 9A 
	32 50 D3 0C BC 47 3A 82 58 7C AD 56 09 C0 B3 70 
TH_2 (size 32):
	26 B0 52 3F 58 3E 62 61 C3 A9 31 4E D4 98 82 9A 
	32 50 D3 0C BC 47 3A 82 58 7C AD 56 09 C0 B3 70 
PRK_2e (size 32):
	63 44 18 97 FC B6 3E 2F 87 D3 4B A0 A3 D7 5B 80 
	BF 88 22 1B F1 31 2B 41 92 8C 26 85 C8 55 E6 60 
KEYSTREAM_2 (size 81):
	02 CC AB 3E 89 05 45 C8 F3 0E 64 41 48 CD 60 37 
	5C 6C 14 4C 95 87 69 95 E0 3A F6 C7 AD 35 A8 E2 
	0B 74 72 53 CD ED 64 39 68 43 C5 8B 64 AE 9F C5 
	8F 80 82 FA 37 02 45 24 D4 18 60 E0 9C E6 4E 6D 
	80 CF 3B A8 BA 25 3F A3 55 64 94 63 FB 76 DB 5D 
	FF 
associated_data (size 45):
	83 68 45 6E 63 72 79 70 74 30 40 58 20 26 B0 52 
	3F 58 3E 62 61 C3 A9 31 4E D4 98 82 9A 32 50 D3 
	0C BC 47 3A 82 58 7C AD 56 09 C0 B3 70 
plaintext (size 81):
	27 A1 18 22 82 2E 48 34 80 F5 FA 01 A8 AB F4 58 
	40 D4 9A B6 C4 CA 62 F9 F5 62 6D 2C B5 21 B2 79 
	F7 34 A8 79 94 8B 18 C5 29 20 EA 50 97 54 65 C4 
	3D 15 54 BB 68 9B 39 2F DF 77 5D 45 B1 9A 0B 38 
	90 43 52 CD AF 33 8C FE 73 49 39 E9 9F AC B9 EE 
	01 
C_R (raw) (size 1):
	27 
ID_CRED (size 14):
	A1 18 22 82 2E 48 34 80 F5 FA 01 A8 AB F4 
sign_or_mac (size 64):
	D4 9A B6 C4 CA 62 F9 F5 62 6D 2C B5 21 B2 79 F7 
	34 A8 79 94 8B 18 C5 29 20 EA 50 97 54 65 C4 3D 
	15 54 BB 68 9B 39 2F DF 77 5D 45 B1 9A 0B 38 90 
	43 52 CD AF 33 8C FE 73 49 39 E9 9F AC B9 EE 01 
[cred] lookup ID_CRED len=14
A11822822E483480F5FA01A8ABF4
[cred] cred_array entries: 1
[cred] candidate[0] len=14 A11822822E483480F5FA01A8ABF4
prk_3e2m (size 32):
	63 44 18 97 FC B6 3E 2F 87 D3 4B A0 A3 D7 5B 80 
	BF 88 22 1B F1 31 2B 41 92 8C 26 85 C8 55 E6 60 
TMP size: 32
CBOR ENCODE ERROR: 0
MAX ID CRED: 400 cred len 14
MAX CRED: 765 cred len 293
PK SIZE: 65
SIGNATURE SIZE: 500
CONTEXT_MAC_SIZE: 1204
CONTEXT_MAC len: 343
CR len: 2
TH enc len: 34
TMP size: 1
CBOR ENCODE ERROR: 0
MAC context (size 343):
	41 27 A1 18 22 82 2E 48 34 80 F5 FA 01 A8 AB F4 
	58 20 26 B0 52 3F 58 3E 62 61 C3 A9 31 4E D4 98 
	82 9A 32 50 D3 0C BC 47 3A 82 58 7C AD 56 09 C0 
	B3 70 59 01 22 30 82 01 1E 30 81 C5 A0 03 02 01 
	02 02 04 61 E9 98 1E 30 0A 06 08 2A 86 48 CE 3D 
	04 03 02 30 15 31 13 30 11 06 03 55 04 03 0C 0A 
	45 44 48 4F 43 20 52 6F 6F 74 30 1E 17 0D 32 32 
	30 31 32 30 31 37 31 33 30 32 5A 17 0D 32 39 31 
	32 33 31 32 33 30 30 30 30 5A 30 1A 31 18 30 16 
	06 03 55 04 03 0C 0F 45 44 48 4F 43 20 52 65 73 
	70 6F 6E 64 65 72 30 59 30 13 06 07 2A 86 48 CE 
	3D 02 01 06 08 2A 86 48 CE 3D 03 01 07 03 42 00 
	04 BB C3 49 60 52 6E A4 D3 2E 94 0C AD 2A 23 41 
	48 DD C2 17 91 A1 2A FB CB AC 93 62 20 46 DD 44 
	F0 45 19 E2 57 23 6B 2A 0C E2 02 3F 09 31 F1 F3 
	86 CA 7A FD A6 4F CD E0 10 8C 22 4C 51 EA BF 60 
	72 30 0A 06 08 2A 86 48 CE 3D 04 03 02 03 48 00 
	30 45 02 20 30 19 4E F5 FC 65 C8 B7 95 CD CD 0B 
	B4 31 BF 83 EE 67 41 C1 37 0C 22 C8 EB 8E E9 ED 
	D2 A7 05 19 02 21 00 B5 83 0E 9C 89 A6 2A C7 3C 
	E1 EB CE 00 61 70 7D B8 A8 8E 23 70 9B 4A CC 58 
	A1 31 3B 13 3D 05 58 
is not DH, 32
MAC 2/3 (size 32):
	BF 21 73 9B 3E FB 2F 3D 3A 98 21 2D D0 BC 37 71 
	D0 CB 40 39 EB 8A 26 73 E4 0B 29 7B 9D 95 63 B5 
TMP size: 32
CBOR ENCODE ERROR: 0
Signature or MAC verification successful!
th23 (size 32):
	26 B0 52 3F 58 3E 62 61 C3 A9 31 4E D4 98 82 9A 
	32 50 D3 0C BC 47 3A 82 58 7C AD 56 09 C0 B3 70 
plaintext_23 (size 81):
	27 A1 18 22 82 2E 48 34 80 F5 FA 01 A8 AB F4 58 
	40 D4 9A B6 C4 CA 62 F9 F5 62 6D 2C B5 21 B2 79 
	F7 34 A8 79 94 8B 18 C5 29 20 EA 50 97 54 65 C4 
	3D 15 54 BB 68 9B 39 2F DF 77 5D 45 B1 9A 0B 38 
	90 43 52 CD AF 33 8C FE 73 49 39 E9 9F AC B9 EE 
	01 
cred (size 293):
	59 01 22 30 82 01 1E 30 81 C5 A0 03 02 01 02 02 
	04 61 E9 98 1E 30 0A 06 08 2A 86 48 CE 3D 04 03 
	02 30 15 31 13 30 11 06 03 55 04 03 0C 0A 45 44 
	48 4F 43 20 52 6F 6F 74 30 1E 17 0D 32 32 30 31 
	32 30 31 37 31 33 30 32 5A 17 0D 32 39 31 32 33 
	31 32 33 30 30 30 30 5A 30 1A 31 18 30 16 06 03 
	55 04 03 0C 0F 45 44 48 4F 43 20 52 65 73 70 6F 
	6E 64 65 72 30 59 30 13 06 07 2A 86 48 CE 3D 02 
	01 06 08 2A 86 48 CE 3D 03 01 07 03 42 00 04 BB 
	C3 49 60 52 6E A4 D3 2E 94 0C AD 2A 23 41 48 DD 
	C2 17 91 A1 2A FB CB AC 93 62 20 46 DD 44 F0 45 
	19 E2 57 23 6B 2A 0C E2 02 3F 09 31 F1 F3 86 CA 
	7A FD A6 4F CD E0 10 8C 22 4C 51 EA BF 60 72 30 
	0A 06 08 2A 86 48 CE 3D 04 03 02 03 48 00 30 45 
	02 20 30 19 4E F5 FC 65 C8 B7 95 CD CD 0B B4 31 
	BF 83 EE 67 41 C1 37 0C 22 C8 EB 8E E9 ED D2 A7 
	05 19 02 21 00 B5 83 0E 9C 89 A6 2A C7 3C E1 EB 
	CE 00 61 70 7D B8 A8 8E 23 70 9B 4A CC 58 A1 31 
	3B 13 3D 05 58 
TMP size: 32
CBOR ENCODE ERROR: 0
Encoded
memcopy1
memcopy2
Input to calculate TH_3/TH_4 (CBOR Sequence) (size 408):
	58 20 26 B0 52 3F 58 3E 62 61 C3 A9 31 4E D4 98 
	82 9A 32 50 D3 0C BC 47 3A 82 58 7C AD 56 09 C0 
	B3 70 27 A1 18 22 82 2E 48 34 80 F5 FA 01 A8 AB 
	F4 58 40 D4 9A B6 C4 CA 62 F9 F5 62 6D 2C B5 21 
	B2 79 F7 34 A8 79 94 8B 18 C5 29 20 EA 50 97 54 
	65 C4 3D 15 54 BB 68 9B 39 2F DF 77 5D 45 B1 9A 
	0B 38 90 43 52 CD AF 33 8C FE 73 49 39 E9 9F AC 
	B9 EE 01 59 01 22 30 82 01 1E 30 81 C5 A0 03 02 
	01 02 02 04 61 E9 98 1E 30 0A 06 08 2A 86 48 CE 
	3D 04 03 02 30 15 31 13 30 11 06 03 55 04 03 0C 
	0A 45 44 48 4F 43 20 52 6F 6F 74 30 1E 17 0D 32 
	32 30 31 32 30 31 37 31 33 30 32 5A 17 0D 32 39 
	31 32 33 31 32 33 30 30 30 30 5A 30 1A 31 18 30 
	16 06 03 55 04 03 0C 0F 45 44 48 4F 43 20 52 65 
	73 70 6F 6E 64 65 72 30 59 30 13 06 07 2A 86 48 
	CE 3D 02 01 06 08 2A 86 48 CE 3D 03 01 07 03 42 
	00 04 BB C3 49 60 52 6E A4 D3 2E 94 0C AD 2A 23 
	41 48 DD C2 17 91 A1 2A FB CB AC 93 62 20 46 DD 
	44 F0 45 19 E2 57 23 6B 2A 0C E2 02 3F 09 31 F1 
	F3 86 CA 7A FD A6 4F CD E0 10 8C 22 4C 51 EA BF 
	60 72 30 0A 06 08 2A 86 48 CE 3D 04 03 02 03 48 
	00 30 45 02 20 30 19 4E F5 FC 65 C8 B7 95 CD CD 
	0B B4 31 BF 83 EE 67 41 C1 37 0C 22 C8 EB 8E E9 
	ED D2 A7 05 19 02 21 00 B5 83 0E 9C 89 A6 2A C7 
	3C E1 EB CE 00 61 70 7D B8 A8 8E 23 70 9B 4A CC 
	58 A1 31 3B 13 3D 05 58 
TH34 (size 32):
	86 08 6F B7 6B 1E 68 FF EE 30 1E 1A 75 3C 5F F5 
	2B 58 D6 B5 D9 9B F6 87 CC E0 EE 9C EC F9 CB 63 
prk_4e3m (size 32):
	63 44 18 97 FC B6 3E 2F 87 D3 4B A0 A3 D7 5B 80 
	BF 88 22 1B F1 31 2B 41 92 8C 26 85 C8 55 E6 60 
TMP size: 32
CBOR ENCODE ERROR: 0
MAX ID CRED: 400 cred len 14
MAX CRED: 765 cred len 293
PK SIZE: 65
SIGNATURE SIZE: 500
CONTEXT_MAC_SIZE: 1204
CONTEXT_MAC len: 342
CR len: 1
TH enc len: 34
MAC context (size 341):
	A1 18 22 82 2E 48 EE C7 3F CB B0 16 26 76 58 20 
	86 08 6F B7 6B 1E 68 FF EE 30 1E 1A 75 3C 5F F5 
	2B 58 D6 B5 D9 9B F6 87 CC E0 EE 9C EC F9 CB 63 
	59 01 22 30 82 01 1E 30 81 C5 A0 03 02 01 02 02 
	04 62 32 EF 6F 30 0A 06 08 2A 86 48 CE 3D 04 03 
	02 30 15 31 13 30 11 06 03 55 04 03 0C 0A 45 44 
	48 4F 43 20 52 6F 6F 74 30 1E 17 0D 32 32 30 33 
	31 37 30 38 32 31 30 33 5A 17 0D 32 39 31 32 33 
	31 32 33 30 30 30 30 5A 30 1A 31 18 30 16 06 03 
	55 04 03 0C 0F 45 44 48 4F 43 20 49 6E 69 74 69 
	61 74 6F 72 30 59 30 13 06 07 2A 86 48 CE 3D 02 
	01 06 08 2A 86 48 CE 3D 03 01 07 03 42 00 04 AC 
	75 E9 EC E3 E5 0B FC 8E D6 03 99 88 95 22 40 5C 
	47 BF 16 DF 96 66 0A 41 29 8C B4 30 7F 7E B6 6E 
	5D E6 11 38 8A 4B 8A 82 11 33 4A C7 D3 7E CB 52 
	A3 87 D2 57 E6 DB 3C 2A 93 DF 21 FF 3A FF C8 30 
	0A 06 08 2A 86 48 CE 3D 04 03 02 03 48 00 30 45 
	02 21 00 8C 32 3A 1F 33 21 38 AA B9 D0 BE AF B8 
	5F 8D 5A 44 07 3C 58 0F 59 5B C5 21 EF 91 3F 6E 
	F4 8D 11 02 20 6C 0A F1 A1 85 A4 E4 DE 06 35 36 
	99 23 1C 73 3A 6E 8D D2 DF 65 13 96 6C 91 30 15 
	2A 07 A2 BE DE 
is not DH, 32
MAC 2/3 (size 32):
	E1 9B 4C AC FE 9B 1C F3 9D 8D 66 FC A7 66 0E 12 
	94 D9 25 F0 50 6A 63 B7 86 31 7B F6 6C 11 DD 5E 
TMP size: 32
CBOR ENCODE ERROR: 0
Signature or mac size: 64Inside the sign
signature_or_mac (is signature) (size 64):
	11 73 5C 63 D6 C9 3A B7 82 65 46 88 C4 3B CF 3C 
	95 8D D2 FE FF 12 C8 BC 41 26 5C 14 EE 7D 66 DC 
	15 00 DC 79 CB F1 1B B8 25 CC A2 8D 71 ED B3 7F 
	DE 9D 1D 7E 96 FE 3B 01 B0 61 2D 47 0F BA 52 CD 
TMP size: 64
CBOR ENCODE ERROR: 0
kid (size 0):
K_3 (size 16):
	16 B3 43 2A 3F 6F 3E 82 8C 57 44 07 BD 7A 4A 54 
IV_3 (size 13):
	38 FE 78 87 4E 93 AC 9E DB AD 88 7A 3C 
aad_data (size 45):
	83 68 45 6E 63 72 79 70 74 30 40 58 20 86 08 6F 
	B7 6B 1E 68 FF EE 30 1E 1A 75 3C 5F F5 2B 58 D6 
	B5 D9 9B F6 87 CC E0 EE 9C EC F9 CB 63 
ciphertext_2/3/4 (size 88):
	1D C2 16 4F 71 5B DA A1 50 D8 7A D9 F6 17 28 B7 
	AF F6 7B 15 F7 2F 73 AC 5D A1 C1 0A DF 7A 57 DC 
	13 AC EA F4 BF 99 E5 DA F7 DF 8D 94 6C 22 AC 5B 
	A9 70 6D F4 FD 46 37 7E 1A AE A1 43 F5 5D 8B D3 
	C2 2D FD 97 70 28 3F D8 29 F4 CB 7A 69 E1 8E 18 
	52 8B 6B 16 DB 75 3A 92 
CIPHERTEXT: (size 88):
	1D C2 16 4F 71 5B DA A1 50 D8 7A D9 F6 17 28 B7 
	AF F6 7B 15 F7 2F 73 AC 5D A1 C1 0A DF 7A 57 DC 
	13 AC EA F4 BF 99 E5 DA F7 DF 8D 94 6C 22 AC 5B 
	A9 70 6D F4 FD 46 37 7E 1A AE A1 43 F5 5D 8B D3 
	C2 2D FD 97 70 28 3F D8 29 F4 CB 7A 69 E1 8E 18 
	52 8B 6B 16 DB 75 3A 92 
MSG out size:92
TMP size: 88
CBOR ENCODE ERROR: 0
msg3 (size 90):
	58 58 1D C2 16 4F 71 5B DA A1 50 D8 7A D9 F6 17 
	28 B7 AF F6 7B 15 F7 2F 73 AC 5D A1 C1 0A DF 7A 
	57 DC 13 AC EA F4 BF 99 E5 DA F7 DF 8D 94 6C 22 
	AC 5B A9 70 6D F4 FD 46 37 7E 1A AE A1 43 F5 5D 
	8B D3 C2 2D FD 97 70 28 3F D8 29 F4 CB 7A 69 E1 
	8E 18 52 8B 6B 16 DB 75 3A 92 
th23 (size 32):
	86 08 6F B7 6B 1E 68 FF EE 30 1E 1A 75 3C 5F F5 
	2B 58 D6 B5 D9 9B F6 87 CC E0 EE 9C EC F9 CB 63 
plaintext_23 (size 80):
	A1 18 22 82 2E 48 EE C7 3F CB B0 16 26 76 58 40 
	11 73 5C 63 D6 C9 3A B7 82 65 46 88 C4 3B CF 3C 
	95 8D D2 FE FF 12 C8 BC 41 26 5C 14 EE 7D 66 DC 
	15 00 DC 79 CB F1 1B B8 25 CC A2 8D 71 ED B3 7F 
	DE 9D 1D 7E 96 FE 3B 01 B0 61 2D 47 0F BA 52 CD 
cred (size 293):
	59 01 22 30 82 01 1E 30 81 C5 A0 03 02 01 02 02 
	04 62 32 EF 6F 30 0A 06 08 2A 86 48 CE 3D 04 03 
	02 30 15 31 13 30 11 06 03 55 04 03 0C 0A 45 44 
	48 4F 43 20 52 6F 6F 74 30 1E 17 0D 32 32 30 33 
	31 37 30 38 32 31 30 33 5A 17 0D 32 39 31 32 33 
	31 32 33 30 30 30 30 5A 30 1A 31 18 30 16 06 03 
	55 04 03 0C 0F 45 44 48 4F 43 20 49 6E 69 74 69 
	61 74 6F 72 30 59 30 13 06 07 2A 86 48 CE 3D 02 
	01 06 08 2A 86 48 CE 3D 03 01 07 03 42 00 04 AC 
	75 E9 EC E3 E5 0B FC 8E D6 03 99 88 95 22 40 5C 
	47 BF 16 DF 96 66 0A 41 29 8C B4 30 7F 7E B6 6E 
	5D E6 11 38 8A 4B 8A 82 11 33 4A C7 D3 7E CB 52 
	A3 87 D2 57 E6 DB 3C 2A 93 DF 21 FF 3A FF C8 30 
	0A 06 08 2A 86 48 CE 3D 04 03 02 03 48 00 30 45 
	02 21 00 8C 32 3A 1F 33 21 38 AA B9 D0 BE AF B8 
	5F 8D 5A 44 07 3C 58 0F 59 5B C5 21 EF 91 3F 6E 
	F4 8D 11 02 20 6C 0A F1 A1 85 A4 E4 DE 06 35 36 
	99 23 1C 73 3A 6E 8D D2 DF 65 13 96 6C 91 30 15 
	2A 07 A2 BE DE 
TMP size: 32
CBOR ENCODE ERROR: 0
Encoded
memcopy1
memcopy2
Input to calculate TH_3/TH_4 (CBOR Sequence) (size 407):
	58 20 86 08 6F B7 6B 1E 68 FF EE 30 1E 1A 75 3C 
	5F F5 2B 58 D6 B5 D9 9B F6 87 CC E0 EE 9C EC F9 
	CB 63 A1 18 22 82 2E 48 EE C7 3F CB B0 16 26 76 
	58 40 11 73 5C 63 D6 C9 3A B7 82 65 46 88 C4 3B 
	CF 3C 95 8D D2 FE FF 12 C8 BC 41 26 5C 14 EE 7D 
	66 DC 15 00 DC 79 CB F1 1B B8 25 CC A2 8D 71 ED 
	B3 7F DE 9D 1D 7E 96 FE 3B 01 B0 61 2D 47 0F BA 
	52 CD 59 01 22 30 82 01 1E 30 81 C5 A0 03 02 01 
	02 02 04 62 32 EF 6F 30 0A 06 08 2A 86 48 CE 3D 
	04 03 02 30 15 31 13 30 11 06 03 55 04 03 0C 0A 
	45 44 48 4F 43 20 52 6F 6F 74 30 1E 17 0D 32 32 
	30 33 31 37 30 38 32 31 30 33 5A 17 0D 32 39 31 
	32 33 31 32 33 30 30 30 30 5A 30 1A 31 18 30 16 
	06 03 55 04 03 0C 0F 45 44 48 4F 43 20 49 6E 69 
	74 69 61 74 6F 72 30 59 30 13 06 07 2A 86 48 CE 
	3D 02 01 06 08 2A 86 48 CE 3D 03 01 07 03 42 00 
	04 AC 75 E9 EC E3 E5 0B FC 8E D6 03 99 88 95 22 
	40 5C 47 BF 16 DF 96 66 0A 41 29 8C B4 30 7F 7E 
	B6 6E 5D E6 11 38 8A 4B 8A 82 11 33 4A C7 D3 7E 
	CB 52 A3 87 D2 57 E6 DB 3C 2A 93 DF 21 FF 3A FF 
	C8 30 0A 06 08 2A 86 48 CE 3D 04 03 02 03 48 00 
	30 45 02 21 00 8C 32 3A 1F 33 21 38 AA B9 D0 BE 
	AF B8 5F 8D 5A 44 07 3C 58 0F 59 5B C5 21 EF 91 
	3F 6E F4 8D 11 02 20 6C 0A F1 A1 85 A4 E4 DE 06 
	35 36 99 23 1C 73 3A 6E 8D D2 DF 65 13 96 6C 91 
	30 15 2A 07 A2 BE DE 
TH34 (size 32):
	FD DD 79 A5 D6 EA D1 BE F3 1D E4 6D B3 E4 84 DD 
	63 85 DD 02 C4 27 C4 7B D7 0E 31 32 49 B2 63 87 
PRK_out (size 32):
	0E D9 C4 76 63 05 2E 4A 36 33 92 C2 ED B9 84 58 
	60 D4 F8 41 44 E7 1B 6E EB 51 08 99 3B C8 59 B8 
prk_exporter (size 32):
	E4 9F 1B D6 01 E9 E2 93 FC 58 47 B5 58 51 C2 21 
	E3 B5 19 B5 5A E7 20 36 F8 8F A8 DC 69 E0 64 1B 
OSCORE Master Secret (size 16):
	55 0D C5 3E DC EA E3 A4 10 8A 2A 6B 8D C6 05 A2 
OSCORE Master Salt (size 8):
	F3 AC 45 32 A6 B1 08 60 
