NO DEFINED LIBOQS
initiator test vector number 2:initator cipher suit: (size 1):
	02 
initiator sk size:32 
initiator pk size:65 
secret ephemeral DH key (size 32):
	8A F6 F4 30 EB E1 8D 34 18 40 17 A9 A1 1B F5 11 
	C8 DF F8 F8 34 73 0B 96 C1 B7 C8 DB CA 2F C3 B6 
public ephemeral DH key (size 32):
	36 8E C1 F6 9A EB 65 9B A3 7D 5A 8D 45 B2 1B DC 
	02 99 DC EA A8 EF 23 5F 3C A4 2C E3 53 0F 95 25 
IPv4 client to connect to server with address 127.0.0.1 started!
MSG1 gx (size 32):
	8A F6 F4 30 EB E1 8D 34 18 40 17 A9 A1 1B F5 11 
	C8 DF F8 F8 34 73 0B 96 C1 B7 C8 DB CA 2F C3 B6 
X (eph -rpivate I) (size 32):
	36 8E C1 F6 9A EB 65 9B A3 7D 5A 8D 45 B2 1B DC 
	02 99 DC EA A8 EF 23 5F 3C A4 2C E3 53 0F 95 25 
C_I (size 1):
	37 
message_1 (CBOR Sequence) (size 37):
	00 02 58 20 8A F6 F4 30 EB E1 8D 34 18 40 17 A9 
	A1 1B F5 11 C8 DF F8 F8 34 73 0B 96 C1 B7 C8 DB 
	CA 2F C3 B6 37 
MSG: (size 37):
	00 02 58 20 8A F6 F4 30 EB E1 8D 34 18 40 17 A9 
	A1 1B F5 11 C8 DF F8 F8 34 73 0B 96 C1 B7 C8 DB 
	CA 2F C3 B6 37 
Max MSG2 size 2027
Set gy to the dh key size for DH
message_2 (CBOR Sequence) (size 115):
	58 71 81 D1 1E 53 55 34 E5 AE 54 B8 81 08 A8 18 
	AB EA 52 EA 37 83 44 04 FE 91 2D 31 CD 81 F0 DA 
	2D 2C 1B D7 0E 8D A2 42 7B 53 91 72 27 EB 9B 81 
	7D E8 D8 27 E4 DE 58 37 36 00 C8 92 BE 66 99 9D 
	CF 71 79 2A D8 2F C9 F8 B3 D2 6F 34 0C D7 41 3C 
	99 19 F4 EA 2D F0 93 C5 41 64 A2 7F F2 EC 37 A3 
	BE 45 DA CA 67 71 53 0C A6 FE CB 26 E7 8C 26 83 
	9E EB C9 
g_y (size 32):
	81 D1 1E 53 55 34 E5 AE 54 B8 81 08 A8 18 AB EA 
	52 EA 37 83 44 04 FE 91 2D 31 CD 81 F0 DA 2D 2C 
ciphertext2 (size 81):
	1B D7 0E 8D A2 42 7B 53 91 72 27 EB 9B 81 7D E8 
	D8 27 E4 DE 58 37 36 00 C8 92 BE 66 99 9D CF 71 
	79 2A D8 2F C9 F8 B3 D2 6F 34 0C D7 41 3C 99 19 
	F4 EA 2D F0 93 C5 41 64 A2 7F F2 EC 37 A3 BE 45 
	DA CA 67 71 53 0C A6 FE CB 26 E7 8C 26 83 9E EB 
	C9 
PQ/T Hybrid array foe g_xy_KEM
x  (size 32):
	36 8E C1 F6 9A EB 65 9B A3 7D 5A 8D 45 B2 1B DC 
	02 99 DC EA A8 EF 23 5F 3C A4 2C E3 53 0F 95 25 
gy  (size 32):
	81 D1 1E 53 55 34 E5 AE 54 B8 81 08 A8 18 AB EA 
	52 EA 37 83 44 04 FE 91 2D 31 CD 81 F0 DA 2D 2C 
SHARED SECRET DERIVE
P256 in DH
pk_decompressed tinycript (size 64):
	81 D1 1E 53 55 34 E5 AE 54 B8 81 08 A8 18 AB EA 
	52 EA 37 83 44 04 FE 91 2D 31 CD 81 F0 DA 2D 2C 
	D6 1D 24 A7 8E A7 90 05 F1 B1 A8 5E 49 57 EF 9A 
	5E 47 E0 D5 0E F8 AA ED 34 F2 BB 45 66 A8 EF 18 
G_XY (ECDH shared secret)  (size 32):
	56 E1 2C 3F 90 6F 1C 63 93 93 30 2F B2 F9 2E 53 
	0C 45 D3 D5 5D B6 D3 C9 37 CC C3 00 E0 D8 52 A7 
hash_msg1_raw (size 32):
	C7 93 1F CA 62 16 CA BC B5 A9 AB 7B 17 61 AE 46 
	78 94 6B A4 F6 0B 6D E1 63 14 69 18 2A 4E 67 26 
Input to calculate TH_2 (CBOR Sequence) (size 68):
	58 20 81 D1 1E 53 55 34 E5 AE 54 B8 81 08 A8 18 
	AB EA 52 EA 37 83 44 04 FE 91 2D 31 CD 81 F0 DA 
	2D 2C 58 20 C7 93 1F CA 62 16 CA BC B5 A9 AB 7B 
	17 61 AE 46 78 94 6B A4 F6 0B 6D E1 63 14 69 18 
	2A 4E 67 26 
TH2 (size 32):
	E9 72 88 94 CD 86 F5 08 04 A5 A2 5F 64 78 A7 36 
	08 93 85 68 4D 6E 81 17 8E F2 AF 26 7F 84 68 97 
TH_2 (size 32):
	E9 72 88 94 CD 86 F5 08 04 A5 A2 5F 64 78 A7 36 
	08 93 85 68 4D 6E 81 17 8E F2 AF 26 7F 84 68 97 
PRK_2e (size 32):
	27 89 AC 0C 77 38 F6 92 F4 AF D4 6F FC DF 5F 5D 
	41 C6 C0 75 1C 09 51 8E 9A 95 35 34 52 2B 44 07 
KEYSTREAM_2 (size 81):
	3C 76 16 AF 20 6C 33 67 11 87 DD EA 33 2A 89 B0 
	98 DE BF 32 45 97 C6 AD EE 35 F2 4D 63 2F 2B FE 
	45 84 20 8C 5B 7B 67 D0 77 0D DA 6E E6 BC 45 7B 
	32 82 15 8A 5C D1 0D 63 8D F9 CC AD B1 2B 73 50 
	5E C8 E4 F3 BC 7B F4 F7 E9 B1 9F 16 44 7D 02 FC 
	7E 
associated_data (size 45):
	83 68 45 6E 63 72 79 70 74 30 40 58 20 E9 72 88 
	94 CD 86 F5 08 04 A5 A2 5F 64 78 A7 36 08 93 85 
	68 4D 6E 81 17 8E F2 AF 26 7F 84 68 97 
plaintext (size 81):
	27 A1 18 22 82 2E 48 34 80 F5 FA 01 A8 AB F4 58 
	40 F9 5B EC 1D A0 F0 AD 26 A7 4C 2B FA B2 E4 8F 
	3C AE F8 A3 92 83 D4 02 18 39 D6 B9 A7 80 DC 62 
	C6 68 38 7A CF 14 4C 07 2F 86 3E 41 86 88 CD 15 
	84 02 83 82 EF 77 52 09 22 97 78 9A 62 FE 9C 17 
	B7 
C_R (raw) (size 1):
	27 
ID_CRED (size 14):
	A1 18 22 82 2E 48 34 80 F5 FA 01 A8 AB F4 
sign_or_mac (size 64):
	F9 5B EC 1D A0 F0 AD 26 A7 4C 2B FA B2 E4 8F 3C 
	AE F8 A3 92 83 D4 02 18 39 D6 B9 A7 80 DC 62 C6 
	68 38 7A CF 14 4C 07 2F 86 3E 41 86 88 CD 15 84 
	02 83 82 EF 77 52 09 22 97 78 9A 62 FE 9C 17 B7 
[cred] lookup ID_CRED len=14
A11822822E483480F5FA01A8ABF4
[cred] cred_array entries: 1
[cred] candidate[0] len=14 A11822822E483480F5FA01A8ABF4
prk_3e2m (size 32):
	27 89 AC 0C 77 38 F6 92 F4 AF D4 6F FC DF 5F 5D 
	41 C6 C0 75 1C 09 51 8E 9A 95 35 34 52 2B 44 07 
TMP size: 32
CBOR ENCODE ERROR: 0
MAX ID CRED: 400 cred len 14
MAX CRED: 765 cred len 293
PK SIZE: 65
SIGNATURE SIZE: 500
CONTEXT_MAC_SIZE: 1204
CONTEXT_MAC len: 343
CR len: 2
TH enc len: 34
TMP size: 1
CBOR ENCODE ERROR: 0
MAC context (size 343):
	41 27 A1 18 22 82 2E 48 34 80 F5 FA 01 A8 AB F4 
	58 20 E9 72 88 94 CD 86 F5 08 04 A5 A2 5F 64 78 
	A7 36 08 93 85 68 4D 6E 81 17 8E F2 AF 26 7F 84 
	68 97 59 01 22 30 82 01 1E 30 81 C5 A0 03 02 01 
	02 02 04 61 E9 98 1E 30 0A 06 08 2A 86 48 CE 3D 
	04 03 02 30 15 31 13 30 11 06 03 55 04 03 0C 0A 
	45 44 48 4F 43 20 52 6F 6F 74 30 1E 17 0D 32 32 
	30 31 32 30 31 37 31 33 30 32 5A 17 0D 32 39 31 
	32 33 31 32 33 30 30 30 30 5A 30 1A 31 18 30 16 
	06 03 55 04 03 0C 0F 45 44 48 4F 43 20 52 65 73 
	70 6F 6E 64 65 72 30 59 30 13 06 07 2A 86 48 CE 
	3D 02 01 06 08 2A 86 48 CE 3D 03 01 07 03 42 00 
	04 BB C3 49 60 52 6E A4 D3 2E 94 0C AD 2A 23 41 
	48 DD C2 17 91 A1 2A FB CB AC 93 62 20 46 DD 44 
	F0 45 19 E2 57 23 6B 2A 0C E2 02 3F 09 31 F1 F3 
	86 CA 7A FD A6 4F CD E0 10 8C 22 4C 51 EA BF 60 
	72 30 0A 06 08 2A 86 48 CE 3D 04 03 02 03 48 00 
	30 45 02 20 30 19 4E F5 FC 65 C8 B7 95 CD CD 0B 
	B4 31 BF 83 EE 67 41 C1 37 0C 22 C8 EB 8E E9 ED 
	D2 A7 05 19 02 21 00 B5 83 0E 9C 89 A6 2A C7 3C 
	E1 EB CE 00 61 70 7D B8 A8 8E 23 70 9B 4A CC 58 
	A1 31 3B 13 3D 05 58 
is not DH, 32
MAC 2/3 (size 32):
	08 2C 9B 09 64 14 FD 4A 79 D6 6C C3 78 B1 B8 20 
	86 2A 59 43 AF 89 9A 49 EA 47 A0 1B 5B 45 B2 DC 
TMP size: 32
CBOR ENCODE ERROR: 0
Signature or MAC verification successful!
th23 (size 32):
	E9 72 88 94 CD 86 F5 08 04 A5 A2 5F 64 78 A7 36 
	08 93 85 68 4D 6E 81 17 8E F2 AF 26 7F 84 68 97 
plaintext_23 (size 81):
	27 A1 18 22 82 2E 48 34 80 F5 FA 01 A8 AB F4 58 
	40 F9 5B EC 1D A0 F0 AD 26 A7 4C 2B FA B2 E4 8F 
	3C AE F8 A3 92 83 D4 02 18 39 D6 B9 A7 80 DC 62 
	C6 68 38 7A CF 14 4C 07 2F 86 3E 41 86 88 CD 15 
	84 02 83 82 EF 77 52 09 22 97 78 9A 62 FE 9C 17 
	B7 
cred (size 293):
	59 01 22 30 82 01 1E 30 81 C5 A0 03 02 01 02 02 
	04 61 E9 98 1E 30 0A 06 08 2A 86 48 CE 3D 04 03 
	02 30 15 31 13 30 11 06 03 55 04 03 0C 0A 45 44 
	48 4F 43 20 52 6F 6F 74 30 1E 17 0D 32 32 30 31 
	32 30 31 37 31 33 30 32 5A 17 0D 32 39 31 32 33 
	31 32 33 30 30 30 30 5A 30 1A 31 18 30 16 06 03 
	55 04 03 0C 0F 45 44 48 4F 43 20 52 65 73 70 6F 
	6E 64 65 72 30 59 30 13 06 07 2A 86 48 CE 3D 02 
	01 06 08 2A 86 48 CE 3D 03 01 07 03 42 00 04 BB 
	C3 49 60 52 6E A4 D3 2E 94 0C AD 2A 23 41 48 DD 
	C2 17 91 A1 2A FB CB AC 93 62 20 46 DD 44 F0 45 
	19 E2 57 23 6B 2A 0C E2 02 3F 09 31 F1 F3 86 CA 
	7A FD A6 4F CD E0 10 8C 22 4C 51 EA BF 60 72 30 
	0A 06 08 2A 86 48 CE 3D 04 03 02 03 48 00 30 45 
	02 20 30 19 4E F5 FC 65 C8 B7 95 CD CD 0B B4 31 
	BF 83 EE 67 41 C1 37 0C 22 C8 EB 8E E9 ED D2 A7 
	05 19 02 21 00 B5 83 0E 9C 89 A6 2A C7 3C E1 EB 
	CE 00 61 70 7D B8 A8 8E 23 70 9B 4A CC 58 A1 31 
	3B 13 3D 05 58 
TMP size: 32
CBOR ENCODE ERROR: 0
Encoded
memcopy1
memcopy2
Input to calculate TH_3/TH_4 (CBOR Sequence) (size 408):
	58 20 E9 72 88 94 CD 86 F5 08 04 A5 A2 5F 64 78 
	A7 36 08 93 85 68 4D 6E 81 17 8E F2 AF 26 7F 84 
	68 97 27 A1 18 22 82 2E 48 34 80 F5 FA 01 A8 AB 
	F4 58 40 F9 5B EC 1D A0 F0 AD 26 A7 4C 2B FA B2 
	E4 8F 3C AE F8 A3 92 83 D4 02 18 39 D6 B9 A7 80 
	DC 62 C6 68 38 7A CF 14 4C 07 2F 86 3E 41 86 88 
	CD 15 84 02 83 82 EF 77 52 09 22 97 78 9A 62 FE 
	9C 17 B7 59 01 22 30 82 01 1E 30 81 C5 A0 03 02 
	01 02 02 04 61 E9 98 1E 30 0A 06 08 2A 86 48 CE 
	3D 04 03 02 30 15 31 13 30 11 06 03 55 04 03 0C 
	0A 45 44 48 4F 43 20 52 6F 6F 74 30 1E 17 0D 32 
	32 30 31 32 30 31 37 31 33 30 32 5A 17 0D 32 39 
	31 32 33 31 32 33 30 30 30 30 5A 30 1A 31 18 30 
	16 06 03 55 04 03 0C 0F 45 44 48 4F 43 20 52 65 
	73 70 6F 6E 64 65 72 30 59 30 13 06 07 2A 86 48 
	CE 3D 02 01 06 08 2A 86 48 CE 3D 03 01 07 03 42 
	00 04 BB C3 49 60 52 6E A4 D3 2E 94 0C AD 2A 23 
	41 48 DD C2 17 91 A1 2A FB CB AC 93 62 20 46 DD 
	44 F0 45 19 E2 57 23 6B 2A 0C E2 02 3F 09 31 F1 
	F3 86 CA 7A FD A6 4F CD E0 10 8C 22 4C 51 EA BF 
	60 72 30 0A 06 08 2A 86 48 CE 3D 04 03 02 03 48 
	00 30 45 02 20 30 19 4E F5 FC 65 C8 B7 95 CD CD 
	0B B4 31 BF 83 EE 67 41 C1 37 0C 22 C8 EB 8E E9 
	ED D2 A7 05 19 02 21 00 B5 83 0E 9C 89 A6 2A C7 
	3C E1 EB CE 00 61 70 7D B8 A8 8E 23 70 9B 4A CC 
	58 A1 31 3B 13 3D 05 58 
TH34 (size 32):
	02 C0 41 B0 53 A3 3A 93 DB E0 B8 7D 77 EB 3E A7 
	38 75 A1 91 A9 A2 EA D4 78 4C 49 73 42 B7 23 D6 
prk_4e3m (size 32):
	27 89 AC 0C 77 38 F6 92 F4 AF D4 6F FC DF 5F 5D 
	41 C6 C0 75 1C 09 51 8E 9A 95 35 34 52 2B 44 07 
TMP size: 32
CBOR ENCODE ERROR: 0
MAX ID CRED: 400 cred len 14
MAX CRED: 765 cred len 293
PK SIZE: 65
SIGNATURE SIZE: 500
CONTEXT_MAC_SIZE: 1204
CONTEXT_MAC len: 342
CR len: 1
TH enc len: 34
MAC context (size 341):
	A1 18 22 82 2E 48 EE C7 3F CB B0 16 26 76 58 20 
	02 C0 41 B0 53 A3 3A 93 DB E0 B8 7D 77 EB 3E A7 
	38 75 A1 91 A9 A2 EA D4 78 4C 49 73 42 B7 23 D6 
	59 01 22 30 82 01 1E 30 81 C5 A0 03 02 01 02 02 
	04 62 32 EF 6F 30 0A 06 08 2A 86 48 CE 3D 04 03 
	02 30 15 31 13 30 11 06 03 55 04 03 0C 0A 45 44 
	48 4F 43 20 52 6F 6F 74 30 1E 17 0D 32 32 30 33 
	31 37 30 38 32 31 30 33 5A 17 0D 32 39 31 32 33 
	31 32 33 30 30 30 30 5A 30 1A 31 18 30 16 06 03 
	55 04 03 0C 0F 45 44 48 4F 43 20 49 6E 69 74 69 
	61 74 6F 72 30 59 30 13 06 07 2A 86 48 CE 3D 02 
	01 06 08 2A 86 48 CE 3D 03 01 07 03 42 00 04 AC 
	75 E9 EC E3 E5 0B FC 8E D6 03 99 88 95 22 40 5C 
	47 BF 16 DF 96 66 0A 41 29 8C B4 30 7F 7E B6 6E 
	5D E6 11 38 8A 4B 8A 82 11 33 4A C7 D3 7E CB 52 
	A3 87 D2 57 E6 DB 3C 2A 93 DF 21 FF 3A FF C8 30 
	0A 06 08 2A 86 48 CE 3D 04 03 02 03 48 00 30 45 
	02 21 00 8C 32 3A 1F 33 21 38 AA B9 D0 BE AF B8 
	5F 8D 5A 44 07 3C 58 0F 59 5B C5 21 EF 91 3F 6E 
	F4 8D 11 02 20 6C 0A F1 A1 85 A4 E4 DE 06 35 36 
	99 23 1C 73 3A 6E 8D D2 DF 65 13 96 6C 91 30 15 
	2A 07 A2 BE DE 
is not DH, 32
MAC 2/3 (size 32):
	87 DD 21 BC 9C 68 FF 77 EF ED 8C 7A 01 AC C5 95 
	9F A7 85 88 AC B7 B1 E1 63 E1 88 B9 CD 36 67 F9 
TMP size: 32
CBOR ENCODE ERROR: 0
Signature or mac size: 64Inside the sign
signature_or_mac (is signature) (size 64):
	89 C2 EA 5B BB 2C 71 E4 F5 A1 E8 69 BF 72 BE A1 
	F3 8C B0 2E DD FE 5B 77 F6 1B 41 31 2F A8 53 8B 
	00 9E 72 B8 C3 93 BD A8 C4 48 BC F4 8E 10 02 90 
	6A FF 56 01 71 E9 1D BA 34 EA B0 9F DE BD B5 95 
TMP size: 64
CBOR ENCODE ERROR: 0
kid (size 0):
K_3 (size 16):
	EC 88 FB F9 06 AC 71 66 2F 2C 36 70 9B 65 F1 EF 
IV_3 (size 13):
	D3 B7 C7 66 FC FB 10 D0 08 78 5D AF 80 
aad_data (size 45):
	83 68 45 6E 63 72 79 70 74 30 40 58 20 02 C0 41 
	B0 53 A3 3A 93 DB E0 B8 7D 77 EB 3E A7 38 75 A1 
	91 A9 A2 EA D4 78 4C 49 73 42 B7 23 D6 
ciphertext_2/3/4 (size 88):
	E8 B9 CD 03 16 A0 15 B1 76 44 AE 19 60 55 6B DE 
	A8 98 DA B9 1F AB 11 96 4C 5C 97 E1 C9 C0 8B 86 
	F9 51 16 E3 69 94 01 5C 0D 7D 2D 72 4C 07 22 38 
	09 BC 3C FC 27 20 C7 91 39 3C BD C8 04 DB C1 14 
	FB 85 F7 92 7C B6 AD F1 73 02 F3 39 82 E2 3C B2 
	CB 9F 08 01 EE 3E D8 1B 
CIPHERTEXT: (size 88):
	E8 B9 CD 03 16 A0 15 B1 76 44 AE 19 60 55 6B DE 
	A8 98 DA B9 1F AB 11 96 4C 5C 97 E1 C9 C0 8B 86 
	F9 51 16 E3 69 94 01 5C 0D 7D 2D 72 4C 07 22 38 
	09 BC 3C FC 27 20 C7 91 39 3C BD C8 04 DB C1 14 
	FB 85 F7 92 7C B6 AD F1 73 02 F3 39 82 E2 3C B2 
	CB 9F 08 01 EE 3E D8 1B 
MSG out size:92
TMP size: 88
CBOR ENCODE ERROR: 0
msg3 (size 90):
	58 58 E8 B9 CD 03 16 A0 15 B1 76 44 AE 19 60 55 
	6B DE A8 98 DA B9 1F AB 11 96 4C 5C 97 E1 C9 C0 
	8B 86 F9 51 16 E3 69 94 01 5C 0D 7D 2D 72 4C 07 
	22 38 09 BC 3C FC 27 20 C7 91 39 3C BD C8 04 DB 
	C1 14 FB 85 F7 92 7C B6 AD F1 73 02 F3 39 82 E2 
	3C B2 CB 9F 08 01 EE 3E D8 1B 
th23 (size 32):
	02 C0 41 B0 53 A3 3A 93 DB E0 B8 7D 77 EB 3E A7 
	38 75 A1 91 A9 A2 EA D4 78 4C 49 73 42 B7 23 D6 
plaintext_23 (size 80):
	A1 18 22 82 2E 48 EE C7 3F CB B0 16 26 76 58 40 
	89 C2 EA 5B BB 2C 71 E4 F5 A1 E8 69 BF 72 BE A1 
	F3 8C B0 2E DD FE 5B 77 F6 1B 41 31 2F A8 53 8B 
	00 9E 72 B8 C3 93 BD A8 C4 48 BC F4 8E 10 02 90 
	6A FF 56 01 71 E9 1D BA 34 EA B0 9F DE BD B5 95 
cred (size 293):
	59 01 22 30 82 01 1E 30 81 C5 A0 03 02 01 02 02 
	04 62 32 EF 6F 30 0A 06 08 2A 86 48 CE 3D 04 03 
	02 30 15 31 13 30 11 06 03 55 04 03 0C 0A 45 44 
	48 4F 43 20 52 6F 6F 74 30 1E 17 0D 32 32 30 33 
	31 37 30 38 32 31 30 33 5A 17 0D 32 39 31 32 33 
	31 32 33 30 30 30 30 5A 30 1A 31 18 30 16 06 03 
	55 04 03 0C 0F 45 44 48 4F 43 20 49 6E 69 74 69 
	61 74 6F 72 30 59 30 13 06 07 2A 86 48 CE 3D 02 
	01 06 08 2A 86 48 CE 3D 03 01 07 03 42 00 04 AC 
	75 E9 EC E3 E5 0B FC 8E D6 03 99 88 95 22 40 5C 
	47 BF 16 DF 96 66 0A 41 29 8C B4 30 7F 7E B6 6E 
	5D E6 11 38 8A 4B 8A 82 11 33 4A C7 D3 7E CB 52 
	A3 87 D2 57 E6 DB 3C 2A 93 DF 21 FF 3A FF C8 30 
	0A 06 08 2A 86 48 CE 3D 04 03 02 03 48 00 30 45 
	02 21 00 8C 32 3A 1F 33 21 38 AA B9 D0 BE AF B8 
	5F 8D 5A 44 07 3C 58 0F 59 5B C5 21 EF 91 3F 6E 
	F4 8D 11 02 20 6C 0A F1 A1 85 A4 E4 DE 06 35 36 
	99 23 1C 73 3A 6E 8D D2 DF 65 13 96 6C 91 30 15 
	2A 07 A2 BE DE 
TMP size: 32
CBOR ENCODE ERROR: 0
Encoded
memcopy1
memcopy2
Input to calculate TH_3/TH_4 (CBOR Sequence) (size 407):
	58 20 02 C0 41 B0 53 A3 3A 93 DB E0 B8 7D 77 EB 
	3E A7 38 75 A1 91 A9 A2 EA D4 78 4C 49 73 42 B7 
	23 D6 A1 18 22 82 2E 48 EE C7 3F CB B0 16 26 76 
	58 40 89 C2 EA 5B BB 2C 71 E4 F5 A1 E8 69 BF 72 
	BE A1 F3 8C B0 2E DD FE 5B 77 F6 1B 41 31 2F A8 
	53 8B 00 9E 72 B8 C3 93 BD A8 C4 48 BC F4 8E 10 
	02 90 6A FF 56 01 71 E9 1D BA 34 EA B0 9F DE BD 
	B5 95 59 01 22 30 82 01 1E 30 81 C5 A0 03 02 01 
	02 02 04 62 32 EF 6F 30 0A 06 08 2A 86 48 CE 3D 
	04 03 02 30 15 31 13 30 11 06 03 55 04 03 0C 0A 
	45 44 48 4F 43 20 52 6F 6F 74 30 1E 17 0D 32 32 
	30 33 31 37 30 38 32 31 30 33 5A 17 0D 32 39 31 
	32 33 31 32 33 30 30 30 30 5A 30 1A 31 18 30 16 
	06 03 55 04 03 0C 0F 45 44 48 4F 43 20 49 6E 69 
	74 69 61 74 6F 72 30 59 30 13 06 07 2A 86 48 CE 
	3D 02 01 06 08 2A 86 48 CE 3D 03 01 07 03 42 00 
	04 AC 75 E9 EC E3 E5 0B FC 8E D6 03 99 88 95 22 
	40 5C 47 BF 16 DF 96 66 0A 41 29 8C B4 30 7F 7E 
	B6 6E 5D E6 11 38 8A 4B 8A 82 11 33 4A C7 D3 7E 
	CB 52 A3 87 D2 57 E6 DB 3C 2A 93 DF 21 FF 3A FF 
	C8 30 0A 06 08 2A 86 48 CE 3D 04 03 02 03 48 00 
	30 45 02 21 00 8C 32 3A 1F 33 21 38 AA B9 D0 BE 
	AF B8 5F 8D 5A 44 07 3C 58 0F 59 5B C5 21 EF 91 
	3F 6E F4 8D 11 02 20 6C 0A F1 A1 85 A4 E4 DE 06 
	35 36 99 23 1C 73 3A 6E 8D D2 DF 65 13 96 6C 91 
	30 15 2A 07 A2 BE DE 
TH34 (size 32):
	C8 07 A0 DB 4A 16 FF 29 AC 4B 5F 0E 4B 3E B4 47 
	87 43 19 19 A5 4D FD AE 7F 92 B8 90 7A C3 39 19 
PRK_out (size 32):
	8E 3E 91 BF D2 5E 45 61 B8 AC 1E B3 E5 89 A6 B0 
	C4 D5 00 2F D2 5A 6C 4A 1E 68 A3 2F BD 8E A0 83 
prk_exporter (size 32):
	1C 2A 52 27 74 4B 94 52 2D B9 D9 AB 94 32 75 03 
	F5 CE E1 74 ED 6B 2B 60 2F 5C F0 32 1E 93 44 BB 
OSCORE Master Secret (size 16):
	CC 9F B8 34 9D 9D 91 23 D7 60 64 08 65 C7 5E 08 
OSCORE Master Salt (size 8):
	72 EC 2D 81 B9 8C 2E D3 
