IPv4 server with address 0.0.0.0 started!
test vector number: 2
INITIATOR SUIT kem: 1, signature -7
responder pk size: 65 
responder sk size: 32 
Responder ready to receive EDHOC DH request
seed (size 4):
	45 0F 17 4F 
public ephemeral key (size 32):
	E9 04 C3 01 E5 EF 9D 23 DF DC 27 6E 74 F0 1A A6 
	BC D4 99 54 10 7D 0F 0D 3F 44 73 D5 E5 76 B2 0A 
secret ephemeral key (size 32):
	69 8C 5D E8 FC 18 07 90 02 A0 5F 75 D9 AB 97 86 
	23 60 A8 C6 22 D1 24 DB 56 21 D7 66 BD AF 8F 55 
Responder ready to Receive EDHOC PQ request 
__________________
PDU was constructed from buffer of 64 bytes
PDU is 64 bytes long
CoAP Version: 1
Message Type: Confirmable
Token length: 4
Code: 0.02 POST
Message ID: 0
Token of 4 bytes.
   Value: 0x01000000 
2 options:
OPTION (1/2)
   Option number (delta): 11 (11)
   Name: URI_PATH
   Value length: 11
   Value: ".well-known"
OPTION (2/2)
   Option number (delta): 11 (0)
   Name: URI_PATH
   Value length: 5
   Value: "edhoc"
Payload of 37 bytes
   Value: "\00\02X \8a\f6\f40\eb\e1\8d4\18@\17\a9\a1\1b\f5\11\c8\df\f8\f84s\0b\96\c1\b7\c8\db\ca/\c3\b67"
__________________
CoAP message (size 37):
	00 02 58 20 8A F6 F4 30 EB E1 8D 34 18 40 17 A9 
	A1 1B F5 11 C8 DF F8 F8 34 73 0B 96 C1 B7 C8 DB 
	CA 2F C3 B6 37 
message_1 (CBOR Sequence) (size 37):
	00 02 58 20 8A F6 F4 30 EB E1 8D 34 18 40 17 A9 
	A1 1B F5 11 C8 DF F8 F8 34 73 0B 96 C1 B7 C8 DB 
	CA 2F C3 B6 37 
msg1  (size 37):
	00 02 58 20 8A F6 F4 30 EB E1 8D 34 18 40 17 A9 
	A1 1B F5 11 C8 DF F8 F8 34 73 0B 96 C1 B7 C8 DB 
	CA 2F C3 B6 37 
msg1 METHOD: 0
msg1 SUITES_I (size 1):
	02 
g_x len 1216
g_x len message 1 32
msg1 G_X (size 32):
	8A F6 F4 30 EB E1 8D 34 18 40 17 A9 A1 1B F5 11 
	C8 DF F8 F8 34 73 0B 96 C1 B7 C8 DB CA 2F C3 B6 
msg1 C_I_raw (size 1):
	E8 
Suite 2 will be used in this EDHOC run.
PQ/T hybrid declare second array
y  (size 32):
	69 8C 5D E8 FC 18 07 90 02 A0 5F 75 D9 AB 97 86 
	23 60 A8 C6 22 D1 24 DB 56 21 D7 66 BD AF 8F 55 
gx  (size 32):
	8A F6 F4 30 EB E1 8D 34 18 40 17 A9 A1 1B F5 11 
	C8 DF F8 F8 34 73 0B 96 C1 B7 C8 DB CA 2F C3 B6 
SHARED SECRET DERIVE
P256 in DH
pk_decompressed tinycript (size 64):
	8A F6 F4 30 EB E1 8D 34 18 40 17 A9 A1 1B F5 11 
	C8 DF F8 F8 34 73 0B 96 C1 B7 C8 DB CA 2F C3 B6 
	AE 17 50 92 91 24 87 EA FE 52 E2 63 A0 57 40 85 
	5E A8 E9 39 3F 95 A2 FC 7A FC 39 EB 00 7F 36 4C 
G_XY (ECDH shared secret)  (size 32):
	65 EC 47 04 C8 C3 49 50 58 27 53 E0 12 0C 0B F8 
	C7 A9 2B 29 01 81 C5 FB 26 E8 18 09 BE E2 35 34 
hash_msg1_raw (size 32):
	C7 93 1F CA 62 16 CA BC B5 A9 AB 7B 17 61 AE 46 
	78 94 6B A4 F6 0B 6D E1 63 14 69 18 2A 4E 67 26 
Input to calculate TH_2 (CBOR Sequence) (size 68):
	58 20 E9 04 C3 01 E5 EF 9D 23 DF DC 27 6E 74 F0 
	1A A6 BC D4 99 54 10 7D 0F 0D 3F 44 73 D5 E5 76 
	B2 0A 58 20 C7 93 1F CA 62 16 CA BC B5 A9 AB 7B 
	17 61 AE 46 78 94 6B A4 F6 0B 6D E1 63 14 69 18 
	2A 4E 67 26 
TH2 (size 32):
	3F 75 D6 D1 64 F1 75 F5 64 1C E5 1B 18 16 09 D0 
	0E B9 1B DA F5 C6 42 DC A6 0F C5 F7 B5 CD CB 8C 
PRK_2e (size 32):
	D8 24 EE CE 79 EC 10 FE 1D CE E5 26 E1 EA 41 00 
	97 10 9C 08 0A 00 FC A1 4F 93 DD 49 E5 2C 6D 22 
prk_3e2m (size 32):
	D8 24 EE CE 79 EC 10 FE 1D CE E5 26 E1 EA 41 00 
	97 10 9C 08 0A 00 FC A1 4F 93 DD 49 E5 2C 6D 22 
Signature len 500 - 64
TMP size: 32
CBOR ENCODE ERROR: 0
MAX ID CRED: 400 cred len 14
MAX CRED: 765 cred len 293
PK SIZE: 65
SIGNATURE SIZE: 500
CONTEXT_MAC_SIZE: 1204
CONTEXT_MAC len: 343
CR len: 2
TH enc len: 34
TMP size: 1
CBOR ENCODE ERROR: 0
MAC context (size 343):
	41 27 A1 18 22 82 2E 48 34 80 F5 FA 01 A8 AB F4 
	58 20 3F 75 D6 D1 64 F1 75 F5 64 1C E5 1B 18 16 
	09 D0 0E B9 1B DA F5 C6 42 DC A6 0F C5 F7 B5 CD 
	CB 8C 59 01 22 30 82 01 1E 30 81 C5 A0 03 02 01 
	02 02 04 61 E9 98 1E 30 0A 06 08 2A 86 48 CE 3D 
	04 03 02 30 15 31 13 30 11 06 03 55 04 03 0C 0A 
	45 44 48 4F 43 20 52 6F 6F 74 30 1E 17 0D 32 32 
	30 31 32 30 31 37 31 33 30 32 5A 17 0D 32 39 31 
	32 33 31 32 33 30 30 30 30 5A 30 1A 31 18 30 16 
	06 03 55 04 03 0C 0F 45 44 48 4F 43 20 52 65 73 
	70 6F 6E 64 65 72 30 59 30 13 06 07 2A 86 48 CE 
	3D 02 01 06 08 2A 86 48 CE 3D 03 01 07 03 42 00 
	04 BB C3 49 60 52 6E A4 D3 2E 94 0C AD 2A 23 41 
	48 DD C2 17 91 A1 2A FB CB AC 93 62 20 46 DD 44 
	F0 45 19 E2 57 23 6B 2A 0C E2 02 3F 09 31 F1 F3 
	86 CA 7A FD A6 4F CD E0 10 8C 22 4C 51 EA BF 60 
	72 30 0A 06 08 2A 86 48 CE 3D 04 03 02 03 48 00 
	30 45 02 20 30 19 4E F5 FC 65 C8 B7 95 CD CD 0B 
	B4 31 BF 83 EE 67 41 C1 37 0C 22 C8 EB 8E E9 ED 
	D2 A7 05 19 02 21 00 B5 83 0E 9C 89 A6 2A C7 3C 
	E1 EB CE 00 61 70 7D B8 A8 8E 23 70 9B 4A CC 58 
	A1 31 3B 13 3D 05 58 
is not DH, 32
MAC 2/3 (size 32):
	54 4A D7 54 55 2F 30 FE 0C 4A 2E 70 45 49 C3 F1 
	88 5C 27 E2 0F CC F4 24 15 48 A8 C6 16 42 CE CC 
TMP size: 32
CBOR ENCODE ERROR: 0
Signature or mac size: 64Inside the sign
signature_or_mac (is signature) (size 64):
	BE 67 B3 DB 08 75 5D AD 83 F0 37 76 BA 2B 33 6D 
	CC D4 C1 05 0F 82 F0 D6 C8 14 0F EB A3 64 F9 1D 
	BD D4 E5 55 2E 39 D9 4B D4 E2 1A F7 9B B7 09 E1 
	AA E7 32 75 56 EA 15 2D 4F 26 EC 5A 5D 44 8B 90 
TMP size: 64
CBOR ENCODE ERROR: 0
kid (size 0):
KEYSTREAM_2 (size 81):
	4B 73 68 C0 5D 43 9E 68 FC 73 CE AE 33 8A A7 1B 
	E2 AE C8 F2 36 0C 33 49 37 12 1E D8 D6 56 C4 AE 
	7E AB 5F CB D1 EF 0B 09 14 B6 44 80 65 11 A4 CF 
	29 CD CF AC DE B7 A5 19 7C 79 EB 4D 8F 1A 02 2C 
	57 C2 95 5E 14 60 60 A9 91 48 1B 0A FF 7D 52 0D 
	54 
ciphertext_2/3/4 (size 81):
	6C D2 70 E2 DF 6D D6 5C 7C 86 34 AF 9B 21 53 43 
	A2 10 AF 41 ED 04 46 14 9A 91 EE EF A0 EC EF 9D 
	13 67 8B 0A D4 E0 89 F9 C2 7E 50 8F 8E B2 C0 36 
	34 70 1B 49 8B 99 9C C0 37 AD 09 57 78 81 B5 25 
	B6 68 72 6C 61 36 8A BC BC 07 3D E6 A5 20 16 86 
	C4 
TMP size: 113
CBOR ENCODE ERROR: 0
message_2 (CBOR Sequence) (size 115):
	58 71 E9 04 C3 01 E5 EF 9D 23 DF DC 27 6E 74 F0 
	1A A6 BC D4 99 54 10 7D 0F 0D 3F 44 73 D5 E5 76 
	B2 0A 6C D2 70 E2 DF 6D D6 5C 7C 86 34 AF 9B 21 
	53 43 A2 10 AF 41 ED 04 46 14 9A 91 EE EF A0 EC 
	EF 9D 13 67 8B 0A D4 E0 89 F9 C2 7E 50 8F 8E B2 
	C0 36 34 70 1B 49 8B 99 9C C0 37 AD 09 57 78 81 
	B5 25 B6 68 72 6C 61 36 8A BC BC 07 3D E6 A5 20 
	16 86 C4 
th23 (size 32):
	3F 75 D6 D1 64 F1 75 F5 64 1C E5 1B 18 16 09 D0 
	0E B9 1B DA F5 C6 42 DC A6 0F C5 F7 B5 CD CB 8C 
plaintext_23 (size 81):
	27 A1 18 22 82 2E 48 34 80 F5 FA 01 A8 AB F4 58 
	40 BE 67 B3 DB 08 75 5D AD 83 F0 37 76 BA 2B 33 
	6D CC D4 C1 05 0F 82 F0 D6 C8 14 0F EB A3 64 F9 
	1D BD D4 E5 55 2E 39 D9 4B D4 E2 1A F7 9B B7 09 
	E1 AA E7 32 75 56 EA 15 2D 4F 26 EC 5A 5D 44 8B 
	90 
cred (size 293):
	59 01 22 30 82 01 1E 30 81 C5 A0 03 02 01 02 02 
	04 61 E9 98 1E 30 0A 06 08 2A 86 48 CE 3D 04 03 
	02 30 15 31 13 30 11 06 03 55 04 03 0C 0A 45 44 
	48 4F 43 20 52 6F 6F 74 30 1E 17 0D 32 32 30 31 
	32 30 31 37 31 33 30 32 5A 17 0D 32 39 31 32 33 
	31 32 33 30 30 30 30 5A 30 1A 31 18 30 16 06 03 
	55 04 03 0C 0F 45 44 48 4F 43 20 52 65 73 70 6F 
	6E 64 65 72 30 59 30 13 06 07 2A 86 48 CE 3D 02 
	01 06 08 2A 86 48 CE 3D 03 01 07 03 42 00 04 BB 
	C3 49 60 52 6E A4 D3 2E 94 0C AD 2A 23 41 48 DD 
	C2 17 91 A1 2A FB CB AC 93 62 20 46 DD 44 F0 45 
	19 E2 57 23 6B 2A 0C E2 02 3F 09 31 F1 F3 86 CA 
	7A FD A6 4F CD E0 10 8C 22 4C 51 EA BF 60 72 30 
	0A 06 08 2A 86 48 CE 3D 04 03 02 03 48 00 30 45 
	02 20 30 19 4E F5 FC 65 C8 B7 95 CD CD 0B B4 31 
	BF 83 EE 67 41 C1 37 0C 22 C8 EB 8E E9 ED D2 A7 
	05 19 02 21 00 B5 83 0E 9C 89 A6 2A C7 3C E1 EB 
	CE 00 61 70 7D B8 A8 8E 23 70 9B 4A CC 58 A1 31 
	3B 13 3D 05 58 
TMP size: 32
CBOR ENCODE ERROR: 0
Encoded
memcopy1
memcopy2
Input to calculate TH_3/TH_4 (CBOR Sequence) (size 408):
	58 20 3F 75 D6 D1 64 F1 75 F5 64 1C E5 1B 18 16 
	09 D0 0E B9 1B DA F5 C6 42 DC A6 0F C5 F7 B5 CD 
	CB 8C 27 A1 18 22 82 2E 48 34 80 F5 FA 01 A8 AB 
	F4 58 40 BE 67 B3 DB 08 75 5D AD 83 F0 37 76 BA 
	2B 33 6D CC D4 C1 05 0F 82 F0 D6 C8 14 0F EB A3 
	64 F9 1D BD D4 E5 55 2E 39 D9 4B D4 E2 1A F7 9B 
	B7 09 E1 AA E7 32 75 56 EA 15 2D 4F 26 EC 5A 5D 
	44 8B 90 59 01 22 30 82 01 1E 30 81 C5 A0 03 02 
	01 02 02 04 61 E9 98 1E 30 0A 06 08 2A 86 48 CE 
	3D 04 03 02 30 15 31 13 30 11 06 03 55 04 03 0C 
	0A 45 44 48 4F 43 20 52 6F 6F 74 30 1E 17 0D 32 
	32 30 31 32 30 31 37 31 33 30 32 5A 17 0D 32 39 
	31 32 33 31 32 33 30 30 30 30 5A 30 1A 31 18 30 
	16 06 03 55 04 03 0C 0F 45 44 48 4F 43 20 52 65 
	73 70 6F 6E 64 65 72 30 59 30 13 06 07 2A 86 48 
	CE 3D 02 01 06 08 2A 86 48 CE 3D 03 01 07 03 42 
	00 04 BB C3 49 60 52 6E A4 D3 2E 94 0C AD 2A 23 
	41 48 DD C2 17 91 A1 2A FB CB AC 93 62 20 46 DD 
	44 F0 45 19 E2 57 23 6B 2A 0C E2 02 3F 09 31 F1 
	F3 86 CA 7A FD A6 4F CD E0 10 8C 22 4C 51 EA BF 
	60 72 30 0A 06 08 2A 86 48 CE 3D 04 03 02 03 48 
	00 30 45 02 20 30 19 4E F5 FC 65 C8 B7 95 CD CD 
	0B B4 31 BF 83 EE 67 41 C1 37 0C 22 C8 EB 8E E9 
	ED D2 A7 05 19 02 21 00 B5 83 0E 9C 89 A6 2A C7 
	3C E1 EB CE 00 61 70 7D B8 A8 8E 23 70 9B 4A CC 
	58 A1 31 3B 13 3D 05 58 
TH34 (size 32):
	B8 2A 4B 76 F4 6F 56 87 61 5B 6C 15 9C D6 19 D5 
	85 E9 91 2B B0 3C 28 33 B4 6F D0 25 61 D2 E1 F4 
msg2 generated
msg2 (size 115):
	58 71 E9 04 C3 01 E5 EF 9D 23 DF DC 27 6E 74 F0 
	1A A6 BC D4 99 54 10 7D 0F 0D 3F 44 73 D5 E5 76 
	B2 0A 6C D2 70 E2 DF 6D D6 5C 7C 86 34 AF 9B 21 
	53 43 A2 10 AF 41 ED 04 46 14 9A 91 EE EF A0 EC 
	EF 9D 13 67 8B 0A D4 E0 89 F9 C2 7E 50 8F 8E B2 
	C0 36 34 70 1B 49 8B 99 9C C0 37 AD 09 57 78 81 
	B5 25 B6 68 72 6C 61 36 8A BC BC 07 3D E6 A5 20 
	16 86 C4 
ead prcessed
CoAP reply sent!
mesage tx
waiting to receive
__________________
PDU was constructed from buffer of 117 bytes
PDU is 117 bytes long
CoAP Version: 1
Message Type: Confirmable
Token length: 4
Code: 0.02 POST
Message ID: 1
Token of 4 bytes.
   Value: 0x02000000 
2 options:
OPTION (1/2)
   Option number (delta): 11 (11)
   Name: URI_PATH
   Value length: 11
   Value: ".well-known"
OPTION (2/2)
   Option number (delta): 11 (0)
   Name: URI_PATH
   Value length: 5
   Value: "edhoc"
Payload of 90 bytes
   Value: "XX1\bf%\84\1f\0b\f2j\0c\c5in&R\1b?w\de\e8i\86\e1\90s\bf>\06\9eB\bf\14\9fX\a0\17\924\f3Dgb\0dD\0b\0f\b6J\bf\9e\fb\d1\fe\80OF0n\d8<\0e\02R\ad\b8\18\ba\85\a3\b1\e5\eb9\e0\ee\db\92\b7\a7\1a`\9e\d1f\b7Z\cc\03\df"
__________________
CoAP message (size 90):
	58 58 31 BF 25 84 1F 0B F2 6A 0C C5 69 6E 26 52 
	1B 3F 77 DE E8 69 86 E1 90 73 BF 3E 06 9E 42 BF 
	14 9F 58 A0 17 92 34 F3 44 67 62 0D 44 0B 0F B6 
	4A BF 9E FB D1 FE 80 4F 46 30 6E D8 3C 0E 02 52 
	AD B8 18 BA 85 A3 B1 E5 EB 39 E0 EE DB 92 B7 A7 
	1A 60 9E D1 66 B7 5A CC 03 DF 
received
CIPHERTEXT_3 (size 88):
	31 BF 25 84 1F 0B F2 6A 0C C5 69 6E 26 52 1B 3F 
	77 DE E8 69 86 E1 90 73 BF 3E 06 9E 42 BF 14 9F 
	58 A0 17 92 34 F3 44 67 62 0D 44 0B 0F B6 4A BF 
	9E FB D1 FE 80 4F 46 30 6E D8 3C 0E 02 52 AD B8 
	18 BA 85 A3 B1 E5 EB 39 E0 EE DB 92 B7 A7 1A 60 
	9E D1 66 B7 5A CC 03 DF 
PLAINTEXT3_SIZE: 903
ctxt3.len: 88
K_3 (size 16):
	C0 FC 7E 4E 8F 85 E6 6A 80 69 B2 5D E0 88 03 4F 
IV_3 (size 13):
	36 31 C0 A9 95 41 75 99 5D 13 9C 76 45 
associated_data (size 45):
	83 68 45 6E 63 72 79 70 74 30 40 58 20 B8 2A 4B 
	76 F4 6F 56 87 61 5B 6C 15 9C D6 19 D5 85 E9 91 
	2B B0 3C 28 33 B4 6F D0 25 61 D2 E1 F4 
plaintext (size 80):
	A1 18 22 82 2E 48 EE C7 3F CB B0 16 26 76 58 40 
	B1 63 98 7C 6C F7 05 E5 5B C6 A3 A0 D0 86 3C E5 
	C6 FA 4C 48 04 C7 36 AC F2 E6 0A 74 FE F5 CD 96 
	2C FB 34 CB 7F B2 33 21 60 6B D0 D8 25 39 38 41 
	2A E8 8B 32 0C BB E8 DB 58 A1 D9 21 09 46 5A 08 
ID_CRED (size 14):
	A1 18 22 82 2E 48 EE C7 3F CB B0 16 26 76 
sign_or_mac (size 64):
	B1 63 98 7C 6C F7 05 E5 5B C6 A3 A0 D0 86 3C E5 
	C6 FA 4C 48 04 C7 36 AC F2 E6 0A 74 FE F5 CD 96 
	2C FB 34 CB 7F B2 33 21 60 6B D0 D8 25 39 38 41 
	2A E8 8B 32 0C BB E8 DB 58 A1 D9 21 09 46 5A 08 
[cred] lookup ID_CRED len=14
A11822822E48EEC73FCBB0162676
[cred] cred_array entries: 1
[cred] candidate[0] len=14 A11822822E48EEC73FCBB0162676
prk_4e3m (size 32):
	D8 24 EE CE 79 EC 10 FE 1D CE E5 26 E1 EA 41 00 
	97 10 9C 08 0A 00 FC A1 4F 93 DD 49 E5 2C 6D 22 
TMP size: 32
CBOR ENCODE ERROR: 0
MAX ID CRED: 400 cred len 14
MAX CRED: 765 cred len 293
PK SIZE: 65
SIGNATURE SIZE: 500
CONTEXT_MAC_SIZE: 1204
CONTEXT_MAC len: 342
CR len: 1
TH enc len: 34
MAC context (size 341):
	A1 18 22 82 2E 48 EE C7 3F CB B0 16 26 76 58 20 
	B8 2A 4B 76 F4 6F 56 87 61 5B 6C 15 9C D6 19 D5 
	85 E9 91 2B B0 3C 28 33 B4 6F D0 25 61 D2 E1 F4 
	59 01 22 30 82 01 1E 30 81 C5 A0 03 02 01 02 02 
	04 62 32 EF 6F 30 0A 06 08 2A 86 48 CE 3D 04 03 
	02 30 15 31 13 30 11 06 03 55 04 03 0C 0A 45 44 
	48 4F 43 20 52 6F 6F 74 30 1E 17 0D 32 32 30 33 
	31 37 30 38 32 31 30 33 5A 17 0D 32 39 31 32 33 
	31 32 33 30 30 30 30 5A 30 1A 31 18 30 16 06 03 
	55 04 03 0C 0F 45 44 48 4F 43 20 49 6E 69 74 69 
	61 74 6F 72 30 59 30 13 06 07 2A 86 48 CE 3D 02 
	01 06 08 2A 86 48 CE 3D 03 01 07 03 42 00 04 AC 
	75 E9 EC E3 E5 0B FC 8E D6 03 99 88 95 22 40 5C 
	47 BF 16 DF 96 66 0A 41 29 8C B4 30 7F 7E B6 6E 
	5D E6 11 38 8A 4B 8A 82 11 33 4A C7 D3 7E CB 52 
	A3 87 D2 57 E6 DB 3C 2A 93 DF 21 FF 3A FF C8 30 
	0A 06 08 2A 86 48 CE 3D 04 03 02 03 48 00 30 45 
	02 21 00 8C 32 3A 1F 33 21 38 AA B9 D0 BE AF B8 
	5F 8D 5A 44 07 3C 58 0F 59 5B C5 21 EF 91 3F 6E 
	F4 8D 11 02 20 6C 0A F1 A1 85 A4 E4 DE 06 35 36 
	99 23 1C 73 3A 6E 8D D2 DF 65 13 96 6C 91 30 15 
	2A 07 A2 BE DE 
is not DH, 32
MAC 2/3 (size 32):
	EC 8D 7C 09 A1 0E D8 00 4A 00 CB 9A 78 05 2C 42 
	D3 BE 88 D6 3D 86 04 DF 65 5B 01 83 A4 82 D3 67 
TMP size: 32
CBOR ENCODE ERROR: 0
Signature or MAC verification successful!
th23 (size 32):
	B8 2A 4B 76 F4 6F 56 87 61 5B 6C 15 9C D6 19 D5 
	85 E9 91 2B B0 3C 28 33 B4 6F D0 25 61 D2 E1 F4 
plaintext_23 (size 80):
	A1 18 22 82 2E 48 EE C7 3F CB B0 16 26 76 58 40 
	B1 63 98 7C 6C F7 05 E5 5B C6 A3 A0 D0 86 3C E5 
	C6 FA 4C 48 04 C7 36 AC F2 E6 0A 74 FE F5 CD 96 
	2C FB 34 CB 7F B2 33 21 60 6B D0 D8 25 39 38 41 
	2A E8 8B 32 0C BB E8 DB 58 A1 D9 21 09 46 5A 08 
cred (size 293):
	59 01 22 30 82 01 1E 30 81 C5 A0 03 02 01 02 02 
	04 62 32 EF 6F 30 0A 06 08 2A 86 48 CE 3D 04 03 
	02 30 15 31 13 30 11 06 03 55 04 03 0C 0A 45 44 
	48 4F 43 20 52 6F 6F 74 30 1E 17 0D 32 32 30 33 
	31 37 30 38 32 31 30 33 5A 17 0D 32 39 31 32 33 
	31 32 33 30 30 30 30 5A 30 1A 31 18 30 16 06 03 
	55 04 03 0C 0F 45 44 48 4F 43 20 49 6E 69 74 69 
	61 74 6F 72 30 59 30 13 06 07 2A 86 48 CE 3D 02 
	01 06 08 2A 86 48 CE 3D 03 01 07 03 42 00 04 AC 
	75 E9 EC E3 E5 0B FC 8E D6 03 99 88 95 22 40 5C 
	47 BF 16 DF 96 66 0A 41 29 8C B4 30 7F 7E B6 6E 
	5D E6 11 38 8A 4B 8A 82 11 33 4A C7 D3 7E CB 52 
	A3 87 D2 57 E6 DB 3C 2A 93 DF 21 FF 3A FF C8 30 
	0A 06 08 2A 86 48 CE 3D 04 03 02 03 48 00 30 45 
	02 21 00 8C 32 3A 1F 33 21 38 AA B9 D0 BE AF B8 
	5F 8D 5A 44 07 3C 58 0F 59 5B C5 21 EF 91 3F 6E 
	F4 8D 11 02 20 6C 0A F1 A1 85 A4 E4 DE 06 35 36 
	99 23 1C 73 3A 6E 8D D2 DF 65 13 96 6C 91 30 15 
	2A 07 A2 BE DE 
TMP size: 32
CBOR ENCODE ERROR: 0
Encoded
memcopy1
memcopy2
Input to calculate TH_3/TH_4 (CBOR Sequence) (size 407):
	58 20 B8 2A 4B 76 F4 6F 56 87 61 5B 6C 15 9C D6 
	19 D5 85 E9 91 2B B0 3C 28 33 B4 6F D0 25 61 D2 
	E1 F4 A1 18 22 82 2E 48 EE C7 3F CB B0 16 26 76 
	58 40 B1 63 98 7C 6C F7 05 E5 5B C6 A3 A0 D0 86 
	3C E5 C6 FA 4C 48 04 C7 36 AC F2 E6 0A 74 FE F5 
	CD 96 2C FB 34 CB 7F B2 33 21 60 6B D0 D8 25 39 
	38 41 2A E8 8B 32 0C BB E8 DB 58 A1 D9 21 09 46 
	5A 08 59 01 22 30 82 01 1E 30 81 C5 A0 03 02 01 
	02 02 04 62 32 EF 6F 30 0A 06 08 2A 86 48 CE 3D 
	04 03 02 30 15 31 13 30 11 06 03 55 04 03 0C 0A 
	45 44 48 4F 43 20 52 6F 6F 74 30 1E 17 0D 32 32 
	30 33 31 37 30 38 32 31 30 33 5A 17 0D 32 39 31 
	32 33 31 32 33 30 30 30 30 5A 30 1A 31 18 30 16 
	06 03 55 04 03 0C 0F 45 44 48 4F 43 20 49 6E 69 
	74 69 61 74 6F 72 30 59 30 13 06 07 2A 86 48 CE 
	3D 02 01 06 08 2A 86 48 CE 3D 03 01 07 03 42 00 
	04 AC 75 E9 EC E3 E5 0B FC 8E D6 03 99 88 95 22 
	40 5C 47 BF 16 DF 96 66 0A 41 29 8C B4 30 7F 7E 
	B6 6E 5D E6 11 38 8A 4B 8A 82 11 33 4A C7 D3 7E 
	CB 52 A3 87 D2 57 E6 DB 3C 2A 93 DF 21 FF 3A FF 
	C8 30 0A 06 08 2A 86 48 CE 3D 04 03 02 03 48 00 
	30 45 02 21 00 8C 32 3A 1F 33 21 38 AA B9 D0 BE 
	AF B8 5F 8D 5A 44 07 3C 58 0F 59 5B C5 21 EF 91 
	3F 6E F4 8D 11 02 20 6C 0A F1 A1 85 A4 E4 DE 06 
	35 36 99 23 1C 73 3A 6E 8D D2 DF 65 13 96 6C 91 
	30 15 2A 07 A2 BE DE 
TH34 (size 32):
	A1 80 73 50 FD E5 C7 50 2E 98 29 17 44 DF DF 0B 
	AC 60 64 08 9B A3 53 44 F0 0B FC D3 6A F9 67 87 
PRK_out (size 32):
	FB F4 92 95 37 3A 40 5D DD 31 50 DB 92 AD D3 2B 
	21 C0 2C 0A 78 7D F3 C0 A8 47 F3 9B 68 AA 12 E3 
prk_exporter (size 32):
	DA D4 4E 31 43 32 E3 21 8D FF 4F CA 92 77 E9 63 
	77 8A B0 D9 E7 E4 E2 6E 24 9A 7E BD A8 72 81 64 
OSCORE Master Secret (size