[init] get_suite
[init] suite ready
[init] static DH keygen
[init] static responder pk
[init] ephemeral DH keygen
[init] ephemeral KEM keygen alg -67
IPv4 client to connect to server with address 127.0.0.1 started!
[init] socket ready
[init] starting edhoc_initiator_run
MSG1 gx (size 1216):
	FB B4 6F DD 17 E8 B7 0E C5 98 DE CB B6 C8 4A 15 
	29 B0 DF CF 9E DE D9 C5 F8 D3 BF 64 F5 52 D2 10 
	93 67 7A F8 11 9B 43 04 A4 9A C6 00 00 F3 31 8C 
	73 44 2A C9 B3 39 15 63 AC CA C0 7A 06 7D BC 49 
	3A 4E F2 34 E1 92 71 AC 92 CC CA 02 4C 94 B4 C7 
	63 47 44 4B C2 AB 4F 09 39 CD D3 A5 70 46 1C EC 
	CA 69 9A 31 92 E7 A4 33 28 A0 AB 2A 42 7C FB B5 
	54 A5 2A 32 24 76 7D 22 56 08 E6 92 06 08 B8 AA 
	04 78 80 63 B0 05 E6 F1 C6 66 F4 6A EA 78 C8 89 
	24 A6 7A E3 49 CD 2A 59 F5 BB 1A BA 0C A2 FB 11 
	B9 E1 34 BA 2F E3 42 45 E5 92 47 DB 12 CE E3 8D 
	DC BC BD 4F E9 A5 8A 7B A5 D0 F8 17 48 03 89 22 
	08 A0 5E F0 4D 6C 50 5A 25 13 6A AE E6 0E E1 49 
	99 11 82 75 A1 33 99 9B 74 85 43 00 A8 D2 38 27 
	09 8C C7 64 91 48 BC 7A 8C 50 6A AF A4 6C 02 4C 
	E5 31 CB 6B 3F 86 EC 0D 7B A5 92 9C 03 49 7D 72 
	5B 9D 62 1E AC 21 01 2A E8 5F D7 A1 00 CC 98 94 
	67 DB 74 61 31 A2 F4 9A A4 D7 A7 CD 16 98 18 F5 
	0A 96 AE C1 A5 A4 E7 C3 DE A5 81 67 94 AC C3 F3 
	C3 1B F8 53 4B 50 25 6F FB 0A D8 22 8B 1F 3C 1A 
	CC 5A 53 1B 72 98 0E E2 61 EE 24 07 34 1A C5 F0 
	84 9C 29 73 CE 28 EA C3 D2 94 5D D9 70 87 F5 1C 
	9C 72 46 8B 74 7C 86 2C 8C 2A 98 CB 54 F6 F5 39 
	CD D3 5C 8B 26 51 BD 40 20 F7 9C 1A A0 BA 5B 2D 
	B5 4F A6 DB 95 DE D0 52 FC 39 04 F7 C0 B8 39 22 
	91 A1 5C 90 C1 27 BD 8C 5A 5A F5 77 14 C3 7C AA 
	97 4B AA 34 1B 5C 0D AB A1 2C D4 29 68 48 69 FA 
	DC BE DD 59 3B 04 B7 67 7E 8A 9B F2 C0 48 38 2C 
	CA 77 D2 51 20 FC 5C B6 72 86 07 C6 AA 05 50 4D 
	DC F5 9B 98 2B 04 9D 34 6C CB CB 21 D7 8A 5B A0 
	06 BD 60 58 00 CF 9B 90 3B F1 43 F7 3B 15 CE 58 
	78 F9 D8 35 D0 53 2C 3C 64 CF 0C 63 06 3B 9B B8 
	CB 15 63 8B 7B 1D FD 43 B7 80 02 11 B6 17 C9 98 
	6A 82 F8 E2 99 FE B1 9A FC 76 81 35 7A 82 A9 6A 
	57 7B 49 60 43 BC 4B 87 53 14 9E 82 4E D6 31 05 
	3E 45 9F CF B6 74 5E 17 9F 76 57 5C 94 65 39 E3 
	16 C5 03 17 84 1B 87 6B FF 85 CC 90 E8 25 CE 70 
	5B 40 07 37 25 E7 3F 21 48 60 F4 0A B4 EA AC A1 
	BB E3 21 78 5A B9 54 57 B1 3E A9 02 1A E5 C1 D7 
	59 6C B4 A0 75 8E 42 47 EC 87 43 AB CB 89 46 C6 
	54 4D D2 59 DE A8 A8 06 CB 18 2B 1A 0A 94 98 A4 
	ED 71 28 6E 01 68 12 70 0C E7 41 66 F0 11 04 34 
	6A 32 38 E9 53 68 23 19 58 E3 35 5F 6A AB A5 95 
	12 D7 86 1F CE 54 BA 49 47 28 2F 76 3E F5 06 7F 
	F1 46 47 09 38 0E 62 98 BA 62 D1 6B 38 0A 99 ED 
	D1 BA F7 17 9C 60 20 AD 23 39 97 D2 8C 97 D2 14 
	2B 3B 95 8C EF 33 4F 79 42 10 5F 64 0D F7 45 23 
	B3 B7 20 92 C1 8B 47 38 5F F0 2C 7F EB 88 46 DF 
	2B 90 B1 90 63 C1 F6 74 77 5B B4 40 63 4E 15 6B 
	7E 65 4A B8 D1 17 CF ED 7C 50 30 85 67 F8 70 CD 
	EB E7 3F BC F2 CE D4 A9 8A 22 B1 C8 93 D6 33 30 
	DC 8D B9 D0 94 FF F5 63 8B 43 C6 F3 97 83 5E 31 
	70 C6 71 1E 61 96 7D D1 19 C4 21 CB 93 EA E2 A4 
	DB BA B8 ED 82 40 70 1C 24 6A C2 8E 40 02 50 38 
	D6 8C D8 D1 82 1D C1 53 03 09 07 D4 3C A7 B4 A1 
	5D B0 68 7A 0A 20 B0 3A E1 AB 19 68 1C A9 42 57 
	1A D1 3A 35 68 AD E3 72 8B F0 FC BD 77 BB 12 9B 
	A6 16 C5 86 3E CB 63 1F 18 57 44 76 B0 89 81 B5 
	A2 C5 90 AE 2D 92 29 7E 74 8A 85 2B 1E BF B5 64 
	54 12 CC E1 B5 1B 01 C0 C0 FE 32 99 3A 10 C9 9F 
	65 5F 29 63 C1 BA B3 28 57 FC BD 4E 4A B6 BA AA 
	AA 63 5C B5 AE 25 28 3B 21 23 73 F8 05 BB 96 A3 
	DD 0C 5C 82 DA 8B FD 41 39 B3 44 AD 35 12 73 E5 
	1C 57 82 45 6A 4A 68 8E 3C F8 B8 21 BA 9E 39 69 
	25 0B B3 A0 EA FA 70 22 74 36 E1 F3 08 6F 11 B5 
	8F B6 66 D5 61 AB CC A3 20 09 C5 85 88 A5 42 B9 
	BB BA A9 10 49 0B C6 14 47 D8 89 2A 63 78 40 B7 
	8E 8E 80 9E E2 E4 2A 59 D6 1E E5 C5 BC 70 0C 3C 
	33 83 CB AC 16 0F D4 FC BB E9 5C 03 30 AC 2E C4 
	A4 3B BA 47 6A 6B 11 49 A8 90 56 4E 0B 7F 00 37 
	5F 4F CC 60 72 79 69 9A 69 46 E9 42 93 9A 38 0A 
	22 90 54 45 28 39 33 57 9B 05 01 B0 AF 44 B4 E9 
	47 67 88 36 9F DA B0 95 0B E5 9D 0A 30 19 61 69 
	BF B9 E3 50 DC 52 1D 71 BB 05 45 0B A2 D2 13 01 
	C1 24 12 F6 9A B5 B4 62 D6 B8 00 33 31 A3 74 31 
	BD 7E D7 50 A2 87 64 1B 2B 2C DC 2C CC B0 75 F2 
X (eph -rpivate I) (size 2432):
	30 8A EE 3F ED 8C 9D 04 0D 35 A7 FC 1F A7 76 FB 
	31 30 38 33 AA 2D E8 85 35 4D DF 3D 44 D8 FB 69 
	B2 1A 77 C8 7A 76 47 07 25 15 F3 08 5F 73 AC 57 
	C3 3E 52 0A 88 5F DC 81 E7 D5 60 1A EC 37 01 A2 
	16 13 50 69 53 B6 0A 0A 27 28 F0 14 44 CF 62 14 
	89 D9 AE 8D B9 BD BF 56 53 48 61 7C 52 93 52 03 
	5B BC 8D 83 9F E0 40 BB CB B3 3C 1E FC 4A CD 48 
	01 E1 80 7C 6C 5B C7 7D 1A 9E 91 4B 7B 51 D0 6F 
	E2 03 37 35 B2 17 68 D2 CA 21 69 4E 48 2C A4 F0 
	4C 8F 79 26 73 B3 0B 05 0D 51 C1 0D 37 49 D3 34 
	37 2C 8C 43 F8 13 6F 3D 21 2D 0E DC CC E4 96 7E 
	DD 61 57 ED C2 63 87 65 80 65 69 B8 DC E2 33 7B 
	96 CF E8 50 65 1A 3B 66 F1 5A B6 A8 D0 8B 9E 22 
	29 EE 34 44 9D CB 01 55 4C A1 E1 B3 AD C7 F6 3C 
	F4 A9 A7 C7 94 5A B9 50 94 01 87 87 8B 84 6D E9 
	8A 1A B2 44 14 DB 06 BB E0 F6 95 85 A5 43 52 7A 
	94 3F 54 B3 91 16 1D D2 B1 05 B9 17 C9 D9 D0 4C 
	2C 29 89 3E 95 91 08 F2 23 4A D1 3E B6 EB 08 53 
	46 6E ED E3 13 E8 65 84 C7 2C CE 52 9A 1E 26 BB 
	06 E1 D8 B4 3D 36 7B CE F5 A8 19 14 77 C1 B7 AE 
	0B 1A A6 9A 60 65 01 99 4C F7 C5 10 8E F1 8C 43 
	40 27 00 13 4F 17 B1 3A 46 18 B3 B8 BB 5C 9D E6 
	2E C7 D8 08 EE 89 35 9D 59 38 48 82 CB 1F 09 AC 
	29 87 68 68 88 3C 59 2B 74 D1 65 BE 2A B8 CE 7A 
	C8 7A 79 DB AF D9 A2 68 26 31 1A 4C 74 2C 13 53 
	5E 46 FA A2 AE 17 46 07 B4 16 71 68 32 84 3C 9A 
	E1 CA 1A 35 A5 77 93 33 8B 41 32 AD E5 73 1C 5B 
	71 51 1E E7 BF 58 74 A8 ED 52 9C 0F FC 49 58 AA 
	6D 4D 45 95 8E 92 53 B2 99 18 E3 16 69 3A B4 91 
	E6 17 61 8E D3 5E DB C2 5C 3B A8 A6 51 72 87 E3 
	93 1A 65 3B 5C B1 24 32 10 E0 7F 2B C2 15 60 B6 
	16 1D DA 07 77 20 4F 84 6B C9 2F C4 37 DA 09 45 
	2E E5 5F 54 30 33 12 E5 47 D1 97 2A 91 7A 55 44 
	89 1F F4 22 31 5D 16 05 43 83 37 33 04 01 88 49 
	53 48 17 72 1A 51 21 4C 52 29 B4 15 71 30 59 96 
	6B F9 3F D0 09 BA 19 DB 2A 89 93 BD 74 52 39 E7 
	65 9C 75 0A 84 7C C1 07 17 C4 1E 51 2C 18 2C 45 
	43 FF A7 7D CC 87 4B 8C 99 71 23 33 AC DD 90 48 
	F2 3C 33 C0 C1 15 04 08 A8 41 D5 0E 5B C6 A2 65 
	1B 63 17 38 0F F0 E2 28 72 19 99 57 86 CC 27 88 
	4D B5 43 2E B0 82 CD 7A 18 89 8F 05 54 E9 D6 36 
	9D 2C 0F 61 2B 19 AF 72 15 96 93 A7 E4 56 8C 23 
	B4 9A 5E DC 9A BC 9A AA 63 74 16 33 DB 48 98 3B 
	5D A8 46 27 FE D0 53 AA E0 67 74 32 1B D6 0A C9 
	EB C6 56 E9 1C B4 C4 D9 1A 24 70 88 06 48 B7 E3 
	E0 0F A6 D4 9D B6 E5 6B 2F D9 AA 02 20 8E 50 9B 
	9A 4D 7B 93 3C C5 87 75 38 C7 F0 37 70 05 32 35 
	B0 C5 BC 59 02 82 75 9C 6B EF 65 25 FF 69 01 23 
	D7 40 CD 77 8C 96 46 BC 2C 94 8B A4 03 20 F1 3C 
	65 FE 92 36 F3 A9 12 C1 57 98 5D 82 0E F9 21 BD 
	16 61 47 8A 2B 47 5B 89 A5 1D 26 9B 24 C0 7B DC 
	B4 16 0F E0 5F 5A 25 A8 C1 CB 28 E7 F5 4B BF 02 
	CB 5A 25 5A B1 C2 49 B1 09 C9 4D 90 7A 39 83 12 
	04 07 CD 21 DC 97 45 80 B0 77 96 05 2A 69 2B E4 
	A9 2B 1F E8 06 3B 12 43 42 B9 4C 48 AC 40 B0 3A 
	35 2E 85 A2 C9 5A A3 72 D7 2E 82 74 98 EF F1 0E 
	41 19 7F AB A4 75 EA 26 52 80 DB 50 36 E8 AD 40 
	B1 9F B1 C6 C5 1F 0A 5F E4 98 0F 7D 09 5D 29 84 
	16 02 64 4D BF 21 A4 DB E9 83 3D 18 07 48 E4 4E 
	1B 55 9F E6 80 BC 51 59 BB 9B F2 48 EC E4 B8 76 
	3B 6B C1 1B 44 12 38 2C 60 54 C8 0C 99 28 E7 64 
	B2 0D 8C 19 B5 54 41 36 B7 24 FE 01 4C 08 F8 6E 
	D8 EC 83 03 F5 2D 96 D4 36 92 D5 29 9F B1 3E 76 
	79 44 3F 3A BF 4C EB 76 C5 AA 53 05 F3 78 BC E0 
	C3 EE 55 A7 DC 6C 1B 1B 57 C4 CE 89 C9 59 1A 1D 
	5A 39 96 D9 78 C7 D5 D4 C8 7A 82 2E 2C EA 7D AA 
	9C 4D 3C A3 6C 41 BC 62 39 C5 29 36 11 53 5D BB 
	CD 6E 13 0F 3C 17 52 7D 5C CF E4 F6 4E 61 D4 9B 
	69 AC 23 EC D8 38 4C 5C AF 79 7A 21 56 F6 80 43 
	B7 63 4E B6 46 BA CC 66 DA 99 B5 3E E8 B2 C4 8C 
	23 E1 03 5F C4 20 27 7A 12 29 19 F7 4B A3 07 67 
	DD D1 CD 65 51 25 04 30 75 12 69 CC 17 97 89 4A 
	95 7F A8 86 B3 F2 C7 A7 AB 55 87 26 20 20 5F 2A 
	4F 8D CA CF B1 E5 B9 74 38 29 06 8C CF 94 0C 66 
	93 67 7A F8 11 9B 43 04 A4 9A C6 00 00 F3 31 8C 
	73 44 2A C9 B3 39 15 63 AC CA C0 7A 06 7D BC 49 
	3A 4E F2 34 E1 92 71 AC 92 CC CA 02 4C 94 B4 C7 
	63 47 44 4B C2 AB 4F 09 39 CD D3 A5 70 46 1C EC 
	CA 69 9A 31 92 E7 A4 33 28 A0 AB 2A 42 7C FB B5 
	54 A5 2A 32 24 76 7D 22 56 08 E6 92 06 08 B8 AA 
	04 78 80 63 B0 05 E6 F1 C6 66 F4 6A EA 78 C8 89 
	24 A6 7A E3 49 CD 2A 59 F5 BB 1A BA 0C A2 FB 11 
	B9 E1 34 BA 2F E3 42 45 E5 92 47 DB 12 CE E3 8D 
	DC BC BD 4F E9 A5 8A 7B A5 D0 F8 17 48 03 89 22 
	08 A0 5E F0 4D 6C 50 5A 25 13 6A AE E6 0E E1 49 
	99 11 82 75 A1 33 99 9B 74 85 43 00 A8 D2 38 27 
	09 8C C7 64 91 48 BC 7A 8C 50 6A AF A4 6C 02 4C 
	E5 31 CB 6B 3F 86 EC 0D 7B A5 92 9C 03 49 7D 72 
	5B 9D 62 1E AC 21 01 2A E8 5F D7 A1 00 CC 98 94 
	67 DB 74 61 31 A2 F4 9A A4 D7 A7 CD 16 98 18 F5 
	0A 96 AE C1 A5 A4 E7 C3 DE A5 81 67 94 AC C3 F3 
	C3 1B F8 53 4B 50 25 6F FB 0A D8 22 8B 1F 3C 1A 
	CC 5A 53 1B 72 98 0E E2 61 EE 24 07 34 1A C5 F0 
	84 9C 29 73 CE 28 EA C3 D2 94 5D D9 70 87 F5 1C 
	9C 72 46 8B 74 7C 86 2C 8C 2A 98 CB 54 F6 F5 39 
	CD D3 5C 8B 26 51 BD 40 20 F7 9C 1A A0 BA 5B 2D 
	B5 4F A6 DB 95 DE D0 52 FC 39 04 F7 C0 B8 39 22 
	91 A1 5C 90 C1 27 BD 8C 5A 5A F5 77 14 C3 7C AA 
	97 4B AA 34 1B 5C 0D AB A1 2C D4 29 68 48 69 FA 
	DC BE DD 59 3B 04 B7 67 7E 8A 9B F2 C0 48 38 2C 
	CA 77 D2 51 20 FC 5C B6 72 86 07 C6 AA 05 50 4D 
	DC F5 9B 98 2B 04 9D 34 6C CB CB 21 D7 8A 5B A0 
	06 BD 60 58 00 CF 9B 90 3B F1 43 F7 3B 15 CE 58 
	78 F9 D8 35 D0 53 2C 3C 64 CF 0C 63 06 3B 9B B8 
	CB 15 63 8B 7B 1D FD 43 B7 80 02 11 B6 17 C9 98 
	6A 82 F8 E2 99 FE B1 9A FC 76 81 35 7A 82 A9 6A 
	57 7B 49 60 43 BC 4B 87 53 14 9E 82 4E D6 31 05 
	3E 45 9F CF B6 74 5E 17 9F 76 57 5C 94 65 39 E3 
	16 C5 03 17 84 1B 87 6B FF 85 CC 90 E8 25 CE 70 
	5B 40 07 37 25 E7 3F 21 48 60 F4 0A B4 EA AC A1 
	BB E3 21 78 5A B9 54 57 B1 3E A9 02 1A E5 C1 D7 
	59 6C B4 A0 75 8E 42 47 EC 87 43 AB CB 89 46 C6 
	54 4D D2 59 DE A8 A8 06 CB 18 2B 1A 0A 94 98 A4 
	ED 71 28 6E 01 68 12 70 0C E7 41 66 F0 11 04 34 
	6A 32 38 E9 53 68 23 19 58 E3 35 5F 6A AB A5 95 
	12 D7 86 1F CE 54 BA 49 47 28 2F 76 3E F5 06 7F 
	F1 46 47 09 38 0E 62 98 BA 62 D1 6B 38 0A 99 ED 
	D1 BA F7 17 9C 60 20 AD 23 39 97 D2 8C 97 D2 14 
	2B 3B 95 8C EF 33 4F 79 42 10 5F 64 0D F7 45 23 
	B3 B7 20 92 C1 8B 47 38 5F F0 2C 7F EB 88 46 DF 
	2B 90 B1 90 63 C1 F6 74 77 5B B4 40 63 4E 15 6B 
	7E 65 4A B8 D1 17 CF ED 7C 50 30 85 67 F8 70 CD 
	EB E7 3F BC F2 CE D4 A9 8A 22 B1 C8 93 D6 33 30 
	DC 8D B9 D0 94 FF F5 63 8B 43 C6 F3 97 83 5E 31 
	70 C6 71 1E 61 96 7D D1 19 C4 21 CB 93 EA E2 A4 
	DB BA B8 ED 82 40 70 1C 24 6A C2 8E 40 02 50 38 
	D6 8C D8 D1 82 1D C1 53 03 09 07 D4 3C A7 B4 A1 
	5D B0 68 7A 0A 20 B0 3A E1 AB 19 68 1C A9 42 57 
	1A D1 3A 35 68 AD E3 72 8B F0 FC BD 77 BB 12 9B 
	A6 16 C5 86 3E CB 63 1F 18 57 44 76 B0 89 81 B5 
	A2 C5 90 AE 2D 92 29 7E 74 8A 85 2B 1E BF B5 64 
	54 12 CC E1 B5 1B 01 C0 C0 FE 32 99 3A 10 C9 9F 
	65 5F 29 63 C1 BA B3 28 57 FC BD 4E 4A B6 BA AA 
	AA 63 5C B5 AE 25 28 3B 21 23 73 F8 05 BB 96 A3 
	DD 0C 5C 82 DA 8B FD 41 39 B3 44 AD 35 12 73 E5 
	1C 57 82 45 6A 4A 68 8E 3C F8 B8 21 BA 9E 39 69 
	25 0B B3 A0 EA FA 70 22 74 36 E1 F3 08 6F 11 B5 
	8F B6 66 D5 61 AB CC A3 20 09 C5 85 88 A5 42 B9 
	BB BA A9 10 49 0B C6 14 47 D8 89 2A 63 78 40 B7 
	8E 8E 80 9E E2 E4 2A 59 D6 1E E5 C5 BC 70 0C 3C 
	33 83 CB AC 16 0F D4 FC BB E9 5C 03 30 AC 2E C4 
	A4 3B BA 47 6A 6B 11 49 A8 90 56 4E 0B 7F 00 37 
	5F 4F CC 60 72 79 69 9A 69 46 E9 42 93 9A 38 0A 
	22 90 54 45 28 39 33 57 9B 05 01 B0 AF 44 B4 E9 
	47 67 88 36 9F DA B0 95 0B E5 9D 0A 30 19 61 69 
	BF B9 E3 50 DC 52 1D 71 BB 05 45 0B A2 D2 13 01 
	C1 24 12 F6 9A B5 B4 62 D6 B8 00 33 31 A3 74 31 
	BD 7E D7 50 A2 87 64 1B 2B 2C DC 2C CC B0 75 F2 
	9B E0 CB E1 6F 15 6F 18 F9 B1 77 E6 BB 9C 16 7C 
	36 0F 0B AF F4 46 1E DC 5D C9 2C B8 B6 38 99 34 
	04 FB 92 1C 52 3A 36 51 E5 31 9B E3 01 04 74 C7 
	CC 38 9C A5 11 A9 0B 78 A1 A4 C9 90 E2 68 9F 78 
C_I (size 1):
	49 
message_1 (CBOR Sequence) (size 1223):
	03 15 59 04 C0 FB B4 6F DD 17 E8 B7 0E C5 98 DE 
	CB B6 C8 4A 15 29 B0 DF CF 9E DE D9 C5 F8 D3 BF 
	64 F5 52 D2 10 93 67 7A F8 11 9B 43 04 A4 9A C6 
	00 00 F3 31 8C 73 44 2A C9 B3 39 15 63 AC CA C0 
	7A 06 7D BC 49 3A 4E F2 34 E1 92 71 AC 92 CC CA 
	02 4C 94 B4 C7 63 47 44 4B C2 AB 4F 09 39 CD D3 
	A5 70 46 1C EC CA 69 9A 31 92 E7 A4 33 28 A0 AB 
	2A 42 7C FB B5 54 A5 2A 32 24 76 7D 22 56 08 E6 
	92 06 08 B8 AA 04 78 80 63 B0 05 E6 F1 C6 66 F4 
	6A EA 78 C8 89 24 A6 7A E3 49 CD 2A 59 F5 BB 1A 
	BA 0C A2 FB 11 B9 E1 34 BA 2F E3 42 45 E5 92 47 
	DB 12 CE E3 8D DC BC BD 4F E9 A5 8A 7B A5 D0 F8 
	17 48 03 89 22 08 A0 5E F0 4D 6C 50 5A 25 13 6A 
	AE E6 0E E1 49 99 11 82 75 A1 33 99 9B 74 85 43 
	00 A8 D2 38 27 09 8C C7 64 91 48 BC 7A 8C 50 6A 
	AF A4 6C 02 4C E5 31 CB 6B 3F 86 EC 0D 7B A5 92 
	9C 03 49 7D 72 5B 9D 62 1E AC 21 01 2A E8 5F D7 
	A1 00 CC 98 94 67 DB 74 61 31 A2 F4 9A A4 D7 A7 
	CD 16 98 18 F5 0A 96 AE C1 A5 A4 E7 C3 DE A5 81 
	67 94 AC C3 F3 C3 1B F8 53 4B 50 25 6F FB 0A D8 
	22 8B 1F 3C 1A CC 5A 53 1B 72 98 0E E2 61 EE 24 
	07 34 1A C5 F0 84 9C 29 73 CE 28 EA C3 D2 94 5D 
	D9 70 87 F5 1C 9C 72 46 8B 74 7C 86 2C 8C 2A 98 
	CB 54 F6 F5 39 CD D3 5C 8B 26 51 BD 40 20 F7 9C 
	1A A0 BA 5B 2D B5 4F A6 DB 95 DE D0 52 FC 39 04 
	F7 C0 B8 39 22 91 A1 5C 90 C1 27 BD 8C 5A 5A F5 
	77 14 C3 7C AA 97 4B AA 34 1B 5C 0D AB A1 2C D4 
	29 68 48 69 FA DC BE DD 59 3B 04 B7 67 7E 8A 9B 
	F2 C0 48 38 2C CA 77 D2 51 20 FC 5C B6 72 86 07 
	C6 AA 05 50 4D DC F5 9B 98 2B 04 9D 34 6C CB CB 
	21 D7 8A 5B A0 06 BD 60 58 00 CF 9B 90 3B F1 43 
	F7 3B 15 CE 58 78 F9 D8 35 D0 53 2C 3C 64 CF 0C 
	63 06 3B 9B B8 CB 15 63 8B 7B 1D FD 43 B7 80 02 
	11 B6 17 C9 98 6A 82 F8 E2 99 FE B1 9A FC 76 81 
	35 7A 82 A9 6A 57 7B 49 60 43 BC 4B 87 53 14 9E 
	82 4E D6 31 05 3E 45 9F CF B6 74 5E 17 9F 76 57 
	5C 94 65 39 E3 16 C5 03 17 84 1B 87 6B FF 85 CC 
	90 E8 25 CE 70 5B 40 07 37 25 E7 3F 21 48 60 F4 
	0A B4 EA AC A1 BB E3 21 78 5A B9 54 57 B1 3E A9 
	02 1A E5 C1 D7 59 6C B4 A0 75 8E 42 47 EC 87 43 
	AB CB 89 46 C6 54 4D D2 59 DE A8 A8 06 CB 18 2B 
	1A 0A 94 98 A4 ED 71 28 6E 01 68 12 70 0C E7 41 
	66 F0 11 04 34 6A 32 38 E9 53 68 23 19 58 E3 35 
	5F 6A AB A5 95 12 D7 86 1F CE 54 BA 49 47 28 2F 
	76 3E F5 06 7F F1 46 47 09 38 0E 62 98 BA 62 D1 
	6B 38 0A 99 ED D1 BA F7 17 9C 60 20 AD 23 39 97 
	D2 8C 97 D2 14 2B 3B 95 8C EF 33 4F 79 42 10 5F 
	64 0D F7 45 23 B3 B7 20 92 C1 8B 47 38 5F F0 2C 
	7F EB 88 46 DF 2B 90 B1 90 63 C1 F6 74 77 5B B4 
	40 63 4E 15 6B 7E 65 4A B8 D1 17 CF ED 7C 50 30 
	85 67 F8 70 CD EB E7 3F BC F2 CE D4 A9 8A 22 B1 
	C8 93 D6 33 30 DC 8D B9 D0 94 FF F5 63 8B 43 C6 
	F3 97 83 5E 31 70 C6 71 1E 61 96 7D D1 19 C4 21 
	CB 93 EA E2 A4 DB BA B8 ED 82 40 70 1C 24 6A C2 
	8E 40 02 50 38 D6 8C D8 D1 82 1D C1 53 03 09 07 
	D4 3C A7 B4 A1 5D B0 68 7A 0A 20 B0 3A E1 AB 19 
	68 1C A9 42 57 1A D1 3A 35 68 AD E3 72 8B F0 FC 
	BD 77 BB 12 9B A6 16 C5 86 3E CB 63 1F 18 57 44 
	76 B0 89 81 B5 A2 C5 90 AE 2D 92 29 7E 74 8A 85 
	2B 1E BF B5 64 54 12 CC E1 B5 1B 01 C0 C0 FE 32 
	99 3A 10 C9 9F 65 5F 29 63 C1 BA B3 28 57 FC BD 
	4E 4A B6 BA AA AA 63 5C B5 AE 25 28 3B 21 23 73 
	F8 05 BB 96 A3 DD 0C 5C 82 DA 8B FD 41 39 B3 44 
	AD 35 12 73 E5 1C 57 82 45 6A 4A 68 8E 3C F8 B8 
	21 BA 9E 39 69 25 0B B3 A0 EA FA 70 22 74 36 E1 
	F3 08 6F 11 B5 8F B6 66 D5 61 AB CC A3 20 09 C5 
	85 88 A5 42 B9 BB BA A9 10 49 0B C6 14 47 D8 89 
	2A 63 78 40 B7 8E 8E 80 9E E2 E4 2A 59 D6 1E E5 
	C5 BC 70 0C 3C 33 83 CB AC 16 0F D4 FC BB E9 5C 
	03 30 AC 2E C4 A4 3B BA 47 6A 6B 11 49 A8 90 56 
	4E 0B 7F 00 37 5F 4F CC 60 72 79 69 9A 69 46 E9 
	42 93 9A 38 0A 22 90 54 45 28 39 33 57 9B 05 01 
	B0 AF 44 B4 E9 47 67 88 36 9F DA B0 95 0B E5 9D 
	0A 30 19 61 69 BF B9 E3 50 DC 52 1D 71 BB 05 45 
	0B A2 D2 13 01 C1 24 12 F6 9A B5 B4 62 D6 B8 00 
	33 31 A3 74 31 BD 7E D7 50 A2 87 64 1B 2B 2C DC 
	2C CC B0 75 F2 41 49 
MSG: (size 1223):
	03 15 59 04 C0 FB B4 6F DD 17 E8 B7 0E C5 98 DE 
	CB B6 C8 4A 15 29 B0 DF CF 9E DE D9 C5 F8 D3 BF 
	64 F5 52 D2 10 93 67 7A F8 11 9B 43 04 A4 9A C6 
	00 00 F3 31 8C 73 44 2A C9 B3 39 15 63 AC CA C0 
	7A 06 7D BC 49 3A 4E F2 34 E1 92 71 AC 92 CC CA 
	02 4C 94 B4 C7 63 47 44 4B C2 AB 4F 09 39 CD D3 
	A5 70 46 1C EC CA 69 9A 31 92 E7 A4 33 28 A0 AB 
	2A 42 7C FB B5 54 A5 2A 32 24 76 7D 22 56 08 E6 
	92 06 08 B8 AA 04 78 80 63 B0 05 E6 F1 C6 66 F4 
	6A EA 78 C8 89 24 A6 7A E3 49 CD 2A 59 F5 BB 1A 
	BA 0C A2 FB 11 B9 E1 34 BA 2F E3 42 45 E5 92 47 
	DB 12 CE E3 8D DC BC BD 4F E9 A5 8A 7B A5 D0 F8 
	17 48 03 89 22 08 A0 5E F0 4D 6C 50 5A 25 13 6A 
	AE E6 0E E1 49 99 11 82 75 A1 33 99 9B 74 85 43 
	00 A8 D2 38 27 09 8C C7 64 91 48 BC 7A 8C 50 6A 
	AF A4 6C 02 4C E5 31 CB 6B 3F 86 EC 0D 7B A5 92 
	9C 03 49 7D 72 5B 9D 62 1E AC 21 01 2A E8 5F D7 
	A1 00 CC 98 94 67 DB 74 61 31 A2 F4 9A A4 D7 A7 
	CD 16 98 18 F5 0A 96 AE C1 A5 A4 E7 C3 DE A5 81 
	67 94 AC C3 F3 C3 1B F8 53 4B 50 25 6F FB 0A D8 
	22 8B 1F 3C 1A CC 5A 53 1B 72 98 0E E2 61 EE 24 
	07 34 1A C5 F0 84 9C 29 73 CE 28 EA C3 D2 94 5D 
	D9 70 87 F5 1C 9C 72 46 8B 74 7C 86 2C 8C 2A 98 
	CB 54 F6 F5 39 CD D3 5C 8B 26 51 BD 40 20 F7 9C 
	1A A0 BA 5B 2D B5 4F A6 DB 95 DE D0 52 FC 39 04 
	F7 C0 B8 39 22 91 A1 5C 90 C1 27 BD 8C 5A 5A F5 
	77 14 C3 7C AA 97 4B AA 34 1B 5C 0D AB A1 2C D4 
	29 68 48 69 FA DC BE DD 59 3B 04 B7 67 7E 8A 9B 
	F2 C0 48 38 2C CA 77 D2 51 20 FC 5C B6 72 86 07 
	C6 AA 05 50 4D DC F5 9B 98 2B 04 9D 34 6C CB CB 
	21 D7 8A 5B A0 06 BD 60 58 00 CF 9B 90 3B F1 43 
	F7 3B 15 CE 58 78 F9 D8 35 D0 53 2C 3C 64 CF 0C 
	63 06 3B 9B B8 CB 15 63 8B 7B 1D FD 43 B7 80 02 
	11 B6 17 C9 98 6A 82 F8 E2 99 FE B1 9A FC 76 81 
	35 7A 82 A9 6A 57 7B 49 60 43 BC 4B 87 53 14 9E 
	82 4E D6 31 05 3E 45 9F CF B6 74 5E 17 9F 76 57 
	5C 94 65 39 E3 16 C5 03 17 84 1B 87 6B FF 85 CC 
	90 E8 25 CE 70 5B 40 07 37 25 E7 3F 21 48 60 F4 
	0A B4 EA AC A1 BB E3 21 78 5A B9 54 57 B1 3E A9 
	02 1A E5 C1 D7 59 6C B4 A0 75 8E 42 47 EC 87 43 
	AB CB 89 46 C6 54 4D D2 59 DE A8 A8 06 CB 18 2B 
	1A 0A 94 98 A4 ED 71 28 6E 01 68 12 70 0C E7 41 
	66 F0 11 04 34 6A 32 38 E9 53 68 23 19 58 E3 35 
	5F 6A AB A5 95 12 D7 86 1F CE 54 BA 49 47 28 2F 
	76 3E F5 06 7F F1 46 47 09 38 0E 62 98 BA 62 D1 
	6B 38 0A 99 ED D1 BA F7 17 9C 60 20 AD 23 39 97 
	D2 8C 97 D2 14 2B 3B 95 8C EF 33 4F 79 42 10 5F 
	64 0D F7 45 23 B3 B7 20 92 C1 8B 47 38 5F F0 2C 
	7F EB 88 46 DF 2B 90 B1 90 63 C1 F6 74 77 5B B4 
	40 63 4E 15 6B 7E 65 4A B8 D1 17 CF ED 7C 50 30 
	85 67 F8 70 CD EB E7 3F BC F2 CE D4 A9 8A 22 B1 
	C8 93 D6 33 30 DC 8D B9 D0 94 FF F5 63 8B 43 C6 
	F3 97 83 5E 31 70 C6 71 1E 61 96 7D D1 19 C4 21 
	CB 93 EA E2 A4 DB BA B8 ED 82 40 70 1C 24 6A C2 
	8E 40 02 50 38 D6 8C D8 D1 82 1D C1 53 03 09 07 
	D4 3C A7 B4 A1 5D B0 68 7A 0A 20 B0 3A E1 AB 19 
	68 1C A9 42 57 1A D1 3A 35 68 AD E3 72 8B F0 FC 
	BD 77 BB 12 9B A6 16 C5 86 3E CB 63 1F 18 57 44 
	76 B0 89 81 B5 A2 C5 90 AE 2D 92 29 7E 74 8A 85 
	2B 1E BF B5 64 54 12 CC E1 B5 1B 01 C0 C0 FE 32 
	99 3A 10 C9 9F 65 5F 29 63 C1 BA B3 28 57 FC BD 
	4E 4A B6 BA AA AA 63 5C B5 AE 25 28 3B 21 23 73 
	F8 05 BB 96 A3 DD 0C 5C 82 DA 8B FD 41 39 B3 44 
	AD 35 12 73 E5 1C 57 82 45 6A 4A 68 8E 3C F8 B8 
	21 BA 9E 39 69 25 0B B3 A0 EA FA 70 22 74 36 E1 
	F3 08 6F 11 B5 8F B6 66 D5 61 AB CC A3 20 09 C5 
	85 88 A5 42 B9 BB BA A9 10 49 0B C6 14 47 D8 89 
	2A 63 78 40 B7 8E 8E 80 9E E2 E4 2A 59 D6 1E E5 
	C5 BC 70 0C 3C 33 83 CB AC 16 0F D4 FC BB E9 5C 
	03 30 AC 2E C4 A4 3B BA 47 6A 6B 11 49 A8 90 56 
	4E 0B 7F 00 37 5F 4F CC 60 72 79 69 9A 69 46 E9 
	42 93 9A 38 0A 22 90 54 45 28 39 33 57 9B 05 01 
	B0 AF 44 B4 E9 47 67 88 36 9F DA B0 95 0B E5 9D 
	0A 30 19 61 69 BF B9 E3 50 DC 52 1D 71 BB 05 45 
	0B A2 D2 13 01 C1 24 12 F6 9A B5 B4 62 D6 B8 00 
	33 31 A3 74 31 BD 7E D7 50 A2 87 64 1B 2B 2C DC 
	2C CC B0 75 F2 41 49 
[init] tx sent 1223 bytes
[init] rx got 1135 bytes
Max MSG2 size 2027
PQ/T Hybrid Suit:-67
PQ/T Hybrid g_y size:1120message_2 (CBOR Sequence) (size 1135):
	59 04 6C 27 B1 D6 35 A6 63 38 2D 99 E0 31 B3 E9 
	A5 D6 82 A0 95 45 04 93 56 AF 6F 13 54 DE D1 3E 
	D2 9C 72 05 95 5F 33 13 19 99 3E 27 EB A3 04 B8 
	04 1F 91 00 96 16 15 AE 8C 49 00 6B 45 72 24 29 
	5F 31 AB 17 8E BC 8C 7E CA 0D 52 5B 7A A8 D9 A0 
	A9 B4 B6 90 F5 5A 8E A3 0B 95 61 D0 08 65 BE 03 
	A9 43 AC 69 AC 7B EF 8B 7D A7 45 84 9D CF 5A 98 
	C5 DB 04 95 49 8F 11 C1 7F AA 36 FC 0A 78 79 C9 
	FD 51 DC 7D 53 BB 8B 8E B7 07 22 CE 32 F0 AE 15 
	86 6E BF AF 08 9F B8 48 66 B2 D9 AC C8 5A 4F 6F 
	A8 03 D4 BF 1D 14 32 0A EC CB C5 A1 D6 56 B1 78 
	F9 38 29 98 17 CF B1 B3 84 A1 76 3A E2 DD DF E7 
	84 5B BF 39 89 DB 10 8C 27 4C 1F CD A5 CC 69 C9 
	1B 5C 48 D1 24 B1 E7 E3 98 CD 22 44 CF 39 96 F4 
	1A 71 7C E5 C8 17 7A AB 5E 19 4A D9 8E 85 1D A0 
	4F E0 D6 75 18 F5 2D 41 13 8C 87 9D 3D 36 75 8D 
	BA E0 8E E7 0C 8C 62 C7 BF 00 AA 6B 40 29 31 F0 
	C9 9F 5B D9 06 45 E2 56 EE F6 B3 0A 3B AA A9 6F 
	82 24 0A 47 EE CF 58 C3 44 C0 4B 32 FE E9 A7 C4 
	EE 82 AC 9B E0 B6 2B 99 30 8B 88 CE 21 D5 41 8F 
	3E E4 49 6C 05 33 77 71 69 0A 0E C6 B3 00 B8 CC 
	81 7E D2 B4 6C 79 00 AC 28 8A AB F8 F6 A8 34 55 
	17 5C 7B 5F BD 28 98 69 C9 2B 87 8E F5 D5 21 A9 
	49 23 A8 35 7F AF 78 79 89 67 04 BC 5A B6 0D C5 
	F5 B0 64 B6 F8 BE 55 E9 FD 45 F1 97 F7 35 EF BD 
	CF 19 D7 32 3B A6 C7 2C DF E6 26 4A E0 3D 48 23 
	EB FB 19 1E 01 8B CF 97 42 8D 7B E9 7C D5 F1 0A 
	90 1C 92 17 13 10 90 FC F8 E1 67 C4 26 F9 59 61 
	72 DD AA F7 7F 44 FB D2 AD F1 23 0A 15 5A 19 3A 
	09 DC DC 94 D8 22 06 73 1E 91 02 E9 8C 7B 56 0A 
	F3 B3 C6 AA D3 7B 6F 4E 10 78 0F 56 81 2C 73 CA 
	89 8E 11 41 DE B1 97 2C D8 3F 67 0B 98 FB 4C 2A 
	5D B8 BD 92 89 D5 B1 0B 7E 8F 4D 62 7E 12 39 EC 
	5B 1D D0 BE 0D 4C 58 6B 01 FF 7E F8 6F A7 D7 95 
	A1 DF 84 70 C6 7E E4 69 63 1F 8C B1 E8 62 DA C8 
	12 94 72 81 D6 72 49 C1 86 75 C7 B2 10 9D 4E 64 
	26 CF AB 86 44 6E 22 EC 22 BC 87 8C A5 11 D6 9C 
	D9 FA BA D2 6C 2D E3 5D 38 24 24 09 BB CB D7 D4 
	1F 54 F8 09 06 1D 6B D3 A1 10 73 69 94 28 81 5A 
	B4 BE B1 E4 8E 92 C8 1C 50 13 19 AE 82 9C A2 EB 
	DB FC E0 33 95 F9 EF 99 4A B9 4F 03 F7 96 19 99 
	30 43 6E 68 91 3F A2 A6 EF 6D 5E 21 79 4A 2C 06 
	25 C7 62 63 7A A7 6C F9 96 9B A3 FF 1F 6F 00 08 
	66 65 7C ED BD CF D4 77 D4 BE 03 14 D6 D6 A4 0F 
	2F D7 71 F0 62 FF 1D 1D 34 29 38 0A A8 2E 06 40 
	93 A4 98 AE 21 64 49 2F 9D 4E 8A B1 3D 4B 8E AA 
	F9 AA 31 51 1B 6D E2 F1 2A BA 59 20 4F 41 09 63 
	0F 3B 70 14 03 31 31 93 BF AA 25 2C 27 FE B5 0E 
	9F E6 39 EA B6 B2 F3 B4 A7 32 2F 44 FE 9A 58 76 
	36 4A 40 10 1F 5C 7F 5E 5C C4 D8 3E BE 30 3F EC 
	F7 20 8C 7B F9 13 18 D0 95 04 53 C6 47 3E 37 0C 
	D7 F7 81 45 94 BE 3D DE C8 7F BA 2C 8F 5A D9 21 
	19 C5 ED A1 39 66 BE AD F1 8D CB 43 D5 F9 CD E0 
	47 0F 1E FF AE 85 FF 25 E9 22 3B 19 65 0C 90 B1 
	FB 00 24 63 26 89 46 71 EB EF 86 36 10 69 04 F4 
	B0 9A 3D 38 44 9B 07 23 FA A3 9E 3F 9C A0 80 F7 
	4D 44 CD E5 F9 7E BA FA 37 E6 53 A9 14 80 EE 3A 
	CD 63 47 F2 7B 3E B2 3C E1 18 E4 87 E1 E0 79 60 
	83 2E 34 AF 7A E9 82 84 46 4A 9F 30 37 E4 72 75 
	FD AC 80 11 53 7E CC F5 25 C1 54 15 37 60 5C A8 
	C7 B8 CF D9 2E 50 97 85 40 EE 41 36 AC 77 1C 79 
	E7 60 83 86 90 A8 9B C3 B4 57 5B 50 61 4A E7 D7 
	E6 2D B3 12 D1 54 90 41 51 65 20 9C 2B C1 0C 3F 
	29 65 67 EF 70 31 59 77 AB 77 7D 62 49 99 4B 11 
	7C D2 CD 9E 5B 2D 64 69 3C 84 BB 83 DE 27 52 AA 
	E2 D4 2D DD 13 85 C9 A3 21 6B CE 2E C6 E8 8E 33 
	7C 7B B5 DD D2 04 55 ED E3 00 47 F2 5E 5F 94 22 
	A0 8C 07 15 C2 1C 0C 57 FB AA 17 84 5A BB B9 77 
	E3 57 A5 60 50 E0 2F 77 D2 49 DF A3 42 84 B5 F1 
	94 30 8C 19 6E 61 A3 F1 30 5B DC 4A DA AB 22 23 
	3B FB 99 64 4D 67 4F 12 E7 39 5A BC DE 8D 2A 
g_y (size 1120):
	27 B1 D6 35 A6 63 38 2D 99 E0 31 B3 E9 A5 D6 82 
	A0 95 45 04 93 56 AF 6F 13 54 DE D1 3E D2 9C 72 
	05 95 5F 33 13 19 99 3E 27 EB A3 04 B8 04 1F 91 
	00 96 16 15 AE 8C 49 00 6B 45 72 24 29 5F 31 AB 
	17 8E BC 8C 7E CA 0D 52 5B 7A A8 D9 A0 A9 B4 B6 
	90 F5 5A 8E A3 0B 95 61 D0 08 65 BE 03 A9 43 AC 
	69 AC 7B EF 8B 7D A7 45 84 9D CF 5A 98 C5 DB 04 
	95 49 8F 11 C1 7F AA 36 FC 0A 78 79 C9 FD 51 DC 
	7D 53 BB 8B 8E B7 07 22 CE 32 F0 AE 15 86 6E BF 
	AF 08 9F B8 48 66 B2 D9 AC C8 5A 4F 6F A8 03 D4 
	BF 1D 14 32 0A EC CB C5 A1 D6 56 B1 78 F9 38 29 
	98 17 CF B1 B3 84 A1 76 3A E2 DD DF E7 84 5B BF 
	39 89 DB 10 8C 27 4C 1F CD A5 CC 69 C9 1B 5C 48 
	D1 24 B1 E7 E3 98 CD 22 44 CF 39 96 F4 1A 71 7C 
	E5 C8 17 7A AB 5E 19 4A D9 8E 85 1D A0 4F E0 D6 
	75 18 F5 2D 41 13 8C 87 9D 3D 36 75 8D BA E0 8E 
	E7 0C 8C 62 C7 BF 00 AA 6B 40 29 31 F0 C9 9F 5B 
	D9 06 45 E2 56 EE F6 B3 0A 3B AA A9 6F 82 24 0A 
	47 EE CF 58 C3 44 C0 4B 32 FE E9 A7 C4 EE 82 AC 
	9B E0 B6 2B 99 30 8B 88 CE 21 D5 41 8F 3E E4 49 
	6C 05 33 77 71 69 0A 0E C6 B3 00 B8 CC 81 7E D2 
	B4 6C 79 00 AC 28 8A AB F8 F6 A8 34 55 17 5C 7B 
	5F BD 28 98 69 C9 2B 87 8E F5 D5 21 A9 49 23 A8 
	35 7F AF 78 79 89 67 04 BC 5A B6 0D C5 F5 B0 64 
	B6 F8 BE 55 E9 FD 45 F1 97 F7 35 EF BD CF 19 D7 
	32 3B A6 C7 2C DF E6 26 4A E0 3D 48 23 EB FB 19 
	1E 01 8B CF 97 42 8D 7B E9 7C D5 F1 0A 90 1C 92 
	17 13 10 90 FC F8 E1 67 C4 26 F9 59 61 72 DD AA 
	F7 7F 44 FB D2 AD F1 23 0A 15 5A 19 3A 09 DC DC 
	94 D8 22 06 73 1E 91 02 E9 8C 7B 56 0A F3 B3 C6 
	AA D3 7B 6F 4E 10 78 0F 56 81 2C 73 CA 89 8E 11 
	41 DE B1 97 2C D8 3F 67 0B 98 FB 4C 2A 5D B8 BD 
	92 89 D5 B1 0B 7E 8F 4D 62 7E 12 39 EC 5B 1D D0 
	BE 0D 4C 58 6B 01 FF 7E F8 6F A7 D7 95 A1 DF 84 
	70 C6 7E E4 69 63 1F 8C B1 E8 62 DA C8 12 94 72 
	81 D6 72 49 C1 86 75 C7 B2 10 9D 4E 64 26 CF AB 
	86 44 6E 22 EC 22 BC 87 8C A5 11 D6 9C D9 FA BA 
	D2 6C 2D E3 5D 38 24 24 09 BB CB D7 D4 1F 54 F8 
	09 06 1D 6B D3 A1 10 73 69 94 28 81 5A B4 BE B1 
	E4 8E 92 C8 1C 50 13 19 AE 82 9C A2 EB DB FC E0 
	33 95 F9 EF 99 4A B9 4F 03 F7 96 19 99 30 43 6E 
	68 91 3F A2 A6 EF 6D 5E 21 79 4A 2C 06 25 C7 62 
	63 7A A7 6C F9 96 9B A3 FF 1F 6F 00 08 66 65 7C 
	ED BD CF D4 77 D4 BE 03 14 D6 D6 A4 0F 2F D7 71 
	F0 62 FF 1D 1D 34 29 38 0A A8 2E 06 40 93 A4 98 
	AE 21 64 49 2F 9D 4E 8A B1 3D 4B 8E AA F9 AA 31 
	51 1B 6D E2 F1 2A BA 59 20 4F 41 09 63 0F 3B 70 
	14 03 31 31 93 BF AA 25 2C 27 FE B5 0E 9F E6 39 
	EA B6 B2 F3 B4 A7 32 2F 44 FE 9A 58 76 36 4A 40 
	10 1F 5C 7F 5E 5C C4 D8 3E BE 30 3F EC F7 20 8C 
	7B F9 13 18 D0 95 04 53 C6 47 3E 37 0C D7 F7 81 
	45 94 BE 3D DE C8 7F BA 2C 8F 5A D9 21 19 C5 ED 
	A1 39 66 BE AD F1 8D CB 43 D5 F9 CD E0 47 0F 1E 
	FF AE 85 FF 25 E9 22 3B 19 65 0C 90 B1 FB 00 24 
	63 26 89 46 71 EB EF 86 36 10 69 04 F4 B0 9A 3D 
	38 44 9B 07 23 FA A3 9E 3F 9C A0 80 F7 4D 44 CD 
	E5 F9 7E BA FA 37 E6 53 A9 14 80 EE 3A CD 63 47 
	F2 7B 3E B2 3C E1 18 E4 87 E1 E0 79 60 83 2E 34 
	AF 7A E9 82 84 46 4A 9F 30 37 E4 72 75 FD AC 80 
	11 53 7E CC F5 25 C1 54 15 37 60 5C A8 C7 B8 CF 
	D9 2E 50 97 85 40 EE 41 36 AC 77 1C 79 E7 60 83 
	86 90 A8 9B C3 B4 57 5B 50 61 4A E7 D7 E6 2D B3 
	12 D1 54 90 41 51 65 20 9C 2B C1 0C 3F 29 65 67 
	EF 70 31 59 77 AB 77 7D 62 49 99 4B 11 7C D2 CD 
	9E 5B 2D 64 69 3C 84 BB 83 DE 27 52 AA E2 D4 2D 
	DD 13 85 C9 A3 21 6B CE 2E C6 E8 8E 33 7C 7B B5 
	DD D2 04 55 ED E3 00 47 F2 5E 5F 94 22 A0 8C 07 
	15 C2 1C 0C 57 FB AA 17 84 5A BB B9 77 E3 57 A5 
	60 50 E0 2F 77 D2 49 DF A3 42 84 B5 F1 94 30 8C 
	19 6E 61 A3 F1 30 5B DC 4A DA AB 22 23 3B FB 99 
ciphertext2 (size 12):
	64 4D 67 4F 12 E7 39 5A BC DE 8D 2A 
PQ/T Hybrid array foe g_xy_KEM
PQ/T Hybrid compute shared secret (Suit:-67)
x PQ/T  (size 2432):
	30 8A EE 3F ED 8C 9D 04 0D 35 A7 FC 1F A7 76 FB 
	31 30 38 33 AA 2D E8 85 35 4D DF 3D 44 D8 FB 69 
	B2 1A 77 C8 7A 76 47 07 25 15 F3 08 5F 73 AC 57 
	C3 3E 52 0A 88 5F DC 81 E7 D5 60 1A EC 37 01 A2 
	16 13 50 69 53 B6 0A 0A 27 28 F0 14 44 CF 62 14 
	89 D9 AE 8D B9 BD BF 56 53 48 61 7C 52 93 52 03 
	5B BC 8D 83 9F E0 40 BB CB B3 3C 1E FC 4A CD 48 
	01 E1 80 7C 6C 5B C7 7D 1A 9E 91 4B 7B 51 D0 6F 
	E2 03 37 35 B2 17 68 D2 CA 21 69 4E 48 2C A4 F0 
	4C 8F 79 26 73 B3 0B 05 0D 51 C1 0D 37 49 D3 34 
	37 2C 8C 43 F8 13 6F 3D 21 2D 0E DC CC E4 96 7E 
	DD 61 57 ED C2 63 87 65 80 65 69 B8 DC E2 33 7B 
	96 CF E8 50 65 1A 3B 66 F1 5A B6 A8 D0 8B 9E 22 
	29 EE 34 44 9D CB 01 55 4C A1 E1 B3 AD C7 F6 3C 
	F4 A9 A7 C7 94 5A B9 50 94 01 87 87 8B 84 6D E9 
	8A 1A B2 44 14 DB 06 BB E0 F6 95 85 A5 43 52 7A 
	94 3F 54 B3 91 16 1D D2 B1 05 B9 17 C9 D9 D0 4C 
	2C 29 89 3E 95 91 08 F2 23 4A D1 3E B6 EB 08 53 
	46 6E ED E3 13 E8 65 84 C7 2C CE 52 9A 1E 26 BB 
	06 E1 D8 B4 3D 36 7B CE F5 A8 19 14 77 C1 B7 AE 
	0B 1A A6 9A 60 65 01 99 4C F7 C5 10 8E F1 8C 43 
	40 27 00 13 4F 17 B1 3A 46 18 B3 B8 BB 5C 9D E6 
	2E C7 D8 08 EE 89 35 9D 59 38 48 82 CB 1F 09 AC 
	29 87 68 68 88 3C 59 2B 74 D1 65 BE 2A B8 CE 7A 
	C8 7A 79 DB AF D9 A2 68 26 31 1A 4C 74 2C 13 53 
	5E 46 FA A2 AE 17 46 07 B4 16 71 68 32 84 3C 9A 
	E1 CA 1A 35 A5 77 93 33 8B 41 32 AD E5 73 1C 5B 
	71 51 1E E7 BF 58 74 A8 ED 52 9C 0F FC 49 58 AA 
	6D 4D 45 95 8E 92 53 B2 99 18 E3 16 69 3A B4 91 
	E6 17 61 8E D3 5E DB C2 5C 3B A8 A6 51 72 87 E3 
	93 1A 65 3B 5C B1 24 32 10 E0 7F 2B C2 15 60 B6 
	16 1D DA 07 77 20 4F 84 6B C9 2F C4 37 DA 09 45 
	2E E5 5F 54 30 33 12 E5 47 D1 97 2A 91 7A 55 44 
	89 1F F4 22 31 5D 16 05 43 83 37 33 04 01 88 49 
	53 48 17 72 1A 51 21 4C 52 29 B4 15 71 30 59 96 
	6B F9 3F D0 09 BA 19 DB 2A 89 93 BD 74 52 39 E7 
	65 9C 75 0A 84 7C C1 07 17 C4 1E 51 2C 18 2C 45 
	43 FF A7 7D CC 87 4B 8C 99 71 23 33 AC DD 90 48 
	F2 3C 33 C0 C1 15 04 08 A8 41 D5 0E 5B C6 A2 65 
	1B 63 17 38 0F F0 E2 28 72 19 99 57 86 CC 27 88 
	4D B5 43 2E B0 82 CD 7A 18 89 8F 05 54 E9 D6 36 
	9D 2C 0F 61 2B 19 AF 72 15 96 93 A7 E4 56 8C 23 
	B4 9A 5E DC 9A BC 9A AA 63 74 16 33 DB 48 98 3B 
	5D A8 46 27 FE D0 53 AA E0 67 74 32 1B D6 0A C9 
	EB C6 56 E9 1C B4 C4 D9 1A 24 70 88 06 48 B7 E3 
	E0 0F A6 D4 9D B6 E5 6B 2F D9 AA 02 20 8E 50 9B 
	9A 4D 7B 93 3C C5 87 75 38 C7 F0 37 70 05 32 35 
	B0 C5 BC 59 02 82 75 9C 6B EF 65 25 FF 69 01 23 
	D7 40 CD 77 8C 96 46 BC 2C 94 8B A4 03 20 F1 3C 
	65 FE 92 36 F3 A9 12 C1 57 98 5D 82 0E F9 21 BD 
	16 61 47 8A 2B 47 5B 89 A5 1D 26 9B 24 C0 7B DC 
	B4 16 0F E0 5F 5A 25 A8 C1 CB 28 E7 F5 4B BF 02 
	CB 5A 25 5A B1 C2 49 B1 09 C9 4D 90 7A 39 83 12 
	04 07 CD 21 DC 97 45 80 B0 77 96 05 2A 69 2B E4 
	A9 2B 1F E8 06 3B 12 43 42 B9 4C 48 AC 40 B0 3A 
	35 2E 85 A2 C9 5A A3 72 D7 2E 82 74 98 EF F1 0E 
	41 19 7F AB A4 75 EA 26 52 80 DB 50 36 E8 AD 40 
	B1 9F B1 C6 C5 1F 0A 5F E4 98 0F 7D 09 5D 29 84 
	16 02 64 4D BF 21 A4 DB E9 83 3D 18 07 48 E4 4E 
	1B 55 9F E6 80 BC 51 59 BB 9B F2 48 EC E4 B8 76 
	3B 6B C1 1B 44 12 38 2C 60 54 C8 0C 99 28 E7 64 
	B2 0D 8C 19 B5 54 41 36 B7 24 FE 01 4C 08 F8 6E 
	D8 EC 83 03 F5 2D 96 D4 36 92 D5 29 9F B1 3E 76 
	79 44 3F 3A BF 4C EB 76 C5 AA 53 05 F3 78 BC E0 
	C3 EE 55 A7 DC 6C 1B 1B 57 C4 CE 89 C9 59 1A 1D 
	5A 39 96 D9 78 C7 D5 D4 C8 7A 82 2E 2C EA 7D AA 
	9C 4D 3C A3 6C 41 BC 62 39 C5 29 36 11 53 5D BB 
	CD 6E 13 0F 3C 17 52 7D 5C CF E4 F6 4E 61 D4 9B 
	69 AC 23 EC D8 38 4C 5C AF 79 7A 21 56 F6 80 43 
	B7 63 4E B6 46 BA CC 66 DA 99 B5 3E E8 B2 C4 8C 
	23 E1 03 5F C4 20 27 7A 12 29 19 F7 4B A3 07 67 
	DD D1 CD 65 51 25 04 30 75 12 69 CC 17 97 89 4A 
	95 7F A8 86 B3 F2 C7 A7 AB 55 87 26 20 20 5F 2A 
	4F 8D CA CF B1 E5 B9 74 38 29 06 8C CF 94 0C 66 
	93 67 7A F8 11 9B 43 04 A4 9A C6 00 00 F3 31 8C 
	73 44 2A C9 B3 39 15 63 AC CA C0 7A 06 7D BC 49 
	3A 4E F2 34 E1 92 71 AC 92 CC CA 02 4C 94 B4 C7 
	63 47 44 4B C2 AB 4F 09 39 CD D3 A5 70 46 1C EC 
	CA 69 9A 31 92 E7 A4 33 28 A0 AB 2A 42 7C FB B5 
	54 A5 2A 32 24 76 7D 22 56 08 E6 92 06 08 B8 AA 
	04 78 80 63 B0 05 E6 F1 C6 66 F4 6A EA 78 C8 89 
	24 A6 7A E3 49 CD 2A 59 F5 BB 1A BA 0C A2 FB 11 
	B9 E1 34 BA 2F E3 42 45 E5 92 47 DB 12 CE E3 8D 
	DC BC BD 4F E9 A5 8A 7B A5 D0 F8 17 48 03 89 22 
	08 A0 5E F0 4D 6C 50 5A 25 13 6A AE E6 0E E1 49 
	99 11 82 75 A1 33 99 9B 74 85 43 00 A8 D2 38 27 
	09 8C C7 64 91 48 BC 7A 8C 50 6A AF A4 6C 02 4C 
	E5 31 CB 6B 3F 86 EC 0D 7B A5 92 9C 03 49 7D 72 
	5B 9D 62 1E AC 21 01 2A E8 5F D7 A1 00 CC 98 94 
	67 DB 74 61 31 A2 F4 9A A4 D7 A7 CD 16 98 18 F5 
	0A 96 AE C1 A5 A4 E7 C3 DE A5 81 67 94 AC C3 F3 
	C3 1B F8 53 4B 50 25 6F FB 0A D8 22 8B 1F 3C 1A 
	CC 5A 53 1B 72 98 0E E2 61 EE 24 07 34 1A C5 F0 
	84 9C 29 73 CE 28 EA C3 D2 94 5D D9 70 87 F5 1C 
	9C 72 46 8B 74 7C 86 2C 8C 2A 98 CB 54 F6 F5 39 
	CD D3 5C 8B 26 51 BD 40 20 F7 9C 1A A0 BA 5B 2D 
	B5 4F A6 DB 95 DE D0 52 FC 39 04 F7 C0 B8 39 22 
	91 A1 5C 90 C1 27 BD 8C 5A 5A F5 77 14 C3 7C AA 
	97 4B AA 34 1B 5C 0D AB A1 2C D4 29 68 48 69 FA 
	DC BE DD 59 3B 04 B7 67 7E 8A 9B F2 C0 48 38 2C 
	CA 77 D2 51 20 FC 5C B6 72 86 07 C6 AA 05 50 4D 
	DC F5 9B 98 2B 04 9D 34 6C CB CB 21 D7 8A 5B A0 
	06 BD 60 58 00 CF 9B 90 3B F1 43 F7 3B 15 CE 58 
	78 F9 D8 35 D0 53 2C 3C 64 CF 0C 63 06 3B 9B B8 
	CB 15 63 8B 7B 1D FD 43 B7 80 02 11 B6 17 C9 98 
	6A 82 F8 E2 99 FE B1 9A FC 76 81 35 7A 82 A9 6A 
	57 7B 49 60 43 BC 4B 87 53 14 9E 82 4E D6 31 05 
	3E 45 9F CF B6 74 5E 17 9F 76 57 5C 94 65 39 E3 
	16 C5 03 17 84 1B 87 6B FF 85 CC 90 E8 25 CE 70 
	5B 40 07 37 25 E7 3F 21 48 60 F4 0A B4 EA AC A1 
	BB E3 21 78 5A B9 54 57 B1 3E A9 02 1A E5 C1 D7 
	59 6C B4 A0 75 8E 42 47 EC 87 43 AB CB 89 46 C6 
	54 4D D2 59 DE A8 A8 06 CB 18 2B 1A 0A 94 98 A4 
	ED 71 28 6E 01 68 12 70 0C E7 41 66 F0 11 04 34 
	6A 32 38 E9 53 68 23 19 58 E3 35 5F 6A AB A5 95 
	12 D7 86 1F CE 54 BA 49 47 28 2F 76 3E F5 06 7F 
	F1 46 47 09 38 0E 62 98 BA 62 D1 6B 38 0A 99 ED 
	D1 BA F7 17 9C 60 20 AD 23 39 97 D2 8C 97 D2 14 
	2B 3B 95 8C EF 33 4F 79 42 10 5F 64 0D F7 45 23 
	B3 B7 20 92 C1 8B 47 38 5F F0 2C 7F EB 88 46 DF 
	2B 90 B1 90 63 C1 F6 74 77 5B B4 40 63 4E 15 6B 
	7E 65 4A B8 D1 17 CF ED 7C 50 30 85 67 F8 70 CD 
	EB E7 3F BC F2 CE D4 A9 8A 22 B1 C8 93 D6 33 30 
	DC 8D B9 D0 94 FF F5 63 8B 43 C6 F3 97 83 5E 31 
	70 C6 71 1E 61 96 7D D1 19 C4 21 CB 93 EA E2 A4 
	DB BA B8 ED 82 40 70 1C 24 6A C2 8E 40 02 50 38 
	D6 8C D8 D1 82 1D C1 53 03 09 07 D4 3C A7 B4 A1 
	5D B0 68 7A 0A 20 B0 3A E1 AB 19 68 1C A9 42 57 
	1A D1 3A 35 68 AD E3 72 8B F0 FC BD 77 BB 12 9B 
	A6 16 C5 86 3E CB 63 1F 18 57 44 76 B0 89 81 B5 
	A2 C5 90 AE 2D 92 29 7E 74 8A 85 2B 1E BF B5 64 
	54 12 CC E1 B5 1B 01 C0 C0 FE 32 99 3A 10 C9 9F 
	65 5F 29 63 C1 BA B3 28 57 FC BD 4E 4A B6 BA AA 
	AA 63 5C B5 AE 25 28 3B 21 23 73 F8 05 BB 96 A3 
	DD 0C 5C 82 DA 8B FD 41 39 B3 44 AD 35 12 73 E5 
	1C 57 82 45 6A 4A 68 8E 3C F8 B8 21 BA 9E 39 69 
	25 0B B3 A0 EA FA 70 22 74 36 E1 F3 08 6F 11 B5 
	8F B6 66 D5 61 AB CC A3 20 09 C5 85 88 A5 42 B9 
	BB BA A9 10 49 0B C6 14 47 D8 89 2A 63 78 40 B7 
	8E 8E 80 9E E2 E4 2A 59 D6 1E E5 C5 BC 70 0C 3C 
	33 83 CB AC 16 0F D4 FC BB E9 5C 03 30 AC 2E C4 
	A4 3B BA 47 6A 6B 11 49 A8 90 56 4E 0B 7F 00 37 
	5F 4F CC 60 72 79 69 9A 69 46 E9 42 93 9A 38 0A 
	22 90 54 45 28 39 33 57 9B 05 01 B0 AF 44 B4 E9 
	47 67 88 36 9F DA B0 95 0B E5 9D 0A 30 19 61 69 
	BF B9 E3 50 DC 52 1D 71 BB 05 45 0B A2 D2 13 01 
	C1 24 12 F6 9A B5 B4 62 D6 B8 00 33 31 A3 74 31 
	BD 7E D7 50 A2 87 64 1B 2B 2C DC 2C CC B0 75 F2 
	9B E0 CB E1 6F 15 6F 18 F9 B1 77 E6 BB 9C 16 7C 
	36 0F 0B AF F4 46 1E DC 5D C9 2C B8 B6 38 99 34 
	04 FB 92 1C 52 3A 36 51 E5 31 9B E3 01 04 74 C7 
	CC 38 9C A5 11 A9 0B 78 A1 A4 C9 90 E2 68 9F 78 
gy PQ/T (size 1120):
	27 B1 D6 35 A6 63 38 2D 99 E0 31 B3 E9 A5 D6 82 
	A0 95 45 04 93 56 AF 6F 13 54 DE D1 3E D2 9C 72 
	05 95 5F 33 13 19 99 3E 27 EB A3 04 B8 04 1F 91 
	00 96 16 15 AE 8C 49 00 6B 45 72 24 29 5F 31 AB 
	17 8E BC 8C 7E CA 0D 52 5B 7A A8 D9 A0 A9 B4 B6 
	90 F5 5A 8E A3 0B 95 61 D0 08 65 BE 03 A9 43 AC 
	69 AC 7B EF 8B 7D A7 45 84 9D CF 5A 98 C5 DB 04 
	95 49 8F 11 C1 7F AA 36 FC 0A 78 79 C9 FD 51 DC 
	7D 53 BB 8B 8E B7 07 22 CE 32 F0 AE 15 86 6E BF 
	AF 08 9F B8 48 66 B2 D9 AC C8 5A 4F 6F A8 03 D4 
	BF 1D 14 32 0A EC CB C5 A1 D6 56 B1 78 F9 38 29 
	98 17 CF B1 B3 84 A1 76 3A E2 DD DF E7 84 5B BF 
	39 89 DB 10 8C 27 4C 1F CD A5 CC 69 C9 1B 5C 48 
	D1 24 B1 E7 E3 98 CD 22 44 CF 39 96 F4 1A 71 7C 
	E5 C8 17 7A AB 5E 19 4A D9 8E 85 1D A0 4F E0 D6 
	75 18 F5 2D 41 13 8C 87 9D 3D 36 75 8D BA E0 8E 
	E7 0C 8C 62 C7 BF 00 AA 6B 40 29 31 F0 C9 9F 5B 
	D9 06 45 E2 56 EE F6 B3 0A 3B AA A9 6F 82 24 0A 
	47 EE CF 58 C3 44 C0 4B 32 FE E9 A7 C4 EE 82 AC 
	9B E0 B6 2B 99 30 8B 88 CE 21 D5 41 8F 3E E4 49 
	6C 05 33 77 71 69 0A 0E C6 B3 00 B8 CC 81 7E D2 
	B4 6C 79 00 AC 28 8A AB F8 F6 A8 34 55 17 5C 7B 
	5F BD 28 98 69 C9 2B 87 8E F5 D5 21 A9 49 23 A8 
	35 7F AF 78 79 89 67 04 BC 5A B6 0D C5 F5 B0 64 
	B6 F8 BE 55 E9 FD 45 F1 97 F7 35 EF BD CF 19 D7 
	32 3B A6 C7 2C DF E6 26 4A E0 3D 48 23 EB FB 19 
	1E 01 8B CF 97 42 8D 7B E9 7C D5 F1 0A 90 1C 92 
	17 13 10 90 FC F8 E1 67 C4 26 F9 59 61 72 DD AA 
	F7 7F 44 FB D2 AD F1 23 0A 15 5A 19 3A 09 DC DC 
	94 D8 22 06 73 1E 91 02 E9 8C 7B 56 0A F3 B3 C6 
	AA D3 7B 6F 4E 10 78 0F 56 81 2C 73 CA 89 8E 11 
	41 DE B1 97 2C D8 3F 67 0B 98 FB 4C 2A 5D B8 BD 
	92 89 D5 B1 0B 7E 8F 4D 62 7E 12 39 EC 5B 1D D0 
	BE 0D 4C 58 6B 01 FF 7E F8 6F A7 D7 95 A1 DF 84 
	70 C6 7E E4 69 63 1F 8C B1 E8 62 DA C8 12 94 72 
	81 D6 72 49 C1 86 75 C7 B2 10 9D 4E 64 26 CF AB 
	86 44 6E 22 EC 22 BC 87 8C A5 11 D6 9C D9 FA BA 
	D2 6C 2D E3 5D 38 24 24 09 BB CB D7 D4 1F 54 F8 
	09 06 1D 6B D3 A1 10 73 69 94 28 81 5A B4 BE B1 
	E4 8E 92 C8 1C 50 13 19 AE 82 9C A2 EB DB FC E0 
	33 95 F9 EF 99 4A B9 4F 03 F7 96 19 99 30 43 6E 
	68 91 3F A2 A6 EF 6D 5E 21 79 4A 2C 06 25 C7 62 
	63 7A A7 6C F9 96 9B A3 FF 1F 6F 00 08 66 65 7C 
	ED BD CF D4 77 D4 BE 03 14 D6 D6 A4 0F 2F D7 71 
	F0 62 FF 1D 1D 34 29 38 0A A8 2E 06 40 93 A4 98 
	AE 21 64 49 2F 9D 4E 8A B1 3D 4B 8E AA F9 AA 31 
	51 1B 6D E2 F1 2A BA 59 20 4F 41 09 63 0F 3B 70 
	14 03 31 31 93 BF AA 25 2C 27 FE B5 0E 9F E6 39 
	EA B6 B2 F3 B4 A7 32 2F 44 FE 9A 58 76 36 4A 40 
	10 1F 5C 7F 5E 5C C4 D8 3E BE 30 3F EC F7 20 8C 
	7B F9 13 18 D0 95 04 53 C6 47 3E 37 0C D7 F7 81 
	45 94 BE 3D DE C8 7F BA 2C 8F 5A D9 21 19 C5 ED 
	A1 39 66 BE AD F1 8D CB 43 D5 F9 CD E0 47 0F 1E 
	FF AE 85 FF 25 E9 22 3B 19 65 0C 90 B1 FB 00 24 
	63 26 89 46 71 EB EF 86 36 10 69 04 F4 B0 9A 3D 
	38 44 9B 07 23 FA A3 9E 3F 9C A0 80 F7 4D 44 CD 
	E5 F9 7E BA FA 37 E6 53 A9 14 80 EE 3A CD 63 47 
	F2 7B 3E B2 3C E1 18 E4 87 E1 E0 79 60 83 2E 34 
	AF 7A E9 82 84 46 4A 9F 30 37 E4 72 75 FD AC 80 
	11 53 7E CC F5 25 C1 54 15 37 60 5C A8 C7 B8 CF 
	D9 2E 50 97 85 40 EE 41 36 AC 77 1C 79 E7 60 83 
	86 90 A8 9B C3 B4 57 5B 50 61 4A E7 D7 E6 2D B3 
	12 D1 54 90 41 51 65 20 9C 2B C1 0C 3F 29 65 67 
	EF 70 31 59 77 AB 77 7D 62 49 99 4B 11 7C D2 CD 
	9E 5B 2D 64 69 3C 84 BB 83 DE 27 52 AA E2 D4 2D 
	DD 13 85 C9 A3 21 6B CE 2E C6 E8 8E 33 7C 7B B5 
	DD D2 04 55 ED E3 00 47 F2 5E 5F 94 22 A0 8C 07 
	15 C2 1C 0C 57 FB AA 17 84 5A BB B9 77 E3 57 A5 
	60 50 E0 2F 77 D2 49 DF A3 42 84 B5 F1 94 30 8C 
	19 6E 61 A3 F1 30 5B DC 4A DA AB 22 23 3B FB 99 
x DH  (size 32):
	30 8A EE 3F ED 8C 9D 04 0D 35 A7 FC 1F A7 76 FB 
	31 30 38 33 AA 2D E8 85 35 4D DF 3D 44 D8 FB 69 
gy DH (size 32):
	27 B1 D6 35 A6 63 38 2D 99 E0 31 B3 E9 A5 D6 82 
	A0 95 45 04 93 56 AF 6F 13 54 DE D1 3E D2 9C 72 
SHARED SECRET DERIVE
G_XY (ECDH shared secret)  (size 32):
	23 42 DA 3A 44 A9 28 77 02 7E D4 DE 6D 1E 8E A1 
	6A 64 F6 60 1A CF 0D 09 79 E2 32 07 86 54 F8 6D 
KEM decapsulation
x KEM  (size 2400):
	B2 1A 77 C8 7A 76 47 07 25 15 F3 08 5F 73 AC 57 
	C3 3E 52 0A 88 5F DC 81 E7 D5 60 1A EC 37 01 A2 
	16 13 50 69 53 B6 0A 0A 27 28 F0 14 44 CF 62 14 
	89 D9 AE 8D B9 BD BF 56 53 48 61 7C 52 93 52 03 
	5B BC 8D 83 9F E0 40 BB CB B3 3C 1E FC 4A CD 48 
	01 E1 80 7C 6C 5B C7 7D 1A 9E 91 4B 7B 51 D0 6F 
	E2 03 37 35 B2 17 68 D2 CA 21 69 4E 48 2C A4 F0 
	4C 8F 79 26 73 B3 0B 05 0D 51 C1 0D 37 49 D3 34 
	37 2C 8C 43 F8 13 6F 3D 21 2D 0E DC CC E4 96 7E 
	DD 61 57 ED C2 63 87 65 80 65 69 B8 DC E2 33 7B 
	96 CF E8 50 65 1A 3B 66 F1 5A B6 A8 D0 8B 9E 22 
	29 EE 34 44 9D CB 01 55 4C A1 E1 B3 AD C7 F6 3C 
	F4 A9 A7 C7 94 5A B9 50 94 01 87 87 8B 84 6D E9 
	8A 1A B2 44 14 DB 06 BB E0 F6 95 85 A5 43 52 7A 
	94 3F 54 B3 91 16 1D D2 B1 05 B9 17 C9 D9 D0 4C 
	2C 29 89 3E 95 91 08 F2 23 4A D1 3E B6 EB 08 53 
	46 6E ED E3 13 E8 65 84 C7 2C CE 52 9A 1E 26 BB 
	06 E1 D8 B4 3D 36 7B CE F5 A8 19 14 77 C1 B7 AE 
	0B 1A A6 9A 60 65 01 99 4C F7 C5 10 8E F1 8C 43 
	40 27 00 13 4F 17 B1 3A 46 18 B3 B8 BB 5C 9D E6 
	2E C7 D8 08 EE 89 35 9D 59 38 48 82 CB 1F 09 AC 
	29 87 68 68 88 3C 59 2B 74 D1 65 BE 2A B8 CE 7A 
	C8 7A 79 DB AF D9 A2 68 26 31 1A 4C 74 2C 13 53 
	5E 46 FA A2 AE 17 46 07 B4 16 71 68 32 84 3C 9A 
	E1 CA 1A 35 A5 77 93 33 8B 41 32 AD E5 73 1C 5B 
	71 51 1E E7 BF 58 74 A8 ED 52 9C 0F FC 49 58 AA 
	6D 4D 45 95 8E 92 53 B2 99 18 E3 16 69 3A B4 91 
	E6 17 61 8E D3 5E DB C2 5C 3B A8 A6 51 72 87 E3 
	93 1A 65 3B 5C B1 24 32 10 E0 7F 2B C2 15 60 B6 
	16 1D DA 07 77 20 4F 84 6B C9 2F C4 37 DA 09 45 
	2E E5 5F 54 30 33 12 E5 47 D1 97 2A 91 7A 55 44 
	89 1F F4 22 31 5D 16 05 43 83 37 33 04 01 88 49 
	53 48 17 72 1A 51 21 4C 52 29 B4 15 71 30 59 96 
	6B F9 3F D0 09 BA 19 DB 2A 89 93 BD 74 52 39 E7 
	65 9C 75 0A 84 7C C1 07 17 C4 1E 51 2C 18 2C 45 
	43 FF A7 7D CC 87 4B 8C 99 71 23 33 AC DD 90 48 
	F2 3C 33 C0 C1 15 04 08 A8 41 D5 0E 5B C6 A2 65 
	1B 63 17 38 0F F0 E2 28 72 19 99 57 86 CC 27 88 
	4D B5 43 2E B0 82 CD 7A 18 89 8F 05 54 E9 D6 36 
	9D 2C 0F 61 2B 19 AF 72 15 96 93 A7 E4 56 8C 23 
	B4 9A 5E DC 9A BC 9A AA 63 74 16 33 DB 48 98 3B 
	5D A8 46 27 FE D0 53 AA E0 67 74 32 1B D6 0A C9 
	EB C6 56 E9 1C B4 C4 D9 1A 24 70 88 06 48 B7 E3 
	E0 0F A6 D4 9D B6 E5 6B 2F D9 AA 02 20 8E 50 9B 
	9A 4D 7B 93 3C C5 87 75 38 C7 F0 37 70 05 32 35 
	B0 C5 BC 59 02 82 75 9C 6B EF 65 25 FF 69 01 23 
	D7 40 CD 77 8C 96 46 BC 2C 94 8B A4 03 20 F1 3C 
	65 FE 92 36 F3 A9 12 C1 57 98 5D 82 0E F9 21 BD 
	16 61 47 8A 2B 47 5B 89 A5 1D 26 9B 24 C0 7B DC 
	B4 16 0F E0 5F 5A 25 A8 C1 CB 28 E7 F5 4B BF 02 
	CB 5A 25 5A B1 C2 49 B1 09 C9 4D 90 7A 39 83 12 
	04 07 CD 21 DC 97 45 80 B0 77 96 05 2A 69 2B E4 
	A9 2B 1F E8 06 3B 12 43 42 B9 4C 48 AC 40 B0 3A 
	35 2E 85 A2 C9 5A A3 72 D7 2E 82 74 98 EF F1 0E 
	41 19 7F AB A4 75 EA 26 52 80 DB 50 36 E8 AD 40 
	B1 9F B1 C6 C5 1F 0A 5F E4 98 0F 7D 09 5D 29 84 
	16 02 64 4D BF 21 A4 DB E9 83 3D 18 07 48 E4 4E 
	1B 55 9F E6 80 BC 51 59 BB 9B F2 48 EC E4 B8 76 
	3B 6B C1 1B 44 12 38 2C 60 54 C8 0C 99 28 E7 64 
	B2 0D 8C 19 B5 54 41 36 B7 24 FE 01 4C 08 F8 6E 
	D8 EC 83 03 F5 2D 96 D4 36 92 D5 29 9F B1 3E 76 
	79 44 3F 3A BF 4C EB 76 C5 AA 53 05 F3 78 BC E0 
	C3 EE 55 A7 DC 6C 1B 1B 57 C4 CE 89 C9 59 1A 1D 
	5A 39 96 D9 78 C7 D5 D4 C8 7A 82 2E 2C EA 7D AA 
	9C 4D 3C A3 6C 41 BC 62 39 C5 29 36 11 53 5D BB 
	CD 6E 13 0F 3C 17 52 7D 5C CF E4 F6 4E 61 D4 9B 
	69 AC 23 EC D8 38 4C 5C AF 79 7A 21 56 F6 80 43 
	B7 63 4E B6 46 BA CC 66 DA 99 B5 3E E8 B2 C4 8C 
	23 E1 03 5F C4 20 27 7A 12 29 19 F7 4B A3 07 67 
	DD D1 CD 65 51 25 04 30 75 12 69 CC 17 97 89 4A 
	95 7F A8 86 B3 F2 C7 A7 AB 55 87 26 20 20 5F 2A 
	4F 8D CA CF B1 E5 B9 74 38 29 06 8C CF 94 0C 66 
	93 67 7A F8 11 9B 43 04 A4 9A C6 00 00 F3 31 8C 
	73 44 2A C9 B3 39 15 63 AC CA C0 7A 06 7D BC 49 
	3A 4E F2 34 E1 92 71 AC 92 CC CA 02 4C 94 B4 C7 
	63 47 44 4B C2 AB 4F 09 39 CD D3 A5 70 46 1C EC 
	CA 69 9A 31 92 E7 A4 33 28 A0 AB 2A 42 7C FB B5 
	54 A5 2A 32 24 76 7D 22 56 08 E6 92 06 08 B8 AA 
	04 78 80 63 B0 05 E6 F1 C6 66 F4 6A EA 78 C8 89 
	24 A6 7A E3 49 CD 2A 59 F5 BB 1A BA 0C A2 FB 11 
	B9 E1 34 BA 2F E3 42 45 E5 92 47 DB 12 CE E3 8D 
	DC BC BD 4F E9 A5 8A 7B A5 D0 F8 17 48 03 89 22 
	08 A0 5E F0 4D 6C 50 5A 25 13 6A AE E6 0E E1 49 
	99 11 82 75 A1 33 99 9B 74 85 43 00 A8 D2 38 27 
	09 8C C7 64 91 48 BC 7A 8C 50 6A AF A4 6C 02 4C 
	E5 31 CB 6B 3F 86 EC 0D 7B A5 92 9C 03 49 7D 72 
	5B 9D 62 1E AC 21 01 2A E8 5F D7 A1 00 CC 98 94 
	67 DB 74 61 31 A2 F4 9A A4 D7 A7 CD 16 98 18 F5 
	0A 96 AE C1 A5 A4 E7 C3 DE A5 81 67 94 AC C3 F3 
	C3 1B F8 53 4B 50 25 6F FB 0A D8 22 8B 1F 3C 1A 
	CC 5A 53 1B 72 98 0E E2 61 EE 24 07 34 1A C5 F0 
	84 9C 29 73 CE 28 EA C3 D2 94 5D D9 70 87 F5 1C 
	9C 72 46 8B 74 7C 86 2C 8C 2A 98 CB 54 F6 F5 39 
	CD D3 5C 8B 26 51 BD 40 20 F7 9C 1A A0 BA 5B 2D 
	B5 4F A6 DB 95 DE D0 52 FC 39 04 F7 C0 B8 39 22 
	91 A1 5C 90 C1 27 BD 8C 5A 5A F5 77 14 C3 7C AA 
	97 4B AA 34 1B 5C 0D AB A1 2C D4 29 68 48 69 FA 
	DC BE DD 59 3B 04 B7 67 7E 8A 9B F2 C0 48 38 2C 
	CA 77 D2 51 20 FC 5C B6 72 86 07 C6 AA 05 50 4D 
	DC F5 9B 98 2B 04 9D 34 6C CB CB 21 D7 8A 5B A0 
	06 BD 60 58 00 CF 9B 90 3B F1 43 F7 3B 15 CE 58 
	78 F9 D8 35 D0 53 2C 3C 64 CF 0C 63 06 3B 9B B8 
	CB 15 63 8B 7B 1D FD 43 B7 80 02 11 B6 17 C9 98 
	6A 82 F8 E2 99 FE B1 9A FC 76 81 35 7A 82 A9 6A 
	57 7B 49 60 43 BC 4B 87 53 14 9E 82 4E D6 31 05 
	3E 45 9F CF B6 74 5E 17 9F 76 57 5C 94 65 39 E3 
	16 C5 03 17 84 1B 87 6B FF 85 CC 90 E8 25 CE 70 
	5B 40 07 37 25 E7 3F 21 48 60 F4 0A B4 EA AC A1 
	BB E3 21 78 5A B9 54 57 B1 3E A9 02 1A E5 C1 D7 
	59 6C B4 A0 75 8E 42 47 EC 87 43 AB CB 89 46 C6 
	54 4D D2 59 DE A8 A8 06 CB 18 2B 1A 0A 94 98 A4 
	ED 71 28 6E 01 68 12 70 0C E7 41 66 F0 11 04 34 
	6A 32 38 E9 53 68 23 19 58 E3 35 5F 6A AB A5 95 
	12 D7 86 1F CE 54 BA 49 47 28 2F 76 3E F5 06 7F 
	F1 46 47 09 38 0E 62 98 BA 62 D1 6B 38 0A 99 ED 
	D1 BA F7 17 9C 60 20 AD 23 39 97 D2 8C 97 D2 14 
	2B 3B 95 8C EF 33 4F 79 42 10 5F 64 0D F7 45 23 
	B3 B7 20 92 C1 8B 47 38 5F F0 2C 7F EB 88 46 DF 
	2B 90 B1 90 63 C1 F6 74 77 5B B4 40 63 4E 15 6B 
	7E 65 4A B8 D1 17 CF ED 7C 50 30 85 67 F8 70 CD 
	EB E7 3F BC F2 CE D4 A9 8A 22 B1 C8 93 D6 33 30 
	DC 8D B9 D0 94 FF F5 63 8B 43 C6 F3 97 83 5E 31 
	70 C6 71 1E 61 96 7D D1 19 C4 21 CB 93 EA E2 A4 
	DB BA B8 ED 82 40 70 1C 24 6A C2 8E 40 02 50 38 
	D6 8C D8 D1 82 1D C1 53 03 09 07 D4 3C A7 B4 A1 
	5D B0 68 7A 0A 20 B0 3A E1 AB 19 68 1C A9 42 57 
	1A D1 3A 35 68 AD E3 72 8B F0 FC BD 77 BB 12 9B 
	A6 16 C5 86 3E CB 63 1F 18 57 44 76 B0 89 81 B5 
	A2 C5 90 AE 2D 92 29 7E 74 8A 85 2B 1E BF B5 64 
	54 12 CC E1 B5 1B 01 C0 C0 FE 32 99 3A 10 C9 9F 
	65 5F 29 63 C1 BA B3 28 57 FC BD 4E 4A B6 BA AA 
	AA 63 5C B5 AE 25 28 3B 21 23 73 F8 05 BB 96 A3 
	DD 0C 5C 82 DA 8B FD 41 39 B3 44 AD 35 12 73 E5 
	1C 57 82 45 6A 4A 68 8E 3C F8 B8 21 BA 9E 39 69 
	25 0B B3 A0 EA FA 70 22 74 36 E1 F3 08 6F 11 B5 
	8F B6 66 D5 61 AB CC A3 20 09 C5 85 88 A5 42 B9 
	BB BA A9 10 49 0B C6 14 47 D8 89 2A 63 78 40 B7 
	8E 8E 80 9E E2 E4 2A 59 D6 1E E5 C5 BC 70 0C 3C 
	33 83 CB AC 16 0F D4 FC BB E9 5C 03 30 AC 2E C4 
	A4 3B BA 47 6A 6B 11 49 A8 90 56 4E 0B 7F 00 37 
	5F 4F CC 60 72 79 69 9A 69 46 E9 42 93 9A 38 0A 
	22 90 54 45 28 39 33 57 9B 05 01 B0 AF 44 B4 E9 
	47 67 88 36 9F DA B0 95 0B E5 9D 0A 30 19 61 69 
	BF B9 E3 50 DC 52 1D 71 BB 05 45 0B A2 D2 13 01 
	C1 24 12 F6 9A B5 B4 62 D6 B8 00 33 31 A3 74 31 
	BD 7E D7 50 A2 87 64 1B 2B 2C DC 2C CC B0 75 F2 
	9B E0 CB E1 6F 15 6F 18 F9 B1 77 E6 BB 9C 16 7C 
	36 0F 0B AF F4 46 1E DC 5D C9 2C B8 B6 38 99 34 
	04 FB 92 1C 52 3A 36 51 E5 31 9B E3 01 04 74 C7 
	CC 38 9C A5 11 A9 0B 78 A1 A4 C9 90 E2 68 9F 78 
gy KEM: (PQ CC) (size 1088):
	05 95 5F 33 13 19 99 3E 27 EB A3 04 B8 04 1F 91 
	00 96 16 15 AE 8C 49 00 6B 45 72 24 29 5F 31 AB 
	17 8E BC 8C 7E CA 0D 52 5B 7A A8 D9 A0 A9 B4 B6 
	90 F5 5A 8E A3 0B 95 61 D0 08 65 BE 03 A9 43 AC 
	69 AC 7B EF 8B 7D A7 45 84 9D CF 5A 98 C5 DB 04 
	95 49 8F 11 C1 7F AA 36 FC 0A 78 79 C9 FD 51 DC 
	7D 53 BB 8B 8E B7 07 22 CE 32 F0 AE 15 86 6E BF 
	AF 08 9F B8 48 66 B2 D9 AC C8 5A 4F 6F A8 03 D4 
	BF 1D 14 32 0A EC CB C5 A1 D6 56 B1 78 F9 38 29 
	98 17 CF B1 B3 84 A1 76 3A E2 DD DF E7 84 5B BF 
	39 89 DB 10 8C 27 4C 1F CD A5 CC 69 C9 1B 5C 48 
	D1 24 B1 E7 E3 98 CD 22 44 CF 39 96 F4 1A 71 7C 
	E5 C8 17 7A AB 5E 19 4A D9 8E 85 1D A0 4F E0 D6 
	75 18 F5 2D 41 13 8C 87 9D 3D 36 75 8D BA E0 8E 
	E7 0C 8C 62 C7 BF 00 AA 6B 40 29 31 F0 C9 9F 5B 
	D9 06 45 E2 56 EE F6 B3 0A 3B AA A9 6F 82 24 0A 
	47 EE CF 58 C3 44 C0 4B 32 FE E9 A7 C4 EE 82 AC 
	9B E0 B6 2B 99 30 8B 88 CE 21 D5 41 8F 3E E4 49 
	6C 05 33 77 71 69 0A 0E C6 B3 00 B8 CC 81 7E D2 
	B4 6C 79 00 AC 28 8A AB F8 F6 A8 34 55 17 5C 7B 
	5F BD 28 98 69 C9 2B 87 8E F5 D5 21 A9 49 23 A8 
	35 7F AF 78 79 89 67 04 BC 5A B6 0D C5 F5 B0 64 
	B6 F8 BE 55 E9 FD 45 F1 97 F7 35 EF BD CF 19 D7 
	32 3B A6 C7 2C DF E6 26 4A E0 3D 48 23 EB FB 19 
	1E 01 8B CF 97 42 8D 7B E9 7C D5 F1 0A 90 1C 92 
	17 13 10 90 FC F8 E1 67 C4 26 F9 59 61 72 DD AA 
	F7 7F 44 FB D2 AD F1 23 0A 15 5A 19 3A 09 DC DC 
	94 D8 22 06 73 1E 91 02 E9 8C 7B 56 0A F3 B3 C6 
	AA D3 7B 6F 4E 10 78 0F 56 81 2C 73 CA 89 8E 11 
	41 DE B1 97 2C D8 3F 67 0B 98 FB 4C 2A 5D B8 BD 
	92 89 D5 B1 0B 7E 8F 4D 62 7E 12 39 EC 5B 1D D0 
	BE 0D 4C 58 6B 01 FF 7E F8 6F A7 D7 95 A1 DF 84 
	70 C6 7E E4 69 63 1F 8C B1 E8 62 DA C8 12 94 72 
	81 D6 72 49 C1 86 75 C7 B2 10 9D 4E 64 26 CF AB 
	86 44 6E 22 EC 22 BC 87 8C A5 11 D6 9C D9 FA BA 
	D2 6C 2D E3 5D 38 24 24 09 BB CB D7 D4 1F 54 F8 
	09 06 1D 6B D3 A1 10 73 69 94 28 81 5A B4 BE B1 
	E4 8E 92 C8 1C 50 13 19 AE 82 9C A2 EB DB FC E0 
	33 95 F9 EF 99 4A B9 4F 03 F7 96 19 99 30 43 6E 
	68 91 3F A2 A6 EF 6D 5E 21 79 4A 2C 06 25 C7 62 
	63 7A A7 6C F9 96 9B A3 FF 1F 6F 00 08 66 65 7C 
	ED BD CF D4 77 D4 BE 03 14 D6 D6 A4 0F 2F D7 71 
	F0 62 FF 1D 1D 34 29 38 0A A8 2E 06 40 93 A4 98 
	AE 21 64 49 2F 9D 4E 8A B1 3D 4B 8E AA F9 AA 31 
	51 1B 6D E2 F1 2A BA 59 20 4F 41 09 63 0F 3B 70 
	14 03 31 31 93 BF AA 25 2C 27 FE B5 0E 9F E6 39 
	EA B6 B2 F3 B4 A7 32 2F 44 FE 9A 58 76 36 4A 40 
	10 1F 5C 7F 5E 5C C4 D8 3E BE 30 3F EC F7 20 8C 
	7B F9 13 18 D0 95 04 53 C6 47 3E 37 0C D7 F7 81 
	45 94 BE 3D DE C8 7F BA 2C 8F 5A D9 21 19 C5 ED 
	A1 39 66 BE AD F1 8D CB 43 D5 F9 CD E0 47 0F 1E 
	FF AE 85 FF 25 E9 22 3B 19 65 0C 90 B1 FB 00 24 
	63 26 89 46 71 EB EF 86 36 10 69 04 F4 B0 9A 3D 
	38 44 9B 07 23 FA A3 9E 3F 9C A0 80 F7 4D 44 CD 
	E5 F9 7E BA FA 37 E6 53 A9 14 80 EE 3A CD 63 47 
	F2 7B 3E B2 3C E1 18 E4 87 E1 E0 79 60 83 2E 34 
	AF 7A E9 82 84 46 4A 9F 30 37 E4 72 75 FD AC 80 
	11 53 7E CC F5 25 C1 54 15 37 60 5C A8 C7 B8 CF 
	D9 2E 50 97 85 40 EE 41 36 AC 77 1C 79 E7 60 83 
	86 90 A8 9B C3 B4 57 5B 50 61 4A E7 D7 E6 2D B3 
	12 D1 54 90 41 51 65 20 9C 2B C1 0C 3F 29 65 67 
	EF 70 31 59 77 AB 77 7D 62 49 99 4B 11 7C D2 CD 
	9E 5B 2D 64 69 3C 84 BB 83 DE 27 52 AA E2 D4 2D 
	DD 13 85 C9 A3 21 6B CE 2E C6 E8 8E 33 7C 7B B5 
	DD D2 04 55 ED E3 00 47 F2 5E 5F 94 22 A0 8C 07 
	15 C2 1C 0C 57 FB AA 17 84 5A BB B9 77 E3 57 A5 
	60 50 E0 2F 77 D2 49 DF A3 42 84 B5 F1 94 30 8C 
	19 6E 61 A3 F1 30 5B DC 4A DA AB 22 23 3B FB 99 
G_XY (PQ SS)  (size 32):
	4D 8E A8 92 CC 78 D6 4A 71 61 24 DC 81 FC AB 0A 
	29 41 D1 3F E8 EE 31 B2 E9 A5 12 34 4F BD 4D B6 
hash_msg1_raw (size 32):
	F4 8C 38 C6 58 42 85 E2 43 47 D3 7E 2A F8 53 3E 
	AE 7A C8 58 A0 8A 66 31 9E F2 8A A1 93 F3 28 CC 
Input to calculate TH_2 (CBOR Sequence) (size 1157):
	59 04 60 27 B1 D6 35 A6 63 38 2D 99 E0 31 B3 E9 
	A5 D6 82 A0 95 45 04 93 56 AF 6F 13 54 DE D1 3E 
	D2 9C 72 05 95 5F 33 13 19 99 3E 27 EB A3 04 B8 
	04 1F 91 00 96 16 15 AE 8C 49 00 6B 45 72 24 29 
	5F 31 AB 17 8E BC 8C 7E CA 0D 52 5B 7A A8 D9 A0 
	A9 B4 B6 90 F5 5A 8E A3 0B 95 61 D0 08 65 BE 03 
	A9 43 AC 69 AC 7B EF 8B 7D A7 45 84 9D CF 5A 98 
	C5 DB 04 95 49 8F 11 C1 7F AA 36 FC 0A 78 79 C9 
	FD 51 DC 7D 53 BB 8B 8E B7 07 22 CE 32 F0 AE 15 
	86 6E BF AF 08 9F B8 48 66 B2 D9 AC C8 5A 4F 6F 
	A8 03 D4 BF 1D 14 32 0A EC CB C5 A1 D6 56 B1 78 
	F9 38 29 98 17 CF B1 B3 84 A1 76 3A E2 DD DF E7 
	84 5B BF 39 89 DB 10 8C 27 4C 1F CD A5 CC 69 C9 
	1B 5C 48 D1 24 B1 E7 E3 98 CD 22 44 CF 39 96 F4 
	1A 71 7C E5 C8 17 7A AB 5E 19 4A D9 8E 85 1D A0 
	4F E0 D6 75 18 F5 2D 41 13 8C 87 9D 3D 36 75 8D 
	BA E0 8E E7 0C 8C 62 C7 BF 00 AA 6B 40 29 31 F0 
	C9 9F 5B D9 06 45 E2 56 EE F6 B3 0A 3B AA A9 6F 
	82 24 0A 47 EE CF 58 C3 44 C0 4B 32 FE E9 A7 C4 
	EE 82 AC 9B E0 B6 2B 99 30 8B 88 CE 21 D5 41 8F 
	3E E4 49 6C 05 33 77 71 69 0A 0E C6 B3 00 B8 CC 
	81 7E D2 B4 6C 79 00 AC 28 8A AB F8 F6 A8 34 55 
	17 5C 7B 5F BD 28 98 69 C9 2B 87 8E F5 D5 21 A9 
	49 23 A8 35 7F AF 78 79 89 67 04 BC 5A B6 0D C5 
	F5 B0 64 B6 F8 BE 55 E9 FD 45 F1 97 F7 35 EF BD 
	CF 19 D7 32 3B A6 C7 2C DF E6 26 4A E0 3D 48 23 
	EB FB 19 1E 01 8B CF 97 42 8D 7B E9 7C D5 F1 0A 
	90 1C 92 17 13 10 90 FC F8 E1 67 C4 26 F9 59 61 
	72 DD AA F7 7F 44 FB D2 AD F1 23 0A 15 5A 19 3A 
	09 DC DC 94 D8 22 06 73 1E 91 02 E9 8C 7B 56 0A 
	F3 B3 C6 AA D3 7B 6F 4E 10 78 0F 56 81 2C 73 CA 
	89 8E 11 41 DE B1 97 2C D8 3F 67 0B 98 FB 4C 2A 
	5D B8 BD 92 89 D5 B1 0B 7E 8F 4D 62 7E 12 39 EC 
	5B 1D D0 BE 0D 4C 58 6B 01 FF 7E F8 6F A7 D7 95 
	A1 DF 84 70 C6 7E E4 69 63 1F 8C B1 E8 62 DA C8 
	12 94 72 81 D6 72 49 C1 86 75 C7 B2 10 9D 4E 64 
	26 CF AB 86 44 6E 22 EC 22 BC 87 8C A5 11 D6 9C 
	D9 FA BA D2 6C 2D E3 5D 38 24 24 09 BB CB D7 D4 
	1F 54 F8 09 06 1D 6B D3 A1 10 73 69 94 28 81 5A 
	B4 BE B1 E4 8E 92 C8 1C 50 13 19 AE 82 9C A2 EB 
	DB FC E0 33 95 F9 EF 99 4A B9 4F 03 F7 96 19 99 
	30 43 6E 68 91 3F A2 A6 EF 6D 5E 21 79 4A 2C 06 
	25 C7 62 63 7A A7 6C F9 96 9B A3 FF 1F 6F 00 08 
	66 65 7C ED BD CF D4 77 D4 BE 03 14 D6 D6 A4 0F 
	2F D7 71 F0 62 FF 1D 1D 34 29 38 0A A8 2E 06 40 
	93 A4 98 AE 21 64 49 2F 9D 4E 8A B1 3D 4B 8E AA 
	F9 AA 31 51 1B 6D E2 F1 2A BA 59 20 4F 41 09 63 
	0F 3B 70 14 03 31 31 93 BF AA 25 2C 27 FE B5 0E 
	9F E6 39 EA B6 B2 F3 B4 A7 32 2F 44 FE 9A 58 76 
	36 4A 40 10 1F 5C 7F 5E 5C C4 D8 3E BE 30 3F EC 
	F7 20 8C 7B F9 13 18 D0 95 04 53 C6 47 3E 37 0C 
	D7 F7 81 45 94 BE 3D DE C8 7F BA 2C 8F 5A D9 21 
	19 C5 ED A1 39 66 BE AD F1 8D CB 43 D5 F9 CD E0 
	47 0F 1E FF AE 85 FF 25 E9 22 3B 19 65 0C 90 B1 
	FB 00 24 63 26 89 46 71 EB EF 86 36 10 69 04 F4 
	B0 9A 3D 38 44 9B 07 23 FA A3 9E 3F 9C A0 80 F7 
	4D 44 CD E5 F9 7E BA FA 37 E6 53 A9 14 80 EE 3A 
	CD 63 47 F2 7B 3E B2 3C E1 18 E4 87 E1 E0 79 60 
	83 2E 34 AF 7A E9 82 84 46 4A 9F 30 37 E4 72 75 
	FD AC 80 11 53 7E CC F5 25 C1 54 15 37 60 5C A8 
	C7 B8 CF D9 2E 50 97 85 40 EE 41 36 AC 77 1C 79 
	E7 60 83 86 90 A8 9B C3 B4 57 5B 50 61 4A E7 D7 
	E6 2D B3 12 D1 54 90 41 51 65 20 9C 2B C1 0C 3F 
	29 65 67 EF 70 31 59 77 AB 77 7D 62 49 99 4B 11 
	7C D2 CD 9E 5B 2D 64 69 3C 84 BB 83 DE 27 52 AA 
	E2 D4 2D DD 13 85 C9 A3 21 6B CE 2E C6 E8 8E 33 
	7C 7B B5 DD D2 04 55 ED E3 00 47 F2 5E 5F 94 22 
	A0 8C 07 15 C2 1C 0C 57 FB AA 17 84 5A BB B9 77 
	E3 57 A5 60 50 E0 2F 77 D2 49 DF A3 42 84 B5 F1 
	94 30 8C 19 6E 61 A3 F1 30 5B DC 4A DA AB 22 23 
	3B FB 99 58 20 F4 8C 38 C6 58 42 85 E2 43 47 D3 
	7E 2A F8 53 3E AE 7A C8 58 A0 8A 66 31 9E F2 8A 
	A1 93 F3 28 CC 
TH2 (size 32):
	EE 01 D7 64 B5 AA EC D0 CB 3D 58 81 16 90 3A BF 
	6D E0 74 A1 41 D0 A4 9A 7D F7 D5 08 16 38 44 B3 
TH_2 (size 32):
	EE 01 D7 64 B5 AA EC D0 CB 3D 58 81 16 90 3A BF 
	6D E0 74 A1 41 D0 A4 9A 7D F7 D5 08 16 38 44 B3 
GX_Y (for prk_2e) (size 32):
	23 42 DA 3A 44 A9 28 77 02 7E D4 DE 6D 1E 8E A1 
	6A 64 F6 60 1A CF 0D 09 79 E2 32 07 86 54 F8 6D 
PRK_2e (first DH derivation) (size 32):
	EF 97 9C 60 8C 39 71 3B F4 B7 4D 65 72 34 1C CA 
	7A F4 66 C7 C5 F1 C3 AE 0B 30 A1 55 BB D9 31 DA 
PRK_2e_b (second KEM DH) (size 32):
	1E DB 33 0A 25 69 21 03 B0 DD 53 38 45 FF 4D 0F 
	32 DB 09 1A 31 8C 24 77 EE AD A6 26 A6 BC DC F9 
PRK_2e (size 32):
	1E DB 33 0A 25 69 21 03 B0 DD 53 38 45 FF 4D 0F 
	32 DB 09 1A 31 8C 24 77 EE AD A6 26 A6 BC DC F9 
KEYSTREAM_2 (size 12):
	25 EC 66 07 06 A3 BC 1B 1E 19 C7 76 
associated_data (size 45):
	83 68 45 6E 63 72 79 70 74 30 40 58 20 EE 01 D7 
	64 B5 AA EC D0 CB 3D 58 81 16 90 3A BF 6D E0 74 
	A1 41 D0 A4 9A 7D F7 D5 08 16 38 44 B3 
plaintext (size 12):
	41 A1 01 48 14 44 85 41 A2 C7 4A 5C 
C_R (raw) (size 1):
	A1 
ID_CRED (size 3):
	A1 04 01 
sign_or_mac (size 8):
	14 44 85 41 A2 C7 4A 5C 
[cred] lookup ID_CRED len=3
A10401
[cred] cred_array entries: 5
[cred] candidate[0] len=3 A10401
[cred] candidate[1] len=3 A10401
[cred] candidate[2] len=7 A1043A271CE614
[cred] candidate[3] len=7 A1043A39D0E614
[cred] candidate[4] len=7 A1041A0BD419EB
SHARED SECRET DERIVE
dh_secret (size 32):
	16 97 10 01 99 18 A8 54 1B A3 52 5C 8E 48 5B E2 
	43 22 F8 E6 D1 35 A8 7C 69 E0 DF CC 76 8E ED 5B 
SALT_3e2m or SALT4e3m (size 32):
	09 F7 F8 E0 61 72 9F AF 84 5E B1 06 55 D2 CC 98 
	2E B4 7F 0C 02 73 06 86 4F 89 3D 6C 8C 3A 39 7A 
prk_3e2m (size 32):
	5B AB A7 FF 4B 66 42 53 34 FD EF D8 0B 74 4C 24 
	0F B3 F3 33 65 61 0E 52 D0 57 0B EB 6B 08 08 51 
TMP size: 32
CBOR ENCODE ERROR: 0
MAX ID CRED: 400 cred len 3
MAX CRED: 765 cred len 3
PK SIZE: 65
SIGNATURE SIZE: 500
CONTEXT_MAC_SIZE: 1204
CONTEXT_MAC len: 42
CR len: 2
TH enc len: 34
TMP size: 1
CBOR ENCODE ERROR: 0
MAC context (size 42):
	41 A1 A1 04 01 58 20 EE 01 D7 64 B5 AA EC D0 CB 
	3D 58 81 16 90 3A BF 6D E0 74 A1 41 D0 A4 9A 7D 
	F7 D5 08 16 38 44 B3 A1 04 01 
MAC 2/3 (size 8):
	14 44 85 41 A2 C7 4A 5C 
th23 (size 32):
	EE 01 D7 64 B5 AA EC D0 CB 3D 58 81 16 90 3A BF 
	6D E0 74 A1 41 D0 A4 9A 7D F7 D5 08 16 38 44 B3 
plaintext_23 (size 12):
	41 A1 01 48 14 44 85 41 A2 C7 4A 5C 
cred (size 3):
	A1 04 01 
TMP size: 32
CBOR ENCODE ERROR: 0
Encoded
memcopy1
memcopy2
Input to calculate TH_3/TH_4 (CBOR Sequence) (size 49):
	58 20 EE 01 D7 64 B5 AA EC D0 CB 3D 58 81 16 90 
	3A BF 6D E0 74 A1 41 D0 A4 9A 7D F7 D5 08 16 38 
	44 B3 41 A1 01 48 14 44 85 41 A2 C7 4A 5C A1 04 
	01 
TH34 (size 32):
	54 FE 70 53 02 6E B6 8F 31 9D 95 8C A6 57 DA 8F 
	C7 CF 1F 1C 4F 83 EF 22 14 22 D6 C0 8D 2A C7 A7 
SHARED SECRET DERIVE
dh_secret (size 32):
	6C AA 7E E1 BA D2 D5 D5 C3 6D 15 AA 95 09 CF D4 
	84 71 E2 B0 43 B8 D2 92 C7 78 9F 3C 1B 1B 6C 3F 
SALT_3e2m or SALT4e3m (size 32):
	7A 81 8E 93 94 36 A3 89 77 81 ED 14 5F 93 13 7E 
	83 88 3C 1D 0E 20 25 E9 DC 5F 5F 1B BF 24 BC 09 
prk_4e3m (size 32):
	25 BC 39 80 73 5C 70 D3 99 ED 78 77 8A 6B B9 48 
	DF 9A 1E A9 D6 2C 64 3E 37 91 5B 4C 4E 4A 42 70 
TMP size: 32
CBOR ENCODE ERROR: 0
MAX ID CRED: 400 cred len 3
MAX CRED: 765 cred len 3
PK SIZE: 65
SIGNATURE SIZE: 500
CONTEXT_MAC_SIZE: 1204
CONTEXT_MAC len: 41
CR len: 1
TH enc len: 34
MAC context (size 40):
	A1 04 00 58 20 54 FE 70 53 02 6E B6 8F 31 9D 95 
	8C A6 57 DA 8F C7 CF 1F 1C 4F 83 EF 22 14 22 D6 
	C0 8D 2A C7 A7 A1 04 00 
MAC 2/3 (size 8):
	3B 29 17 72 B3 9D D5 7F 
TMP size: 8
CBOR ENCODE ERROR: 0
kid (size 1):
	00 
K_3 (size 16):
	6D 91 64 D5 A9 67 AB EF B5 30 26 3F 78 DA F0 BE 
IV_3 (size 13):
	4A 53 84 36 08 E6 C2 D1 B0 DD E3 A5 A3 
aad_data (size 45):
	83 68 45 6E 63 72 79 70 74 30 40 58 20 54 FE 70 
	53 02 6E B6 8F 31 9D 95 8C A6 57 DA 8F C7 CF 1F 
	1C 4F 83 EF 22 14 22 D6 C0 8D 2A C7 A7 
ciphertext_2/3/4 (size 20):
	49 06 EE D0 1A 19 69 1F 85 EC 14 4F 59 78 E8 43 
	ED CD 25 DA 
CIPHERTEXT: (size 20):
	49 06 EE D0 1A 19 69 1F 85 EC 14 4F 59 78 E8 43 
	ED CD 25 DA 
MSG out size:24
TMP size: 20
CBOR ENCODE ERROR: 0
msg3 (size 21):
	54 49 06 EE D0 1A 19 69 1F 85 EC 14 4F 59 78 E8 
	43 ED CD 25 DA 
th23 (size 32):
	54 FE 70 53 02 6E B6 8F 31 9D 95 8C A6 57 DA 8F 
	C7 CF 1F 1C 4F 83 EF 22 14 22 D6 C0 8D 2A C7 A7 
plaintext_23 (size 12):
	A1 04 00 48 3B 29 17 72 B3 9D D5 7F 
cred (size 3):
	A1 04 00 
TMP size: 32
CBOR ENCODE ERROR: 0
Encoded
memcopy1
memcopy2
Input to calculate TH_3/TH_4 (CBOR Sequence) (size 49):
	58 20 54 FE 70 53 02 6E B6 8F 31 9D 95 8C A6 57 
	DA 8F C7 CF 1F 1C 4F 83 EF 22 14 22 D6 C0 8D 2A 
	C7 A7 A1 04 00 48 3B 29 17 72 B3 9D D5 7F A1 04 
	00 
TH34 (size 32):
	2F D6 ED 57 D7 89 7F 02 0C 76 86 8D CD 4E 99 D7 
	96 40 85 16 7C 1B E0 96 87 C4 40 67 2B 0C AA 46 
[init] tx sent 21 bytes
[init] edhoc_initiator_run completed
PRK_out (size 32):
	BA 90 CF CF B9 2C AB 2E AA 6E 84 17 95 8B EE 45 
	8D 6A F1 3A 3F 0F 56 4B 9A 7D 15 88 08 78 63 E4 
prk_exporter (size 32):
	58 29 3D 5D DE F4 BF 02 32 E7 8F CB 64 81 AE 39 
	42 CB B4 1B 8B 8A 38 C4 5B 71 F4 03 94 87 C7 6B 
OSCORE Master Secret (size 16):
	51 5C E8 E7 14 45 85 66 01 7C 40 26 97 51 CD E7 
OSCORE Master Salt (size 8):
	94 93 6A A0 67 98 06 F3 
