IPv4 server with address 0.0.0.0 started!
test vector number: 2
INITIATOR SUIT kem: 1, signature -7
responder pk size: 65 
responder sk size: 32 
Responder ready to receive EDHOC DH request
seed (size 4):
	59 E0 10 1A 
public ephemeral key (size 32):
	81 D1 1E 53 55 34 E5 AE 54 B8 81 08 A8 18 AB EA 
	52 EA 37 83 44 04 FE 91 2D 31 CD 81 F0 DA 2D 2C 
secret ephemeral key (size 32):
	13 4F 9E 96 42 BC 2A 42 94 C4 A8 F1 C8 1C B5 2B 
	2A 7E 27 7F B0 AA 4F 50 0D D1 60 9A 10 1F 1B CD 
Responder ready to Receive EDHOC PQ request 
__________________
PDU was constructed from buffer of 64 bytes
PDU is 64 bytes long
CoAP Version: 1
Message Type: Confirmable
Token length: 4
Code: 0.02 POST
Message ID: 0
Token of 4 bytes.
   Value: 0x01000000 
2 options:
OPTION (1/2)
   Option number (delta): 11 (11)
   Name: URI_PATH
   Value length: 11
   Value: ".well-known"
OPTION (2/2)
   Option number (delta): 11 (0)
   Name: URI_PATH
   Value length: 5
   Value: "edhoc"
Payload of 37 bytes
   Value: "\00\02X \8a\f6\f40\eb\e1\8d4\18@\17\a9\a1\1b\f5\11\c8\df\f8\f84s\0b\96\c1\b7\c8\db\ca/\c3\b67"
__________________
CoAP message (size 37):
	00 02 58 20 8A F6 F4 30 EB E1 8D 34 18 40 17 A9 
	A1 1B F5 11 C8 DF F8 F8 34 73 0B 96 C1 B7 C8 DB 
	CA 2F C3 B6 37 
message_1 (CBOR Sequence) (size 37):
	00 02 58 20 8A F6 F4 30 EB E1 8D 34 18 40 17 A9 
	A1 1B F5 11 C8 DF F8 F8 34 73 0B 96 C1 B7 C8 DB 
	CA 2F C3 B6 37 
msg1  (size 37):
	00 02 58 20 8A F6 F4 30 EB E1 8D 34 18 40 17 A9 
	A1 1B F5 11 C8 DF F8 F8 34 73 0B 96 C1 B7 C8 DB 
	CA 2F C3 B6 37 
msg1 METHOD: 0
msg1 SUITES_I (size 1):
	02 
g_x len 1216
g_x len message 1 32
msg1 G_X (size 32):
	8A F6 F4 30 EB E1 8D 34 18 40 17 A9 A1 1B F5 11 
	C8 DF F8 F8 34 73 0B 96 C1 B7 C8 DB CA 2F C3 B6 
msg1 C_I_raw (size 1):
	E8 
Suite 2 will be used in this EDHOC run.
PQ/T hybrid declare second array
y  (size 32):
	13 4F 9E 96 42 BC 2A 42 94 C4 A8 F1 C8 1C B5 2B 
	2A 7E 27 7F B0 AA 4F 50 0D D1 60 9A 10 1F 1B CD 
gx  (size 32):
	8A F6 F4 30 EB E1 8D 34 18 40 17 A9 A1 1B F5 11 
	C8 DF F8 F8 34 73 0B 96 C1 B7 C8 DB CA 2F C3 B6 
SHARED SECRET DERIVE
P256 in DH
pk_decompressed tinycript (size 64):
	8A F6 F4 30 EB E1 8D 34 18 40 17 A9 A1 1B F5 11 
	C8 DF F8 F8 34 73 0B 96 C1 B7 C8 DB CA 2F C3 B6 
	AE 17 50 92 91 24 87 EA FE 52 E2 63 A0 57 40 85 
	5E A8 E9 39 3F 95 A2 FC 7A FC 39 EB 00 7F 36 4C 
G_XY (ECDH shared secret)  (size 32):
	56 E1 2C 3F 90 6F 1C 63 93 93 30 2F B2 F9 2E 53 
	0C 45 D3 D5 5D B6 D3 C9 37 CC C3 00 E0 D8 52 A7 
hash_msg1_raw (size 32):
	C7 93 1F CA 62 16 CA BC B5 A9 AB 7B 17 61 AE 46 
	78 94 6B A4 F6 0B 6D E1 63 14 69 18 2A 4E 67 26 
Input to calculate TH_2 (CBOR Sequence) (size 68):
	58 20 81 D1 1E 53 55 34 E5 AE 54 B8 81 08 A8 18 
	AB EA 52 EA 37 83 44 04 FE 91 2D 31 CD 81 F0 DA 
	2D 2C 58 20 C7 93 1F CA 62 16 CA BC B5 A9 AB 7B 
	17 61 AE 46 78 94 6B A4 F6 0B 6D E1 63 14 69 18 
	2A 4E 67 26 
TH2 (size 32):
	E9 72 88 94 CD 86 F5 08 04 A5 A2 5F 64 78 A7 36 
	08 93 85 68 4D 6E 81 17 8E F2 AF 26 7F 84 68 97 
PRK_2e (size 32):
	27 89 AC 0C 77 38 F6 92 F4 AF D4 6F FC DF 5F 5D 
	41 C6 C0 75 1C 09 51 8E 9A 95 35 34 52 2B 44 07 
prk_3e2m (size 32):
	27 89 AC 0C 77 38 F6 92 F4 AF D4 6F FC DF 5F 5D 
	41 C6 C0 75 1C 09 51 8E 9A 95 35 34 52 2B 44 07 
Signature len 500 - 64
TMP size: 32
CBOR ENCODE ERROR: 0
MAX ID CRED: 400 cred len 14
MAX CRED: 765 cred len 293
PK SIZE: 65
SIGNATURE SIZE: 500
CONTEXT_MAC_SIZE: 1204
CONTEXT_MAC len: 343
CR len: 2
TH enc len: 34
TMP size: 1
CBOR ENCODE ERROR: 0
MAC context (size 343):
	41 27 A1 18 22 82 2E 48 34 80 F5 FA 01 A8 AB F4 
	58 20 E9 72 88 94 CD 86 F5 08 04 A5 A2 5F 64 78 
	A7 36 08 93 85 68 4D 6E 81 17 8E F2 AF 26 7F 84 
	68 97 59 01 22 30 82 01 1E 30 81 C5 A0 03 02 01 
	02 02 04 61 E9 98 1E 30 0A 06 08 2A 86 48 CE 3D 
	04 03 02 30 15 31 13 30 11 06 03 55 04 03 0C 0A 
	45 44 48 4F 43 20 52 6F 6F 74 30 1E 17 0D 32 32 
	30 31 32 30 31 37 31 33 30 32 5A 17 0D 32 39 31 
	32 33 31 32 33 30 30 30 30 5A 30 1A 31 18 30 16 
	06 03 55 04 03 0C 0F 45 44 48 4F 43 20 52 65 73 
	70 6F 6E 64 65 72 30 59 30 13 06 07 2A 86 48 CE 
	3D 02 01 06 08 2A 86 48 CE 3D 03 01 07 03 42 00 
	04 BB C3 49 60 52 6E A4 D3 2E 94 0C AD 2A 23 41 
	48 DD C2 17 91 A1 2A FB CB AC 93 62 20 46 DD 44 
	F0 45 19 E2 57 23 6B 2A 0C E2 02 3F 09 31 F1 F3 
	86 CA 7A FD A6 4F CD E0 10 8C 22 4C 51 EA BF 60 
	72 30 0A 06 08 2A 86 48 CE 3D 04 03 02 03 48 00 
	30 45 02 20 30 19 4E F5 FC 65 C8 B7 95 CD CD 0B 
	B4 31 BF 83 EE 67 41 C1 37 0C 22 C8 EB 8E E9 ED 
	D2 A7 05 19 02 21 00 B5 83 0E 9C 89 A6 2A C7 3C 
	E1 EB CE 00 61 70 7D B8 A8 8E 23 70 9B 4A CC 58 
	A1 31 3B 13 3D 05 58 
is not DH, 32
MAC 2/3 (size 32):
	08 2C 9B 09 64 14 FD 4A 79 D6 6C C3 78 B1 B8 20 
	86 2A 59 43 AF 89 9A 49 EA 47 A0 1B 5B 45 B2 DC 
TMP size: 32
CBOR ENCODE ERROR: 0
Signature or mac size: 64Inside the sign
signature_or_mac (is signature) (size 64):
	F9 5B EC 1D A0 F0 AD 26 A7 4C 2B FA B2 E4 8F 3C 
	AE F8 A3 92 83 D4 02 18 39 D6 B9 A7 80 DC 62 C6 
	68 38 7A CF 14 4C 07 2F 86 3E 41 86 88 CD 15 84 
	02 83 82 EF 77 52 09 22 97 78 9A 62 FE 9C 17 B7 
TMP size: 64
CBOR ENCODE ERROR: 0
kid (size 0):
KEYSTREAM_2 (size 81):
	3C 76 16 AF 20 6C 33 67 11 87 DD EA 33 2A 89 B0 
	98 DE BF 32 45 97 C6 AD EE 35 F2 4D 63 2F 2B FE 
	45 84 20 8C 5B 7B 67 D0 77 0D DA 6E E6 BC 45 7B 
	32 82 15 8A 5C D1 0D 63 8D F9 CC AD B1 2B 73 50 
	5E C8 E4 F3 BC 7B F4 F7 E9 B1 9F 16 44 7D 02 FC 
	7E 
ciphertext_2/3/4 (size 81):
	1B D7 0E 8D A2 42 7B 53 91 72 27 EB 9B 81 7D E8 
	D8 27 E4 DE 58 37 36 00 C8 92 BE 66 99 9D CF 71 
	79 2A D8 2F C9 F8 B3 D2 6F 34 0C D7 41 3C 99 19 
	F4 EA 2D F0 93 C5 41 64 A2 7F F2 EC 37 A3 BE 45 
	DA CA 67 71 53 0C A6 FE CB 26 E7 8C 26 83 9E EB 
	C9 
TMP size: 113
CBOR ENCODE ERROR: 0
message_2 (CBOR Sequence) (size 115):
	58 71 81 D1 1E 53 55 34 E5 AE 54 B8 81 08 A8 18 
	AB EA 52 EA 37 83 44 04 FE 91 2D 31 CD 81 F0 DA 
	2D 2C 1B D7 0E 8D A2 42 7B 53 91 72 27 EB 9B 81 
	7D E8 D8 27 E4 DE 58 37 36 00 C8 92 BE 66 99 9D 
	CF 71 79 2A D8 2F C9 F8 B3 D2 6F 34 0C D7 41 3C 
	99 19 F4 EA 2D F0 93 C5 41 64 A2 7F F2 EC 37 A3 
	BE 45 DA CA 67 71 53 0C A6 FE CB 26 E7 8C 26 83 
	9E EB C9 
th23 (size 32):
	E9 72 88 94 CD 86 F5 08 04 A5 A2 5F 64 78 A7 36 
	08 93 85 68 4D 6E 81 17 8E F2 AF 26 7F 84 68 97 
plaintext_23 (size 81):
	27 A1 18 22 82 2E 48 34 80 F5 FA 01 A8 AB F4 58 
	40 F9 5B EC 1D A0 F0 AD 26 A7 4C 2B FA B2 E4 8F 
	3C AE F8 A3 92 83 D4 02 18 39 D6 B9 A7 80 DC 62 
	C6 68 38 7A CF 14 4C 07 2F 86 3E 41 86 88 CD 15 
	84 02 83 82 EF 77 52 09 22 97 78 9A 62 FE 9C 17 
	B7 
cred (size 293):
	59 01 22 30 82 01 1E 30 81 C5 A0 03 02 01 02 02 
	04 61 E9 98 1E 30 0A 06 08 2A 86 48 CE 3D 04 03 
	02 30 15 31 13 30 11 06 03 55 04 03 0C 0A 45 44 
	48 4F 43 20 52 6F 6F 74 30 1E 17 0D 32 32 30 31 
	32 30 31 37 31 33 30 32 5A 17 0D 32 39 31 32 33 
	31 32 33 30 30 30 30 5A 30 1A 31 18 30 16 06 03 
	55 04 03 0C 0F 45 44 48 4F 43 20 52 65 73 70 6F 
	6E 64 65 72 30 59 30 13 06 07 2A 86 48 CE 3D 02 
	01 06 08 2A 86 48 CE 3D 03 01 07 03 42 00 04 BB 
	C3 49 60 52 6E A4 D3 2E 94 0C AD 2A 23 41 48 DD 
	C2 17 91 A1 2A FB CB AC 93 62 20 46 DD 44 F0 45 
	19 E2 57 23 6B 2A 0C E2 02 3F 09 31 F1 F3 86 CA 
	7A FD A6 4F CD E0 10 8C 22 4C 51 EA BF 60 72 30 
	0A 06 08 2A 86 48 CE 3D 04 03 02 03 48 00 30 45 
	02 20 30 19 4E F5 FC 65 C8 B7 95 CD CD 0B B4 31 
	BF 83 EE 67 41 C1 37 0C 22 C8 EB 8E E9 ED D2 A7 
	05 19 02 21 00 B5 83 0E 9C 89 A6 2A C7 3C E1 EB 
	CE 00 61 70 7D B8 A8 8E 23 70 9B 4A CC 58 A1 31 
	3B 13 3D 05 58 
TMP size: 32
CBOR ENCODE ERROR: 0
Encoded
memcopy1
memcopy2
Input to calculate TH_3/TH_4 (CBOR Sequence) (size 408):
	58 20 E9 72 88 94 CD 86 F5 08 04 A5 A2 5F 64 78 
	A7 36 08 93 85 68 4D 6E 81 17 8E F2 AF 26 7F 84 
	68 97 27 A1 18 22 82 2E 48 34 80 F5 FA 01 A8 AB 
	F4 58 40 F9 5B EC 1D A0 F0 AD 26 A7 4C 2B FA B2 
	E4 8F 3C AE F8 A3 92 83 D4 02 18 39 D6 B9 A7 80 
	DC 62 C6 68 38 7A CF 14 4C 07 2F 86 3E 41 86 88 
	CD 15 84 02 83 82 EF 77 52 09 22 97 78 9A 62 FE 
	9C 17 B7 59 01 22 30 82 01 1E 30 81 C5 A0 03 02 
	01 02 02 04 61 E9 98 1E 30 0A 06 08 2A 86 48 CE 
	3D 04 03 02 30 15 31 13 30 11 06 03 55 04 03 0C 
	0A 45 44 48 4F 43 20 52 6F 6F 74 30 1E 17 0D 32 
	32 30 31 32 30 31 37 31 33 30 32 5A 17 0D 32 39 
	31 32 33 31 32 33 30 30 30 30 5A 30 1A 31 18 30 
	16 06 03 55 04 03 0C 0F 45 44 48 4F 43 20 52 65 
	73 70 6F 6E 64 65 72 30 59 30 13 06 07 2A 86 48 
	CE 3D 02 01 06 08 2A 86 48 CE 3D 03 01 07 03 42 
	00 04 BB C3 49 60 52 6E A4 D3 2E 94 0C AD 2A 23 
	41 48 DD C2 17 91 A1 2A FB CB AC 93 62 20 46 DD 
	44 F0 45 19 E2 57 23 6B 2A 0C E2 02 3F 09 31 F1 
	F3 86 CA 7A FD A6 4F CD E0 10 8C 22 4C 51 EA BF 
	60 72 30 0A 06 08 2A 86 48 CE 3D 04 03 02 03 48 
	00 30 45 02 20 30 19 4E F5 FC 65 C8 B7 95 CD CD 
	0B B4 31 BF 83 EE 67 41 C1 37 0C 22 C8 EB 8E E9 
	ED D2 A7 05 19 02 21 00 B5 83 0E 9C 89 A6 2A C7 
	3C E1 EB CE 00 61 70 7D B8 A8 8E 23 70 9B 4A CC 
	58 A1 31 3B 13 3D 05 58 
TH34 (size 32):
	02 C0 41 B0 53 A3 3A 93 DB E0 B8 7D 77 EB 3E A7 
	38 75 A1 91 A9 A2 EA D4 78 4C 49 73 42 B7 23 D6 
msg2 generated
msg2 (size 115):
	58 71 81 D1 1E 53 55 34 E5 AE 54 B8 81 08 A8 18 
	AB EA 52 EA 37 83 44 04 FE 91 2D 31 CD 81 F0 DA 
	2D 2C 1B D7 0E 8D A2 42 7B 53 91 72 27 EB 9B 81 
	7D E8 D8 27 E4 DE 58 37 36 00 C8 92 BE 66 99 9D 
	CF 71 79 2A D8 2F C9 F8 B3 D2 6F 34 0C D7 41 3C 
	99 19 F4 EA 2D F0 93 C5 41 64 A2 7F F2 EC 37 A3 
	BE 45 DA CA 67 71 53 0C A6 FE CB 26 E7 8C 26 83 
	9E EB C9 
ead prcessed
CoAP reply sent!
mesage tx
waiting to receive
__________________
PDU was constructed from buffer of 117 bytes
PDU is 117 bytes long
CoAP Version: 1
Message Type: Confirmable
Token length: 4
Code: 0.02 POST
Message ID: 1
Token of 4 bytes.
   Value: 0x02000000 
2 options:
OPTION (1/2)
   Option number (delta): 11 (11)
   Name: URI_PATH
   Value length: 11
   Value: ".well-known"
OPTION (2/2)
   Option number (delta): 11 (0)
   Name: URI_PATH
   Value length: 5
   Value: "edhoc"
Payload of 90 bytes
   Value: "XX\e8\b9\cd\03\16\a0\15\b1vD\ae\19`Uk\de\a8\98\da\b9\1f\ab\11\96L\\97\e1\c9\c0\8b\86\f9Q\16\e3i\94\01\\0d}-rL\07"8\09\bc<\fc' \c7\919<\bd\c8\04\db\c1\14\fb\85\f7\92|\b6\ad\f1s\02\f39\82\e2<\b2\cb\9f\08\01\ee>\d8\1b"
__________________
CoAP message (size 90):
	58 58 E8 B9 CD 03 16 A0 15 B1 76 44 AE 19 60 55 
	6B DE A8 98 DA B9 1F AB 11 96 4C 5C 97 E1 C9 C0 
	8B 86 F9 51 16 E3 69 94 01 5C 0D 7D 2D 72 4C 07 
	22 38 09 BC 3C FC 27 20 C7 91 39 3C BD C8 04 DB 
	C1 14 FB 85 F7 92 7C B6 AD F1 73 02 F3 39 82 E2 
	3C B2 CB 9F 08 01 EE 3E D8 1B 
received
CIPHERTEXT_3 (size 88):
	E8 B9 CD 03 16 A0 15 B1 76 44 AE 19 60 55 6B DE 
	A8 98 DA B9 1F AB 11 96 4C 5C 97 E1 C9 C0 8B 86 
	F9 51 16 E3 69 94 01 5C 0D 7D 2D 72 4C 07 22 38 
	09 BC 3C FC 27 20 C7 91 39 3C BD C8 04 DB C1 14 
	FB 85 F7 92 7C B6 AD F1 73 02 F3 39 82 E2 3C B2 
	CB 9F 08 01 EE 3E D8 1B 
PLAINTEXT3_SIZE: 903
ctxt3.len: 88
K_3 (size 16):
	EC 88 FB F9 06 AC 71 66 2F 2C 36 70 9B 65 F1 EF 
IV_3 (size 13):
	D3 B7 C7 66 FC FB 10 D0 08 78 5D AF 80 
associated_data (size 45):
	83 68 45 6E 63 72 79 70 74 30 40 58 20 02 C0 41 
	B0 53 A3 3A 93 DB E0 B8 7D 77 EB 3E A7 38 75 A1 
	91 A9 A2 EA D4 78 4C 49 73 42 B7 23 D6 
plaintext (size 80):
	A1 18 22 82 2E 48 EE C7 3F CB B0 16 26 76 58 40 
	89 C2 EA 5B BB 2C 71 E4 F5 A1 E8 69 BF 72 BE A1 
	F3 8C B0 2E DD FE 5B 77 F6 1B 41 31 2F A8 53 8B 
	00 9E 72 B8 C3 93 BD A8 C4 48 BC F4 8E 10 02 90 
	6A FF 56 01 71 E9 1D BA 34 EA B0 9F DE BD B5 95 
ID_CRED (size 14):
	A1 18 22 82 2E 48 EE C7 3F CB B0 16 26 76 
sign_or_mac (size 64):
	89 C2 EA 5B BB 2C 71 E4 F5 A1 E8 69 BF 72 BE A1 
	F3 8C B0 2E DD FE 5B 77 F6 1B 41 31 2F A8 53 8B 
	00 9E 72 B8 C3 93 BD A8 C4 48 BC F4 8E 10 02 90 
	6A FF 56 01 71 E9 1D BA 34 EA B0 9F DE BD B5 95 
[cred] lookup ID_CRED len=14
A11822822E48EEC73FCBB0162676
[cred] cred_array entries: 1
[cred] candidate[0] len=14 A11822822E48EEC73FCBB0162676
prk_4e3m (size 32):
	27 89 AC 0C 77 38 F6 92 F4 AF D4 6F FC DF 5F 5D 
	41 C6 C0 75 1C 09 51 8E 9A 95 35 34 52 2B 44 07 
TMP size: 32
CBOR ENCODE ERROR: 0
MAX ID CRED: 400 cred len 14
MAX CRED: 765 cred len 293
PK SIZE: 65
SIGNATURE SIZE: 500
CONTEXT_MAC_SIZE: 1204
CONTEXT_MAC len: 342
CR len: 1
TH enc len: 34
MAC context (size 341):
	A1 18 22 82 2E 48 EE C7 3F CB B0 16 26 76 58 20 
	02 C0 41 B0 53 A3 3A 93 DB E0 B8 7D 77 EB 3E A7 
	38 75 A1 91 A9 A2 EA D4 78 4C 49 73 42 B7 23 D6 
	59 01 22 30 82 01 1E 30 81 C5 A0 03 02 01 02 02 
	04 62 32 EF 6F 30 0A 06 08 2A 86 48 CE 3D 04 03 
	02 30 15 31 13 30 11 06 03 55 04 03 0C 0A 45 44 
	48 4F 43 20 52 6F 6F 74 30 1E 17 0D 32 32 30 33 
	31 37 30 38 32 31 30 33 5A 17 0D 32 39 31 32 33 
	31 32 33 30 30 30 30 5A 30 1A 31 18 30 16 06 03 
	55 04 03 0C 0F 45 44 48 4F 43 20 49 6E 69 74 69 
	61 74 6F 72 30 59 30 13 06 07 2A 86 48 CE 3D 02 
	01 06 08 2A 86 48 CE 3D 03 01 07 03 42 00 04 AC 
	75 E9 EC E3 E5 0B FC 8E D6 03 99 88 95 22 40 5C 
	47 BF 16 DF 96 66 0A 41 29 8C B4 30 7F 7E B6 6E 
	5D E6 11 38 8A 4B 8A 82 11 33 4A C7 D3 7E CB 52 
	A3 87 D2 57 E6 DB 3C 2A 93 DF 21 FF 3A FF C8 30 
	0A 06 08 2A 86 48 CE 3D 04 03 02 03 48 00 30 45 
	02 21 00 8C 32 3A 1F 33 21 38 AA B9 D0 BE AF B8 
	5F 8D 5A 44 07 3C 58 0F 59 5B C5 21 EF 91 3F 6E 
	F4 8D 11 02 20 6C 0A F1 A1 85 A4 E4 DE 06 35 36 
	99 23 1C 73 3A 6E 8D D2 DF 65 13 96 6C 91 30 15 
	2A 07 A2 BE DE 
is not DH, 32
MAC 2/3 (size 32):
	87 DD 21 BC 9C 68 FF 77 EF ED 8C 7A 01 AC C5 95 
	9F A7 85 88 AC B7 B1 E1 63 E1 88 B9 CD 36 67 F9 
TMP size: 32
CBOR ENCODE ERROR: 0
Signature or MAC verification successful!
th23 (size 32):
	02 C0 41 B0 53 A3 3A 93 DB E0 B8 7D 77 EB 3E A7 
	38 75 A1 91 A9 A2 EA D4 78 4C 49 73 42 B7 23 D6 
plaintext_23 (size 80):
	A1 18 22 82 2E 48 EE C7 3F CB B0 16 26 76 58 40 
	89 C2 EA 5B BB 2C 71 E4 F5 A1 E8 69 BF 72 BE A1 
	F3 8C B0 2E DD FE 5B 77 F6 1B 41 31 2F A8 53 8B 
	00 9E 72 B8 C3 93 BD A8 C4 48 BC F4 8E 10 02 90 
	6A FF 56 01 71 E9 1D BA 34 EA B0 9F DE BD B5 95 
cred (size 293):
	59 01 22 30 82 01 1E 30 81 C5 A0 03 02 01 02 02 
	04 62 32 EF 6F 30 0A 06 08 2A 86 48 CE 3D 04 03 
	02 30 15 31 13 30 11 06 03 55 04 03 0C 0A 45 44 
	48 4F 43 20 52 6F 6F 74 30 1E 17 0D 32 32 30 33 
	31 37 30 38 32 31 30 33 5A 17 0D 32 39 31 32 33 
	31 32 33 30 30 30 30 5A 30 1A 31 18 30 16 06 03 
	55 04 03 0C 0F 45 44 48 4F 43 20 49 6E 69 74 69 
	61 74 6F 72 30 59 30 13 06 07 2A 86 48 CE 3D 02 
	01 06 08 2A 86 48 CE 3D 03 01 07 03 42 00 04 AC 
	75 E9 EC E3 E5 0B FC 8E D6 03 99 88 95 22 40 5C 
	47 BF 16 DF 96 66 0A 41 29 8C B4 30 7F 7E B6 6E 
	5D E6 11 38 8A 4B 8A 82 11 33 4A C7 D3 7E CB 52 
	A3 87 D2 57 E6 DB 3C 2A 93 DF 21 FF 3A FF C8 30 
	0A 06 08 2A 86 48 CE 3D 04 03 02 03 48 00 30 45 
	02 21 00 8C 32 3A 1F 33 21 38 AA B9 D0 BE AF B8 
	5F 8D 5A 44 07 3C 58 0F 59 5B C5 21 EF 91 3F 6E 
	F4 8D 11 02 20 6C 0A F1 A1 85 A4 E4 DE 06 35 36 
	99 23 1C 73 3A 6E 8D D2 DF 65 13 96 6C 91 30 15 
	2A 07 A2 BE DE 
TMP size: 32
CBOR ENCODE ERROR: 0
Encoded
memcopy1
memcopy2
Input to calculate TH_3/TH_4 (CBOR Sequence) (size 407):
	58 20 02 C0 41 B0 53 A3 3A 93 DB E0 B8 7D 77 EB 
	3E A7 38 75 A1 91 A9 A2 EA D4 78 4C 49 73 42 B7 
	23 D6 A1 18 22 82 2E 48 EE C7 3F CB B0 16 26 76 
	58 40 89 C2 EA 5B BB 2C 71 E4 F5 A1 E8 69 BF 72 
	BE A1 F3 8C B0 2E DD FE 5B 77 F6 1B 41 31 2F A8 
	53 8B 00 9E 72 B8 C3 93 BD A8 C4 48 BC F4 8E 10 
	02 90 6A FF 56 01 71 E9 1D BA 34 EA B0 9F DE BD 
	B5 95 59 01 22 30 82 01 1E 30 81 C5 A0 03 02 01 
	02 02 04 62 32 EF 6F 30 0A 06 08 2A 86 48 CE 3D 
	04 03 02 30 15 31 13 30 11 06 03 55 04 03 0C 0A 
	45 44 48 4F 43 20 52 6F 6F 74 30 1E 17 0D 32 32 
	30 33 31 37 30 38 32 31 30 33 5A 17 0D 32 39 31 
	32 33 31 32 33 30 30 30 30 5A 30 1A 31 18 30 16 
	06 03 55 04 03 0C 0F 45 44 48 4F 43 20 49 6E 69 
	74 69 61 74 6F 72 30 59 30 13 06 07 2A 86 48 CE 
	3D 02 01 06 08 2A 86 48 CE 3D 03 01 07 03 42 00 
	04 AC 75 E9 EC E3 E5 0B FC 8E D6 03 99 88 95 22 
	40 5C 47 BF 16 DF 96 66 0A 41 29 8C B4 30 7F 7E 
	B6 6E 5D E6 11 38 8A 4B 8A 82 11 33 4A C7 D3 7E 
	CB 52 A3 87 D2 57 E6 DB 3C 2A 93 DF 21 FF 3A FF 
	C8 30 0A 06 08 2A 86 48 CE 3D 04 03 02 03 48 00 
	30 45 02 21 00 8C 32 3A 1F 33 21 38 AA B9 D0 BE 
	AF B8 5F 8D 5A 44 07 3C 58 0F 59 5B C5 21 EF 91 
	3F 6E F4 8D 11 02 20 6C 0A F1 A1 85 A4 E4 DE 06 
	35 36 99 23 1C 73 3A 6E 8D D2 DF 65 13 96 6C 91 
	30 15 2A 07 A2 BE DE 
TH34 (size 32):
	C8 07 A0 DB 4A 16 FF 29 AC 4B 5F 0E 4B 3E B4 47 
	87 43 19 19 A5 4D FD AE 7F 92 B8 90 7A C3 39 19 
PRK_out (size 32):
	8E 3E 91 BF D2 5E 45 61 B8 AC 1E B3 E5 89 A6 B0 
	C4 D5 00 2F D2 5A 6C 4A 1E 68 A3 2F BD 8E A0 83 
prk_exporter (size 32):
	1C 2A 52 27 74 4B 94 52 2D B9 D9 AB 94 32 75 03 
	F5 CE E1 74 ED 6B 2B 60 2F 5C F0 32 1E 93 44 BB 
OSCORE Master Secr