NO DEFINED LIBOQS
initiator test vector number 2:initator cipher suit: (size 1):
	02 
initiator sk size:32 
initiator pk size:65 
secret ephemeral DH key (size 32):
	8A F6 F4 30 EB E1 8D 34 18 40 17 A9 A1 1B F5 11 
	C8 DF F8 F8 34 73 0B 96 C1 B7 C8 DB CA 2F C3 B6 
public ephemeral DH key (size 32):
	36 8E C1 F6 9A EB 65 9B A3 7D 5A 8D 45 B2 1B DC 
	02 99 DC EA A8 EF 23 5F 3C A4 2C E3 53 0F 95 25 
IPv4 client to connect to server with address 127.0.0.1 started!
MSG1 gx (size 32):
	8A F6 F4 30 EB E1 8D 34 18 40 17 A9 A1 1B F5 11 
	C8 DF F8 F8 34 73 0B 96 C1 B7 C8 DB CA 2F C3 B6 
X (eph -rpivate I) (size 32):
	36 8E C1 F6 9A EB 65 9B A3 7D 5A 8D 45 B2 1B DC 
	02 99 DC EA A8 EF 23 5F 3C A4 2C E3 53 0F 95 25 
C_I (size 1):
	37 
message_1 (CBOR Sequence) (size 37):
	00 02 58 20 8A F6 F4 30 EB E1 8D 34 18 40 17 A9 
	A1 1B F5 11 C8 DF F8 F8 34 73 0B 96 C1 B7 C8 DB 
	CA 2F C3 B6 37 
MSG: (size 37):
	00 02 58 20 8A F6 F4 30 EB E1 8D 34 18 40 17 A9 
	A1 1B F5 11 C8 DF F8 F8 34 73 0B 96 C1 B7 C8 DB 
	CA 2F C3 B6 37 
Max MSG2 size 2027
Set gy to the dh key size for DH
message_2 (CBOR Sequence) (size 115):
	58 71 69 D6 2A EC 81 21 C7 BF F6 C2 04 4C 59 DC 
	DD EF 47 7E 29 EB C1 48 9A B7 C0 FD 16 C2 CC 57 
	7F 41 D2 86 6E FE 9E E3 EA 80 A9 44 97 58 14 E2 
	E4 10 72 35 19 FE 85 EB 9B C5 1E 93 18 39 02 72 
	7E 8E 6D DF 8D F7 E0 74 FB AE 7B B5 E5 91 16 20 
	8C D0 CC 03 18 04 03 83 19 D4 E5 60 32 FC 14 2B 
	1A C9 E6 5C D2 C5 FA A0 6B C9 36 AA 03 8C BF EE 
	35 BB C5 
g_y (size 32):
	69 D6 2A EC 81 21 C7 BF F6 C2 04 4C 59 DC DD EF 
	47 7E 29 EB C1 48 9A B7 C0 FD 16 C2 CC 57 7F 41 
ciphertext2 (size 81):
	D2 86 6E FE 9E E3 EA 80 A9 44 97 58 14 E2 E4 10 
	72 35 19 FE 85 EB 9B C5 1E 93 18 39 02 72 7E 8E 
	6D DF 8D F7 E0 74 FB AE 7B B5 E5 91 16 20 8C D0 
	CC 03 18 04 03 83 19 D4 E5 60 32 FC 14 2B 1A C9 
	E6 5C D2 C5 FA A0 6B C9 36 AA 03 8C BF EE 35 BB 
	C5 
PQ/T Hybrid array foe g_xy_KEM
x  (size 32):
	36 8E C1 F6 9A EB 65 9B A3 7D 5A 8D 45 B2 1B DC 
	02 99 DC EA A8 EF 23 5F 3C A4 2C E3 53 0F 95 25 
gy  (size 32):
	69 D6 2A EC 81 21 C7 BF F6 C2 04 4C 59 DC DD EF 
	47 7E 29 EB C1 48 9A B7 C0 FD 16 C2 CC 57 7F 41 
SHARED SECRET DERIVE
P256 in DH
pk_decompressed tinycript (size 64):
	69 D6 2A EC 81 21 C7 BF F6 C2 04 4C 59 DC DD EF 
	47 7E 29 EB C1 48 9A B7 C0 FD 16 C2 CC 57 7F 41 
	0B B9 55 9A 95 79 98 35 F4 29 56 44 5B 78 DA E8 
	42 4D 4D 48 90 F6 1F 0F 6D 3A E2 6A D4 2C 94 42 
G_XY (ECDH shared secret)  (size 32):
	D8 1B 5B 9E E6 F3 41 B8 E7 91 F5 46 46 E0 AE EB 
	00 C7 EB D8 D2 54 16 F1 43 C8 3D 92 9C 85 06 23 
hash_msg1_raw (size 32):
	C7 93 1F CA 62 16 CA BC B5 A9 AB 7B 17 61 AE 46 
	78 94 6B A4 F6 0B 6D E1 63 14 69 18 2A 4E 67 26 
Input to calculate TH_2 (CBOR Sequence) (size 68):
	58 20 69 D6 2A EC 81 21 C7 BF F6 C2 04 4C 59 DC 
	DD EF 47 7E 29 EB C1 48 9A B7 C0 FD 16 C2 CC 57 
	7F 41 58 20 C7 93 1F CA 62 16 CA BC B5 A9 AB 7B 
	17 61 AE 46 78 94 6B A4 F6 0B 6D E1 63 14 69 18 
	2A 4E 67 26 
TH2 (size 32):
	B5 C0 D1 7E FE 9A CB 3E 19 31 99 AF F8 DF B7 50 
	46 CA DF 69 B5 FC 4D 7B F0 96 04 EB EE 1B 8E 38 
TH_2 (size 32):
	B5 C0 D1 7E FE 9A CB 3E 19 31 99 AF F8 DF B7 50 
	46 CA DF 69 B5 FC 4D 7B F0 96 04 EB EE 1B 8E 38 
PRK_2e (size 32):
	BD 3B 4A 24 50 B9 1D 63 7B 47 C2 EA E0 0F 80 68 
	5E 5F 28 E7 04 53 1A EA AD B1 CF 0A C5 8E CE B2 
KEYSTREAM_2 (size 81):
	F5 27 76 DC 1C CD A2 B4 29 B1 6D 59 BC 49 10 48 
	32 9C 88 8A FB A0 0D 6D 67 C5 BA 58 23 AE 79 44 
	C1 0F 4F 03 6A FA F6 83 AD 8D 8C C7 05 84 36 D4 
	5C 54 53 C7 C5 38 A5 BF FC 90 BD 24 C8 01 FD 33 
	72 32 38 2F 64 05 D0 09 EF CB 56 93 1A 7E 66 41 
	56 
associated_data (size 45):
	83 68 45 6E 63 72 79 70 74 30 40 58 20 B5 C0 D1 
	7E FE 9A CB 3E 19 31 99 AF F8 DF B7 50 46 CA DF 
	69 B5 FC 4D 7B F0 96 04 EB EE 1B 8E 38 
plaintext (size 81):
	27 A1 18 22 82 2E 48 34 80 F5 FA 01 A8 AB F4 58 
	40 A9 91 74 7E 4B 96 A8 79 56 A2 61 21 DC 07 CA 
	AC D0 C2 F4 8A 8E 0D 2D D6 38 69 56 13 A4 BA 04 
	90 57 4B C3 C6 BB BC 6B 19 F0 8F D8 DC 2A E7 FA 
	94 6E EA EA 9E A5 BB C0 D9 61 55 1F A5 90 53 FA 
	93 
C_R (raw) (size 1):
	27 
ID_CRED (size 14):
	A1 18 22 82 2E 48 34 80 F5 FA 01 A8 AB F4 
sign_or_mac (size 64):
	A9 91 74 7E 4B 96 A8 79 56 A2 61 21 DC 07 CA AC 
	D0 C2 F4 8A 8E 0D 2D D6 38 69 56 13 A4 BA 04 90 
	57 4B C3 C6 BB BC 6B 19 F0 8F D8 DC 2A E7 FA 94 
	6E EA EA 9E A5 BB C0 D9 61 55 1F A5 90 53 FA 93 
[cred] lookup ID_CRED len=14
A11822822E483480F5FA01A8ABF4
[cred] cred_array entries: 1
[cred] candidate[0] len=14 A11822822E483480F5FA01A8ABF4
prk_3e2m (size 32):
	BD 3B 4A 24 50 B9 1D 63 7B 47 C2 EA E0 0F 80 68 
	5E 5F 28 E7 04 53 1A EA AD B1 CF 0A C5 8E CE B2 
TMP size: 32
CBOR ENCODE ERROR: 0
MAX ID CRED: 400 cred len 14
MAX CRED: 765 cred len 293
PK SIZE: 65
SIGNATURE SIZE: 500
CONTEXT_MAC_SIZE: 1204
CONTEXT_MAC len: 343
CR len: 2
TH enc len: 34
TMP size: 1
CBOR ENCODE ERROR: 0
MAC context (size 343):
	41 27 A1 18 22 82 2E 48 34 80 F5 FA 01 A8 AB F4 
	58 20 B5 C0 D1 7E FE 9A CB 3E 19 31 99 AF F8 DF 
	B7 50 46 CA DF 69 B5 FC 4D 7B F0 96 04 EB EE 1B 
	8E 38 59 01 22 30 82 01 1E 30 81 C5 A0 03 02 01 
	02 02 04 61 E9 98 1E 30 0A 06 08 2A 86 48 CE 3D 
	04 03 02 30 15 31 13 30 11 06 03 55 04 03 0C 0A 
	45 44 48 4F 43 20 52 6F 6F 74 30 1E 17 0D 32 32 
	30 31 32 30 31 37 31 33 30 32 5A 17 0D 32 39 31 
	32 33 31 32 33 30 30 30 30 5A 30 1A 31 18 30 16 
	06 03 55 04 03 0C 0F 45 44 48 4F 43 20 52 65 73 
	70 6F 6E 64 65 72 30 59 30 13 06 07 2A 86 48 CE 
	3D 02 01 06 08 2A 86 48 CE 3D 03 01 07 03 42 00 
	04 BB C3 49 60 52 6E A4 D3 2E 94 0C AD 2A 23 41 
	48 DD C2 17 91 A1 2A FB CB AC 93 62 20 46 DD 44 
	F0 45 19 E2 57 23 6B 2A 0C E2 02 3F 09 31 F1 F3 
	86 CA 7A FD A6 4F CD E0 10 8C 22 4C 51 EA BF 60 
	72 30 0A 06 08 2A 86 48 CE 3D 04 03 02 03 48 00 
	30 45 02 20 30 19 4E F5 FC 65 C8 B7 95 CD CD 0B 
	B4 31 BF 83 EE 67 41 C1 37 0C 22 C8 EB 8E E9 ED 
	D2 A7 05 19 02 21 00 B5 83 0E 9C 89 A6 2A C7 3C 
	E1 EB CE 00 61 70 7D B8 A8 8E 23 70 9B 4A CC 58 
	A1 31 3B 13 3D 05 58 
is not DH, 32
MAC 2/3 (size 32):
	47 70 38 E6 2F C4 47 FD D1 F1 43 31 65 DF D2 2A 
	4C 89 6C 24 80 0B 5A 70 27 A0 0B 6D 5A A7 37 DE 
TMP size: 32
CBOR ENCODE ERROR: 0
Signature or MAC verification successful!
th23 (size 32):
	B5 C0 D1 7E FE 9A CB 3E 19 31 99 AF F8 DF B7 50 
	46 CA DF 69 B5 FC 4D 7B F0 96 04 EB EE 1B 8E 38 
plaintext_23 (size 81):
	27 A1 18 22 82 2E 48 34 80 F5 FA 01 A8 AB F4 58 
	40 A9 91 74 7E 4B 96 A8 79 56 A2 61 21 DC 07 CA 
	AC D0 C2 F4 8A 8E 0D 2D D6 38 69 56 13 A4 BA 04 
	90 57 4B C3 C6 BB BC 6B 19 F0 8F D8 DC 2A E7 FA 
	94 6E EA EA 9E A5 BB C0 D9 61 55 1F A5 90 53 FA 
	93 
cred (size 293):
	59 01 22 30 82 01 1E 30 81 C5 A0 03 02 01 02 02 
	04 61 E9 98 1E 30 0A 06 08 2A 86 48 CE 3D 04 03 
	02 30 15 31 13 30 11 06 03 55 04 03 0C 0A 45 44 
	48 4F 43 20 52 6F 6F 74 30 1E 17 0D 32 32 30 31 
	32 30 31 37 31 33 30 32 5A 17 0D 32 39 31 32 33 
	31 32 33 30 30 30 30 5A 30 1A 31 18 30 16 06 03 
	55 04 03 0C 0F 45 44 48 4F 43 20 52 65 73 70 6F 
	6E 64 65 72 30 59 30 13 06 07 2A 86 48 CE 3D 02 
	01 06 08 2A 86 48 CE 3D 03 01 07 03 42 00 04 BB 
	C3 49 60 52 6E A4 D3 2E 94 0C AD 2A 23 41 48 DD 
	C2 17 91 A1 2A FB CB AC 93 62 20 46 DD 44 F0 45 
	19 E2 57 23 6B 2A 0C E2 02 3F 09 31 F1 F3 86 CA 
	7A FD A6 4F CD E0 10 8C 22 4C 51 EA BF 60 72 30 
	0A 06 08 2A 86 48 CE 3D 04 03 02 03 48 00 30 45 
	02 20 30 19 4E F5 FC 65 C8 B7 95 CD CD 0B B4 31 
	BF 83 EE 67 41 C1 37 0C 22 C8 EB 8E E9 ED D2 A7 
	05 19 02 21 00 B5 83 0E 9C 89 A6 2A C7 3C E1 EB 
	CE 00 61 70 7D B8 A8 8E 23 70 9B 4A CC 58 A1 31 
	3B 13 3D 05 58 
TMP size: 32
CBOR ENCODE ERROR: 0
Encoded
memcopy1
memcopy2
Input to calculate TH_3/TH_4 (CBOR Sequence) (size 408):
	58 20 B5 C0 D1 7E FE 9A CB 3E 19 31 99 AF F8 DF 
	B7 50 46 CA DF 69 B5 FC 4D 7B F0 96 04 EB EE 1B 
	8E 38 27 A1 18 22 82 2E 48 34 80 F5 FA 01 A8 AB 
	F4 58 40 A9 91 74 7E 4B 96 A8 79 56 A2 61 21 DC 
	07 CA AC D0 C2 F4 8A 8E 0D 2D D6 38 69 56 13 A4 
	BA 04 90 57 4B C3 C6 BB BC 6B 19 F0 8F D8 DC 2A 
	E7 FA 94 6E EA EA 9E A5 BB C0 D9 61 55 1F A5 90 
	53 FA 93 59 01 22 30 82 01 1E 30 81 C5 A0 03 02 
	01 02 02 04 61 E9 98 1E 30 0A 06 08 2A 86 48 CE 
	3D 04 03 02 30 15 31 13 30 11 06 03 55 04 03 0C 
	0A 45 44 48 4F 43 20 52 6F 6F 74 30 1E 17 0D 32 
	32 30 31 32 30 31 37 31 33 30 32 5A 17 0D 32 39 
	31 32 33 31 32 33 30 30 30 30 5A 30 1A 31 18 30 
	16 06 03 55 04 03 0C 0F 45 44 48 4F 43 20 52 65 
	73 70 6F 6E 64 65 72 30 59 30 13 06 07 2A 86 48 
	CE 3D 02 01 06 08 2A 86 48 CE 3D 03 01 07 03 42 
	00 04 BB C3 49 60 52 6E A4 D3 2E 94 0C AD 2A 23 
	41 48 DD C2 17 91 A1 2A FB CB AC 93 62 20 46 DD 
	44 F0 45 19 E2 57 23 6B 2A 0C E2 02 3F 09 31 F1 
	F3 86 CA 7A FD A6 4F CD E0 10 8C 22 4C 51 EA BF 
	60 72 30 0A 06 08 2A 86 48 CE 3D 04 03 02 03 48 
	00 30 45 02 20 30 19 4E F5 FC 65 C8 B7 95 CD CD 
	0B B4 31 BF 83 EE 67 41 C1 37 0C 22 C8 EB 8E E9 
	ED D2 A7 05 19 02 21 00 B5 83 0E 9C 89 A6 2A C7 
	3C E1 EB CE 00 61 70 7D B8 A8 8E 23 70 9B 4A CC 
	58 A1 31 3B 13 3D 05 58 
TH34 (size 32):
	0B 69 C5 7D 5B 24 7A 5F 86 A8 A4 33 D8 77 5B 34 
	1F 5E 76 E3 28 98 F9 5D D0 F2 97 C8 61 37 D6 21 
prk_4e3m (size 32):
	BD 3B 4A 24 50 B9 1D 63 7B 47 C2 EA E0 0F 80 68 
	5E 5F 28 E7 04 53 1A EA AD B1 CF 0A C5 8E CE B2 
TMP size: 32
CBOR ENCODE ERROR: 0
MAX ID CRED: 400 cred len 14
MAX CRED: 765 cred len 293
PK SIZE: 65
SIGNATURE SIZE: 500
CONTEXT_MAC_SIZE: 1204
CONTEXT_MAC len: 342
CR len: 1
TH enc len: 34
MAC context (size 341):
	A1 18 22 82 2E 48 EE C7 3F CB B0 16 26 76 58 20 
	0B 69 C5 7D 5B 24 7A 5F 86 A8 A4 33 D8 77 5B 34 
	1F 5E 76 E3 28 98 F9 5D D0 F2 97 C8 61 37 D6 21 
	59 01 22 30 82 01 1E 30 81 C5 A0 03 02 01 02 02 
	04 62 32 EF 6F 30 0A 06 08 2A 86 48 CE 3D 04 03 
	02 30 15 31 13 30 11 06 03 55 04 03 0C 0A 45 44 
	48 4F 43 20 52 6F 6F 74 30 1E 17 0D 32 32 30 33 
	31 37 30 38 32 31 30 33 5A 17 0D 32 39 31 32 33 
	31 32 33 30 30 30 30 5A 30 1A 31 18 30 16 06 03 
	55 04 03 0C 0F 45 44 48 4F 43 20 49 6E 69 74 69 
	61 74 6F 72 30 59 30 13 06 07 2A 86 48 CE 3D 02 
	01 06 08 2A 86 48 CE 3D 03 01 07 03 42 00 04 AC 
	75 E9 EC E3 E5 0B FC 8E D6 03 99 88 95 22 40 5C 
	47 BF 16 DF 96 66 0A 41 29 8C B4 30 7F 7E B6 6E 
	5D E6 11 38 8A 4B 8A 82 11 33 4A C7 D3 7E CB 52 
	A3 87 D2 57 E6 DB 3C 2A 93 DF 21 FF 3A FF C8 30 
	0A 06 08 2A 86 48 CE 3D 04 03 02 03 48 00 30 45 
	02 21 00 8C 32 3A 1F 33 21 38 AA B9 D0 BE AF B8 
	5F 8D 5A 44 07 3C 58 0F 59 5B C5 21 EF 91 3F 6E 
	F4 8D 11 02 20 6C 0A F1 A1 85 A4 E4 DE 06 35 36 
	99 23 1C 73 3A 6E 8D D2 DF 65 13 96 6C 91 30 15 
	2A 07 A2 BE DE 
is not DH, 32
MAC 2/3 (size 32):
	26 01 CC 8E 75 51 8C 1C 21 AA 12 DE FA BE 5C D2 
	55 5E 5B 64 69 EF D0 DC 12 4A 66 1E 11 C8 57 91 
TMP size: 32
CBOR ENCODE ERROR: 0
Signature or mac size: 64Inside the sign
signature_or_mac (is signature) (size 64):
	21 CD B0 06 76 51 CD 33 60 E4 F2 81 09 A4 58 C0 
	75 24 8E AB 35 3A EB 34 45 F0 78 7E 23 EC CA 4D 
	70 8C 9A 04 BB 6C 3F FD F4 BA 28 08 68 8C E3 CC 
	28 56 80 F1 E7 7E 7A E1 C8 93 72 F5 74 7B 50 9E 
TMP size: 64
CBOR ENCODE ERROR: 0
kid (size 0):
K_3 (size 16):
	28 34 A6 72 89 83 C6 8E FF 78 E0 0E 99 A6 7C 0D 
IV_3 (size 13):
	4C 57 35 28 38 B3 47 E6 EB A0 F5 B7 D2 
aad_data (size 45):
	83 68 45 6E 63 72 79 70 74 30 40 58 20 0B 69 C5 
	7D 5B 24 7A 5F 86 A8 A4 33 D8 77 5B 34 1F 5E 76 
	E3 28 98 F9 5D D0 F2 97 C8 61 37 D6 21 
ciphertext_2/3/4 (size 88):
	88 56 BC 13 A3 67 50 5D 63 E9 75 3F D9 A0 EF 85 
	54 CA 21 82 93 DA CD 41 E8 C9 62 7F 2D 73 CB 30 
	D0 7E D8 22 D9 6B 4C DA 29 D6 C1 F7 2A 44 0E DA 
	15 B9 78 41 CE DB 57 15 C8 5F 2D 49 22 10 24 3D 
	04 0C 0D C4 73 89 DA A8 7D 91 6D 83 7E E7 A1 30 
	53 64 84 80 73 21 09 9F 
CIPHERTEXT: (size 88):
	88 56 BC 13 A3 67 50 5D 63 E9 75 3F D9 A0 EF 85 
	54 CA 21 82 93 DA CD 41 E8 C9 62 7F 2D 73 CB 30 
	D0 7E D8 22 D9 6B 4C DA 29 D6 C1 F7 2A 44 0E DA 
	15 B9 78 41 CE DB 57 15 C8 5F 2D 49 22 10 24 3D 
	04 0C 0D C4 73 89 DA A8 7D 91 6D 83 7E E7 A1 30 
	53 64 84 80 73 21 09 9F 
MSG out size:92
TMP size: 88
CBOR ENCODE ERROR: 0
msg3 (size 90):
	58 58 88 56 BC 13 A3 67 50 5D 63 E9 75 3F D9 A0 
	EF 85 54 CA 21 82 93 DA CD 41 E8 C9 62 7F 2D 73 
	CB 30 D0 7E D8 22 D9 6B 4C DA 29 D6 C1 F7 2A 44 
	0E DA 15 B9 78 41 CE DB 57 15 C8 5F 2D 49 22 10 
	24 3D 04 0C 0D C4 73 89 DA A8 7D 91 6D 83 7E E7 
	A1 30 53 64 84 80 73 21 09 9F 
th23 (size 32):
	0B 69 C5 7D 5B 24 7A 5F 86 A8 A4 33 D8 77 5B 34 
	1F 5E 76 E3 28 98 F9 5D D0 F2 97 C8 61 37 D6 21 
plaintext_23 (size 80):
	A1 18 22 82 2E 48 EE C7 3F CB B0 16 26 76 58 40 
	21 CD B0 06 76 51 CD 33 60 E4 F2 81 09 A4 58 C0 
	75 24 8E AB 35 3A EB 34 45 F0 78 7E 23 EC CA 4D 
	70 8C 9A 04 BB 6C 3F FD F4 BA 28 08 68 8C E3 CC 
	28 56 80 F1 E7 7E 7A E1 C8 93 72 F5 74 7B 50 9E 
cred (size 293):
	59 01 22 30 82 01 1E 30 81 C5 A0 03 02 01 02 02 
	04 62 32 EF 6F 30 0A 06 08 2A 86 48 CE 3D 04 03 
	02 30 15 31 13 30 11 06 03 55 04 03 0C 0A 45 44 
	48 4F 43 20 52 6F 6F 74 30 1E 17 0D 32 32 30 33 
	31 37 30 38 32 31 30 33 5A 17 0D 32 39 31 32 33 
	31 32 33 30 30 30 30 5A 30 1A 31 18 30 16 06 03 
	55 04 03 0C 0F 45 44 48 4F 43 20 49 6E 69 74 69 
	61 74 6F 72 30 59 30 13 06 07 2A 86 48 CE 3D 02 
	01 06 08 2A 86 48 CE 3D 03 01 07 03 42 00 04 AC 
	75 E9 EC E3 E5 0B FC 8E D6 03 99 88 95 22 40 5C 
	47 BF 16 DF 96 66 0A 41 29 8C B4 30 7F 7E B6 6E 
	5D E6 11 38 8A 4B 8A 82 11 33 4A C7 D3 7E CB 52 
	A3 87 D2 57 E6 DB 3C 2A 93 DF 21 FF 3A FF C8 30 
	0A 06 08 2A 86 48 CE 3D 04 03 02 03 48 00 30 45 
	02 21 00 8C 32 3A 1F 33 21 38 AA B9 D0 BE AF B8 
	5F 8D 5A 44 07 3C 58 0F 59 5B C5 21 EF 91 3F 6E 
	F4 8D 11 02 20 6C 0A F1 A1 85 A4 E4 DE 06 35 36 
	99 23 1C 73 3A 6E 8D D2 DF 65 13 96 6C 91 30 15 
	2A 07 A2 BE DE 
TMP size: 32
CBOR ENCODE ERROR: 0
Encoded
memcopy1
memcopy2
Input to calculate TH_3/TH_4 (CBOR Sequence) (size 407):
	58 20 0B 69 C5 7D 5B 24 7A 5F 86 A8 A4 33 D8 77 
	5B 34 1F 5E 76 E3 28 98 F9 5D D0 F2 97 C8 61 37 
	D6 21 A1 18 22 82 2E 48 EE C7 3F CB B0 16 26 76 
	58 40 21 CD B0 06 76 51 CD 33 60 E4 F2 81 09 A4 
	58 C0 75 24 8E AB 35 3A EB 34 45 F0 78 7E 23 EC 
	CA 4D 70 8C 9A 04 BB 6C 3F FD F4 BA 28 08 68 8C 
	E3 CC 28 56 80 F1 E7 7E 7A E1 C8 93 72 F5 74 7B 
	50 9E 59 01 22 30 82 01 1E 30 81 C5 A0 03 02 01 
	02 02 04 62 32 EF 6F 30 0A 06 08 2A 86 48 CE 3D 
	04 03 02 30 15 31 13 30 11 06 03 55 04 03 0C 0A 
	45 44 48 4F 43 20 52 6F 6F 74 30 1E 17 0D 32 32 
	30 33 31 37 30 38 32 31 30 33 5A 17 0D 32 39 31 
	32 33 31 32 33 30 30 30 30 5A 30 1A 31 18 30 16 
	06 03 55 04 03 0C 0F 45 44 48 4F 43 20 49 6E 69 
	74 69 61 74 6F 72 30 59 30 13 06 07 2A 86 48 CE 
	3D 02 01 06 08 2A 86 48 CE 3D 03 01 07 03 42 00 
	04 AC 75 E9 EC E3 E5 0B FC 8E D6 03 99 88 95 22 
	40 5C 47 BF 16 DF 96 66 0A 41 29 8C B4 30 7F 7E 
	B6 6E 5D E6 11 38 8A 4B 8A 82 11 33 4A C7 D3 7E 
	CB 52 A3 87 D2 57 E6 DB 3C 2A 93 DF 21 FF 3A FF 
	C8 30 0A 06 08 2A 86 48 CE 3D 04 03 02 03 48 00 
	30 45 02 21 00 8C 32 3A 1F 33 21 38 AA B9 D0 BE 
	AF B8 5F 8D 5A 44 07 3C 58 0F 59 5B C5 21 EF 91 
	3F 6E F4 8D 11 02 20 6C 0A F1 A1 85 A4 E4 DE 06 
	35 36 99 23 1C 73 3A 6E 8D D2 DF 65 13 96 6C 91 
	30 15 2A 07 A2 BE DE 
TH34 (size 32):
	48 26 0E 32 E1 64 AE E8 F4 7E 90 CF 11 95 9B C1 
	3C E4 83 BD A2 F3 38 20 3F AA DC 3D 9B 34 FC D4 
PRK_out (size 32):
	99 7E 45 3E 00 C4 E5 61 37 03 D9 F7 C1 DD 16 96 
	D3 B4 AE 84 40 0E 4E 76 F1 A0 2B 6B CF 4B 54 7F 
prk_exporter (size 32):
	DE CC CD 93 CF 36 32 76 4E 02 FB 06 2F BF DA F0 
	E4 91 73 EB 1F C6 7A 9E 87 3A FE B8 18 2E 25 70 
OSCORE Master Secret (size 16):
	AF 28 00 7E 8B 47 8D C7 91 E1 38 85 ED 83 5B 58 
OSCORE Master Salt (size 8):
	19 4F 96 7B D9 86 8E 44 
