IPv4 server with address 0.0.0.0 started!
test vector number: 2
INITIATOR SUIT kem: 1, signature -7
responder pk size: 65 
responder sk size: 32 
Responder ready to receive EDHOC DH request
seed (size 4):
	F7 11 15 FD 
public ephemeral key (size 32):
	0E 09 BF 29 80 F5 8F DF 11 1D 1B A7 75 5E 29 A4 
	B9 27 BC 06 27 2C C1 82 0D 40 55 05 04 84 49 E8 
secret ephemeral key (size 32):
	9D C3 CB B2 66 5B 72 D2 DE B3 B1 44 56 DC 90 35 
	1E 8E 84 2D 08 37 C2 1C 6E 08 E1 86 6E CE 83 E5 
Responder ready to Receive EDHOC PQ request 
__________________
PDU was constructed from buffer of 64 bytes
PDU is 64 bytes long
CoAP Version: 1
Message Type: Confirmable
Token length: 4
Code: 0.02 POST
Message ID: 0
Token of 4 bytes.
   Value: 0x01000000 
2 options:
OPTION (1/2)
   Option number (delta): 11 (11)
   Name: URI_PATH
   Value length: 11
   Value: ".well-known"
OPTION (2/2)
   Option number (delta): 11 (0)
   Name: URI_PATH
   Value length: 5
   Value: "edhoc"
Payload of 37 bytes
   Value: "\00\02X \8a\f6\f40\eb\e1\8d4\18@\17\a9\a1\1b\f5\11\c8\df\f8\f84s\0b\96\c1\b7\c8\db\ca/\c3\b67"
__________________
CoAP message (size 37):
	00 02 58 20 8A F6 F4 30 EB E1 8D 34 18 40 17 A9 
	A1 1B F5 11 C8 DF F8 F8 34 73 0B 96 C1 B7 C8 DB 
	CA 2F C3 B6 37 
message_1 (CBOR Sequence) (size 37):
	00 02 58 20 8A F6 F4 30 EB E1 8D 34 18 40 17 A9 
	A1 1B F5 11 C8 DF F8 F8 34 73 0B 96 C1 B7 C8 DB 
	CA 2F C3 B6 37 
msg1  (size 37):
	00 02 58 20 8A F6 F4 30 EB E1 8D 34 18 40 17 A9 
	A1 1B F5 11 C8 DF F8 F8 34 73 0B 96 C1 B7 C8 DB 
	CA 2F C3 B6 37 
msg1 METHOD: 0
msg1 SUITES_I (size 1):
	02 
g_x len 1216
g_x len message 1 32
msg1 G_X (size 32):
	8A F6 F4 30 EB E1 8D 34 18 40 17 A9 A1 1B F5 11 
	C8 DF F8 F8 34 73 0B 96 C1 B7 C8 DB CA 2F C3 B6 
msg1 C_I_raw (size 1):
	E8 
Suite 2 will be used in this EDHOC run.
PQ/T hybrid declare second array
y  (size 32):
	9D C3 CB B2 66 5B 72 D2 DE B3 B1 44 56 DC 90 35 
	1E 8E 84 2D 08 37 C2 1C 6E 08 E1 86 6E CE 83 E5 
gx  (size 32):
	8A F6 F4 30 EB E1 8D 34 18 40 17 A9 A1 1B F5 11 
	C8 DF F8 F8 34 73 0B 96 C1 B7 C8 DB CA 2F C3 B6 
SHARED SECRET DERIVE
P256 in DH
pk_decompressed tinycript (size 64):
	8A F6 F4 30 EB E1 8D 34 18 40 17 A9 A1 1B F5 11 
	C8 DF F8 F8 34 73 0B 96 C1 B7 C8 DB CA 2F C3 B6 
	AE 17 50 92 91 24 87 EA FE 52 E2 63 A0 57 40 85 
	5E A8 E9 39 3F 95 A2 FC 7A FC 39 EB 00 7F 36 4C 
G_XY (ECDH shared secret)  (size 32):
	E6 E6 A1 15 DA F2 6E 1E 0E 91 D0 B9 24 EB ED EA 
	46 34 E7 61 49 A5 F4 04 8C CA 10 D7 FF 44 1A AB 
hash_msg1_raw (size 32):
	C7 93 1F CA 62 16 CA BC B5 A9 AB 7B 17 61 AE 46 
	78 94 6B A4 F6 0B 6D E1 63 14 69 18 2A 4E 67 26 
Input to calculate TH_2 (CBOR Sequence) (size 68):
	58 20 0E 09 BF 29 80 F5 8F DF 11 1D 1B A7 75 5E 
	29 A4 B9 27 BC 06 27 2C C1 82 0D 40 55 05 04 84 
	49 E8 58 20 C7 93 1F CA 62 16 CA BC B5 A9 AB 7B 
	17 61 AE 46 78 94 6B A4 F6 0B 6D E1 63 14 69 18 
	2A 4E 67 26 
TH2 (size 32):
	D7 17 CA 5A 79 1C 61 94 93 E6 4E 75 CE DA 6B 01 
	3F 46 E4 27 62 C3 40 82 D2 D3 89 99 9B 1D 22 B4 
PRK_2e (size 32):
	2C 59 F2 1A 61 C4 D5 46 48 D6 55 3B AE A9 FF 00 
	87 EB 67 0B C7 92 26 46 B4 26 8C 00 7E 54 49 0B 
prk_3e2m (size 32):
	2C 59 F2 1A 61 C4 D5 46 48 D6 55 3B AE A9 FF 00 
	87 EB 67 0B C7 92 26 46 B4 26 8C 00 7E 54 49 0B 
Signature len 500 - 64
TMP size: 32
CBOR ENCODE ERROR: 0
MAX ID CRED: 400 cred len 14
MAX CRED: 765 cred len 293
PK SIZE: 65
SIGNATURE SIZE: 500
CONTEXT_MAC_SIZE: 1204
CONTEXT_MAC len: 343
CR len: 2
TH enc len: 34
TMP size: 1
CBOR ENCODE ERROR: 0
MAC context (size 343):
	41 27 A1 18 22 82 2E 48 34 80 F5 FA 01 A8 AB F4 
	58 20 D7 17 CA 5A 79 1C 61 94 93 E6 4E 75 CE DA 
	6B 01 3F 46 E4 27 62 C3 40 82 D2 D3 89 99 9B 1D 
	22 B4 59 01 22 30 82 01 1E 30 81 C5 A0 03 02 01 
	02 02 04 61 E9 98 1E 30 0A 06 08 2A 86 48 CE 3D 
	04 03 02 30 15 31 13 30 11 06 03 55 04 03 0C 0A 
	45 44 48 4F 43 20 52 6F 6F 74 30 1E 17 0D 32 32 
	30 31 32 30 31 37 31 33 30 32 5A 17 0D 32 39 31 
	32 33 31 32 33 30 30 30 30 5A 30 1A 31 18 30 16 
	06 03 55 04 03 0C 0F 45 44 48 4F 43 20 52 65 73 
	70 6F 6E 64 65 72 30 59 30 13 06 07 2A 86 48 CE 
	3D 02 01 06 08 2A 86 48 CE 3D 03 01 07 03 42 00 
	04 BB C3 49 60 52 6E A4 D3 2E 94 0C AD 2A 23 41 
	48 DD C2 17 91 A1 2A FB CB AC 93 62 20 46 DD 44 
	F0 45 19 E2 57 23 6B 2A 0C E2 02 3F 09 31 F1 F3 
	86 CA 7A FD A6 4F CD E0 10 8C 22 4C 51 EA BF 60 
	72 30 0A 06 08 2A 86 48 CE 3D 04 03 02 03 48 00 
	30 45 02 20 30 19 4E F5 FC 65 C8 B7 95 CD CD 0B 
	B4 31 BF 83 EE 67 41 C1 37 0C 22 C8 EB 8E E9 ED 
	D2 A7 05 19 02 21 00 B5 83 0E 9C 89 A6 2A C7 3C 
	E1 EB CE 00 61 70 7D B8 A8 8E 23 70 9B 4A CC 58 
	A1 31 3B 13 3D 05 58 
is not DH, 32
MAC 2/3 (size 32):
	CD 20 EB FA CE AE 88 59 56 5C EE 06 A5 69 73 3C 
	E9 71 57 F6 EE 89 1F BE 0A F9 4A CD FA CB C0 F8 
TMP size: 32
CBOR ENCODE ERROR: 0
Signature or mac size: 64Inside the sign
signature_or_mac (is signature) (size 64):
	ED A4 9A 74 6F 05 7D 54 72 1E 8D 96 48 42 70 51 
	56 03 5C F9 FF 3D 7E 0A FA AC 80 D0 BD DA D9 23 
	FE BB 94 A2 4E B3 3B A1 F9 91 95 BB 9A D1 C9 E8 
	49 27 9B D1 32 CF 4C 50 E2 65 5B A4 AE B5 6A 86 
TMP size: 64
CBOR ENCODE ERROR: 0
kid (size 0):
KEYSTREAM_2 (size 81):
	54 A8 D0 C6 EC 35 6B D8 A9 C0 7B 2B 77 26 CC 9B 
	25 36 DB BC 69 73 E4 05 68 5B F5 7B DF D7 D2 6E 
	BB 14 F7 0E 03 FA 1C 00 DF 8A 3C FA B6 E1 E8 22 
	8B 06 47 37 66 FA 0C 96 2A 2E EB 36 C2 4A C4 D8 
	24 38 A4 A8 B9 82 74 DF 2B B9 30 9E E5 AC E4 33 
	E3 
ciphertext_2/3/4 (size 81):
	73 09 C8 E4 6E 1B 23 EC 29 35 81 2A DF 8D 38 C3 
	65 DB 7F 26 1D 1C E1 78 3C 29 EB F6 49 9F 90 1E 
	EA 42 F4 52 FA 05 21 7E D5 70 90 7A 66 5C 32 FB 
	A8 F8 FC A3 C4 B4 BF AD 8B D7 7A A3 79 D0 15 11 
	CC 71 83 33 68 B0 BB 93 7B 5B 55 C5 41 02 51 59 
	65 
TMP size: 113
CBOR ENCODE ERROR: 0
message_2 (CBOR Sequence) (size 115):
	58 71 0E 09 BF 29 80 F5 8F DF 11 1D 1B A7 75 5E 
	29 A4 B9 27 BC 06 27 2C C1 82 0D 40 55 05 04 84 
	49 E8 73 09 C8 E4 6E 1B 23 EC 29 35 81 2A DF 8D 
	38 C3 65 DB 7F 26 1D 1C E1 78 3C 29 EB F6 49 9F 
	90 1E EA 42 F4 52 FA 05 21 7E D5 70 90 7A 66 5C 
	32 FB A8 F8 FC A3 C4 B4 BF AD 8B D7 7A A3 79 D0 
	15 11 CC 71 83 33 68 B0 BB 93 7B 5B 55 C5 41 02 
	51 59 65 
th23 (size 32):
	D7 17 CA 5A 79 1C 61 94 93 E6 4E 75 CE DA 6B 01 
	3F 46 E4 27 62 C3 40 82 D2 D3 89 99 9B 1D 22 B4 
plaintext_23 (size 81):
	27 A1 18 22 82 2E 48 34 80 F5 FA 01 A8 AB F4 58 
	40 ED A4 9A 74 6F 05 7D 54 72 1E 8D 96 48 42 70 
	51 56 03 5C F9 FF 3D 7E 0A FA AC 80 D0 BD DA D9 
	23 FE BB 94 A2 4E B3 3B A1 F9 91 95 BB 9A D1 C9 
	E8 49 27 9B D1 32 CF 4C 50 E2 65 5B A4 AE B5 6A 
	86 
cred (size 293):
	59 01 22 30 82 01 1E 30 81 C5 A0 03 02 01 02 02 
	04 61 E9 98 1E 30 0A 06 08 2A 86 48 CE 3D 04 03 
	02 30 15 31 13 30 11 06 03 55 04 03 0C 0A 45 44 
	48 4F 43 20 52 6F 6F 74 30 1E 17 0D 32 32 30 31 
	32 30 31 37 31 33 30 32 5A 17 0D 32 39 31 32 33 
	31 32 33 30 30 30 30 5A 30 1A 31 18 30 16 06 03 
	55 04 03 0C 0F 45 44 48 4F 43 20 52 65 73 70 6F 
	6E 64 65 72 30 59 30 13 06 07 2A 86 48 CE 3D 02 
	01 06 08 2A 86 48 CE 3D 03 01 07 03 42 00 04 BB 
	C3 49 60 52 6E A4 D3 2E 94 0C AD 2A 23 41 48 DD 
	C2 17 91 A1 2A FB CB AC 93 62 20 46 DD 44 F0 45 
	19 E2 57 23 6B 2A 0C E2 02 3F 09 31 F1 F3 86 CA 
	7A FD A6 4F CD E0 10 8C 22 4C 51 EA BF 60 72 30 
	0A 06 08 2A 86 48 CE 3D 04 03 02 03 48 00 30 45 
	02 20 30 19 4E F5 FC 65 C8 B7 95 CD CD 0B B4 31 
	BF 83 EE 67 41 C1 37 0C 22 C8 EB 8E E9 ED D2 A7 
	05 19 02 21 00 B5 83 0E 9C 89 A6 2A C7 3C E1 EB 
	CE 00 61 70 7D B8 A8 8E 23 70 9B 4A CC 58 A1 31 
	3B 13 3D 05 58 
TMP size: 32
CBOR ENCODE ERROR: 0
Encoded
memcopy1
memcopy2
Input to calculate TH_3/TH_4 (CBOR Sequence) (size 408):
	58 20 D7 17 CA 5A 79 1C 61 94 93 E6 4E 75 CE DA 
	6B 01 3F 46 E4 27 62 C3 40 82 D2 D3 89 99 9B 1D 
	22 B4 27 A1 18 22 82 2E 48 34 80 F5 FA 01 A8 AB 
	F4 58 40 ED A4 9A 74 6F 05 7D 54 72 1E 8D 96 48 
	42 70 51 56 03 5C F9 FF 3D 7E 0A FA AC 80 D0 BD 
	DA D9 23 FE BB 94 A2 4E B3 3B A1 F9 91 95 BB 9A 
	D1 C9 E8 49 27 9B D1 32 CF 4C 50 E2 65 5B A4 AE 
	B5 6A 86 59 01 22 30 82 01 1E 30 81 C5 A0 03 02 
	01 02 02 04 61 E9 98 1E 30 0A 06 08 2A 86 48 CE 
	3D 04 03 02 30 15 31 13 30 11 06 03 55 04 03 0C 
	0A 45 44 48 4F 43 20 52 6F 6F 74 30 1E 17 0D 32 
	32 30 31 32 30 31 37 31 33 30 32 5A 17 0D 32 39 
	31 32 33 31 32 33 30 30 30 30 5A 30 1A 31 18 30 
	16 06 03 55 04 03 0C 0F 45 44 48 4F 43 20 52 65 
	73 70 6F 6E 64 65 72 30 59 30 13 06 07 2A 86 48 
	CE 3D 02 01 06 08 2A 86 48 CE 3D 03 01 07 03 42 
	00 04 BB C3 49 60 52 6E A4 D3 2E 94 0C AD 2A 23 
	41 48 DD C2 17 91 A1 2A FB CB AC 93 62 20 46 DD 
	44 F0 45 19 E2 57 23 6B 2A 0C E2 02 3F 09 31 F1 
	F3 86 CA 7A FD A6 4F CD E0 10 8C 22 4C 51 EA BF 
	60 72 30 0A 06 08 2A 86 48 CE 3D 04 03 02 03 48 
	00 30 45 02 20 30 19 4E F5 FC 65 C8 B7 95 CD CD 
	0B B4 31 BF 83 EE 67 41 C1 37 0C 22 C8 EB 8E E9 
	ED D2 A7 05 19 02 21 00 B5 83 0E 9C 89 A6 2A C7 
	3C E1 EB CE 00 61 70 7D B8 A8 8E 23 70 9B 4A CC 
	58 A1 31 3B 13 3D 05 58 
TH34 (size 32):
	EB 81 02 93 1C F5 89 9D 57 14 57 5E BF 0E 5D 0C 
	71 36 FC CD E2 8F DD 71 C8 34 13 BB 5D D6 B3 0F 
msg2 generated
msg2 (size 115):
	58 71 0E 09 BF 29 80 F5 8F DF 11 1D 1B A7 75 5E 
	29 A4 B9 27 BC 06 27 2C C1 82 0D 40 55 05 04 84 
	49 E8 73 09 C8 E4 6E 1B 23 EC 29 35 81 2A DF 8D 
	38 C3 65 DB 7F 26 1D 1C E1 78 3C 29 EB F6 49 9F 
	90 1E EA 42 F4 52 FA 05 21 7E D5 70 90 7A 66 5C 
	32 FB A8 F8 FC A3 C4 B4 BF AD 8B D7 7A A3 79 D0 
	15 11 CC 71 83 33 68 B0 BB 93 7B 5B 55 C5 41 02 
	51 59 65 
ead prcessed
CoAP reply sent!
mesage tx
waiting to receive
__________________
PDU was constructed from buffer of 117 bytes
PDU is 117 bytes long
CoAP Version: 1
Message Type: Confirmable
Token length: 4
Code: 0.02 POST
Message ID: 1
Token of 4 bytes.
   Value: 0x02000000 
2 options:
OPTION (1/2)
   Option number (delta): 11 (11)
   Name: URI_PATH
   Value length: 11
   Value: ".well-known"
OPTION (2/2)
   Option number (delta): 11 (0)
   Name: URI_PATH
   Value length: 5
   Value: "edhoc"
Payload of 90 bytes
   Value: "XX}\86\07\f8\b4\0c\b21D*\e7^\98\b1$\db"\01\86b\f2\16\98\dd\bf\9e\15\14\b8\c9\15=\e9B\f9B\0c\a9\1fO9a\97\8f \0b\95RIw\bb$3B6Y\dd\a8\fd\f59\9dh\fe\c5f\cd\a1\dc\0eK\97j\95\f2\a1Y\e7sc\c4\07\fd\0c\e8\16\ee\81"
__________________
CoAP message (size 90):
	58 58 7D 86 07 F8 B4 0C B2 31 44 2A E7 5E 98 B1 
	24 DB 22 01 86 62 F2 16 98 DD BF 9E 15 14 B8 C9 
	15 3D E9 42 F9 42 0C A9 1F 4F 39 61 97 8F 20 0B 
	95 52 49 77 BB 24 33 42 36 59 DD A8 FD F5 39 9D 
	68 FE C5 66 CD A1 DC 0E 4B 97 6A 95 F2 A1 59 E7 
	73 63 C4 07 FD 0C E8 16 EE 81 
received
CIPHERTEXT_3 (size 88):
	7D 86 07 F8 B4 0C B2 31 44 2A E7 5E 98 B1 24 DB 
	22 01 86 62 F2 16 98 DD BF 9E 15 14 B8 C9 15 3D 
	E9 42 F9 42 0C A9 1F 4F 39 61 97 8F 20 0B 95 52 
	49 77 BB 24 33 42 36 59 DD A8 FD F5 39 9D 68 FE 
	C5 66 CD A1 DC 0E 4B 97 6A 95 F2 A1 59 E7 73 63 
	C4 07 FD 0C E8 16 EE 81 
PLAINTEXT3_SIZE: 903
ctxt3.len: 88
K_3 (size 16):
	99 51 47 B7 AC C6 DB FE A6 D3 19 29 37 8F 14 94 
IV_3 (size 13):
	D0 6B FA 17 30 30 78 0F 9D BB F6 81 DB 
associated_data (size 45):
	83 68 45 6E 63 72 79 70 74 30 40 58 20 EB 81 02 
	93 1C F5 89 9D 57 14 57 5E BF 0E 5D 0C 71 36 FC 
	CD E2 8F DD 71 C8 34 13 BB 5D D6 B3 0F 
plaintext (size 80):
	A1 18 22 82 2E 48 EE C7 3F CB B0 16 26 76 58 40 
	C9 51 DF A7 D1 B6 42 A9 FF 67 7B AF 08 FD 9B C3 
	C9 A2 FC 0E AF FB 97 A6 A4 82 2D E0 69 3D 8E DD 
	65 6D 3C ED 93 54 71 51 F6 18 B8 CE DA B0 BB 3F 
	B1 FA B9 11 37 CC 7C 3B 0F BD D1 69 13 06 B0 87 
ID_CRED (size 14):
	A1 18 22 82 2E 48 EE C7 3F CB B0 16 26 76 
sign_or_mac (size 64):
	C9 51 DF A7 D1 B6 42 A9 FF 67 7B AF 08 FD 9B C3 
	C9 A2 FC 0E AF FB 97 A6 A4 82 2D E0 69 3D 8E DD 
	65 6D 3C ED 93 54 71 51 F6 18 B8 CE DA B0 BB 3F 
	B1 FA B9 11 37 CC 7C 3B 0F BD D1 69 13 06 B0 87 
[cred] lookup ID_CRED len=14
A11822822E48EEC73FCBB0162676
[cred] cred_array entries: 1
[cred] candidate[0] len=14 A11822822E48EEC73FCBB0162676
prk_4e3m (size 32):
	2C 59 F2 1A 61 C4 D5 46 48 D6 55 3B AE A9 FF 00 
	87 EB 67 0B C7 92 26 46 B4 26 8C 00 7E 54 49 0B 
TMP size: 32
CBOR ENCODE ERROR: 0
MAX ID CRED: 400 cred len 14
MAX CRED: 765 cred len 293
PK SIZE: 65
SIGNATURE SIZE: 500
CONTEXT_MAC_SIZE: 1204
CONTEXT_MAC len: 342
CR len: 1
TH enc len: 34
MAC context (size 341):
	A1 18 22 82 2E 48 EE C7 3F CB B0 16 26 76 58 20 
	EB 81 02 93 1C F5 89 9D 57 14 57 5E BF 0E 5D 0C 
	71 36 FC CD E2 8F DD 71 C8 34 13 BB 5D D6 B3 0F 
	59 01 22 30 82 01 1E 30 81 C5 A0 03 02 01 02 02 
	04 62 32 EF 6F 30 0A 06 08 2A 86 48 CE 3D 04 03 
	02 30 15 31 13 30 11 06 03 55 04 03 0C 0A 45 44 
	48 4F 43 20 52 6F 6F 74 30 1E 17 0D 32 32 30 33 
	31 37 30 38 32 31 30 33 5A 17 0D 32 39 31 32 33 
	31 32 33 30 30 30 30 5A 30 1A 31 18 30 16 06 03 
	55 04 03 0C 0F 45 44 48 4F 43 20 49 6E 69 74 69 
	61 74 6F 72 30 59 30 13 06 07 2A 86 48 CE 3D 02 
	01 06 08 2A 86 48 CE 3D 03 01 07 03 42 00 04 AC 
	75 E9 EC E3 E5 0B FC 8E D6 03 99 88 95 22 40 5C 
	47 BF 16 DF 96 66 0A 41 29 8C B4 30 7F 7E B6 6E 
	5D E6 11 38 8A 4B 8A 82 11 33 4A C7 D3 7E CB 52 
	A3 87 D2 57 E6 DB 3C 2A 93 DF 21 FF 3A FF C8 30 
	0A 06 08 2A 86 48 CE 3D 04 03 02 03 48 00 30 45 
	02 21 00 8C 32 3A 1F 33 21 38 AA B9 D0 BE AF B8 
	5F 8D 5A 44 07 3C 58 0F 59 5B C5 21 EF 91 3F 6E 
	F4 8D 11 02 20 6C 0A F1 A1 85 A4 E4 DE 06 35 36 
	99 23 1C 73 3A 6E 8D D2 DF 65 13 96 6C 91 30 15 
	2A 07 A2 BE DE 
is not DH, 32
MAC 2/3 (size 32):
	F1 04 D3 2D 44 D1 80 6B C1 2E E7 BA 17 7A 43 36 
	36 AF 50 0E AC 50 6D F3 7C E2 D3 94 E0 F4 53 1C 
TMP size: 32
CBOR ENCODE ERROR: 0
Signature or MAC verification successful!
th23 (size 32):
	EB 81 02 93 1C F5 89 9D 57 14 57 5E BF 0E 5D 0C 
	71 36 FC CD E2 8F DD 71 C8 34 13 BB 5D D6 B3 0F 
plaintext_23 (size 80):
	A1 18 22 82 2E 48 EE C7 3F CB B0 16 26 76 58 40 
	C9 51 DF A7 D1 B6 42 A9 FF 67 7B AF 08 FD 9B C3 
	C9 A2 FC 0E AF FB 97 A6 A4 82 2D E0 69 3D 8E DD 
	65 6D 3C ED 93 54 71 51 F6 18 B8 CE DA B0 BB 3F 
	B1 FA B9 11 37 CC 7C 3B 0F BD D1 69 13 06 B0 87 
cred (size 293):
	59 01 22 30 82 01 1E 30 81 C5 A0 03 02 01 02 02 
	04 62 32 EF 6F 30 0A 06 08 2A 86 48 CE 3D 04 03 
	02 30 15 31 13 30 11 06 03 55 04 03 0C 0A 45 44 
	48 4F 43 20 52 6F 6F 74 30 1E 17 0D 32 32 30 33 
	31 37 30 38 32 31 30 33 5A 17 0D 32 39 31 32 33 
	31 32 33 30 30 30 30 5A 30 1A 31 18 30 16 06 03 
	55 04 03 0C 0F 45 44 48 4F 43 20 49 6E 69 74 69 
	61 74 6F 72 30 59 30 13 06 07 2A 86 48 CE 3D 02 
	01 06 08 2A 86 48 CE 3D 03 01 07 03 42 00 04 AC 
	75 E9 EC E3 E5 0B FC 8E D6 03 99 88 95 22 40 5C 
	47 BF 16 DF 96 66 0A 41 29 8C B4 30 7F 7E B6 6E 
	5D E6 11 38 8A 4B 8A 82 11 33 4A C7 D3 7E CB 52 
	A3 87 D2 57 E6 DB 3C 2A 93 DF 21 FF 3A FF C8 30 
	0A 06 08 2A 86 48 CE 3D 04 03 02 03 48 00 30 45 
	02 21 00 8C 32 3A 1F 33 21 38 AA B9 D0 BE AF B8 
	5F 8D 5A 44 07 3C 58 0F 59 5B C5 21 EF 91 3F 6E 
	F4 8D 11 02 20 6C 0A F1 A1 85 A4 E4 DE 06 35 36 
	99 23 1C 73 3A 6E 8D D2 DF 65 13 96 6C 91 30 15 
	2A 07 A2 BE DE 
TMP size: 32
CBOR ENCODE ERROR: 0
Encoded
memcopy1
memcopy2
Input to calculate TH_3/TH_4 (CBOR Sequence) (size 407):
	58 20 EB 81 02 93 1C F5 89 9D 57 14 57 5E BF 0E 
	5D 0C 71 36 FC CD E2 8F DD 71 C8 34 13 BB 5D D6 
	B3 0F A1 18 22 82 2E 48 EE C7 3F CB B0 16 26 76 
	58 40 C9 51 DF A7 D1 B6 42 A9 FF 67 7B AF 08 FD 
	9B C3 C9 A2 FC 0E AF FB 97 A6 A4 82 2D E0 69 3D 
	8E DD 65 6D 3C ED 93 54 71 51 F6 18 B8 CE DA B0 
	BB 3F B1 FA B9 11 37 CC 7C 3B 0F BD D1 69 13 06 
	B0 87 59 01 22 30 82 01 1E 30 81 C5 A0 03 02 01 
	02 02 04 62 32 EF 6F 30 0A 06 08 2A 86 48 CE 3D 
	04 03 02 30 15 31 13 30 11 06 03 55 04 03 0C 0A 
	45 44 48 4F 43 20 52 6F 6F 74 30 1E 17 0D 32 32 
	30 33 31 37 30 38 32 31 30 33 5A 17 0D 32 39 31 
	32 33 31 32 33 30 30 30 30 5A 30 1A 31 18 30 16 
	06 03 55 04 03 0C 0F 45 44 48 4F 43 20 49 6E 69 
	74 69 61 74 6F 72 30 59 30 13 06 07 2A 86 48 CE 
	3D 02 01 06 08 2A 86 48 CE 3D 03 01 07 03 42 00 
	04 AC 75 E9 EC E3 E5 0B FC 8E D6 03 99 88 95 22 
	40 5C 47 BF 16 DF 96 66 0A 41 29 8C B4 30 7F 7E 
	B6 6E 5D E6 11 38 8A 4B 8A 82 11 33 4A C7 D3 7E 
	CB 52 A3 87 D2 57 E6 DB 3C 2A 93 DF 21 FF 3A FF 
	C8 30 0A 06 08 2A 86 48 CE 3D 04 03 02 03 48 00 
	30 45 02 21 00 8C 32 3A 1F 33 21 38 AA B9 D0 BE 
	AF B8 5F 8D 5A 44 07 3C 58 0F 59 5B C5 21 EF 91 
	3F 6E F4 8D 11 02 20 6C 0A F1 A1 85 A4 E4 DE 06 
	35 36 99 23 1C 73 3A 6E 8D D2 DF 65 13 96 6C 91 
	30 15 2A 07 A2 BE DE 
TH34 (size 32):
	22 25 8B 94 44 98 8E 18 2F E6 8B E9 2B 9F D4 E2 
	0E 01 F8 EA 5E 0C 25 0A EC 1C 43 D8 FA 0F 11 15 
PRK_out (size 32):
	3F 0D A6 D1 6F F7 20 21 57 D2 39 08 BB 6F 03 86 
	35 87 F9 24 0B E8 56 CB 0D BE 08 4A 23 52 71 A3 
prk_exporter (size 32):
	C5 E9 F6 56 DF 1A C1 35 24 91 5B 4C 88 AA C1 F3 
	A7 8A FE 4A 57 E6 21 C0 B4 66 77 49 A4 FE 0B 16 
OSCORE Master Secret (size 1