NO DEFINED LIBOQS
initiator test vector number 2:initator cipher suit: (size 1):
	02 
initiator sk size:32 
initiator pk size:65 
secret ephemeral DH key (size 32):
	8A F6 F4 30 EB E1 8D 34 18 40 17 A9 A1 1B F5 11 
	C8 DF F8 F8 34 73 0B 96 C1 B7 C8 DB CA 2F C3 B6 
public ephemeral DH key (size 32):
	36 8E C1 F6 9A EB 65 9B A3 7D 5A 8D 45 B2 1B DC 
	02 99 DC EA A8 EF 23 5F 3C A4 2C E3 53 0F 95 25 
IPv4 client to connect to server with address 127.0.0.1 started!
MSG1 gx (size 32):
	8A F6 F4 30 EB E1 8D 34 18 40 17 A9 A1 1B F5 11 
	C8 DF F8 F8 34 73 0B 96 C1 B7 C8 DB CA 2F C3 B6 
X (eph -rpivate I) (size 32):
	36 8E C1 F6 9A EB 65 9B A3 7D 5A 8D 45 B2 1B DC 
	02 99 DC EA A8 EF 23 5F 3C A4 2C E3 53 0F 95 25 
C_I (size 1):
	37 
message_1 (CBOR Sequence) (size 37):
	00 02 58 20 8A F6 F4 30 EB E1 8D 34 18 40 17 A9 
	A1 1B F5 11 C8 DF F8 F8 34 73 0B 96 C1 B7 C8 DB 
	CA 2F C3 B6 37 
MSG: (size 37):
	00 02 58 20 8A F6 F4 30 EB E1 8D 34 18 40 17 A9 
	A1 1B F5 11 C8 DF F8 F8 34 73 0B 96 C1 B7 C8 DB 
	CA 2F C3 B6 37 
Max MSG2 size 2027
Set gy to the dh key size for DH
message_2 (CBOR Sequence) (size 115):
	58 71 B5 F3 65 91 21 8E 40 FA A8 E6 57 B6 DD 7D 
	89 4A 46 82 79 C1 35 D4 62 24 84 C0 0A CA 63 7C 
	1F 2D 0E E4 6B D8 AB D7 4D 64 FA 64 54 95 9B 67 
	36 00 44 98 0C CE 55 E1 63 B9 31 56 BD 64 33 E3 
	CC 75 07 5B 70 15 52 6C FD 6D AF E7 FD 26 C8 60 
	F0 8D 79 16 D9 0A BA 81 EF 36 AF 89 0A B6 63 12 
	F2 D0 CC FD E3 8E 86 DF B5 E5 78 66 47 3C F4 F2 
	4F EC 57 
g_y (size 32):
	B5 F3 65 91 21 8E 40 FA A8 E6 57 B6 DD 7D 89 4A 
	46 82 79 C1 35 D4 62 24 84 C0 0A CA 63 7C 1F 2D 
ciphertext2 (size 81):
	0E E4 6B D8 AB D7 4D 64 FA 64 54 95 9B 67 36 00 
	44 98 0C CE 55 E1 63 B9 31 56 BD 64 33 E3 CC 75 
	07 5B 70 15 52 6C FD 6D AF E7 FD 26 C8 60 F0 8D 
	79 16 D9 0A BA 81 EF 36 AF 89 0A B6 63 12 F2 D0 
	CC FD E3 8E 86 DF B5 E5 78 66 47 3C F4 F2 4F EC 
	57 
PQ/T Hybrid array foe g_xy_KEM
x  (size 32):
	36 8E C1 F6 9A EB 65 9B A3 7D 5A 8D 45 B2 1B DC 
	02 99 DC EA A8 EF 23 5F 3C A4 2C E3 53 0F 95 25 
gy  (size 32):
	B5 F3 65 91 21 8E 40 FA A8 E6 57 B6 DD 7D 89 4A 
	46 82 79 C1 35 D4 62 24 84 C0 0A CA 63 7C 1F 2D 
SHARED SECRET DERIVE
P256 in DH
pk_decompressed tinycript (size 64):
	B5 F3 65 91 21 8E 40 FA A8 E6 57 B6 DD 7D 89 4A 
	46 82 79 C1 35 D4 62 24 84 C0 0A CA 63 7C 1F 2D 
	F7 C5 B2 CD 60 96 03 CA 11 AA 3A E2 AF 73 81 D7 
	F8 19 F4 F3 85 85 58 19 C1 6A 07 BC BA 1C 22 04 
G_XY (ECDH shared secret)  (size 32):
	CB 49 64 2C F8 95 DD 57 CC F5 F1 77 61 45 31 2A 
	29 8E 4F DB 87 2C 3D 88 6D 84 0D 74 3E 28 BE C0 
hash_msg1_raw (size 32):
	C7 93 1F CA 62 16 CA BC B5 A9 AB 7B 17 61 AE 46 
	78 94 6B A4 F6 0B 6D E1 63 14 69 18 2A 4E 67 26 
Input to calculate TH_2 (CBOR Sequence) (size 68):
	58 20 B5 F3 65 91 21 8E 40 FA A8 E6 57 B6 DD 7D 
	89 4A 46 82 79 C1 35 D4 62 24 84 C0 0A CA 63 7C 
	1F 2D 58 20 C7 93 1F CA 62 16 CA BC B5 A9 AB 7B 
	17 61 AE 46 78 94 6B A4 F6 0B 6D E1 63 14 69 18 
	2A 4E 67 26 
TH2 (size 32):
	DC D9 54 E3 94 41 E2 BC B7 95 69 B6 E9 2B 1F F2 
	00 02 EB 57 AE 3F B4 96 EC 06 C8 03 9F 2D 6A 14 
TH_2 (size 32):
	DC D9 54 E3 94 41 E2 BC B7 95 69 B6 E9 2B 1F F2 
	00 02 EB 57 AE 3F B4 96 EC 06 C8 03 9F 2D 6A 14 
PRK_2e (size 32):
	D9 E7 3A ED 2F C2 D7 20 5A 85 28 E5 11 90 99 7A 
	E7 DA 22 D9 CC C5 56 40 3B 16 30 6E 27 BA 30 B9 
KEYSTREAM_2 (size 81):
	29 45 73 FA 29 F9 05 50 7A 91 AE 94 33 CC C2 58 
	04 3E B9 DF 24 3E 49 EF F6 22 0B EE B2 18 11 12 
	F6 8B 59 D2 FA 6B 19 58 83 5B 7D 33 A8 3F 93 85 
	6C 65 99 26 87 B7 0E 0D A0 65 4C A6 0C ED E8 46 
	FC AA 3C BF 33 3B 9F E9 DE D4 8D 7C 91 DB 0F 11 
	EB 
associated_data (size 45):
	83 68 45 6E 63 72 79 70 74 30 40 58 20 DC D9 54 
	E3 94 41 E2 BC B7 95 69 B6 E9 2B 1F F2 00 02 EB 
	57 AE 3F B4 96 EC 06 C8 03 9F 2D 6A 14 
plaintext (size 81):
	27 A1 18 22 82 2E 48 34 80 F5 FA 01 A8 AB F4 58 
	40 A6 B5 11 71 DF 2A 56 C7 74 B6 8A 81 FB DD 67 
	F1 D0 29 C7 A8 07 E4 35 2C BC 80 15 60 5F 63 08 
	15 73 40 2C 3D 36 E1 3B 0F EC 46 10 6F FF 1A 96 
	30 57 DF 31 B5 E4 2A 0C A6 B2 CA 40 65 29 40 FD 
	BC 
C_R (raw) (size 1):
	27 
ID_CRED (size 14):
	A1 18 22 82 2E 48 34 80 F5 FA 01 A8 AB F4 
sign_or_mac (size 64):
	A6 B5 11 71 DF 2A 56 C7 74 B6 8A 81 FB DD 67 F1 
	D0 29 C7 A8 07 E4 35 2C BC 80 15 60 5F 63 08 15 
	73 40 2C 3D 36 E1 3B 0F EC 46 10 6F FF 1A 96 30 
	57 DF 31 B5 E4 2A 0C A6 B2 CA 40 65 29 40 FD BC 
[cred] lookup ID_CRED len=14
A11822822E483480F5FA01A8ABF4
[cred] cred_array entries: 1
[cred] candidate[0] len=14 A11822822E483480F5FA01A8ABF4
prk_3e2m (size 32):
	D9 E7 3A ED 2F C2 D7 20 5A 85 28 E5 11 90 99 7A 
	E7 DA 22 D9 CC C5 56 40 3B 16 30 6E 27 BA 30 B9 
TMP size: 32
CBOR ENCODE ERROR: 0
MAX ID CRED: 400 cred len 14
MAX CRED: 765 cred len 293
PK SIZE: 65
SIGNATURE SIZE: 500
CONTEXT_MAC_SIZE: 1204
CONTEXT_MAC len: 343
CR len: 2
TH enc len: 34
TMP size: 1
CBOR ENCODE ERROR: 0
MAC context (size 343):
	41 27 A1 18 22 82 2E 48 34 80 F5 FA 01 A8 AB F4 
	58 20 DC D9 54 E3 94 41 E2 BC B7 95 69 B6 E9 2B 
	1F F2 00 02 EB 57 AE 3F B4 96 EC 06 C8 03 9F 2D 
	6A 14 59 01 22 30 82 01 1E 30 81 C5 A0 03 02 01 
	02 02 04 61 E9 98 1E 30 0A 06 08 2A 86 48 CE 3D 
	04 03 02 30 15 31 13 30 11 06 03 55 04 03 0C 0A 
	45 44 48 4F 43 20 52 6F 6F 74 30 1E 17 0D 32 32 
	30 31 32 30 31 37 31 33 30 32 5A 17 0D 32 39 31 
	32 33 31 32 33 30 30 30 30 5A 30 1A 31 18 30 16 
	06 03 55 04 03 0C 0F 45 44 48 4F 43 20 52 65 73 
	70 6F 6E 64 65 72 30 59 30 13 06 07 2A 86 48 CE 
	3D 02 01 06 08 2A 86 48 CE 3D 03 01 07 03 42 00 
	04 BB C3 49 60 52 6E A4 D3 2E 94 0C AD 2A 23 41 
	48 DD C2 17 91 A1 2A FB CB AC 93 62 20 46 DD 44 
	F0 45 19 E2 57 23 6B 2A 0C E2 02 3F 09 31 F1 F3 
	86 CA 7A FD A6 4F CD E0 10 8C 22 4C 51 EA BF 60 
	72 30 0A 06 08 2A 86 48 CE 3D 04 03 02 03 48 00 
	30 45 02 20 30 19 4E F5 FC 65 C8 B7 95 CD CD 0B 
	B4 31 BF 83 EE 67 41 C1 37 0C 22 C8 EB 8E E9 ED 
	D2 A7 05 19 02 21 00 B5 83 0E 9C 89 A6 2A C7 3C 
	E1 EB CE 00 61 70 7D B8 A8 8E 23 70 9B 4A CC 58 
	A1 31 3B 13 3D 05 58 
is not DH, 32
MAC 2/3 (size 32):
	EA 57 27 5C FA 0E 35 75 13 CF C6 6C 60 0A 86 B2 
	8D 46 17 81 07 17 CA 26 56 09 F8 C1 36 B2 A2 26 
TMP size: 32
CBOR ENCODE ERROR: 0
Signature or MAC verification successful!
th23 (size 32):
	DC D9 54 E3 94 41 E2 BC B7 95 69 B6 E9 2B 1F F2 
	00 02 EB 57 AE 3F B4 96 EC 06 C8 03 9F 2D 6A 14 
plaintext_23 (size 81):
	27 A1 18 22 82 2E 48 34 80 F5 FA 01 A8 AB F4 58 
	40 A6 B5 11 71 DF 2A 56 C7 74 B6 8A 81 FB DD 67 
	F1 D0 29 C7 A8 07 E4 35 2C BC 80 15 60 5F 63 08 
	15 73 40 2C 3D 36 E1 3B 0F EC 46 10 6F FF 1A 96 
	30 57 DF 31 B5 E4 2A 0C A6 B2 CA 40 65 29 40 FD 
	BC 
cred (size 293):
	59 01 22 30 82 01 1E 30 81 C5 A0 03 02 01 02 02 
	04 61 E9 98 1E 30 0A 06 08 2A 86 48 CE 3D 04 03 
	02 30 15 31 13 30 11 06 03 55 04 03 0C 0A 45 44 
	48 4F 43 20 52 6F 6F 74 30 1E 17 0D 32 32 30 31 
	32 30 31 37 31 33 30 32 5A 17 0D 32 39 31 32 33 
	31 32 33 30 30 30 30 5A 30 1A 31 18 30 16 06 03 
	55 04 03 0C 0F 45 44 48 4F 43 20 52 65 73 70 6F 
	6E 64 65 72 30 59 30 13 06 07 2A 86 48 CE 3D 02 
	01 06 08 2A 86 48 CE 3D 03 01 07 03 42 00 04 BB 
	C3 49 60 52 6E A4 D3 2E 94 0C AD 2A 23 41 48 DD 
	C2 17 91 A1 2A FB CB AC 93 62 20 46 DD 44 F0 45 
	19 E2 57 23 6B 2A 0C E2 02 3F 09 31 F1 F3 86 CA 
	7A FD A6 4F CD E0 10 8C 22 4C 51 EA BF 60 72 30 
	0A 06 08 2A 86 48 CE 3D 04 03 02 03 48 00 30 45 
	02 20 30 19 4E F5 FC 65 C8 B7 95 CD CD 0B B4 31 
	BF 83 EE 67 41 C1 37 0C 22 C8 EB 8E E9 ED D2 A7 
	05 19 02 21 00 B5 83 0E 9C 89 A6 2A C7 3C E1 EB 
	CE 00 61 70 7D B8 A8 8E 23 70 9B 4A CC 58 A1 31 
	3B 13 3D 05 58 
TMP size: 32
CBOR ENCODE ERROR: 0
Encoded
memcopy1
memcopy2
Input to calculate TH_3/TH_4 (CBOR Sequence) (size 408):
	58 20 DC D9 54 E3 94 41 E2 BC B7 95 69 B6 E9 2B 
	1F F2 00 02 EB 57 AE 3F B4 96 EC 06 C8 03 9F 2D 
	6A 14 27 A1 18 22 82 2E 48 34 80 F5 FA 01 A8 AB 
	F4 58 40 A6 B5 11 71 DF 2A 56 C7 74 B6 8A 81 FB 
	DD 67 F1 D0 29 C7 A8 07 E4 35 2C BC 80 15 60 5F 
	63 08 15 73 40 2C 3D 36 E1 3B 0F EC 46 10 6F FF 
	1A 96 30 57 DF 31 B5 E4 2A 0C A6 B2 CA 40 65 29 
	40 FD BC 59 01 22 30 82 01 1E 30 81 C5 A0 03 02 
	01 02 02 04 61 E9 98 1E 30 0A 06 08 2A 86 48 CE 
	3D 04 03 02 30 15 31 13 30 11 06 03 55 04 03 0C 
	0A 45 44 48 4F 43 20 52 6F 6F 74 30 1E 17 0D 32 
	32 30 31 32 30 31 37 31 33 30 32 5A 17 0D 32 39 
	31 32 33 31 32 33 30 30 30 30 5A 30 1A 31 18 30 
	16 06 03 55 04 03 0C 0F 45 44 48 4F 43 20 52 65 
	73 70 6F 6E 64 65 72 30 59 30 13 06 07 2A 86 48 
	CE 3D 02 01 06 08 2A 86 48 CE 3D 03 01 07 03 42 
	00 04 BB C3 49 60 52 6E A4 D3 2E 94 0C AD 2A 23 
	41 48 DD C2 17 91 A1 2A FB CB AC 93 62 20 46 DD 
	44 F0 45 19 E2 57 23 6B 2A 0C E2 02 3F 09 31 F1 
	F3 86 CA 7A FD A6 4F CD E0 10 8C 22 4C 51 EA BF 
	60 72 30 0A 06 08 2A 86 48 CE 3D 04 03 02 03 48 
	00 30 45 02 20 30 19 4E F5 FC 65 C8 B7 95 CD CD 
	0B B4 31 BF 83 EE 67 41 C1 37 0C 22 C8 EB 8E E9 
	ED D2 A7 05 19 02 21 00 B5 83 0E 9C 89 A6 2A C7 
	3C E1 EB CE 00 61 70 7D B8 A8 8E 23 70 9B 4A CC 
	58 A1 31 3B 13 3D 05 58 
TH34 (size 32):
	75 1B 9D D1 D3 38 0A 71 E8 C9 10 52 CE B9 21 26 
	DB 20 9D 16 E6 9C 5E 0A 6E 2B 87 E0 46 64 A7 47 
prk_4e3m (size 32):
	D9 E7 3A ED 2F C2 D7 20 5A 85 28 E5 11 90 99 7A 
	E7 DA 22 D9 CC C5 56 40 3B 16 30 6E 27 BA 30 B9 
TMP size: 32
CBOR ENCODE ERROR: 0
MAX ID CRED: 400 cred len 14
MAX CRED: 765 cred len 293
PK SIZE: 65
SIGNATURE SIZE: 500
CONTEXT_MAC_SIZE: 1204
CONTEXT_MAC len: 342
CR len: 1
TH enc len: 34
MAC context (size 341):
	A1 18 22 82 2E 48 EE C7 3F CB B0 16 26 76 58 20 
	75 1B 9D D1 D3 38 0A 71 E8 C9 10 52 CE B9 21 26 
	DB 20 9D 16 E6 9C 5E 0A 6E 2B 87 E0 46 64 A7 47 
	59 01 22 30 82 01 1E 30 81 C5 A0 03 02 01 02 02 
	04 62 32 EF 6F 30 0A 06 08 2A 86 48 CE 3D 04 03 
	02 30 15 31 13 30 11 06 03 55 04 03 0C 0A 45 44 
	48 4F 43 20 52 6F 6F 74 30 1E 17 0D 32 32 30 33 
	31 37 30 38 32 31 30 33 5A 17 0D 32 39 31 32 33 
	31 32 33 30 30 30 30 5A 30 1A 31 18 30 16 06 03 
	55 04 03 0C 0F 45 44 48 4F 43 20 49 6E 69 74 69 
	61 74 6F 72 30 59 30 13 06 07 2A 86 48 CE 3D 02 
	01 06 08 2A 86 48 CE 3D 03 01 07 03 42 00 04 AC 
	75 E9 EC E3 E5 0B FC 8E D6 03 99 88 95 22 40 5C 
	47 BF 16 DF 96 66 0A 41 29 8C B4 30 7F 7E B6 6E 
	5D E6 11 38 8A 4B 8A 82 11 33 4A C7 D3 7E CB 52 
	A3 87 D2 57 E6 DB 3C 2A 93 DF 21 FF 3A FF C8 30 
	0A 06 08 2A 86 48 CE 3D 04 03 02 03 48 00 30 45 
	02 21 00 8C 32 3A 1F 33 21 38 AA B9 D0 BE AF B8 
	5F 8D 5A 44 07 3C 58 0F 59 5B C5 21 EF 91 3F 6E 
	F4 8D 11 02 20 6C 0A F1 A1 85 A4 E4 DE 06 35 36 
	99 23 1C 73 3A 6E 8D D2 DF 65 13 96 6C 91 30 15 
	2A 07 A2 BE DE 
is not DH, 32
MAC 2/3 (size 32):
	65 DD 1D D9 89 9E 21 E5 F5 75 C1 4A B5 94 12 89 
	9C 23 31 2A 46 53 C4 96 F2 73 0E 95 3D 56 E4 E6 
TMP size: 32
CBOR ENCODE ERROR: 0
Signature or mac size: 64Inside the sign
signature_or_mac (is signature) (size 64):
	68 A8 BB D1 55 45 F6 1E F6 74 F2 80 E5 13 0D FE 
	5D D7 96 67 23 0D D7 90 87 1B 78 3A E7 24 1F F0 
	CA D5 0F C6 24 09 DC BB A6 23 57 E1 42 D2 1B B0 
	9F 22 69 61 19 1B B2 80 E8 E8 65 FA 44 4C FB D8 
TMP size: 64
CBOR ENCODE ERROR: 0
kid (size 0):
K_3 (size 16):
	88 47 DD 88 1B 9A A5 21 CC F8 10 A3 AE 3A 24 87 
IV_3 (size 13):
	04 73 F6 8F EE 39 55 A4 AD 5B 4E 00 6F 
aad_data (size 45):
	83 68 45 6E 63 72 79 70 74 30 40 58 20 75 1B 9D 
	D1 D3 38 0A 71 E8 C9 10 52 CE B9 21 26 DB 20 9D 
	16 E6 9C 5E 0A 6E 2B 87 E0 46 64 A7 47 
ciphertext_2/3/4 (size 88):
	CC D2 55 5F 0B 64 BD 35 6B 33 06 02 3A 70 70 4C 
	A6 39 D1 24 8F A4 91 C8 83 66 1D 89 C8 BA C8 69 
	6A B9 79 54 E5 69 BF BB D7 DC 7A 85 6E 09 CB 57 
	AE 3D 2A 62 6B 4A D8 AB 77 66 D6 7C B3 16 84 C6 
	D0 86 BF 50 3D FB B4 E6 26 6C 04 91 E8 A4 49 C3 
	DC 04 62 87 2A 89 45 62 
CIPHERTEXT: (size 88):
	CC D2 55 5F 0B 64 BD 35 6B 33 06 02 3A 70 70 4C 
	A6 39 D1 24 8F A4 91 C8 83 66 1D 89 C8 BA C8 69 
	6A B9 79 54 E5 69 BF BB D7 DC 7A 85 6E 09 CB 57 
	AE 3D 2A 62 6B 4A D8 AB 77 66 D6 7C B3 16 84 C6 
	D0 86 BF 50 3D FB B4 E6 26 6C 04 91 E8 A4 49 C3 
	DC 04 62 87 2A 89 45 62 
MSG out size:92
TMP size: 88
CBOR ENCODE ERROR: 0
msg3 (size 90):
	58 58 CC D2 55 5F 0B 64 BD 35 6B 33 06 02 3A 70 
	70 4C A6 39 D1 24 8F A4 91 C8 83 66 1D 89 C8 BA 
	C8 69 6A B9 79 54 E5 69 BF BB D7 DC 7A 85 6E 09 
	CB 57 AE 3D 2A 62 6B 4A D8 AB 77 66 D6 7C B3 16 
	84 C6 D0 86 BF 50 3D FB B4 E6 26 6C 04 91 E8 A4 
	49 C3 DC 04 62 87 2A 89 45 62 
th23 (size 32):
	75 1B 9D D1 D3 38 0A 71 E8 C9 10 52 CE B9 21 26 
	DB 20 9D 16 E6 9C 5E 0A 6E 2B 87 E0 46 64 A7 47 
plaintext_23 (size 80):
	A1 18 22 82 2E 48 EE C7 3F CB B0 16 26 76 58 40 
	68 A8 BB D1 55 45 F6 1E F6 74 F2 80 E5 13 0D FE 
	5D D7 96 67 23 0D D7 90 87 1B 78 3A E7 24 1F F0 
	CA D5 0F C6 24 09 DC BB A6 23 57 E1 42 D2 1B B0 
	9F 22 69 61 19 1B B2 80 E8 E8 65 FA 44 4C FB D8 
cred (size 293):
	59 01 22 30 82 01 1E 30 81 C5 A0 03 02 01 02 02 
	04 62 32 EF 6F 30 0A 06 08 2A 86 48 CE 3D 04 03 
	02 30 15 31 13 30 11 06 03 55 04 03 0C 0A 45 44 
	48 4F 43 20 52 6F 6F 74 30 1E 17 0D 32 32 30 33 
	31 37 30 38 32 31 30 33 5A 17 0D 32 39 31 32 33 
	31 32 33 30 30 30 30 5A 30 1A 31 18 30 16 06 03 
	55 04 03 0C 0F 45 44 48 4F 43 20 49 6E 69 74 69 
	61 74 6F 72 30 59 30 13 06 07 2A 86 48 CE 3D 02 
	01 06 08 2A 86 48 CE 3D 03 01 07 03 42 00 04 AC 
	75 E9 EC E3 E5 0B FC 8E D6 03 99 88 95 22 40 5C 
	47 BF 16 DF 96 66 0A 41 29 8C B4 30 7F 7E B6 6E 
	5D E6 11 38 8A 4B 8A 82 11 33 4A C7 D3 7E CB 52 
	A3 87 D2 57 E6 DB 3C 2A 93 DF 21 FF 3A FF C8 30 
	0A 06 08 2A 86 48 CE 3D 04 03 02 03 48 00 30 45 
	02 21 00 8C 32 3A 1F 33 21 38 AA B9 D0 BE AF B8 
	5F 8D 5A 44 07 3C 58 0F 59 5B C5 21 EF 91 3F 6E 
	F4 8D 11 02 20 6C 0A F1 A1 85 A4 E4 DE 06 35 36 
	99 23 1C 73 3A 6E 8D D2 DF 65 13 96 6C 91 30 15 
	2A 07 A2 BE DE 
TMP size: 32
CBOR ENCODE ERROR: 0
Encoded
memcopy1
memcopy2
Input to calculate TH_3/TH_4 (CBOR Sequence) (size 407):
	58 20 75 1B 9D D1 D3 38 0A 71 E8 C9 10 52 CE B9 
	21 26 DB 20 9D 16 E6 9C 5E 0A 6E 2B 87 E0 46 64 
	A7 47 A1 18 22 82 2E 48 EE C7 3F CB B0 16 26 76 
	58 40 68 A8 BB D1 55 45 F6 1E F6 74 F2 80 E5 13 
	0D FE 5D D7 96 67 23 0D D7 90 87 1B 78 3A E7 24 
	1F F0 CA D5 0F C6 24 09 DC BB A6 23 57 E1 42 D2 
	1B B0 9F 22 69 61 19 1B B2 80 E8 E8 65 FA 44 4C 
	FB D8 59 01 22 30 82 01 1E 30 81 C5 A0 03 02 01 
	02 02 04 62 32 EF 6F 30 0A 06 08 2A 86 48 CE 3D 
	04 03 02 30 15 31 13 30 11 06 03 55 04 03 0C 0A 
	45 44 48 4F 43 20 52 6F 6F 74 30 1E 17 0D 32 32 
	30 33 31 37 30 38 32 31 30 33 5A 17 0D 32 39 31 
	32 33 31 32 33 30 30 30 30 5A 30 1A 31 18 30 16 
	06 03 55 04 03 0C 0F 45 44 48 4F 43 20 49 6E 69 
	74 69 61 74 6F 72 30 59 30 13 06 07 2A 86 48 CE 
	3D 02 01 06 08 2A 86 48 CE 3D 03 01 07 03 42 00 
	04 AC 75 E9 EC E3 E5 0B FC 8E D6 03 99 88 95 22 
	40 5C 47 BF 16 DF 96 66 0A 41 29 8C B4 30 7F 7E 
	B6 6E 5D E6 11 38 8A 4B 8A 82 11 33 4A C7 D3 7E 
	CB 52 A3 87 D2 57 E6 DB 3C 2A 93 DF 21 FF 3A FF 
	C8 30 0A 06 08 2A 86 48 CE 3D 04 03 02 03 48 00 
	30 45 02 21 00 8C 32 3A 1F 33 21 38 AA B9 D0 BE 
	AF B8 5F 8D 5A 44 07 3C 58 0F 59 5B C5 21 EF 91 
	3F 6E F4 8D 11 02 20 6C 0A F1 A1 85 A4 E4 DE 06 
	35 36 99 23 1C 73 3A 6E 8D D2 DF 65 13 96 6C 91 
	30 15 2A 07 A2 BE DE 
TH34 (size 32):
	99 D7 6E 82 BE E9 A4 23 10 EC 39 F8 DF DD E2 D0 
	2A BE FB 4C EE AF C2 01 1C E1 ED 36 47 63 B9 8C 
PRK_out (size 32):
	9B BE E8 AB 74 06 9B 46 81 4A 9E 93 60 8F 60 7C 
	AE E5 43 34 3C 7F 81 23 0A E9 BC 8C 6B 1E 9F 90 
prk_exporter (size 32):
	00 5E EB 42 90 D0 66 65 9E D7 B9 DE 65 C2 EC 87 
	84 D9 F9 0A 98 08 0C 0A E9 02 53 93 94 10 42 95 
OSCORE Master Secret (size 16):
	30 C5 2B 68 E9 9B 70 9D A1 17 CB BA 59 61 A8 BE 
OSCORE Master Salt (size 8):
	67 47 D0 87 EF B9 83 FF 
