[init] get_suite
[init] suite ready
[init] static DH keygen
[init] static responder pk
[init] ephemeral DH keygen
[init] ephemeral KEM keygen alg -67
IPv4 client to connect to server with address 127.0.0.1 started!
[init] socket ready
[init] starting edhoc_initiator_run
MSG1 gx (size 1216):
	FB B4 6F DD 17 E8 B7 0E C5 98 DE CB B6 C8 4A 15 
	29 B0 DF CF 9E DE D9 C5 F8 D3 BF 64 F5 52 D2 10 
	36 29 B5 89 E6 B6 EB 00 4C A4 71 3A 83 CA C5 A7 
	02 46 68 61 6D B0 41 03 BE BC C1 49 55 B7 BF 2B 
	B3 E8 3B C1 0D 01 72 A4 9C 64 05 F9 3D 62 C3 05 
	B0 6C 35 49 A2 95 7B 70 9E EC FB 50 03 CA 9F EE 
	E0 50 C6 88 B7 59 21 80 EC 72 2B 01 7B 7C 9F B9 
	81 77 59 58 4D F0 2A 9F 25 35 D2 F8 67 64 A0 6D 
	97 AC 31 E0 7A 2C 26 10 96 E5 54 83 E0 05 AE 8A 
	B6 28 76 90 A2 0A 97 AB 8A 56 49 3F 92 CB 4D B9 
	30 43 17 9C B5 6B 42 25 B0 53 0E 14 28 A7 13 29 
	6D 1B 2C 9A 0A 77 A7 DB B4 FE 6B 61 7D 88 92 68 
	85 52 54 C3 BE 73 C1 0D 35 F3 B9 3D 54 66 F6 29 
	3C 2A F0 A0 46 00 0B 82 09 59 C6 D5 C9 B3 E7 47 
	B5 68 5D 4A C8 6E 97 F5 A0 B6 75 63 6A 49 28 B9 
	B1 80 1A 31 C6 EC C0 4C 09 B5 3F 5E FB 28 0B 60 
	56 01 03 1E 47 4C B7 97 38 8F 0B 26 3A 9B CA 94 
	C6 C3 33 48 83 CE 32 8C 49 1B 41 44 68 96 CF ED 
	AC 6D 0A 6B 83 A2 8B A7 FB B6 97 5C A1 CA 68 36 
	2C B7 1A 52 9C 69 44 0C F1 4C 9E 77 C7 F7 5A 61 
	AA 6C 6B 16 4A BA 64 9A 43 C9 35 18 61 36 03 6B 
	E6 39 45 4A A8 93 9A C2 88 BB 21 4E 82 33 2E 17 
	23 80 1A CE A1 14 A3 B9 51 95 C8 06 B4 81 EC AF 
	4D 6B AE 44 B4 9C E9 5A B2 AD B8 CD DC D8 75 53 
	51 76 BE 75 82 1C 1C A2 68 7A 28 C2 B4 4D E4 D5 
	9B 0B 03 90 B2 E3 63 C5 AA 13 C4 FA 8F 3F 03 BC 
	F4 17 56 AE 74 7D D1 35 B1 90 A0 CA 2E D9 2D DC 
	06 7B 22 E1 C5 CF 94 1A 44 D7 6E 44 0B 55 2A 13 
	A5 A4 55 A5 F4 A6 7F 5F D0 8C 15 88 92 04 00 C2 
	65 D1 74 CE 99 8B 87 EC 59 5E 14 7C 25 68 9E E7 
	D6 1D EE 62 59 C2 92 73 0D 08 D0 FE A0 2A BC 13 
	78 69 76 0E DA CA B7 5C A5 4D 3D 99 2C 36 37 7D 
	29 A6 A8 36 84 3F 7F A3 7E E7 91 80 9D 45 C8 F5 
	15 15 41 E8 7A 7E FB BC BD 29 87 91 85 B5 28 47 
	13 62 B6 30 70 C1 14 96 07 1D E3 7B BB 7C 56 5C 
	C8 1A C0 F1 1C 5C A1 0C 86 FF AC 83 0D 00 C4 B0 
	99 A4 23 A9 4A 56 80 15 85 19 BA 36 89 2B 33 72 
	BF 2B 95 00 F5 67 34 3D 45 07 80 F1 6C 10 97 83 
	BA AA 75 8D 13 BC 8F A7 4B 66 50 AD 8C E3 C6 67 
	82 38 72 1A 09 65 93 43 DA DB 59 AD 68 B4 72 0A 
	49 EE 82 94 26 14 4B 44 8B 58 84 50 CC 1A 34 07 
	E8 25 68 28 77 C1 DB 4B 4A CB D0 7C F4 39 5B 62 
	64 A7 78 59 2E 3E 7B 3F AF CB 13 EC E1 15 4E E6 
	A8 08 5A 7F BD 00 5A E2 C3 9F AE 6B 64 CD 87 1D 
	F8 EB 03 3B 2C C4 8E FB 88 8C D5 48 96 D3 B4 5E 
	12 6A 61 B9 C7 01 1A 8D 29 13 0F 4D 35 C3 59 DA 
	B5 8E 31 5F 82 B9 99 89 00 12 6D 7A BC 1E E0 56 
	82 53 53 A0 8A 20 BB 56 A0 CD FC 01 99 B5 73 AF 
	02 BA DE 34 56 D3 DB 5A 2C 8B 7F 96 64 B6 C6 41 
	3C 08 E9 7D 53 01 78 07 48 94 C4 29 02 ED 84 35 
	A6 48 1F 74 C5 37 D9 A1 16 B3 53 91 1C 16 1D 5F 
	96 0F 53 F3 0B 85 97 37 03 88 1A D5 DA 9A 22 1C 
	7C 85 8C 86 A4 7C 68 B2 97 B7 0A 72 77 FD 60 38 
	7F 15 69 CA 85 37 00 2B 1D AE C2 71 A9 A0 C0 87 
	A1 98 CF F6 37 A9 45 10 5C C0 79 2D 51 07 31 F5 
	5E 94 3C 8F D9 A3 9E E7 D4 83 13 D3 B9 E7 42 25 
	B1 A3 CD 98 78 5E FD 8C 98 75 2B 2E A8 55 88 5A 
	13 85 67 28 3C 07 43 3D 63 02 6C 93 E0 99 21 B5 
	2E D1 80 AD B3 29 36 C1 4C 4C AA 77 A0 40 D1 23 
	49 33 47 89 2A 2D 0C 5B 13 10 94 C8 42 05 B5 B3 
	78 51 95 CA 73 D6 62 BB 03 04 6A 03 99 88 D2 AC 
	17 49 65 87 B3 E0 BB DD 76 95 80 09 5F 26 4A B9 
	63 32 96 D2 95 75 E5 30 C4 B7 17 38 AE B0 74 A8 
	A3 6C 59 E8 80 D5 62 92 3D CA 75 73 82 1E 94 DB 
	B9 A0 6B A5 DA A0 C2 D9 0A B9 59 A2 47 F7 01 AF 
	56 95 57 64 B7 1C 23 79 BB B0 1C 1E F1 82 49 D5 
	D7 8F B5 93 10 85 4B 1B 2E A9 3B A3 77 58 60 48 
	2A 78 AC 4E D9 F4 CF E0 B8 22 B3 9A AD 87 46 8F 
	92 90 C5 29 94 8D 06 67 96 39 71 03 54 63 95 25 
	40 6B 80 A9 CD AA 94 3A 91 5C AA D2 C9 9C 73 1B 
	BB 0C AC 83 9A 12 7C 26 C9 81 FC 36 51 64 F9 68 
	5A 32 48 87 43 04 CF 4B A3 50 1B 71 E5 AB 24 C3 
	23 2C E9 F2 CC 77 5A 7E 65 95 82 1F 62 3C B1 9B 
	AB 46 75 13 8B A4 24 89 40 94 79 5A 6B EE E7 1F 
	9E 69 4A 89 4D AD FC F6 99 43 C5 9F 5B 77 6A F1 
	F5 4C 09 99 58 BA 2B 78 54 23 EC 9E 7C 0B 60 1D 
X (eph -rpivate I) (size 2432):
	30 8A EE 3F ED 8C 9D 04 0D 35 A7 FC 1F A7 76 FB 
	31 30 38 33 AA 2D E8 85 35 4D DF 3D 44 D8 FB 69 
	7F 52 60 75 15 5B 23 F0 02 3C 66 14 37 A1 5A 6A 
	5C 8C E2 74 48 45 F7 82 0E 02 15 5D 14 26 D2 B6 
	B5 E9 55 00 BB 7A AC 3B 7C B5 BA 69 61 98 3B 51 
	59 43 79 62 A5 96 05 C9 3D B6 87 0A 62 F0 49 78 
	A7 98 CA 7A 73 F8 DA 52 37 13 29 6B 37 81 FD 72 
	AC 40 10 A9 73 F0 7A 3A 14 27 6C EA BE D3 D1 47 
	99 10 A6 C1 5C 74 A5 A0 8E D1 31 30 5A A7 61 AD 
	14 A3 93 3B 45 E7 44 36 0D 3C 7E 83 A7 16 CE 63 
	1C 38 4B 74 1E 41 32 D5 8A 8E C7 91 74 78 D0 0E 
	62 32 B9 BE 72 C5 A6 D0 83 EA 65 80 7F 4A 73 1B 
	A4 2B 99 C8 B4 D9 E5 27 DE 37 44 DE 78 9E 80 7A 
	1E B1 26 32 55 98 C3 39 04 C1 EC 62 B1 5C B1 09 
	70 53 10 9F E6 AC 7F 29 C1 31 8C 71 6B 12 82 4A 
	07 A3 60 A8 CD 71 DA 76 EF BC 7D 86 65 38 50 81 
	63 D3 0C A9 A3 6A 7B E8 70 44 18 C0 A2 2C E6 92 
	AE 48 6E C9 C5 4F DF 3C CD 35 46 A5 FD 23 C6 85 
	65 81 59 11 0F 1C 27 97 6B 84 6C 24 FC 62 15 9A 
	CE AD 12 AF BF 20 5B 22 D7 47 57 2B 5E 02 43 6E 
	E9 55 8A D9 F4 56 26 60 56 46 CA 24 24 4B 73 8A 
	AB 5E 4A 63 96 0B 94 C6 1C 91 4C EA 26 A8 1D 41 
	01 75 A5 9F AB 25 4F 7E 72 A4 52 0B 3A 9A CB 12 
	85 8C 04 08 91 74 52 3A 10 89 D4 51 24 17 22 23 
	EA 63 B7 C6 42 BA 01 61 15 53 97 8C FC 82 0D 42 
	9D 64 09 39 60 D1 36 04 C9 96 65 5C 0A AD 34 5A 
	2D 34 AE 33 D4 8F 16 90 9B 77 68 55 51 30 8E 11 
	D2 9F EB 96 CB 97 16 25 BF EC B7 C8 28 72 7E C9 
	82 13 E1 38 10 6A 11 4B CA 03 84 8A 45 60 CC B1 
	0A 0A A9 B3 59 C0 D5 09 C2 4A B2 2A 91 C0 C6 C8 
	32 96 F7 83 16 CB 63 36 E7 26 C2 62 64 23 F8 03 
	6C F1 14 62 D0 35 23 18 3C 6E 8E B4 21 59 16 7D 
	D8 74 87 22 24 1E 7C F8 25 AD A3 51 33 CA 4E 08 
	E4 BA 21 F8 49 FB A9 24 6D 14 C7 53 66 8C 54 E7 
	AA 58 F6 58 CD 96 22 DF 34 18 BC 90 7B 98 48 9B 
	4C 5B 74 E6 47 4F 49 B9 5B 22 11 67 B6 A9 52 CC 
	98 3F A6 72 3B 05 75 46 53 9C CC 5B CC 95 C2 66 
	4F 2E EC BB 79 6B 3A BB 91 21 CD 05 8A D3 08 87 
	2C 8C 38 18 51 61 26 43 89 65 E8 77 E3 F1 31 93 
	05 6C 7B 37 02 33 23 72 85 68 26 5B C5 29 BD 9B 
	C7 E5 A8 0A 9C 4A 2A 52 9C 70 1E 4B 89 CA 9A 78 
	74 C0 7C 4E A1 22 7E BB 22 53 F0 46 2F 57 3B EE 
	D4 03 7B 17 A0 93 31 31 96 8A 2F 8C 23 74 35 C2 
	43 C9 68 10 3C 7A 10 C8 87 8F AF 78 44 64 B7 8A 
	A0 57 A4 A5 1B 9D B0 19 6D 01 47 35 13 98 4D 7A 
	30 1A 7B CA 41 99 01 0A 41 32 B6 40 05 D0 26 4B 
	9B D5 DA 8F 0F 44 CE CB 76 B9 EA 5A 19 32 B5 A1 
	70 B5 18 AE A8 04 DE B2 48 DD 68 06 4F 8A 2D EC 
	D2 9B AD A8 74 3A 52 C0 61 38 7F 06 32 89 45 27 
	61 BD 72 6C F0 EB 7F BF 27 80 B6 AA 8C 6E 32 51 
	01 CC 50 7B AB 41 72 99 4A 6B 4A C5 80 E8 77 C0 
	2B 73 6A 47 65 F3 CB 23 31 AC 64 81 C2 55 A4 7B 
	3D F2 FA BA 3D F1 94 C1 A2 63 0D F8 C8 82 62 47 
	09 84 BE EA 16 10 7D 10 51 D4 F3 4D 32 2B 4E 0B 
	22 27 E7 BB 31 7A 34 32 6A 92 6D 9F 52 53 C7 84 
	9E B4 27 77 8A 9B 0C 21 24 3A 1B 72 9D 51 AB 0D 
	12 B9 7F 44 04 72 9A FB CF E5 92 AC 1E C7 99 7B 
	49 30 CE 87 B5 7E E9 BD 52 22 01 20 87 C3 D3 2C 
	94 5F F0 CA 75 17 0F 82 40 72 7E 4B 09 B5 81 B9 
	F8 CA 99 BF B6 1A BB 96 6A 0E AA CE 13 A2 7C E2 
	4B 5E BE E5 59 BA F8 16 FF 68 2D B7 81 0D F9 68 
	9B 8B A1 66 C7 0A 2B 16 E7 CF 28 62 18 C5 78 BA 
	F6 6B 53 6B A8 AA 4D BA 24 7D 83 16 24 94 04 82 
	53 0D 8B C7 07 0D C8 AE 53 D1 40 78 38 C8 8C 39 
	A6 54 56 52 41 69 50 99 A6 41 E1 FC 6D 47 B6 3C 
	B2 DC AE A9 41 7B DB E0 BF EE 28 47 83 D4 80 19 
	B3 C9 2D D3 3E C3 33 62 61 27 C0 A7 3C B4 C2 30 
	AC B2 8A CC CF 10 57 01 E1 20 26 98 09 89 E9 10 
	B2 3C 9B 25 E8 80 09 0A 98 7D 85 3E 06 62 83 F6 
	46 45 1D CB 3A EE 19 C4 65 59 CE BC 7A 4A DE 31 
	4B 7B A6 A1 77 F1 90 ED 13 56 4B 35 C7 4F D4 CF 
	5C 62 91 A7 65 32 84 A3 1D CF C3 44 75 C2 23 D2 
	15 15 9C 4A 79 B7 50 56 F6 6A 11 6F 26 A6 AF 72 
	70 54 E6 6E 71 F0 68 56 E3 AE 89 14 71 3B CC 3C 
	36 29 B5 89 E6 B6 EB 00 4C A4 71 3A 83 CA C5 A7 
	02 46 68 61 6D B0 41 03 BE BC C1 49 55 B7 BF 2B 
	B3 E8 3B C1 0D 01 72 A4 9C 64 05 F9 3D 62 C3 05 
	B0 6C 35 49 A2 95 7B 70 9E EC FB 50 03 CA 9F EE 
	E0 50 C6 88 B7 59 21 80 EC 72 2B 01 7B 7C 9F B9 
	81 77 59 58 4D F0 2A 9F 25 35 D2 F8 67 64 A0 6D 
	97 AC 31 E0 7A 2C 26 10 96 E5 54 83 E0 05 AE 8A 
	B6 28 76 90 A2 0A 97 AB 8A 56 49 3F 92 CB 4D B9 
	30 43 17 9C B5 6B 42 25 B0 53 0E 14 28 A7 13 29 
	6D 1B 2C 9A 0A 77 A7 DB B4 FE 6B 61 7D 88 92 68 
	85 52 54 C3 BE 73 C1 0D 35 F3 B9 3D 54 66 F6 29 
	3C 2A F0 A0 46 00 0B 82 09 59 C6 D5 C9 B3 E7 47 
	B5 68 5D 4A C8 6E 97 F5 A0 B6 75 63 6A 49 28 B9 
	B1 80 1A 31 C6 EC C0 4C 09 B5 3F 5E FB 28 0B 60 
	56 01 03 1E 47 4C B7 97 38 8F 0B 26 3A 9B CA 94 
	C6 C3 33 48 83 CE 32 8C 49 1B 41 44 68 96 CF ED 
	AC 6D 0A 6B 83 A2 8B A7 FB B6 97 5C A1 CA 68 36 
	2C B7 1A 52 9C 69 44 0C F1 4C 9E 77 C7 F7 5A 61 
	AA 6C 6B 16 4A BA 64 9A 43 C9 35 18 61 36 03 6B 
	E6 39 45 4A A8 93 9A C2 88 BB 21 4E 82 33 2E 17 
	23 80 1A CE A1 14 A3 B9 51 95 C8 06 B4 81 EC AF 
	4D 6B AE 44 B4 9C E9 5A B2 AD B8 CD DC D8 75 53 
	51 76 BE 75 82 1C 1C A2 68 7A 28 C2 B4 4D E4 D5 
	9B 0B 03 90 B2 E3 63 C5 AA 13 C4 FA 8F 3F 03 BC 
	F4 17 56 AE 74 7D D1 35 B1 90 A0 CA 2E D9 2D DC 
	06 7B 22 E1 C5 CF 94 1A 44 D7 6E 44 0B 55 2A 13 
	A5 A4 55 A5 F4 A6 7F 5F D0 8C 15 88 92 04 00 C2 
	65 D1 74 CE 99 8B 87 EC 59 5E 14 7C 25 68 9E E7 
	D6 1D EE 62 59 C2 92 73 0D 08 D0 FE A0 2A BC 13 
	78 69 76 0E DA CA B7 5C A5 4D 3D 99 2C 36 37 7D 
	29 A6 A8 36 84 3F 7F A3 7E E7 91 80 9D 45 C8 F5 
	15 15 41 E8 7A 7E FB BC BD 29 87 91 85 B5 28 47 
	13 62 B6 30 70 C1 14 96 07 1D E3 7B BB 7C 56 5C 
	C8 1A C0 F1 1C 5C A1 0C 86 FF AC 83 0D 00 C4 B0 
	99 A4 23 A9 4A 56 80 15 85 19 BA 36 89 2B 33 72 
	BF 2B 95 00 F5 67 34 3D 45 07 80 F1 6C 10 97 83 
	BA AA 75 8D 13 BC 8F A7 4B 66 50 AD 8C E3 C6 67 
	82 38 72 1A 09 65 93 43 DA DB 59 AD 68 B4 72 0A 
	49 EE 82 94 26 14 4B 44 8B 58 84 50 CC 1A 34 07 
	E8 25 68 28 77 C1 DB 4B 4A CB D0 7C F4 39 5B 62 
	64 A7 78 59 2E 3E 7B 3F AF CB 13 EC E1 15 4E E6 
	A8 08 5A 7F BD 00 5A E2 C3 9F AE 6B 64 CD 87 1D 
	F8 EB 03 3B 2C C4 8E FB 88 8C D5 48 96 D3 B4 5E 
	12 6A 61 B9 C7 01 1A 8D 29 13 0F 4D 35 C3 59 DA 
	B5 8E 31 5F 82 B9 99 89 00 12 6D 7A BC 1E E0 56 
	82 53 53 A0 8A 20 BB 56 A0 CD FC 01 99 B5 73 AF 
	02 BA DE 34 56 D3 DB 5A 2C 8B 7F 96 64 B6 C6 41 
	3C 08 E9 7D 53 01 78 07 48 94 C4 29 02 ED 84 35 
	A6 48 1F 74 C5 37 D9 A1 16 B3 53 91 1C 16 1D 5F 
	96 0F 53 F3 0B 85 97 37 03 88 1A D5 DA 9A 22 1C 
	7C 85 8C 86 A4 7C 68 B2 97 B7 0A 72 77 FD 60 38 
	7F 15 69 CA 85 37 00 2B 1D AE C2 71 A9 A0 C0 87 
	A1 98 CF F6 37 A9 45 10 5C C0 79 2D 51 07 31 F5 
	5E 94 3C 8F D9 A3 9E E7 D4 83 13 D3 B9 E7 42 25 
	B1 A3 CD 98 78 5E FD 8C 98 75 2B 2E A8 55 88 5A 
	13 85 67 28 3C 07 43 3D 63 02 6C 93 E0 99 21 B5 
	2E D1 80 AD B3 29 36 C1 4C 4C AA 77 A0 40 D1 23 
	49 33 47 89 2A 2D 0C 5B 13 10 94 C8 42 05 B5 B3 
	78 51 95 CA 73 D6 62 BB 03 04 6A 03 99 88 D2 AC 
	17 49 65 87 B3 E0 BB DD 76 95 80 09 5F 26 4A B9 
	63 32 96 D2 95 75 E5 30 C4 B7 17 38 AE B0 74 A8 
	A3 6C 59 E8 80 D5 62 92 3D CA 75 73 82 1E 94 DB 
	B9 A0 6B A5 DA A0 C2 D9 0A B9 59 A2 47 F7 01 AF 
	56 95 57 64 B7 1C 23 79 BB B0 1C 1E F1 82 49 D5 
	D7 8F B5 93 10 85 4B 1B 2E A9 3B A3 77 58 60 48 
	2A 78 AC 4E D9 F4 CF E0 B8 22 B3 9A AD 87 46 8F 
	92 90 C5 29 94 8D 06 67 96 39 71 03 54 63 95 25 
	40 6B 80 A9 CD AA 94 3A 91 5C AA D2 C9 9C 73 1B 
	BB 0C AC 83 9A 12 7C 26 C9 81 FC 36 51 64 F9 68 
	5A 32 48 87 43 04 CF 4B A3 50 1B 71 E5 AB 24 C3 
	23 2C E9 F2 CC 77 5A 7E 65 95 82 1F 62 3C B1 9B 
	AB 46 75 13 8B A4 24 89 40 94 79 5A 6B EE E7 1F 
	9E 69 4A 89 4D AD FC F6 99 43 C5 9F 5B 77 6A F1 
	F5 4C 09 99 58 BA 2B 78 54 23 EC 9E 7C 0B 60 1D 
	86 38 A9 B4 11 51 91 53 B3 96 31 7B FB 2A 89 B6 
	CD E2 FF 4F 52 BD 4C ED 41 C5 71 05 ED 5D AF B7 
	B4 7D E6 02 F8 8A B1 59 F4 F4 38 96 F7 EA B1 F9 
	56 31 AD 4B 1E 76 E7 C5 E8 31 17 BB 07 B1 F9 A0 
C_I (size 1):
	49 
message_1 (CBOR Sequence) (size 1223):
	03 15 59 04 C0 FB B4 6F DD 17 E8 B7 0E C5 98 DE 
	CB B6 C8 4A 15 29 B0 DF CF 9E DE D9 C5 F8 D3 BF 
	64 F5 52 D2 10 36 29 B5 89 E6 B6 EB 00 4C A4 71 
	3A 83 CA C5 A7 02 46 68 61 6D B0 41 03 BE BC C1 
	49 55 B7 BF 2B B3 E8 3B C1 0D 01 72 A4 9C 64 05 
	F9 3D 62 C3 05 B0 6C 35 49 A2 95 7B 70 9E EC FB 
	50 03 CA 9F EE E0 50 C6 88 B7 59 21 80 EC 72 2B 
	01 7B 7C 9F B9 81 77 59 58 4D F0 2A 9F 25 35 D2 
	F8 67 64 A0 6D 97 AC 31 E0 7A 2C 26 10 96 E5 54 
	83 E0 05 AE 8A B6 28 76 90 A2 0A 97 AB 8A 56 49 
	3F 92 CB 4D B9 30 43 17 9C B5 6B 42 25 B0 53 0E 
	14 28 A7 13 29 6D 1B 2C 9A 0A 77 A7 DB B4 FE 6B 
	61 7D 88 92 68 85 52 54 C3 BE 73 C1 0D 35 F3 B9 
	3D 54 66 F6 29 3C 2A F0 A0 46 00 0B 82 09 59 C6 
	D5 C9 B3 E7 47 B5 68 5D 4A C8 6E 97 F5 A0 B6 75 
	63 6A 49 28 B9 B1 80 1A 31 C6 EC C0 4C 09 B5 3F 
	5E FB 28 0B 60 56 01 03 1E 47 4C B7 97 38 8F 0B 
	26 3A 9B CA 94 C6 C3 33 48 83 CE 32 8C 49 1B 41 
	44 68 96 CF ED AC 6D 0A 6B 83 A2 8B A7 FB B6 97 
	5C A1 CA 68 36 2C B7 1A 52 9C 69 44 0C F1 4C 9E 
	77 C7 F7 5A 61 AA 6C 6B 16 4A BA 64 9A 43 C9 35 
	18 61 36 03 6B E6 39 45 4A A8 93 9A C2 88 BB 21 
	4E 82 33 2E 17 23 80 1A CE A1 14 A3 B9 51 95 C8 
	06 B4 81 EC AF 4D 6B AE 44 B4 9C E9 5A B2 AD B8 
	CD DC D8 75 53 51 76 BE 75 82 1C 1C A2 68 7A 28 
	C2 B4 4D E4 D5 9B 0B 03 90 B2 E3 63 C5 AA 13 C4 
	FA 8F 3F 03 BC F4 17 56 AE 74 7D D1 35 B1 90 A0 
	CA 2E D9 2D DC 06 7B 22 E1 C5 CF 94 1A 44 D7 6E 
	44 0B 55 2A 13 A5 A4 55 A5 F4 A6 7F 5F D0 8C 15 
	88 92 04 00 C2 65 D1 74 CE 99 8B 87 EC 59 5E 14 
	7C 25 68 9E E7 D6 1D EE 62 59 C2 92 73 0D 08 D0 
	FE A0 2A BC 13 78 69 76 0E DA CA B7 5C A5 4D 3D 
	99 2C 36 37 7D 29 A6 A8 36 84 3F 7F A3 7E E7 91 
	80 9D 45 C8 F5 15 15 41 E8 7A 7E FB BC BD 29 87 
	91 85 B5 28 47 13 62 B6 30 70 C1 14 96 07 1D E3 
	7B BB 7C 56 5C C8 1A C0 F1 1C 5C A1 0C 86 FF AC 
	83 0D 00 C4 B0 99 A4 23 A9 4A 56 80 15 85 19 BA 
	36 89 2B 33 72 BF 2B 95 00 F5 67 34 3D 45 07 80 
	F1 6C 10 97 83 BA AA 75 8D 13 BC 8F A7 4B 66 50 
	AD 8C E3 C6 67 82 38 72 1A 09 65 93 43 DA DB 59 
	AD 68 B4 72 0A 49 EE 82 94 26 14 4B 44 8B 58 84 
	50 CC 1A 34 07 E8 25 68 28 77 C1 DB 4B 4A CB D0 
	7C F4 39 5B 62 64 A7 78 59 2E 3E 7B 3F AF CB 13 
	EC E1 15 4E E6 A8 08 5A 7F BD 00 5A E2 C3 9F AE 
	6B 64 CD 87 1D F8 EB 03 3B 2C C4 8E FB 88 8C D5 
	48 96 D3 B4 5E 12 6A 61 B9 C7 01 1A 8D 29 13 0F 
	4D 35 C3 59 DA B5 8E 31 5F 82 B9 99 89 00 12 6D 
	7A BC 1E E0 56 82 53 53 A0 8A 20 BB 56 A0 CD FC 
	01 99 B5 73 AF 02 BA DE 34 56 D3 DB 5A 2C 8B 7F 
	96 64 B6 C6 41 3C 08 E9 7D 53 01 78 07 48 94 C4 
	29 02 ED 84 35 A6 48 1F 74 C5 37 D9 A1 16 B3 53 
	91 1C 16 1D 5F 96 0F 53 F3 0B 85 97 37 03 88 1A 
	D5 DA 9A 22 1C 7C 85 8C 86 A4 7C 68 B2 97 B7 0A 
	72 77 FD 60 38 7F 15 69 CA 85 37 00 2B 1D AE C2 
	71 A9 A0 C0 87 A1 98 CF F6 37 A9 45 10 5C C0 79 
	2D 51 07 31 F5 5E 94 3C 8F D9 A3 9E E7 D4 83 13 
	D3 B9 E7 42 25 B1 A3 CD 98 78 5E FD 8C 98 75 2B 
	2E A8 55 88 5A 13 85 67 28 3C 07 43 3D 63 02 6C 
	93 E0 99 21 B5 2E D1 80 AD B3 29 36 C1 4C 4C AA 
	77 A0 40 D1 23 49 33 47 89 2A 2D 0C 5B 13 10 94 
	C8 42 05 B5 B3 78 51 95 CA 73 D6 62 BB 03 04 6A 
	03 99 88 D2 AC 17 49 65 87 B3 E0 BB DD 76 95 80 
	09 5F 26 4A B9 63 32 96 D2 95 75 E5 30 C4 B7 17 
	38 AE B0 74 A8 A3 6C 59 E8 80 D5 62 92 3D CA 75 
	73 82 1E 94 DB B9 A0 6B A5 DA A0 C2 D9 0A B9 59 
	A2 47 F7 01 AF 56 95 57 64 B7 1C 23 79 BB B0 1C 
	1E F1 82 49 D5 D7 8F B5 93 10 85 4B 1B 2E A9 3B 
	A3 77 58 60 48 2A 78 AC 4E D9 F4 CF E0 B8 22 B3 
	9A AD 87 46 8F 92 90 C5 29 94 8D 06 67 96 39 71 
	03 54 63 95 25 40 6B 80 A9 CD AA 94 3A 91 5C AA 
	D2 C9 9C 73 1B BB 0C AC 83 9A 12 7C 26 C9 81 FC 
	36 51 64 F9 68 5A 32 48 87 43 04 CF 4B A3 50 1B 
	71 E5 AB 24 C3 23 2C E9 F2 CC 77 5A 7E 65 95 82 
	1F 62 3C B1 9B AB 46 75 13 8B A4 24 89 40 94 79 
	5A 6B EE E7 1F 9E 69 4A 89 4D AD FC F6 99 43 C5 
	9F 5B 77 6A F1 F5 4C 09 99 58 BA 2B 78 54 23 EC 
	9E 7C 0B 60 1D 41 49 
MSG: (size 1223):
	03 15 59 04 C0 FB B4 6F DD 17 E8 B7 0E C5 98 DE 
	CB B6 C8 4A 15 29 B0 DF CF 9E DE D9 C5 F8 D3 BF 
	64 F5 52 D2 10 36 29 B5 89 E6 B6 EB 00 4C A4 71 
	3A 83 CA C5 A7 02 46 68 61 6D B0 41 03 BE BC C1 
	49 55 B7 BF 2B B3 E8 3B C1 0D 01 72 A4 9C 64 05 
	F9 3D 62 C3 05 B0 6C 35 49 A2 95 7B 70 9E EC FB 
	50 03 CA 9F EE E0 50 C6 88 B7 59 21 80 EC 72 2B 
	01 7B 7C 9F B9 81 77 59 58 4D F0 2A 9F 25 35 D2 
	F8 67 64 A0 6D 97 AC 31 E0 7A 2C 26 10 96 E5 54 
	83 E0 05 AE 8A B6 28 76 90 A2 0A 97 AB 8A 56 49 
	3F 92 CB 4D B9 30 43 17 9C B5 6B 42 25 B0 53 0E 
	14 28 A7 13 29 6D 1B 2C 9A 0A 77 A7 DB B4 FE 6B 
	61 7D 88 92 68 85 52 54 C3 BE 73 C1 0D 35 F3 B9 
	3D 54 66 F6 29 3C 2A F0 A0 46 00 0B 82 09 59 C6 
	D5 C9 B3 E7 47 B5 68 5D 4A C8 6E 97 F5 A0 B6 75 
	63 6A 49 28 B9 B1 80 1A 31 C6 EC C0 4C 09 B5 3F 
	5E FB 28 0B 60 56 01 03 1E 47 4C B7 97 38 8F 0B 
	26 3A 9B CA 94 C6 C3 33 48 83 CE 32 8C 49 1B 41 
	44 68 96 CF ED AC 6D 0A 6B 83 A2 8B A7 FB B6 97 
	5C A1 CA 68 36 2C B7 1A 52 9C 69 44 0C F1 4C 9E 
	77 C7 F7 5A 61 AA 6C 6B 16 4A BA 64 9A 43 C9 35 
	18 61 36 03 6B E6 39 45 4A A8 93 9A C2 88 BB 21 
	4E 82 33 2E 17 23 80 1A CE A1 14 A3 B9 51 95 C8 
	06 B4 81 EC AF 4D 6B AE 44 B4 9C E9 5A B2 AD B8 
	CD DC D8 75 53 51 76 BE 75 82 1C 1C A2 68 7A 28 
	C2 B4 4D E4 D5 9B 0B 03 90 B2 E3 63 C5 AA 13 C4 
	FA 8F 3F 03 BC F4 17 56 AE 74 7D D1 35 B1 90 A0 
	CA 2E D9 2D DC 06 7B 22 E1 C5 CF 94 1A 44 D7 6E 
	44 0B 55 2A 13 A5 A4 55 A5 F4 A6 7F 5F D0 8C 15 
	88 92 04 00 C2 65 D1 74 CE 99 8B 87 EC 59 5E 14 
	7C 25 68 9E E7 D6 1D EE 62 59 C2 92 73 0D 08 D0 
	FE A0 2A BC 13 78 69 76 0E DA CA B7 5C A5 4D 3D 
	99 2C 36 37 7D 29 A6 A8 36 84 3F 7F A3 7E E7 91 
	80 9D 45 C8 F5 15 15 41 E8 7A 7E FB BC BD 29 87 
	91 85 B5 28 47 13 62 B6 30 70 C1 14 96 07 1D E3 
	7B BB 7C 56 5C C8 1A C0 F1 1C 5C A1 0C 86 FF AC 
	83 0D 00 C4 B0 99 A4 23 A9 4A 56 80 15 85 19 BA 
	36 89 2B 33 72 BF 2B 95 00 F5 67 34 3D 45 07 80 
	F1 6C 10 97 83 BA AA 75 8D 13 BC 8F A7 4B 66 50 
	AD 8C E3 C6 67 82 38 72 1A 09 65 93 43 DA DB 59 
	AD 68 B4 72 0A 49 EE 82 94 26 14 4B 44 8B 58 84 
	50 CC 1A 34 07 E8 25 68 28 77 C1 DB 4B 4A CB D0 
	7C F4 39 5B 62 64 A7 78 59 2E 3E 7B 3F AF CB 13 
	EC E1 15 4E E6 A8 08 5A 7F BD 00 5A E2 C3 9F AE 
	6B 64 CD 87 1D F8 EB 03 3B 2C C4 8E FB 88 8C D5 
	48 96 D3 B4 5E 12 6A 61 B9 C7 01 1A 8D 29 13 0F 
	4D 35 C3 59 DA B5 8E 31 5F 82 B9 99 89 00 12 6D 
	7A BC 1E E0 56 82 53 53 A0 8A 20 BB 56 A0 CD FC 
	01 99 B5 73 AF 02 BA DE 34 56 D3 DB 5A 2C 8B 7F 
	96 64 B6 C6 41 3C 08 E9 7D 53 01 78 07 48 94 C4 
	29 02 ED 84 35 A6 48 1F 74 C5 37 D9 A1 16 B3 53 
	91 1C 16 1D 5F 96 0F 53 F3 0B 85 97 37 03 88 1A 
	D5 DA 9A 22 1C 7C 85 8C 86 A4 7C 68 B2 97 B7 0A 
	72 77 FD 60 38 7F 15 69 CA 85 37 00 2B 1D AE C2 
	71 A9 A0 C0 87 A1 98 CF F6 37 A9 45 10 5C C0 79 
	2D 51 07 31 F5 5E 94 3C 8F D9 A3 9E E7 D4 83 13 
	D3 B9 E7 42 25 B1 A3 CD 98 78 5E FD 8C 98 75 2B 
	2E A8 55 88 5A 13 85 67 28 3C 07 43 3D 63 02 6C 
	93 E0 99 21 B5 2E D1 80 AD B3 29 36 C1 4C 4C AA 
	77 A0 40 D1 23 49 33 47 89 2A 2D 0C 5B 13 10 94 
	C8 42 05 B5 B3 78 51 95 CA 73 D6 62 BB 03 04 6A 
	03 99 88 D2 AC 17 49 65 87 B3 E0 BB DD 76 95 80 
	09 5F 26 4A B9 63 32 96 D2 95 75 E5 30 C4 B7 17 
	38 AE B0 74 A8 A3 6C 59 E8 80 D5 62 92 3D CA 75 
	73 82 1E 94 DB B9 A0 6B A5 DA A0 C2 D9 0A B9 59 
	A2 47 F7 01 AF 56 95 57 64 B7 1C 23 79 BB B0 1C 
	1E F1 82 49 D5 D7 8F B5 93 10 85 4B 1B 2E A9 3B 
	A3 77 58 60 48 2A 78 AC 4E D9 F4 CF E0 B8 22 B3 
	9A AD 87 46 8F 92 90 C5 29 94 8D 06 67 96 39 71 
	03 54 63 95 25 40 6B 80 A9 CD AA 94 3A 91 5C AA 
	D2 C9 9C 73 1B BB 0C AC 83 9A 12 7C 26 C9 81 FC 
	36 51 64 F9 68 5A 32 48 87 43 04 CF 4B A3 50 1B 
	71 E5 AB 24 C3 23 2C E9 F2 CC 77 5A 7E 65 95 82 
	1F 62 3C B1 9B AB 46 75 13 8B A4 24 89 40 94 79 
	5A 6B EE E7 1F 9E 69 4A 89 4D AD FC F6 99 43 C5 
	9F 5B 77 6A F1 F5 4C 09 99 58 BA 2B 78 54 23 EC 
	9E 7C 0B 60 1D 41 49 
[init] tx sent 1223 bytes
[init] rx got 1135 bytes
Max MSG2 size 2027
PQ/T Hybrid Suit:-67
PQ/T Hybrid g_y size:1120message_2 (CBOR Sequence) (size 1135):
	59 04 6C 27 B1 D6 35 A6 63 38 2D 99 E0 31 B3 E9 
	A5 D6 82 A0 95 45 04 93 56 AF 6F 13 54 DE D1 3E 
	D2 9C 72 FE 8B E2 60 38 0E F2 47 F7 9F C6 68 C5 
	33 7C 4D 5D F5 76 98 9B B1 C6 BC BF 94 45 C1 30 
	4E 7A F8 1F 41 FF E4 3D 65 25 80 D8 F2 4A 7D 1C 
	E6 B9 4E 59 67 BC 65 3C D0 32 7A D7 E5 5B 49 94 
	B6 22 7F 59 88 03 31 19 FA 67 24 5A AB BB 32 45 
	9F EF 97 0E 48 6B E3 AB 2F 15 D1 B0 BE 54 32 76 
	B7 BA 8A 79 AF 21 E3 96 3E AC 1A F1 91 C1 65 DA 
	E9 AF B1 30 31 20 9A 88 61 3C A1 EF 1F FA E6 A8 
	CC 1C 09 AB AE EF 60 C9 2C 63 44 56 59 22 06 D2 
	35 1F 9D E8 16 00 39 CF C3 76 FA 53 46 49 03 67 
	42 67 BD E9 E8 D2 F9 A8 38 89 88 65 47 F0 C2 B6 
	B7 18 83 54 43 9B 89 E5 2E C8 BA D5 95 0F BB 3A 
	68 7A 88 30 B3 93 0F C7 B5 6F E5 39 18 26 0F 94 
	28 2C 8C A6 51 B2 BC 41 07 CB 67 F0 83 73 A7 98 
	41 F2 60 93 50 7B DC 12 B0 42 02 6D 59 AA 09 1B 
	FC EA E5 82 CD 5E 7F 24 B4 AF 2B 82 9C 63 D1 2C 
	1A DF CA 3D 92 3C 10 01 93 F7 1F 35 0A B2 A3 C7 
	F4 CB C0 07 4C 59 10 62 DF AB 07 0D 13 C2 97 B8 
	B8 A3 99 76 D2 F7 52 69 26 00 EB D1 F2 F8 89 B0 
	AB EA 36 07 B9 A2 9A 64 C2 54 4D BE 71 56 E5 81 
	88 A4 46 45 A6 8C 2B B7 1C 80 A0 41 70 BE 5B 2E 
	AC 3C F3 66 64 21 96 48 23 06 08 88 D1 6F 8E 76 
	2A 4C 3F ED 6E 66 09 B2 A7 44 52 53 07 34 CB 47 
	5E 74 84 91 E6 F5 28 43 5B FC 5B 8C 7A A8 67 A7 
	C9 0B 79 05 74 AC 1F F0 B3 9C A7 67 57 53 6A C8 
	D5 3A B2 6B 63 A6 2F E8 4F CD DC D4 BC 07 76 80 
	43 7A 88 CA 79 BD D7 3D 40 FD 70 40 9C A0 A7 24 
	56 EB FE BC 0F 1B 42 29 E5 07 67 AC 18 A5 DA 88 
	D1 7E 96 B1 D5 A7 0A 5B 33 03 84 A2 D1 94 CA 5F 
	74 AD EC E2 32 74 61 BD E6 E2 5C 1D 58 50 CB 9F 
	A5 4E 69 DD FE 75 9D C5 7B CD F9 95 B8 84 BC 91 
	71 82 D6 0B 45 11 50 5D 72 90 73 AB 9C 58 77 76 
	28 2A 70 13 A5 20 83 B0 8A 16 62 D5 AF E5 31 90 
	86 59 99 81 4A 7A 0D A3 B0 10 6B 9D D4 FA E3 CB 
	27 54 CA 4A E7 C0 FC 75 57 18 B5 14 79 42 A2 6F 
	15 A3 60 C1 76 22 26 64 CA 60 80 DC 41 0D 1F B7 
	41 1E F0 F5 31 44 10 22 3E 8F 5F 81 F1 FD 30 04 
	B7 D0 1D 12 BD E7 DD D3 31 29 93 2D 99 AF 91 1A 
	B1 0E 59 B9 52 67 A6 1D C7 25 8A 77 8D 2C 7B E1 
	F8 21 C3 1B 13 F1 F4 2A D5 01 B7 4E 57 57 24 A0 
	F7 39 71 3F 14 37 83 D2 29 DF 01 81 B6 61 5D 0D 
	68 AC 6E 51 D5 0B C0 DA 96 98 7A B3 0D 2B 6D BC 
	FF DE A8 54 BA 16 88 4F 6F 52 3A 99 13 09 10 8A 
	6C CC 93 24 91 7B 03 77 D2 87 F8 F5 B9 B0 5C FC 
	A3 0C 2B 8A 46 8C 5B 5C F8 EB 4F 1A CE A7 8C C1 
	D8 E2 AB 4E FA DF D2 A3 C5 64 FE C9 C4 ED 2A 14 
	E6 A9 73 22 9E CB 61 C9 7E 67 C2 94 65 60 1D 9E 
	5E 2B 0B 88 21 3A 20 85 34 C5 46 94 29 6F 27 3E 
	37 CE 18 3F FD F4 A9 2E 1C C9 3A 4A D4 55 B1 EB 
	27 9B 2C D3 F3 5D 5E CA DA 0A 04 FE F5 4A A8 21 
	F6 B2 38 E2 BA 60 4D F6 4E 4F E5 D1 94 D9 74 8E 
	BC 87 22 86 F2 33 BB 6C 5A 79 29 84 0F B6 2C C8 
	EB 82 41 03 1D FB 34 44 A3 B0 06 EA 98 1F 51 DE 
	A5 80 DC 60 20 E5 9E 09 47 D4 C7 48 D9 12 79 0C 
	A4 2A 40 8E AC 68 A3 80 06 F9 35 A0 8F C4 52 F4 
	30 A9 F0 2E 4D EE 6B C6 DF 39 B0 5F 6C C9 AB 02 
	89 33 9C EC 39 A3 B0 B3 38 06 C0 BC 81 EF 52 7E 
	E8 F7 37 37 2C 83 4A AD 5E 3B A3 B5 C7 85 12 57 
	13 DA 57 0E 89 78 86 6A AB 5C 2F E0 C5 E4 5C 3E 
	F3 70 4A 06 20 BD C4 AB 90 43 5B 31 20 30 B0 5D 
	22 D0 01 D2 09 F0 CF 9B FB ED 9C 4B 9C 19 33 10 
	FB 90 7E 09 66 58 C6 26 DD 67 98 02 9E 9F 64 CC 
	97 B2 E5 CC 10 0C 99 45 39 69 C3 72 25 51 36 87 
	D3 EE C4 5E 8A 9B 53 69 4B 8A 5E F6 36 C0 5F AD 
	1C 4F C2 67 31 AB 72 9D BA B8 00 3C 9F FD B6 5C 
	E4 E5 11 F5 60 30 8C 84 41 A0 B1 BB A0 6B A9 61 
	89 B6 42 9E 16 68 E4 C4 2F 08 7B 50 4D 44 6D AB 
	C7 89 A7 0B 17 E5 84 9C 1C A1 43 E3 32 4E 79 96 
	B2 EC 77 8C B5 9F 3F 8E 70 41 7D A8 60 9B 1A 
g_y (size 1120):
	27 B1 D6 35 A6 63 38 2D 99 E0 31 B3 E9 A5 D6 82 
	A0 95 45 04 93 56 AF 6F 13 54 DE D1 3E D2 9C 72 
	FE 8B E2 60 38 0E F2 47 F7 9F C6 68 C5 33 7C 4D 
	5D F5 76 98 9B B1 C6 BC BF 94 45 C1 30 4E 7A F8 
	1F 41 FF E4 3D 65 25 80 D8 F2 4A 7D 1C E6 B9 4E 
	59 67 BC 65 3C D0 32 7A D7 E5 5B 49 94 B6 22 7F 
	59 88 03 31 19 FA 67 24 5A AB BB 32 45 9F EF 97 
	0E 48 6B E3 AB 2F 15 D1 B0 BE 54 32 76 B7 BA 8A 
	79 AF 21 E3 96 3E AC 1A F1 91 C1 65 DA E9 AF B1 
	30 31 20 9A 88 61 3C A1 EF 1F FA E6 A8 CC 1C 09 
	AB AE EF 60 C9 2C 63 44 56 59 22 06 D2 35 1F 9D 
	E8 16 00 39 CF C3 76 FA 53 46 49 03 67 42 67 BD 
	E9 E8 D2 F9 A8 38 89 88 65 47 F0 C2 B6 B7 18 83 
	54 43 9B 89 E5 2E C8 BA D5 95 0F BB 3A 68 7A 88 
	30 B3 93 0F C7 B5 6F E5 39 18 26 0F 94 28 2C 8C 
	A6 51 B2 BC 41 07 CB 67 F0 83 73 A7 98 41 F2 60 
	93 50 7B DC 12 B0 42 02 6D 59 AA 09 1B FC EA E5 
	82 CD 5E 7F 24 B4 AF 2B 82 9C 63 D1 2C 1A DF CA 
	3D 92 3C 10 01 93 F7 1F 35 0A B2 A3 C7 F4 CB C0 
	07 4C 59 10 62 DF AB 07 0D 13 C2 97 B8 B8 A3 99 
	76 D2 F7 52 69 26 00 EB D1 F2 F8 89 B0 AB EA 36 
	07 B9 A2 9A 64 C2 54 4D BE 71 56 E5 81 88 A4 46 
	45 A6 8C 2B B7 1C 80 A0 41 70 BE 5B 2E AC 3C F3 
	66 64 21 96 48 23 06 08 88 D1 6F 8E 76 2A 4C 3F 
	ED 6E 66 09 B2 A7 44 52 53 07 34 CB 47 5E 74 84 
	91 E6 F5 28 43 5B FC 5B 8C 7A A8 67 A7 C9 0B 79 
	05 74 AC 1F F0 B3 9C A7 67 57 53 6A C8 D5 3A B2 
	6B 63 A6 2F E8 4F CD DC D4 BC 07 76 80 43 7A 88 
	CA 79 BD D7 3D 40 FD 70 40 9C A0 A7 24 56 EB FE 
	BC 0F 1B 42 29 E5 07 67 AC 18 A5 DA 88 D1 7E 96 
	B1 D5 A7 0A 5B 33 03 84 A2 D1 94 CA 5F 74 AD EC 
	E2 32 74 61 BD E6 E2 5C 1D 58 50 CB 9F A5 4E 69 
	DD FE 75 9D C5 7B CD F9 95 B8 84 BC 91 71 82 D6 
	0B 45 11 50 5D 72 90 73 AB 9C 58 77 76 28 2A 70 
	13 A5 20 83 B0 8A 16 62 D5 AF E5 31 90 86 59 99 
	81 4A 7A 0D A3 B0 10 6B 9D D4 FA E3 CB 27 54 CA 
	4A E7 C0 FC 75 57 18 B5 14 79 42 A2 6F 15 A3 60 
	C1 76 22 26 64 CA 60 80 DC 41 0D 1F B7 41 1E F0 
	F5 31 44 10 22 3E 8F 5F 81 F1 FD 30 04 B7 D0 1D 
	12 BD E7 DD D3 31 29 93 2D 99 AF 91 1A B1 0E 59 
	B9 52 67 A6 1D C7 25 8A 77 8D 2C 7B E1 F8 21 C3 
	1B 13 F1 F4 2A D5 01 B7 4E 57 57 24 A0 F7 39 71 
	3F 14 37 83 D2 29 DF 01 81 B6 61 5D 0D 68 AC 6E 
	51 D5 0B C0 DA 96 98 7A B3 0D 2B 6D BC FF DE A8 
	54 BA 16 88 4F 6F 52 3A 99 13 09 10 8A 6C CC 93 
	24 91 7B 03 77 D2 87 F8 F5 B9 B0 5C FC A3 0C 2B 
	8A 46 8C 5B 5C F8 EB 4F 1A CE A7 8C C1 D8 E2 AB 
	4E FA DF D2 A3 C5 64 FE C9 C4 ED 2A 14 E6 A9 73 
	22 9E CB 61 C9 7E 67 C2 94 65 60 1D 9E 5E 2B 0B 
	88 21 3A 20 85 34 C5 46 94 29 6F 27 3E 37 CE 18 
	3F FD F4 A9 2E 1C C9 3A 4A D4 55 B1 EB 27 9B 2C 
	D3 F3 5D 5E CA DA 0A 04 FE F5 4A A8 21 F6 B2 38 
	E2 BA 60 4D F6 4E 4F E5 D1 94 D9 74 8E BC 87 22 
	86 F2 33 BB 6C 5A 79 29 84 0F B6 2C C8 EB 82 41 
	03 1D FB 34 44 A3 B0 06 EA 98 1F 51 DE A5 80 DC 
	60 20 E5 9E 09 47 D4 C7 48 D9 12 79 0C A4 2A 40 
	8E AC 68 A3 80 06 F9 35 A0 8F C4 52 F4 30 A9 F0 
	2E 4D EE 6B C6 DF 39 B0 5F 6C C9 AB 02 89 33 9C 
	EC 39 A3 B0 B3 38 06 C0 BC 81 EF 52 7E E8 F7 37 
	37 2C 83 4A AD 5E 3B A3 B5 C7 85 12 57 13 DA 57 
	0E 89 78 86 6A AB 5C 2F E0 C5 E4 5C 3E F3 70 4A 
	06 20 BD C4 AB 90 43 5B 31 20 30 B0 5D 22 D0 01 
	D2 09 F0 CF 9B FB ED 9C 4B 9C 19 33 10 FB 90 7E 
	09 66 58 C6 26 DD 67 98 02 9E 9F 64 CC 97 B2 E5 
	CC 10 0C 99 45 39 69 C3 72 25 51 36 87 D3 EE C4 
	5E 8A 9B 53 69 4B 8A 5E F6 36 C0 5F AD 1C 4F C2 
	67 31 AB 72 9D BA B8 00 3C 9F FD B6 5C E4 E5 11 
	F5 60 30 8C 84 41 A0 B1 BB A0 6B A9 61 89 B6 42 
	9E 16 68 E4 C4 2F 08 7B 50 4D 44 6D AB C7 89 A7 
	0B 17 E5 84 9C 1C A1 43 E3 32 4E 79 96 B2 EC 77 
ciphertext2 (size 12):
	8C B5 9F 3F 8E 70 41 7D A8 60 9B 1A 
PQ/T Hybrid array foe g_xy_KEM
PQ/T Hybrid compute shared secret (Suit:-67)
x PQ/T  (size 2432):
	30 8A EE 3F ED 8C 9D 04 0D 35 A7 FC 1F A7 76 FB 
	31 30 38 33 AA 2D E8 85 35 4D DF 3D 44 D8 FB 69 
	7F 52 60 75 15 5B 23 F0 02 3C 66 14 37 A1 5A 6A 
	5C 8C E2 74 48 45 F7 82 0E 02 15 5D 14 26 D2 B6 
	B5 E9 55 00 BB 7A AC 3B 7C B5 BA 69 61 98 3B 51 
	59 43 79 62 A5 96 05 C9 3D B6 87 0A 62 F0 49 78 
	A7 98 CA 7A 73 F8 DA 52 37 13 29 6B 37 81 FD 72 
	AC 40 10 A9 73 F0 7A 3A 14 27 6C EA BE D3 D1 47 
	99 10 A6 C1 5C 74 A5 A0 8E D1 31 30 5A A7 61 AD 
	14 A3 93 3B 45 E7 44 36 0D 3C 7E 83 A7 16 CE 63 
	1C 38 4B 74 1E 41 32 D5 8A 8E C7 91 74 78 D0 0E 
	62 32 B9 BE 72 C5 A6 D0 83 EA 65 80 7F 4A 73 1B 
	A4 2B 99 C8 B4 D9 E5 27 DE 37 44 DE 78 9E 80 7A 
	1E B1 26 32 55 98 C3 39 04 C1 EC 62 B1 5C B1 09 
	70 53 10 9F E6 AC 7F 29 C1 31 8C 71 6B 12 82 4A 
	07 A3 60 A8 CD 71 DA 76 EF BC 7D 86 65 38 50 81 
	63 D3 0C A9 A3 6A 7B E8 70 44 18 C0 A2 2C E6 92 
	AE 48 6E C9 C5 4F DF 3C CD 35 46 A5 FD 23 C6 85 
	65 81 59 11 0F 1C 27 97 6B 84 6C 24 FC 62 15 9A 
	CE AD 12 AF BF 20 5B 22 D7 47 57 2B 5E 02 43 6E 
	E9 55 8A D9 F4 56 26 60 56 46 CA 24 24 4B 73 8A 
	AB 5E 4A 63 96 0B 94 C6 1C 91 4C EA 26 A8 1D 41 
	01 75 A5 9F AB 25 4F 7E 72 A4 52 0B 3A 9A CB 12 
	85 8C 04 08 91 74 52 3A 10 89 D4 51 24 17 22 23 
	EA 63 B7 C6 42 BA 01 61 15 53 97 8C FC 82 0D 42 
	9D 64 09 39 60 D1 36 04 C9 96 65 5C 0A AD 34 5A 
	2D 34 AE 33 D4 8F 16 90 9B 77 68 55 51 30 8E 11 
	D2 9F EB 96 CB 97 16 25 BF EC B7 C8 28 72 7E C9 
	82 13 E1 38 10 6A 11 4B CA 03 84 8A 45 60 CC B1 
	0A 0A A9 B3 59 C0 D5 09 C2 4A B2 2A 91 C0 C6 C8 
	32 96 F7 83 16 CB 63 36 E7 26 C2 62 64 23 F8 03 
	6C F1 14 62 D0 35 23 18 3C 6E 8E B4 21 59 16 7D 
	D8 74 87 22 24 1E 7C F8 25 AD A3 51 33 CA 4E 08 
	E4 BA 21 F8 49 FB A9 24 6D 14 C7 53 66 8C 54 E7 
	AA 58 F6 58 CD 96 22 DF 34 18 BC 90 7B 98 48 9B 
	4C 5B 74 E6 47 4F 49 B9 5B 22 11 67 B6 A9 52 CC 
	98 3F A6 72 3B 05 75 46 53 9C CC 5B CC 95 C2 66 
	4F 2E EC BB 79 6B 3A BB 91 21 CD 05 8A D3 08 87 
	2C 8C 38 18 51 61 26 43 89 65 E8 77 E3 F1 31 93 
	05 6C 7B 37 02 33 23 72 85 68 26 5B C5 29 BD 9B 
	C7 E5 A8 0A 9C 4A 2A 52 9C 70 1E 4B 89 CA 9A 78 
	74 C0 7C 4E A1 22 7E BB 22 53 F0 46 2F 57 3B EE 
	D4 03 7B 17 A0 93 31 31 96 8A 2F 8C 23 74 35 C2 
	43 C9 68 10 3C 7A 10 C8 87 8F AF 78 44 64 B7 8A 
	A0 57 A4 A5 1B 9D B0 19 6D 01 47 35 13 98 4D 7A 
	30 1A 7B CA 41 99 01 0A 41 32 B6 40 05 D0 26 4B 
	9B D5 DA 8F 0F 44 CE CB 76 B9 EA 5A 19 32 B5 A1 
	70 B5 18 AE A8 04 DE B2 48 DD 68 06 4F 8A 2D EC 
	D2 9B AD A8 74 3A 52 C0 61 38 7F 06 32 89 45 27 
	61 BD 72 6C F0 EB 7F BF 27 80 B6 AA 8C 6E 32 51 
	01 CC 50 7B AB 41 72 99 4A 6B 4A C5 80 E8 77 C0 
	2B 73 6A 47 65 F3 CB 23 31 AC 64 81 C2 55 A4 7B 
	3D F2 FA BA 3D F1 94 C1 A2 63 0D F8 C8 82 62 47 
	09 84 BE EA 16 10 7D 10 51 D4 F3 4D 32 2B 4E 0B 
	22 27 E7 BB 31 7A 34 32 6A 92 6D 9F 52 53 C7 84 
	9E B4 27 77 8A 9B 0C 21 24 3A 1B 72 9D 51 AB 0D 
	12 B9 7F 44 04 72 9A FB CF E5 92 AC 1E C7 99 7B 
	49 30 CE 87 B5 7E E9 BD 52 22 01 20 87 C3 D3 2C 
	94 5F F0 CA 75 17 0F 82 40 72 7E 4B 09 B5 81 B9 
	F8 CA 99 BF B6 1A BB 96 6A 0E AA CE 13 A2 7C E2 
	4B 5E BE E5 59 BA F8 16 FF 68 2D B7 81 0D F9 68 
	9B 8B A1 66 C7 0A 2B 16 E7 CF 28 62 18 C5 78 BA 
	F6 6B 53 6B A8 AA 4D BA 24 7D 83 16 24 94 04 82 
	53 0D 8B C7 07 0D C8 AE 53 D1 40 78 38 C8 8C 39 
	A6 54 56 52 41 69 50 99 A6 41 E1 FC 6D 47 B6 3C 
	B2 DC AE A9 41 7B DB E0 BF EE 28 47 83 D4 80 19 
	B3 C9 2D D3 3E C3 33 62 61 27 C0 A7 3C B4 C2 30 
	AC B2 8A CC CF 10 57 01 E1 20 26 98 09 89 E9 10 
	B2 3C 9B 25 E8 80 09 0A 98 7D 85 3E 06 62 83 F6 
	46 45 1D CB 3A EE 19 C4 65 59 CE BC 7A 4A DE 31 
	4B 7B A6 A1 77 F1 90 ED 13 56 4B 35 C7 4F D4 CF 
	5C 62 91 A7 65 32 84 A3 1D CF C3 44 75 C2 23 D2 
	15 15 9C 4A 79 B7 50 56 F6 6A 11 6F 26 A6 AF 72 
	70 54 E6 6E 71 F0 68 56 E3 AE 89 14 71 3B CC 3C 
	36 29 B5 89 E6 B6 EB 00 4C A4 71 3A 83 CA C5 A7 
	02 46 68 61 6D B0 41 03 BE BC C1 49 55 B7 BF 2B 
	B3 E8 3B C1 0D 01 72 A4 9C 64 05 F9 3D 62 C3 05 
	B0 6C 35 49 A2 95 7B 70 9E EC FB 50 03 CA 9F EE 
	E0 50 C6 88 B7 59 21 80 EC 72 2B 01 7B 7C 9F B9 
	81 77 59 58 4D F0 2A 9F 25 35 D2 F8 67 64 A0 6D 
	97 AC 31 E0 7A 2C 26 10 96 E5 54 83 E0 05 AE 8A 
	B6 28 76 90 A2 0A 97 AB 8A 56 49 3F 92 CB 4D B9 
	30 43 17 9C B5 6B 42 25 B0 53 0E 14 28 A7 13 29 
	6D 1B 2C 9A 0A 77 A7 DB B4 FE 6B 61 7D 88 92 68 
	85 52 54 C3 BE 73 C1 0D 35 F3 B9 3D 54 66 F6 29 
	3C 2A F0 A0 46 00 0B 82 09 59 C6 D5 C9 B3 E7 47 
	B5 68 5D 4A C8 6E 97 F5 A0 B6 75 63 6A 49 28 B9 
	B1 80 1A 31 C6 EC C0 4C 09 B5 3F 5E FB 28 0B 60 
	56 01 03 1E 47 4C B7 97 38 8F 0B 26 3A 9B CA 94 
	C6 C3 33 48 83 CE 32 8C 49 1B 41 44 68 96 CF ED 
	AC 6D 0A 6B 83 A2 8B A7 FB B6 97 5C A1 CA 68 36 
	2C B7 1A 52 9C 69 44 0C F1 4C 9E 77 C7 F7 5A 61 
	AA 6C 6B 16 4A BA 64 9A 43 C9 35 18 61 36 03 6B 
	E6 39 45 4A A8 93 9A C2 88 BB 21 4E 82 33 2E 17 
	23 80 1A CE A1 14 A3 B9 51 95 C8 06 B4 81 EC AF 
	4D 6B AE 44 B4 9C E9 5A B2 AD B8 CD DC D8 75 53 
	51 76 BE 75 82 1C 1C A2 68 7A 28 C2 B4 4D E4 D5 
	9B 0B 03 90 B2 E3 63 C5 AA 13 C4 FA 8F 3F 03 BC 
	F4 17 56 AE 74 7D D1 35 B1 90 A0 CA 2E D9 2D DC 
	06 7B 22 E1 C5 CF 94 1A 44 D7 6E 44 0B 55 2A 13 
	A5 A4 55 A5 F4 A6 7F 5F D0 8C 15 88 92 04 00 C2 
	65 D1 74 CE 99 8B 87 EC 59 5E 14 7C 25 68 9E E7 
	D6 1D EE 62 59 C2 92 73 0D 08 D0 FE A0 2A BC 13 
	78 69 76 0E DA CA B7 5C A5 4D 3D 99 2C 36 37 7D 
	29 A6 A8 36 84 3F 7F A3 7E E7 91 80 9D 45 C8 F5 
	15 15 41 E8 7A 7E FB BC BD 29 87 91 85 B5 28 47 
	13 62 B6 30 70 C1 14 96 07 1D E3 7B BB 7C 56 5C 
	C8 1A C0 F1 1C 5C A1 0C 86 FF AC 83 0D 00 C4 B0 
	99 A4 23 A9 4A 56 80 15 85 19 BA 36 89 2B 33 72 
	BF 2B 95 00 F5 67 34 3D 45 07 80 F1 6C 10 97 83 
	BA AA 75 8D 13 BC 8F A7 4B 66 50 AD 8C E3 C6 67 
	82 38 72 1A 09 65 93 43 DA DB 59 AD 68 B4 72 0A 
	49 EE 82 94 26 14 4B 44 8B 58 84 50 CC 1A 34 07 
	E8 25 68 28 77 C1 DB 4B 4A CB D0 7C F4 39 5B 62 
	64 A7 78 59 2E 3E 7B 3F AF CB 13 EC E1 15 4E E6 
	A8 08 5A 7F BD 00 5A E2 C3 9F AE 6B 64 CD 87 1D 
	F8 EB 03 3B 2C C4 8E FB 88 8C D5 48 96 D3 B4 5E 
	12 6A 61 B9 C7 01 1A 8D 29 13 0F 4D 35 C3 59 DA 
	B5 8E 31 5F 82 B9 99 89 00 12 6D 7A BC 1E E0 56 
	82 53 53 A0 8A 20 BB 56 A0 CD FC 01 99 B5 73 AF 
	02 BA DE 34 56 D3 DB 5A 2C 8B 7F 96 64 B6 C6 41 
	3C 08 E9 7D 53 01 78 07 48 94 C4 29 02 ED 84 35 
	A6 48 1F 74 C5 37 D9 A1 16 B3 53 91 1C 16 1D 5F 
	96 0F 53 F3 0B 85 97 37 03 88 1A D5 DA 9A 22 1C 
	7C 85 8C 86 A4 7C 68 B2 97 B7 0A 72 77 FD 60 38 
	7F 15 69 CA 85 37 00 2B 1D AE C2 71 A9 A0 C0 87 
	A1 98 CF F6 37 A9 45 10 5C C0 79 2D 51 07 31 F5 
	5E 94 3C 8F D9 A3 9E E7 D4 83 13 D3 B9 E7 42 25 
	B1 A3 CD 98 78 5E FD 8C 98 75 2B 2E A8 55 88 5A 
	13 85 67 28 3C 07 43 3D 63 02 6C 93 E0 99 21 B5 
	2E D1 80 AD B3 29 36 C1 4C 4C AA 77 A0 40 D1 23 
	49 33 47 89 2A 2D 0C 5B 13 10 94 C8 42 05 B5 B3 
	78 51 95 CA 73 D6 62 BB 03 04 6A 03 99 88 D2 AC 
	17 49 65 87 B3 E0 BB DD 76 95 80 09 5F 26 4A B9 
	63 32 96 D2 95 75 E5 30 C4 B7 17 38 AE B0 74 A8 
	A3 6C 59 E8 80 D5 62 92 3D CA 75 73 82 1E 94 DB 
	B9 A0 6B A5 DA A0 C2 D9 0A B9 59 A2 47 F7 01 AF 
	56 95 57 64 B7 1C 23 79 BB B0 1C 1E F1 82 49 D5 
	D7 8F B5 93 10 85 4B 1B 2E A9 3B A3 77 58 60 48 
	2A 78 AC 4E D9 F4 CF E0 B8 22 B3 9A AD 87 46 8F 
	92 90 C5 29 94 8D 06 67 96 39 71 03 54 63 95 25 
	40 6B 80 A9 CD AA 94 3A 91 5C AA D2 C9 9C 73 1B 
	BB 0C AC 83 9A 12 7C 26 C9 81 FC 36 51 64 F9 68 
	5A 32 48 87 43 04 CF 4B A3 50 1B 71 E5 AB 24 C3 
	23 2C E9 F2 CC 77 5A 7E 65 95 82 1F 62 3C B1 9B 
	AB 46 75 13 8B A4 24 89 40 94 79 5A 6B EE E7 1F 
	9E 69 4A 89 4D AD FC F6 99 43 C5 9F 5B 77 6A F1 
	F5 4C 09 99 58 BA 2B 78 54 23 EC 9E 7C 0B 60 1D 
	86 38 A9 B4 11 51 91 53 B3 96 31 7B FB 2A 89 B6 
	CD E2 FF 4F 52 BD 4C ED 41 C5 71 05 ED 5D AF B7 
	B4 7D E6 02 F8 8A B1 59 F4 F4 38 96 F7 EA B1 F9 
	56 31 AD 4B 1E 76 E7 C5 E8 31 17 BB 07 B1 F9 A0 
gy PQ/T (size 1120):
	27 B1 D6 35 A6 63 38 2D 99 E0 31 B3 E9 A5 D6 82 
	A0 95 45 04 93 56 AF 6F 13 54 DE D1 3E D2 9C 72 
	FE 8B E2 60 38 0E F2 47 F7 9F C6 68 C5 33 7C 4D 
	5D F5 76 98 9B B1 C6 BC BF 94 45 C1 30 4E 7A F8 
	1F 41 FF E4 3D 65 25 80 D8 F2 4A 7D 1C E6 B9 4E 
	59 67 BC 65 3C D0 32 7A D7 E5 5B 49 94 B6 22 7F 
	59 88 03 31 19 FA 67 24 5A AB BB 32 45 9F EF 97 
	0E 48 6B E3 AB 2F 15 D1 B0 BE 54 32 76 B7 BA 8A 
	79 AF 21 E3 96 3E AC 1A F1 91 C1 65 DA E9 AF B1 
	30 31 20 9A 88 61 3C A1 EF 1F FA E6 A8 CC 1C 09 
	AB AE EF 60 C9 2C 63 44 56 59 22 06 D2 35 1F 9D 
	E8 16 00 39 CF C3 76 FA 53 46 49 03 67 42 67 BD 
	E9 E8 D2 F9 A8 38 89 88 65 47 F0 C2 B6 B7 18 83 
	54 43 9B 89 E5 2E C8 BA D5 95 0F BB 3A 68 7A 88 
	30 B3 93 0F C7 B5 6F E5 39 18 26 0F 94 28 2C 8C 
	A6 51 B2 BC 41 07 CB 67 F0 83 73 A7 98 41 F2 60 
	93 50 7B DC 12 B0 42 02 6D 59 AA 09 1B FC EA E5 
	82 CD 5E 7F 24 B4 AF 2B 82 9C 63 D1 2C 1A DF CA 
	3D 92 3C 10 01 93 F7 1F 35 0A B2 A3 C7 F4 CB C0 
	07 4C 59 10 62 DF AB 07 0D 13 C2 97 B8 B8 A3 99 
	76 D2 F7 52 69 26 00 EB D1 F2 F8 89 B0 AB EA 36 
	07 B9 A2 9A 64 C2 54 4D BE 71 56 E5 81 88 A4 46 
	45 A6 8C 2B B7 1C 80 A0 41 70 BE 5B 2E AC 3C F3 
	66 64 21 96 48 23 06 08 88 D1 6F 8E 76 2A 4C 3F 
	ED 6E 66 09 B2 A7 44 52 53 07 34 CB 47 5E 74 84 
	91 E6 F5 28 43 5B FC 5B 8C 7A A8 67 A7 C9 0B 79 
	05 74 AC 1F F0 B3 9C A7 67 57 53 6A C8 D5 3A B2 
	6B 63 A6 2F E8 4F CD DC D4 BC 07 76 80 43 7A 88 
	CA 79 BD D7 3D 40 FD 70 40 9C A0 A7 24 56 EB FE 
	BC 0F 1B 42 29 E5 07 67 AC 18 A5 DA 88 D1 7E 96 
	B1 D5 A7 0A 5B 33 03 84 A2 D1 94 CA 5F 74 AD EC 
	E2 32 74 61 BD E6 E2 5C 1D 58 50 CB 9F A5 4E 69 
	DD FE 75 9D C5 7B CD F9 95 B8 84 BC 91 71 82 D6 
	0B 45 11 50 5D 72 90 73 AB 9C 58 77 76 28 2A 70 
	13 A5 20 83 B0 8A 16 62 D5 AF E5 31 90 86 59 99 
	81 4A 7A 0D A3 B0 10 6B 9D D4 FA E3 CB 27 54 CA 
	4A E7 C0 FC 75 57 18 B5 14 79 42 A2 6F 15 A3 60 
	C1 76 22 26 64 CA 60 80 DC 41 0D 1F B7 41 1E F0 
	F5 31 44 10 22 3E 8F 5F 81 F1 FD 30 04 B7 D0 1D 
	12 BD E7 DD D3 31 29 93 2D 99 AF 91 1A B1 0E 59 
	B9 52 67 A6 1D C7 25 8A 77 8D 2C 7B E1 F8 21 C3 
	1B 13 F1 F4 2A D5 01 B7 4E 57 57 24 A0 F7 39 71 
	3F 14 37 83 D2 29 DF 01 81 B6 61 5D 0D 68 AC 6E 
	51 D5 0B C0 DA 96 98 7A B3 0D 2B 6D BC FF DE A8 
	54 BA 16 88 4F 6F 52 3A 99 13 09 10 8A 6C CC 93 
	24 91 7B 03 77 D2 87 F8 F5 B9 B0 5C FC A3 0C 2B 
	8A 46 8C 5B 5C F8 EB 4F 1A CE A7 8C C1 D8 E2 AB 
	4E FA DF D2 A3 C5 64 FE C9 C4 ED 2A 14 E6 A9 73 
	22 9E CB 61 C9 7E 67 C2 94 65 60 1D 9E 5E 2B 0B 
	88 21 3A 20 85 34 C5 46 94 29 6F 27 3E 37 CE 18 
	3F FD F4 A9 2E 1C C9 3A 4A D4 55 B1 EB 27 9B 2C 
	D3 F3 5D 5E CA DA 0A 04 FE F5 4A A8 21 F6 B2 38 
	E2 BA 60 4D F6 4E 4F E5 D1 94 D9 74 8E BC 87 22 
	86 F2 33 BB 6C 5A 79 29 84 0F B6 2C C8 EB 82 41 
	03 1D FB 34 44 A3 B0 06 EA 98 1F 51 DE A5 80 DC 
	60 20 E5 9E 09 47 D4 C7 48 D9 12 79 0C A4 2A 40 
	8E AC 68 A3 80 06 F9 35 A0 8F C4 52 F4 30 A9 F0 
	2E 4D EE 6B C6 DF 39 B0 5F 6C C9 AB 02 89 33 9C 
	EC 39 A3 B0 B3 38 06 C0 BC 81 EF 52 7E E8 F7 37 
	37 2C 83 4A AD 5E 3B A3 B5 C7 85 12 57 13 DA 57 
	0E 89 78 86 6A AB 5C 2F E0 C5 E4 5C 3E F3 70 4A 
	06 20 BD C4 AB 90 43 5B 31 20 30 B0 5D 22 D0 01 
	D2 09 F0 CF 9B FB ED 9C 4B 9C 19 33 10 FB 90 7E 
	09 66 58 C6 26 DD 67 98 02 9E 9F 64 CC 97 B2 E5 
	CC 10 0C 99 45 39 69 C3 72 25 51 36 87 D3 EE C4 
	5E 8A 9B 53 69 4B 8A 5E F6 36 C0 5F AD 1C 4F C2 
	67 31 AB 72 9D BA B8 00 3C 9F FD B6 5C E4 E5 11 
	F5 60 30 8C 84 41 A0 B1 BB A0 6B A9 61 89 B6 42 
	9E 16 68 E4 C4 2F 08 7B 50 4D 44 6D AB C7 89 A7 
	0B 17 E5 84 9C 1C A1 43 E3 32 4E 79 96 B2 EC 77 
x DH  (size 32):
	30 8A EE 3F ED 8C 9D 04 0D 35 A7 FC 1F A7 76 FB 
	31 30 38 33 AA 2D E8 85 35 4D DF 3D 44 D8 FB 69 
gy DH (size 32):
	27 B1 D6 35 A6 63 38 2D 99 E0 31 B3 E9 A5 D6 82 
	A0 95 45 04 93 56 AF 6F 13 54 DE D1 3E D2 9C 72 
SHARED SECRET DERIVE
G_XY (ECDH shared secret)  (size 32):
	23 42 DA 3A 44 A9 28 77 02 7E D4 DE 6D 1E 8E A1 
	6A 64 F6 60 1A CF 0D 09 79 E2 32 07 86 54 F8 6D 
KEM decapsulation
x KEM  (size 2400):
	7F 52 60 75 15 5B 23 F0 02 3C 66 14 37 A1 5A 6A 
	5C 8C E2 74 48 45 F7 82 0E 02 15 5D 14 26 D2 B6 
	B5 E9 55 00 BB 7A AC 3B 7C B5 BA 69 61 98 3B 51 
	59 43 79 62 A5 96 05 C9 3D B6 87 0A 62 F0 49 78 
	A7 98 CA 7A 73 F8 DA 52 37 13 29 6B 37 81 FD 72 
	AC 40 10 A9 73 F0 7A 3A 14 27 6C EA BE D3 D1 47 
	99 10 A6 C1 5C 74 A5 A0 8E D1 31 30 5A A7 61 AD 
	14 A3 93 3B 45 E7 44 36 0D 3C 7E 83 A7 16 CE 63 
	1C 38 4B 74 1E 41 32 D5 8A 8E C7 91 74 78 D0 0E 
	62 32 B9 BE 72 C5 A6 D0 83 EA 65 80 7F 4A 73 1B 
	A4 2B 99 C8 B4 D9 E5 27 DE 37 44 DE 78 9E 80 7A 
	1E B1 26 32 55 98 C3 39 04 C1 EC 62 B1 5C B1 09 
	70 53 10 9F E6 AC 7F 29 C1 31 8C 71 6B 12 82 4A 
	07 A3 60 A8 CD 71 DA 76 EF BC 7D 86 65 38 50 81 
	63 D3 0C A9 A3 6A 7B E8 70 44 18 C0 A2 2C E6 92 
	AE 48 6E C9 C5 4F DF 3C CD 35 46 A5 FD 23 C6 85 
	65 81 59 11 0F 1C 27 97 6B 84 6C 24 FC 62 15 9A 
	CE AD 12 AF BF 20 5B 22 D7 47 57 2B 5E 02 43 6E 
	E9 55 8A D9 F4 56 26 60 56 46 CA 24 24 4B 73 8A 
	AB 5E 4A 63 96 0B 94 C6 1C 91 4C EA 26 A8 1D 41 
	01 75 A5 9F AB 25 4F 7E 72 A4 52 0B 3A 9A CB 12 
	85 8C 04 08 91 74 52 3A 10 89 D4 51 24 17 22 23 
	EA 63 B7 C6 42 BA 01 61 15 53 97 8C FC 82 0D 42 
	9D 64 09 39 60 D1 36 04 C9 96 65 5C 0A AD 34 5A 
	2D 34 AE 33 D4 8F 16 90 9B 77 68 55 51 30 8E 11 
	D2 9F EB 96 CB 97 16 25 BF EC B7 C8 28 72 7E C9 
	82 13 E1 38 10 6A 11 4B CA 03 84 8A 45 60 CC B1 
	0A 0A A9 B3 59 C0 D5 09 C2 4A B2 2A 91 C0 C6 C8 
	32 96 F7 83 16 CB 63 36 E7 26 C2 62 64 23 F8 03 
	6C F1 14 62 D0 35 23 18 3C 6E 8E B4 21 59 16 7D 
	D8 74 87 22 24 1E 7C F8 25 AD A3 51 33 CA 4E 08 
	E4 BA 21 F8 49 FB A9 24 6D 14 C7 53 66 8C 54 E7 
	AA 58 F6 58 CD 96 22 DF 34 18 BC 90 7B 98 48 9B 
	4C 5B 74 E6 47 4F 49 B9 5B 22 11 67 B6 A9 52 CC 
	98 3F A6 72 3B 05 75 46 53 9C CC 5B CC 95 C2 66 
	4F 2E EC BB 79 6B 3A BB 91 21 CD 05 8A D3 08 87 
	2C 8C 38 18 51 61 26 43 89 65 E8 77 E3 F1 31 93 
	05 6C 7B 37 02 33 23 72 85 68 26 5B C5 29 BD 9B 
	C7 E5 A8 0A 9C 4A 2A 52 9C 70 1E 4B 89 CA 9A 78 
	74 C0 7C 4E A1 22 7E BB 22 53 F0 46 2F 57 3B EE 
	D4 03 7B 17 A0 93 31 31 96 8A 2F 8C 23 74 35 C2 
	43 C9 68 10 3C 7A 10 C8 87 8F AF 78 44 64 B7 8A 
	A0 57 A4 A5 1B 9D B0 19 6D 01 47 35 13 98 4D 7A 
	30 1A 7B CA 41 99 01 0A 41 32 B6 40 05 D0 26 4B 
	9B D5 DA 8F 0F 44 CE CB 76 B9 EA 5A 19 32 B5 A1 
	70 B5 18 AE A8 04 DE B2 48 DD 68 06 4F 8A 2D EC 
	D2 9B AD A8 74 3A 52 C0 61 38 7F 06 32 89 45 27 
	61 BD 72 6C F0 EB 7F BF 27 80 B6 AA 8C 6E 32 51 
	01 CC 50 7B AB 41 72 99 4A 6B 4A C5 80 E8 77 C0 
	2B 73 6A 47 65 F3 CB 23 31 AC 64 81 C2 55 A4 7B 
	3D F2 FA BA 3D F1 94 C1 A2 63 0D F8 C8 82 62 47 
	09 84 BE EA 16 10 7D 10 51 D4 F3 4D 32 2B 4E 0B 
	22 27 E7 BB 31 7A 34 32 6A 92 6D 9F 52 53 C7 84 
	9E B4 27 77 8A 9B 0C 21 24 3A 1B 72 9D 51 AB 0D 
	12 B9 7F 44 04 72 9A FB CF E5 92 AC 1E C7 99 7B 
	49 30 CE 87 B5 7E E9 BD 52 22 01 20 87 C3 D3 2C 
	94 5F F0 CA 75 17 0F 82 40 72 7E 4B 09 B5 81 B9 
	F8 CA 99 BF B6 1A BB 96 6A 0E AA CE 13 A2 7C E2 
	4B 5E BE E5 59 BA F8 16 FF 68 2D B7 81 0D F9 68 
	9B 8B A1 66 C7 0A 2B 16 E7 CF 28 62 18 C5 78 BA 
	F6 6B 53 6B A8 AA 4D BA 24 7D 83 16 24 94 04 82 
	53 0D 8B C7 07 0D C8 AE 53 D1 40 78 38 C8 8C 39 
	A6 54 56 52 41 69 50 99 A6 41 E1 FC 6D 47 B6 3C 
	B2 DC AE A9 41 7B DB E0 BF EE 28 47 83 D4 80 19 
	B3 C9 2D D3 3E C3 33 62 61 27 C0 A7 3C B4 C2 30 
	AC B2 8A CC CF 10 57 01 E1 20 26 98 09 89 E9 10 
	B2 3C 9B 25 E8 80 09 0A 98 7D 85 3E 06 62 83 F6 
	46 45 1D CB 3A EE 19 C4 65 59 CE BC 7A 4A DE 31 
	4B 7B A6 A1 77 F1 90 ED 13 56 4B 35 C7 4F D4 CF 
	5C 62 91 A7 65 32 84 A3 1D CF C3 44 75 C2 23 D2 
	15 15 9C 4A 79 B7 50 56 F6 6A 11 6F 26 A6 AF 72 
	70 54 E6 6E 71 F0 68 56 E3 AE 89 14 71 3B CC 3C 
	36 29 B5 89 E6 B6 EB 00 4C A4 71 3A 83 CA C5 A7 
	02 46 68 61 6D B0 41 03 BE BC C1 49 55 B7 BF 2B 
	B3 E8 3B C1 0D 01 72 A4 9C 64 05 F9 3D 62 C3 05 
	B0 6C 35 49 A2 95 7B 70 9E EC FB 50 03 CA 9F EE 
	E0 50 C6 88 B7 59 21 80 EC 72 2B 01 7B 7C 9F B9 
	81 77 59 58 4D F0 2A 9F 25 35 D2 F8 67 64 A0 6D 
	97 AC 31 E0 7A 2C 26 10 96 E5 54 83 E0 05 AE 8A 
	B6 28 76 90 A2 0A 97 AB 8A 56 49 3F 92 CB 4D B9 
	30 43 17 9C B5 6B 42 25 B0 53 0E 14 28 A7 13 29 
	6D 1B 2C 9A 0A 77 A7 DB B4 FE 6B 61 7D 88 92 68 
	85 52 54 C3 BE 73 C1 0D 35 F3 B9 3D 54 66 F6 29 
	3C 2A F0 A0 46 00 0B 82 09 59 C6 D5 C9 B3 E7 47 
	B5 68 5D 4A C8 6E 97 F5 A0 B6 75 63 6A 49 28 B9 
	B1 80 1A 31 C6 EC C0 4C 09 B5 3F 5E FB 28 0B 60 
	56 01 03 1E 47 4C B7 97 38 8F 0B 26 3A 9B CA 94 
	C6 C3 33 48 83 CE 32 8C 49 1B 41 44 68 96 CF ED 
	AC 6D 0A 6B 83 A2 8B A7 FB B6 97 5C A1 CA 68 36 
	2C B7 1A 52 9C 69 44 0C F1 4C 9E 77 C7 F7 5A 61 
	AA 6C 6B 16 4A BA 64 9A 43 C9 35 18 61 36 03 6B 
	E6 39 45 4A A8 93 9A C2 88 BB 21 4E 82 33 2E 17 
	23 80 1A CE A1 14 A3 B9 51 95 C8 06 B4 81 EC AF 
	4D 6B AE 44 B4 9C E9 5A B2 AD B8 CD DC D8 75 53 
	51 76 BE 75 82 1C 1C A2 68 7A 28 C2 B4 4D E4 D5 
	9B 0B 03 90 B2 E3 63 C5 AA 13 C4 FA 8F 3F 03 BC 
	F4 17 56 AE 74 7D D1 35 B1 90 A0 CA 2E D9 2D DC 
	06 7B 22 E1 C5 CF 94 1A 44 D7 6E 44 0B 55 2A 13 
	A5 A4 55 A5 F4 A6 7F 5F D0 8C 15 88 92 04 00 C2 
	65 D1 74 CE 99 8B 87 EC 59 5E 14 7C 25 68 9E E7 
	D6 1D EE 62 59 C2 92 73 0D 08 D0 FE A0 2A BC 13 
	78 69 76 0E DA CA B7 5C A5 4D 3D 99 2C 36 37 7D 
	29 A6 A8 36 84 3F 7F A3 7E E7 91 80 9D 45 C8 F5 
	15 15 41 E8 7A 7E FB BC BD 29 87 91 85 B5 28 47 
	13 62 B6 30 70 C1 14 96 07 1D E3 7B BB 7C 56 5C 
	C8 1A C0 F1 1C 5C A1 0C 86 FF AC 83 0D 00 C4 B0 
	99 A4 23 A9 4A 56 80 15 85 19 BA 36 89 2B 33 72 
	BF 2B 95 00 F5 67 34 3D 45 07 80 F1 6C 10 97 83 
	BA AA 75 8D 13 BC 8F A7 4B 66 50 AD 8C E3 C6 67 
	82 38 72 1A 09 65 93 43 DA DB 59 AD 68 B4 72 0A 
	49 EE 82 94 26 14 4B 44 8B 58 84 50 CC 1A 34 07 
	E8 25 68 28 77 C1 DB 4B 4A CB D0 7C F4 39 5B 62 
	64 A7 78 59 2E 3E 7B 3F AF CB 13 EC E1 15 4E E6 
	A8 08 5A 7F BD 00 5A E2 C3 9F AE 6B 64 CD 87 1D 
	F8 EB 03 3B 2C C4 8E FB 88 8C D5 48 96 D3 B4 5E 
	12 6A 61 B9 C7 01 1A 8D 29 13 0F 4D 35 C3 59 DA 
	B5 8E 31 5F 82 B9 99 89 00 12 6D 7A BC 1E E0 56 
	82 53 53 A0 8A 20 BB 56 A0 CD FC 01 99 B5 73 AF 
	02 BA DE 34 56 D3 DB 5A 2C 8B 7F 96 64 B6 C6 41 
	3C 08 E9 7D 53 01 78 07 48 94 C4 29 02 ED 84 35 
	A6 48 1F 74 C5 37 D9 A1 16 B3 53 91 1C 16 1D 5F 
	96 0F 53 F3 0B 85 97 37 03 88 1A D5 DA 9A 22 1C 
	7C 85 8C 86 A4 7C 68 B2 97 B7 0A 72 77 FD 60 38 
	7F 15 69 CA 85 37 00 2B 1D AE C2 71 A9 A0 C0 87 
	A1 98 CF F6 37 A9 45 10 5C C0 79 2D 51 07 31 F5 
	5E 94 3C 8F D9 A3 9E E7 D4 83 13 D3 B9 E7 42 25 
	B1 A3 CD 98 78 5E FD 8C 98 75 2B 2E A8 55 88 5A 
	13 85 67 28 3C 07 43 3D 63 02 6C 93 E0 99 21 B5 
	2E D1 80 AD B3 29 36 C1 4C 4C AA 77 A0 40 D1 23 
	49 33 47 89 2A 2D 0C 5B 13 10 94 C8 42 05 B5 B3 
	78 51 95 CA 73 D6 62 BB 03 04 6A 03 99 88 D2 AC 
	17 49 65 87 B3 E0 BB DD 76 95 80 09 5F 26 4A B9 
	63 32 96 D2 95 75 E5 30 C4 B7 17 38 AE B0 74 A8 
	A3 6C 59 E8 80 D5 62 92 3D CA 75 73 82 1E 94 DB 
	B9 A0 6B A5 DA A0 C2 D9 0A B9 59 A2 47 F7 01 AF 
	56 95 57 64 B7 1C 23 79 BB B0 1C 1E F1 82 49 D5 
	D7 8F B5 93 10 85 4B 1B 2E A9 3B A3 77 58 60 48 
	2A 78 AC 4E D9 F4 CF E0 B8 22 B3 9A AD 87 46 8F 
	92 90 C5 29 94 8D 06 67 96 39 71 03 54 63 95 25 
	40 6B 80 A9 CD AA 94 3A 91 5C AA D2 C9 9C 73 1B 
	BB 0C AC 83 9A 12 7C 26 C9 81 FC 36 51 64 F9 68 
	5A 32 48 87 43 04 CF 4B A3 50 1B 71 E5 AB 24 C3 
	23 2C E9 F2 CC 77 5A 7E 65 95 82 1F 62 3C B1 9B 
	AB 46 75 13 8B A4 24 89 40 94 79 5A 6B EE E7 1F 
	9E 69 4A 89 4D AD FC F6 99 43 C5 9F 5B 77 6A F1 
	F5 4C 09 99 58 BA 2B 78 54 23 EC 9E 7C 0B 60 1D 
	86 38 A9 B4 11 51 91 53 B3 96 31 7B FB 2A 89 B6 
	CD E2 FF 4F 52 BD 4C ED 41 C5 71 05 ED 5D AF B7 
	B4 7D E6 02 F8 8A B1 59 F4 F4 38 96 F7 EA B1 F9 
	56 31 AD 4B 1E 76 E7 C5 E8 31 17 BB 07 B1 F9 A0 
gy KEM: (PQ CC) (size 1088):
	FE 8B E2 60 38 0E F2 47 F7 9F C6 68 C5 33 7C 4D 
	5D F5 76 98 9B B1 C6 BC BF 94 45 C1 30 4E 7A F8 
	1F 41 FF E4 3D 65 25 80 D8 F2 4A 7D 1C E6 B9 4E 
	59 67 BC 65 3C D0 32 7A D7 E5 5B 49 94 B6 22 7F 
	59 88 03 31 19 FA 67 24 5A AB BB 32 45 9F EF 97 
	0E 48 6B E3 AB 2F 15 D1 B0 BE 54 32 76 B7 BA 8A 
	79 AF 21 E3 96 3E AC 1A F1 91 C1 65 DA E9 AF B1 
	30 31 20 9A 88 61 3C A1 EF 1F FA E6 A8 CC 1C 09 
	AB AE EF 60 C9 2C 63 44 56 59 22 06 D2 35 1F 9D 
	E8 16 00 39 CF C3 76 FA 53 46 49 03 67 42 67 BD 
	E9 E8 D2 F9 A8 38 89 88 65 47 F0 C2 B6 B7 18 83 
	54 43 9B 89 E5 2E C8 BA D5 95 0F BB 3A 68 7A 88 
	30 B3 93 0F C7 B5 6F E5 39 18 26 0F 94 28 2C 8C 
	A6 51 B2 BC 41 07 CB 67 F0 83 73 A7 98 41 F2 60 
	93 50 7B DC 12 B0 42 02 6D 59 AA 09 1B FC EA E5 
	82 CD 5E 7F 24 B4 AF 2B 82 9C 63 D1 2C 1A DF CA 
	3D 92 3C 10 01 93 F7 1F 35 0A B2 A3 C7 F4 CB C0 
	07 4C 59 10 62 DF AB 07 0D 13 C2 97 B8 B8 A3 99 
	76 D2 F7 52 69 26 00 EB D1 F2 F8 89 B0 AB EA 36 
	07 B9 A2 9A 64 C2 54 4D BE 71 56 E5 81 88 A4 46 
	45 A6 8C 2B B7 1C 80 A0 41 70 BE 5B 2E AC 3C F3 
	66 64 21 96 48 23 06 08 88 D1 6F 8E 76 2A 4C 3F 
	ED 6E 66 09 B2 A7 44 52 53 07 34 CB 47 5E 74 84 
	91 E6 F5 28 43 5B FC 5B 8C 7A A8 67 A7 C9 0B 79 
	05 74 AC 1F F0 B3 9C A7 67 57 53 6A C8 D5 3A B2 
	6B 63 A6 2F E8 4F CD DC D4 BC 07 76 80 43 7A 88 
	CA 79 BD D7 3D 40 FD 70 40 9C A0 A7 24 56 EB FE 
	BC 0F 1B 42 29 E5 07 67 AC 18 A5 DA 88 D1 7E 96 
	B1 D5 A7 0A 5B 33 03 84 A2 D1 94 CA 5F 74 AD EC 
	E2 32 74 61 BD E6 E2 5C 1D 58 50 CB 9F A5 4E 69 
	DD FE 75 9D C5 7B CD F9 95 B8 84 BC 91 71 82 D6 
	0B 45 11 50 5D 72 90 73 AB 9C 58 77 76 28 2A 70 
	13 A5 20 83 B0 8A 16 62 D5 AF E5 31 90 86 59 99 
	81 4A 7A 0D A3 B0 10 6B 9D D4 FA E3 CB 27 54 CA 
	4A E7 C0 FC 75 57 18 B5 14 79 42 A2 6F 15 A3 60 
	C1 76 22 26 64 CA 60 80 DC 41 0D 1F B7 41 1E F0 
	F5 31 44 10 22 3E 8F 5F 81 F1 FD 30 04 B7 D0 1D 
	12 BD E7 DD D3 31 29 93 2D 99 AF 91 1A B1 0E 59 
	B9 52 67 A6 1D C7 25 8A 77 8D 2C 7B E1 F8 21 C3 
	1B 13 F1 F4 2A D5 01 B7 4E 57 57 24 A0 F7 39 71 
	3F 14 37 83 D2 29 DF 01 81 B6 61 5D 0D 68 AC 6E 
	51 D5 0B C0 DA 96 98 7A B3 0D 2B 6D BC FF DE A8 
	54 BA 16 88 4F 6F 52 3A 99 13 09 10 8A 6C CC 93 
	24 91 7B 03 77 D2 87 F8 F5 B9 B0 5C FC A3 0C 2B 
	8A 46 8C 5B 5C F8 EB 4F 1A CE A7 8C C1 D8 E2 AB 
	4E FA DF D2 A3 C5 64 FE C9 C4 ED 2A 14 E6 A9 73 
	22 9E CB 61 C9 7E 67 C2 94 65 60 1D 9E 5E 2B 0B 
	88 21 3A 20 85 34 C5 46 94 29 6F 27 3E 37 CE 18 
	3F FD F4 A9 2E 1C C9 3A 4A D4 55 B1 EB 27 9B 2C 
	D3 F3 5D 5E CA DA 0A 04 FE F5 4A A8 21 F6 B2 38 
	E2 BA 60 4D F6 4E 4F E5 D1 94 D9 74 8E BC 87 22 
	86 F2 33 BB 6C 5A 79 29 84 0F B6 2C C8 EB 82 41 
	03 1D FB 34 44 A3 B0 06 EA 98 1F 51 DE A5 80 DC 
	60 20 E5 9E 09 47 D4 C7 48 D9 12 79 0C A4 2A 40 
	8E AC 68 A3 80 06 F9 35 A0 8F C4 52 F4 30 A9 F0 
	2E 4D EE 6B C6 DF 39 B0 5F 6C C9 AB 02 89 33 9C 
	EC 39 A3 B0 B3 38 06 C0 BC 81 EF 52 7E E8 F7 37 
	37 2C 83 4A AD 5E 3B A3 B5 C7 85 12 57 13 DA 57 
	0E 89 78 86 6A AB 5C 2F E0 C5 E4 5C 3E F3 70 4A 
	06 20 BD C4 AB 90 43 5B 31 20 30 B0 5D 22 D0 01 
	D2 09 F0 CF 9B FB ED 9C 4B 9C 19 33 10 FB 90 7E 
	09 66 58 C6 26 DD 67 98 02 9E 9F 64 CC 97 B2 E5 
	CC 10 0C 99 45 39 69 C3 72 25 51 36 87 D3 EE C4 
	5E 8A 9B 53 69 4B 8A 5E F6 36 C0 5F AD 1C 4F C2 
	67 31 AB 72 9D BA B8 00 3C 9F FD B6 5C E4 E5 11 
	F5 60 30 8C 84 41 A0 B1 BB A0 6B A9 61 89 B6 42 
	9E 16 68 E4 C4 2F 08 7B 50 4D 44 6D AB C7 89 A7 
	0B 17 E5 84 9C 1C A1 43 E3 32 4E 79 96 B2 EC 77 
G_XY (PQ SS)  (size 32):
	89 AA 48 AA A3 86 76 5E 21 F4 44 00 25 3A 58 DD 
	4C 93 1A 92 38 61 14 79 BD 03 A6 08 0A AD 13 DE 
hash_msg1_raw (size 32):
	D0 1D 37 C4 99 95 6A 48 F5 54 3C CD 42 D5 48 AF 
	34 8C A8 F6 06 C6 2C 39 E1 54 27 F9 C9 D4 48 24 
Input to calculate TH_2 (CBOR Sequence) (size 1157):
	59 04 60 27 B1 D6 35 A6 63 38 2D 99 E0 31 B3 E9 
	A5 D6 82 A0 95 45 04 93 56 AF 6F 13 54 DE D1 3E 
	D2 9C 72 FE 8B E2 60 38 0E F2 47 F7 9F C6 68 C5 
	33 7C 4D 5D F5 76 98 9B B1 C6 BC BF 94 45 C1 30 
	4E 7A F8 1F 41 FF E4 3D 65 25 80 D8 F2 4A 7D 1C 
	E6 B9 4E 59 67 BC 65 3C D0 32 7A D7 E5 5B 49 94 
	B6 22 7F 59 88 03 31 19 FA 67 24 5A AB BB 32 45 
	9F EF 97 0E 48 6B E3 AB 2F 15 D1 B0 BE 54 32 76 
	B7 BA 8A 79 AF 21 E3 96 3E AC 1A F1 91 C1 65 DA 
	E9 AF B1 30 31 20 9A 88 61 3C A1 EF 1F FA E6 A8 
	CC 1C 09 AB AE EF 60 C9 2C 63 44 56 59 22 06 D2 
	35 1F 9D E8 16 00 39 CF C3 76 FA 53 46 49 03 67 
	42 67 BD E9 E8 D2 F9 A8 38 89 88 65 47 F0 C2 B6 
	B7 18 83 54 43 9B 89 E5 2E C8 BA D5 95 0F BB 3A 
	68 7A 88 30 B3 93 0F C7 B5 6F E5 39 18 26 0F 94 
	28 2C 8C A6 51 B2 BC 41 07 CB 67 F0 83 73 A7 98 
	41 F2 60 93 50 7B DC 12 B0 42 02 6D 59 AA 09 1B 
	FC EA E5 82 CD 5E 7F 24 B4 AF 2B 82 9C 63 D1 2C 
	1A DF CA 3D 92 3C 10 01 93 F7 1F 35 0A B2 A3 C7 
	F4 CB C0 07 4C 59 10 62 DF AB 07 0D 13 C2 97 B8 
	B8 A3 99 76 D2 F7 52 69 26 00 EB D1 F2 F8 89 B0 
	AB EA 36 07 B9 A2 9A 64 C2 54 4D BE 71 56 E5 81 
	88 A4 46 45 A6 8C 2B B7 1C 80 A0 41 70 BE 5B 2E 
	AC 3C F3 66 64 21 96 48 23 06 08 88 D1 6F 8E 76 
	2A 4C 3F ED 6E 66 09 B2 A7 44 52 53 07 34 CB 47 
	5E 74 84 91 E6 F5 28 43 5B FC 5B 8C 7A A8 67 A7 
	C9 0B 79 05 74 AC 1F F0 B3 9C A7 67 57 53 6A C8 
	D5 3A B2 6B 63 A6 2F E8 4F CD DC D4 BC 07 76 80 
	43 7A 88 CA 79 BD D7 3D 40 FD 70 40 9C A0 A7 24 
	56 EB FE BC 0F 1B 42 29 E5 07 67 AC 18 A5 DA 88 
	D1 7E 96 B1 D5 A7 0A 5B 33 03 84 A2 D1 94 CA 5F 
	74 AD EC E2 32 74 61 BD E6 E2 5C 1D 58 50 CB 9F 
	A5 4E 69 DD FE 75 9D C5 7B CD F9 95 B8 84 BC 91 
	71 82 D6 0B 45 11 50 5D 72 90 73 AB 9C 58 77 76 
	28 2A 70 13 A5 20 83 B0 8A 16 62 D5 AF E5 31 90 
	86 59 99 81 4A 7A 0D A3 B0 10 6B 9D D4 FA E3 CB 
	27 54 CA 4A E7 C0 FC 75 57 18 B5 14 79 42 A2 6F 
	15 A3 60 C1 76 22 26 64 CA 60 80 DC 41 0D 1F B7 
	41 1E F0 F5 31 44 10 22 3E 8F 5F 81 F1 FD 30 04 
	B7 D0 1D 12 BD E7 DD D3 31 29 93 2D 99 AF 91 1A 
	B1 0E 59 B9 52 67 A6 1D C7 25 8A 77 8D 2C 7B E1 
	F8 21 C3 1B 13 F1 F4 2A D5 01 B7 4E 57 57 24 A0 
	F7 39 71 3F 14 37 83 D2 29 DF 01 81 B6 61 5D 0D 
	68 AC 6E 51 D5 0B C0 DA 96 98 7A B3 0D 2B 6D BC 
	FF DE A8 54 BA 16 88 4F 6F 52 3A 99 13 09 10 8A 
	6C CC 93 24 91 7B 03 77 D2 87 F8 F5 B9 B0 5C FC 
	A3 0C 2B 8A 46 8C 5B 5C F8 EB 4F 1A CE A7 8C C1 
	D8 E2 AB 4E FA DF D2 A3 C5 64 FE C9 C4 ED 2A 14 
	E6 A9 73 22 9E CB 61 C9 7E 67 C2 94 65 60 1D 9E 
	5E 2B 0B 88 21 3A 20 85 34 C5 46 94 29 6F 27 3E 
	37 CE 18 3F FD F4 A9 2E 1C C9 3A 4A D4 55 B1 EB 
	27 9B 2C D3 F3 5D 5E CA DA 0A 04 FE F5 4A A8 21 
	F6 B2 38 E2 BA 60 4D F6 4E 4F E5 D1 94 D9 74 8E 
	BC 87 22 86 F2 33 BB 6C 5A 79 29 84 0F B6 2C C8 
	EB 82 41 03 1D FB 34 44 A3 B0 06 EA 98 1F 51 DE 
	A5 80 DC 60 20 E5 9E 09 47 D4 C7 48 D9 12 79 0C 
	A4 2A 40 8E AC 68 A3 80 06 F9 35 A0 8F C4 52 F4 
	30 A9 F0 2E 4D EE 6B C6 DF 39 B0 5F 6C C9 AB 02 
	89 33 9C EC 39 A3 B0 B3 38 06 C0 BC 81 EF 52 7E 
	E8 F7 37 37 2C 83 4A AD 5E 3B A3 B5 C7 85 12 57 
	13 DA 57 0E 89 78 86 6A AB 5C 2F E0 C5 E4 5C 3E 
	F3 70 4A 06 20 BD C4 AB 90 43 5B 31 20 30 B0 5D 
	22 D0 01 D2 09 F0 CF 9B FB ED 9C 4B 9C 19 33 10 
	FB 90 7E 09 66 58 C6 26 DD 67 98 02 9E 9F 64 CC 
	97 B2 E5 CC 10 0C 99 45 39 69 C3 72 25 51 36 87 
	D3 EE C4 5E 8A 9B 53 69 4B 8A 5E F6 36 C0 5F AD 
	1C 4F C2 67 31 AB 72 9D BA B8 00 3C 9F FD B6 5C 
	E4 E5 11 F5 60 30 8C 84 41 A0 B1 BB A0 6B A9 61 
	89 B6 42 9E 16 68 E4 C4 2F 08 7B 50 4D 44 6D AB 
	C7 89 A7 0B 17 E5 84 9C 1C A1 43 E3 32 4E 79 96 
	B2 EC 77 58 20 D0 1D 37 C4 99 95 6A 48 F5 54 3C 
	CD 42 D5 48 AF 34 8C A8 F6 06 C6 2C 39 E1 54 27 
	F9 C9 D4 48 24 
TH2 (size 32):
	D2 F1 6F A3 91 14 D0 42 B0 EE 2B EB C0 CD 75 A5 
	CC 51 BC 03 3E C4 09 ED 17 94 CC FE 97 3C 77 FE 
TH_2 (size 32):
	D2 F1 6F A3 91 14 D0 42 B0 EE 2B EB C0 CD 75 A5 
	CC 51 BC 03 3E C4 09 ED 17 94 CC FE 97 3C 77 FE 
GX_Y (for prk_2e) (size 32):
	23 42 DA 3A 44 A9 28 77 02 7E D4 DE 6D 1E 8E A1 
	6A 64 F6 60 1A CF 0D 09 79 E2 32 07 86 54 F8 6D 
PRK_2e (first DH derivation) (size 32):
	46 8E 81 FA 64 BA 33 FD DB 8A 6C A9 F3 5D 62 F4 
	C6 0B DB E4 E0 1E 75 A8 5E 37 17 32 B9 63 89 95 
PRK_2e_b (second KEM DH) (size 32):
	FE B7 9B 69 C9 DB 53 F0 01 3C 33 B9 5B 2E 33 C2 
	0C 5F 70 A4 F8 CA 27 A7 64 4B 2F 9F DE 55 DD 1C 
PRK_2e (size 32):
	FE B7 9B 69 C9 DB 53 F0 01 3C 33 B9 5B 2E 33 C2 
	0C 5F 70 A4 F8 CA 27 A7 64 4B 2F 9F DE 55 DD 1C 
KEYSTREAM_2 (size 12):
	CD 14 9E 77 B6 23 51 C4 D4 24 A7 75 
associated_data (size 45):
	83 68 45 6E 63 72 79 70 74 30 40 58 20 D2 F1 6F 
	A3 91 14 D0 42 B0 EE 2B EB C0 CD 75 A5 CC 51 BC 
	03 3E C4 09 ED 17 94 CC FE 97 3C 77 FE 
plaintext (size 12):
	41 A1 01 48 38 53 10 B9 7C 44 3C 6F 
C_R (raw) (size 1):
	A1 
ID_CRED (size 3):
	A1 04 01 
sign_or_mac (size 8):
	38 53 10 B9 7C 44 3C 6F 
[cred] lookup ID_CRED len=3
A10401
[cred] cred_array entries: 5
[cred] candidate[0] len=3 A10401
[cred] candidate[1] len=3 A10401
[cred] candidate[2] len=7 A1043A271CE614
[cred] candidate[3] len=7 A1043A39D0E614
[cred] candidate[4] len=7 A1041A0BD419EB
SHARED SECRET DERIVE
dh_secret (size 32):
	16 97 10 01 99 18 A8 54 1B A3 52 5C 8E 48 5B E2 
	43 22 F8 E6 D1 35 A8 7C 69 E0 DF CC 76 8E ED 5B 
SALT_3e2m or SALT4e3m (size 32):
	77 36 67 E9 B6 09 1D 11 70 51 CE 63 3A 07 DB 78 
	09 79 FD B0 EC C1 AC BF C8 96 02 55 C9 67 8F 06 
prk_3e2m (size 32):
	BB E3 E0 C1 E2 ED F3 A6 BD 48 5F 69 02 2D 6B 7A 
	C3 53 92 6B EF 45 43 99 87 DB C3 2C 0F 46 F6 C7 
TMP size: 32
CBOR ENCODE ERROR: 0
MAX ID CRED: 400 cred len 3
MAX CRED: 765 cred len 3
PK SIZE: 65
SIGNATURE SIZE: 500
CONTEXT_MAC_SIZE: 1204
CONTEXT_MAC len: 42
CR len: 2
TH enc len: 34
TMP size: 1
CBOR ENCODE ERROR: 0
MAC context (size 42):
	41 A1 A1 04 01 58 20 D2 F1 6F A3 91 14 D0 42 B0 
	EE 2B EB C0 CD 75 A5 CC 51 BC 03 3E C4 09 ED 17 
	94 CC FE 97 3C 77 FE A1 04 01 
MAC 2/3 (size 8):
	38 53 10 B9 7C 44 3C 6F 
th23 (size 32):
	D2 F1 6F A3 91 14 D0 42 B0 EE 2B EB C0 CD 75 A5 
	CC 51 BC 03 3E C4 09 ED 17 94 CC FE 97 3C 77 FE 
plaintext_23 (size 12):
	41 A1 01 48 38 53 10 B9 7C 44 3C 6F 
cred (size 3):
	A1 04 01 
TMP size: 32
CBOR ENCODE ERROR: 0
Encoded
memcopy1
memcopy2
Input to calculate TH_3/TH_4 (CBOR Sequence) (size 49):
	58 20 D2 F1 6F A3 91 14 D0 42 B0 EE 2B EB C0 CD 
	75 A5 CC 51 BC 03 3E C4 09 ED 17 94 CC FE 97 3C 
	77 FE 41 A1 01 48 38 53 10 B9 7C 44 3C 6F A1 04 
	01 
TH34 (size 32):
	1D E2 5C 42 B4 E2 AC 0D 7D E8 4D 94 7A 85 2D 9F 
	57 2E 35 59 8D A1 0E E8 2F F2 8A EC E5 F0 E9 C6 
SHARED SECRET DERIVE
dh_secret (size 32):
	6C AA 7E E1 BA D2 D5 D5 C3 6D 15 AA 95 09 CF D4 
	84 71 E2 B0 43 B8 D2 92 C7 78 9F 3C 1B 1B 6C 3F 
SALT_3e2m or SALT4e3m (size 32):
	BA D6 90 7C B7 2F 6E 37 73 A0 7E 3F 4A C2 3B 2B 
	78 A8 4A C5 5A DB A0 17 73 48 32 83 D7 DF AE 57 
prk_4e3m (size 32):
	39 7B 4F 85 D7 A9 7F 4C 39 6B F4 0D 8C 41 26 26 
	64 4F AB D4 40 00 81 CA 2B 38 75 F4 C0 15 35 44 
TMP size: 32
CBOR ENCODE ERROR: 0
MAX ID CRED: 400 cred len 3
MAX CRED: 765 cred len 3
PK SIZE: 65
SIGNATURE SIZE: 500
CONTEXT_MAC_SIZE: 1204
CONTEXT_MAC len: 41
CR len: 1
TH enc len: 34
MAC context (size 40):
	A1 04 00 58 20 1D E2 5C 42 B4 E2 AC 0D 7D E8 4D 
	94 7A 85 2D 9F 57 2E 35 59 8D A1 0E E8 2F F2 8A 
	EC E5 F0 E9 C6 A1 04 00 
MAC 2/3 (size 8):
	D9 D4 2E 26 46 48 71 09 
TMP size: 8
CBOR ENCODE ERROR: 0
kid (size 1):
	00 
K_3 (size 16):
	9A D4 C5 7A 2E 66 07 8B 18 22 F7 F2 22 90 18 3B 
IV_3 (size 13):
	F3 F5 21 0A 7B 45 F1 26 EC 9B A1 A6 0A 
aad_data (size 45):
	83 68 45 6E 63 72 79 70 74 30 40 58 20 1D E2 5C 
	42 B4 E2 AC 0D 7D E8 4D 94 7A 85 2D 9F 57 2E 35 
	59 8D A1 0E E8 2F F2 8A EC E5 F0 E9 C6 
ciphertext_2/3/4 (size 20):
	60 B1 0C 2F DA 60 C9 DF CD 19 36 91 44 63 13 31 
	92 C2 F1 72 
CIPHERTEXT: (size 20):
	60 B1 0C 2F DA 60 C9 DF CD 19 36 91 44 63 13 31 
	92 C2 F1 72 
MSG out size:24
TMP size: 20
CBOR ENCODE ERROR: 0
msg3 (size 21):
	54 60 B1 0C 2F DA 60 C9 DF CD 19 36 91 44 63 13 
	31 92 C2 F1 72 
th23 (size 32):
	1D E2 5C 42 B4 E2 AC 0D 7D E8 4D 94 7A 85 2D 9F 
	57 2E 35 59 8D A1 0E E8 2F F2 8A EC E5 F0 E9 C6 
plaintext_23 (size 12):
	A1 04 00 48 D9 D4 2E 26 46 48 71 09 
cred (size 3):
	A1 04 00 
TMP size: 32
CBOR ENCODE ERROR: 0
Encoded
memcopy1
memcopy2
Input to calculate TH_3/TH_4 (CBOR Sequence) (size 49):
	58 20 1D E2 5C 42 B4 E2 AC 0D 7D E8 4D 94 7A 85 
	2D 9F 57 2E 35 59 8D A1 0E E8 2F F2 8A EC E5 F0 
	E9 C6 A1 04 00 48 D9 D4 2E 26 46 48 71 09 A1 04 
	00 
TH34 (size 32):
	F4 92 70 C6 63 2B 7F 25 77 26 B0 1D 4E 99 58 F1 
	60 40 AE 6F 54 BC D2 31 5A AB 73 61 F5 A4 0C 36 
[init] tx sent 21 bytes
[init] edhoc_initiator_run completed
PRK_out (size 32):
	5B A0 1C C7 57 D2 47 C3 AE A8 45 CA F0 D5 3F A9 
	23 A1 DA 04 8B 1E D4 7D D7 A0 18 DD EE 6D 22 2C 
prk_exporter (size 32):
	D6 36 2F 7A 23 26 40 86 F2 1E BA 33 5F C3 13 E2 
	34 D1 CF 83 43 B1 5D C7 CA CF 19 BA 1F D0 37 E5 
OSCORE Master Secret (size 16):
	FE 66 A4 99 9C 6B 3D 6C 57 FF 13 D3 99 B8 4D 8F 
OSCORE Master Salt (size 8):
	0A 78 65 2F FD 9B 2F 8D 
