[init] get_suite
[init] suite ready
[init] static DH keygen
[init] static responder pk
[init] ephemeral DH keygen
[init] ephemeral KEM keygen alg -67
IPv4 client to connect to server with address 127.0.0.1 started!
[init] socket ready
[init] starting edhoc_initiator_run
MSG1 gx (size 1216):
	FB B4 6F DD 17 E8 B7 0E C5 98 DE CB B6 C8 4A 15 
	29 B0 DF CF 9E DE D9 C5 F8 D3 BF 64 F5 52 D2 10 
	C2 46 32 FE A0 C3 CF 4A 0F 09 F0 6F DB 55 40 E4 
	2C 85 CD 03 9A 1B A5 9B BD F0 CD 99 80 73 79 3C 
	C6 37 F0 54 A0 C4 27 7D B8 1B 53 D2 CD CA 28 01 
	C1 96 BD B7 28 88 5C E0 5B 3C 31 A3 16 B4 85 12 
	B5 5E 03 47 1E CF CA 8D 4F 26 96 DB 5C 11 37 C4 
	0E 51 FC 9F 00 80 5E 74 F0 7A B6 C2 A6 8B A8 A4 
	E2 91 4F E1 DC 33 1D 0C 6C 32 E0 54 AA 90 9C 6A 
	67 7E E9 5B 21 6A D4 BB F8 8A 03 89 14 34 EC 20 
	50 18 DA 56 D2 D8 B1 64 DB 5E 01 2C 0B 15 81 98 
	B9 09 88 12 A5 8E 47 00 81 54 A4 56 00 44 AE 43 
	6A 62 8C E9 41 0D 25 43 A4 1C 3F 22 C6 5A 28 A0 
	A3 E9 9B 2E B1 A1 4E FE C5 2A 81 96 BE D8 A8 B5 
	91 63 BB A1 62 74 DA 03 05 50 67 3B 58 96 C8 92 
	FC 67 9F E6 06 B1 E9 36 03 63 63 E9 93 4D F6 CA 
	18 D9 81 55 D5 CC 12 5C 00 B0 E7 5C 4F 81 64 B6 
	23 53 58 E4 F4 11 2A 7C 7A 70 59 2D 22 E2 7F CD 
	84 63 3A E7 7C 81 B0 2C AA A3 9F 58 DA 9C FE 39 
	5A BA F8 75 04 80 01 AF 98 AC 61 D4 0D 78 9A 99 
	29 54 C2 D7 33 C0 F0 20 7C B8 01 4F 4C 7B 1D C9 
	F8 B6 22 C8 BD 5F A4 0F AF 76 6D B2 3B 7A 0C 70 
	85 8B 1B CB 6E 5B 17 DE 44 04 48 AA 21 9D 50 42 
	6A 13 51 AA 81 A0 54 71 4D 88 05 0A F5 EC 09 7B 
	91 C2 BB 46 1A 49 AC 88 EB DB 11 A1 E8 59 76 E5 
	B8 E8 E7 4D 25 51 33 2E 12 12 64 04 08 E8 22 AA 
	1D 73 C2 A4 03 81 49 A0 8A 35 69 53 3B 27 BD 8B 
	42 2D BC 2A 76 54 FA 39 CB 06 32 17 93 15 A7 68 
	91 89 08 41 52 35 CF 9C 2A 86 BB 52 31 73 3B 86 
	4B 84 A5 C0 74 A7 C4 5A 15 70 F7 62 94 C2 AA E6 
	74 14 F1 2C 85 FD 46 79 13 76 85 15 DB 32 8C 44 
	49 C2 F3 0C A8 98 A6 CA 79 63 60 F5 0E 56 46 33 
	03 38 51 22 01 40 7D 68 31 29 A0 91 7B 98 97 B4 
	F0 30 36 13 BC 14 69 20 AD A9 0A D2 B0 7D 00 B1 
	A1 AE 54 A1 AC 15 52 60 77 A5 33 B4 02 B9 24 7D 
	FB 15 09 ED A6 2F 64 41 6C EC E1 72 5D C1 A3 F5 
	BC A3 8C 2B 09 5B 87 3B 40 63 72 45 D4 3F B2 48 
	4E 80 04 A8 DE 6B 49 15 F4 3C C0 46 A6 82 46 3E 
	09 C1 15 DD 62 3D F7 95 8A A9 43 B3 87 70 31 DC 
	77 B7 6B 39 BF 3D BB A8 D3 97 49 D4 EB 71 B7 A3 
	3F 20 3A AA F4 1B 19 5C E2 CD 21 B5 A3 16 BB 21 
	65 AC 02 35 50 84 CC 38 4E 5B 91 27 27 7B B4 78 
	83 7B D2 82 16 4C 7B 0D DE 00 95 8A DA 41 B3 F5 
	AD 12 C7 36 4B AA B6 A7 86 BF 05 BB AD 07 4B 32 
	B4 3A CD D1 98 A6 09 3A 7A 26 93 C3 8F 35 AF C0 
	04 5D 6D 67 21 E9 04 11 B6 C7 3B 94 57 AC 4A 6A 
	06 F7 8C 65 89 E0 93 3F 62 A7 E7 C6 66 AC B1 93 
	65 14 8D 8E F4 3C 40 5B BC 5A CA 6D 03 45 1C F9 
	26 3D 48 38 B6 62 53 7B CA E5 54 47 B7 9D 5A A3 
	2E 3F 40 30 C4 68 09 37 E4 78 5A 50 77 78 D0 7D 
	31 37 8B 27 73 91 39 42 81 A8 D8 0D 19 86 C1 E4 
	E6 73 A7 51 B7 C6 00 01 70 81 98 FE DC 48 67 73 
	7B 5B 89 65 CF C4 49 FC FB 8C 39 DA 6B 96 D8 C9 
	23 93 32 1E 61 3E DF 95 BA 63 A0 77 DC 18 73 D3 
	08 26 FD 77 90 4C 11 50 C1 7B 4D 5B 38 66 29 E5 
	30 3B 64 1D 53 31 C5 08 25 5B 3B 24 4A 9F EA 00 
	3C 04 73 ED 96 BA 20 D5 48 AA E1 4D D2 E2 28 62 
	E9 C1 92 3C 0A F6 90 0D 98 B3 75 9E 31 00 86 18 
	95 B6 6C 9F 12 03 00 60 C5 80 EC FB 5E A0 88 72 
	68 65 84 2E 92 96 95 FC A3 56 64 27 CC CA 2E 61 
	B3 04 11 33 9D 88 D4 77 26 15 64 03 E3 35 2E 7C 
	16 3A 90 0F 4F 06 9D 27 E7 7E 94 48 4F 77 79 53 
	67 4C AB DB 0C BF 21 45 7F CD E5 4D 47 98 A4 B5 
	A4 00 DB AC 7C D8 4C C5 FE 3A 78 6C D0 C9 CE 25 
	C0 C7 24 6A E2 3B 32 6C A7 72 AB A2 16 40 35 BB 
	0A 47 86 EF 84 29 EF 93 A9 F3 68 5F B1 20 22 54 
	F9 73 38 4C 65 8D 00 07 02 86 14 9D A5 20 98 69 
	6A AE 86 6A 40 07 AE 3C 68 CE 31 05 8F 7A E3 06 
	85 EA 1B 58 56 07 DA 63 82 42 10 51 CC A0 77 1A 
	16 C6 24 E2 4B F3 F3 7D 92 62 C7 4E D7 BD 96 B7 
	45 4A F2 22 E5 8A 80 EE D7 BA 80 49 43 96 EB 36 
	20 75 85 0A F8 C6 82 7B 86 1F EB CA 18 C1 04 5A 
	18 5B 38 00 15 0E 64 C6 04 DA CE 2C CB 01 52 25 
	89 10 11 47 1E 26 9D 12 B6 74 7A 5A 57 12 29 4A 
	73 B3 2F 6C D3 25 9C A4 1C 7C 28 E6 A2 D8 6D DF 
	1B 77 3E 3A CF EE E6 48 4D ED C8 36 C3 63 FF 9E 
X (eph -rpivate I) (size 2432):
	30 8A EE 3F ED 8C 9D 04 0D 35 A7 FC 1F A7 76 FB 
	31 30 38 33 AA 2D E8 85 35 4D DF 3D 44 D8 FB 69 
	74 56 C2 8B 10 AA 5C 95 5E 0C D6 6B 43 C2 AE 04 
	8A B5 B9 8C 3E D3 23 A9 73 E8 82 72 57 27 C2 7B 
	0C 98 B8 C4 31 67 15 E4 0A 6C 9E 7C AF 19 82 C5 
	2C 1C 73 B4 AB 03 0D A1 83 A1 D8 2A CF EA 80 13 
	63 14 80 6B 1D 5B 06 C2 92 E9 CD A9 8B 09 B7 11 
	B4 E6 A4 91 5C 46 74 5C 16 9F CA 44 47 E6 F4 6F 
	11 34 A3 11 E8 51 B4 30 5D 4B E0 B0 7E 10 89 E3 
	4A 4D 04 67 C7 9F 96 00 3A 5A 45 E3 63 9B E0 83 
	80 C6 4C 21 A3 E5 83 33 3B C6 B4 64 76 92 C0 93 
	6A 57 BB 12 30 BB 2E D6 48 5D EA 43 44 A5 B3 DA 
	82 CE 6A C4 74 1C B3 A1 ED 2A 9F 37 C2 57 AA 17 
	92 4D 07 B5 87 3C 28 8F 27 7E 24 EC 50 2C E9 4F 
	F6 5C 94 8B D7 06 80 1C 3A 08 34 9C 31 5A 28 BC 
	30 06 FE 55 A0 D1 7A 2D 61 AB 19 7D 09 17 FC 02 
	1A 72 7B B3 DE D9 B1 CB 48 55 83 08 7D EE DA CD 
	59 8B 67 0E BB 04 B4 12 AF 74 55 2D 49 75 3E 5C 
	53 57 2C 84 0C D3 44 00 84 68 87 26 BC 4E CF 93 
	19 2E C4 67 B7 94 58 A8 C3 5C E0 6A 33 07 25 56 
	82 E0 04 C7 09 02 00 20 A6 47 47 00 8D 5C A7 03 
	F6 92 F4 A6 0B E8 A3 8E 35 B1 82 D8 83 16 65 B6 
	47 47 E9 AC 22 2C 0A AE 5A 57 43 82 08 7B 98 6B 
	B4 18 92 53 62 15 69 53 66 14 9B 80 3F 93 9C B9 
	B6 42 7C D6 36 1B 9A 9A 96 E4 B3 23 78 0C 2B 3B 
	60 EC AB 4E B4 B9 66 C9 07 A8 60 14 BF 76 11 4E 
	2F 17 5D FF B3 74 35 89 21 88 F8 3F FD C0 9A C4 
	73 33 EA E7 11 CB 60 37 E3 7B 2C CA D1 39 3E 83 
	C8 C9 E6 20 5E 87 C1 AA 59 61 05 B2 4A 17 18 5C 
	7C 39 8A EC 6A 5C 75 C2 6F 2D BB 17 BA A8 86 D2 
	38 93 DD A1 7C 0C 44 68 1B A3 42 83 FB 18 B2 CC 
	19 52 C6 10 F3 22 4C 09 36 36 E9 BB 30 48 C3 32 
	AD 10 C7 81 E6 27 A0 15 26 A4 A2 64 BA B8 60 0B 
	47 4E B4 18 34 69 53 C7 5C A6 5F EE F8 48 6D 08 
	B3 F6 DA 5B 79 D1 4D 86 B9 5B B8 F5 4C 13 13 41 
	48 81 19 29 76 84 F8 21 0B 25 B4 40 D1 CA C6 E8 
	F3 0A 8E 61 70 79 3B 3A 82 B7 1F FE 81 3C 91 D2 
	6D A3 31 42 18 00 B2 A4 FC A2 E4 B0 4E 48 C5 90 
	F2 73 74 D6 A6 66 5D 3B A6 8F 5C 7F 64 D7 94 36 
	0A 34 0F 31 6E 91 B5 7D 7D 67 76 43 AA 3F D5 C9 
	5A C1 8B 24 39 87 7F 35 14 C2 1C 58 C3 24 AB B2 
	79 07 AC 46 26 49 5C F4 C8 22 49 AE 08 32 3F 7C 
	AC A1 E8 3B 56 F8 BB 04 FA C1 05 E3 4A 35 B4 C1 
	06 C1 07 07 E5 9A 02 47 C8 7D 79 D7 B9 E1 B0 AF 
	35 A4 52 51 09 8C 75 C6 83 52 4C CD 14 92 B3 B3 
	DB 8B DA A9 1B EB D0 3A 22 9A 80 8D AB 8D 92 C8 
	BE 3E 80 59 13 43 5A 0A 56 86 07 01 CE 88 D8 33 
	CC EC AC 27 26 46 0B 06 C7 4B 33 0F FA E0 4E DB 
	A2 C1 D4 62 47 C8 7B 80 E5 48 4A 54 67 6D 4F 57 
	04 28 FC C8 AC 86 26 C6 A3 40 64 3C A2 56 A9 2B 
	40 C3 9F 51 B7 20 F5 00 47 FC F6 49 3B D3 BF 6F 
	98 17 B7 D8 C8 F3 12 6D 95 61 89 F1 B5 97 91 93 
	B9 F1 3B 8D 50 D5 6F B9 F2 40 51 C9 21 EC C3 87 
	C3 56 10 55 CA 74 B7 C1 29 2C 20 71 D0 F1 57 CE 
	4C 73 F2 53 AB C8 2A B3 B6 89 89 88 96 1F 57 81 
	CF 75 87 0A 6A 64 C0 80 3C 09 B7 D9 CB FD 75 1D 
	8B F6 27 27 73 9C D8 89 07 A2 A3 02 F9 23 72 4E 
	D0 70 CC B9 64 92 66 62 27 5C 45 0B 29 B5 FB 1C 
	87 2A 25 16 0D 9C C3 A4 67 5B 45 E2 B3 7E E3 56 
	99 E9 99 73 C9 CD 44 4A 1A B1 40 39 16 E7 C1 7E 
	46 3F 49 93 1F EF 66 69 C6 A9 2A B1 28 77 D9 B4 
	63 CD A7 72 AE CC 98 F0 F2 8A 6A 09 71 94 32 9E 
	8B AC 07 AB 17 33 4E D7 7F B3 04 86 A3 A0 A7 41 
	40 81 4E 8C 69 10 1B 9A 2B 26 87 80 69 C7 B7 4B 
	C8 15 1B 64 E2 62 A0 00 3B 9B B3 C7 68 8B 55 24 
	0B 23 A5 8B 6B 83 0A 53 48 31 66 6D 98 B9 38 EE 
	AB 42 08 26 38 EC 6A 6E C7 E5 4C 9A D9 C5 08 36 
	71 D9 E9 60 66 7B 02 CA 4A BA 6F 43 88 9F 93 BC 
	B2 3C 73 27 A4 6F FC AB 04 89 52 46 D7 66 86 8E 
	D7 6B 02 14 69 62 CA 0D 74 C2 18 8D 1C 78 B4 86 
	C4 AA 2A 00 AC 9B 33 36 37 26 4E D0 AE 5E DC 2F 
	25 80 9D 43 96 7A EE 40 16 8D 66 78 0C 96 67 38 
	10 68 42 E5 86 52 A2 9D 1F 48 45 8A FB C7 D1 83 
	00 83 57 07 90 45 70 47 92 AE 68 AB A2 9C AB 9D 
	C2 46 32 FE A0 C3 CF 4A 0F 09 F0 6F DB 55 40 E4 
	2C 85 CD 03 9A 1B A5 9B BD F0 CD 99 80 73 79 3C 
	C6 37 F0 54 A0 C4 27 7D B8 1B 53 D2 CD CA 28 01 
	C1 96 BD B7 28 88 5C E0 5B 3C 31 A3 16 B4 85 12 
	B5 5E 03 47 1E CF CA 8D 4F 26 96 DB 5C 11 37 C4 
	0E 51 FC 9F 00 80 5E 74 F0 7A B6 C2 A6 8B A8 A4 
	E2 91 4F E1 DC 33 1D 0C 6C 32 E0 54 AA 90 9C 6A 
	67 7E E9 5B 21 6A D4 BB F8 8A 03 89 14 34 EC 20 
	50 18 DA 56 D2 D8 B1 64 DB 5E 01 2C 0B 15 81 98 
	B9 09 88 12 A5 8E 47 00 81 54 A4 56 00 44 AE 43 
	6A 62 8C E9 41 0D 25 43 A4 1C 3F 22 C6 5A 28 A0 
	A3 E9 9B 2E B1 A1 4E FE C5 2A 81 96 BE D8 A8 B5 
	91 63 BB A1 62 74 DA 03 05 50 67 3B 58 96 C8 92 
	FC 67 9F E6 06 B1 E9 36 03 63 63 E9 93 4D F6 CA 
	18 D9 81 55 D5 CC 12 5C 00 B0 E7 5C 4F 81 64 B6 
	23 53 58 E4 F4 11 2A 7C 7A 70 59 2D 22 E2 7F CD 
	84 63 3A E7 7C 81 B0 2C AA A3 9F 58 DA 9C FE 39 
	5A BA F8 75 04 80 01 AF 98 AC 61 D4 0D 78 9A 99 
	29 54 C2 D7 33 C0 F0 20 7C B8 01 4F 4C 7B 1D C9 
	F8 B6 22 C8 BD 5F A4 0F AF 76 6D B2 3B 7A 0C 70 
	85 8B 1B CB 6E 5B 17 DE 44 04 48 AA 21 9D 50 42 
	6A 13 51 AA 81 A0 54 71 4D 88 05 0A F5 EC 09 7B 
	91 C2 BB 46 1A 49 AC 88 EB DB 11 A1 E8 59 76 E5 
	B8 E8 E7 4D 25 51 33 2E 12 12 64 04 08 E8 22 AA 
	1D 73 C2 A4 03 81 49 A0 8A 35 69 53 3B 27 BD 8B 
	42 2D BC 2A 76 54 FA 39 CB 06 32 17 93 15 A7 68 
	91 89 08 41 52 35 CF 9C 2A 86 BB 52 31 73 3B 86 
	4B 84 A5 C0 74 A7 C4 5A 15 70 F7 62 94 C2 AA E6 
	74 14 F1 2C 85 FD 46 79 13 76 85 15 DB 32 8C 44 
	49 C2 F3 0C A8 98 A6 CA 79 63 60 F5 0E 56 46 33 
	03 38 51 22 01 40 7D 68 31 29 A0 91 7B 98 97 B4 
	F0 30 36 13 BC 14 69 20 AD A9 0A D2 B0 7D 00 B1 
	A1 AE 54 A1 AC 15 52 60 77 A5 33 B4 02 B9 24 7D 
	FB 15 09 ED A6 2F 64 41 6C EC E1 72 5D C1 A3 F5 
	BC A3 8C 2B 09 5B 87 3B 40 63 72 45 D4 3F B2 48 
	4E 80 04 A8 DE 6B 49 15 F4 3C C0 46 A6 82 46 3E 
	09 C1 15 DD 62 3D F7 95 8A A9 43 B3 87 70 31 DC 
	77 B7 6B 39 BF 3D BB A8 D3 97 49 D4 EB 71 B7 A3 
	3F 20 3A AA F4 1B 19 5C E2 CD 21 B5 A3 16 BB 21 
	65 AC 02 35 50 84 CC 38 4E 5B 91 27 27 7B B4 78 
	83 7B D2 82 16 4C 7B 0D DE 00 95 8A DA 41 B3 F5 
	AD 12 C7 36 4B AA B6 A7 86 BF 05 BB AD 07 4B 32 
	B4 3A CD D1 98 A6 09 3A 7A 26 93 C3 8F 35 AF C0 
	04 5D 6D 67 21 E9 04 11 B6 C7 3B 94 57 AC 4A 6A 
	06 F7 8C 65 89 E0 93 3F 62 A7 E7 C6 66 AC B1 93 
	65 14 8D 8E F4 3C 40 5B BC 5A CA 6D 03 45 1C F9 
	26 3D 48 38 B6 62 53 7B CA E5 54 47 B7 9D 5A A3 
	2E 3F 40 30 C4 68 09 37 E4 78 5A 50 77 78 D0 7D 
	31 37 8B 27 73 91 39 42 81 A8 D8 0D 19 86 C1 E4 
	E6 73 A7 51 B7 C6 00 01 70 81 98 FE DC 48 67 73 
	7B 5B 89 65 CF C4 49 FC FB 8C 39 DA 6B 96 D8 C9 
	23 93 32 1E 61 3E DF 95 BA 63 A0 77 DC 18 73 D3 
	08 26 FD 77 90 4C 11 50 C1 7B 4D 5B 38 66 29 E5 
	30 3B 64 1D 53 31 C5 08 25 5B 3B 24 4A 9F EA 00 
	3C 04 73 ED 96 BA 20 D5 48 AA E1 4D D2 E2 28 62 
	E9 C1 92 3C 0A F6 90 0D 98 B3 75 9E 31 00 86 18 
	95 B6 6C 9F 12 03 00 60 C5 80 EC FB 5E A0 88 72 
	68 65 84 2E 92 96 95 FC A3 56 64 27 CC CA 2E 61 
	B3 04 11 33 9D 88 D4 77 26 15 64 03 E3 35 2E 7C 
	16 3A 90 0F 4F 06 9D 27 E7 7E 94 48 4F 77 79 53 
	67 4C AB DB 0C BF 21 45 7F CD E5 4D 47 98 A4 B5 
	A4 00 DB AC 7C D8 4C C5 FE 3A 78 6C D0 C9 CE 25 
	C0 C7 24 6A E2 3B 32 6C A7 72 AB A2 16 40 35 BB 
	0A 47 86 EF 84 29 EF 93 A9 F3 68 5F B1 20 22 54 
	F9 73 38 4C 65 8D 00 07 02 86 14 9D A5 20 98 69 
	6A AE 86 6A 40 07 AE 3C 68 CE 31 05 8F 7A E3 06 
	85 EA 1B 58 56 07 DA 63 82 42 10 51 CC A0 77 1A 
	16 C6 24 E2 4B F3 F3 7D 92 62 C7 4E D7 BD 96 B7 
	45 4A F2 22 E5 8A 80 EE D7 BA 80 49 43 96 EB 36 
	20 75 85 0A F8 C6 82 7B 86 1F EB CA 18 C1 04 5A 
	18 5B 38 00 15 0E 64 C6 04 DA CE 2C CB 01 52 25 
	89 10 11 47 1E 26 9D 12 B6 74 7A 5A 57 12 29 4A 
	73 B3 2F 6C D3 25 9C A4 1C 7C 28 E6 A2 D8 6D DF 
	1B 77 3E 3A CF EE E6 48 4D ED C8 36 C3 63 FF 9E 
	94 0B C3 3A 9E CF 06 43 8C 91 6C CE 4C 5E 2A 6C 
	65 E8 11 60 C8 25 33 C2 E8 5B 77 C0 31 0A 5A 58 
	4B AA A4 92 DD 9E 10 D5 04 A2 A3 E7 29 79 43 89 
	99 F4 3F 2C 6C 52 EB 57 8C 18 7C 0C 8C 4A A0 24 
C_I (size 1):
	49 
message_1 (CBOR Sequence) (size 1223):
	03 15 59 04 C0 FB B4 6F DD 17 E8 B7 0E C5 98 DE 
	CB B6 C8 4A 15 29 B0 DF CF 9E DE D9 C5 F8 D3 BF 
	64 F5 52 D2 10 C2 46 32 FE A0 C3 CF 4A 0F 09 F0 
	6F DB 55 40 E4 2C 85 CD 03 9A 1B A5 9B BD F0 CD 
	99 80 73 79 3C C6 37 F0 54 A0 C4 27 7D B8 1B 53 
	D2 CD CA 28 01 C1 96 BD B7 28 88 5C E0 5B 3C 31 
	A3 16 B4 85 12 B5 5E 03 47 1E CF CA 8D 4F 26 96 
	DB 5C 11 37 C4 0E 51 FC 9F 00 80 5E 74 F0 7A B6 
	C2 A6 8B A8 A4 E2 91 4F E1 DC 33 1D 0C 6C 32 E0 
	54 AA 90 9C 6A 67 7E E9 5B 21 6A D4 BB F8 8A 03 
	89 14 34 EC 20 50 18 DA 56 D2 D8 B1 64 DB 5E 01 
	2C 0B 15 81 98 B9 09 88 12 A5 8E 47 00 81 54 A4 
	56 00 44 AE 43 6A 62 8C E9 41 0D 25 43 A4 1C 3F 
	22 C6 5A 28 A0 A3 E9 9B 2E B1 A1 4E FE C5 2A 81 
	96 BE D8 A8 B5 91 63 BB A1 62 74 DA 03 05 50 67 
	3B 58 96 C8 92 FC 67 9F E6 06 B1 E9 36 03 63 63 
	E9 93 4D F6 CA 18 D9 81 55 D5 CC 12 5C 00 B0 E7 
	5C 4F 81 64 B6 23 53 58 E4 F4 11 2A 7C 7A 70 59 
	2D 22 E2 7F CD 84 63 3A E7 7C 81 B0 2C AA A3 9F 
	58 DA 9C FE 39 5A BA F8 75 04 80 01 AF 98 AC 61 
	D4 0D 78 9A 99 29 54 C2 D7 33 C0 F0 20 7C B8 01 
	4F 4C 7B 1D C9 F8 B6 22 C8 BD 5F A4 0F AF 76 6D 
	B2 3B 7A 0C 70 85 8B 1B CB 6E 5B 17 DE 44 04 48 
	AA 21 9D 50 42 6A 13 51 AA 81 A0 54 71 4D 88 05 
	0A F5 EC 09 7B 91 C2 BB 46 1A 49 AC 88 EB DB 11 
	A1 E8 59 76 E5 B8 E8 E7 4D 25 51 33 2E 12 12 64 
	04 08 E8 22 AA 1D 73 C2 A4 03 81 49 A0 8A 35 69 
	53 3B 27 BD 8B 42 2D BC 2A 76 54 FA 39 CB 06 32 
	17 93 15 A7 68 91 89 08 41 52 35 CF 9C 2A 86 BB 
	52 31 73 3B 86 4B 84 A5 C0 74 A7 C4 5A 15 70 F7 
	62 94 C2 AA E6 74 14 F1 2C 85 FD 46 79 13 76 85 
	15 DB 32 8C 44 49 C2 F3 0C A8 98 A6 CA 79 63 60 
	F5 0E 56 46 33 03 38 51 22 01 40 7D 68 31 29 A0 
	91 7B 98 97 B4 F0 30 36 13 BC 14 69 20 AD A9 0A 
	D2 B0 7D 00 B1 A1 AE 54 A1 AC 15 52 60 77 A5 33 
	B4 02 B9 24 7D FB 15 09 ED A6 2F 64 41 6C EC E1 
	72 5D C1 A3 F5 BC A3 8C 2B 09 5B 87 3B 40 63 72 
	45 D4 3F B2 48 4E 80 04 A8 DE 6B 49 15 F4 3C C0 
	46 A6 82 46 3E 09 C1 15 DD 62 3D F7 95 8A A9 43 
	B3 87 70 31 DC 77 B7 6B 39 BF 3D BB A8 D3 97 49 
	D4 EB 71 B7 A3 3F 20 3A AA F4 1B 19 5C E2 CD 21 
	B5 A3 16 BB 21 65 AC 02 35 50 84 CC 38 4E 5B 91 
	27 27 7B B4 78 83 7B D2 82 16 4C 7B 0D DE 00 95 
	8A DA 41 B3 F5 AD 12 C7 36 4B AA B6 A7 86 BF 05 
	BB AD 07 4B 32 B4 3A CD D1 98 A6 09 3A 7A 26 93 
	C3 8F 35 AF C0 04 5D 6D 67 21 E9 04 11 B6 C7 3B 
	94 57 AC 4A 6A 06 F7 8C 65 89 E0 93 3F 62 A7 E7 
	C6 66 AC B1 93 65 14 8D 8E F4 3C 40 5B BC 5A CA 
	6D 03 45 1C F9 26 3D 48 38 B6 62 53 7B CA E5 54 
	47 B7 9D 5A A3 2E 3F 40 30 C4 68 09 37 E4 78 5A 
	50 77 78 D0 7D 31 37 8B 27 73 91 39 42 81 A8 D8 
	0D 19 86 C1 E4 E6 73 A7 51 B7 C6 00 01 70 81 98 
	FE DC 48 67 73 7B 5B 89 65 CF C4 49 FC FB 8C 39 
	DA 6B 96 D8 C9 23 93 32 1E 61 3E DF 95 BA 63 A0 
	77 DC 18 73 D3 08 26 FD 77 90 4C 11 50 C1 7B 4D 
	5B 38 66 29 E5 30 3B 64 1D 53 31 C5 08 25 5B 3B 
	24 4A 9F EA 00 3C 04 73 ED 96 BA 20 D5 48 AA E1 
	4D D2 E2 28 62 E9 C1 92 3C 0A F6 90 0D 98 B3 75 
	9E 31 00 86 18 95 B6 6C 9F 12 03 00 60 C5 80 EC 
	FB 5E A0 88 72 68 65 84 2E 92 96 95 FC A3 56 64 
	27 CC CA 2E 61 B3 04 11 33 9D 88 D4 77 26 15 64 
	03 E3 35 2E 7C 16 3A 90 0F 4F 06 9D 27 E7 7E 94 
	48 4F 77 79 53 67 4C AB DB 0C BF 21 45 7F CD E5 
	4D 47 98 A4 B5 A4 00 DB AC 7C D8 4C C5 FE 3A 78 
	6C D0 C9 CE 25 C0 C7 24 6A E2 3B 32 6C A7 72 AB 
	A2 16 40 35 BB 0A 47 86 EF 84 29 EF 93 A9 F3 68 
	5F B1 20 22 54 F9 73 38 4C 65 8D 00 07 02 86 14 
	9D A5 20 98 69 6A AE 86 6A 40 07 AE 3C 68 CE 31 
	05 8F 7A E3 06 85 EA 1B 58 56 07 DA 63 82 42 10 
	51 CC A0 77 1A 16 C6 24 E2 4B F3 F3 7D 92 62 C7 
	4E D7 BD 96 B7 45 4A F2 22 E5 8A 80 EE D7 BA 80 
	49 43 96 EB 36 20 75 85 0A F8 C6 82 7B 86 1F EB 
	CA 18 C1 04 5A 18 5B 38 00 15 0E 64 C6 04 DA CE 
	2C CB 01 52 25 89 10 11 47 1E 26 9D 12 B6 74 7A 
	5A 57 12 29 4A 73 B3 2F 6C D3 25 9C A4 1C 7C 28 
	E6 A2 D8 6D DF 1B 77 3E 3A CF EE E6 48 4D ED C8 
	36 C3 63 FF 9E 41 49 
MSG: (size 1223):
	03 15 59 04 C0 FB B4 6F DD 17 E8 B7 0E C5 98 DE 
	CB B6 C8 4A 15 29 B0 DF CF 9E DE D9 C5 F8 D3 BF 
	64 F5 52 D2 10 C2 46 32 FE A0 C3 CF 4A 0F 09 F0 
	6F DB 55 40 E4 2C 85 CD 03 9A 1B A5 9B BD F0 CD 
	99 80 73 79 3C C6 37 F0 54 A0 C4 27 7D B8 1B 53 
	D2 CD CA 28 01 C1 96 BD B7 28 88 5C E0 5B 3C 31 
	A3 16 B4 85 12 B5 5E 03 47 1E CF CA 8D 4F 26 96 
	DB 5C 11 37 C4 0E 51 FC 9F 00 80 5E 74 F0 7A B6 
	C2 A6 8B A8 A4 E2 91 4F E1 DC 33 1D 0C 6C 32 E0 
	54 AA 90 9C 6A 67 7E E9 5B 21 6A D4 BB F8 8A 03 
	89 14 34 EC 20 50 18 DA 56 D2 D8 B1 64 DB 5E 01 
	2C 0B 15 81 98 B9 09 88 12 A5 8E 47 00 81 54 A4 
	56 00 44 AE 43 6A 62 8C E9 41 0D 25 43 A4 1C 3F 
	22 C6 5A 28 A0 A3 E9 9B 2E B1 A1 4E FE C5 2A 81 
	96 BE D8 A8 B5 91 63 BB A1 62 74 DA 03 05 50 67 
	3B 58 96 C8 92 FC 67 9F E6 06 B1 E9 36 03 63 63 
	E9 93 4D F6 CA 18 D9 81 55 D5 CC 12 5C 00 B0 E7 
	5C 4F 81 64 B6 23 53 58 E4 F4 11 2A 7C 7A 70 59 
	2D 22 E2 7F CD 84 63 3A E7 7C 81 B0 2C AA A3 9F 
	58 DA 9C FE 39 5A BA F8 75 04 80 01 AF 98 AC 61 
	D4 0D 78 9A 99 29 54 C2 D7 33 C0 F0 20 7C B8 01 
	4F 4C 7B 1D C9 F8 B6 22 C8 BD 5F A4 0F AF 76 6D 
	B2 3B 7A 0C 70 85 8B 1B CB 6E 5B 17 DE 44 04 48 
	AA 21 9D 50 42 6A 13 51 AA 81 A0 54 71 4D 88 05 
	0A F5 EC 09 7B 91 C2 BB 46 1A 49 AC 88 EB DB 11 
	A1 E8 59 76 E5 B8 E8 E7 4D 25 51 33 2E 12 12 64 
	04 08 E8 22 AA 1D 73 C2 A4 03 81 49 A0 8A 35 69 
	53 3B 27 BD 8B 42 2D BC 2A 76 54 FA 39 CB 06 32 
	17 93 15 A7 68 91 89 08 41 52 35 CF 9C 2A 86 BB 
	52 31 73 3B 86 4B 84 A5 C0 74 A7 C4 5A 15 70 F7 
	62 94 C2 AA E6 74 14 F1 2C 85 FD 46 79 13 76 85 
	15 DB 32 8C 44 49 C2 F3 0C A8 98 A6 CA 79 63 60 
	F5 0E 56 46 33 03 38 51 22 01 40 7D 68 31 29 A0 
	91 7B 98 97 B4 F0 30 36 13 BC 14 69 20 AD A9 0A 
	D2 B0 7D 00 B1 A1 AE 54 A1 AC 15 52 60 77 A5 33 
	B4 02 B9 24 7D FB 15 09 ED A6 2F 64 41 6C EC E1 
	72 5D C1 A3 F5 BC A3 8C 2B 09 5B 87 3B 40 63 72 
	45 D4 3F B2 48 4E 80 04 A8 DE 6B 49 15 F4 3C C0 
	46 A6 82 46 3E 09 C1 15 DD 62 3D F7 95 8A A9 43 
	B3 87 70 31 DC 77 B7 6B 39 BF 3D BB A8 D3 97 49 
	D4 EB 71 B7 A3 3F 20 3A AA F4 1B 19 5C E2 CD 21 
	B5 A3 16 BB 21 65 AC 02 35 50 84 CC 38 4E 5B 91 
	27 27 7B B4 78 83 7B D2 82 16 4C 7B 0D DE 00 95 
	8A DA 41 B3 F5 AD 12 C7 36 4B AA B6 A7 86 BF 05 
	BB AD 07 4B 32 B4 3A CD D1 98 A6 09 3A 7A 26 93 
	C3 8F 35 AF C0 04 5D 6D 67 21 E9 04 11 B6 C7 3B 
	94 57 AC 4A 6A 06 F7 8C 65 89 E0 93 3F 62 A7 E7 
	C6 66 AC B1 93 65 14 8D 8E F4 3C 40 5B BC 5A CA 
	6D 03 45 1C F9 26 3D 48 38 B6 62 53 7B CA E5 54 
	47 B7 9D 5A A3 2E 3F 40 30 C4 68 09 37 E4 78 5A 
	50 77 78 D0 7D 31 37 8B 27 73 91 39 42 81 A8 D8 
	0D 19 86 C1 E4 E6 73 A7 51 B7 C6 00 01 70 81 98 
	FE DC 48 67 73 7B 5B 89 65 CF C4 49 FC FB 8C 39 
	DA 6B 96 D8 C9 23 93 32 1E 61 3E DF 95 BA 63 A0 
	77 DC 18 73 D3 08 26 FD 77 90 4C 11 50 C1 7B 4D 
	5B 38 66 29 E5 30 3B 64 1D 53 31 C5 08 25 5B 3B 
	24 4A 9F EA 00 3C 04 73 ED 96 BA 20 D5 48 AA E1 
	4D D2 E2 28 62 E9 C1 92 3C 0A F6 90 0D 98 B3 75 
	9E 31 00 86 18 95 B6 6C 9F 12 03 00 60 C5 80 EC 
	FB 5E A0 88 72 68 65 84 2E 92 96 95 FC A3 56 64 
	27 CC CA 2E 61 B3 04 11 33 9D 88 D4 77 26 15 64 
	03 E3 35 2E 7C 16 3A 90 0F 4F 06 9D 27 E7 7E 94 
	48 4F 77 79 53 67 4C AB DB 0C BF 21 45 7F CD E5 
	4D 47 98 A4 B5 A4 00 DB AC 7C D8 4C C5 FE 3A 78 
	6C D0 C9 CE 25 C0 C7 24 6A E2 3B 32 6C A7 72 AB 
	A2 16 40 35 BB 0A 47 86 EF 84 29 EF 93 A9 F3 68 
	5F B1 20 22 54 F9 73 38 4C 65 8D 00 07 02 86 14 
	9D A5 20 98 69 6A AE 86 6A 40 07 AE 3C 68 CE 31 
	05 8F 7A E3 06 85 EA 1B 58 56 07 DA 63 82 42 10 
	51 CC A0 77 1A 16 C6 24 E2 4B F3 F3 7D 92 62 C7 
	4E D7 BD 96 B7 45 4A F2 22 E5 8A 80 EE D7 BA 80 
	49 43 96 EB 36 20 75 85 0A F8 C6 82 7B 86 1F EB 
	CA 18 C1 04 5A 18 5B 38 00 15 0E 64 C6 04 DA CE 
	2C CB 01 52 25 89 10 11 47 1E 26 9D 12 B6 74 7A 
	5A 57 12 29 4A 73 B3 2F 6C D3 25 9C A4 1C 7C 28 
	E6 A2 D8 6D DF 1B 77 3E 3A CF EE E6 48 4D ED C8 
	36 C3 63 FF 9E 41 49 
[init] tx sent 1223 bytes
[init] rx got 1135 bytes
Max MSG2 size 2027
PQ/T Hybrid Suit:-67
PQ/T Hybrid g_y size:1120message_2 (CBOR Sequence) (size 1135):
	59 04 6C 27 B1 D6 35 A6 63 38 2D 99 E0 31 B3 E9 
	A5 D6 82 A0 95 45 04 93 56 AF 6F 13 54 DE D1 3E 
	D2 9C 72 CA B3 46 45 EF B6 09 F5 0C 42 EA 41 42 
	94 3E 26 60 59 76 36 51 5E EA 18 85 9E 94 FB B1 
	36 BD CD 32 6E 57 4F 6E 8D 98 96 9E BF 41 1F B5 
	45 05 CC 5C 6B E8 7A B1 FD A4 DE CC 65 67 2D E9 
	3F 9E A8 FC 3F 9E BB 60 44 84 3C 9F B1 4D 34 08 
	CA C9 AC F1 75 E4 C3 0F 1F ED 6B 20 F9 96 07 3E 
	4F BB E4 F5 CF AB 8B 9B 7B D6 CB 8B 72 57 9D F9 
	66 18 22 8E 96 02 88 97 A3 B4 B0 CC F1 76 F3 DD 
	A1 E9 68 2F 9D 8A 36 FB 38 3D 58 A7 61 E8 E0 1B 
	EB D4 94 FB 6E 88 C1 8D 24 A8 24 43 19 C8 E0 D1 
	B9 E4 04 9B D9 D8 CD 56 0D CE EF E7 98 FE 2D 2B 
	36 4E 11 7F CC FB 63 00 C7 6A 7D 56 76 5A 1F 5D 
	FD 43 F7 65 1D EA 78 F6 C7 FF D7 54 D7 0E AA 90 
	A7 CE 5C 80 F1 2D 1B 42 DF 25 92 40 EE 5D 1C F5 
	9E 61 C5 56 6E 25 38 D0 62 35 1D 3D CD C5 60 9C 
	60 A8 B9 0B 26 D3 E6 E5 24 54 E5 66 BB DE 7B 52 
	F6 67 90 EC FC 6A FB 35 DD A5 C5 44 28 EC 5A 9D 
	82 86 AA C1 59 DB 33 20 99 CE B2 47 23 DC A7 09 
	F9 02 A2 7F 50 26 22 05 E9 E7 AA 8C 97 A0 7D 09 
	36 96 40 E5 65 30 32 F7 16 9D F4 0F 77 5E C7 36 
	CA 43 F5 B5 8C CB 02 19 D5 1B 1C AF 45 E3 55 FA 
	E3 0D CD A4 0E E6 4E 4C 8F CD FE F0 EA AD DC 4F 
	31 37 1C 50 BC 43 30 7A 6C F2 4B DC 69 91 2A 83 
	60 1E 87 B1 05 58 0D B7 48 5D 4D C8 58 8A F1 50 
	BC 8C 69 5A 5F 62 86 CD 5F A9 E1 F9 D9 F8 8B ED 
	21 FC 5E 4E C3 DB 8A 4D 7A 2E F1 69 32 92 90 DE 
	D0 6E 72 05 58 BB 4C EB 8B D8 C2 AE CC 11 58 D6 
	B4 44 33 1B 49 A4 0C B5 86 2B E0 11 BD 9E 79 DE 
	26 60 B8 69 60 05 E5 90 70 2D F9 55 17 AE F3 F4 
	37 B5 DC FC EB D9 80 F1 7E 7F CD 72 62 39 72 A4 
	5F AD 9E C5 F3 86 64 3F 27 90 1B 9C 59 5C 24 04 
	E7 7D FE 2B 42 5C C7 88 B8 02 F9 C2 C9 4B 6F 02 
	9D 73 02 EE 55 05 58 87 4A 4A E5 62 6F 4F 3B 88 
	22 09 5E 04 98 E3 1F E5 3A 94 18 6F DB B8 4F A4 
	35 3D 5C A9 67 9E 39 9F ED EE 4F 99 2E EE 64 0A 
	58 CD 6D 73 48 4F FB BA 76 DA 67 91 C9 12 04 1E 
	0F C1 8F DB 02 0A 2D 91 91 11 AD 55 D9 E0 28 F8 
	98 5E 9A D3 57 7C 29 7C 79 52 3C 7D 45 E9 4D 5F 
	FD 76 57 4E 72 2A 07 E4 34 EE AA 9F AF 4B 04 54 
	B7 AB 95 FA 45 CA 2B 69 5F 27 E1 CB DC A0 E5 92 
	A2 66 6D C5 D5 14 06 59 49 A1 A4 3A 60 FC 44 09 
	B7 89 B3 15 C2 BE 27 74 42 A8 18 AA 2D CE CE 1E 
	B2 87 EF 7D 23 9D 8E 53 7C F7 2D 25 A2 16 AF B4 
	E8 95 AE 03 6D B1 CC E3 12 00 7F ED 3A E5 B1 ED 
	E8 A6 54 4D 94 37 86 18 3F 59 3D E5 57 AC 65 51 
	84 61 47 70 FC 89 7D C2 42 4C AA C1 CA 9C 56 B6 
	DE 0B 31 4C 1D 5D 62 D8 71 55 21 65 8E 4E 01 FB 
	DB 90 AA 20 45 56 76 2A 5C D2 DB 1C 19 C1 BC D0 
	A1 7C 54 12 98 E4 1B D9 57 DE 00 E5 83 EB C8 EB 
	25 46 3B FC BD 28 90 15 AC 8E C2 B3 E4 41 BA 1B 
	92 C9 E4 D3 48 13 9A 93 50 D4 56 6B 92 2D 0D 4A 
	7B 5D D1 41 AD 3B F3 70 3D 68 5A A0 4A 27 B8 19 
	C9 FE 0F 71 49 13 90 EB 82 1B 69 76 43 A0 F3 90 
	7F A0 E1 55 CE EE 90 D6 31 0E 1F C7 9A 46 ED EA 
	3A 6B 46 F2 3A 4B 47 D9 FC 06 6B F4 4B 4A 38 C5 
	FC DE FB 7E F6 31 CA BD BE 9F DC FA FF AA 98 FB 
	A3 42 9B 0D 11 F3 D5 AF 2A D5 19 A4 63 01 A8 7B 
	F8 9D B7 04 13 25 71 C5 E3 D5 12 4D 23 67 5B 35 
	43 85 82 64 31 BF C0 2E A8 E7 25 D8 58 1B B2 A6 
	D5 27 44 7C DF 3E 9A D5 84 26 08 52 11 60 0E FA 
	2C 5D 15 0F 08 99 AE 3B 45 C2 61 46 70 A0 01 E4 
	51 C3 14 57 B1 78 CF 79 E8 34 5B E7 16 CF 2C 0A 
	7C 24 A3 04 B5 E3 87 37 6D 45 5A 3B 86 3C C3 83 
	8A 89 6D BE A1 41 27 1E 5D 24 77 51 90 44 C4 48 
	68 C0 65 18 99 70 CD E3 B6 52 89 B8 51 AC E5 71 
	9B 6E 26 6E F5 61 FB 4D 6A CD 2A 51 3D 7A BA 4D 
	E0 6A 73 CF 3E CB A4 98 59 FD 98 06 D1 9F 4F 4B 
	A2 00 16 64 BD C1 55 35 80 45 A7 E1 DA DD 79 BF 
	C2 FB 72 49 6D D4 D1 CF 40 12 6A 21 F4 2E 26 
g_y (size 1120):
	27 B1 D6 35 A6 63 38 2D 99 E0 31 B3 E9 A5 D6 82 
	A0 95 45 04 93 56 AF 6F 13 54 DE D1 3E D2 9C 72 
	CA B3 46 45 EF B6 09 F5 0C 42 EA 41 42 94 3E 26 
	60 59 76 36 51 5E EA 18 85 9E 94 FB B1 36 BD CD 
	32 6E 57 4F 6E 8D 98 96 9E BF 41 1F B5 45 05 CC 
	5C 6B E8 7A B1 FD A4 DE CC 65 67 2D E9 3F 9E A8 
	FC 3F 9E BB 60 44 84 3C 9F B1 4D 34 08 CA C9 AC 
	F1 75 E4 C3 0F 1F ED 6B 20 F9 96 07 3E 4F BB E4 
	F5 CF AB 8B 9B 7B D6 CB 8B 72 57 9D F9 66 18 22 
	8E 96 02 88 97 A3 B4 B0 CC F1 76 F3 DD A1 E9 68 
	2F 9D 8A 36 FB 38 3D 58 A7 61 E8 E0 1B EB D4 94 
	FB 6E 88 C1 8D 24 A8 24 43 19 C8 E0 D1 B9 E4 04 
	9B D9 D8 CD 56 0D CE EF E7 98 FE 2D 2B 36 4E 11 
	7F CC FB 63 00 C7 6A 7D 56 76 5A 1F 5D FD 43 F7 
	65 1D EA 78 F6 C7 FF D7 54 D7 0E AA 90 A7 CE 5C 
	80 F1 2D 1B 42 DF 25 92 40 EE 5D 1C F5 9E 61 C5 
	56 6E 25 38 D0 62 35 1D 3D CD C5 60 9C 60 A8 B9 
	0B 26 D3 E6 E5 24 54 E5 66 BB DE 7B 52 F6 67 90 
	EC FC 6A FB 35 DD A5 C5 44 28 EC 5A 9D 82 86 AA 
	C1 59 DB 33 20 99 CE B2 47 23 DC A7 09 F9 02 A2 
	7F 50 26 22 05 E9 E7 AA 8C 97 A0 7D 09 36 96 40 
	E5 65 30 32 F7 16 9D F4 0F 77 5E C7 36 CA 43 F5 
	B5 8C CB 02 19 D5 1B 1C AF 45 E3 55 FA E3 0D CD 
	A4 0E E6 4E 4C 8F CD FE F0 EA AD DC 4F 31 37 1C 
	50 BC 43 30 7A 6C F2 4B DC 69 91 2A 83 60 1E 87 
	B1 05 58 0D B7 48 5D 4D C8 58 8A F1 50 BC 8C 69 
	5A 5F 62 86 CD 5F A9 E1 F9 D9 F8 8B ED 21 FC 5E 
	4E C3 DB 8A 4D 7A 2E F1 69 32 92 90 DE D0 6E 72 
	05 58 BB 4C EB 8B D8 C2 AE CC 11 58 D6 B4 44 33 
	1B 49 A4 0C B5 86 2B E0 11 BD 9E 79 DE 26 60 B8 
	69 60 05 E5 90 70 2D F9 55 17 AE F3 F4 37 B5 DC 
	FC EB D9 80 F1 7E 7F CD 72 62 39 72 A4 5F AD 9E 
	C5 F3 86 64 3F 27 90 1B 9C 59 5C 24 04 E7 7D FE 
	2B 42 5C C7 88 B8 02 F9 C2 C9 4B 6F 02 9D 73 02 
	EE 55 05 58 87 4A 4A E5 62 6F 4F 3B 88 22 09 5E 
	04 98 E3 1F E5 3A 94 18 6F DB B8 4F A4 35 3D 5C 
	A9 67 9E 39 9F ED EE 4F 99 2E EE 64 0A 58 CD 6D 
	73 48 4F FB BA 76 DA 67 91 C9 12 04 1E 0F C1 8F 
	DB 02 0A 2D 91 91 11 AD 55 D9 E0 28 F8 98 5E 9A 
	D3 57 7C 29 7C 79 52 3C 7D 45 E9 4D 5F FD 76 57 
	4E 72 2A 07 E4 34 EE AA 9F AF 4B 04 54 B7 AB 95 
	FA 45 CA 2B 69 5F 27 E1 CB DC A0 E5 92 A2 66 6D 
	C5 D5 14 06 59 49 A1 A4 3A 60 FC 44 09 B7 89 B3 
	15 C2 BE 27 74 42 A8 18 AA 2D CE CE 1E B2 87 EF 
	7D 23 9D 8E 53 7C F7 2D 25 A2 16 AF B4 E8 95 AE 
	03 6D B1 CC E3 12 00 7F ED 3A E5 B1 ED E8 A6 54 
	4D 94 37 86 18 3F 59 3D E5 57 AC 65 51 84 61 47 
	70 FC 89 7D C2 42 4C AA C1 CA 9C 56 B6 DE 0B 31 
	4C 1D 5D 62 D8 71 55 21 65 8E 4E 01 FB DB 90 AA 
	20 45 56 76 2A 5C D2 DB 1C 19 C1 BC D0 A1 7C 54 
	12 98 E4 1B D9 57 DE 00 E5 83 EB C8 EB 25 46 3B 
	FC BD 28 90 15 AC 8E C2 B3 E4 41 BA 1B 92 C9 E4 
	D3 48 13 9A 93 50 D4 56 6B 92 2D 0D 4A 7B 5D D1 
	41 AD 3B F3 70 3D 68 5A A0 4A 27 B8 19 C9 FE 0F 
	71 49 13 90 EB 82 1B 69 76 43 A0 F3 90 7F A0 E1 
	55 CE EE 90 D6 31 0E 1F C7 9A 46 ED EA 3A 6B 46 
	F2 3A 4B 47 D9 FC 06 6B F4 4B 4A 38 C5 FC DE FB 
	7E F6 31 CA BD BE 9F DC FA FF AA 98 FB A3 42 9B 
	0D 11 F3 D5 AF 2A D5 19 A4 63 01 A8 7B F8 9D B7 
	04 13 25 71 C5 E3 D5 12 4D 23 67 5B 35 43 85 82 
	64 31 BF C0 2E A8 E7 25 D8 58 1B B2 A6 D5 27 44 
	7C DF 3E 9A D5 84 26 08 52 11 60 0E FA 2C 5D 15 
	0F 08 99 AE 3B 45 C2 61 46 70 A0 01 E4 51 C3 14 
	57 B1 78 CF 79 E8 34 5B E7 16 CF 2C 0A 7C 24 A3 
	04 B5 E3 87 37 6D 45 5A 3B 86 3C C3 83 8A 89 6D 
	BE A1 41 27 1E 5D 24 77 51 90 44 C4 48 68 C0 65 
	18 99 70 CD E3 B6 52 89 B8 51 AC E5 71 9B 6E 26 
	6E F5 61 FB 4D 6A CD 2A 51 3D 7A BA 4D E0 6A 73 
	CF 3E CB A4 98 59 FD 98 06 D1 9F 4F 4B A2 00 16 
	64 BD C1 55 35 80 45 A7 E1 DA DD 79 BF C2 FB 72 
ciphertext2 (size 12):
	49 6D D4 D1 CF 40 12 6A 21 F4 2E 26 
PQ/T Hybrid array foe g_xy_KEM
PQ/T Hybrid compute shared secret (Suit:-67)
x PQ/T  (size 2432):
	30 8A EE 3F ED 8C 9D 04 0D 35 A7 FC 1F A7 76 FB 
	31 30 38 33 AA 2D E8 85 35 4D DF 3D 44 D8 FB 69 
	74 56 C2 8B 10 AA 5C 95 5E 0C D6 6B 43 C2 AE 04 
	8A B5 B9 8C 3E D3 23 A9 73 E8 82 72 57 27 C2 7B 
	0C 98 B8 C4 31 67 15 E4 0A 6C 9E 7C AF 19 82 C5 
	2C 1C 73 B4 AB 03 0D A1 83 A1 D8 2A CF EA 80 13 
	63 14 80 6B 1D 5B 06 C2 92 E9 CD A9 8B 09 B7 11 
	B4 E6 A4 91 5C 46 74 5C 16 9F CA 44 47 E6 F4 6F 
	11 34 A3 11 E8 51 B4 30 5D 4B E0 B0 7E 10 89 E3 
	4A 4D 04 67 C7 9F 96 00 3A 5A 45 E3 63 9B E0 83 
	80 C6 4C 21 A3 E5 83 33 3B C6 B4 64 76 92 C0 93 
	6A 57 BB 12 30 BB 2E D6 48 5D EA 43 44 A5 B3 DA 
	82 CE 6A C4 74 1C B3 A1 ED 2A 9F 37 C2 57 AA 17 
	92 4D 07 B5 87 3C 28 8F 27 7E 24 EC 50 2C E9 4F 
	F6 5C 94 8B D7 06 80 1C 3A 08 34 9C 31 5A 28 BC 
	30 06 FE 55 A0 D1 7A 2D 61 AB 19 7D 09 17 FC 02 
	1A 72 7B B3 DE D9 B1 CB 48 55 83 08 7D EE DA CD 
	59 8B 67 0E BB 04 B4 12 AF 74 55 2D 49 75 3E 5C 
	53 57 2C 84 0C D3 44 00 84 68 87 26 BC 4E CF 93 
	19 2E C4 67 B7 94 58 A8 C3 5C E0 6A 33 07 25 56 
	82 E0 04 C7 09 02 00 20 A6 47 47 00 8D 5C A7 03 
	F6 92 F4 A6 0B E8 A3 8E 35 B1 82 D8 83 16 65 B6 
	47 47 E9 AC 22 2C 0A AE 5A 57 43 82 08 7B 98 6B 
	B4 18 92 53 62 15 69 53 66 14 9B 80 3F 93 9C B9 
	B6 42 7C D6 36 1B 9A 9A 96 E4 B3 23 78 0C 2B 3B 
	60 EC AB 4E B4 B9 66 C9 07 A8 60 14 BF 76 11 4E 
	2F 17 5D FF B3 74 35 89 21 88 F8 3F FD C0 9A C4 
	73 33 EA E7 11 CB 60 37 E3 7B 2C CA D1 39 3E 83 
	C8 C9 E6 20 5E 87 C1 AA 59 61 05 B2 4A 17 18 5C 
	7C 39 8A EC 6A 5C 75 C2 6F 2D BB 17 BA A8 86 D2 
	38 93 DD A1 7C 0C 44 68 1B A3 42 83 FB 18 B2 CC 
	19 52 C6 10 F3 22 4C 09 36 36 E9 BB 30 48 C3 32 
	AD 10 C7 81 E6 27 A0 15 26 A4 A2 64 BA B8 60 0B 
	47 4E B4 18 34 69 53 C7 5C A6 5F EE F8 48 6D 08 
	B3 F6 DA 5B 79 D1 4D 86 B9 5B B8 F5 4C 13 13 41 
	48 81 19 29 76 84 F8 21 0B 25 B4 40 D1 CA C6 E8 
	F3 0A 8E 61 70 79 3B 3A 82 B7 1F FE 81 3C 91 D2 
	6D A3 31 42 18 00 B2 A4 FC A2 E4 B0 4E 48 C5 90 
	F2 73 74 D6 A6 66 5D 3B A6 8F 5C 7F 64 D7 94 36 
	0A 34 0F 31 6E 91 B5 7D 7D 67 76 43 AA 3F D5 C9 
	5A C1 8B 24 39 87 7F 35 14 C2 1C 58 C3 24 AB B2 
	79 07 AC 46 26 49 5C F4 C8 22 49 AE 08 32 3F 7C 
	AC A1 E8 3B 56 F8 BB 04 FA C1 05 E3 4A 35 B4 C1 
	06 C1 07 07 E5 9A 02 47 C8 7D 79 D7 B9 E1 B0 AF 
	35 A4 52 51 09 8C 75 C6 83 52 4C CD 14 92 B3 B3 
	DB 8B DA A9 1B EB D0 3A 22 9A 80 8D AB 8D 92 C8 
	BE 3E 80 59 13 43 5A 0A 56 86 07 01 CE 88 D8 33 
	CC EC AC 27 26 46 0B 06 C7 4B 33 0F FA E0 4E DB 
	A2 C1 D4 62 47 C8 7B 80 E5 48 4A 54 67 6D 4F 57 
	04 28 FC C8 AC 86 26 C6 A3 40 64 3C A2 56 A9 2B 
	40 C3 9F 51 B7 20 F5 00 47 FC F6 49 3B D3 BF 6F 
	98 17 B7 D8 C8 F3 12 6D 95 61 89 F1 B5 97 91 93 
	B9 F1 3B 8D 50 D5 6F B9 F2 40 51 C9 21 EC C3 87 
	C3 56 10 55 CA 74 B7 C1 29 2C 20 71 D0 F1 57 CE 
	4C 73 F2 53 AB C8 2A B3 B6 89 89 88 96 1F 57 81 
	CF 75 87 0A 6A 64 C0 80 3C 09 B7 D9 CB FD 75 1D 
	8B F6 27 27 73 9C D8 89 07 A2 A3 02 F9 23 72 4E 
	D0 70 CC B9 64 92 66 62 27 5C 45 0B 29 B5 FB 1C 
	87 2A 25 16 0D 9C C3 A4 67 5B 45 E2 B3 7E E3 56 
	99 E9 99 73 C9 CD 44 4A 1A B1 40 39 16 E7 C1 7E 
	46 3F 49 93 1F EF 66 69 C6 A9 2A B1 28 77 D9 B4 
	63 CD A7 72 AE CC 98 F0 F2 8A 6A 09 71 94 32 9E 
	8B AC 07 AB 17 33 4E D7 7F B3 04 86 A3 A0 A7 41 
	40 81 4E 8C 69 10 1B 9A 2B 26 87 80 69 C7 B7 4B 
	C8 15 1B 64 E2 62 A0 00 3B 9B B3 C7 68 8B 55 24 
	0B 23 A5 8B 6B 83 0A 53 48 31 66 6D 98 B9 38 EE 
	AB 42 08 26 38 EC 6A 6E C7 E5 4C 9A D9 C5 08 36 
	71 D9 E9 60 66 7B 02 CA 4A BA 6F 43 88 9F 93 BC 
	B2 3C 73 27 A4 6F FC AB 04 89 52 46 D7 66 86 8E 
	D7 6B 02 14 69 62 CA 0D 74 C2 18 8D 1C 78 B4 86 
	C4 AA 2A 00 AC 9B 33 36 37 26 4E D0 AE 5E DC 2F 
	25 80 9D 43 96 7A EE 40 16 8D 66 78 0C 96 67 38 
	10 68 42 E5 86 52 A2 9D 1F 48 45 8A FB C7 D1 83 
	00 83 57 07 90 45 70 47 92 AE 68 AB A2 9C AB 9D 
	C2 46 32 FE A0 C3 CF 4A 0F 09 F0 6F DB 55 40 E4 
	2C 85 CD 03 9A 1B A5 9B BD F0 CD 99 80 73 79 3C 
	C6 37 F0 54 A0 C4 27 7D B8 1B 53 D2 CD CA 28 01 
	C1 96 BD B7 28 88 5C E0 5B 3C 31 A3 16 B4 85 12 
	B5 5E 03 47 1E CF CA 8D 4F 26 96 DB 5C 11 37 C4 
	0E 51 FC 9F 00 80 5E 74 F0 7A B6 C2 A6 8B A8 A4 
	E2 91 4F E1 DC 33 1D 0C 6C 32 E0 54 AA 90 9C 6A 
	67 7E E9 5B 21 6A D4 BB F8 8A 03 89 14 34 EC 20 
	50 18 DA 56 D2 D8 B1 64 DB 5E 01 2C 0B 15 81 98 
	B9 09 88 12 A5 8E 47 00 81 54 A4 56 00 44 AE 43 
	6A 62 8C E9 41 0D 25 43 A4 1C 3F 22 C6 5A 28 A0 
	A3 E9 9B 2E B1 A1 4E FE C5 2A 81 96 BE D8 A8 B5 
	91 63 BB A1 62 74 DA 03 05 50 67 3B 58 96 C8 92 
	FC 67 9F E6 06 B1 E9 36 03 63 63 E9 93 4D F6 CA 
	18 D9 81 55 D5 CC 12 5C 00 B0 E7 5C 4F 81 64 B6 
	23 53 58 E4 F4 11 2A 7C 7A 70 59 2D 22 E2 7F CD 
	84 63 3A E7 7C 81 B0 2C AA A3 9F 58 DA 9C FE 39 
	5A BA F8 75 04 80 01 AF 98 AC 61 D4 0D 78 9A 99 
	29 54 C2 D7 33 C0 F0 20 7C B8 01 4F 4C 7B 1D C9 
	F8 B6 22 C8 BD 5F A4 0F AF 76 6D B2 3B 7A 0C 70 
	85 8B 1B CB 6E 5B 17 DE 44 04 48 AA 21 9D 50 42 
	6A 13 51 AA 81 A0 54 71 4D 88 05 0A F5 EC 09 7B 
	91 C2 BB 46 1A 49 AC 88 EB DB 11 A1 E8 59 76 E5 
	B8 E8 E7 4D 25 51 33 2E 12 12 64 04 08 E8 22 AA 
	1D 73 C2 A4 03 81 49 A0 8A 35 69 53 3B 27 BD 8B 
	42 2D BC 2A 76 54 FA 39 CB 06 32 17 93 15 A7 68 
	91 89 08 41 52 35 CF 9C 2A 86 BB 52 31 73 3B 86 
	4B 84 A5 C0 74 A7 C4 5A 15 70 F7 62 94 C2 AA E6 
	74 14 F1 2C 85 FD 46 79 13 76 85 15 DB 32 8C 44 
	49 C2 F3 0C A8 98 A6 CA 79 63 60 F5 0E 56 46 33 
	03 38 51 22 01 40 7D 68 31 29 A0 91 7B 98 97 B4 
	F0 30 36 13 BC 14 69 20 AD A9 0A D2 B0 7D 00 B1 
	A1 AE 54 A1 AC 15 52 60 77 A5 33 B4 02 B9 24 7D 
	FB 15 09 ED A6 2F 64 41 6C EC E1 72 5D C1 A3 F5 
	BC A3 8C 2B 09 5B 87 3B 40 63 72 45 D4 3F B2 48 
	4E 80 04 A8 DE 6B 49 15 F4 3C C0 46 A6 82 46 3E 
	09 C1 15 DD 62 3D F7 95 8A A9 43 B3 87 70 31 DC 
	77 B7 6B 39 BF 3D BB A8 D3 97 49 D4 EB 71 B7 A3 
	3F 20 3A AA F4 1B 19 5C E2 CD 21 B5 A3 16 BB 21 
	65 AC 02 35 50 84 CC 38 4E 5B 91 27 27 7B B4 78 
	83 7B D2 82 16 4C 7B 0D DE 00 95 8A DA 41 B3 F5 
	AD 12 C7 36 4B AA B6 A7 86 BF 05 BB AD 07 4B 32 
	B4 3A CD D1 98 A6 09 3A 7A 26 93 C3 8F 35 AF C0 
	04 5D 6D 67 21 E9 04 11 B6 C7 3B 94 57 AC 4A 6A 
	06 F7 8C 65 89 E0 93 3F 62 A7 E7 C6 66 AC B1 93 
	65 14 8D 8E F4 3C 40 5B BC 5A CA 6D 03 45 1C F9 
	26 3D 48 38 B6 62 53 7B CA E5 54 47 B7 9D 5A A3 
	2E 3F 40 30 C4 68 09 37 E4 78 5A 50 77 78 D0 7D 
	31 37 8B 27 73 91 39 42 81 A8 D8 0D 19 86 C1 E4 
	E6 73 A7 51 B7 C6 00 01 70 81 98 FE DC 48 67 73 
	7B 5B 89 65 CF C4 49 FC FB 8C 39 DA 6B 96 D8 C9 
	23 93 32 1E 61 3E DF 95 BA 63 A0 77 DC 18 73 D3 
	08 26 FD 77 90 4C 11 50 C1 7B 4D 5B 38 66 29 E5 
	30 3B 64 1D 53 31 C5 08 25 5B 3B 24 4A 9F EA 00 
	3C 04 73 ED 96 BA 20 D5 48 AA E1 4D D2 E2 28 62 
	E9 C1 92 3C 0A F6 90 0D 98 B3 75 9E 31 00 86 18 
	95 B6 6C 9F 12 03 00 60 C5 80 EC FB 5E A0 88 72 
	68 65 84 2E 92 96 95 FC A3 56 64 27 CC CA 2E 61 
	B3 04 11 33 9D 88 D4 77 26 15 64 03 E3 35 2E 7C 
	16 3A 90 0F 4F 06 9D 27 E7 7E 94 48 4F 77 79 53 
	67 4C AB DB 0C BF 21 45 7F CD E5 4D 47 98 A4 B5 
	A4 00 DB AC 7C D8 4C C5 FE 3A 78 6C D0 C9 CE 25 
	C0 C7 24 6A E2 3B 32 6C A7 72 AB A2 16 40 35 BB 
	0A 47 86 EF 84 29 EF 93 A9 F3 68 5F B1 20 22 54 
	F9 73 38 4C 65 8D 00 07 02 86 14 9D A5 20 98 69 
	6A AE 86 6A 40 07 AE 3C 68 CE 31 05 8F 7A E3 06 
	85 EA 1B 58 56 07 DA 63 82 42 10 51 CC A0 77 1A 
	16 C6 24 E2 4B F3 F3 7D 92 62 C7 4E D7 BD 96 B7 
	45 4A F2 22 E5 8A 80 EE D7 BA 80 49 43 96 EB 36 
	20 75 85 0A F8 C6 82 7B 86 1F EB CA 18 C1 04 5A 
	18 5B 38 00 15 0E 64 C6 04 DA CE 2C CB 01 52 25 
	89 10 11 47 1E 26 9D 12 B6 74 7A 5A 57 12 29 4A 
	73 B3 2F 6C D3 25 9C A4 1C 7C 28 E6 A2 D8 6D DF 
	1B 77 3E 3A CF EE E6 48 4D ED C8 36 C3 63 FF 9E 
	94 0B C3 3A 9E CF 06 43 8C 91 6C CE 4C 5E 2A 6C 
	65 E8 11 60 C8 25 33 C2 E8 5B 77 C0 31 0A 5A 58 
	4B AA A4 92 DD 9E 10 D5 04 A2 A3 E7 29 79 43 89 
	99 F4 3F 2C 6C 52 EB 57 8C 18 7C 0C 8C 4A A0 24 
gy PQ/T (size 1120):
	27 B1 D6 35 A6 63 38 2D 99 E0 31 B3 E9 A5 D6 82 
	A0 95 45 04 93 56 AF 6F 13 54 DE D1 3E D2 9C 72 
	CA B3 46 45 EF B6 09 F5 0C 42 EA 41 42 94 3E 26 
	60 59 76 36 51 5E EA 18 85 9E 94 FB B1 36 BD CD 
	32 6E 57 4F 6E 8D 98 96 9E BF 41 1F B5 45 05 CC 
	5C 6B E8 7A B1 FD A4 DE CC 65 67 2D E9 3F 9E A8 
	FC 3F 9E BB 60 44 84 3C 9F B1 4D 34 08 CA C9 AC 
	F1 75 E4 C3 0F 1F ED 6B 20 F9 96 07 3E 4F BB E4 
	F5 CF AB 8B 9B 7B D6 CB 8B 72 57 9D F9 66 18 22 
	8E 96 02 88 97 A3 B4 B0 CC F1 76 F3 DD A1 E9 68 
	2F 9D 8A 36 FB 38 3D 58 A7 61 E8 E0 1B EB D4 94 
	FB 6E 88 C1 8D 24 A8 24 43 19 C8 E0 D1 B9 E4 04 
	9B D9 D8 CD 56 0D CE EF E7 98 FE 2D 2B 36 4E 11 
	7F CC FB 63 00 C7 6A 7D 56 76 5A 1F 5D FD 43 F7 
	65 1D EA 78 F6 C7 FF D7 54 D7 0E AA 90 A7 CE 5C 
	80 F1 2D 1B 42 DF 25 92 40 EE 5D 1C F5 9E 61 C5 
	56 6E 25 38 D0 62 35 1D 3D CD C5 60 9C 60 A8 B9 
	0B 26 D3 E6 E5 24 54 E5 66 BB DE 7B 52 F6 67 90 
	EC FC 6A FB 35 DD A5 C5 44 28 EC 5A 9D 82 86 AA 
	C1 59 DB 33 20 99 CE B2 47 23 DC A7 09 F9 02 A2 
	7F 50 26 22 05 E9 E7 AA 8C 97 A0 7D 09 36 96 40 
	E5 65 30 32 F7 16 9D F4 0F 77 5E C7 36 CA 43 F5 
	B5 8C CB 02 19 D5 1B 1C AF 45 E3 55 FA E3 0D CD 
	A4 0E E6 4E 4C 8F CD FE F0 EA AD DC 4F 31 37 1C 
	50 BC 43 30 7A 6C F2 4B DC 69 91 2A 83 60 1E 87 
	B1 05 58 0D B7 48 5D 4D C8 58 8A F1 50 BC 8C 69 
	5A 5F 62 86 CD 5F A9 E1 F9 D9 F8 8B ED 21 FC 5E 
	4E C3 DB 8A 4D 7A 2E F1 69 32 92 90 DE D0 6E 72 
	05 58 BB 4C EB 8B D8 C2 AE CC 11 58 D6 B4 44 33 
	1B 49 A4 0C B5 86 2B E0 11 BD 9E 79 DE 26 60 B8 
	69 60 05 E5 90 70 2D F9 55 17 AE F3 F4 37 B5 DC 
	FC EB D9 80 F1 7E 7F CD 72 62 39 72 A4 5F AD 9E 
	C5 F3 86 64 3F 27 90 1B 9C 59 5C 24 04 E7 7D FE 
	2B 42 5C C7 88 B8 02 F9 C2 C9 4B 6F 02 9D 73 02 
	EE 55 05 58 87 4A 4A E5 62 6F 4F 3B 88 22 09 5E 
	04 98 E3 1F E5 3A 94 18 6F DB B8 4F A4 35 3D 5C 
	A9 67 9E 39 9F ED EE 4F 99 2E EE 64 0A 58 CD 6D 
	73 48 4F FB BA 76 DA 67 91 C9 12 04 1E 0F C1 8F 
	DB 02 0A 2D 91 91 11 AD 55 D9 E0 28 F8 98 5E 9A 
	D3 57 7C 29 7C 79 52 3C 7D 45 E9 4D 5F FD 76 57 
	4E 72 2A 07 E4 34 EE AA 9F AF 4B 04 54 B7 AB 95 
	FA 45 CA 2B 69 5F 27 E1 CB DC A0 E5 92 A2 66 6D 
	C5 D5 14 06 59 49 A1 A4 3A 60 FC 44 09 B7 89 B3 
	15 C2 BE 27 74 42 A8 18 AA 2D CE CE 1E B2 87 EF 
	7D 23 9D 8E 53 7C F7 2D 25 A2 16 AF B4 E8 95 AE 
	03 6D B1 CC E3 12 00 7F ED 3A E5 B1 ED E8 A6 54 
	4D 94 37 86 18 3F 59 3D E5 57 AC 65 51 84 61 47 
	70 FC 89 7D C2 42 4C AA C1 CA 9C 56 B6 DE 0B 31 
	4C 1D 5D 62 D8 71 55 21 65 8E 4E 01 FB DB 90 AA 
	20 45 56 76 2A 5C D2 DB 1C 19 C1 BC D0 A1 7C 54 
	12 98 E4 1B D9 57 DE 00 E5 83 EB C8 EB 25 46 3B 
	FC BD 28 90 15 AC 8E C2 B3 E4 41 BA 1B 92 C9 E4 
	D3 48 13 9A 93 50 D4 56 6B 92 2D 0D 4A 7B 5D D1 
	41 AD 3B F3 70 3D 68 5A A0 4A 27 B8 19 C9 FE 0F 
	71 49 13 90 EB 82 1B 69 76 43 A0 F3 90 7F A0 E1 
	55 CE EE 90 D6 31 0E 1F C7 9A 46 ED EA 3A 6B 46 
	F2 3A 4B 47 D9 FC 06 6B F4 4B 4A 38 C5 FC DE FB 
	7E F6 31 CA BD BE 9F DC FA FF AA 98 FB A3 42 9B 
	0D 11 F3 D5 AF 2A D5 19 A4 63 01 A8 7B F8 9D B7 
	04 13 25 71 C5 E3 D5 12 4D 23 67 5B 35 43 85 82 
	64 31 BF C0 2E A8 E7 25 D8 58 1B B2 A6 D5 27 44 
	7C DF 3E 9A D5 84 26 08 52 11 60 0E FA 2C 5D 15 
	0F 08 99 AE 3B 45 C2 61 46 70 A0 01 E4 51 C3 14 
	57 B1 78 CF 79 E8 34 5B E7 16 CF 2C 0A 7C 24 A3 
	04 B5 E3 87 37 6D 45 5A 3B 86 3C C3 83 8A 89 6D 
	BE A1 41 27 1E 5D 24 77 51 90 44 C4 48 68 C0 65 
	18 99 70 CD E3 B6 52 89 B8 51 AC E5 71 9B 6E 26 
	6E F5 61 FB 4D 6A CD 2A 51 3D 7A BA 4D E0 6A 73 
	CF 3E CB A4 98 59 FD 98 06 D1 9F 4F 4B A2 00 16 
	64 BD C1 55 35 80 45 A7 E1 DA DD 79 BF C2 FB 72 
x DH  (size 32):
	30 8A EE 3F ED 8C 9D 04 0D 35 A7 FC 1F A7 76 FB 
	31 30 38 33 AA 2D E8 85 35 4D DF 3D 44 D8 FB 69 
gy DH (size 32):
	27 B1 D6 35 A6 63 38 2D 99 E0 31 B3 E9 A5 D6 82 
	A0 95 45 04 93 56 AF 6F 13 54 DE D1 3E D2 9C 72 
SHARED SECRET DERIVE
G_XY (ECDH shared secret)  (size 32):
	23 42 DA 3A 44 A9 28 77 02 7E D4 DE 6D 1E 8E A1 
	6A 64 F6 60 1A CF 0D 09 79 E2 32 07 86 54 F8 6D 
KEM decapsulation
x KEM  (size 2400):
	74 56 C2 8B 10 AA 5C 95 5E 0C D6 6B 43 C2 AE 04 
	8A B5 B9 8C 3E D3 23 A9 73 E8 82 72 57 27 C2 7B 
	0C 98 B8 C4 31 67 15 E4 0A 6C 9E 7C AF 19 82 C5 
	2C 1C 73 B4 AB 03 0D A1 83 A1 D8 2A CF EA 80 13 
	63 14 80 6B 1D 5B 06 C2 92 E9 CD A9 8B 09 B7 11 
	B4 E6 A4 91 5C 46 74 5C 16 9F CA 44 47 E6 F4 6F 
	11 34 A3 11 E8 51 B4 30 5D 4B E0 B0 7E 10 89 E3 
	4A 4D 04 67 C7 9F 96 00 3A 5A 45 E3 63 9B E0 83 
	80 C6 4C 21 A3 E5 83 33 3B C6 B4 64 76 92 C0 93 
	6A 57 BB 12 30 BB 2E D6 48 5D EA 43 44 A5 B3 DA 
	82 CE 6A C4 74 1C B3 A1 ED 2A 9F 37 C2 57 AA 17 
	92 4D 07 B5 87 3C 28 8F 27 7E 24 EC 50 2C E9 4F 
	F6 5C 94 8B D7 06 80 1C 3A 08 34 9C 31 5A 28 BC 
	30 06 FE 55 A0 D1 7A 2D 61 AB 19 7D 09 17 FC 02 
	1A 72 7B B3 DE D9 B1 CB 48 55 83 08 7D EE DA CD 
	59 8B 67 0E BB 04 B4 12 AF 74 55 2D 49 75 3E 5C 
	53 57 2C 84 0C D3 44 00 84 68 87 26 BC 4E CF 93 
	19 2E C4 67 B7 94 58 A8 C3 5C E0 6A 33 07 25 56 
	82 E0 04 C7 09 02 00 20 A6 47 47 00 8D 5C A7 03 
	F6 92 F4 A6 0B E8 A3 8E 35 B1 82 D8 83 16 65 B6 
	47 47 E9 AC 22 2C 0A AE 5A 57 43 82 08 7B 98 6B 
	B4 18 92 53 62 15 69 53 66 14 9B 80 3F 93 9C B9 
	B6 42 7C D6 36 1B 9A 9A 96 E4 B3 23 78 0C 2B 3B 
	60 EC AB 4E B4 B9 66 C9 07 A8 60 14 BF 76 11 4E 
	2F 17 5D FF B3 74 35 89 21 88 F8 3F FD C0 9A C4 
	73 33 EA E7 11 CB 60 37 E3 7B 2C CA D1 39 3E 83 
	C8 C9 E6 20 5E 87 C1 AA 59 61 05 B2 4A 17 18 5C 
	7C 39 8A EC 6A 5C 75 C2 6F 2D BB 17 BA A8 86 D2 
	38 93 DD A1 7C 0C 44 68 1B A3 42 83 FB 18 B2 CC 
	19 52 C6 10 F3 22 4C 09 36 36 E9 BB 30 48 C3 32 
	AD 10 C7 81 E6 27 A0 15 26 A4 A2 64 BA B8 60 0B 
	47 4E B4 18 34 69 53 C7 5C A6 5F EE F8 48 6D 08 
	B3 F6 DA 5B 79 D1 4D 86 B9 5B B8 F5 4C 13 13 41 
	48 81 19 29 76 84 F8 21 0B 25 B4 40 D1 CA C6 E8 
	F3 0A 8E 61 70 79 3B 3A 82 B7 1F FE 81 3C 91 D2 
	6D A3 31 42 18 00 B2 A4 FC A2 E4 B0 4E 48 C5 90 
	F2 73 74 D6 A6 66 5D 3B A6 8F 5C 7F 64 D7 94 36 
	0A 34 0F 31 6E 91 B5 7D 7D 67 76 43 AA 3F D5 C9 
	5A C1 8B 24 39 87 7F 35 14 C2 1C 58 C3 24 AB B2 
	79 07 AC 46 26 49 5C F4 C8 22 49 AE 08 32 3F 7C 
	AC A1 E8 3B 56 F8 BB 04 FA C1 05 E3 4A 35 B4 C1 
	06 C1 07 07 E5 9A 02 47 C8 7D 79 D7 B9 E1 B0 AF 
	35 A4 52 51 09 8C 75 C6 83 52 4C CD 14 92 B3 B3 
	DB 8B DA A9 1B EB D0 3A 22 9A 80 8D AB 8D 92 C8 
	BE 3E 80 59 13 43 5A 0A 56 86 07 01 CE 88 D8 33 
	CC EC AC 27 26 46 0B 06 C7 4B 33 0F FA E0 4E DB 
	A2 C1 D4 62 47 C8 7B 80 E5 48 4A 54 67 6D 4F 57 
	04 28 FC C8 AC 86 26 C6 A3 40 64 3C A2 56 A9 2B 
	40 C3 9F 51 B7 20 F5 00 47 FC F6 49 3B D3 BF 6F 
	98 17 B7 D8 C8 F3 12 6D 95 61 89 F1 B5 97 91 93 
	B9 F1 3B 8D 50 D5 6F B9 F2 40 51 C9 21 EC C3 87 
	C3 56 10 55 CA 74 B7 C1 29 2C 20 71 D0 F1 57 CE 
	4C 73 F2 53 AB C8 2A B3 B6 89 89 88 96 1F 57 81 
	CF 75 87 0A 6A 64 C0 80 3C 09 B7 D9 CB FD 75 1D 
	8B F6 27 27 73 9C D8 89 07 A2 A3 02 F9 23 72 4E 
	D0 70 CC B9 64 92 66 62 27 5C 45 0B 29 B5 FB 1C 
	87 2A 25 16 0D 9C C3 A4 67 5B 45 E2 B3 7E E3 56 
	99 E9 99 73 C9 CD 44 4A 1A B1 40 39 16 E7 C1 7E 
	46 3F 49 93 1F EF 66 69 C6 A9 2A B1 28 77 D9 B4 
	63 CD A7 72 AE CC 98 F0 F2 8A 6A 09 71 94 32 9E 
	8B AC 07 AB 17 33 4E D7 7F B3 04 86 A3 A0 A7 41 
	40 81 4E 8C 69 10 1B 9A 2B 26 87 80 69 C7 B7 4B 
	C8 15 1B 64 E2 62 A0 00 3B 9B B3 C7 68 8B 55 24 
	0B 23 A5 8B 6B 83 0A 53 48 31 66 6D 98 B9 38 EE 
	AB 42 08 26 38 EC 6A 6E C7 E5 4C 9A D9 C5 08 36 
	71 D9 E9 60 66 7B 02 CA 4A BA 6F 43 88 9F 93 BC 
	B2 3C 73 27 A4 6F FC AB 04 89 52 46 D7 66 86 8E 
	D7 6B 02 14 69 62 CA 0D 74 C2 18 8D 1C 78 B4 86 
	C4 AA 2A 00 AC 9B 33 36 37 26 4E D0 AE 5E DC 2F 
	25 80 9D 43 96 7A EE 40 16 8D 66 78 0C 96 67 38 
	10 68 42 E5 86 52 A2 9D 1F 48 45 8A FB C7 D1 83 
	00 83 57 07 90 45 70 47 92 AE 68 AB A2 9C AB 9D 
	C2 46 32 FE A0 C3 CF 4A 0F 09 F0 6F DB 55 40 E4 
	2C 85 CD 03 9A 1B A5 9B BD F0 CD 99 80 73 79 3C 
	C6 37 F0 54 A0 C4 27 7D B8 1B 53 D2 CD CA 28 01 
	C1 96 BD B7 28 88 5C E0 5B 3C 31 A3 16 B4 85 12 
	B5 5E 03 47 1E CF CA 8D 4F 26 96 DB 5C 11 37 C4 
	0E 51 FC 9F 00 80 5E 74 F0 7A B6 C2 A6 8B A8 A4 
	E2 91 4F E1 DC 33 1D 0C 6C 32 E0 54 AA 90 9C 6A 
	67 7E E9 5B 21 6A D4 BB F8 8A 03 89 14 34 EC 20 
	50 18 DA 56 D2 D8 B1 64 DB 5E 01 2C 0B 15 81 98 
	B9 09 88 12 A5 8E 47 00 81 54 A4 56 00 44 AE 43 
	6A 62 8C E9 41 0D 25 43 A4 1C 3F 22 C6 5A 28 A0 
	A3 E9 9B 2E B1 A1 4E FE C5 2A 81 96 BE D8 A8 B5 
	91 63 BB A1 62 74 DA 03 05 50 67 3B 58 96 C8 92 
	FC 67 9F E6 06 B1 E9 36 03 63 63 E9 93 4D F6 CA 
	18 D9 81 55 D5 CC 12 5C 00 B0 E7 5C 4F 81 64 B6 
	23 53 58 E4 F4 11 2A 7C 7A 70 59 2D 22 E2 7F CD 
	84 63 3A E7 7C 81 B0 2C AA A3 9F 58 DA 9C FE 39 
	5A BA F8 75 04 80 01 AF 98 AC 61 D4 0D 78 9A 99 
	29 54 C2 D7 33 C0 F0 20 7C B8 01 4F 4C 7B 1D C9 
	F8 B6 22 C8 BD 5F A4 0F AF 76 6D B2 3B 7A 0C 70 
	85 8B 1B CB 6E 5B 17 DE 44 04 48 AA 21 9D 50 42 
	6A 13 51 AA 81 A0 54 71 4D 88 05 0A F5 EC 09 7B 
	91 C2 BB 46 1A 49 AC 88 EB DB 11 A1 E8 59 76 E5 
	B8 E8 E7 4D 25 51 33 2E 12 12 64 04 08 E8 22 AA 
	1D 73 C2 A4 03 81 49 A0 8A 35 69 53 3B 27 BD 8B 
	42 2D BC 2A 76 54 FA 39 CB 06 32 17 93 15 A7 68 
	91 89 08 41 52 35 CF 9C 2A 86 BB 52 31 73 3B 86 
	4B 84 A5 C0 74 A7 C4 5A 15 70 F7 62 94 C2 AA E6 
	74 14 F1 2C 85 FD 46 79 13 76 85 15 DB 32 8C 44 
	49 C2 F3 0C A8 98 A6 CA 79 63 60 F5 0E 56 46 33 
	03 38 51 22 01 40 7D 68 31 29 A0 91 7B 98 97 B4 
	F0 30 36 13 BC 14 69 20 AD A9 0A D2 B0 7D 00 B1 
	A1 AE 54 A1 AC 15 52 60 77 A5 33 B4 02 B9 24 7D 
	FB 15 09 ED A6 2F 64 41 6C EC E1 72 5D C1 A3 F5 
	BC A3 8C 2B 09 5B 87 3B 40 63 72 45 D4 3F B2 48 
	4E 80 04 A8 DE 6B 49 15 F4 3C C0 46 A6 82 46 3E 
	09 C1 15 DD 62 3D F7 95 8A A9 43 B3 87 70 31 DC 
	77 B7 6B 39 BF 3D BB A8 D3 97 49 D4 EB 71 B7 A3 
	3F 20 3A AA F4 1B 19 5C E2 CD 21 B5 A3 16 BB 21 
	65 AC 02 35 50 84 CC 38 4E 5B 91 27 27 7B B4 78 
	83 7B D2 82 16 4C 7B 0D DE 00 95 8A DA 41 B3 F5 
	AD 12 C7 36 4B AA B6 A7 86 BF 05 BB AD 07 4B 32 
	B4 3A CD D1 98 A6 09 3A 7A 26 93 C3 8F 35 AF C0 
	04 5D 6D 67 21 E9 04 11 B6 C7 3B 94 57 AC 4A 6A 
	06 F7 8C 65 89 E0 93 3F 62 A7 E7 C6 66 AC B1 93 
	65 14 8D 8E F4 3C 40 5B BC 5A CA 6D 03 45 1C F9 
	26 3D 48 38 B6 62 53 7B CA E5 54 47 B7 9D 5A A3 
	2E 3F 40 30 C4 68 09 37 E4 78 5A 50 77 78 D0 7D 
	31 37 8B 27 73 91 39 42 81 A8 D8 0D 19 86 C1 E4 
	E6 73 A7 51 B7 C6 00 01 70 81 98 FE DC 48 67 73 
	7B 5B 89 65 CF C4 49 FC FB 8C 39 DA 6B 96 D8 C9 
	23 93 32 1E 61 3E DF 95 BA 63 A0 77 DC 18 73 D3 
	08 26 FD 77 90 4C 11 50 C1 7B 4D 5B 38 66 29 E5 
	30 3B 64 1D 53 31 C5 08 25 5B 3B 24 4A 9F EA 00 
	3C 04 73 ED 96 BA 20 D5 48 AA E1 4D D2 E2 28 62 
	E9 C1 92 3C 0A F6 90 0D 98 B3 75 9E 31 00 86 18 
	95 B6 6C 9F 12 03 00 60 C5 80 EC FB 5E A0 88 72 
	68 65 84 2E 92 96 95 FC A3 56 64 27 CC CA 2E 61 
	B3 04 11 33 9D 88 D4 77 26 15 64 03 E3 35 2E 7C 
	16 3A 90 0F 4F 06 9D 27 E7 7E 94 48 4F 77 79 53 
	67 4C AB DB 0C BF 21 45 7F CD E5 4D 47 98 A4 B5 
	A4 00 DB AC 7C D8 4C C5 FE 3A 78 6C D0 C9 CE 25 
	C0 C7 24 6A E2 3B 32 6C A7 72 AB A2 16 40 35 BB 
	0A 47 86 EF 84 29 EF 93 A9 F3 68 5F B1 20 22 54 
	F9 73 38 4C 65 8D 00 07 02 86 14 9D A5 20 98 69 
	6A AE 86 6A 40 07 AE 3C 68 CE 31 05 8F 7A E3 06 
	85 EA 1B 58 56 07 DA 63 82 42 10 51 CC A0 77 1A 
	16 C6 24 E2 4B F3 F3 7D 92 62 C7 4E D7 BD 96 B7 
	45 4A F2 22 E5 8A 80 EE D7 BA 80 49 43 96 EB 36 
	20 75 85 0A F8 C6 82 7B 86 1F EB CA 18 C1 04 5A 
	18 5B 38 00 15 0E 64 C6 04 DA CE 2C CB 01 52 25 
	89 10 11 47 1E 26 9D 12 B6 74 7A 5A 57 12 29 4A 
	73 B3 2F 6C D3 25 9C A4 1C 7C 28 E6 A2 D8 6D DF 
	1B 77 3E 3A CF EE E6 48 4D ED C8 36 C3 63 FF 9E 
	94 0B C3 3A 9E CF 06 43 8C 91 6C CE 4C 5E 2A 6C 
	65 E8 11 60 C8 25 33 C2 E8 5B 77 C0 31 0A 5A 58 
	4B AA A4 92 DD 9E 10 D5 04 A2 A3 E7 29 79 43 89 
	99 F4 3F 2C 6C 52 EB 57 8C 18 7C 0C 8C 4A A0 24 
gy KEM: (PQ CC) (size 1088):
	CA B3 46 45 EF B6 09 F5 0C 42 EA 41 42 94 3E 26 
	60 59 76 36 51 5E EA 18 85 9E 94 FB B1 36 BD CD 
	32 6E 57 4F 6E 8D 98 96 9E BF 41 1F B5 45 05 CC 
	5C 6B E8 7A B1 FD A4 DE CC 65 67 2D E9 3F 9E A8 
	FC 3F 9E BB 60 44 84 3C 9F B1 4D 34 08 CA C9 AC 
	F1 75 E4 C3 0F 1F ED 6B 20 F9 96 07 3E 4F BB E4 
	F5 CF AB 8B 9B 7B D6 CB 8B 72 57 9D F9 66 18 22 
	8E 96 02 88 97 A3 B4 B0 CC F1 76 F3 DD A1 E9 68 
	2F 9D 8A 36 FB 38 3D 58 A7 61 E8 E0 1B EB D4 94 
	FB 6E 88 C1 8D 24 A8 24 43 19 C8 E0 D1 B9 E4 04 
	9B D9 D8 CD 56 0D CE EF E7 98 FE 2D 2B 36 4E 11 
	7F CC FB 63 00 C7 6A 7D 56 76 5A 1F 5D FD 43 F7 
	65 1D EA 78 F6 C7 FF D7 54 D7 0E AA 90 A7 CE 5C 
	80 F1 2D 1B 42 DF 25 92 40 EE 5D 1C F5 9E 61 C5 
	56 6E 25 38 D0 62 35 1D 3D CD C5 60 9C 60 A8 B9 
	0B 26 D3 E6 E5 24 54 E5 66 BB DE 7B 52 F6 67 90 
	EC FC 6A FB 35 DD A5 C5 44 28 EC 5A 9D 82 86 AA 
	C1 59 DB 33 20 99 CE B2 47 23 DC A7 09 F9 02 A2 
	7F 50 26 22 05 E9 E7 AA 8C 97 A0 7D 09 36 96 40 
	E5 65 30 32 F7 16 9D F4 0F 77 5E C7 36 CA 43 F5 
	B5 8C CB 02 19 D5 1B 1C AF 45 E3 55 FA E3 0D CD 
	A4 0E E6 4E 4C 8F CD FE F0 EA AD DC 4F 31 37 1C 
	50 BC 43 30 7A 6C F2 4B DC 69 91 2A 83 60 1E 87 
	B1 05 58 0D B7 48 5D 4D C8 58 8A F1 50 BC 8C 69 
	5A 5F 62 86 CD 5F A9 E1 F9 D9 F8 8B ED 21 FC 5E 
	4E C3 DB 8A 4D 7A 2E F1 69 32 92 90 DE D0 6E 72 
	05 58 BB 4C EB 8B D8 C2 AE CC 11 58 D6 B4 44 33 
	1B 49 A4 0C B5 86 2B E0 11 BD 9E 79 DE 26 60 B8 
	69 60 05 E5 90 70 2D F9 55 17 AE F3 F4 37 B5 DC 
	FC EB D9 80 F1 7E 7F CD 72 62 39 72 A4 5F AD 9E 
	C5 F3 86 64 3F 27 90 1B 9C 59 5C 24 04 E7 7D FE 
	2B 42 5C C7 88 B8 02 F9 C2 C9 4B 6F 02 9D 73 02 
	EE 55 05 58 87 4A 4A E5 62 6F 4F 3B 88 22 09 5E 
	04 98 E3 1F E5 3A 94 18 6F DB B8 4F A4 35 3D 5C 
	A9 67 9E 39 9F ED EE 4F 99 2E EE 64 0A 58 CD 6D 
	73 48 4F FB BA 76 DA 67 91 C9 12 04 1E 0F C1 8F 
	DB 02 0A 2D 91 91 11 AD 55 D9 E0 28 F8 98 5E 9A 
	D3 57 7C 29 7C 79 52 3C 7D 45 E9 4D 5F FD 76 57 
	4E 72 2A 07 E4 34 EE AA 9F AF 4B 04 54 B7 AB 95 
	FA 45 CA 2B 69 5F 27 E1 CB DC A0 E5 92 A2 66 6D 
	C5 D5 14 06 59 49 A1 A4 3A 60 FC 44 09 B7 89 B3 
	15 C2 BE 27 74 42 A8 18 AA 2D CE CE 1E B2 87 EF 
	7D 23 9D 8E 53 7C F7 2D 25 A2 16 AF B4 E8 95 AE 
	03 6D B1 CC E3 12 00 7F ED 3A E5 B1 ED E8 A6 54 
	4D 94 37 86 18 3F 59 3D E5 57 AC 65 51 84 61 47 
	70 FC 89 7D C2 42 4C AA C1 CA 9C 56 B6 DE 0B 31 
	4C 1D 5D 62 D8 71 55 21 65 8E 4E 01 FB DB 90 AA 
	20 45 56 76 2A 5C D2 DB 1C 19 C1 BC D0 A1 7C 54 
	12 98 E4 1B D9 57 DE 00 E5 83 EB C8 EB 25 46 3B 
	FC BD 28 90 15 AC 8E C2 B3 E4 41 BA 1B 92 C9 E4 
	D3 48 13 9A 93 50 D4 56 6B 92 2D 0D 4A 7B 5D D1 
	41 AD 3B F3 70 3D 68 5A A0 4A 27 B8 19 C9 FE 0F 
	71 49 13 90 EB 82 1B 69 76 43 A0 F3 90 7F A0 E1 
	55 CE EE 90 D6 31 0E 1F C7 9A 46 ED EA 3A 6B 46 
	F2 3A 4B 47 D9 FC 06 6B F4 4B 4A 38 C5 FC DE FB 
	7E F6 31 CA BD BE 9F DC FA FF AA 98 FB A3 42 9B 
	0D 11 F3 D5 AF 2A D5 19 A4 63 01 A8 7B F8 9D B7 
	04 13 25 71 C5 E3 D5 12 4D 23 67 5B 35 43 85 82 
	64 31 BF C0 2E A8 E7 25 D8 58 1B B2 A6 D5 27 44 
	7C DF 3E 9A D5 84 26 08 52 11 60 0E FA 2C 5D 15 
	0F 08 99 AE 3B 45 C2 61 46 70 A0 01 E4 51 C3 14 
	57 B1 78 CF 79 E8 34 5B E7 16 CF 2C 0A 7C 24 A3 
	04 B5 E3 87 37 6D 45 5A 3B 86 3C C3 83 8A 89 6D 
	BE A1 41 27 1E 5D 24 77 51 90 44 C4 48 68 C0 65 
	18 99 70 CD E3 B6 52 89 B8 51 AC E5 71 9B 6E 26 
	6E F5 61 FB 4D 6A CD 2A 51 3D 7A BA 4D E0 6A 73 
	CF 3E CB A4 98 59 FD 98 06 D1 9F 4F 4B A2 00 16 
	64 BD C1 55 35 80 45 A7 E1 DA DD 79 BF C2 FB 72 
G_XY (PQ SS)  (size 32):
	A6 C1 C2 4D BA D2 AD 71 E9 F6 00 47 D5 A1 C2 5E 
	86 BC 80 F7 52 BC BC E5 0B B4 51 8C CD 8F D3 96 
hash_msg1_raw (size 32):
	49 09 FE 3D 72 56 08 D3 CF 4A C6 69 61 22 FC 7D 
	CB 49 F5 BF D5 E8 16 35 8B 24 81 E5 11 DD C0 AC 
Input to calculate TH_2 (CBOR Sequence) (size 1157):
	59 04 60 27 B1 D6 35 A6 63 38 2D 99 E0 31 B3 E9 
	A5 D6 82 A0 95 45 04 93 56 AF 6F 13 54 DE D1 3E 
	D2 9C 72 CA B3 46 45 EF B6 09 F5 0C 42 EA 41 42 
	94 3E 26 60 59 76 36 51 5E EA 18 85 9E 94 FB B1 
	36 BD CD 32 6E 57 4F 6E 8D 98 96 9E BF 41 1F B5 
	45 05 CC 5C 6B E8 7A B1 FD A4 DE CC 65 67 2D E9 
	3F 9E A8 FC 3F 9E BB 60 44 84 3C 9F B1 4D 34 08 
	CA C9 AC F1 75 E4 C3 0F 1F ED 6B 20 F9 96 07 3E 
	4F BB E4 F5 CF AB 8B 9B 7B D6 CB 8B 72 57 9D F9 
	66 18 22 8E 96 02 88 97 A3 B4 B0 CC F1 76 F3 DD 
	A1 E9 68 2F 9D 8A 36 FB 38 3D 58 A7 61 E8 E0 1B 
	EB D4 94 FB 6E 88 C1 8D 24 A8 24 43 19 C8 E0 D1 
	B9 E4 04 9B D9 D8 CD 56 0D CE EF E7 98 FE 2D 2B 
	36 4E 11 7F CC FB 63 00 C7 6A 7D 56 76 5A 1F 5D 
	FD 43 F7 65 1D EA 78 F6 C7 FF D7 54 D7 0E AA 90 
	A7 CE 5C 80 F1 2D 1B 42 DF 25 92 40 EE 5D 1C F5 
	9E 61 C5 56 6E 25 38 D0 62 35 1D 3D CD C5 60 9C 
	60 A8 B9 0B 26 D3 E6 E5 24 54 E5 66 BB DE 7B 52 
	F6 67 90 EC FC 6A FB 35 DD A5 C5 44 28 EC 5A 9D 
	82 86 AA C1 59 DB 33 20 99 CE B2 47 23 DC A7 09 
	F9 02 A2 7F 50 26 22 05 E9 E7 AA 8C 97 A0 7D 09 
	36 96 40 E5 65 30 32 F7 16 9D F4 0F 77 5E C7 36 
	CA 43 F5 B5 8C CB 02 19 D5 1B 1C AF 45 E3 55 FA 
	E3 0D CD A4 0E E6 4E 4C 8F CD FE F0 EA AD DC 4F 
	31 37 1C 50 BC 43 30 7A 6C F2 4B DC 69 91 2A 83 
	60 1E 87 B1 05 58 0D B7 48 5D 4D C8 58 8A F1 50 
	BC 8C 69 5A 5F 62 86 CD 5F A9 E1 F9 D9 F8 8B ED 
	21 FC 5E 4E C3 DB 8A 4D 7A 2E F1 69 32 92 90 DE 
	D0 6E 72 05 58 BB 4C EB 8B D8 C2 AE CC 11 58 D6 
	B4 44 33 1B 49 A4 0C B5 86 2B E0 11 BD 9E 79 DE 
	26 60 B8 69 60 05 E5 90 70 2D F9 55 17 AE F3 F4 
	37 B5 DC FC EB D9 80 F1 7E 7F CD 72 62 39 72 A4 
	5F AD 9E C5 F3 86 64 3F 27 90 1B 9C 59 5C 24 04 
	E7 7D FE 2B 42 5C C7 88 B8 02 F9 C2 C9 4B 6F 02 
	9D 73 02 EE 55 05 58 87 4A 4A E5 62 6F 4F 3B 88 
	22 09 5E 04 98 E3 1F E5 3A 94 18 6F DB B8 4F A4 
	35 3D 5C A9 67 9E 39 9F ED EE 4F 99 2E EE 64 0A 
	58 CD 6D 73 48 4F FB BA 76 DA 67 91 C9 12 04 1E 
	0F C1 8F DB 02 0A 2D 91 91 11 AD 55 D9 E0 28 F8 
	98 5E 9A D3 57 7C 29 7C 79 52 3C 7D 45 E9 4D 5F 
	FD 76 57 4E 72 2A 07 E4 34 EE AA 9F AF 4B 04 54 
	B7 AB 95 FA 45 CA 2B 69 5F 27 E1 CB DC A0 E5 92 
	A2 66 6D C5 D5 14 06 59 49 A1 A4 3A 60 FC 44 09 
	B7 89 B3 15 C2 BE 27 74 42 A8 18 AA 2D CE CE 1E 
	B2 87 EF 7D 23 9D 8E 53 7C F7 2D 25 A2 16 AF B4 
	E8 95 AE 03 6D B1 CC E3 12 00 7F ED 3A E5 B1 ED 
	E8 A6 54 4D 94 37 86 18 3F 59 3D E5 57 AC 65 51 
	84 61 47 70 FC 89 7D C2 42 4C AA C1 CA 9C 56 B6 
	DE 0B 31 4C 1D 5D 62 D8 71 55 21 65 8E 4E 01 FB 
	DB 90 AA 20 45 56 76 2A 5C D2 DB 1C 19 C1 BC D0 
	A1 7C 54 12 98 E4 1B D9 57 DE 00 E5 83 EB C8 EB 
	25 46 3B FC BD 28 90 15 AC 8E C2 B3 E4 41 BA 1B 
	92 C9 E4 D3 48 13 9A 93 50 D4 56 6B 92 2D 0D 4A 
	7B 5D D1 41 AD 3B F3 70 3D 68 5A A0 4A 27 B8 19 
	C9 FE 0F 71 49 13 90 EB 82 1B 69 76 43 A0 F3 90 
	7F A0 E1 55 CE EE 90 D6 31 0E 1F C7 9A 46 ED EA 
	3A 6B 46 F2 3A 4B 47 D9 FC 06 6B F4 4B 4A 38 C5 
	FC DE FB 7E F6 31 CA BD BE 9F DC FA FF AA 98 FB 
	A3 42 9B 0D 11 F3 D5 AF 2A D5 19 A4 63 01 A8 7B 
	F8 9D B7 04 13 25 71 C5 E3 D5 12 4D 23 67 5B 35 
	43 85 82 64 31 BF C0 2E A8 E7 25 D8 58 1B B2 A6 
	D5 27 44 7C DF 3E 9A D5 84 26 08 52 11 60 0E FA 
	2C 5D 15 0F 08 99 AE 3B 45 C2 61 46 70 A0 01 E4 
	51 C3 14 57 B1 78 CF 79 E8 34 5B E7 16 CF 2C 0A 
	7C 24 A3 04 B5 E3 87 37 6D 45 5A 3B 86 3C C3 83 
	8A 89 6D BE A1 41 27 1E 5D 24 77 51 90 44 C4 48 
	68 C0 65 18 99 70 CD E3 B6 52 89 B8 51 AC E5 71 
	9B 6E 26 6E F5 61 FB 4D 6A CD 2A 51 3D 7A BA 4D 
	E0 6A 73 CF 3E CB A4 98 59 FD 98 06 D1 9F 4F 4B 
	A2 00 16 64 BD C1 55 35 80 45 A7 E1 DA DD 79 BF 
	C2 FB 72 58 20 49 09 FE 3D 72 56 08 D3 CF 4A C6 
	69 61 22 FC 7D CB 49 F5 BF D5 E8 16 35 8B 24 81 
	E5 11 DD C0 AC 
TH2 (size 32):
	B8 DC 8E 49 C0 0A 1B 3F 4A 69 B7 4D D4 DF D1 19 
	40 2A 4B FB 26 64 88 A2 6A B6 E9 83 60 48 45 A7 
TH_2 (size 32):
	B8 DC 8E 49 C0 0A 1B 3F 4A 69 B7 4D D4 DF D1 19 
	40 2A 4B FB 26 64 88 A2 6A B6 E9 83 60 48 45 A7 
GX_Y (for prk_2e) (size 32):
	23 42 DA 3A 44 A9 28 77 02 7E D4 DE 6D 1E 8E A1 
	6A 64 F6 60 1A CF 0D 09 79 E2 32 07 86 54 F8 6D 
PRK_2e (first DH derivation) (size 32):
	1D 63 08 30 E2 51 A6 8B 12 B7 B0 FF 0A F8 E0 7B 
	5F 88 54 C9 BA BA BB BE E6 27 5D 13 CE 84 5E 1B 
PRK_2e_b (second KEM DH) (size 32):
	8F 93 E9 72 99 FD 47 EB 27 FA 25 0A E2 E0 52 91 
	6A F1 43 76 12 B3 55 29 D4 DF 88 66 50 C3 3E 07 
PRK_2e (size 32):
	8F 93 E9 72 99 FD 47 EB 27 FA 25 0A E2 E0 52 91 
	6A F1 43 76 12 B3 55 29 D4 DF 88 66 50 C3 3E 07 
KEYSTREAM_2 (size 12):
	08 CC D5 99 6F A5 5C 69 80 3C E7 05 
associated_data (size 45):
	83 68 45 6E 63 72 79 70 74 30 40 58 20 B8 DC 8E 
	49 C0 0A 1B 3F 4A 69 B7 4D D4 DF D1 19 40 2A 4B 
	FB 26 64 88 A2 6A B6 E9 83 60 48 45 A7 
plaintext (size 12):
	41 A1 01 48 A0 E5 4E 03 A1 C8 C9 23 
C_R (raw) (size 1):
	A1 
ID_CRED (size 3):
	A1 04 01 
sign_or_mac (size 8):
	A0 E5 4E 03 A1 C8 C9 23 
[cred] lookup ID_CRED len=3
A10401
[cred] cred_array entries: 5
[cred] candidate[0] len=3 A10401
[cred] candidate[1] len=3 A10401
[cred] candidate[2] len=7 A1043A271CE614
[cred] candidate[3] len=7 A1043A39D0E614
[cred] candidate[4] len=7 A1041A0BD419EB
SHARED SECRET DERIVE
dh_secret (size 32):
	16 97 10 01 99 18 A8 54 1B A3 52 5C 8E 48 5B E2 
	43 22 F8 E6 D1 35 A8 7C 69 E0 DF CC 76 8E ED 5B 
SALT_3e2m or SALT4e3m (size 32):
	96 2B 0A 7A B3 D7 4D C0 88 04 D2 07 E0 6A 2C BA 
	B4 69 D4 40 1D 11 A3 4C 0D 7B 39 0A BC 10 5A 5F 
prk_3e2m (size 32):
	29 5F 4A CB 02 37 20 BD 45 8E 02 B4 92 56 47 F5 
	14 22 40 1E 3A C3 78 7D 91 C6 2A 82 50 44 86 AB 
TMP size: 32
CBOR ENCODE ERROR: 0
MAX ID CRED: 400 cred len 3
MAX CRED: 765 cred len 3
PK SIZE: 65
SIGNATURE SIZE: 500
CONTEXT_MAC_SIZE: 1204
CONTEXT_MAC len: 42
CR len: 2
TH enc len: 34
TMP size: 1
CBOR ENCODE ERROR: 0
MAC context (size 42):
	41 A1 A1 04 01 58 20 B8 DC 8E 49 C0 0A 1B 3F 4A 
	69 B7 4D D4 DF D1 19 40 2A 4B FB 26 64 88 A2 6A 
	B6 E9 83 60 48 45 A7 A1 04 01 
MAC 2/3 (size 8):
	A0 E5 4E 03 A1 C8 C9 23 
th23 (size 32):
	B8 DC 8E 49 C0 0A 1B 3F 4A 69 B7 4D D4 DF D1 19 
	40 2A 4B FB 26 64 88 A2 6A B6 E9 83 60 48 45 A7 
plaintext_23 (size 12):
	41 A1 01 48 A0 E5 4E 03 A1 C8 C9 23 
cred (size 3):
	A1 04 01 
TMP size: 32
CBOR ENCODE ERROR: 0
Encoded
memcopy1
memcopy2
Input to calculate TH_3/TH_4 (CBOR Sequence) (size 49):
	58 20 B8 DC 8E 49 C0 0A 1B 3F 4A 69 B7 4D D4 DF 
	D1 19 40 2A 4B FB 26 64 88 A2 6A B6 E9 83 60 48 
	45 A7 41 A1 01 48 A0 E5 4E 03 A1 C8 C9 23 A1 04 
	01 
TH34 (size 32):
	26 42 2F A6 29 D1 79 E8 80 B8 73 7E 63 22 8D F9 
	3C 77 E4 CF 05 CD 25 EF 9D BF 6D 4C 07 4B 25 ED 
SHARED SECRET DERIVE
dh_secret (size 32):
	6C AA 7E E1 BA D2 D5 D5 C3 6D 15 AA 95 09 CF D4 
	84 71 E2 B0 43 B8 D2 92 C7 78 9F 3C 1B 1B 6C 3F 
SALT_3e2m or SALT4e3m (size 32):
	F6 DF 84 F0 21 B9 4B E2 B1 C7 FE A1 85 D6 76 7E 
	24 21 CD CE 14 D4 2F E8 87 71 5A 6C B5 C7 43 D9 
prk_4e3m (size 32):
	28 71 A9 C8 D6 80 2F 62 02 82 97 B9 8A 30 8B 38 
	46 2B DA 96 3D 40 FE F4 FA 7C 7C 80 B4 76 86 FE 
TMP size: 32
CBOR ENCODE ERROR: 0
MAX ID CRED: 400 cred len 3
MAX CRED: 765 cred len 3
PK SIZE: 65
SIGNATURE SIZE: 500
CONTEXT_MAC_SIZE: 1204
CONTEXT_MAC len: 41
CR len: 1
TH enc len: 34
MAC context (size 40):
	A1 04 00 58 20 26 42 2F A6 29 D1 79 E8 80 B8 73 
	7E 63 22 8D F9 3C 77 E4 CF 05 CD 25 EF 9D BF 6D 
	4C 07 4B 25 ED A1 04 00 
MAC 2/3 (size 8):
	32 55 73 6F AD 97 05 DE 
TMP size: 8
CBOR ENCODE ERROR: 0
kid (size 1):
	00 
K_3 (size 16):
	6C 5D 6D 54 AE 45 8B 78 9B 44 38 45 0D 54 C1 25 
IV_3 (size 13):
	A8 70 86 C8 FB 11 4E 01 AF 11 41 44 53 
aad_data (size 45):
	83 68 45 6E 63 72 79 70 74 30 40 58 20 26 42 2F 
	A6 29 D1 79 E8 80 B8 73 7E 63 22 8D F9 3C 77 E4 
	CF 05 CD 25 EF 9D BF 6D 4C 07 4B 25 ED 
ciphertext_2/3/4 (size 20):
	96 8B 5C 48 2F 8A 19 45 74 64 02 03 C7 BE 13 60 
	88 3F EC 9E 
CIPHERTEXT: (size 20):
	96 8B 5C 48 2F 8A 19 45 74 64 02 03 C7 BE 13 60 
	88 3F EC 9E 
MSG out size:24
TMP size: 20
CBOR ENCODE ERROR: 0
msg3 (size 21):
	54 96 8B 5C 48 2F 8A 19 45 74 64 02 03 C7 BE 13 
	60 88 3F EC 9E 
th23 (size 32):
	26 42 2F A6 29 D1 79 E8 80 B8 73 7E 63 22 8D F9 
	3C 77 E4 CF 05 CD 25 EF 9D BF 6D 4C 07 4B 25 ED 
plaintext_23 (size 12):
	A1 04 00 48 32 55 73 6F AD 97 05 DE 
cred (size 3):
	A1 04 00 
TMP size: 32
CBOR ENCODE ERROR: 0
Encoded
memcopy1
memcopy2
Input to calculate TH_3/TH_4 (CBOR Sequence) (size 49):
	58 20 26 42 2F A6 29 D1 79 E8 80 B8 73 7E 63 22 
	8D F9 3C 77 E4 CF 05 CD 25 EF 9D BF 6D 4C 07 4B 
	25 ED A1 04 00 48 32 55 73 6F AD 97 05 DE A1 04 
	00 
TH34 (size 32):
	76 64 B4 A6 22 B6 2A BA CF CD D4 F1 33 73 F0 3A 
	B5 E8 2A A2 24 04 99 7B 19 FE DD 72 34 FE 45 97 
[init] tx sent 21 bytes
[init] edhoc_initiator_run completed
PRK_out (size 32):
	B1 A5 E3 93 2D 82 CE DC 09 BE 05 50 D6 EA 76 54 
	AE 2B 8A B9 8A 4F DA 37 64 8B C5 0A 37 2F 5B A2 
prk_exporter (size 32):
	70 2E D5 DB 39 0D 5F 4F 89 20 2E 04 98 1A B3 A4 
	94 1D 2F 33 97 E9 7D B1 AD 39 63 3F 96 DB A7 CA 
OSCORE Master Secret (size 16):
	EC 98 9D 0D 98 5F 9A FB A3 58 7C 39 E4 14 1D 39 
OSCORE Master Salt (size 8):
	6C B0 1B 76 D0 79 0D 39 
