NO DEFINED LIBOQS
initiator test vector number 2:initator cipher suit: (size 1):
	02 
initiator sk size:32 
initiator pk size:65 
secret ephemeral DH key (size 32):
	8A F6 F4 30 EB E1 8D 34 18 40 17 A9 A1 1B F5 11 
	C8 DF F8 F8 34 73 0B 96 C1 B7 C8 DB CA 2F C3 B6 
public ephemeral DH key (size 32):
	36 8E C1 F6 9A EB 65 9B A3 7D 5A 8D 45 B2 1B DC 
	02 99 DC EA A8 EF 23 5F 3C A4 2C E3 53 0F 95 25 
IPv4 client to connect to server with address 127.0.0.1 started!
MSG1 gx (size 32):
	8A F6 F4 30 EB E1 8D 34 18 40 17 A9 A1 1B F5 11 
	C8 DF F8 F8 34 73 0B 96 C1 B7 C8 DB CA 2F C3 B6 
X (eph -rpivate I) (size 32):
	36 8E C1 F6 9A EB 65 9B A3 7D 5A 8D 45 B2 1B DC 
	02 99 DC EA A8 EF 23 5F 3C A4 2C E3 53 0F 95 25 
C_I (size 1):
	37 
message_1 (CBOR Sequence) (size 37):
	00 02 58 20 8A F6 F4 30 EB E1 8D 34 18 40 17 A9 
	A1 1B F5 11 C8 DF F8 F8 34 73 0B 96 C1 B7 C8 DB 
	CA 2F C3 B6 37 
MSG: (size 37):
	00 02 58 20 8A F6 F4 30 EB E1 8D 34 18 40 17 A9 
	A1 1B F5 11 C8 DF F8 F8 34 73 0B 96 C1 B7 C8 DB 
	CA 2F C3 B6 37 
Max MSG2 size 2027
Set gy to the dh key size for DH
message_2 (CBOR Sequence) (size 115):
	58 71 8C 93 7D B5 FA EC EC 2F 20 36 DF 04 1E 79 
	12 7C 8E EC 4E F9 9D AB C3 FB 3A B0 A4 48 52 8E 
	4C A1 FD B9 A3 8D A7 17 62 56 80 DC F8 5D 31 11 
	7F 76 DF 16 91 CC 55 E1 A2 D5 2C 0F 29 4A 3A 60 
	65 77 95 DA 8A 27 15 D8 5F 48 04 04 CA C3 F3 9A 
	DF 62 18 41 2C 11 33 28 73 BE A0 7E BB F2 72 D9 
	22 F3 24 ED 0B DE 0F 8C DC D6 F3 C7 A6 1D E2 D1 
	E5 A9 4C 
g_y (size 32):
	8C 93 7D B5 FA EC EC 2F 20 36 DF 04 1E 79 12 7C 
	8E EC 4E F9 9D AB C3 FB 3A B0 A4 48 52 8E 4C A1 
ciphertext2 (size 81):
	FD B9 A3 8D A7 17 62 56 80 DC F8 5D 31 11 7F 76 
	DF 16 91 CC 55 E1 A2 D5 2C 0F 29 4A 3A 60 65 77 
	95 DA 8A 27 15 D8 5F 48 04 04 CA C3 F3 9A DF 62 
	18 41 2C 11 33 28 73 BE A0 7E BB F2 72 D9 22 F3 
	24 ED 0B DE 0F 8C DC D6 F3 C7 A6 1D E2 D1 E5 A9 
	4C 
PQ/T Hybrid array foe g_xy_KEM
x  (size 32):
	36 8E C1 F6 9A EB 65 9B A3 7D 5A 8D 45 B2 1B DC 
	02 99 DC EA A8 EF 23 5F 3C A4 2C E3 53 0F 95 25 
gy  (size 32):
	8C 93 7D B5 FA EC EC 2F 20 36 DF 04 1E 79 12 7C 
	8E EC 4E F9 9D AB C3 FB 3A B0 A4 48 52 8E 4C A1 
SHARED SECRET DERIVE
P256 in DH
pk_decompressed tinycript (size 64):
	8C 93 7D B5 FA EC EC 2F 20 36 DF 04 1E 79 12 7C 
	8E EC 4E F9 9D AB C3 FB 3A B0 A4 48 52 8E 4C A1 
	FE 9D 00 5F ED 10 CD 90 3F 23 43 2A 7D C3 0E 99 
	1E 32 A6 6E D5 14 22 4C 28 B7 F1 1C 71 B1 D3 5A 
G_XY (ECDH shared secret)  (size 32):
	AA 67 6F B4 DB 49 31 14 94 88 5E E2 44 47 D5 32 
	4C 8D 1E B7 BF 47 92 09 C9 F9 52 6D 02 F1 04 E4 
hash_msg1_raw (size 32):
	C7 93 1F CA 62 16 CA BC B5 A9 AB 7B 17 61 AE 46 
	78 94 6B A4 F6 0B 6D E1 63 14 69 18 2A 4E 67 26 
Input to calculate TH_2 (CBOR Sequence) (size 68):
	58 20 8C 93 7D B5 FA EC EC 2F 20 36 DF 04 1E 79 
	12 7C 8E EC 4E F9 9D AB C3 FB 3A B0 A4 48 52 8E 
	4C A1 58 20 C7 93 1F CA 62 16 CA BC B5 A9 AB 7B 
	17 61 AE 46 78 94 6B A4 F6 0B 6D E1 63 14 69 18 
	2A 4E 67 26 
TH2 (size 32):
	B6 EA 7E F7 CF 70 6C F4 31 B2 C3 8B 91 A7 4B 6E 
	A7 CD 22 19 67 2B 65 FF 4A 08 09 4E 31 82 F0 BC 
TH_2 (size 32):
	B6 EA 7E F7 CF 70 6C F4 31 B2 C3 8B 91 A7 4B 6E 
	A7 CD 22 19 67 2B 65 FF 4A 08 09 4E 31 82 F0 BC 
PRK_2e (size 32):
	55 1C 4E 8C A2 D8 69 FC 8B 04 A6 F0 A7 D0 DD 5F 
	76 5B E6 C7 E6 CD 98 ED 7C 04 13 0D 4C 64 08 D7 
KEYSTREAM_2 (size 81):
	DA 18 BB AF 25 39 2A 62 00 29 02 5C 99 BA 8B 2E 
	9F B8 24 8D 15 5C 52 4A 12 3D DD 0C 1E BC 79 80 
	8D 6C 2D 4C 03 78 E1 2E F8 6E A5 59 E3 5B C8 F5 
	E4 A5 B4 66 6C 23 8A B5 99 E7 FA 02 A2 FE F7 93 
	85 B1 44 D9 C8 8D A7 CA 31 E6 2A 06 52 2D 5F 2E 
	61 
associated_data (size 45):
	83 68 45 6E 63 72 79 70 74 30 40 58 20 B6 EA 7E 
	F7 CF 70 6C F4 31 B2 C3 8B 91 A7 4B 6E A7 CD 22 
	19 67 2B 65 FF 4A 08 09 4E 31 82 F0 BC 
plaintext (size 81):
	27 A1 18 22 82 2E 48 34 80 F5 FA 01 A8 AB F4 58 
	40 AE B5 41 40 BD F0 9F 3E 32 F4 46 24 DC 1C F7 
	18 B6 A7 6B 16 A0 BE 66 FC 6A 6F 9A 10 C1 17 97 
	FC E4 98 77 5F 0B F9 0B 39 99 41 F0 D0 27 D5 60 
	A1 5C 4F 07 C7 01 7B 1C C2 21 8C 1B B0 FC BA 87 
	2D 
C_R (raw) (size 1):
	27 
ID_CRED (size 14):
	A1 18 22 82 2E 48 34 80 F5 FA 01 A8 AB F4 
sign_or_mac (size 64):
	AE B5 41 40 BD F0 9F 3E 32 F4 46 24 DC 1C F7 18 
	B6 A7 6B 16 A0 BE 66 FC 6A 6F 9A 10 C1 17 97 FC 
	E4 98 77 5F 0B F9 0B 39 99 41 F0 D0 27 D5 60 A1 
	5C 4F 07 C7 01 7B 1C C2 21 8C 1B B0 FC BA 87 2D 
[cred] lookup ID_CRED len=14
A11822822E483480F5FA01A8ABF4
[cred] cred_array entries: 1
[cred] candidate[0] len=14 A11822822E483480F5FA01A8ABF4
prk_3e2m (size 32):
	55 1C 4E 8C A2 D8 69 FC 8B 04 A6 F0 A7 D0 DD 5F 
	76 5B E6 C7 E6 CD 98 ED 7C 04 13 0D 4C 64 08 D7 
TMP size: 32
CBOR ENCODE ERROR: 0
MAX ID CRED: 400 cred len 14
MAX CRED: 765 cred len 293
PK SIZE: 65
SIGNATURE SIZE: 500
CONTEXT_MAC_SIZE: 1204
CONTEXT_MAC len: 343
CR len: 2
TH enc len: 34
TMP size: 1
CBOR ENCODE ERROR: 0
MAC context (size 343):
	41 27 A1 18 22 82 2E 48 34 80 F5 FA 01 A8 AB F4 
	58 20 B6 EA 7E F7 CF 70 6C F4 31 B2 C3 8B 91 A7 
	4B 6E A7 CD 22 19 67 2B 65 FF 4A 08 09 4E 31 82 
	F0 BC 59 01 22 30 82 01 1E 30 81 C5 A0 03 02 01 
	02 02 04 61 E9 98 1E 30 0A 06 08 2A 86 48 CE 3D 
	04 03 02 30 15 31 13 30 11 06 03 55 04 03 0C 0A 
	45 44 48 4F 43 20 52 6F 6F 74 30 1E 17 0D 32 32 
	30 31 32 30 31 37 31 33 30 32 5A 17 0D 32 39 31 
	32 33 31 32 33 30 30 30 30 5A 30 1A 31 18 30 16 
	06 03 55 04 03 0C 0F 45 44 48 4F 43 20 52 65 73 
	70 6F 6E 64 65 72 30 59 30 13 06 07 2A 86 48 CE 
	3D 02 01 06 08 2A 86 48 CE 3D 03 01 07 03 42 00 
	04 BB C3 49 60 52 6E A4 D3 2E 94 0C AD 2A 23 41 
	48 DD C2 17 91 A1 2A FB CB AC 93 62 20 46 DD 44 
	F0 45 19 E2 57 23 6B 2A 0C E2 02 3F 09 31 F1 F3 
	86 CA 7A FD A6 4F CD E0 10 8C 22 4C 51 EA BF 60 
	72 30 0A 06 08 2A 86 48 CE 3D 04 03 02 03 48 00 
	30 45 02 20 30 19 4E F5 FC 65 C8 B7 95 CD CD 0B 
	B4 31 BF 83 EE 67 41 C1 37 0C 22 C8 EB 8E E9 ED 
	D2 A7 05 19 02 21 00 B5 83 0E 9C 89 A6 2A C7 3C 
	E1 EB CE 00 61 70 7D B8 A8 8E 23 70 9B 4A CC 58 
	A1 31 3B 13 3D 05 58 
is not DH, 32
MAC 2/3 (size 32):
	74 33 11 61 53 E1 74 13 F6 8B 1A D3 ED C0 0C 05 
	11 6A B8 22 57 86 7B 5B DB 21 23 F7 5C C4 F9 41 
TMP size: 32
CBOR ENCODE ERROR: 0
Signature or MAC verification successful!
th23 (size 32):
	B6 EA 7E F7 CF 70 6C F4 31 B2 C3 8B 91 A7 4B 6E 
	A7 CD 22 19 67 2B 65 FF 4A 08 09 4E 31 82 F0 BC 
plaintext_23 (size 81):
	27 A1 18 22 82 2E 48 34 80 F5 FA 01 A8 AB F4 58 
	40 AE B5 41 40 BD F0 9F 3E 32 F4 46 24 DC 1C F7 
	18 B6 A7 6B 16 A0 BE 66 FC 6A 6F 9A 10 C1 17 97 
	FC E4 98 77 5F 0B F9 0B 39 99 41 F0 D0 27 D5 60 
	A1 5C 4F 07 C7 01 7B 1C C2 21 8C 1B B0 FC BA 87 
	2D 
cred (size 293):
	59 01 22 30 82 01 1E 30 81 C5 A0 03 02 01 02 02 
	04 61 E9 98 1E 30 0A 06 08 2A 86 48 CE 3D 04 03 
	02 30 15 31 13 30 11 06 03 55 04 03 0C 0A 45 44 
	48 4F 43 20 52 6F 6F 74 30 1E 17 0D 32 32 30 31 
	32 30 31 37 31 33 30 32 5A 17 0D 32 39 31 32 33 
	31 32 33 30 30 30 30 5A 30 1A 31 18 30 16 06 03 
	55 04 03 0C 0F 45 44 48 4F 43 20 52 65 73 70 6F 
	6E 64 65 72 30 59 30 13 06 07 2A 86 48 CE 3D 02 
	01 06 08 2A 86 48 CE 3D 03 01 07 03 42 00 04 BB 
	C3 49 60 52 6E A4 D3 2E 94 0C AD 2A 23 41 48 DD 
	C2 17 91 A1 2A FB CB AC 93 62 20 46 DD 44 F0 45 
	19 E2 57 23 6B 2A 0C E2 02 3F 09 31 F1 F3 86 CA 
	7A FD A6 4F CD E0 10 8C 22 4C 51 EA BF 60 72 30 
	0A 06 08 2A 86 48 CE 3D 04 03 02 03 48 00 30 45 
	02 20 30 19 4E F5 FC 65 C8 B7 95 CD CD 0B B4 31 
	BF 83 EE 67 41 C1 37 0C 22 C8 EB 8E E9 ED D2 A7 
	05 19 02 21 00 B5 83 0E 9C 89 A6 2A C7 3C E1 EB 
	CE 00 61 70 7D B8 A8 8E 23 70 9B 4A CC 58 A1 31 
	3B 13 3D 05 58 
TMP size: 32
CBOR ENCODE ERROR: 0
Encoded
memcopy1
memcopy2
Input to calculate TH_3/TH_4 (CBOR Sequence) (size 408):
	58 20 B6 EA 7E F7 CF 70 6C F4 31 B2 C3 8B 91 A7 
	4B 6E A7 CD 22 19 67 2B 65 FF 4A 08 09 4E 31 82 
	F0 BC 27 A1 18 22 82 2E 48 34 80 F5 FA 01 A8 AB 
	F4 58 40 AE B5 41 40 BD F0 9F 3E 32 F4 46 24 DC 
	1C F7 18 B6 A7 6B 16 A0 BE 66 FC 6A 6F 9A 10 C1 
	17 97 FC E4 98 77 5F 0B F9 0B 39 99 41 F0 D0 27 
	D5 60 A1 5C 4F 07 C7 01 7B 1C C2 21 8C 1B B0 FC 
	BA 87 2D 59 01 22 30 82 01 1E 30 81 C5 A0 03 02 
	01 02 02 04 61 E9 98 1E 30 0A 06 08 2A 86 48 CE 
	3D 04 03 02 30 15 31 13 30 11 06 03 55 04 03 0C 
	0A 45 44 48 4F 43 20 52 6F 6F 74 30 1E 17 0D 32 
	32 30 31 32 30 31 37 31 33 30 32 5A 17 0D 32 39 
	31 32 33 31 32 33 30 30 30 30 5A 30 1A 31 18 30 
	16 06 03 55 04 03 0C 0F 45 44 48 4F 43 20 52 65 
	73 70 6F 6E 64 65 72 30 59 30 13 06 07 2A 86 48 
	CE 3D 02 01 06 08 2A 86 48 CE 3D 03 01 07 03 42 
	00 04 BB C3 49 60 52 6E A4 D3 2E 94 0C AD 2A 23 
	41 48 DD C2 17 91 A1 2A FB CB AC 93 62 20 46 DD 
	44 F0 45 19 E2 57 23 6B 2A 0C E2 02 3F 09 31 F1 
	F3 86 CA 7A FD A6 4F CD E0 10 8C 22 4C 51 EA BF 
	60 72 30 0A 06 08 2A 86 48 CE 3D 04 03 02 03 48 
	00 30 45 02 20 30 19 4E F5 FC 65 C8 B7 95 CD CD 
	0B B4 31 BF 83 EE 67 41 C1 37 0C 22 C8 EB 8E E9 
	ED D2 A7 05 19 02 21 00 B5 83 0E 9C 89 A6 2A C7 
	3C E1 EB CE 00 61 70 7D B8 A8 8E 23 70 9B 4A CC 
	58 A1 31 3B 13 3D 05 58 
TH34 (size 32):
	A0 48 0F 68 04 9C DD 2E 20 97 6D D3 C4 FA C8 85 
	BE B0 B0 8C E2 EB CB 61 77 D9 CA 5B C8 A3 A1 BD 
prk_4e3m (size 32):
	55 1C 4E 8C A2 D8 69 FC 8B 04 A6 F0 A7 D0 DD 5F 
	76 5B E6 C7 E6 CD 98 ED 7C 04 13 0D 4C 64 08 D7 
TMP size: 32
CBOR ENCODE ERROR: 0
MAX ID CRED: 400 cred len 14
MAX CRED: 765 cred len 293
PK SIZE: 65
SIGNATURE SIZE: 500
CONTEXT_MAC_SIZE: 1204
CONTEXT_MAC len: 342
CR len: 1
TH enc len: 34
MAC context (size 341):
	A1 18 22 82 2E 48 EE C7 3F CB B0 16 26 76 58 20 
	A0 48 0F 68 04 9C DD 2E 20 97 6D D3 C4 FA C8 85 
	BE B0 B0 8C E2 EB CB 61 77 D9 CA 5B C8 A3 A1 BD 
	59 01 22 30 82 01 1E 30 81 C5 A0 03 02 01 02 02 
	04 62 32 EF 6F 30 0A 06 08 2A 86 48 CE 3D 04 03 
	02 30 15 31 13 30 11 06 03 55 04 03 0C 0A 45 44 
	48 4F 43 20 52 6F 6F 74 30 1E 17 0D 32 32 30 33 
	31 37 30 38 32 31 30 33 5A 17 0D 32 39 31 32 33 
	31 32 33 30 30 30 30 5A 30 1A 31 18 30 16 06 03 
	55 04 03 0C 0F 45 44 48 4F 43 20 49 6E 69 74 69 
	61 74 6F 72 30 59 30 13 06 07 2A 86 48 CE 3D 02 
	01 06 08 2A 86 48 CE 3D 03 01 07 03 42 00 04 AC 
	75 E9 EC E3 E5 0B FC 8E D6 03 99 88 95 22 40 5C 
	47 BF 16 DF 96 66 0A 41 29 8C B4 30 7F 7E B6 6E 
	5D E6 11 38 8A 4B 8A 82 11 33 4A C7 D3 7E CB 52 
	A3 87 D2 57 E6 DB 3C 2A 93 DF 21 FF 3A FF C8 30 
	0A 06 08 2A 86 48 CE 3D 04 03 02 03 48 00 30 45 
	02 21 00 8C 32 3A 1F 33 21 38 AA B9 D0 BE AF B8 
	5F 8D 5A 44 07 3C 58 0F 59 5B C5 21 EF 91 3F 6E 
	F4 8D 11 02 20 6C 0A F1 A1 85 A4 E4 DE 06 35 36 
	99 23 1C 73 3A 6E 8D D2 DF 65 13 96 6C 91 30 15 
	2A 07 A2 BE DE 
is not DH, 32
MAC 2/3 (size 32):
	DB 7E 24 E5 C0 8A F2 00 47 BA 0A 40 36 06 08 80 
	92 C7 2E B1 95 95 84 47 B9 D0 EC 54 D8 A3 45 A0 
TMP size: 32
CBOR ENCODE ERROR: 0
Signature or mac size: 64Inside the sign
signature_or_mac (is signature) (size 64):
	56 B3 AC 1A CF 4D 2B 65 B8 8D 2C AD D5 E1 99 E8 
	D0 14 9D 8E E7 85 27 C8 7F 59 A8 FD 64 61 C5 FE 
	40 32 C9 56 4D F9 48 F5 39 90 5A 51 CB A4 27 64 
	32 70 2A BA 41 CB 98 17 DF C2 8F 3C 9C D1 D7 EC 
TMP size: 64
CBOR ENCODE ERROR: 0
kid (size 0):
K_3 (size 16):
	13 ED 0F FC 6A 55 DE 2B EE BA E1 F3 BD 33 9D 24 
IV_3 (size 13):
	BD 8F 34 DE 35 65 08 E0 81 C1 FA E5 FF 
aad_data (size 45):
	83 68 45 6E 63 72 79 70 74 30 40 58 20 A0 48 0F 
	68 04 9C DD 2E 20 97 6D D3 C4 FA C8 85 BE B0 B0 
	8C E2 EB CB 61 77 D9 CA 5B C8 A3 A1 BD 
ciphertext_2/3/4 (size 88):
	6B 70 21 E2 B1 F3 CE D4 11 EF 5E 7C 7A 51 59 23 
	FC 00 BB 48 0A A9 1B FF BA 0F 6B 2E 3E 62 B2 7D 
	52 81 E1 15 2B F2 48 FF 5D 2A 02 26 0F E1 55 AB 
	39 D6 61 C8 7C B3 7D 69 56 EC 3E EE B2 0B 83 F8 
	12 D2 94 31 85 9A BD 62 DF 4F CB C0 09 78 08 97 
	A1 AB C7 7E 47 79 40 DA 
CIPHERTEXT: (size 88):
	6B 70 21 E2 B1 F3 CE D4 11 EF 5E 7C 7A 51 59 23 
	FC 00 BB 48 0A A9 1B FF BA 0F 6B 2E 3E 62 B2 7D 
	52 81 E1 15 2B F2 48 FF 5D 2A 02 26 0F E1 55 AB 
	39 D6 61 C8 7C B3 7D 69 56 EC 3E EE B2 0B 83 F8 
	12 D2 94 31 85 9A BD 62 DF 4F CB C0 09 78 08 97 
	A1 AB C7 7E 47 79 40 DA 
MSG out size:92
TMP size: 88
CBOR ENCODE ERROR: 0
msg3 (size 90):
	58 58 6B 70 21 E2 B1 F3 CE D4 11 EF 5E 7C 7A 51 
	59 23 FC 00 BB 48 0A A9 1B FF BA 0F 6B 2E 3E 62 
	B2 7D 52 81 E1 15 2B F2 48 FF 5D 2A 02 26 0F E1 
	55 AB 39 D6 61 C8 7C B3 7D 69 56 EC 3E EE B2 0B 
	83 F8 12 D2 94 31 85 9A BD 62 DF 4F CB C0 09 78 
	08 97 A1 AB C7 7E 47 79 40 DA 
th23 (size 32):
	A0 48 0F 68 04 9C DD 2E 20 97 6D D3 C4 FA C8 85 
	BE B0 B0 8C E2 EB CB 61 77 D9 CA 5B C8 A3 A1 BD 
plaintext_23 (size 80):
	A1 18 22 82 2E 48 EE C7 3F CB B0 16 26 76 58 40 
	56 B3 AC 1A CF 4D 2B 65 B8 8D 2C AD D5 E1 99 E8 
	D0 14 9D 8E E7 85 27 C8 7F 59 A8 FD 64 61 C5 FE 
	40 32 C9 56 4D F9 48 F5 39 90 5A 51 CB A4 27 64 
	32 70 2A BA 41 CB 98 17 DF C2 8F 3C 9C D1 D7 EC 
cred (size 293):
	59 01 22 30 82 01 1E 30 81 C5 A0 03 02 01 02 02 
	04 62 32 EF 6F 30 0A 06 08 2A 86 48 CE 3D 04 03 
	02 30 15 31 13 30 11 06 03 55 04 03 0C 0A 45 44 
	48 4F 43 20 52 6F 6F 74 30 1E 17 0D 32 32 30 33 
	31 37 30 38 32 31 30 33 5A 17 0D 32 39 31 32 33 
	31 32 33 30 30 30 30 5A 30 1A 31 18 30 16 06 03 
	55 04 03 0C 0F 45 44 48 4F 43 20 49 6E 69 74 69 
	61 74 6F 72 30 59 30 13 06 07 2A 86 48 CE 3D 02 
	01 06 08 2A 86 48 CE 3D 03 01 07 03 42 00 04 AC 
	75 E9 EC E3 E5 0B FC 8E D6 03 99 88 95 22 40 5C 
	47 BF 16 DF 96 66 0A 41 29 8C B4 30 7F 7E B6 6E 
	5D E6 11 38 8A 4B 8A 82 11 33 4A C7 D3 7E CB 52 
	A3 87 D2 57 E6 DB 3C 2A 93 DF 21 FF 3A FF C8 30 
	0A 06 08 2A 86 48 CE 3D 04 03 02 03 48 00 30 45 
	02 21 00 8C 32 3A 1F 33 21 38 AA B9 D0 BE AF B8 
	5F 8D 5A 44 07 3C 58 0F 59 5B C5 21 EF 91 3F 6E 
	F4 8D 11 02 20 6C 0A F1 A1 85 A4 E4 DE 06 35 36 
	99 23 1C 73 3A 6E 8D D2 DF 65 13 96 6C 91 30 15 
	2A 07 A2 BE DE 
TMP size: 32
CBOR ENCODE ERROR: 0
Encoded
memcopy1
memcopy2
Input to calculate TH_3/TH_4 (CBOR Sequence) (size 407):
	58 20 A0 48 0F 68 04 9C DD 2E 20 97 6D D3 C4 FA 
	C8 85 BE B0 B0 8C E2 EB CB 61 77 D9 CA 5B C8 A3 
	A1 BD A1 18 22 82 2E 48 EE C7 3F CB B0 16 26 76 
	58 40 56 B3 AC 1A CF 4D 2B 65 B8 8D 2C AD D5 E1 
	99 E8 D0 14 9D 8E E7 85 27 C8 7F 59 A8 FD 64 61 
	C5 FE 40 32 C9 56 4D F9 48 F5 39 90 5A 51 CB A4 
	27 64 32 70 2A BA 41 CB 98 17 DF C2 8F 3C 9C D1 
	D7 EC 59 01 22 30 82 01 1E 30 81 C5 A0 03 02 01 
	02 02 04 62 32 EF 6F 30 0A 06 08 2A 86 48 CE 3D 
	04 03 02 30 15 31 13 30 11 06 03 55 04 03 0C 0A 
	45 44 48 4F 43 20 52 6F 6F 74 30 1E 17 0D 32 32 
	30 33 31 37 30 38 32 31 30 33 5A 17 0D 32 39 31 
	32 33 31 32 33 30 30 30 30 5A 30 1A 31 18 30 16 
	06 03 55 04 03 0C 0F 45 44 48 4F 43 20 49 6E 69 
	74 69 61 74 6F 72 30 59 30 13 06 07 2A 86 48 CE 
	3D 02 01 06 08 2A 86 48 CE 3D 03 01 07 03 42 00 
	04 AC 75 E9 EC E3 E5 0B FC 8E D6 03 99 88 95 22 
	40 5C 47 BF 16 DF 96 66 0A 41 29 8C B4 30 7F 7E 
	B6 6E 5D E6 11 38 8A 4B 8A 82 11 33 4A C7 D3 7E 
	CB 52 A3 87 D2 57 E6 DB 3C 2A 93 DF 21 FF 3A FF 
	C8 30 0A 06 08 2A 86 48 CE 3D 04 03 02 03 48 00 
	30 45 02 21 00 8C 32 3A 1F 33 21 38 AA B9 D0 BE 
	AF B8 5F 8D 5A 44 07 3C 58 0F 59 5B C5 21 EF 91 
	3F 6E F4 8D 11 02 20 6C 0A F1 A1 85 A4 E4 DE 06 
	35 36 99 23 1C 73 3A 6E 8D D2 DF 65 13 96 6C 91 
	30 15 2A 07 A2 BE DE 
TH34 (size 32):
	77 84 7D DA 49 3D A3 52 E5 13 B1 5F CA 03 09 32 
	69 2B FE 5E 96 70 47 B5 77 16 34 CE 4B 01 E0 30 
PRK_out (size 32):
	95 A0 B0 F7 58 93 43 53 22 AA 37 2A F8 C0 F6 15 
	44 BE 9F AB D0 E0 72 A7 9B 07 54 4A AD 0C 35 3B 
prk_exporter (size 32):
	0E CD AC 14 0D 59 F0 19 3B 60 3D 5B CD A9 EB 8D 
	FB BA 59 25 50 88 24 EF 28 CD E3 33 A5 57 C3 B0 
OSCORE Master Secret (size 16):
	70 79 50 23 C8 F2 CA F0 66 E1 93 73 CE E7 90 08 
OSCORE Master Salt (size 8):
	5E F3 0E 98 92 CE 48 A1 
