[resp] get_suite
[resp] suite ready
IPv4 server with address 0.0.0.0 started!
[resp] socket ready
[resp] static DH keygen
[resp] static initiator pk
[resp] ephemeral DH keygen
[resp] starting edhoc_responder_run
[resp] rx got 1223 bytes
message_1 (CBOR Sequence) (size 1223):
	03 15 59 04 C0 FB B4 6F DD 17 E8 B7 0E C5 98 DE 
	CB B6 C8 4A 15 29 B0 DF CF 9E DE D9 C5 F8 D3 BF 
	64 F5 52 D2 10 4C 2B 0D 98 92 19 90 F8 26 EC 29 
	BD CB 8B 15 E9 5C 10 F0 86 89 A2 4C 92 5A B0 6E 
	75 D7 00 65 E1 3B E1 01 33 D1 1B 24 A6 10 44 B2 
	3C 45 CB 57 07 96 E7 94 A3 43 41 DA 62 76 85 85 
	30 B3 35 29 04 93 78 45 6B 44 C4 F9 18 CE 69 8D 
	38 44 09 75 17 B9 E0 89 44 DA 6B 4F DA A9 37 48 
	2B 78 BC 9C 08 C0 39 89 C6 9A 0E DF 49 B4 84 AC 
	B8 68 69 19 85 85 38 D8 FB 55 B2 2B 61 91 5A B0 
	5E 3A 6A 20 39 11 C5 74 21 02 A1 42 3C 73 16 2E 
	82 9C F4 D0 0F 80 59 69 84 A9 6F 97 C7 2F 3E 3C 
	90 EF 37 C2 14 C0 07 0D 5C 97 1D 7A 2F 43 C5 86 
	88 60 C2 6C CB C2 F0 62 A1 2B F6 84 72 26 65 8D 
	C6 A1 B5 31 9C 17 72 8A C8 25 0F 6E 00 AB 90 35 
	46 F3 64 52 FD E3 1F CD 78 13 26 51 46 74 BA 7A 
	ED DC 39 28 9A A7 FF E9 9E 88 5A 0D 78 75 82 D3 
	4C 15 8E 1A AF 6D 54 7B 27 93 49 36 AA 61 01 EC 
	1D D1 E5 9E 91 B2 18 B8 B9 15 9F 38 B6 5F A9 54 
	B2 63 5A 31 E5 9C DB 67 3C FE 21 1E 12 31 66 4C 
	99 93 BD 7B 11 97 E9 94 30 F1 47 C0 C3 A4 A3 40 
	6D 94 01 23 5C 5B 47 5A 59 96 DE F8 45 78 14 78 
	73 36 76 21 A7 3F A5 1B B4 96 CA 46 4A F4 4E CA 
	4C A6 39 9C 3A C8 F9 57 2C 90 BC AA 44 69 13 37 
	5F 04 91 31 5C 73 C7 36 A9 44 26 52 58 A9 20 1B 
	36 73 CD C5 35 CB DC 99 69 8E 02 9A A6 FA 6D 01 
	59 74 DC 7B 19 CF D6 95 D9 AA 27 5C 99 97 C9 D6 
	C8 2E 74 10 A0 0A 6D F5 24 43 40 AA 45 7B 15 0E 
	A9 66 1E 12 34 67 80 21 3E B0 35 B4 04 B6 28 AF 
	40 85 AD A4 AF 6A C0 73 8D B5 B7 C6 C9 0A A4 26 
	97 A9 75 85 DD 31 C0 56 A4 C9 16 E5 AF D0 00 37 
	A4 48 A9 7B 72 07 C8 13 A6 34 43 9B C6 E6 77 D0 
	B0 3B B2 A8 32 8D FA A4 05 B3 A8 10 B9 72 70 75 
	43 C0 18 69 5C B2 80 39 0C C4 FE C5 2C 24 22 1A 
	4F C9 8B 54 A8 40 BE 28 63 B9 58 AB 70 D8 6D A3 
	00 7E 67 01 9A AB 9A 9C 86 A1 0A D5 F5 A9 FC A7 
	25 63 6A 95 98 26 23 C7 78 57 35 9C C0 B8 44 A9 
	8F 30 17 47 4B 37 FC 65 13 7E 05 C3 F1 D6 43 AE 
	D7 4D 6E 3B 77 C0 D4 15 74 85 85 A1 D3 63 04 48 
	92 26 41 A5 CB 42 9B F1 95 BB AF FB 91 A4 14 72 
	6E 41 22 91 EB B7 0F 04 CF C4 F2 32 00 04 BC F8 
	92 96 73 BC 7D 90 D1 04 98 45 9F 4E 74 B9 EB 78 
	25 B4 C6 C4 36 51 04 3A 46 0F 6D 95 99 C8 45 22 
	3A B6 58 8B D3 21 AE 67 C2 61 11 A5 5D 0B A3 60 
	67 0D B3 0A 70 1B 0A 65 6A 50 74 61 A4 7E 5A 8C 
	CD B3 4A 28 AF BA 2B 00 66 AB 8F 39 C9 64 BA 49 
	7A 14 04 C6 60 AD 64 C7 A2 BD 6B 77 39 13 59 22 
	73 6C C2 FC 72 16 59 C9 2E DA 5C CA A8 34 68 77 
	1C 5F B2 60 E0 FA 27 6D 95 43 9A 21 14 15 EC 53 
	9E FC 0F AE 85 68 20 EA 1F AB D5 58 C2 DB 7B D2 
	18 CB DF 92 12 EC 73 C3 90 F5 B3 BC 97 C8 01 16 
	5C 93 EC CB 48 F8 53 63 CB B6 77 13 57 E5 3B CA 
	52 69 3F 21 A5 3A 35 62 19 D1 31 AC 0D 96 7B 33 
	01 3C 17 42 4D 11 49 78 81 74 83 FA 21 2E 27 AA 
	2A C5 60 02 C9 A7 C9 C8 51 8E A4 B1 24 2D E8 AF 
	F0 95 5E 40 F1 60 83 0A BE 11 72 8E D5 35 10 C8 
	E5 12 2E 59 73 40 C5 41 2F BC 54 95 49 61 BB B0 
	31 F0 89 38 3D 74 52 57 F6 27 14 D2 4F 6F 7A 00 
	DD 68 5D A0 F0 78 73 F8 1D DD 54 56 35 96 20 39 
	21 12 4F 37 6E 41 F4 1C 68 E7 64 E9 B2 17 85 32 
	04 A8 A9 69 36 11 8C CD E5 B6 CE F5 C7 A2 41 69 
	C4 C3 52 7B 43 4C 60 90 2B 72 10 1A E6 EC 11 D3 
	85 6A C9 AC B3 29 90 9F 5F C4 BB 09 CC 30 7D C5 
	43 F8 94 7D 57 7A BA 98 AB 0E 20 43 14 2A 90 60 
	63 40 B7 E4 37 0E DF D3 9D 73 C3 63 1E 89 17 77 
	39 7D D6 E2 72 7B 9B 56 DE CC A2 5F CB 0E 3D B5 
	65 88 B3 9A B6 68 3A 1C A6 10 D1 29 A4 1A B1 9A 
	8C B9 CE C7 A5 0B BF F6 B3 74 F9 89 AB EC 31 54 
	FB 6A 67 2C C1 02 01 56 69 1A A3 89 F8 45 EB 9C 
	BD 84 E2 7C 17 41 B4 A5 D0 A6 04 F6 26 FE 09 8A 
	F2 1B CD D4 3B 63 59 88 85 25 8B 4D 42 49 27 48 
	62 07 37 06 48 A5 82 50 8F D2 54 1E C0 16 B8 70 
	BF 86 21 61 0A E5 A9 AF 49 CA 5D 4A BC 8A 5C B8 
	19 04 BA BA AA B5 50 A4 9E CA 90 94 C4 DA 42 27 
	35 B6 7F FA B4 F8 47 D1 2F 9B 57 DE 64 8D D3 61 
	99 64 72 9F A9 39 3E 81 C6 EB FB 1A AF C1 E2 45 
	05 3E 4C 55 09 41 49 
msg1  (size 1223):
	03 15 59 04 C0 FB B4 6F DD 17 E8 B7 0E C5 98 DE 
	CB B6 C8 4A 15 29 B0 DF CF 9E DE D9 C5 F8 D3 BF 
	64 F5 52 D2 10 4C 2B 0D 98 92 19 90 F8 26 EC 29 
	BD CB 8B 15 E9 5C 10 F0 86 89 A2 4C 92 5A B0 6E 
	75 D7 00 65 E1 3B E1 01 33 D1 1B 24 A6 10 44 B2 
	3C 45 CB 57 07 96 E7 94 A3 43 41 DA 62 76 85 85 
	30 B3 35 29 04 93 78 45 6B 44 C4 F9 18 CE 69 8D 
	38 44 09 75 17 B9 E0 89 44 DA 6B 4F DA A9 37 48 
	2B 78 BC 9C 08 C0 39 89 C6 9A 0E DF 49 B4 84 AC 
	B8 68 69 19 85 85 38 D8 FB 55 B2 2B 61 91 5A B0 
	5E 3A 6A 20 39 11 C5 74 21 02 A1 42 3C 73 16 2E 
	82 9C F4 D0 0F 80 59 69 84 A9 6F 97 C7 2F 3E 3C 
	90 EF 37 C2 14 C0 07 0D 5C 97 1D 7A 2F 43 C5 86 
	88 60 C2 6C CB C2 F0 62 A1 2B F6 84 72 26 65 8D 
	C6 A1 B5 31 9C 17 72 8A C8 25 0F 6E 00 AB 90 35 
	46 F3 64 52 FD E3 1F CD 78 13 26 51 46 74 BA 7A 
	ED DC 39 28 9A A7 FF E9 9E 88 5A 0D 78 75 82 D3 
	4C 15 8E 1A AF 6D 54 7B 27 93 49 36 AA 61 01 EC 
	1D D1 E5 9E 91 B2 18 B8 B9 15 9F 38 B6 5F A9 54 
	B2 63 5A 31 E5 9C DB 67 3C FE 21 1E 12 31 66 4C 
	99 93 BD 7B 11 97 E9 94 30 F1 47 C0 C3 A4 A3 40 
	6D 94 01 23 5C 5B 47 5A 59 96 DE F8 45 78 14 78 
	73 36 76 21 A7 3F A5 1B B4 96 CA 46 4A F4 4E CA 
	4C A6 39 9C 3A C8 F9 57 2C 90 BC AA 44 69 13 37 
	5F 04 91 31 5C 73 C7 36 A9 44 26 52 58 A9 20 1B 
	36 73 CD C5 35 CB DC 99 69 8E 02 9A A6 FA 6D 01 
	59 74 DC 7B 19 CF D6 95 D9 AA 27 5C 99 97 C9 D6 
	C8 2E 74 10 A0 0A 6D F5 24 43 40 AA 45 7B 15 0E 
	A9 66 1E 12 34 67 80 21 3E B0 35 B4 04 B6 28 AF 
	40 85 AD A4 AF 6A C0 73 8D B5 B7 C6 C9 0A A4 26 
	97 A9 75 85 DD 31 C0 56 A4 C9 16 E5 AF D0 00 37 
	A4 48 A9 7B 72 07 C8 13 A6 34 43 9B C6 E6 77 D0 
	B0 3B B2 A8 32 8D FA A4 05 B3 A8 10 B9 72 70 75 
	43 C0 18 69 5C B2 80 39 0C C4 FE C5 2C 24 22 1A 
	4F C9 8B 54 A8 40 BE 28 63 B9 58 AB 70 D8 6D A3 
	00 7E 67 01 9A AB 9A 9C 86 A1 0A D5 F5 A9 FC A7 
	25 63 6A 95 98 26 23 C7 78 57 35 9C C0 B8 44 A9 
	8F 30 17 47 4B 37 FC 65 13 7E 05 C3 F1 D6 43 AE 
	D7 4D 6E 3B 77 C0 D4 15 74 85 85 A1 D3 63 04 48 
	92 26 41 A5 CB 42 9B F1 95 BB AF FB 91 A4 14 72 
	6E 41 22 91 EB B7 0F 04 CF C4 F2 32 00 04 BC F8 
	92 96 73 BC 7D 90 D1 04 98 45 9F 4E 74 B9 EB 78 
	25 B4 C6 C4 36 51 04 3A 46 0F 6D 95 99 C8 45 22 
	3A B6 58 8B D3 21 AE 67 C2 61 11 A5 5D 0B A3 60 
	67 0D B3 0A 70 1B 0A 65 6A 50 74 61 A4 7E 5A 8C 
	CD B3 4A 28 AF BA 2B 00 66 AB 8F 39 C9 64 BA 49 
	7A 14 04 C6 60 AD 64 C7 A2 BD 6B 77 39 13 59 22 
	73 6C C2 FC 72 16 59 C9 2E DA 5C CA A8 34 68 77 
	1C 5F B2 60 E0 FA 27 6D 95 43 9A 21 14 15 EC 53 
	9E FC 0F AE 85 68 20 EA 1F AB D5 58 C2 DB 7B D2 
	18 CB DF 92 12 EC 73 C3 90 F5 B3 BC 97 C8 01 16 
	5C 93 EC CB 48 F8 53 63 CB B6 77 13 57 E5 3B CA 
	52 69 3F 21 A5 3A 35 62 19 D1 31 AC 0D 96 7B 33 
	01 3C 17 42 4D 11 49 78 81 74 83 FA 21 2E 27 AA 
	2A C5 60 02 C9 A7 C9 C8 51 8E A4 B1 24 2D E8 AF 
	F0 95 5E 40 F1 60 83 0A BE 11 72 8E D5 35 10 C8 
	E5 12 2E 59 73 40 C5 41 2F BC 54 95 49 61 BB B0 
	31 F0 89 38 3D 74 52 57 F6 27 14 D2 4F 6F 7A 00 
	DD 68 5D A0 F0 78 73 F8 1D DD 54 56 35 96 20 39 
	21 12 4F 37 6E 41 F4 1C 68 E7 64 E9 B2 17 85 32 
	04 A8 A9 69 36 11 8C CD E5 B6 CE F5 C7 A2 41 69 
	C4 C3 52 7B 43 4C 60 90 2B 72 10 1A E6 EC 11 D3 
	85 6A C9 AC B3 29 90 9F 5F C4 BB 09 CC 30 7D C5 
	43 F8 94 7D 57 7A BA 98 AB 0E 20 43 14 2A 90 60 
	63 40 B7 E4 37 0E DF D3 9D 73 C3 63 1E 89 17 77 
	39 7D D6 E2 72 7B 9B 56 DE CC A2 5F CB 0E 3D B5 
	65 88 B3 9A B6 68 3A 1C A6 10 D1 29 A4 1A B1 9A 
	8C B9 CE C7 A5 0B BF F6 B3 74 F9 89 AB EC 31 54 
	FB 6A 67 2C C1 02 01 56 69 1A A3 89 F8 45 EB 9C 
	BD 84 E2 7C 17 41 B4 A5 D0 A6 04 F6 26 FE 09 8A 
	F2 1B CD D4 3B 63 59 88 85 25 8B 4D 42 49 27 48 
	62 07 37 06 48 A5 82 50 8F D2 54 1E C0 16 B8 70 
	BF 86 21 61 0A E5 A9 AF 49 CA 5D 4A BC 8A 5C B8 
	19 04 BA BA AA B5 50 A4 9E CA 90 94 C4 DA 42 27 
	35 B6 7F FA B4 F8 47 D1 2F 9B 57 DE 64 8D D3 61 
	99 64 72 9F A9 39 3E 81 C6 EB FB 1A AF C1 E2 45 
	05 3E 4C 55 09 41 49 
msg1 METHOD: 3
msg1 SUITES_I (size 1):
	15 
g_x len 1216
g_x len message 1 1216
msg1 G_X (size 1216):
	FB B4 6F DD 17 E8 B7 0E C5 98 DE CB B6 C8 4A 15 
	29 B0 DF CF 9E DE D9 C5 F8 D3 BF 64 F5 52 D2 10 
	4C 2B 0D 98 92 19 90 F8 26 EC 29 BD CB 8B 15 E9 
	5C 10 F0 86 89 A2 4C 92 5A B0 6E 75 D7 00 65 E1 
	3B E1 01 33 D1 1B 24 A6 10 44 B2 3C 45 CB 57 07 
	96 E7 94 A3 43 41 DA 62 76 85 85 30 B3 35 29 04 
	93 78 45 6B 44 C4 F9 18 CE 69 8D 38 44 09 75 17 
	B9 E0 89 44 DA 6B 4F DA A9 37 48 2B 78 BC 9C 08 
	C0 39 89 C6 9A 0E DF 49 B4 84 AC B8 68 69 19 85 
	85 38 D8 FB 55 B2 2B 61 91 5A B0 5E 3A 6A 20 39 
	11 C5 74 21 02 A1 42 3C 73 16 2E 82 9C F4 D0 0F 
	80 59 69 84 A9 6F 97 C7 2F 3E 3C 90 EF 37 C2 14 
	C0 07 0D 5C 97 1D 7A 2F 43 C5 86 88 60 C2 6C CB 
	C2 F0 62 A1 2B F6 84 72 26 65 8D C6 A1 B5 31 9C 
	17 72 8A C8 25 0F 6E 00 AB 90 35 46 F3 64 52 FD 
	E3 1F CD 78 13 26 51 46 74 BA 7A ED DC 39 28 9A 
	A7 FF E9 9E 88 5A 0D 78 75 82 D3 4C 15 8E 1A AF 
	6D 54 7B 27 93 49 36 AA 61 01 EC 1D D1 E5 9E 91 
	B2 18 B8 B9 15 9F 38 B6 5F A9 54 B2 63 5A 31 E5 
	9C DB 67 3C FE 21 1E 12 31 66 4C 99 93 BD 7B 11 
	97 E9 94 30 F1 47 C0 C3 A4 A3 40 6D 94 01 23 5C 
	5B 47 5A 59 96 DE F8 45 78 14 78 73 36 76 21 A7 
	3F A5 1B B4 96 CA 46 4A F4 4E CA 4C A6 39 9C 3A 
	C8 F9 57 2C 90 BC AA 44 69 13 37 5F 04 91 31 5C 
	73 C7 36 A9 44 26 52 58 A9 20 1B 36 73 CD C5 35 
	CB DC 99 69 8E 02 9A A6 FA 6D 01 59 74 DC 7B 19 
	CF D6 95 D9 AA 27 5C 99 97 C9 D6 C8 2E 74 10 A0 
	0A 6D F5 24 43 40 AA 45 7B 15 0E A9 66 1E 12 34 
	67 80 21 3E B0 35 B4 04 B6 28 AF 40 85 AD A4 AF 
	6A C0 73 8D B5 B7 C6 C9 0A A4 26 97 A9 75 85 DD 
	31 C0 56 A4 C9 16 E5 AF D0 00 37 A4 48 A9 7B 72 
	07 C8 13 A6 34 43 9B C6 E6 77 D0 B0 3B B2 A8 32 
	8D FA A4 05 B3 A8 10 B9 72 70 75 43 C0 18 69 5C 
	B2 80 39 0C C4 FE C5 2C 24 22 1A 4F C9 8B 54 A8 
	40 BE 28 63 B9 58 AB 70 D8 6D A3 00 7E 67 01 9A 
	AB 9A 9C 86 A1 0A D5 F5 A9 FC A7 25 63 6A 95 98 
	26 23 C7 78 57 35 9C C0 B8 44 A9 8F 30 17 47 4B 
	37 FC 65 13 7E 05 C3 F1 D6 43 AE D7 4D 6E 3B 77 
	C0 D4 15 74 85 85 A1 D3 63 04 48 92 26 41 A5 CB 
	42 9B F1 95 BB AF FB 91 A4 14 72 6E 41 22 91 EB 
	B7 0F 04 CF C4 F2 32 00 04 BC F8 92 96 73 BC 7D 
	90 D1 04 98 45 9F 4E 74 B9 EB 78 25 B4 C6 C4 36 
	51 04 3A 46 0F 6D 95 99 C8 45 22 3A B6 58 8B D3 
	21 AE 67 C2 61 11 A5 5D 0B A3 60 67 0D B3 0A 70 
	1B 0A 65 6A 50 74 61 A4 7E 5A 8C CD B3 4A 28 AF 
	BA 2B 00 66 AB 8F 39 C9 64 BA 49 7A 14 04 C6 60 
	AD 64 C7 A2 BD 6B 77 39 13 59 22 73 6C C2 FC 72 
	16 59 C9 2E DA 5C CA A8 34 68 77 1C 5F B2 60 E0 
	FA 27 6D 95 43 9A 21 14 15 EC 53 9E FC 0F AE 85 
	68 20 EA 1F AB D5 58 C2 DB 7B D2 18 CB DF 92 12 
	EC 73 C3 90 F5 B3 BC 97 C8 01 16 5C 93 EC CB 48 
	F8 53 63 CB B6 77 13 57 E5 3B CA 52 69 3F 21 A5 
	3A 35 62 19 D1 31 AC 0D 96 7B 33 01 3C 17 42 4D 
	11 49 78 81 74 83 FA 21 2E 27 AA 2A C5 60 02 C9 
	A7 C9 C8 51 8E A4 B1 24 2D E8 AF F0 95 5E 40 F1 
	60 83 0A BE 11 72 8E D5 35 10 C8 E5 12 2E 59 73 
	40 C5 41 2F BC 54 95 49 61 BB B0 31 F0 89 38 3D 
	74 52 57 F6 27 14 D2 4F 6F 7A 00 DD 68 5D A0 F0 
	78 73 F8 1D DD 54 56 35 96 20 39 21 12 4F 37 6E 
	41 F4 1C 68 E7 64 E9 B2 17 85 32 04 A8 A9 69 36 
	11 8C CD E5 B6 CE F5 C7 A2 41 69 C4 C3 52 7B 43 
	4C 60 90 2B 72 10 1A E6 EC 11 D3 85 6A C9 AC B3 
	29 90 9F 5F C4 BB 09 CC 30 7D C5 43 F8 94 7D 57 
	7A BA 98 AB 0E 20 43 14 2A 90 60 63 40 B7 E4 37 
	0E DF D3 9D 73 C3 63 1E 89 17 77 39 7D D6 E2 72 
	7B 9B 56 DE CC A2 5F CB 0E 3D B5 65 88 B3 9A B6 
	68 3A 1C A6 10 D1 29 A4 1A B1 9A 8C B9 CE C7 A5 
	0B BF F6 B3 74 F9 89 AB EC 31 54 FB 6A 67 2C C1 
	02 01 56 69 1A A3 89 F8 45 EB 9C BD 84 E2 7C 17 
	41 B4 A5 D0 A6 04 F6 26 FE 09 8A F2 1B CD D4 3B 
	63 59 88 85 25 8B 4D 42 49 27 48 62 07 37 06 48 
	A5 82 50 8F D2 54 1E C0 16 B8 70 BF 86 21 61 0A 
	E5 A9 AF 49 CA 5D 4A BC 8A 5C B8 19 04 BA BA AA 
	B5 50 A4 9E CA 90 94 C4 DA 42 27 35 B6 7F FA B4 
	F8 47 D1 2F 9B 57 DE 64 8D D3 61 99 64 72 9F A9 
	39 3E 81 C6 EB FB 1A AF C1 E2 45 05 3E 4C 55 09 
msg1 C_I_raw (size 1):
	49 
Suite 21 will be used in this EDHOC run.
PQ/T hybrid declare second array
PQ/T hybrid suit
PQ/T y  (size 32):
	38 89 C4 E0 B5 3B 03 FA 44 FB A6 AF 89 EE AA 5F 
	43 47 E8 49 6E 93 4C E8 13 64 E1 32 CF CA 25 6D 
PQ/T gx  (size 1216):
	FB B4 6F DD 17 E8 B7 0E C5 98 DE CB B6 C8 4A 15 
	29 B0 DF CF 9E DE D9 C5 F8 D3 BF 64 F5 52 D2 10 
	4C 2B 0D 98 92 19 90 F8 26 EC 29 BD CB 8B 15 E9 
	5C 10 F0 86 89 A2 4C 92 5A B0 6E 75 D7 00 65 E1 
	3B E1 01 33 D1 1B 24 A6 10 44 B2 3C 45 CB 57 07 
	96 E7 94 A3 43 41 DA 62 76 85 85 30 B3 35 29 04 
	93 78 45 6B 44 C4 F9 18 CE 69 8D 38 44 09 75 17 
	B9 E0 89 44 DA 6B 4F DA A9 37 48 2B 78 BC 9C 08 
	C0 39 89 C6 9A 0E DF 49 B4 84 AC B8 68 69 19 85 
	85 38 D8 FB 55 B2 2B 61 91 5A B0 5E 3A 6A 20 39 
	11 C5 74 21 02 A1 42 3C 73 16 2E 82 9C F4 D0 0F 
	80 59 69 84 A9 6F 97 C7 2F 3E 3C 90 EF 37 C2 14 
	C0 07 0D 5C 97 1D 7A 2F 43 C5 86 88 60 C2 6C CB 
	C2 F0 62 A1 2B F6 84 72 26 65 8D C6 A1 B5 31 9C 
	17 72 8A C8 25 0F 6E 00 AB 90 35 46 F3 64 52 FD 
	E3 1F CD 78 13 26 51 46 74 BA 7A ED DC 39 28 9A 
	A7 FF E9 9E 88 5A 0D 78 75 82 D3 4C 15 8E 1A AF 
	6D 54 7B 27 93 49 36 AA 61 01 EC 1D D1 E5 9E 91 
	B2 18 B8 B9 15 9F 38 B6 5F A9 54 B2 63 5A 31 E5 
	9C DB 67 3C FE 21 1E 12 31 66 4C 99 93 BD 7B 11 
	97 E9 94 30 F1 47 C0 C3 A4 A3 40 6D 94 01 23 5C 
	5B 47 5A 59 96 DE F8 45 78 14 78 73 36 76 21 A7 
	3F A5 1B B4 96 CA 46 4A F4 4E CA 4C A6 39 9C 3A 
	C8 F9 57 2C 90 BC AA 44 69 13 37 5F 04 91 31 5C 
	73 C7 36 A9 44 26 52 58 A9 20 1B 36 73 CD C5 35 
	CB DC 99 69 8E 02 9A A6 FA 6D 01 59 74 DC 7B 19 
	CF D6 95 D9 AA 27 5C 99 97 C9 D6 C8 2E 74 10 A0 
	0A 6D F5 24 43 40 AA 45 7B 15 0E A9 66 1E 12 34 
	67 80 21 3E B0 35 B4 04 B6 28 AF 40 85 AD A4 AF 
	6A C0 73 8D B5 B7 C6 C9 0A A4 26 97 A9 75 85 DD 
	31 C0 56 A4 C9 16 E5 AF D0 00 37 A4 48 A9 7B 72 
	07 C8 13 A6 34 43 9B C6 E6 77 D0 B0 3B B2 A8 32 
	8D FA A4 05 B3 A8 10 B9 72 70 75 43 C0 18 69 5C 
	B2 80 39 0C C4 FE C5 2C 24 22 1A 4F C9 8B 54 A8 
	40 BE 28 63 B9 58 AB 70 D8 6D A3 00 7E 67 01 9A 
	AB 9A 9C 86 A1 0A D5 F5 A9 FC A7 25 63 6A 95 98 
	26 23 C7 78 57 35 9C C0 B8 44 A9 8F 30 17 47 4B 
	37 FC 65 13 7E 05 C3 F1 D6 43 AE D7 4D 6E 3B 77 
	C0 D4 15 74 85 85 A1 D3 63 04 48 92 26 41 A5 CB 
	42 9B F1 95 BB AF FB 91 A4 14 72 6E 41 22 91 EB 
	B7 0F 04 CF C4 F2 32 00 04 BC F8 92 96 73 BC 7D 
	90 D1 04 98 45 9F 4E 74 B9 EB 78 25 B4 C6 C4 36 
	51 04 3A 46 0F 6D 95 99 C8 45 22 3A B6 58 8B D3 
	21 AE 67 C2 61 11 A5 5D 0B A3 60 67 0D B3 0A 70 
	1B 0A 65 6A 50 74 61 A4 7E 5A 8C CD B3 4A 28 AF 
	BA 2B 00 66 AB 8F 39 C9 64 BA 49 7A 14 04 C6 60 
	AD 64 C7 A2 BD 6B 77 39 13 59 22 73 6C C2 FC 72 
	16 59 C9 2E DA 5C CA A8 34 68 77 1C 5F B2 60 E0 
	FA 27 6D 95 43 9A 21 14 15 EC 53 9E FC 0F AE 85 
	68 20 EA 1F AB D5 58 C2 DB 7B D2 18 CB DF 92 12 
	EC 73 C3 90 F5 B3 BC 97 C8 01 16 5C 93 EC CB 48 
	F8 53 63 CB B6 77 13 57 E5 3B CA 52 69 3F 21 A5 
	3A 35 62 19 D1 31 AC 0D 96 7B 33 01 3C 17 42 4D 
	11 49 78 81 74 83 FA 21 2E 27 AA 2A C5 60 02 C9 
	A7 C9 C8 51 8E A4 B1 24 2D E8 AF F0 95 5E 40 F1 
	60 83 0A BE 11 72 8E D5 35 10 C8 E5 12 2E 59 73 
	40 C5 41 2F BC 54 95 49 61 BB B0 31 F0 89 38 3D 
	74 52 57 F6 27 14 D2 4F 6F 7A 00 DD 68 5D A0 F0 
	78 73 F8 1D DD 54 56 35 96 20 39 21 12 4F 37 6E 
	41 F4 1C 68 E7 64 E9 B2 17 85 32 04 A8 A9 69 36 
	11 8C CD E5 B6 CE F5 C7 A2 41 69 C4 C3 52 7B 43 
	4C 60 90 2B 72 10 1A E6 EC 11 D3 85 6A C9 AC B3 
	29 90 9F 5F C4 BB 09 CC 30 7D C5 43 F8 94 7D 57 
	7A BA 98 AB 0E 20 43 14 2A 90 60 63 40 B7 E4 37 
	0E DF D3 9D 73 C3 63 1E 89 17 77 39 7D D6 E2 72 
	7B 9B 56 DE CC A2 5F CB 0E 3D B5 65 88 B3 9A B6 
	68 3A 1C A6 10 D1 29 A4 1A B1 9A 8C B9 CE C7 A5 
	0B BF F6 B3 74 F9 89 AB EC 31 54 FB 6A 67 2C C1 
	02 01 56 69 1A A3 89 F8 45 EB 9C BD 84 E2 7C 17 
	41 B4 A5 D0 A6 04 F6 26 FE 09 8A F2 1B CD D4 3B 
	63 59 88 85 25 8B 4D 42 49 27 48 62 07 37 06 48 
	A5 82 50 8F D2 54 1E C0 16 B8 70 BF 86 21 61 0A 
	E5 A9 AF 49 CA 5D 4A BC 8A 5C B8 19 04 BA BA AA 
	B5 50 A4 9E CA 90 94 C4 DA 42 27 35 B6 7F FA B4 
	F8 47 D1 2F 9B 57 DE 64 8D D3 61 99 64 72 9F A9 
	39 3E 81 C6 EB FB 1A AF C1 E2 45 05 3E 4C 55 09 
DH y  (size 32):
	38 89 C4 E0 B5 3B 03 FA 44 FB A6 AF 89 EE AA 5F 
	43 47 E8 49 6E 93 4C E8 13 64 E1 32 CF CA 25 6D 
DH gx  (size 32):
	FB B4 6F DD 17 E8 B7 0E C5 98 DE CB B6 C8 4A 15 
	29 B0 DF CF 9E DE D9 C5 F8 D3 BF 64 F5 52 D2 10 
SHARED SECRET DERIVE
G_XY (ECDH shared secret)  (size 32):
	23 42 DA 3A 44 A9 28 77 02 7E D4 DE 6D 1E 8E A1 
	6A 64 F6 60 1A CF 0D 09 79 E2 32 07 86 54 F8 6D 
KEM mechanism
KEM - g_x  (size 1184):
	4C 2B 0D 98 92 19 90 F8 26 EC 29 BD CB 8B 15 E9 
	5C 10 F0 86 89 A2 4C 92 5A B0 6E 75 D7 00 65 E1 
	3B E1 01 33 D1 1B 24 A6 10 44 B2 3C 45 CB 57 07 
	96 E7 94 A3 43 41 DA 62 76 85 85 30 B3 35 29 04 
	93 78 45 6B 44 C4 F9 18 CE 69 8D 38 44 09 75 17 
	B9 E0 89 44 DA 6B 4F DA A9 37 48 2B 78 BC 9C 08 
	C0 39 89 C6 9A 0E DF 49 B4 84 AC B8 68 69 19 85 
	85 38 D8 FB 55 B2 2B 61 91 5A B0 5E 3A 6A 20 39 
	11 C5 74 21 02 A1 42 3C 73 16 2E 82 9C F4 D0 0F 
	80 59 69 84 A9 6F 97 C7 2F 3E 3C 90 EF 37 C2 14 
	C0 07 0D 5C 97 1D 7A 2F 43 C5 86 88 60 C2 6C CB 
	C2 F0 62 A1 2B F6 84 72 26 65 8D C6 A1 B5 31 9C 
	17 72 8A C8 25 0F 6E 00 AB 90 35 46 F3 64 52 FD 
	E3 1F CD 78 13 26 51 46 74 BA 7A ED DC 39 28 9A 
	A7 FF E9 9E 88 5A 0D 78 75 82 D3 4C 15 8E 1A AF 
	6D 54 7B 27 93 49 36 AA 61 01 EC 1D D1 E5 9E 91 
	B2 18 B8 B9 15 9F 38 B6 5F A9 54 B2 63 5A 31 E5 
	9C DB 67 3C FE 21 1E 12 31 66 4C 99 93 BD 7B 11 
	97 E9 94 30 F1 47 C0 C3 A4 A3 40 6D 94 01 23 5C 
	5B 47 5A 59 96 DE F8 45 78 14 78 73 36 76 21 A7 
	3F A5 1B B4 96 CA 46 4A F4 4E CA 4C A6 39 9C 3A 
	C8 F9 57 2C 90 BC AA 44 69 13 37 5F 04 91 31 5C 
	73 C7 36 A9 44 26 52 58 A9 20 1B 36 73 CD C5 35 
	CB DC 99 69 8E 02 9A A6 FA 6D 01 59 74 DC 7B 19 
	CF D6 95 D9 AA 27 5C 99 97 C9 D6 C8 2E 74 10 A0 
	0A 6D F5 24 43 40 AA 45 7B 15 0E A9 66 1E 12 34 
	67 80 21 3E B0 35 B4 04 B6 28 AF 40 85 AD A4 AF 
	6A C0 73 8D B5 B7 C6 C9 0A A4 26 97 A9 75 85 DD 
	31 C0 56 A4 C9 16 E5 AF D0 00 37 A4 48 A9 7B 72 
	07 C8 13 A6 34 43 9B C6 E6 77 D0 B0 3B B2 A8 32 
	8D FA A4 05 B3 A8 10 B9 72 70 75 43 C0 18 69 5C 
	B2 80 39 0C C4 FE C5 2C 24 22 1A 4F C9 8B 54 A8 
	40 BE 28 63 B9 58 AB 70 D8 6D A3 00 7E 67 01 9A 
	AB 9A 9C 86 A1 0A D5 F5 A9 FC A7 25 63 6A 95 98 
	26 23 C7 78 57 35 9C C0 B8 44 A9 8F 30 17 47 4B 
	37 FC 65 13 7E 05 C3 F1 D6 43 AE D7 4D 6E 3B 77 
	C0 D4 15 74 85 85 A1 D3 63 04 48 92 26 41 A5 CB 
	42 9B F1 95 BB AF FB 91 A4 14 72 6E 41 22 91 EB 
	B7 0F 04 CF C4 F2 32 00 04 BC F8 92 96 73 BC 7D 
	90 D1 04 98 45 9F 4E 74 B9 EB 78 25 B4 C6 C4 36 
	51 04 3A 46 0F 6D 95 99 C8 45 22 3A B6 58 8B D3 
	21 AE 67 C2 61 11 A5 5D 0B A3 60 67 0D B3 0A 70 
	1B 0A 65 6A 50 74 61 A4 7E 5A 8C CD B3 4A 28 AF 
	BA 2B 00 66 AB 8F 39 C9 64 BA 49 7A 14 04 C6 60 
	AD 64 C7 A2 BD 6B 77 39 13 59 22 73 6C C2 FC 72 
	16 59 C9 2E DA 5C CA A8 34 68 77 1C 5F B2 60 E0 
	FA 27 6D 95 43 9A 21 14 15 EC 53 9E FC 0F AE 85 
	68 20 EA 1F AB D5 58 C2 DB 7B D2 18 CB DF 92 12 
	EC 73 C3 90 F5 B3 BC 97 C8 01 16 5C 93 EC CB 48 
	F8 53 63 CB B6 77 13 57 E5 3B CA 52 69 3F 21 A5 
	3A 35 62 19 D1 31 AC 0D 96 7B 33 01 3C 17 42 4D 
	11 49 78 81 74 83 FA 21 2E 27 AA 2A C5 60 02 C9 
	A7 C9 C8 51 8E A4 B1 24 2D E8 AF F0 95 5E 40 F1 
	60 83 0A BE 11 72 8E D5 35 10 C8 E5 12 2E 59 73 
	40 C5 41 2F BC 54 95 49 61 BB B0 31 F0 89 38 3D 
	74 52 57 F6 27 14 D2 4F 6F 7A 00 DD 68 5D A0 F0 
	78 73 F8 1D DD 54 56 35 96 20 39 21 12 4F 37 6E 
	41 F4 1C 68 E7 64 E9 B2 17 85 32 04 A8 A9 69 36 
	11 8C CD E5 B6 CE F5 C7 A2 41 69 C4 C3 52 7B 43 
	4C 60 90 2B 72 10 1A E6 EC 11 D3 85 6A C9 AC B3 
	29 90 9F 5F C4 BB 09 CC 30 7D C5 43 F8 94 7D 57 
	7A BA 98 AB 0E 20 43 14 2A 90 60 63 40 B7 E4 37 
	0E DF D3 9D 73 C3 63 1E 89 17 77 39 7D D6 E2 72 
	7B 9B 56 DE CC A2 5F CB 0E 3D B5 65 88 B3 9A B6 
	68 3A 1C A6 10 D1 29 A4 1A B1 9A 8C B9 CE C7 A5 
	0B BF F6 B3 74 F9 89 AB EC 31 54 FB 6A 67 2C C1 
	02 01 56 69 1A A3 89 F8 45 EB 9C BD 84 E2 7C 17 
	41 B4 A5 D0 A6 04 F6 26 FE 09 8A F2 1B CD D4 3B 
	63 59 88 85 25 8B 4D 42 49 27 48 62 07 37 06 48 
	A5 82 50 8F D2 54 1E C0 16 B8 70 BF 86 21 61 0A 
	E5 A9 AF 49 CA 5D 4A BC 8A 5C B8 19 04 BA BA AA 
	B5 50 A4 9E CA 90 94 C4 DA 42 27 35 B6 7F FA B4 
	F8 47 D1 2F 9B 57 DE 64 8D D3 61 99 64 72 9F A9 
	39 3E 81 C6 EB FB 1A AF C1 E2 45 05 3E 4C 55 09 
gx PQ/T size: 1216 - KEM size 1184
PQ/T g_y  (size 1120):
	27 B1 D6 35 A6 63 38 2D 99 E0 31 B3 E9 A5 D6 82 
	A0 95 45 04 93 56 AF 6F 13 54 DE D1 3E D2 9C 72 
	00 00 00 00 00 00 00 00 00 00 00 00 00 00 00 00 
	00 00 00 00 00 00 00 00 00 00 00 00 00 00 00 00 
	00 00 00 00 00 00 00 00 00 00 00 00 00 00 00 00 
	00 00 00 00 00 00 00 00 00 00 00 00 00 00 00 00 
	00 00 00 00 00 00 00 00 00 00 00 00 00 00 00 00 
	00 00 00 00 00 00 00 00 00 00 00 00 00 00 00 00 
	00 00 00 00 00 00 00 00 00 00 00 00 00 00 00 00 
	00 00 00 00 00 00 00 00 00 00 00 00 00 00 00 00 
	00 00 00 00 00 00 00 00 00 00 00 00 00 00 00 00 
	00 00 00 00 00 00 00 00 00 00 00 00 00 00 00 00 
	00 00 00 00 00 00 00 00 00 00 00 00 00 00 00 00 
	00 00 00 00 00 00 00 00 00 00 00 00 00 00 00 00 
	00 00 00 00 00 00 00 00 00 00 00 00 00 00 00 00 
	00 00 00 00 00 00 00 00 00 00 00 00 00 00 00 00 
	00 00 00 00 00 00 00 00 00 00 00 00 00 00 00 00 
	00 00 00 00 00 00 00 00 00 00 00 00 00 00 00 00 
	00 00 00 00 00 00 00 00 00 00 00 00 00 00 00 00 
	00 00 00 00 00 00 00 00 00 00 00 00 00 00 00 00 
	00 00 00 00 00 00 00 00 00 00 00 00 00 00 00 00 
	00 00 00 00 00 00 00 00 00 00 00 00 00 00 00 00 
	00 00 00 00 00 00 00 00 00 00 00 00 00 00 00 00 
	00 00 00 00 00 00 00 00 00 00 00 00 00 00 00 00 
	00 00 00 00 00 00 00 00 00 00 00 00 00 00 00 00 
	00 00 00 00 00 00 00 00 00 00 00 00 00 00 00 00 
	00 00 00 00 00 00 00 00 00 00 00 00 00 00 00 00 
	00 00 00 00 00 00 00 00 00 00 00 00 00 00 00 00 
	00 00 00 00 00 00 00 00 00 00 00 00 00 00 00 00 
	00 00 00 00 00 00 00 00 00 00 00 00 00 00 00 00 
	00 00 00 00 00 00 00 00 00 00 00 00 00 00 00 00 
	00 00 00 00 00 00 00 00 00 00 00 00 00 00 00 00 
	00 00 00 00 00 00 00 00 00 00 00 00 00 00 00 00 
	00 00 00 00 00 00 00 00 00 00 00 00 00 00 00 00 
	00 00 00 00 00 00 00 00 00 00 00 00 00 00 00 00 
	00 00 00 00 00 00 00 00 00 00 00 00 00 00 00 00 
	00 00 00 00 00 00 00 00 00 00 00 00 00 00 00 00 
	00 00 00 00 00 00 00 00 00 00 00 00 00 00 00 00 
	00 00 00 00 00 00 00 00 00 00 00 00 00 00 00 00 
	00 00 00 00 00 00 00 00 00 00 00 00 00 00 00 00 
	00 00 00 00 00 00 00 00 00 00 00 00 00 00 00 00 
	00 00 00 00 00 00 00 00 00 00 00 00 00 00 00 00 
	00 00 00 00 00 00 00 00 00 00 00 00 00 00 00 00 
	00 00 00 00 00 00 00 00 00 00 00 00 00 00 00 00 
	00 00 00 00 00 00 00 00 00 00 00 00 00 00 00 00 
	00 00 00 00 00 00 00 00 00 00 00 00 00 00 00 00 
	00 00 00 00 00 00 00 00 00 00 00 00 00 00 00 00 
	00 00 00 00 00 00 00 00 00 00 00 00 00 00 00 00 
	00 00 00 00 00 00 00 00 00 00 00 00 00 00 00 00 
	00 00 00 00 00 00 00 00 00 00 00 00 00 00 00 00 
	00 00 00 00 00 00 00 00 00 00 00 00 00 00 00 00 
	00 00 00 00 00 00 00 00 00 00 00 00 00 00 00 00 
	00 00 00 00 00 00 00 00 00 00 00 00 00 00 00 00 
	00 00 00 00 00 00 00 00 00 00 00 00 00 00 00 00 
	00 00 00 00 00 00 00 00 00 00 00 00 00 00 00 00 
	00 00 00 00 00 00 00 00 00 00 00 00 00 00 00 00 
	00 00 00 00 00 00 00 00 00 00 00 00 00 00 00 00 
	00 00 00 00 00 00 00 00 00 00 00 00 00 00 00 00 
	00 00 00 00 00 00 00 00 00 00 00 00 00 00 00 00 
	00 00 00 00 00 00 00 00 00 00 00 00 00 00 00 00 
	00 00 00 00 00 00 00 00 00 00 00 00 00 00 00 00 
	00 00 00 00 00 00 00 00 00 00 00 00 00 00 00 00 
	00 00 00 00 00 00 00 00 00 00 00 00 00 00 00 00 
	00 00 00 00 00 00 00 00 00 00 00 00 00 00 00 00 
	00 00 00 00 00 00 00 00 00 00 00 00 00 00 00 00 
	00 00 00 00 00 00 00 00 00 00 00 00 00 00 00 00 
	00 00 00 00 00 00 00 00 00 00 00 00 00 00 00 00 
	00 00 00 00 00 00 00 00 00 00 00 00 00 00 00 00 
	00 00 00 00 00 00 00 00 00 00 00 00 00 00 00 00 
	00 00 00 00 00 00 00 00 00 00 00 00 00 00 00 00 
KEM - g_y  (size 1088):
	00 00 00 00 00 00 00 00 00 00 00 00 00 00 00 00 
	00 00 00 00 00 00 00 00 00 00 00 00 00 00 00 00 
	00 00 00 00 00 00 00 00 00 00 00 00 00 00 00 00 
	00 00 00 00 00 00 00 00 00 00 00 00 00 00 00 00 
	00 00 00 00 00 00 00 00 00 00 00 00 00 00 00 00 
	00 00 00 00 00 00 00 00 00 00 00 00 00 00 00 00 
	00 00 00 00 00 00 00 00 00 00 00 00 00 00 00 00 
	00 00 00 00 00 00 00 00 00 00 00 00 00 00 00 00 
	00 00 00 00 00 00 00 00 00 00 00 00 00 00 00 00 
	00 00 00 00 00 00 00 00 00 00 00 00 00 00 00 00 
	00 00 00 00 00 00 00 00 00 00 00 00 00 00 00 00 
	00 00 00 00 00 00 00 00 00 00 00 00 00 00 00 00 
	00 00 00 00 00 00 00 00 00 00 00 00 00 00 00 00 
	00 00 00 00 00 00 00 00 00 00 00 00 00 00 00 00 
	00 00 00 00 00 00 00 00 00 00 00 00 00 00 00 00 
	00 00 00 00 00 00 00 00 00 00 00 00 00 00 00 00 
	00 00 00 00 00 00 00 00 00 00 00 00 00 00 00 00 
	00 00 00 00 00 00 00 00 00 00 00 00 00 00 00 00 
	00 00 00 00 00 00 00 00 00 00 00 00 00 00 00 00 
	00 00 00 00 00 00 00 00 00 00 00 00 00 00 00 00 
	00 00 00 00 00 00 00 00 00 00 00 00 00 00 00 00 
	00 00 00 00 00 00 00 00 00 00 00 00 00 00 00 00 
	00 00 00 00 00 00 00 00 00 00 00 00 00 00 00 00 
	00 00 00 00 00 00 00 00 00 00 00 00 00 00 00 00 
	00 00 00 00 00 00 00 00 00 00 00 00 00 00 00 00 
	00 00 00 00 00 00 00 00 00 00 00 00 00 00 00 00 
	00 00 00 00 00 00 00 00 00 00 00 00 00 00 00 00 
	00 00 00 00 00 00 00 00 00 00 00 00 00 00 00 00 
	00 00 00 00 00 00 00 00 00 00 00 00 00 00 00 00 
	00 00 00 00 00 00 00 00 00 00 00 00 00 00 00 00 
	00 00 00 00 00 00 00 00 00 00 00 00 00 00 00 00 
	00 00 00 00 00 00 00 00 00 00 00 00 00 00 00 00 
	00 00 00 00 00 00 00 00 00 00 00 00 00 00 00 00 
	00 00 00 00 00 00 00 00 00 00 00 00 00 00 00 00 
	00 00 00 00 00 00 00 00 00 00 00 00 00 00 00 00 
	00 00 00 00 00 00 00 00 00 00 00 00 00 00 00 00 
	00 00 00 00 00 00 00 00 00 00 00 00 00 00 00 00 
	00 00 00 00 00 00 00 00 00 00 00 00 00 00 00 00 
	00 00 00 00 00 00 00 00 00 00 00 00 00 00 00 00 
	00 00 00 00 00 00 00 00 00 00 00 00 00 00 00 00 
	00 00 00 00 00 00 00 00 00 00 00 00 00 00 00 00 
	00 00 00 00 00 00 00 00 00 00 00 00 00 00 00 00 
	00 00 00 00 00 00 00 00 00 00 00 00 00 00 00 00 
	00 00 00 00 00 00 00 00 00 00 00 00 00 00 00 00 
	00 00 00 00 00 00 00 00 00 00 00 00 00 00 00 00 
	00 00 00 00 00 00 00 00 00 00 00 00 00 00 00 00 
	00 00 00 00 00 00 00 00 00 00 00 00 00 00 00 00 
	00 00 00 00 00 00 00 00 00 00 00 00 00 00 00 00 
	00 00 00 00 00 00 00 00 00 00 00 00 00 00 00 00 
	00 00 00 00 00 00 00 00 00 00 00 00 00 00 00 00 
	00 00 00 00 00 00 00 00 00 00 00 00 00 00 00 00 
	00 00 00 00 00 00 00 00 00 00 00 00 00 00 00 00 
	00 00 00 00 00 00 00 00 00 00 00 00 00 00 00 00 
	00 00 00 00 00 00 00 00 00 00 00 00 00 00 00 00 
	00 00 00 00 00 00 00 00 00 00 00 00 00 00 00 00 
	00 00 00 00 00 00 00 00 00 00 00 00 00 00 00 00 
	00 00 00 00 00 00 00 00 00 00 00 00 00 00 00 00 
	00 00 00 00 00 00 00 00 00 00 00 00 00 00 00 00 
	00 00 00 00 00 00 00 00 00 00 00 00 00 00 00 00 
	00 00 00 00 00 00 00 00 00 00 00 00 00 00 00 00 
	00 00 00 00 00 00 00 00 00 00 00 00 00 00 00 00 
	00 00 00 00 00 00 00 00 00 00 00 00 00 00 00 00 
	00 00 00 00 00 00 00 00 00 00 00 00 00 00 00 00 
	00 00 00 00 00 00 00 00 00 00 00 00 00 00 00 00 
	00 00 00 00 00 00 00 00 00 00 00 00 00 00 00 00 
	00 00 00 00 00 00 00 00 00 00 00 00 00 00 00 00 
	00 00 00 00 00 00 00 00 00 00 00 00 00 00 00 00 
	00 00 00 00 00 00 00 00 00 00 00 00 00 00 00 00 
Encapsulate correct
G_XY (PQ SS) (size 32):
	B2 20 32 25 10 EB 06 58 85 AC E2 8B 0D BC F8 8B 
	FD 6B 71 CA B9 02 5A A6 A8 C9 3C 48 F4 D3 D4 6D 
G_Y (PQ CC) (size 1088):
	3A 53 53 32 FE 16 21 1D AC E8 68 FB CF 7A 48 CF 
	59 79 2C C4 81 7A 5A CD 2C 6D 48 ED FF 67 BA 20 
	BD 36 EA 99 E9 F7 C6 AD 39 01 BB 78 07 7D E3 65 
	05 95 D9 34 64 DA 73 06 EB 78 C9 20 BA 09 AD 8E 
	57 72 1F 22 20 87 7B 71 33 05 A4 CD 9F 45 D4 F6 
	B7 F4 DE 88 7F 46 B0 21 C1 DA A5 B5 78 A1 9D DF 
	A1 13 F4 38 BC FD 11 90 69 73 DB 76 18 C9 10 10 
	F9 71 87 7B 10 1B C9 CF 11 21 16 D1 1B 32 83 39 
	78 34 69 15 92 83 37 9D AC 53 6B 46 50 3C 36 48 
	45 B3 61 01 66 3F 3E E5 AE 20 D6 35 25 AC 70 84 
	41 DA 88 73 83 FB 36 A6 02 5E 33 1E 36 B0 83 3C 
	8A B3 3F 3C B3 CD AC 5F 09 21 F1 BF 37 D1 09 07 
	BA 92 DE 0B F4 A7 36 AD 7A F8 20 4E 87 D7 50 D8 
	FB 87 8C CA 53 2F 32 6B D0 58 89 07 81 B2 33 73 
	30 03 DA 37 F7 C2 BD BD 1E AE F5 3D 89 F0 41 C9 
	4F 0F 7A 71 68 AD 78 9B 0F 68 25 38 57 2E 24 A9 
	C7 A7 65 21 D7 D5 6F 02 A0 B9 DD D2 A2 F7 3D 64 
	EA 79 5D AD 92 93 23 AF 15 61 3B E6 BD 87 AE 79 
	53 28 F1 BE BC 40 B9 02 C3 1B EA 48 18 85 D5 B4 
	41 F1 F1 CA 55 64 60 F5 F7 FD F3 41 76 1C D2 B2 
	D8 DE 2C E5 C3 42 41 9D 1F 4F 71 C6 33 82 71 CD 
	B8 FC 81 CF 9E AF FB 83 A9 04 D9 EA 04 3E 63 03 
	2C 72 46 4D AC EB 10 93 FF 2A E1 38 26 31 52 45 
	34 AF 20 A1 34 6D 5C 3B 98 48 87 4D AB 3A 98 2B 
	BF CD 96 71 C2 29 15 EA 2E 16 CB 1B EB 5C A1 34 
	CD 35 44 DB 3F A6 CF B5 8C F8 BD 5D 3D 6F 6F BB 
	AA 8D A2 93 31 FA F4 B2 05 EA E4 17 0C 86 2E 03 
	74 2E DB F4 B8 D0 0A E7 9F 6B 3C 2E 94 6F 08 BE 
	CD 44 AD 45 12 D4 A8 A0 97 B0 58 38 67 94 DC 76 
	5A D4 44 47 15 97 02 A6 E3 2E C8 4A E8 5F B0 D6 
	37 DF CD BC BC AE 1B 7C 17 63 88 B8 7C 50 0E F3 
	EE C8 81 77 CD 2E 91 DF 8A 9B 9C 7D 51 4A 32 D1 
	59 9C C3 93 CD 2D 4B 55 2B 43 0A E4 C4 CC 6D 39 
	E8 43 C8 42 6E A7 4A 53 01 98 9E EC 7B 63 69 E4 
	A1 2C 2D 60 40 3D D1 7B E3 41 50 75 F1 0C 99 F6 
	F8 3C C0 B1 1A 32 D2 02 89 52 3B E9 C1 DE 55 2A 
	66 8F 4B BC 0C 1C 59 CA 37 19 FF 0F 88 0E D7 2F 
	BA A3 B4 94 A7 AD BA E2 C6 74 F8 F0 C5 B3 F9 1C 
	23 76 E7 2C CA 13 6B 46 A8 26 88 EC D8 8B 8C E9 
	80 3F EF C8 85 CF 8D 89 41 16 64 D2 37 5F 49 46 
	44 95 85 5E 57 B7 9B F5 D9 74 0D 11 FA A8 FF E7 
	D4 94 B7 0C D7 1E 6D D4 D2 91 0D 56 69 A1 F6 87 
	BD 10 46 4D 11 14 83 76 86 06 7B 6A B0 10 DB 9F 
	E2 08 C5 86 8F A0 4A 70 3F A3 B1 11 83 11 B9 46 
	22 CF E8 EE F3 D9 51 A6 7C 84 8F CA 33 FA B8 9F 
	FF FF 20 17 CE 0A 1F DB B2 DF 58 32 43 4D 5C 70 
	F1 1F CB 33 82 BA F6 EF 4D 78 6F D5 14 2B 9D 05 
	F7 FC A5 6E 56 F5 4C 64 42 D8 7D 51 89 59 5C 3C 
	1D 73 0E 00 2A 12 2E 34 CB F1 B3 A8 EE F8 B5 38 
	CF AC E1 A4 EE 47 49 B1 0E 4C A9 30 5C 7C 7E AB 
	8B 88 AA 00 8C 28 34 A4 38 30 B5 12 5A 50 B6 3D 
	42 E4 CE 42 03 60 5B 39 67 B6 5B 99 C1 25 F9 6F 
	84 AE 6A 4D F0 BE 81 68 34 E4 7D 4A 57 4F 67 FF 
	F5 50 39 85 EA 4B 3A 9C 4D 98 14 FB E4 A9 91 C4 
	6E 1B 1B A0 60 47 77 78 8F 78 40 DC CD 6C B6 F3 
	4A 20 7A 55 99 D4 05 03 12 4F 00 D1 97 62 9B FA 
	26 E7 68 EE 4E 44 D6 EB B9 2D A8 4D D9 D6 E6 A0 
	D6 90 19 12 D4 B4 DF 36 34 83 68 E2 F5 41 89 40 
	F0 98 B2 B3 83 D0 36 8E B0 66 7D A2 1E 42 57 CB 
	7C 18 F6 84 74 CB 1B 1D C2 CE C9 A4 46 83 E7 70 
	DE AB 13 6E 22 77 94 12 2B CB E9 53 02 CF 2F 68 
	BC 7F 81 B5 4D A1 06 01 52 6A 74 22 79 1B F1 10 
	54 43 18 6D D4 70 B1 C2 3D F1 4E E1 33 47 5D BD 
	32 3B 9A 36 54 3A 52 B3 14 12 B2 12 1B C1 2E 40 
	BF D1 20 F0 9E A0 B1 3D 3A 49 CE 40 E3 EC 4E 3E 
	7F 28 8E 86 26 E8 6A 43 97 95 94 BF 3C 1E 92 37 
	B6 F8 2F 89 1C 61 38 19 6C E8 42 7A BE C8 92 80 
	BA 47 FE E6 95 86 78 1B C9 79 EE E1 6C F2 01 D2 
G_Y (PQ/T) (size 1120):
	27 B1 D6 35 A6 63 38 2D 99 E0 31 B3 E9 A5 D6 82 
	A0 95 45 04 93 56 AF 6F 13 54 DE D1 3E D2 9C 72 
	3A 53 53 32 FE 16 21 1D AC E8 68 FB CF 7A 48 CF 
	59 79 2C C4 81 7A 5A CD 2C 6D 48 ED FF 67 BA 20 
	BD 36 EA 99 E9 F7 C6 AD 39 01 BB 78 07 7D E3 65 
	05 95 D9 34 64 DA 73 06 EB 78 C9 20 BA 09 AD 8E 
	57 72 1F 22 20 87 7B 71 33 05 A4 CD 9F 45 D4 F6 
	B7 F4 DE 88 7F 46 B0 21 C1 DA A5 B5 78 A1 9D DF 
	A1 13 F4 38 BC FD 11 90 69 73 DB 76 18 C9 10 10 
	F9 71 87 7B 10 1B C9 CF 11 21 16 D1 1B 32 83 39 
	78 34 69 15 92 83 37 9D AC 53 6B 46 50 3C 36 48 
	45 B3 61 01 66 3F 3E E5 AE 20 D6 35 25 AC 70 84 
	41 DA 88 73 83 FB 36 A6 02 5E 33 1E 36 B0 83 3C 
	8A B3 3F 3C B3 CD AC 5F 09 21 F1 BF 37 D1 09 07 
	BA 92 DE 0B F4 A7 36 AD 7A F8 20 4E 87 D7 50 D8 
	FB 87 8C CA 53 2F 32 6B D0 58 89 07 81 B2 33 73 
	30 03 DA 37 F7 C2 BD BD 1E AE F5 3D 89 F0 41 C9 
	4F 0F 7A 71 68 AD 78 9B 0F 68 25 38 57 2E 24 A9 
	C7 A7 65 21 D7 D5 6F 02 A0 B9 DD D2 A2 F7 3D 64 
	EA 79 5D AD 92 93 23 AF 15 61 3B E6 BD 87 AE 79 
	53 28 F1 BE BC 40 B9 02 C3 1B EA 48 18 85 D5 B4 
	41 F1 F1 CA 55 64 60 F5 F7 FD F3 41 76 1C D2 B2 
	D8 DE 2C E5 C3 42 41 9D 1F 4F 71 C6 33 82 71 CD 
	B8 FC 81 CF 9E AF FB 83 A9 04 D9 EA 04 3E 63 03 
	2C 72 46 4D AC EB 10 93 FF 2A E1 38 26 31 52 45 
	34 AF 20 A1 34 6D 5C 3B 98 48 87 4D AB 3A 98 2B 
	BF CD 96 71 C2 29 15 EA 2E 16 CB 1B EB 5C A1 34 
	CD 35 44 DB 3F A6 CF B5 8C F8 BD 5D 3D 6F 6F BB 
	AA 8D A2 93 31 FA F4 B2 05 EA E4 17 0C 86 2E 03 
	74 2E DB F4 B8 D0 0A E7 9F 6B 3C 2E 94 6F 08 BE 
	CD 44 AD 45 12 D4 A8 A0 97 B0 58 38 67 94 DC 76 
	5A D4 44 47 15 97 02 A6 E3 2E C8 4A E8 5F B0 D6 
	37 DF CD BC BC AE 1B 7C 17 63 88 B8 7C 50 0E F3 
	EE C8 81 77 CD 2E 91 DF 8A 9B 9C 7D 51 4A 32 D1 
	59 9C C3 93 CD 2D 4B 55 2B 43 0A E4 C4 CC 6D 39 
	E8 43 C8 42 6E A7 4A 53 01 98 9E EC 7B 63 69 E4 
	A1 2C 2D 60 40 3D D1 7B E3 41 50 75 F1 0C 99 F6 
	F8 3C C0 B1 1A 32 D2 02 89 52 3B E9 C1 DE 55 2A 
	66 8F 4B BC 0C 1C 59 CA 37 19 FF 0F 88 0E D7 2F 
	BA A3 B4 94 A7 AD BA E2 C6 74 F8 F0 C5 B3 F9 1C 
	23 76 E7 2C CA 13 6B 46 A8 26 88 EC D8 8B 8C E9 
	80 3F EF C8 85 CF 8D 89 41 16 64 D2 37 5F 49 46 
	44 95 85 5E 57 B7 9B F5 D9 74 0D 11 FA A8 FF E7 
	D4 94 B7 0C D7 1E 6D D4 D2 91 0D 56 69 A1 F6 87 
	BD 10 46 4D 11 14 83 76 86 06 7B 6A B0 10 DB 9F 
	E2 08 C5 86 8F A0 4A 70 3F A3 B1 11 83 11 B9 46 
	22 CF E8 EE F3 D9 51 A6 7C 84 8F CA 33 FA B8 9F 
	FF FF 20 17 CE 0A 1F DB B2 DF 58 32 43 4D 5C 70 
	F1 1F CB 33 82 BA F6 EF 4D 78 6F D5 14 2B 9D 05 
	F7 FC A5 6E 56 F5 4C 64 42 D8 7D 51 89 59 5C 3C 
	1D 73 0E 00 2A 12 2E 34 CB F1 B3 A8 EE F8 B5 38 
	CF AC E1 A4 EE 47 49 B1 0E 4C A9 30 5C 7C 7E AB 
	8B 88 AA 00 8C 28 34 A4 38 30 B5 12 5A 50 B6 3D 
	42 E4 CE 42 03 60 5B 39 67 B6 5B 99 C1 25 F9 6F 
	84 AE 6A 4D F0 BE 81 68 34 E4 7D 4A 57 4F 67 FF 
	F5 50 39 85 EA 4B 3A 9C 4D 98 14 FB E4 A9 91 C4 
	6E 1B 1B A0 60 47 77 78 8F 78 40 DC CD 6C B6 F3 
	4A 20 7A 55 99 D4 05 03 12 4F 00 D1 97 62 9B FA 
	26 E7 68 EE 4E 44 D6 EB B9 2D A8 4D D9 D6 E6 A0 
	D6 90 19 12 D4 B4 DF 36 34 83 68 E2 F5 41 89 40 
	F0 98 B2 B3 83 D0 36 8E B0 66 7D A2 1E 42 57 CB 
	7C 18 F6 84 74 CB 1B 1D C2 CE C9 A4 46 83 E7 70 
	DE AB 13 6E 22 77 94 12 2B CB E9 53 02 CF 2F 68 
	BC 7F 81 B5 4D A1 06 01 52 6A 74 22 79 1B F1 10 
	54 43 18 6D D4 70 B1 C2 3D F1 4E E1 33 47 5D BD 
	32 3B 9A 36 54 3A 52 B3 14 12 B2 12 1B C1 2E 40 
	BF D1 20 F0 9E A0 B1 3D 3A 49 CE 40 E3 EC 4E 3E 
	7F 28 8E 86 26 E8 6A 43 97 95 94 BF 3C 1E 92 37 
	B6 F8 2F 89 1C 61 38 19 6C E8 42 7A BE C8 92 80 
	BA 47 FE E6 95 86 78 1B C9 79 EE E1 6C F2 01 D2 
hash_msg1_raw (size 32):
	0D BE 22 2A 8A 29 7F 75 A3 1F 48 DF A6 34 A1 0C 
	F3 72 8F A9 0B C0 84 2E E1 3A 0A 8A 4A 3E 1B 09 
Input to calculate TH_2 (CBOR Sequence) (size 1157):
	59 04 60 27 B1 D6 35 A6 63 38 2D 99 E0 31 B3 E9 
	A5 D6 82 A0 95 45 04 93 56 AF 6F 13 54 DE D1 3E 
	D2 9C 72 3A 53 53 32 FE 16 21 1D AC E8 68 FB CF 
	7A 48 CF 59 79 2C C4 81 7A 5A CD 2C 6D 48 ED FF 
	67 BA 20 BD 36 EA 99 E9 F7 C6 AD 39 01 BB 78 07 
	7D E3 65 05 95 D9 34 64 DA 73 06 EB 78 C9 20 BA 
	09 AD 8E 57 72 1F 22 20 87 7B 71 33 05 A4 CD 9F 
	45 D4 F6 B7 F4 DE 88 7F 46 B0 21 C1 DA A5 B5 78 
	A1 9D DF A1 13 F4 38 BC FD 11 90 69 73 DB 76 18 
	C9 10 10 F9 71 87 7B 10 1B C9 CF 11 21 16 D1 1B 
	32 83 39 78 34 69 15 92 83 37 9D AC 53 6B 46 50 
	3C 36 48 45 B3 61 01 66 3F 3E E5 AE 20 D6 35 25 
	AC 70 84 41 DA 88 73 83 FB 36 A6 02 5E 33 1E 36 
	B0 83 3C 8A B3 3F 3C B3 CD AC 5F 09 21 F1 BF 37 
	D1 09 07 BA 92 DE 0B F4 A7 36 AD 7A F8 20 4E 87 
	D7 50 D8 FB 87 8C CA 53 2F 32 6B D0 58 89 07 81 
	B2 33 73 30 03 DA 37 F7 C2 BD BD 1E AE F5 3D 89 
	F0 41 C9 4F 0F 7A 71 68 AD 78 9B 0F 68 25 38 57 
	2E 24 A9 C7 A7 65 21 D7 D5 6F 02 A0 B9 DD D2 A2 
	F7 3D 64 EA 79 5D AD 92 93 23 AF 15 61 3B E6 BD 
	87 AE 79 53 28 F1 BE BC 40 B9 02 C3 1B EA 48 18 
	85 D5 B4 41 F1 F1 CA 55 64 60 F5 F7 FD F3 41 76 
	1C D2 B2 D8 DE 2C E5 C3 42 41 9D 1F 4F 71 C6 33 
	82 71 CD B8 FC 81 CF 9E AF FB 83 A9 04 D9 EA 04 
	3E 63 03 2C 72 46 4D AC EB 10 93 FF 2A E1 38 26 
	31 52 45 34 AF 20 A1 34 6D 5C 3B 98 48 87 4D AB 
	3A 98 2B BF CD 96 71 C2 29 15 EA 2E 16 CB 1B EB 
	5C A1 34 CD 35 44 DB 3F A6 CF B5 8C F8 BD 5D 3D 
	6F 6F BB AA 8D A2 93 31 FA F4 B2 05 EA E4 17 0C 
	86 2E 03 74 2E DB F4 B8 D0 0A E7 9F 6B 3C 2E 94 
	6F 08 BE CD 44 AD 45 12 D4 A8 A0 97 B0 58 38 67 
	94 DC 76 5A D4 44 47 15 97 02 A6 E3 2E C8 4A E8 
	5F B0 D6 37 DF CD BC BC AE 1B 7C 17 63 88 B8 7C 
	50 0E F3 EE C8 81 77 CD 2E 91 DF 8A 9B 9C 7D 51 
	4A 32 D1 59 9C C3 93 CD 2D 4B 55 2B 43 0A E4 C4 
	CC 6D 39 E8 43 C8 42 6E A7 4A 53 01 98 9E EC 7B 
	63 69 E4 A1 2C 2D 60 40 3D D1 7B E3 41 50 75 F1 
	0C 99 F6 F8 3C C0 B1 1A 32 D2 02 89 52 3B E9 C1 
	DE 55 2A 66 8F 4B BC 0C 1C 59 CA 37 19 FF 0F 88 
	0E D7 2F BA A3 B4 94 A7 AD BA E2 C6 74 F8 F0 C5 
	B3 F9 1C 23 76 E7 2C CA 13 6B 46 A8 26 88 EC D8 
	8B 8C E9 80 3F EF C8 85 CF 8D 89 41 16 64 D2 37 
	5F 49 46 44 95 85 5E 57 B7 9B F5 D9 74 0D 11 FA 
	A8 FF E7 D4 94 B7 0C D7 1E 6D D4 D2 91 0D 56 69 
	A1 F6 87 BD 10 46 4D 11 14 83 76 86 06 7B 6A B0 
	10 DB 9F E2 08 C5 86 8F A0 4A 70 3F A3 B1 11 83 
	11 B9 46 22 CF E8 EE F3 D9 51 A6 7C 84 8F CA 33 
	FA B8 9F FF FF 20 17 CE 0A 1F DB B2 DF 58 32 43 
	4D 5C 70 F1 1F CB 33 82 BA F6 EF 4D 78 6F D5 14 
	2B 9D 05 F7 FC A5 6E 56 F5 4C 64 42 D8 7D 51 89 
	59 5C 3C 1D 73 0E 00 2A 12 2E 34 CB F1 B3 A8 EE 
	F8 B5 38 CF AC E1 A4 EE 47 49 B1 0E 4C A9 30 5C 
	7C 7E AB 8B 88 AA 00 8C 28 34 A4 38 30 B5 12 5A 
	50 B6 3D 42 E4 CE 42 03 60 5B 39 67 B6 5B 99 C1 
	25 F9 6F 84 AE 6A 4D F0 BE 81 68 34 E4 7D 4A 57 
	4F 67 FF F5 50 39 85 EA 4B 3A 9C 4D 98 14 FB E4 
	A9 91 C4 6E 1B 1B A0 60 47 77 78 8F 78 40 DC CD 
	6C B6 F3 4A 20 7A 55 99 D4 05 03 12 4F 00 D1 97 
	62 9B FA 26 E7 68 EE 4E 44 D6 EB B9 2D A8 4D D9 
	D6 E6 A0 D6 90 19 12 D4 B4 DF 36 34 83 68 E2 F5 
	41 89 40 F0 98 B2 B3 83 D0 36 8E B0 66 7D A2 1E 
	42 57 CB 7C 18 F6 84 74 CB 1B 1D C2 CE C9 A4 46 
	83 E7 70 DE AB 13 6E 22 77 94 12 2B CB E9 53 02 
	CF 2F 68 BC 7F 81 B5 4D A1 06 01 52 6A 74 22 79 
	1B F1 10 54 43 18 6D D4 70 B1 C2 3D F1 4E E1 33 
	47 5D BD 32 3B 9A 36 54 3A 52 B3 14 12 B2 12 1B 
	C1 2E 40 BF D1 20 F0 9E A0 B1 3D 3A 49 CE 40 E3 
	EC 4E 3E 7F 28 8E 86 26 E8 6A 43 97 95 94 BF 3C 
	1E 92 37 B6 F8 2F 89 1C 61 38 19 6C E8 42 7A BE 
	C8 92 80 BA 47 FE E6 95 86 78 1B C9 79 EE E1 6C 
	F2 01 D2 58 20 0D BE 22 2A 8A 29 7F 75 A3 1F 48 
	DF A6 34 A1 0C F3 72 8F A9 0B C0 84 2E E1 3A 0A 
	8A 4A 3E 1B 09 
TH2 (size 32):
	46 97 10 7E D0 6D E2 40 1B 0A 43 E8 E1 08 E5 0D 
	8A C1 DF 41 8E DF AA 6B F7 50 84 72 BA 87 16 CF 
TH_2 (size 32):
	46 97 10 7E D0 6D E2 40 1B 0A 43 E8 E1 08 E5 0D 
	8A C1 DF 41 8E DF AA 6B F7 50 84 72 BA 87 16 CF 
PRK_2e (first DH derivation) (size 32):
	96 D5 DE CB AC 54 21 A5 77 BE 0E A1 77 FB 02 28 
	32 26 D2 89 6C CB 7D 05 24 6F C5 0C B6 D4 16 96 
PRK_2e_b (second KEM derivation) (size 32):
	7E 1E 0E B7 97 E8 4A D7 DB 3A 04 F9 24 4E F7 14 
	44 77 91 CF FD 79 D3 7D 66 10 54 52 78 0A A4 73 
PRK_2e final (size 32):
	7E 1E 0E B7 97 E8 4A D7 DB 3A 04 F9 24 4E F7 14 
	44 77 91 CF FD 79 D3 7D 66 10 54 52 78 0A A4 73 
SHARED SECRET DERIVE
dh_secret (size 32):
	16 97 10 01 99 18 A8 54 1B A3 52 5C 8E 48 5B E2 
	43 22 F8 E6 D1 35 A8 7C 69 E0 DF CC 76 8E ED 5B 
SALT_3e2m or SALT4e3m (size 32):
	A0 55 9B 0F 0D 48 91 10 EA D1 85 CA B7 9D BB 9B 
	80 B1 43 6A 04 3F 23 64 D2 BF 16 61 45 91 6D 5C 
prk_3e2m (size 32):
	10 1F 3A C6 6C 67 D3 DC 30 EF 47 92 EA D3 2D B9 
	D5 CE D1 C0 E5 EC 5A EC C0 BB 93 36 14 E5 BA 5A 
Signature len 500 - 64
TMP size: 32
CBOR ENCODE ERROR: 0
MAX ID CRED: 400 cred len 3
MAX CRED: 765 cred len 3
PK SIZE: 65
SIGNATURE SIZE: 500
CONTEXT_MAC_SIZE: 1204
CONTEXT_MAC len: 42
CR len: 2
TH enc len: 34
TMP size: 1
CBOR ENCODE ERROR: 0
MAC context (size 42):
	41 A1 A1 04 01 58 20 46 97 10 7E D0 6D E2 40 1B 
	0A 43 E8 E1 08 E5 0D 8A C1 DF 41 8E DF AA 6B F7 
	50 84 72 BA 87 16 CF A1 04 01 
MAC 2/3 (size 8):
	F9 B6 36 86 AF AF 81 09 
TMP size: 8
CBOR ENCODE ERROR: 0
TMP size: 1
CBOR ENCODE ERROR: 0
kid (size 1):
	01 
KEYSTREAM_2 (size 12):
	97 FD 63 51 B1 79 00 A8 60 E0 2D 12 
ciphertext_2/3/4 (size 12):
	D6 5C 62 19 48 CF 36 2E CF 4F AC 1B 
TMP size: 1132
CBOR ENCODE ERROR: 0
message_2 (CBOR Sequence) (size 1135):
	59 04 6C 27 B1 D6 35 A6 63 38 2D 99 E0 31 B3 E9 
	A5 D6 82 A0 95 45 04 93 56 AF 6F 13 54 DE D1 3E 
	D2 9C 72 3A 53 53 32 FE 16 21 1D AC E8 68 FB CF 
	7A 48 CF 59 79 2C C4 81 7A 5A CD 2C 6D 48 ED FF 
	67 BA 20 BD 36 EA 99 E9 F7 C6 AD 39 01 BB 78 07 
	7D E3 65 05 95 D9 34 64 DA 73 06 EB 78 C9 20 BA 
	09 AD 8E 57 72 1F 22 20 87 7B 71 33 05 A4 CD 9F 
	45 D4 F6 B7 F4 DE 88 7F 46 B0 21 C1 DA A5 B5 78 
	A1 9D DF A1 13 F4 38 BC FD 11 90 69 73 DB 76 18 
	C9 10 10 F9 71 87 7B 10 1B C9 CF 11 21 16 D1 1B 
	32 83 39 78 34 69 15 92 83 37 9D AC 53 6B 46 50 
	3C 36 48 45 B3 61 01 66 3F 3E E5 AE 20 D6 35 25 
	AC 70 84 41 DA 88 73 83 FB 36 A6 02 5E 33 1E 36 
	B0 83 3C 8A B3 3F 3C B3 CD AC 5F 09 21 F1 BF 37 
	D1 09 07 BA 92 DE 0B F4 A7 36 AD 7A F8 20 4E 87 
	D7 50 D8 FB 87 8C CA 53 2F 32 6B D0 58 89 07 81 
	B2 33 73 30 03 DA 37 F7 C2 BD BD 1E AE F5 3D 89 
	F0 41 C9 4F 0F 7A 71 68 AD 78 9B 0F 68 25 38 57 
	2E 24 A9 C7 A7 65 21 D7 D5 6F 02 A0 B9 DD D2 A2 
	F7 3D 64 EA 79 5D AD 92 93 23 AF 15 61 3B E6 BD 
	87 AE 79 53 28 F1 BE BC 40 B9 02 C3 1B EA 48 18 
	85 D5 B4 41 F1 F1 CA 55 64 60 F5 F7 FD F3 41 76 
	1C D2 B2 D8 DE 2C E5 C3 42 41 9D 1F 4F 71 C6 33 
	82 71 CD B8 FC 81 CF 9E AF FB 83 A9 04 D9 EA 04 
	3E 63 03 2C 72 46 4D AC EB 10 93 FF 2A E1 38 26 
	31 52 45 34 AF 20 A1 34 6D 5C 3B 98 48 87 4D AB 
	3A 98 2B BF CD 96 71 C2 29 15 EA 2E 16 CB 1B EB 
	5C A1 34 CD 35 44 DB 3F A6 CF B5 8C F8 BD 5D 3D 
	6F 6F BB AA 8D A2 93 31 FA F4 B2 05 EA E4 17 0C 
	86 2E 03 74 2E DB F4 B8 D0 0A E7 9F 6B 3C 2E 94 
	6F 08 BE CD 44 AD 45 12 D4 A8 A0 97 B0 58 38 67 
	94 DC 76 5A D4 44 47 15 97 02 A6 E3 2E C8 4A E8 
	5F B0 D6 37 DF CD BC BC AE 1B 7C 17 63 88 B8 7C 
	50 0E F3 EE C8 81 77 CD 2E 91 DF 8A 9B 9C 7D 51 
	4A 32 D1 59 9C C3 93 CD 2D 4B 55 2B 43 0A E4 C4 
	CC 6D 39 E8 43 C8 42 6E A7 4A 53 01 98 9E EC 7B 
	63 69 E4 A1 2C 2D 60 40 3D D1 7B E3 41 50 75 F1 
	0C 99 F6 F8 3C C0 B1 1A 32 D2 02 89 52 3B E9 C1 
	DE 55 2A 66 8F 4B BC 0C 1C 59 CA 37 19 FF 0F 88 
	0E D7 2F BA A3 B4 94 A7 AD BA E2 C6 74 F8 F0 C5 
	B3 F9 1C 23 76 E7 2C CA 13 6B 46 A8 26 88 EC D8 
	8B 8C E9 80 3F EF C8 85 CF 8D 89 41 16 64 D2 37 
	5F 49 46 44 95 85 5E 57 B7 9B F5 D9 74 0D 11 FA 
	A8 FF E7 D4 94 B7 0C D7 1E 6D D4 D2 91 0D 56 69 
	A1 F6 87 BD 10 46 4D 11 14 83 76 86 06 7B 6A B0 
	10 DB 9F E2 08 C5 86 8F A0 4A 70 3F A3 B1 11 83 
	11 B9 46 22 CF E8 EE F3 D9 51 A6 7C 84 8F CA 33 
	FA B8 9F FF FF 20 17 CE 0A 1F DB B2 DF 58 32 43 
	4D 5C 70 F1 1F CB 33 82 BA F6 EF 4D 78 6F D5 14 
	2B 9D 05 F7 FC A5 6E 56 F5 4C 64 42 D8 7D 51 89 
	59 5C 3C 1D 73 0E 00 2A 12 2E 34 CB F1 B3 A8 EE 
	F8 B5 38 CF AC E1 A4 EE 47 49 B1 0E 4C A9 30 5C 
	7C 7E AB 8B 88 AA 00 8C 28 34 A4 38 30 B5 12 5A 
	50 B6 3D 42 E4 CE 42 03 60 5B 39 67 B6 5B 99 C1 
	25 F9 6F 84 AE 6A 4D F0 BE 81 68 34 E4 7D 4A 57 
	4F 67 FF F5 50 39 85 EA 4B 3A 9C 4D 98 14 FB E4 
	A9 91 C4 6E 1B 1B A0 60 47 77 78 8F 78 40 DC CD 
	6C B6 F3 4A 20 7A 55 99 D4 05 03 12 4F 00 D1 97 
	62 9B FA 26 E7 68 EE 4E 44 D6 EB B9 2D A8 4D D9 
	D6 E6 A0 D6 90 19 12 D4 B4 DF 36 34 83 68 E2 F5 
	41 89 40 F0 98 B2 B3 83 D0 36 8E B0 66 7D A2 1E 
	42 57 CB 7C 18 F6 84 74 CB 1B 1D C2 CE C9 A4 46 
	83 E7 70 DE AB 13 6E 22 77 94 12 2B CB E9 53 02 
	CF 2F 68 BC 7F 81 B5 4D A1 06 01 52 6A 74 22 79 
	1B F1 10 54 43 18 6D D4 70 B1 C2 3D F1 4E E1 33 
	47 5D BD 32 3B 9A 36 54 3A 52 B3 14 12 B2 12 1B 
	C1 2E 40 BF D1 20 F0 9E A0 B1 3D 3A 49 CE 40 E3 
	EC 4E 3E 7F 28 8E 86 26 E8 6A 43 97 95 94 BF 3C 
	1E 92 37 B6 F8 2F 89 1C 61 38 19 6C E8 42 7A BE 
	C8 92 80 BA 47 FE E6 95 86 78 1B C9 79 EE E1 6C 
	F2 01 D2 D6 5C 62 19 48 CF 36 2E CF 4F AC 1B 
th23 (size 32):
	46 97 10 7E D0 6D E2 40 1B 0A 43 E8 E1 08 E5 0D 
	8A C1 DF 41 8E DF AA 6B F7 50 84 72 BA 87 16 CF 
plaintext_23 (size 12):
	41 A1 01 48 F9 B6 36 86 AF AF 81 09 
cred (size 3):
	A1 04 01 
TMP size: 32
CBOR ENCODE ERROR: 0
Encoded
memcopy1
memcopy2
Input to calculate TH_3/TH_4 (CBOR Sequence) (size 49):
	58 20 46 97 10 7E D0 6D E2 40 1B 0A 43 E8 E1 08 
	E5 0D 8A C1 DF 41 8E DF AA 6B F7 50 84 72 BA 87 
	16 CF 41 A1 01 48 F9 B6 36 86 AF AF 81 09 A1 04 
	01 
TH34 (size 32):
	28 F3 71 B5 E4 2B B2 53 84 38 59 3A E1 81 D5 96 
	5D 5B 9F E3 5A 44 81 F0 CA F1 39 B1 DC 54 3B C6 
msg2 generated
msg2 (size 1135):
	59 04 6C 27 B1 D6 35 A6 63 38 2D 99 E0 31 B3 E9 
	A5 D6 82 A0 95 45 04 93 56 AF 6F 13 54 DE D1 3E 
	D2 9C 72 3A 53 53 32 FE 16 21 1D AC E8 68 FB CF 
	7A 48 CF 59 79 2C C4 81 7A 5A CD 2C 6D 48 ED FF 
	67 BA 20 BD 36 EA 99 E9 F7 C6 AD 39 01 BB 78 07 
	7D E3 65 05 95 D9 34 64 DA 73 06 EB 78 C9 20 BA 
	09 AD 8E 57 72 1F 22 20 87 7B 71 33 05 A4 CD 9F 
	45 D4 F6 B7 F4 DE 88 7F 46 B0 21 C1 DA A5 B5 78 
	A1 9D DF A1 13 F4 38 BC FD 11 90 69 73 DB 76 18 
	C9 10 10 F9 71 87 7B 10 1B C9 CF 11 21 16 D1 1B 
	32 83 39 78 34 69 15 92 83 37 9D AC 53 6B 46 50 
	3C 36 48 45 B3 61 01 66 3F 3E E5 AE 20 D6 35 25 
	AC 70 84 41 DA 88 73 83 FB 36 A6 02 5E 33 1E 36 
	B0 83 3C 8A B3 3F 3C B3 CD AC 5F 09 21 F1 BF 37 
	D1 09 07 BA 92 DE 0B F4 A7 36 AD 7A F8 20 4E 87 
	D7 50 D8 FB 87 8C CA 53 2F 32 6B D0 58 89 07 81 
	B2 33 73 30 03 DA 37 F7 C2 BD BD 1E AE F5 3D 89 
	F0 41 C9 4F 0F 7A 71 68 AD 78 9B 0F 68 25 38 57 
	2E 24 A9 C7 A7 65 21 D7 D5 6F 02 A0 B9 DD D2 A2 
	F7 3D 64 EA 79 5D AD 92 93 23 AF 15 61 3B E6 BD 
	87 AE 79 53 28 F1 BE BC 40 B9 02 C3 1B EA 48 18 
	85 D5 B4 41 F1 F1 CA 55 64 60 F5 F7 FD F3 41 76 
	1C D2 B2 D8 DE 2C E5 C3 42 41 9D 1F 4F 71 C6 33 
	82 71 CD B8 FC 81 CF 9E AF FB 83 A9 04 D9 EA 04 
	3E 63 03 2C 72 46 4D AC EB 10 93 FF 2A E1 38 26 
	31 52 45 34 AF 20 A1 34 6D 5C 3B 98 48 87 4D AB 
	3A 98 2B BF CD 96 71 C2 29 15 EA 2E 16 CB 1B EB 
	5C A1 34 CD 35 44 DB 3F A6 CF B5 8C F8 BD 5D 3D 
	6F 6F BB AA 8D A2 93 31 FA F4 B2 05 EA E4 17 0C 
	86 2E 03 74 2E DB F4 B8 D0 0A E7 9F 6B 3C 2E 94 
	6F 08 BE CD 44 AD 45 12 D4 A8 A0 97 B0 58 38 67 
	94 DC 76 5A D4 44 47 15 97 02 A6 E3 2E C8 4A E8 
	5F B0 D6 37 DF CD BC BC AE 1B 7C 17 63 88 B8 7C 
	50 0E F3 EE C8 81 77 CD 2E 91 DF 8A 9B 9C 7D 51 
	4A 32 D1 59 9C C3 93 CD 2D 4B 55 2B 43 0A E4 C4 
	CC 6D 39 E8 43 C8 42 6E A7 4A 53 01 98 9E EC 7B 
	63 69 E4 A1 2C 2D 60 40 3D D1 7B E3 41 50 75 F1 
	0C 99 F6 F8 3C C0 B1 1A 32 D2 02 89 52 3B E9 C1 
	DE 55 2A 66 8F 4B BC 0C 1C 59 CA 37 19 FF 0F 88 
	0E D7 2F BA A3 B4 94 A7 AD BA E2 C6 74 F8 F0 C5 
	B3 F9 1C 23 76 E7 2C CA 13 6B 46 A8 26 88 EC D8 
	8B 8C E9 80 3F EF C8 85 CF 8D 89 41 16 64 D2 37 
	5F 49 46 44 95 85 5E 57 B7 9B F5 D9 74 0D 11 FA 
	A8 FF E7 D4 94 B7 0C D7 1E 6D D4 D2 91 0D 56 69 
	A1 F6 87 BD 10 46 4D 11 14 83 76 86 06 7B 6A B0 
	10 DB 9F E2 08 C5 86 8F A0 4A 70 3F A3 B1 11 83 
	11 B9 46 22 CF E8 EE F3 D9 51 A6 7C 84 8F CA 33 
	FA B8 9F FF FF 20 17 CE 0A 1F DB B2 DF 58 32 43 
	4D 5C 70 F1 1F CB 33 82 BA F6 EF 4D 78 6F D5 14 
	2B 9D 05 F7 FC A5 6E 56 F5 4C 64 42 D8 7D 51 89 
	59 5C 3C 1D 73 0E 00 2A 12 2E 34 CB F1 B3 A8 EE 
	F8 B5 38 CF AC E1 A4 EE 47 49 B1 0E 4C A9 30 5C 
	7C 7E AB 8B 88 AA 00 8C 28 34 A4 38 30 B5 12 5A 
	50 B6 3D 42 E4 CE 42 03 60 5B 39 67 B6 5B 99 C1 
	25 F9 6F 84 AE 6A 4D F0 BE 81 68 34 E4 7D 4A 57 
	4F 67 FF F5 50 39 85 EA 4B 3A 9C 4D 98 14 FB E4 
	A9 91 C4 6E 1B 1B A0 60 47 77 78 8F 78 40 DC CD 
	6C B6 F3 4A 20 7A 55 99 D4 05 03 12 4F 00 D1 97 
	62 9B FA 26 E7 68 EE 4E 44 D6 EB B9 2D A8 4D D9 
	D6 E6 A0 D6 90 19 12 D4 B4 DF 36 34 83 68 E2 F5 
	41 89 40 F0 98 B2 B3 83 D0 36 8E B0 66 7D A2 1E 
	42 57 CB 7C 18 F6 84 74 CB 1B 1D C2 CE C9 A4 46 
	83 E7 70 DE AB 13 6E 22 77 94 12 2B CB E9 53 02 
	CF 2F 68 BC 7F 81 B5 4D A1 06 01 52 6A 74 22 79 
	1B F1 10 54 43 18 6D D4 70 B1 C2 3D F1 4E E1 33 
	47 5D BD 32 3B 9A 36 54 3A 52 B3 14 12 B2 12 1B 
	C1 2E 40 BF D1 20 F0 9E A0 B1 3D 3A 49 CE 40 E3 
	EC 4E 3E 7F 28 8E 86 26 E8 6A 43 97 95 94 BF 3C 
	1E 92 37 B6 F8 2F 89 1C 61 38 19 6C E8 42 7A BE 
	C8 92 80 BA 47 FE E6 95 86 78 1B C9 79 EE E1 6C 
	F2 01 D2 D6 5C 62 19 48 CF 36 2E CF 4F AC 1B 
ead prcessed
[resp] tx sent 1135 bytes
mesage tx
waiting to receive
[resp] rx got 21 bytes
received
CIPHERTEXT_3 (size 20):
	6B E9 44 B3 02 10 F9 BE DA 92 DA 70 1B ED AB FF 
	45 40 1F F2 
PLAINTEXT3_SIZE: 903
ctxt3.len: 20
K_3 (size 16):
	77 5C D2 29 36 C8 BE 25 56 9E 9C 06 6D 47 49 4A 
IV_3 (size 13):
	A8 8B FB 39 29 62 9C 1F E5 08 93 B3 09 
associated_data (size 45):
	83 68 45 6E 63 72 79 70 74 30 40 58 20 28 F3 71 
	B5 E4 2B B2 53 84 38 59 3A E1 81 D5 96 5D 5B 9F 
	E3 5A 44 81 F0 CA F1 39 B1 DC 54 3B C6 
plaintext (size 12):
	A1 04 00 48 E0 B7 A0 50 2F 29 FE B9 
ID_CRED (size 3):
	A1 04 00 
sign_or_mac (size 8):
	E0 B7 A0 50 2F 29 FE B9 
[cred] lookup ID_CRED len=3
A10400
[cred] cred_array entries: 1
[cred] candidate[0] len=3 A10400
SHARED SECRET DERIVE
dh_secret (size 32):
	6C AA 7E E1 BA D2 D5 D5 C3 6D 15 AA 95 09 CF D4 
	84 71 E2 B0 43 B8 D2 92 C7 78 9F 3C 1B 1B 6C 3F 
SALT_3e2m or SALT4e3m (size 32):
	89 83 E3 E8 F6 48 6A 31 52 57 BD B7 64 39 11 46 
	3D 93 98 90 D2 10 32 81 B3 13 68 76 15 21 B2 96 
prk_4e3m (size 32):
	98 BB D5 D0 14 77 57 C8 46 F4 24 12 90 A2 9A D2 
	65 92 A3 5A 67 CD B4 3E BC 50 8E 6E 9E 3D 0C 5F 
TMP size: 32
CBOR ENCODE ERROR: 0
MAX ID CRED: 400 cred len 3
MAX CRED: 765 cred len 3
PK SIZE: 65
SIGNATURE SIZE: 500
CONTEXT_MAC_SIZE: 1204
CONTEXT_MAC len: 41
CR len: 1
TH enc len: 34
MAC context (size 40):
	A1 04 00 58 20 28 F3 71 B5 E4 2B B2 53 84 38 59 
	3A E1 81 D5 96 5D 5B 9F E3 5A 44 81 F0 CA F1 39 
	B1 DC 54 3B C6 A1 04 00 
MAC 2/3 (size 8):
	E0 B7 A0 50 2F 29 FE B9 
th23 (size 32):
	28 F3 71 B5 E4 2B B2 53 84 38 59 3A E1 81 D5 96 
	5D 5B 9F E3 5A 44 81 F0 CA F1 39 B1 DC 54 3B C6 
plaintext_23 (size 12):
	A1 04 00 48 E0 B7 A0 50 2F 29 FE B9 
cred (size 3):
	A1 04 00 
TMP size: 32
CBOR ENCODE ERROR: 0
Encoded
memcopy1
memcopy2
Input to calculate TH_3/TH_4 (CBOR Sequence) (size 49):
	58 20 28 F3 71 B5 E4 2B B2 53 84 38 59 3A E1 81 
	D5 96 5D 5B 9F E3 5A 44 81 F0 CA F1 39 B1 DC 54 
	3B C6 A1 04 00 48 E0 B7 A0 50 2F 29 FE B9 A1 04 
	00 
TH34 (size 32):
	AF 30 94 3D F2 DD 08 82 40 04 72 37 63 82 C5 C4 
	AC BA A9 50 4B 22 D0 2E 9B 48 5B 72 85 95 24 CC 
[resp] edhoc_responder_run completed
PRK_out (size 32):
	E4 5C 49 DA 4C 3F 24 FF F9 19 7D D1 AC DB B0 8F 
	04 06 29 22 C6 91 83 62 50 E4 D5 A7 1F 0F 0C F1 
prk_exporter (size 32):
	40 7A 95 73 76 63 F3 5C EB F2 1A 9E 81 B5 CC 15 
	E7 B9 71 C0 18 EE 48 8F EB 25 EA 06 96 FB 45 FC 
OSCORE Master Secret (size 16):
	E7 76 D0 B6 8C 49 F7 B6 5A 95 35 D9 F6 AE 83 B9 
OSCORE Master Salt (size 8):
	2D D0 7C 58 B2 4A 87 CD 
