NO DEFINED LIBOQS
initiator test vector number 2:initator cipher suit: (size 1):
	02 
initiator sk size:32 
initiator pk size:65 
secret ephemeral DH key (size 32):
	8A F6 F4 30 EB E1 8D 34 18 40 17 A9 A1 1B F5 11 
	C8 DF F8 F8 34 73 0B 96 C1 B7 C8 DB CA 2F C3 B6 
public ephemeral DH key (size 32):
	36 8E C1 F6 9A EB 65 9B A3 7D 5A 8D 45 B2 1B DC 
	02 99 DC EA A8 EF 23 5F 3C A4 2C E3 53 0F 95 25 
IPv4 client to connect to server with address 127.0.0.1 started!
MSG1 gx (size 32):
	8A F6 F4 30 EB E1 8D 34 18 40 17 A9 A1 1B F5 11 
	C8 DF F8 F8 34 73 0B 96 C1 B7 C8 DB CA 2F C3 B6 
X (eph -rpivate I) (size 32):
	36 8E C1 F6 9A EB 65 9B A3 7D 5A 8D 45 B2 1B DC 
	02 99 DC EA A8 EF 23 5F 3C A4 2C E3 53 0F 95 25 
C_I (size 1):
	37 
message_1 (CBOR Sequence) (size 37):
	00 02 58 20 8A F6 F4 30 EB E1 8D 34 18 40 17 A9 
	A1 1B F5 11 C8 DF F8 F8 34 73 0B 96 C1 B7 C8 DB 
	CA 2F C3 B6 37 
MSG: (size 37):
	00 02 58 20 8A F6 F4 30 EB E1 8D 34 18 40 17 A9 
	A1 1B F5 11 C8 DF F8 F8 34 73 0B 96 C1 B7 C8 DB 
	CA 2F C3 B6 37 
Max MSG2 size 2027
Set gy to the dh key size for DH
message_2 (CBOR Sequence) (size 115):
	58 71 C5 9B C3 2F B8 71 98 EE CE 21 79 3A 42 1C 
	8F 9F DE D3 80 B7 A0 EF FD 89 BB 79 11 D9 23 38 
	5C DD D5 E9 93 C1 19 55 63 EE 18 15 3C 58 20 28 
	DD 40 16 69 E8 20 59 6B CB 64 71 21 74 2E 89 5E 
	E8 75 19 92 7B D0 CB DA 99 78 89 8F 4C 7D C3 CE 
	19 D6 30 E0 C6 F6 30 A8 49 B2 98 E0 C6 A2 C5 F0 
	4D 07 2C 2D DB E8 90 82 02 DB 1E E6 08 C4 97 D4 
	6A 0B F6 
g_y (size 32):
	C5 9B C3 2F B8 71 98 EE CE 21 79 3A 42 1C 8F 9F 
	DE D3 80 B7 A0 EF FD 89 BB 79 11 D9 23 38 5C DD 
ciphertext2 (size 81):
	D5 E9 93 C1 19 55 63 EE 18 15 3C 58 20 28 DD 40 
	16 69 E8 20 59 6B CB 64 71 21 74 2E 89 5E E8 75 
	19 92 7B D0 CB DA 99 78 89 8F 4C 7D C3 CE 19 D6 
	30 E0 C6 F6 30 A8 49 B2 98 E0 C6 A2 C5 F0 4D 07 
	2C 2D DB E8 90 82 02 DB 1E E6 08 C4 97 D4 6A 0B 
	F6 
PQ/T Hybrid array foe g_xy_KEM
x  (size 32):
	36 8E C1 F6 9A EB 65 9B A3 7D 5A 8D 45 B2 1B DC 
	02 99 DC EA A8 EF 23 5F 3C A4 2C E3 53 0F 95 25 
gy  (size 32):
	C5 9B C3 2F B8 71 98 EE CE 21 79 3A 42 1C 8F 9F 
	DE D3 80 B7 A0 EF FD 89 BB 79 11 D9 23 38 5C DD 
SHARED SECRET DERIVE
P256 in DH
pk_decompressed tinycript (size 64):
	C5 9B C3 2F B8 71 98 EE CE 21 79 3A 42 1C 8F 9F 
	DE D3 80 B7 A0 EF FD 89 BB 79 11 D9 23 38 5C DD 
	68 A2 D0 13 03 21 41 02 A2 4E 4E 2A 0E 04 97 A1 
	D5 7B EC 07 49 26 FA E3 49 25 A5 6D 6F E9 38 8C 
G_XY (ECDH shared secret)  (size 32):
	F6 15 5A DA D5 02 F8 9B 18 01 95 95 E0 D4 DD F3 
	80 F6 B9 82 C8 5C E2 7A 32 81 67 74 09 EF 10 A0 
hash_msg1_raw (size 32):
	C7 93 1F CA 62 16 CA BC B5 A9 AB 7B 17 61 AE 46 
	78 94 6B A4 F6 0B 6D E1 63 14 69 18 2A 4E 67 26 
Input to calculate TH_2 (CBOR Sequence) (size 68):
	58 20 C5 9B C3 2F B8 71 98 EE CE 21 79 3A 42 1C 
	8F 9F DE D3 80 B7 A0 EF FD 89 BB 79 11 D9 23 38 
	5C DD 58 20 C7 93 1F CA 62 16 CA BC B5 A9 AB 7B 
	17 61 AE 46 78 94 6B A4 F6 0B 6D E1 63 14 69 18 
	2A 4E 67 26 
TH2 (size 32):
	A6 98 FD FA 04 9F F4 2A E9 E0 18 7B B8 62 98 78 
	4A F5 B8 AB BD EE FE 86 52 09 D8 09 46 29 D7 0B 
TH_2 (size 32):
	A6 98 FD FA 04 9F F4 2A E9 E0 18 7B B8 62 98 78 
	4A F5 B8 AB BD EE FE 86 52 09 D8 09 46 29 D7 0B 
PRK_2e (size 32):
	46 C9 DA 09 06 F1 F8 12 D7 63 4D 69 A0 B8 24 AE 
	E0 CE 48 A7 10 E5 9F 8E 0F 12 5E 1A A4 63 85 EB 
KEYSTREAM_2 (size 81):
	F2 48 8B E3 9B 7B 2B DA 98 E0 C6 59 88 83 29 18 
	56 2F 1D 6A 00 66 69 9E 58 B5 5D 9E 5F 80 51 9A 
	23 8D 0C C8 4D 0F 52 BA 63 0A 82 F5 0F 14 33 18 
	E6 23 63 64 FA A9 E1 76 91 F9 F9 E6 6B 8A 38 54 
	82 89 DC 14 F2 98 2C 51 64 B6 F0 1B 9D EB 75 09 
	7C 
associated_data (size 45):
	83 68 45 6E 63 72 79 70 74 30 40 58 20 A6 98 FD 
	FA 04 9F F4 2A E9 E0 18 7B B8 62 98 78 4A F5 B8 
	AB BD EE FE 86 52 09 D8 09 46 29 D7 0B 
plaintext (size 81):
	27 A1 18 22 82 2E 48 34 80 F5 FA 01 A8 AB F4 58 
	40 46 F5 4A 59 0D A2 FA 29 94 29 B0 D6 DE B9 EF 
	3A 1F 77 18 86 D5 CB C2 EA 85 CE 88 CC DA 2A CE 
	D6 C3 A5 92 CA 01 A8 C4 09 19 3F 44 AE 7A 75 53 
	AE A4 07 FC 62 1A 2E 8A 7A 50 F8 DF 0A 3F 1F 02 
	8A 
C_R (raw) (size 1):
	27 
ID_CRED (size 14):
	A1 18 22 82 2E 48 34 80 F5 FA 01 A8 AB F4 
sign_or_mac (size 64):
	46 F5 4A 59 0D A2 FA 29 94 29 B0 D6 DE B9 EF 3A 
	1F 77 18 86 D5 CB C2 EA 85 CE 88 CC DA 2A CE D6 
	C3 A5 92 CA 01 A8 C4 09 19 3F 44 AE 7A 75 53 AE 
	A4 07 FC 62 1A 2E 8A 7A 50 F8 DF 0A 3F 1F 02 8A 
[cred] lookup ID_CRED len=14
A11822822E483480F5FA01A8ABF4
[cred] cred_array entries: 1
[cred] candidate[0] len=14 A11822822E483480F5FA01A8ABF4
prk_3e2m (size 32):
	46 C9 DA 09 06 F1 F8 12 D7 63 4D 69 A0 B8 24 AE 
	E0 CE 48 A7 10 E5 9F 8E 0F 12 5E 1A A4 63 85 EB 
TMP size: 32
CBOR ENCODE ERROR: 0
MAX ID CRED: 400 cred len 14
MAX CRED: 765 cred len 293
PK SIZE: 65
SIGNATURE SIZE: 500
CONTEXT_MAC_SIZE: 1204
CONTEXT_MAC len: 343
CR len: 2
TH enc len: 34
TMP size: 1
CBOR ENCODE ERROR: 0
MAC context (size 343):
	41 27 A1 18 22 82 2E 48 34 80 F5 FA 01 A8 AB F4 
	58 20 A6 98 FD FA 04 9F F4 2A E9 E0 18 7B B8 62 
	98 78 4A F5 B8 AB BD EE FE 86 52 09 D8 09 46 29 
	D7 0B 59 01 22 30 82 01 1E 30 81 C5 A0 03 02 01 
	02 02 04 61 E9 98 1E 30 0A 06 08 2A 86 48 CE 3D 
	04 03 02 30 15 31 13 30 11 06 03 55 04 03 0C 0A 
	45 44 48 4F 43 20 52 6F 6F 74 30 1E 17 0D 32 32 
	30 31 32 30 31 37 31 33 30 32 5A 17 0D 32 39 31 
	32 33 31 32 33 30 30 30 30 5A 30 1A 31 18 30 16 
	06 03 55 04 03 0C 0F 45 44 48 4F 43 20 52 65 73 
	70 6F 6E 64 65 72 30 59 30 13 06 07 2A 86 48 CE 
	3D 02 01 06 08 2A 86 48 CE 3D 03 01 07 03 42 00 
	04 BB C3 49 60 52 6E A4 D3 2E 94 0C AD 2A 23 41 
	48 DD C2 17 91 A1 2A FB CB AC 93 62 20 46 DD 44 
	F0 45 19 E2 57 23 6B 2A 0C E2 02 3F 09 31 F1 F3 
	86 CA 7A FD A6 4F CD E0 10 8C 22 4C 51 EA BF 60 
	72 30 0A 06 08 2A 86 48 CE 3D 04 03 02 03 48 00 
	30 45 02 20 30 19 4E F5 FC 65 C8 B7 95 CD CD 0B 
	B4 31 BF 83 EE 67 41 C1 37 0C 22 C8 EB 8E E9 ED 
	D2 A7 05 19 02 21 00 B5 83 0E 9C 89 A6 2A C7 3C 
	E1 EB CE 00 61 70 7D B8 A8 8E 23 70 9B 4A CC 58 
	A1 31 3B 13 3D 05 58 
is not DH, 32
MAC 2/3 (size 32):
	26 89 E5 B2 D4 3D DA 0E 50 08 FC 2D C2 30 A7 03 
	59 80 49 B6 FD CE 28 1D 65 DF A2 4D 41 78 9C BD 
TMP size: 32
CBOR ENCODE ERROR: 0
Signature or MAC verification successful!
th23 (size 32):
	A6 98 FD FA 04 9F F4 2A E9 E0 18 7B B8 62 98 78 
	4A F5 B8 AB BD EE FE 86 52 09 D8 09 46 29 D7 0B 
plaintext_23 (size 81):
	27 A1 18 22 82 2E 48 34 80 F5 FA 01 A8 AB F4 58 
	40 46 F5 4A 59 0D A2 FA 29 94 29 B0 D6 DE B9 EF 
	3A 1F 77 18 86 D5 CB C2 EA 85 CE 88 CC DA 2A CE 
	D6 C3 A5 92 CA 01 A8 C4 09 19 3F 44 AE 7A 75 53 
	AE A4 07 FC 62 1A 2E 8A 7A 50 F8 DF 0A 3F 1F 02 
	8A 
cred (size 293):
	59 01 22 30 82 01 1E 30 81 C5 A0 03 02 01 02 02 
	04 61 E9 98 1E 30 0A 06 08 2A 86 48 CE 3D 04 03 
	02 30 15 31 13 30 11 06 03 55 04 03 0C 0A 45 44 
	48 4F 43 20 52 6F 6F 74 30 1E 17 0D 32 32 30 31 
	32 30 31 37 31 33 30 32 5A 17 0D 32 39 31 32 33 
	31 32 33 30 30 30 30 5A 30 1A 31 18 30 16 06 03 
	55 04 03 0C 0F 45 44 48 4F 43 20 52 65 73 70 6F 
	6E 64 65 72 30 59 30 13 06 07 2A 86 48 CE 3D 02 
	01 06 08 2A 86 48 CE 3D 03 01 07 03 42 00 04 BB 
	C3 49 60 52 6E A4 D3 2E 94 0C AD 2A 23 41 48 DD 
	C2 17 91 A1 2A FB CB AC 93 62 20 46 DD 44 F0 45 
	19 E2 57 23 6B 2A 0C E2 02 3F 09 31 F1 F3 86 CA 
	7A FD A6 4F CD E0 10 8C 22 4C 51 EA BF 60 72 30 
	0A 06 08 2A 86 48 CE 3D 04 03 02 03 48 00 30 45 
	02 20 30 19 4E F5 FC 65 C8 B7 95 CD CD 0B B4 31 
	BF 83 EE 67 41 C1 37 0C 22 C8 EB 8E E9 ED D2 A7 
	05 19 02 21 00 B5 83 0E 9C 89 A6 2A C7 3C E1 EB 
	CE 00 61 70 7D B8 A8 8E 23 70 9B 4A CC 58 A1 31 
	3B 13 3D 05 58 
TMP size: 32
CBOR ENCODE ERROR: 0
Encoded
memcopy1
memcopy2
Input to calculate TH_3/TH_4 (CBOR Sequence) (size 408):
	58 20 A6 98 FD FA 04 9F F4 2A E9 E0 18 7B B8 62 
	98 78 4A F5 B8 AB BD EE FE 86 52 09 D8 09 46 29 
	D7 0B 27 A1 18 22 82 2E 48 34 80 F5 FA 01 A8 AB 
	F4 58 40 46 F5 4A 59 0D A2 FA 29 94 29 B0 D6 DE 
	B9 EF 3A 1F 77 18 86 D5 CB C2 EA 85 CE 88 CC DA 
	2A CE D6 C3 A5 92 CA 01 A8 C4 09 19 3F 44 AE 7A 
	75 53 AE A4 07 FC 62 1A 2E 8A 7A 50 F8 DF 0A 3F 
	1F 02 8A 59 01 22 30 82 01 1E 30 81 C5 A0 03 02 
	01 02 02 04 61 E9 98 1E 30 0A 06 08 2A 86 48 CE 
	3D 04 03 02 30 15 31 13 30 11 06 03 55 04 03 0C 
	0A 45 44 48 4F 43 20 52 6F 6F 74 30 1E 17 0D 32 
	32 30 31 32 30 31 37 31 33 30 32 5A 17 0D 32 39 
	31 32 33 31 32 33 30 30 30 30 5A 30 1A 31 18 30 
	16 06 03 55 04 03 0C 0F 45 44 48 4F 43 20 52 65 
	73 70 6F 6E 64 65 72 30 59 30 13 06 07 2A 86 48 
	CE 3D 02 01 06 08 2A 86 48 CE 3D 03 01 07 03 42 
	00 04 BB C3 49 60 52 6E A4 D3 2E 94 0C AD 2A 23 
	41 48 DD C2 17 91 A1 2A FB CB AC 93 62 20 46 DD 
	44 F0 45 19 E2 57 23 6B 2A 0C E2 02 3F 09 31 F1 
	F3 86 CA 7A FD A6 4F CD E0 10 8C 22 4C 51 EA BF 
	60 72 30 0A 06 08 2A 86 48 CE 3D 04 03 02 03 48 
	00 30 45 02 20 30 19 4E F5 FC 65 C8 B7 95 CD CD 
	0B B4 31 BF 83 EE 67 41 C1 37 0C 22 C8 EB 8E E9 
	ED D2 A7 05 19 02 21 00 B5 83 0E 9C 89 A6 2A C7 
	3C E1 EB CE 00 61 70 7D B8 A8 8E 23 70 9B 4A CC 
	58 A1 31 3B 13 3D 05 58 
TH34 (size 32):
	93 26 58 AA 72 60 CE 88 C2 40 96 83 D8 15 A2 49 
	F8 D5 54 45 0D EA E5 41 DA DD 9B 20 2D 96 22 B1 
prk_4e3m (size 32):
	46 C9 DA 09 06 F1 F8 12 D7 63 4D 69 A0 B8 24 AE 
	E0 CE 48 A7 10 E5 9F 8E 0F 12 5E 1A A4 63 85 EB 
TMP size: 32
CBOR ENCODE ERROR: 0
MAX ID CRED: 400 cred len 14
MAX CRED: 765 cred len 293
PK SIZE: 65
SIGNATURE SIZE: 500
CONTEXT_MAC_SIZE: 1204
CONTEXT_MAC len: 342
CR len: 1
TH enc len: 34
MAC context (size 341):
	A1 18 22 82 2E 48 EE C7 3F CB B0 16 26 76 58 20 
	93 26 58 AA 72 60 CE 88 C2 40 96 83 D8 15 A2 49 
	F8 D5 54 45 0D EA E5 41 DA DD 9B 20 2D 96 22 B1 
	59 01 22 30 82 01 1E 30 81 C5 A0 03 02 01 02 02 
	04 62 32 EF 6F 30 0A 06 08 2A 86 48 CE 3D 04 03 
	02 30 15 31 13 30 11 06 03 55 04 03 0C 0A 45 44 
	48 4F 43 20 52 6F 6F 74 30 1E 17 0D 32 32 30 33 
	31 37 30 38 32 31 30 33 5A 17 0D 32 39 31 32 33 
	31 32 33 30 30 30 30 5A 30 1A 31 18 30 16 06 03 
	55 04 03 0C 0F 45 44 48 4F 43 20 49 6E 69 74 69 
	61 74 6F 72 30 59 30 13 06 07 2A 86 48 CE 3D 02 
	01 06 08 2A 86 48 CE 3D 03 01 07 03 42 00 04 AC 
	75 E9 EC E3 E5 0B FC 8E D6 03 99 88 95 22 40 5C 
	47 BF 16 DF 96 66 0A 41 29 8C B4 30 7F 7E B6 6E 
	5D E6 11 38 8A 4B 8A 82 11 33 4A C7 D3 7E CB 52 
	A3 87 D2 57 E6 DB 3C 2A 93 DF 21 FF 3A FF C8 30 
	0A 06 08 2A 86 48 CE 3D 04 03 02 03 48 00 30 45 
	02 21 00 8C 32 3A 1F 33 21 38 AA B9 D0 BE AF B8 
	5F 8D 5A 44 07 3C 58 0F 59 5B C5 21 EF 91 3F 6E 
	F4 8D 11 02 20 6C 0A F1 A1 85 A4 E4 DE 06 35 36 
	99 23 1C 73 3A 6E 8D D2 DF 65 13 96 6C 91 30 15 
	2A 07 A2 BE DE 
is not DH, 32
MAC 2/3 (size 32):
	CA A4 6A DB DD 78 79 82 9E FA 7A 58 42 47 2B 0A 
	2A BF 95 A8 53 30 0C 29 E6 E2 24 77 06 29 3E A3 
TMP size: 32
CBOR ENCODE ERROR: 0
Signature or mac size: 64Inside the sign
signature_or_mac (is signature) (size 64):
	87 92 A6 F1 58 7E 1A 6E FD AE 3A B4 DD 68 BF 03 
	5B B7 EE 84 17 68 A9 F1 84 48 85 67 D5 D1 8C 52 
	E1 ED E1 76 8F F9 C3 F0 6B 0C 5A 01 F5 03 4F 89 
	82 BF A4 DD C2 E5 F1 4C CB 6A 4F AF 02 58 49 32 
TMP size: 64
CBOR ENCODE ERROR: 0
kid (size 0):
K_3 (size 16):
	2F 78 81 F1 A9 C8 12 0D 64 2D FC 73 BF 9B 9B 3C 
IV_3 (size 13):
	3F B2 64 E7 36 66 EA AE 4C B7 26 A8 8A 
aad_data (size 45):
	83 68 45 6E 63 72 79 70 74 30 40 58 20 93 26 58 
	AA 72 60 CE 88 C2 40 96 83 D8 15 A2 49 F8 D5 54 
	45 0D EA E5 41 DA DD 9B 20 2D 96 22 B1 
ciphertext_2/3/4 (size 88):
	E4 95 0E 37 F1 FB 1B 63 1B 6D 91 57 BE F9 69 19 
	01 73 12 E1 3D 73 8F AC 31 5D D5 FE C2 24 DA 1B 
	C1 33 B8 74 8F 2E FC B6 2A 0D E1 9C AB 9F 00 FC 
	36 CA 30 AB 64 B2 8E 9B 26 D0 D7 C9 82 F9 5F 97 
	5C DF 5B 5A ED D4 65 BC F1 E8 9B 8B 32 A0 A0 07 
	E7 D2 E0 C1 CC 87 7A 9D 
CIPHERTEXT: (size 88):
	E4 95 0E 37 F1 FB 1B 63 1B 6D 91 57 BE F9 69 19 
	01 73 12 E1 3D 73 8F AC 31 5D D5 FE C2 24 DA 1B 
	C1 33 B8 74 8F 2E FC B6 2A 0D E1 9C AB 9F 00 FC 
	36 CA 30 AB 64 B2 8E 9B 26 D0 D7 C9 82 F9 5F 97 
	5C DF 5B 5A ED D4 65 BC F1 E8 9B 8B 32 A0 A0 07 
	E7 D2 E0 C1 CC 87 7A 9D 
MSG out size:92
TMP size: 88
CBOR ENCODE ERROR: 0
msg3 (size 90):
	58 58 E4 95 0E 37 F1 FB 1B 63 1B 6D 91 57 BE F9 
	69 19 01 73 12 E1 3D 73 8F AC 31 5D D5 FE C2 24 
	DA 1B C1 33 B8 74 8F 2E FC B6 2A 0D E1 9C AB 9F 
	00 FC 36 CA 30 AB 64 B2 8E 9B 26 D0 D7 C9 82 F9 
	5F 97 5C DF 5B 5A ED D4 65 BC F1 E8 9B 8B 32 A0 
	A0 07 E7 D2 E0 C1 CC 87 7A 9D 
th23 (size 32):
	93 26 58 AA 72 60 CE 88 C2 40 96 83 D8 15 A2 49 
	F8 D5 54 45 0D EA E5 41 DA DD 9B 20 2D 96 22 B1 
plaintext_23 (size 80):
	A1 18 22 82 2E 48 EE C7 3F CB B0 16 26 76 58 40 
	87 92 A6 F1 58 7E 1A 6E FD AE 3A B4 DD 68 BF 03 
	5B B7 EE 84 17 68 A9 F1 84 48 85 67 D5 D1 8C 52 
	E1 ED E1 76 8F F9 C3 F0 6B 0C 5A 01 F5 03 4F 89 
	82 BF A4 DD C2 E5 F1 4C CB 6A 4F AF 02 58 49 32 
cred (size 293):
	59 01 22 30 82 01 1E 30 81 C5 A0 03 02 01 02 02 
	04 62 32 EF 6F 30 0A 06 08 2A 86 48 CE 3D 04 03 
	02 30 15 31 13 30 11 06 03 55 04 03 0C 0A 45 44 
	48 4F 43 20 52 6F 6F 74 30 1E 17 0D 32 32 30 33 
	31 37 30 38 32 31 30 33 5A 17 0D 32 39 31 32 33 
	31 32 33 30 30 30 30 5A 30 1A 31 18 30 16 06 03 
	55 04 03 0C 0F 45 44 48 4F 43 20 49 6E 69 74 69 
	61 74 6F 72 30 59 30 13 06 07 2A 86 48 CE 3D 02 
	01 06 08 2A 86 48 CE 3D 03 01 07 03 42 00 04 AC 
	75 E9 EC E3 E5 0B FC 8E D6 03 99 88 95 22 40 5C 
	47 BF 16 DF 96 66 0A 41 29 8C B4 30 7F 7E B6 6E 
	5D E6 11 38 8A 4B 8A 82 11 33 4A C7 D3 7E CB 52 
	A3 87 D2 57 E6 DB 3C 2A 93 DF 21 FF 3A FF C8 30 
	0A 06 08 2A 86 48 CE 3D 04 03 02 03 48 00 30 45 
	02 21 00 8C 32 3A 1F 33 21 38 AA B9 D0 BE AF B8 
	5F 8D 5A 44 07 3C 58 0F 59 5B C5 21 EF 91 3F 6E 
	F4 8D 11 02 20 6C 0A F1 A1 85 A4 E4 DE 06 35 36 
	99 23 1C 73 3A 6E 8D D2 DF 65 13 96 6C 91 30 15 
	2A 07 A2 BE DE 
TMP size: 32
CBOR ENCODE ERROR: 0
Encoded
memcopy1
memcopy2
Input to calculate TH_3/TH_4 (CBOR Sequence) (size 407):
	58 20 93 26 58 AA 72 60 CE 88 C2 40 96 83 D8 15 
	A2 49 F8 D5 54 45 0D EA E5 41 DA DD 9B 20 2D 96 
	22 B1 A1 18 22 82 2E 48 EE C7 3F CB B0 16 26 76 
	58 40 87 92 A6 F1 58 7E 1A 6E FD AE 3A B4 DD 68 
	BF 03 5B B7 EE 84 17 68 A9 F1 84 48 85 67 D5 D1 
	8C 52 E1 ED E1 76 8F F9 C3 F0 6B 0C 5A 01 F5 03 
	4F 89 82 BF A4 DD C2 E5 F1 4C CB 6A 4F AF 02 58 
	49 32 59 01 22 30 82 01 1E 30 81 C5 A0 03 02 01 
	02 02 04 62 32 EF 6F 30 0A 06 08 2A 86 48 CE 3D 
	04 03 02 30 15 31 13 30 11 06 03 55 04 03 0C 0A 
	45 44 48 4F 43 20 52 6F 6F 74 30 1E 17 0D 32 32 
	30 33 31 37 30 38 32 31 30 33 5A 17 0D 32 39 31 
	32 33 31 32 33 30 30 30 30 5A 30 1A 31 18 30 16 
	06 03 55 04 03 0C 0F 45 44 48 4F 43 20 49 6E 69 
	74 69 61 74 6F 72 30 59 30 13 06 07 2A 86 48 CE 
	3D 02 01 06 08 2A 86 48 CE 3D 03 01 07 03 42 00 
	04 AC 75 E9 EC E3 E5 0B FC 8E D6 03 99 88 95 22 
	40 5C 47 BF 16 DF 96 66 0A 41 29 8C B4 30 7F 7E 
	B6 6E 5D E6 11 38 8A 4B 8A 82 11 33 4A C7 D3 7E 
	CB 52 A3 87 D2 57 E6 DB 3C 2A 93 DF 21 FF 3A FF 
	C8 30 0A 06 08 2A 86 48 CE 3D 04 03 02 03 48 00 
	30 45 02 21 00 8C 32 3A 1F 33 21 38 AA B9 D0 BE 
	AF B8 5F 8D 5A 44 07 3C 58 0F 59 5B C5 21 EF 91 
	3F 6E F4 8D 11 02 20 6C 0A F1 A1 85 A4 E4 DE 06 
	35 36 99 23 1C 73 3A 6E 8D D2 DF 65 13 96 6C 91 
	30 15 2A 07 A2 BE DE 
TH34 (size 32):
	97 49 F3 33 4D F9 3F A7 1A DF AA 34 89 E4 ED A8 
	7C D5 81 61 D4 D9 D6 DD F3 A1 28 8F DB EF AC EF 
PRK_out (size 32):
	FD EE FF AD 9A 2C 39 AF 3E CD EB 21 03 03 D2 BB 
	84 03 72 01 3E 5F 9D 21 D4 1B 6D 3C 79 69 2B 38 
prk_exporter (size 32):
	E0 68 6B 27 43 21 4A 4D 17 50 F9 17 DB 64 88 C1 
	1D E0 CC 94 02 20 E0 77 CC 35 45 3E DF D3 4B 6B 
OSCORE Master Secret (size 16):
	6F DC FA E2 20 76 FA 0A C9 C3 00 FC B0 58 25 67 
OSCORE Master Salt (size 8):
	82 69 89 A8 BC 90 5E 20 
