[resp] get_suite
[resp] suite ready
IPv4 server with address 0.0.0.0 started!
[resp] socket ready
[resp] static DH keygen
[resp] static initiator pk
[resp] ephemeral DH keygen
[resp] starting edhoc_responder_run
[resp] rx got 1223 bytes
message_1 (CBOR Sequence) (size 1223):
	03 15 59 04 C0 FB B4 6F DD 17 E8 B7 0E C5 98 DE 
	CB B6 C8 4A 15 29 B0 DF CF 9E DE D9 C5 F8 D3 BF 
	64 F5 52 D2 10 4C B7 54 36 70 56 1F 59 AB CF 0A 
	CA 01 E9 00 6C 38 2E 3B 1B 05 0A C6 4C D0 41 37 
	55 47 BD 45 59 60 88 85 CC EC 66 82 80 A1 AC 86 
	B2 05 9B B1 8F 65 EC CC 68 E4 26 09 A5 12 6B 21 
	4A 5E E6 0D 29 51 72 B3 EB A5 D4 EB A8 D7 95 6F 
	A6 F7 CD 7A BB 1D 9F 3C 3A 42 F1 06 28 F8 BE 99 
	E3 0A 28 8B 6C BE C6 CE 85 71 05 A8 3A 2D C7 FC 
	37 94 4B 90 09 EA 80 CE 2B C7 CD 69 23 9D F0 66 
	CE FB 2F C7 45 73 F0 A4 56 7B A3 22 46 06 2F 55 
	91 33 75 15 8F 52 F4 22 8C F1 94 37 B4 44 D0 0B 
	6E CD 53 27 CD 23 1C 50 C2 89 86 C6 2A E2 57 14 
	3B BB 8A F2 2B C1 89 64 C0 D9 91 B5 0F 5B 14 91 
	28 B1 15 F6 BE F7 CC 6C 7B 70 06 65 55 1A 80 A0 
	77 67 89 7D 61 74 CA 74 29 60 F1 F1 C7 BD 16 A4 
	01 A7 73 65 79 AE C9 6C CA F0 49 A3 83 64 5A 8A 
	F9 2A 85 93 B9 6D 97 6C C7 08 9C D9 05 52 EA 13 
	CA 9F E6 1E 61 F9 54 04 7B 65 ED E1 72 E7 87 57 
	85 A0 3B 64 DA 0E 71 AC 56 80 48 36 0C 59 04 2B 
	2B 17 CE BB 2C 8B 45 C0 16 76 83 5B 03 98 3A 5C 
	AF 7E 38 13 4D C8 8B 42 21 91 12 F7 62 86 F1 47 
	5E 21 A2 AE 93 0F 0D 61 6A 80 31 0B B3 F6 79 2E 
	1A 19 92 A0 36 DF 31 17 B4 98 17 8A 59 99 95 04 
	2C E7 29 40 D3 C9 21 7F 56 4E 7B D9 BD AD 78 B3 
	77 0B A4 B0 D7 CB 91 74 5A 76 46 C3 01 EA 0D AA 
	81 47 F2 F0 10 80 9B A9 97 69 37 63 FC 73 43 C0 
	1C 55 EC 2D D2 A2 1E 2D 33 79 B5 28 22 24 73 71 
	8A FC 7B A0 23 0F 6F 94 59 70 EC 90 11 AB 23 1A 
	8A 8B 55 98 4D 85 65 58 BB 56 6D 94 97 66 97 54 
	C3 26 CC 78 4F AA 9D 80 0A 85 DF 67 13 69 15 23 
	30 02 A4 4E 73 4B 87 36 6C 32 1B 49 2C F1 9B 65 
	8C 38 E6 B6 66 8C 17 7E 42 E0 1C AC 0B 30 8F B9 
	30 10 6A 84 70 F4 58 81 E6 2C 78 23 B2 B2 12 78 
	2D D8 B2 E1 62 51 10 E1 83 A2 EC 47 FD 92 A3 C0 
	02 32 AE 07 23 6E 95 6C 89 50 52 24 B3 CD 42 06 
	A5 D8 28 B1 BF 38 B6 EA 97 45 2A 73 64 3A 9A 25 
	B8 B9 5C 93 B2 BB 2F 45 34 7F A4 54 0E B5 63 7D 
	C7 75 15 D7 1C EB DC B1 D7 50 84 A6 75 42 D2 46 
	70 0B 4C 6B F5 38 2F 70 75 2B A2 35 0E 8A C5 4A 
	F1 80 05 95 73 5B 93 B9 3F 4A B5 43 A8 E5 AA A5 
	1B 18 E6 E7 CA 38 35 9F 6B 1A 49 BB 83 53 C2 92 
	C6 C3 D7 81 D0 66 77 E4 57 08 BF 87 33 37 0A 30 
	A5 CC 84 BD B2 6C D5 59 B7 66 93 5F B7 BC B5 1E 
	27 5C D5 CC 0D A3 72 6A 00 72 90 5F 78 1C 5B F9 
	19 FF 87 05 8F E5 02 0D F2 07 8B B2 11 23 E1 32 
	50 5B BF DD E2 41 F2 61 6B 24 75 5D D6 21 4B 77 
	24 72 17 17 2C 00 5A 8F 9A 16 2C CD 10 B9 1E 4C 
	03 66 43 9E 06 F5 27 15 08 C9 14 D0 41 96 E9 77 
	EA 9C 28 B7 45 18 EA 10 62 26 A1 A5 63 96 03 A8 
	D4 C0 D0 77 9E 5A 60 4D B2 99 0B F4 60 BB 78 1B 
	AA C7 80 C2 86 86 07 DE 7C AD DF 80 B4 F7 27 2C 
	D5 6C 5A D7 C4 90 03 01 59 24 57 4E E7 AA 3C E3 
	36 9B 1D C4 9C 21 6A 99 67 CB C8 55 84 2E C3 8A 
	99 09 77 81 75 B2 71 C9 75 C7 CA D9 51 6B 7A 73 
	B2 64 BF 23 0B 4E 19 B4 0F 30 31 7A 90 A1 13 90 
	0C 39 B1 CC C4 7D E1 39 E8 CA 81 5F 28 14 6F E8 
	81 87 3B 1F 8B 35 C7 78 09 BF EE F3 8D 77 A0 0B 
	6E 92 AE CC B7 30 83 CA B0 99 C8 96 DB 12 35 B9 
	2A 2F E2 46 95 F3 3A CD A1 21 0C 12 72 60 02 71 
	C6 BA 2B 1B 14 71 CF 0F 3C AF 99 89 C2 E1 F8 AB 
	3C 4C AA DB 38 82 F1 53 86 35 92 B7 3C C4 58 8B 
	6B CC 6E 65 AB EF EC BD 2E D7 CC A6 68 29 4A 42 
	63 92 11 2E 34 07 4E 72 1A 6D 4A 72 7D 7E 6C 47 
	BD 30 48 25 95 76 7F F7 04 86 E8 5C EC 25 8F 8C 
	09 2F D7 B6 0A 18 7C B1 59 F5 B9 22 5C 5D 8B 0C 
	53 8B 88 91 AD BC 6C 25 3B 6A 26 67 C6 E9 C5 B3 
	68 47 B1 08 8C 34 DD 15 7B 7D 7B 21 A1 FB B2 92 
	DB 3A 7B A9 21 DB CA A4 B3 B4 77 38 D6 56 20 35 
	72 29 05 A1 35 B5 3B 25 38 4B 89 E1 4E 08 A8 63 
	8A 11 BA 4F 07 CB 42 92 66 39 E0 8C D9 BA 7A 2E 
	D7 71 FA C6 6A 74 DA 5A 04 FC B4 27 A5 34 3F 8B 
	29 C8 73 0F D2 62 CB C0 62 07 C7 D9 1D 2E 06 2A 
	51 8C 80 CB E4 68 51 A3 A5 CB 59 4F F7 37 BE 25 
	82 A7 A1 C8 30 57 FA 7D 1B 7D 0F 8E DA 9D A7 FC 
	EB 71 40 FD 6E 90 2E 62 7C 71 F0 A6 5F 7D 90 86 
	D3 E6 E8 B8 21 41 49 
msg1  (size 1223):
	03 15 59 04 C0 FB B4 6F DD 17 E8 B7 0E C5 98 DE 
	CB B6 C8 4A 15 29 B0 DF CF 9E DE D9 C5 F8 D3 BF 
	64 F5 52 D2 10 4C B7 54 36 70 56 1F 59 AB CF 0A 
	CA 01 E9 00 6C 38 2E 3B 1B 05 0A C6 4C D0 41 37 
	55 47 BD 45 59 60 88 85 CC EC 66 82 80 A1 AC 86 
	B2 05 9B B1 8F 65 EC CC 68 E4 26 09 A5 12 6B 21 
	4A 5E E6 0D 29 51 72 B3 EB A5 D4 EB A8 D7 95 6F 
	A6 F7 CD 7A BB 1D 9F 3C 3A 42 F1 06 28 F8 BE 99 
	E3 0A 28 8B 6C BE C6 CE 85 71 05 A8 3A 2D C7 FC 
	37 94 4B 90 09 EA 80 CE 2B C7 CD 69 23 9D F0 66 
	CE FB 2F C7 45 73 F0 A4 56 7B A3 22 46 06 2F 55 
	91 33 75 15 8F 52 F4 22 8C F1 94 37 B4 44 D0 0B 
	6E CD 53 27 CD 23 1C 50 C2 89 86 C6 2A E2 57 14 
	3B BB 8A F2 2B C1 89 64 C0 D9 91 B5 0F 5B 14 91 
	28 B1 15 F6 BE F7 CC 6C 7B 70 06 65 55 1A 80 A0 
	77 67 89 7D 61 74 CA 74 29 60 F1 F1 C7 BD 16 A4 
	01 A7 73 65 79 AE C9 6C CA F0 49 A3 83 64 5A 8A 
	F9 2A 85 93 B9 6D 97 6C C7 08 9C D9 05 52 EA 13 
	CA 9F E6 1E 61 F9 54 04 7B 65 ED E1 72 E7 87 57 
	85 A0 3B 64 DA 0E 71 AC 56 80 48 36 0C 59 04 2B 
	2B 17 CE BB 2C 8B 45 C0 16 76 83 5B 03 98 3A 5C 
	AF 7E 38 13 4D C8 8B 42 21 91 12 F7 62 86 F1 47 
	5E 21 A2 AE 93 0F 0D 61 6A 80 31 0B B3 F6 79 2E 
	1A 19 92 A0 36 DF 31 17 B4 98 17 8A 59 99 95 04 
	2C E7 29 40 D3 C9 21 7F 56 4E 7B D9 BD AD 78 B3 
	77 0B A4 B0 D7 CB 91 74 5A 76 46 C3 01 EA 0D AA 
	81 47 F2 F0 10 80 9B A9 97 69 37 63 FC 73 43 C0 
	1C 55 EC 2D D2 A2 1E 2D 33 79 B5 28 22 24 73 71 
	8A FC 7B A0 23 0F 6F 94 59 70 EC 90 11 AB 23 1A 
	8A 8B 55 98 4D 85 65 58 BB 56 6D 94 97 66 97 54 
	C3 26 CC 78 4F AA 9D 80 0A 85 DF 67 13 69 15 23 
	30 02 A4 4E 73 4B 87 36 6C 32 1B 49 2C F1 9B 65 
	8C 38 E6 B6 66 8C 17 7E 42 E0 1C AC 0B 30 8F B9 
	30 10 6A 84 70 F4 58 81 E6 2C 78 23 B2 B2 12 78 
	2D D8 B2 E1 62 51 10 E1 83 A2 EC 47 FD 92 A3 C0 
	02 32 AE 07 23 6E 95 6C 89 50 52 24 B3 CD 42 06 
	A5 D8 28 B1 BF 38 B6 EA 97 45 2A 73 64 3A 9A 25 
	B8 B9 5C 93 B2 BB 2F 45 34 7F A4 54 0E B5 63 7D 
	C7 75 15 D7 1C EB DC B1 D7 50 84 A6 75 42 D2 46 
	70 0B 4C 6B F5 38 2F 70 75 2B A2 35 0E 8A C5 4A 
	F1 80 05 95 73 5B 93 B9 3F 4A B5 43 A8 E5 AA A5 
	1B 18 E6 E7 CA 38 35 9F 6B 1A 49 BB 83 53 C2 92 
	C6 C3 D7 81 D0 66 77 E4 57 08 BF 87 33 37 0A 30 
	A5 CC 84 BD B2 6C D5 59 B7 66 93 5F B7 BC B5 1E 
	27 5C D5 CC 0D A3 72 6A 00 72 90 5F 78 1C 5B F9 
	19 FF 87 05 8F E5 02 0D F2 07 8B B2 11 23 E1 32 
	50 5B BF DD E2 41 F2 61 6B 24 75 5D D6 21 4B 77 
	24 72 17 17 2C 00 5A 8F 9A 16 2C CD 10 B9 1E 4C 
	03 66 43 9E 06 F5 27 15 08 C9 14 D0 41 96 E9 77 
	EA 9C 28 B7 45 18 EA 10 62 26 A1 A5 63 96 03 A8 
	D4 C0 D0 77 9E 5A 60 4D B2 99 0B F4 60 BB 78 1B 
	AA C7 80 C2 86 86 07 DE 7C AD DF 80 B4 F7 27 2C 
	D5 6C 5A D7 C4 90 03 01 59 24 57 4E E7 AA 3C E3 
	36 9B 1D C4 9C 21 6A 99 67 CB C8 55 84 2E C3 8A 
	99 09 77 81 75 B2 71 C9 75 C7 CA D9 51 6B 7A 73 
	B2 64 BF 23 0B 4E 19 B4 0F 30 31 7A 90 A1 13 90 
	0C 39 B1 CC C4 7D E1 39 E8 CA 81 5F 28 14 6F E8 
	81 87 3B 1F 8B 35 C7 78 09 BF EE F3 8D 77 A0 0B 
	6E 92 AE CC B7 30 83 CA B0 99 C8 96 DB 12 35 B9 
	2A 2F E2 46 95 F3 3A CD A1 21 0C 12 72 60 02 71 
	C6 BA 2B 1B 14 71 CF 0F 3C AF 99 89 C2 E1 F8 AB 
	3C 4C AA DB 38 82 F1 53 86 35 92 B7 3C C4 58 8B 
	6B CC 6E 65 AB EF EC BD 2E D7 CC A6 68 29 4A 42 
	63 92 11 2E 34 07 4E 72 1A 6D 4A 72 7D 7E 6C 47 
	BD 30 48 25 95 76 7F F7 04 86 E8 5C EC 25 8F 8C 
	09 2F D7 B6 0A 18 7C B1 59 F5 B9 22 5C 5D 8B 0C 
	53 8B 88 91 AD BC 6C 25 3B 6A 26 67 C6 E9 C5 B3 
	68 47 B1 08 8C 34 DD 15 7B 7D 7B 21 A1 FB B2 92 
	DB 3A 7B A9 21 DB CA A4 B3 B4 77 38 D6 56 20 35 
	72 29 05 A1 35 B5 3B 25 38 4B 89 E1 4E 08 A8 63 
	8A 11 BA 4F 07 CB 42 92 66 39 E0 8C D9 BA 7A 2E 
	D7 71 FA C6 6A 74 DA 5A 04 FC B4 27 A5 34 3F 8B 
	29 C8 73 0F D2 62 CB C0 62 07 C7 D9 1D 2E 06 2A 
	51 8C 80 CB E4 68 51 A3 A5 CB 59 4F F7 37 BE 25 
	82 A7 A1 C8 30 57 FA 7D 1B 7D 0F 8E DA 9D A7 FC 
	EB 71 40 FD 6E 90 2E 62 7C 71 F0 A6 5F 7D 90 86 
	D3 E6 E8 B8 21 41 49 
msg1 METHOD: 3
msg1 SUITES_I (size 1):
	15 
g_x len 1216
g_x len message 1 1216
msg1 G_X (size 1216):
	FB B4 6F DD 17 E8 B7 0E C5 98 DE CB B6 C8 4A 15 
	29 B0 DF CF 9E DE D9 C5 F8 D3 BF 64 F5 52 D2 10 
	4C B7 54 36 70 56 1F 59 AB CF 0A CA 01 E9 00 6C 
	38 2E 3B 1B 05 0A C6 4C D0 41 37 55 47 BD 45 59 
	60 88 85 CC EC 66 82 80 A1 AC 86 B2 05 9B B1 8F 
	65 EC CC 68 E4 26 09 A5 12 6B 21 4A 5E E6 0D 29 
	51 72 B3 EB A5 D4 EB A8 D7 95 6F A6 F7 CD 7A BB 
	1D 9F 3C 3A 42 F1 06 28 F8 BE 99 E3 0A 28 8B 6C 
	BE C6 CE 85 71 05 A8 3A 2D C7 FC 37 94 4B 90 09 
	EA 80 CE 2B C7 CD 69 23 9D F0 66 CE FB 2F C7 45 
	73 F0 A4 56 7B A3 22 46 06 2F 55 91 33 75 15 8F 
	52 F4 22 8C F1 94 37 B4 44 D0 0B 6E CD 53 27 CD 
	23 1C 50 C2 89 86 C6 2A E2 57 14 3B BB 8A F2 2B 
	C1 89 64 C0 D9 91 B5 0F 5B 14 91 28 B1 15 F6 BE 
	F7 CC 6C 7B 70 06 65 55 1A 80 A0 77 67 89 7D 61 
	74 CA 74 29 60 F1 F1 C7 BD 16 A4 01 A7 73 65 79 
	AE C9 6C CA F0 49 A3 83 64 5A 8A F9 2A 85 93 B9 
	6D 97 6C C7 08 9C D9 05 52 EA 13 CA 9F E6 1E 61 
	F9 54 04 7B 65 ED E1 72 E7 87 57 85 A0 3B 64 DA 
	0E 71 AC 56 80 48 36 0C 59 04 2B 2B 17 CE BB 2C 
	8B 45 C0 16 76 83 5B 03 98 3A 5C AF 7E 38 13 4D 
	C8 8B 42 21 91 12 F7 62 86 F1 47 5E 21 A2 AE 93 
	0F 0D 61 6A 80 31 0B B3 F6 79 2E 1A 19 92 A0 36 
	DF 31 17 B4 98 17 8A 59 99 95 04 2C E7 29 40 D3 
	C9 21 7F 56 4E 7B D9 BD AD 78 B3 77 0B A4 B0 D7 
	CB 91 74 5A 76 46 C3 01 EA 0D AA 81 47 F2 F0 10 
	80 9B A9 97 69 37 63 FC 73 43 C0 1C 55 EC 2D D2 
	A2 1E 2D 33 79 B5 28 22 24 73 71 8A FC 7B A0 23 
	0F 6F 94 59 70 EC 90 11 AB 23 1A 8A 8B 55 98 4D 
	85 65 58 BB 56 6D 94 97 66 97 54 C3 26 CC 78 4F 
	AA 9D 80 0A 85 DF 67 13 69 15 23 30 02 A4 4E 73 
	4B 87 36 6C 32 1B 49 2C F1 9B 65 8C 38 E6 B6 66 
	8C 17 7E 42 E0 1C AC 0B 30 8F B9 30 10 6A 84 70 
	F4 58 81 E6 2C 78 23 B2 B2 12 78 2D D8 B2 E1 62 
	51 10 E1 83 A2 EC 47 FD 92 A3 C0 02 32 AE 07 23 
	6E 95 6C 89 50 52 24 B3 CD 42 06 A5 D8 28 B1 BF 
	38 B6 EA 97 45 2A 73 64 3A 9A 25 B8 B9 5C 93 B2 
	BB 2F 45 34 7F A4 54 0E B5 63 7D C7 75 15 D7 1C 
	EB DC B1 D7 50 84 A6 75 42 D2 46 70 0B 4C 6B F5 
	38 2F 70 75 2B A2 35 0E 8A C5 4A F1 80 05 95 73 
	5B 93 B9 3F 4A B5 43 A8 E5 AA A5 1B 18 E6 E7 CA 
	38 35 9F 6B 1A 49 BB 83 53 C2 92 C6 C3 D7 81 D0 
	66 77 E4 57 08 BF 87 33 37 0A 30 A5 CC 84 BD B2 
	6C D5 59 B7 66 93 5F B7 BC B5 1E 27 5C D5 CC 0D 
	A3 72 6A 00 72 90 5F 78 1C 5B F9 19 FF 87 05 8F 
	E5 02 0D F2 07 8B B2 11 23 E1 32 50 5B BF DD E2 
	41 F2 61 6B 24 75 5D D6 21 4B 77 24 72 17 17 2C 
	00 5A 8F 9A 16 2C CD 10 B9 1E 4C 03 66 43 9E 06 
	F5 27 15 08 C9 14 D0 41 96 E9 77 EA 9C 28 B7 45 
	18 EA 10 62 26 A1 A5 63 96 03 A8 D4 C0 D0 77 9E 
	5A 60 4D B2 99 0B F4 60 BB 78 1B AA C7 80 C2 86 
	86 07 DE 7C AD DF 80 B4 F7 27 2C D5 6C 5A D7 C4 
	90 03 01 59 24 57 4E E7 AA 3C E3 36 9B 1D C4 9C 
	21 6A 99 67 CB C8 55 84 2E C3 8A 99 09 77 81 75 
	B2 71 C9 75 C7 CA D9 51 6B 7A 73 B2 64 BF 23 0B 
	4E 19 B4 0F 30 31 7A 90 A1 13 90 0C 39 B1 CC C4 
	7D E1 39 E8 CA 81 5F 28 14 6F E8 81 87 3B 1F 8B 
	35 C7 78 09 BF EE F3 8D 77 A0 0B 6E 92 AE CC B7 
	30 83 CA B0 99 C8 96 DB 12 35 B9 2A 2F E2 46 95 
	F3 3A CD A1 21 0C 12 72 60 02 71 C6 BA 2B 1B 14 
	71 CF 0F 3C AF 99 89 C2 E1 F8 AB 3C 4C AA DB 38 
	82 F1 53 86 35 92 B7 3C C4 58 8B 6B CC 6E 65 AB 
	EF EC BD 2E D7 CC A6 68 29 4A 42 63 92 11 2E 34 
	07 4E 72 1A 6D 4A 72 7D 7E 6C 47 BD 30 48 25 95 
	76 7F F7 04 86 E8 5C EC 25 8F 8C 09 2F D7 B6 0A 
	18 7C B1 59 F5 B9 22 5C 5D 8B 0C 53 8B 88 91 AD 
	BC 6C 25 3B 6A 26 67 C6 E9 C5 B3 68 47 B1 08 8C 
	34 DD 15 7B 7D 7B 21 A1 FB B2 92 DB 3A 7B A9 21 
	DB CA A4 B3 B4 77 38 D6 56 20 35 72 29 05 A1 35 
	B5 3B 25 38 4B 89 E1 4E 08 A8 63 8A 11 BA 4F 07 
	CB 42 92 66 39 E0 8C D9 BA 7A 2E D7 71 FA C6 6A 
	74 DA 5A 04 FC B4 27 A5 34 3F 8B 29 C8 73 0F D2 
	62 CB C0 62 07 C7 D9 1D 2E 06 2A 51 8C 80 CB E4 
	68 51 A3 A5 CB 59 4F F7 37 BE 25 82 A7 A1 C8 30 
	57 FA 7D 1B 7D 0F 8E DA 9D A7 FC EB 71 40 FD 6E 
	90 2E 62 7C 71 F0 A6 5F 7D 90 86 D3 E6 E8 B8 21 
msg1 C_I_raw (size 1):
	49 
Suite 21 will be used in this EDHOC run.
PQ/T hybrid declare second array
PQ/T hybrid suit
PQ/T y  (size 32):
	38 89 C4 E0 B5 3B 03 FA 44 FB A6 AF 89 EE AA 5F 
	43 47 E8 49 6E 93 4C E8 13 64 E1 32 CF CA 25 6D 
PQ/T gx  (size 1216):
	FB B4 6F DD 17 E8 B7 0E C5 98 DE CB B6 C8 4A 15 
	29 B0 DF CF 9E DE D9 C5 F8 D3 BF 64 F5 52 D2 10 
	4C B7 54 36 70 56 1F 59 AB CF 0A CA 01 E9 00 6C 
	38 2E 3B 1B 05 0A C6 4C D0 41 37 55 47 BD 45 59 
	60 88 85 CC EC 66 82 80 A1 AC 86 B2 05 9B B1 8F 
	65 EC CC 68 E4 26 09 A5 12 6B 21 4A 5E E6 0D 29 
	51 72 B3 EB A5 D4 EB A8 D7 95 6F A6 F7 CD 7A BB 
	1D 9F 3C 3A 42 F1 06 28 F8 BE 99 E3 0A 28 8B 6C 
	BE C6 CE 85 71 05 A8 3A 2D C7 FC 37 94 4B 90 09 
	EA 80 CE 2B C7 CD 69 23 9D F0 66 CE FB 2F C7 45 
	73 F0 A4 56 7B A3 22 46 06 2F 55 91 33 75 15 8F 
	52 F4 22 8C F1 94 37 B4 44 D0 0B 6E CD 53 27 CD 
	23 1C 50 C2 89 86 C6 2A E2 57 14 3B BB 8A F2 2B 
	C1 89 64 C0 D9 91 B5 0F 5B 14 91 28 B1 15 F6 BE 
	F7 CC 6C 7B 70 06 65 55 1A 80 A0 77 67 89 7D 61 
	74 CA 74 29 60 F1 F1 C7 BD 16 A4 01 A7 73 65 79 
	AE C9 6C CA F0 49 A3 83 64 5A 8A F9 2A 85 93 B9 
	6D 97 6C C7 08 9C D9 05 52 EA 13 CA 9F E6 1E 61 
	F9 54 04 7B 65 ED E1 72 E7 87 57 85 A0 3B 64 DA 
	0E 71 AC 56 80 48 36 0C 59 04 2B 2B 17 CE BB 2C 
	8B 45 C0 16 76 83 5B 03 98 3A 5C AF 7E 38 13 4D 
	C8 8B 42 21 91 12 F7 62 86 F1 47 5E 21 A2 AE 93 
	0F 0D 61 6A 80 31 0B B3 F6 79 2E 1A 19 92 A0 36 
	DF 31 17 B4 98 17 8A 59 99 95 04 2C E7 29 40 D3 
	C9 21 7F 56 4E 7B D9 BD AD 78 B3 77 0B A4 B0 D7 
	CB 91 74 5A 76 46 C3 01 EA 0D AA 81 47 F2 F0 10 
	80 9B A9 97 69 37 63 FC 73 43 C0 1C 55 EC 2D D2 
	A2 1E 2D 33 79 B5 28 22 24 73 71 8A FC 7B A0 23 
	0F 6F 94 59 70 EC 90 11 AB 23 1A 8A 8B 55 98 4D 
	85 65 58 BB 56 6D 94 97 66 97 54 C3 26 CC 78 4F 
	AA 9D 80 0A 85 DF 67 13 69 15 23 30 02 A4 4E 73 
	4B 87 36 6C 32 1B 49 2C F1 9B 65 8C 38 E6 B6 66 
	8C 17 7E 42 E0 1C AC 0B 30 8F B9 30 10 6A 84 70 
	F4 58 81 E6 2C 78 23 B2 B2 12 78 2D D8 B2 E1 62 
	51 10 E1 83 A2 EC 47 FD 92 A3 C0 02 32 AE 07 23 
	6E 95 6C 89 50 52 24 B3 CD 42 06 A5 D8 28 B1 BF 
	38 B6 EA 97 45 2A 73 64 3A 9A 25 B8 B9 5C 93 B2 
	BB 2F 45 34 7F A4 54 0E B5 63 7D C7 75 15 D7 1C 
	EB DC B1 D7 50 84 A6 75 42 D2 46 70 0B 4C 6B F5 
	38 2F 70 75 2B A2 35 0E 8A C5 4A F1 80 05 95 73 
	5B 93 B9 3F 4A B5 43 A8 E5 AA A5 1B 18 E6 E7 CA 
	38 35 9F 6B 1A 49 BB 83 53 C2 92 C6 C3 D7 81 D0 
	66 77 E4 57 08 BF 87 33 37 0A 30 A5 CC 84 BD B2 
	6C D5 59 B7 66 93 5F B7 BC B5 1E 27 5C D5 CC 0D 
	A3 72 6A 00 72 90 5F 78 1C 5B F9 19 FF 87 05 8F 
	E5 02 0D F2 07 8B B2 11 23 E1 32 50 5B BF DD E2 
	41 F2 61 6B 24 75 5D D6 21 4B 77 24 72 17 17 2C 
	00 5A 8F 9A 16 2C CD 10 B9 1E 4C 03 66 43 9E 06 
	F5 27 15 08 C9 14 D0 41 96 E9 77 EA 9C 28 B7 45 
	18 EA 10 62 26 A1 A5 63 96 03 A8 D4 C0 D0 77 9E 
	5A 60 4D B2 99 0B F4 60 BB 78 1B AA C7 80 C2 86 
	86 07 DE 7C AD DF 80 B4 F7 27 2C D5 6C 5A D7 C4 
	90 03 01 59 24 57 4E E7 AA 3C E3 36 9B 1D C4 9C 
	21 6A 99 67 CB C8 55 84 2E C3 8A 99 09 77 81 75 
	B2 71 C9 75 C7 CA D9 51 6B 7A 73 B2 64 BF 23 0B 
	4E 19 B4 0F 30 31 7A 90 A1 13 90 0C 39 B1 CC C4 
	7D E1 39 E8 CA 81 5F 28 14 6F E8 81 87 3B 1F 8B 
	35 C7 78 09 BF EE F3 8D 77 A0 0B 6E 92 AE CC B7 
	30 83 CA B0 99 C8 96 DB 12 35 B9 2A 2F E2 46 95 
	F3 3A CD A1 21 0C 12 72 60 02 71 C6 BA 2B 1B 14 
	71 CF 0F 3C AF 99 89 C2 E1 F8 AB 3C 4C AA DB 38 
	82 F1 53 86 35 92 B7 3C C4 58 8B 6B CC 6E 65 AB 
	EF EC BD 2E D7 CC A6 68 29 4A 42 63 92 11 2E 34 
	07 4E 72 1A 6D 4A 72 7D 7E 6C 47 BD 30 48 25 95 
	76 7F F7 04 86 E8 5C EC 25 8F 8C 09 2F D7 B6 0A 
	18 7C B1 59 F5 B9 22 5C 5D 8B 0C 53 8B 88 91 AD 
	BC 6C 25 3B 6A 26 67 C6 E9 C5 B3 68 47 B1 08 8C 
	34 DD 15 7B 7D 7B 21 A1 FB B2 92 DB 3A 7B A9 21 
	DB CA A4 B3 B4 77 38 D6 56 20 35 72 29 05 A1 35 
	B5 3B 25 38 4B 89 E1 4E 08 A8 63 8A 11 BA 4F 07 
	CB 42 92 66 39 E0 8C D9 BA 7A 2E D7 71 FA C6 6A 
	74 DA 5A 04 FC B4 27 A5 34 3F 8B 29 C8 73 0F D2 
	62 CB C0 62 07 C7 D9 1D 2E 06 2A 51 8C 80 CB E4 
	68 51 A3 A5 CB 59 4F F7 37 BE 25 82 A7 A1 C8 30 
	57 FA 7D 1B 7D 0F 8E DA 9D A7 FC EB 71 40 FD 6E 
	90 2E 62 7C 71 F0 A6 5F 7D 90 86 D3 E6 E8 B8 21 
DH y  (size 32):
	38 89 C4 E0 B5 3B 03 FA 44 FB A6 AF 89 EE AA 5F 
	43 47 E8 49 6E 93 4C E8 13 64 E1 32 CF CA 25 6D 
DH gx  (size 32):
	FB B4 6F DD 17 E8 B7 0E C5 98 DE CB B6 C8 4A 15 
	29 B0 DF CF 9E DE D9 C5 F8 D3 BF 64 F5 52 D2 10 
SHARED SECRET DERIVE
G_XY (ECDH shared secret)  (size 32):
	23 42 DA 3A 44 A9 28 77 02 7E D4 DE 6D 1E 8E A1 
	6A 64 F6 60 1A CF 0D 09 79 E2 32 07 86 54 F8 6D 
KEM mechanism
KEM - g_x  (size 1184):
	4C B7 54 36 70 56 1F 59 AB CF 0A CA 01 E9 00 6C 
	38 2E 3B 1B 05 0A C6 4C D0 41 37 55 47 BD 45 59 
	60 88 85 CC EC 66 82 80 A1 AC 86 B2 05 9B B1 8F 
	65 EC CC 68 E4 26 09 A5 12 6B 21 4A 5E E6 0D 29 
	51 72 B3 EB A5 D4 EB A8 D7 95 6F A6 F7 CD 7A BB 
	1D 9F 3C 3A 42 F1 06 28 F8 BE 99 E3 0A 28 8B 6C 
	BE C6 CE 85 71 05 A8 3A 2D C7 FC 37 94 4B 90 09 
	EA 80 CE 2B C7 CD 69 23 9D F0 66 CE FB 2F C7 45 
	73 F0 A4 56 7B A3 22 46 06 2F 55 91 33 75 15 8F 
	52 F4 22 8C F1 94 37 B4 44 D0 0B 6E CD 53 27 CD 
	23 1C 50 C2 89 86 C6 2A E2 57 14 3B BB 8A F2 2B 
	C1 89 64 C0 D9 91 B5 0F 5B 14 91 28 B1 15 F6 BE 
	F7 CC 6C 7B 70 06 65 55 1A 80 A0 77 67 89 7D 61 
	74 CA 74 29 60 F1 F1 C7 BD 16 A4 01 A7 73 65 79 
	AE C9 6C CA F0 49 A3 83 64 5A 8A F9 2A 85 93 B9 
	6D 97 6C C7 08 9C D9 05 52 EA 13 CA 9F E6 1E 61 
	F9 54 04 7B 65 ED E1 72 E7 87 57 85 A0 3B 64 DA 
	0E 71 AC 56 80 48 36 0C 59 04 2B 2B 17 CE BB 2C 
	8B 45 C0 16 76 83 5B 03 98 3A 5C AF 7E 38 13 4D 
	C8 8B 42 21 91 12 F7 62 86 F1 47 5E 21 A2 AE 93 
	0F 0D 61 6A 80 31 0B B3 F6 79 2E 1A 19 92 A0 36 
	DF 31 17 B4 98 17 8A 59 99 95 04 2C E7 29 40 D3 
	C9 21 7F 56 4E 7B D9 BD AD 78 B3 77 0B A4 B0 D7 
	CB 91 74 5A 76 46 C3 01 EA 0D AA 81 47 F2 F0 10 
	80 9B A9 97 69 37 63 FC 73 43 C0 1C 55 EC 2D D2 
	A2 1E 2D 33 79 B5 28 22 24 73 71 8A FC 7B A0 23 
	0F 6F 94 59 70 EC 90 11 AB 23 1A 8A 8B 55 98 4D 
	85 65 58 BB 56 6D 94 97 66 97 54 C3 26 CC 78 4F 
	AA 9D 80 0A 85 DF 67 13 69 15 23 30 02 A4 4E 73 
	4B 87 36 6C 32 1B 49 2C F1 9B 65 8C 38 E6 B6 66 
	8C 17 7E 42 E0 1C AC 0B 30 8F B9 30 10 6A 84 70 
	F4 58 81 E6 2C 78 23 B2 B2 12 78 2D D8 B2 E1 62 
	51 10 E1 83 A2 EC 47 FD 92 A3 C0 02 32 AE 07 23 
	6E 95 6C 89 50 52 24 B3 CD 42 06 A5 D8 28 B1 BF 
	38 B6 EA 97 45 2A 73 64 3A 9A 25 B8 B9 5C 93 B2 
	BB 2F 45 34 7F A4 54 0E B5 63 7D C7 75 15 D7 1C 
	EB DC B1 D7 50 84 A6 75 42 D2 46 70 0B 4C 6B F5 
	38 2F 70 75 2B A2 35 0E 8A C5 4A F1 80 05 95 73 
	5B 93 B9 3F 4A B5 43 A8 E5 AA A5 1B 18 E6 E7 CA 
	38 35 9F 6B 1A 49 BB 83 53 C2 92 C6 C3 D7 81 D0 
	66 77 E4 57 08 BF 87 33 37 0A 30 A5 CC 84 BD B2 
	6C D5 59 B7 66 93 5F B7 BC B5 1E 27 5C D5 CC 0D 
	A3 72 6A 00 72 90 5F 78 1C 5B F9 19 FF 87 05 8F 
	E5 02 0D F2 07 8B B2 11 23 E1 32 50 5B BF DD E2 
	41 F2 61 6B 24 75 5D D6 21 4B 77 24 72 17 17 2C 
	00 5A 8F 9A 16 2C CD 10 B9 1E 4C 03 66 43 9E 06 
	F5 27 15 08 C9 14 D0 41 96 E9 77 EA 9C 28 B7 45 
	18 EA 10 62 26 A1 A5 63 96 03 A8 D4 C0 D0 77 9E 
	5A 60 4D B2 99 0B F4 60 BB 78 1B AA C7 80 C2 86 
	86 07 DE 7C AD DF 80 B4 F7 27 2C D5 6C 5A D7 C4 
	90 03 01 59 24 57 4E E7 AA 3C E3 36 9B 1D C4 9C 
	21 6A 99 67 CB C8 55 84 2E C3 8A 99 09 77 81 75 
	B2 71 C9 75 C7 CA D9 51 6B 7A 73 B2 64 BF 23 0B 
	4E 19 B4 0F 30 31 7A 90 A1 13 90 0C 39 B1 CC C4 
	7D E1 39 E8 CA 81 5F 28 14 6F E8 81 87 3B 1F 8B 
	35 C7 78 09 BF EE F3 8D 77 A0 0B 6E 92 AE CC B7 
	30 83 CA B0 99 C8 96 DB 12 35 B9 2A 2F E2 46 95 
	F3 3A CD A1 21 0C 12 72 60 02 71 C6 BA 2B 1B 14 
	71 CF 0F 3C AF 99 89 C2 E1 F8 AB 3C 4C AA DB 38 
	82 F1 53 86 35 92 B7 3C C4 58 8B 6B CC 6E 65 AB 
	EF EC BD 2E D7 CC A6 68 29 4A 42 63 92 11 2E 34 
	07 4E 72 1A 6D 4A 72 7D 7E 6C 47 BD 30 48 25 95 
	76 7F F7 04 86 E8 5C EC 25 8F 8C 09 2F D7 B6 0A 
	18 7C B1 59 F5 B9 22 5C 5D 8B 0C 53 8B 88 91 AD 
	BC 6C 25 3B 6A 26 67 C6 E9 C5 B3 68 47 B1 08 8C 
	34 DD 15 7B 7D 7B 21 A1 FB B2 92 DB 3A 7B A9 21 
	DB CA A4 B3 B4 77 38 D6 56 20 35 72 29 05 A1 35 
	B5 3B 25 38 4B 89 E1 4E 08 A8 63 8A 11 BA 4F 07 
	CB 42 92 66 39 E0 8C D9 BA 7A 2E D7 71 FA C6 6A 
	74 DA 5A 04 FC B4 27 A5 34 3F 8B 29 C8 73 0F D2 
	62 CB C0 62 07 C7 D9 1D 2E 06 2A 51 8C 80 CB E4 
	68 51 A3 A5 CB 59 4F F7 37 BE 25 82 A7 A1 C8 30 
	57 FA 7D 1B 7D 0F 8E DA 9D A7 FC EB 71 40 FD 6E 
	90 2E 62 7C 71 F0 A6 5F 7D 90 86 D3 E6 E8 B8 21 
gx PQ/T size: 1216 - KEM size 1184
PQ/T g_y  (size 1120):
	27 B1 D6 35 A6 63 38 2D 99 E0 31 B3 E9 A5 D6 82 
	A0 95 45 04 93 56 AF 6F 13 54 DE D1 3E D2 9C 72 
	00 00 00 00 00 00 00 00 00 00 00 00 00 00 00 00 
	00 00 00 00 00 00 00 00 00 00 00 00 00 00 00 00 
	00 00 00 00 00 00 00 00 00 00 00 00 00 00 00 00 
	00 00 00 00 00 00 00 00 00 00 00 00 00 00 00 00 
	00 00 00 00 00 00 00 00 00 00 00 00 00 00 00 00 
	00 00 00 00 00 00 00 00 00 00 00 00 00 00 00 00 
	00 00 00 00 00 00 00 00 00 00 00 00 00 00 00 00 
	00 00 00 00 00 00 00 00 00 00 00 00 00 00 00 00 
	00 00 00 00 00 00 00 00 00 00 00 00 00 00 00 00 
	00 00 00 00 00 00 00 00 00 00 00 00 00 00 00 00 
	00 00 00 00 00 00 00 00 00 00 00 00 00 00 00 00 
	00 00 00 00 00 00 00 00 00 00 00 00 00 00 00 00 
	00 00 00 00 00 00 00 00 00 00 00 00 00 00 00 00 
	00 00 00 00 00 00 00 00 00 00 00 00 00 00 00 00 
	00 00 00 00 00 00 00 00 00 00 00 00 00 00 00 00 
	00 00 00 00 00 00 00 00 00 00 00 00 00 00 00 00 
	00 00 00 00 00 00 00 00 00 00 00 00 00 00 00 00 
	00 00 00 00 00 00 00 00 00 00 00 00 00 00 00 00 
	00 00 00 00 00 00 00 00 00 00 00 00 00 00 00 00 
	00 00 00 00 00 00 00 00 00 00 00 00 00 00 00 00 
	00 00 00 00 00 00 00 00 00 00 00 00 00 00 00 00 
	00 00 00 00 00 00 00 00 00 00 00 00 00 00 00 00 
	00 00 00 00 00 00 00 00 00 00 00 00 00 00 00 00 
	00 00 00 00 00 00 00 00 00 00 00 00 00 00 00 00 
	00 00 00 00 00 00 00 00 00 00 00 00 00 00 00 00 
	00 00 00 00 00 00 00 00 00 00 00 00 00 00 00 00 
	00 00 00 00 00 00 00 00 00 00 00 00 00 00 00 00 
	00 00 00 00 00 00 00 00 00 00 00 00 00 00 00 00 
	00 00 00 00 00 00 00 00 00 00 00 00 00 00 00 00 
	00 00 00 00 00 00 00 00 00 00 00 00 00 00 00 00 
	00 00 00 00 00 00 00 00 00 00 00 00 00 00 00 00 
	00 00 00 00 00 00 00 00 00 00 00 00 00 00 00 00 
	00 00 00 00 00 00 00 00 00 00 00 00 00 00 00 00 
	00 00 00 00 00 00 00 00 00 00 00 00 00 00 00 00 
	00 00 00 00 00 00 00 00 00 00 00 00 00 00 00 00 
	00 00 00 00 00 00 00 00 00 00 00 00 00 00 00 00 
	00 00 00 00 00 00 00 00 00 00 00 00 00 00 00 00 
	00 00 00 00 00 00 00 00 00 00 00 00 00 00 00 00 
	00 00 00 00 00 00 00 00 00 00 00 00 00 00 00 00 
	00 00 00 00 00 00 00 00 00 00 00 00 00 00 00 00 
	00 00 00 00 00 00 00 00 00 00 00 00 00 00 00 00 
	00 00 00 00 00 00 00 00 00 00 00 00 00 00 00 00 
	00 00 00 00 00 00 00 00 00 00 00 00 00 00 00 00 
	00 00 00 00 00 00 00 00 00 00 00 00 00 00 00 00 
	00 00 00 00 00 00 00 00 00 00 00 00 00 00 00 00 
	00 00 00 00 00 00 00 00 00 00 00 00 00 00 00 00 
	00 00 00 00 00 00 00 00 00 00 00 00 00 00 00 00 
	00 00 00 00 00 00 00 00 00 00 00 00 00 00 00 00 
	00 00 00 00 00 00 00 00 00 00 00 00 00 00 00 00 
	00 00 00 00 00 00 00 00 00 00 00 00 00 00 00 00 
	00 00 00 00 00 00 00 00 00 00 00 00 00 00 00 00 
	00 00 00 00 00 00 00 00 00 00 00 00 00 00 00 00 
	00 00 00 00 00 00 00 00 00 00 00 00 00 00 00 00 
	00 00 00 00 00 00 00 00 00 00 00 00 00 00 00 00 
	00 00 00 00 00 00 00 00 00 00 00 00 00 00 00 00 
	00 00 00 00 00 00 00 00 00 00 00 00 00 00 00 00 
	00 00 00 00 00 00 00 00 00 00 00 00 00 00 00 00 
	00 00 00 00 00 00 00 00 00 00 00 00 00 00 00 00 
	00 00 00 00 00 00 00 00 00 00 00 00 00 00 00 00 
	00 00 00 00 00 00 00 00 00 00 00 00 00 00 00 00 
	00 00 00 00 00 00 00 00 00 00 00 00 00 00 00 00 
	00 00 00 00 00 00 00 00 00 00 00 00 00 00 00 00 
	00 00 00 00 00 00 00 00 00 00 00 00 00 00 00 00 
	00 00 00 00 00 00 00 00 00 00 00 00 00 00 00 00 
	00 00 00 00 00 00 00 00 00 00 00 00 00 00 00 00 
	00 00 00 00 00 00 00 00 00 00 00 00 00 00 00 00 
	00 00 00 00 00 00 00 00 00 00 00 00 00 00 00 00 
	00 00 00 00 00 00 00 00 00 00 00 00 00 00 00 00 
KEM - g_y  (size 1088):
	00 00 00 00 00 00 00 00 00 00 00 00 00 00 00 00 
	00 00 00 00 00 00 00 00 00 00 00 00 00 00 00 00 
	00 00 00 00 00 00 00 00 00 00 00 00 00 00 00 00 
	00 00 00 00 00 00 00 00 00 00 00 00 00 00 00 00 
	00 00 00 00 00 00 00 00 00 00 00 00 00 00 00 00 
	00 00 00 00 00 00 00 00 00 00 00 00 00 00 00 00 
	00 00 00 00 00 00 00 00 00 00 00 00 00 00 00 00 
	00 00 00 00 00 00 00 00 00 00 00 00 00 00 00 00 
	00 00 00 00 00 00 00 00 00 00 00 00 00 00 00 00 
	00 00 00 00 00 00 00 00 00 00 00 00 00 00 00 00 
	00 00 00 00 00 00 00 00 00 00 00 00 00 00 00 00 
	00 00 00 00 00 00 00 00 00 00 00 00 00 00 00 00 
	00 00 00 00 00 00 00 00 00 00 00 00 00 00 00 00 
	00 00 00 00 00 00 00 00 00 00 00 00 00 00 00 00 
	00 00 00 00 00 00 00 00 00 00 00 00 00 00 00 00 
	00 00 00 00 00 00 00 00 00 00 00 00 00 00 00 00 
	00 00 00 00 00 00 00 00 00 00 00 00 00 00 00 00 
	00 00 00 00 00 00 00 00 00 00 00 00 00 00 00 00 
	00 00 00 00 00 00 00 00 00 00 00 00 00 00 00 00 
	00 00 00 00 00 00 00 00 00 00 00 00 00 00 00 00 
	00 00 00 00 00 00 00 00 00 00 00 00 00 00 00 00 
	00 00 00 00 00 00 00 00 00 00 00 00 00 00 00 00 
	00 00 00 00 00 00 00 00 00 00 00 00 00 00 00 00 
	00 00 00 00 00 00 00 00 00 00 00 00 00 00 00 00 
	00 00 00 00 00 00 00 00 00 00 00 00 00 00 00 00 
	00 00 00 00 00 00 00 00 00 00 00 00 00 00 00 00 
	00 00 00 00 00 00 00 00 00 00 00 00 00 00 00 00 
	00 00 00 00 00 00 00 00 00 00 00 00 00 00 00 00 
	00 00 00 00 00 00 00 00 00 00 00 00 00 00 00 00 
	00 00 00 00 00 00 00 00 00 00 00 00 00 00 00 00 
	00 00 00 00 00 00 00 00 00 00 00 00 00 00 00 00 
	00 00 00 00 00 00 00 00 00 00 00 00 00 00 00 00 
	00 00 00 00 00 00 00 00 00 00 00 00 00 00 00 00 
	00 00 00 00 00 00 00 00 00 00 00 00 00 00 00 00 
	00 00 00 00 00 00 00 00 00 00 00 00 00 00 00 00 
	00 00 00 00 00 00 00 00 00 00 00 00 00 00 00 00 
	00 00 00 00 00 00 00 00 00 00 00 00 00 00 00 00 
	00 00 00 00 00 00 00 00 00 00 00 00 00 00 00 00 
	00 00 00 00 00 00 00 00 00 00 00 00 00 00 00 00 
	00 00 00 00 00 00 00 00 00 00 00 00 00 00 00 00 
	00 00 00 00 00 00 00 00 00 00 00 00 00 00 00 00 
	00 00 00 00 00 00 00 00 00 00 00 00 00 00 00 00 
	00 00 00 00 00 00 00 00 00 00 00 00 00 00 00 00 
	00 00 00 00 00 00 00 00 00 00 00 00 00 00 00 00 
	00 00 00 00 00 00 00 00 00 00 00 00 00 00 00 00 
	00 00 00 00 00 00 00 00 00 00 00 00 00 00 00 00 
	00 00 00 00 00 00 00 00 00 00 00 00 00 00 00 00 
	00 00 00 00 00 00 00 00 00 00 00 00 00 00 00 00 
	00 00 00 00 00 00 00 00 00 00 00 00 00 00 00 00 
	00 00 00 00 00 00 00 00 00 00 00 00 00 00 00 00 
	00 00 00 00 00 00 00 00 00 00 00 00 00 00 00 00 
	00 00 00 00 00 00 00 00 00 00 00 00 00 00 00 00 
	00 00 00 00 00 00 00 00 00 00 00 00 00 00 00 00 
	00 00 00 00 00 00 00 00 00 00 00 00 00 00 00 00 
	00 00 00 00 00 00 00 00 00 00 00 00 00 00 00 00 
	00 00 00 00 00 00 00 00 00 00 00 00 00 00 00 00 
	00 00 00 00 00 00 00 00 00 00 00 00 00 00 00 00 
	00 00 00 00 00 00 00 00 00 00 00 00 00 00 00 00 
	00 00 00 00 00 00 00 00 00 00 00 00 00 00 00 00 
	00 00 00 00 00 00 00 00 00 00 00 00 00 00 00 00 
	00 00 00 00 00 00 00 00 00 00 00 00 00 00 00 00 
	00 00 00 00 00 00 00 00 00 00 00 00 00 00 00 00 
	00 00 00 00 00 00 00 00 00 00 00 00 00 00 00 00 
	00 00 00 00 00 00 00 00 00 00 00 00 00 00 00 00 
	00 00 00 00 00 00 00 00 00 00 00 00 00 00 00 00 
	00 00 00 00 00 00 00 00 00 00 00 00 00 00 00 00 
	00 00 00 00 00 00 00 00 00 00 00 00 00 00 00 00 
	00 00 00 00 00 00 00 00 00 00 00 00 00 00 00 00 
Encapsulate correct
G_XY (PQ SS) (size 32):
	83 7D F3 99 4E 4A DA A5 00 B0 E2 1F E2 CF B1 FD 
	D5 DB 29 D6 65 03 82 8D 5C 24 9A E0 6A 29 DE 87 
G_Y (PQ CC) (size 1088):
	FF 66 D4 A9 5F D9 A0 7A 7E F1 EC 22 B3 46 85 28 
	73 21 D1 D6 3C 4B D5 DC D7 BC 15 C5 D6 0B 67 F7 
	69 A6 2C 4B 19 1B E4 F8 8B B2 02 13 83 4D 2A C1 
	EB 8F 6F A8 7E 8C FA 6B C5 EC 07 0F B4 87 C3 0C 
	62 30 42 AB C7 A7 DB F8 EF B5 42 78 4F 7B 2D 2B 
	6C 5C 16 4E F9 9D 7C 1A E1 C0 B7 51 88 F5 2F 78 
	7B 33 38 EE 90 C5 04 8D 0D 97 1E FA 85 E8 1D 21 
	F9 96 D0 33 77 40 E5 31 AC B5 52 5E 2C 40 1D 04 
	E2 66 05 B2 57 77 D4 23 1A CB 5F 42 9F EC CB 64 
	50 FE 1E 7B C8 A6 F7 A9 5A 73 C5 11 BE 0E 71 4F 
	19 5B 10 64 50 95 C2 75 F7 D7 1D E5 5E 9E 7C 9F 
	A0 FD 45 D0 9D 66 97 0D C2 1F 98 D3 78 37 50 78 
	76 D4 DD F9 75 6D 6A 50 77 DE B5 DB DF CA 40 FB 
	FF 6D FB 21 87 32 DB B4 D0 3D D3 A7 54 DC CD 17 
	A8 D6 60 9F 03 03 98 E7 AF 87 F5 8F 67 22 94 E7 
	3B 56 8E 10 9D 8D E5 A6 EC 66 DB 30 E2 9E 01 E8 
	B4 6A 5E 6E 85 0B 82 D9 CB B6 E0 FE 80 7B 27 AD 
	C7 3B F4 05 5C 21 61 19 76 EA 12 E9 9D 1A 72 3C 
	0B 6E D5 FC 4B 5D D0 A9 5F 07 A0 10 6F 8F 8C C7 
	21 F6 32 A7 82 B8 86 C0 7D E8 63 C8 87 13 47 82 
	1B 43 AA E7 8F 81 BB 71 6B 38 68 A9 9E E2 6B 44 
	BA 3F E1 1E E0 97 94 4F 6B BE B4 CF 7B 89 3D 37 
	94 F0 C8 84 89 CB 90 08 CB 24 9B 1D 4C 3D E4 0C 
	64 97 4B 12 5A 6A 8C F6 A2 61 8D AF A6 B7 E5 FC 
	9E 24 8F 07 47 75 EA 30 EA BA 6C 40 3A 7D 35 EB 
	B1 E4 5B 91 B7 BC 3E D3 1C 8D C8 62 18 7A 3E D8 
	BF BC B0 A9 9D 44 23 88 32 E9 3C DD 40 60 EC 4F 
	E0 C1 2C 16 FB BF 65 DE F5 10 91 CE 4E F7 8B 33 
	0C 4E 94 21 9F D6 C3 76 FF 7C A8 EA E3 EC B1 D7 
	EC B2 EF 1C 5C 15 3F 6E A0 C1 B6 4B 71 48 0D 63 
	26 C6 2E 82 7A 70 38 CB 24 B0 83 F5 57 94 BF 24 
	C5 4B 92 D0 D5 22 F8 DD 5F AE 03 32 D4 8F 16 A5 
	78 3A 07 07 33 B1 23 75 14 E4 C0 CD C6 44 9E BF 
	79 9C 33 B7 B6 EE 0E 58 8B C5 64 68 93 B3 7D ED 
	FD 4A 8F 3F ED D3 30 F7 58 D0 FD 29 D7 DC 5F B5 
	FE 54 AA 32 A5 16 56 52 D7 44 DA 46 A0 B2 EB B1 
	48 FD C6 63 63 03 0A 2E CC C4 F6 D2 16 01 D3 4A 
	1A 52 77 63 DE BC 56 A9 6A A0 29 21 A2 1C AE DB 
	48 0C 3C 9C F4 B2 A3 BA 93 6D 7D 8D 19 25 9D A3 
	89 80 3A 61 AE 05 D2 EC 9C 9F 0C 46 D3 1A 5D B6 
	DF F5 11 05 C0 7C 62 E9 15 73 4F D7 EA BA FA A7 
	3E E3 9A FC 33 D0 3D 49 FF FE 53 0A BB FA E7 E4 
	92 2B CF B5 ED 01 D4 EA 1A D5 FE 94 EF EC 16 F0 
	A2 A7 15 0B 10 D7 87 46 9F 94 1D 53 5D 18 A0 18 
	FC 0C 5C C4 AF E3 63 E4 44 D9 79 E3 99 78 91 B0 
	66 25 85 E0 C4 95 B2 E6 F7 1E 84 55 25 79 05 A5 
	B2 80 08 9E 6C FF 8A EB 89 0D 0F 91 14 D3 0B D3 
	02 5C 4E FB D0 76 AD 0E DF E8 8C 46 C9 D2 11 B7 
	C5 20 26 35 36 E3 8E 5F A1 6A EB EC 5C 6F E3 4E 
	8F 80 98 CE 98 A1 6E 1C 58 39 B3 DB EB CD 4A 91 
	2A F5 E2 B4 BB 52 09 24 D1 D7 1A 6F 09 E4 58 81 
	B4 F3 2A FA 73 8F 44 75 27 C5 1D 3A F4 0F 10 E2 
	6E D8 CF BD 49 7F 30 FB 1B 30 76 C4 F9 7F B8 39 
	28 5D A4 90 AE C3 A6 5A 38 AC B3 42 5D C5 4B C9 
	21 1A 46 20 5A 49 8A F8 A5 61 52 A7 EA 39 46 23 
	FF 92 A6 2D A4 7A 22 DE B3 03 28 65 DC 3B F1 72 
	D2 26 C8 27 4B A5 E9 FA CF D0 7F 09 DE F4 AE 8D 
	FE 31 C7 EA 97 32 FB F4 49 EC 8A E0 EE 48 51 D4 
	F8 9B 0C 26 1D ED 24 A3 2C 29 E5 ED 08 4E C2 49 
	0A 99 92 64 FE F2 FD B7 C7 C8 39 AC 04 B8 A3 A0 
	D9 4C 44 48 5C 82 0E DD CE 6E FA 12 E4 0D 98 00 
	20 D7 F4 B3 15 B6 4B E4 08 15 8A 53 8F 70 D4 90 
	1B 9A 27 3C D9 52 8B 6B 5D B3 D9 6A B8 07 06 25 
	BE 3B 9C D0 0E BA E6 7C BC F7 E4 42 42 96 4A A5 
	00 3A 81 CF EB 7C C5 E1 C0 C9 C3 D3 A5 4E 0B 9B 
	C5 E2 FA FF 8D 9A F5 95 CC FB 5D 10 7E CD 4B 7F 
	63 01 3D 71 8C 45 86 64 FA D8 C1 82 FB 87 58 2C 
	6E 7C 99 3A E1 E2 49 33 81 A9 EA 05 FE 0A 7B 72 
G_Y (PQ/T) (size 1120):
	27 B1 D6 35 A6 63 38 2D 99 E0 31 B3 E9 A5 D6 82 
	A0 95 45 04 93 56 AF 6F 13 54 DE D1 3E D2 9C 72 
	FF 66 D4 A9 5F D9 A0 7A 7E F1 EC 22 B3 46 85 28 
	73 21 D1 D6 3C 4B D5 DC D7 BC 15 C5 D6 0B 67 F7 
	69 A6 2C 4B 19 1B E4 F8 8B B2 02 13 83 4D 2A C1 
	EB 8F 6F A8 7E 8C FA 6B C5 EC 07 0F B4 87 C3 0C 
	62 30 42 AB C7 A7 DB F8 EF B5 42 78 4F 7B 2D 2B 
	6C 5C 16 4E F9 9D 7C 1A E1 C0 B7 51 88 F5 2F 78 
	7B 33 38 EE 90 C5 04 8D 0D 97 1E FA 85 E8 1D 21 
	F9 96 D0 33 77 40 E5 31 AC B5 52 5E 2C 40 1D 04 
	E2 66 05 B2 57 77 D4 23 1A CB 5F 42 9F EC CB 64 
	50 FE 1E 7B C8 A6 F7 A9 5A 73 C5 11 BE 0E 71 4F 
	19 5B 10 64 50 95 C2 75 F7 D7 1D E5 5E 9E 7C 9F 
	A0 FD 45 D0 9D 66 97 0D C2 1F 98 D3 78 37 50 78 
	76 D4 DD F9 75 6D 6A 50 77 DE B5 DB DF CA 40 FB 
	FF 6D FB 21 87 32 DB B4 D0 3D D3 A7 54 DC CD 17 
	A8 D6 60 9F 03 03 98 E7 AF 87 F5 8F 67 22 94 E7 
	3B 56 8E 10 9D 8D E5 A6 EC 66 DB 30 E2 9E 01 E8 
	B4 6A 5E 6E 85 0B 82 D9 CB B6 E0 FE 80 7B 27 AD 
	C7 3B F4 05 5C 21 61 19 76 EA 12 E9 9D 1A 72 3C 
	0B 6E D5 FC 4B 5D D0 A9 5F 07 A0 10 6F 8F 8C C7 
	21 F6 32 A7 82 B8 86 C0 7D E8 63 C8 87 13 47 82 
	1B 43 AA E7 8F 81 BB 71 6B 38 68 A9 9E E2 6B 44 
	BA 3F E1 1E E0 97 94 4F 6B BE B4 CF 7B 89 3D 37 
	94 F0 C8 84 89 CB 90 08 CB 24 9B 1D 4C 3D E4 0C 
	64 97 4B 12 5A 6A 8C F6 A2 61 8D AF A6 B7 E5 FC 
	9E 24 8F 07 47 75 EA 30 EA BA 6C 40 3A 7D 35 EB 
	B1 E4 5B 91 B7 BC 3E D3 1C 8D C8 62 18 7A 3E D8 
	BF BC B0 A9 9D 44 23 88 32 E9 3C DD 40 60 EC 4F 
	E0 C1 2C 16 FB BF 65 DE F5 10 91 CE 4E F7 8B 33 
	0C 4E 94 21 9F D6 C3 76 FF 7C A8 EA E3 EC B1 D7 
	EC B2 EF 1C 5C 15 3F 6E A0 C1 B6 4B 71 48 0D 63 
	26 C6 2E 82 7A 70 38 CB 24 B0 83 F5 57 94 BF 24 
	C5 4B 92 D0 D5 22 F8 DD 5F AE 03 32 D4 8F 16 A5 
	78 3A 07 07 33 B1 23 75 14 E4 C0 CD C6 44 9E BF 
	79 9C 33 B7 B6 EE 0E 58 8B C5 64 68 93 B3 7D ED 
	FD 4A 8F 3F ED D3 30 F7 58 D0 FD 29 D7 DC 5F B5 
	FE 54 AA 32 A5 16 56 52 D7 44 DA 46 A0 B2 EB B1 
	48 FD C6 63 63 03 0A 2E CC C4 F6 D2 16 01 D3 4A 
	1A 52 77 63 DE BC 56 A9 6A A0 29 21 A2 1C AE DB 
	48 0C 3C 9C F4 B2 A3 BA 93 6D 7D 8D 19 25 9D A3 
	89 80 3A 61 AE 05 D2 EC 9C 9F 0C 46 D3 1A 5D B6 
	DF F5 11 05 C0 7C 62 E9 15 73 4F D7 EA BA FA A7 
	3E E3 9A FC 33 D0 3D 49 FF FE 53 0A BB FA E7 E4 
	92 2B CF B5 ED 01 D4 EA 1A D5 FE 94 EF EC 16 F0 
	A2 A7 15 0B 10 D7 87 46 9F 94 1D 53 5D 18 A0 18 
	FC 0C 5C C4 AF E3 63 E4 44 D9 79 E3 99 78 91 B0 
	66 25 85 E0 C4 95 B2 E6 F7 1E 84 55 25 79 05 A5 
	B2 80 08 9E 6C FF 8A EB 89 0D 0F 91 14 D3 0B D3 
	02 5C 4E FB D0 76 AD 0E DF E8 8C 46 C9 D2 11 B7 
	C5 20 26 35 36 E3 8E 5F A1 6A EB EC 5C 6F E3 4E 
	8F 80 98 CE 98 A1 6E 1C 58 39 B3 DB EB CD 4A 91 
	2A F5 E2 B4 BB 52 09 24 D1 D7 1A 6F 09 E4 58 81 
	B4 F3 2A FA 73 8F 44 75 27 C5 1D 3A F4 0F 10 E2 
	6E D8 CF BD 49 7F 30 FB 1B 30 76 C4 F9 7F B8 39 
	28 5D A4 90 AE C3 A6 5A 38 AC B3 42 5D C5 4B C9 
	21 1A 46 20 5A 49 8A F8 A5 61 52 A7 EA 39 46 23 
	FF 92 A6 2D A4 7A 22 DE B3 03 28 65 DC 3B F1 72 
	D2 26 C8 27 4B A5 E9 FA CF D0 7F 09 DE F4 AE 8D 
	FE 31 C7 EA 97 32 FB F4 49 EC 8A E0 EE 48 51 D4 
	F8 9B 0C 26 1D ED 24 A3 2C 29 E5 ED 08 4E C2 49 
	0A 99 92 64 FE F2 FD B7 C7 C8 39 AC 04 B8 A3 A0 
	D9 4C 44 48 5C 82 0E DD CE 6E FA 12 E4 0D 98 00 
	20 D7 F4 B3 15 B6 4B E4 08 15 8A 53 8F 70 D4 90 
	1B 9A 27 3C D9 52 8B 6B 5D B3 D9 6A B8 07 06 25 
	BE 3B 9C D0 0E BA E6 7C BC F7 E4 42 42 96 4A A5 
	00 3A 81 CF EB 7C C5 E1 C0 C9 C3 D3 A5 4E 0B 9B 
	C5 E2 FA FF 8D 9A F5 95 CC FB 5D 10 7E CD 4B 7F 
	63 01 3D 71 8C 45 86 64 FA D8 C1 82 FB 87 58 2C 
	6E 7C 99 3A E1 E2 49 33 81 A9 EA 05 FE 0A 7B 72 
hash_msg1_raw (size 32):
	47 EC 4A 32 E1 0A 28 C4 C5 A9 60 B2 E4 AA 43 04 
	E6 33 4F 77 E3 7B DC 3A F1 0E 9E 99 5C 87 8F FC 
Input to calculate TH_2 (CBOR Sequence) (size 1157):
	59 04 60 27 B1 D6 35 A6 63 38 2D 99 E0 31 B3 E9 
	A5 D6 82 A0 95 45 04 93 56 AF 6F 13 54 DE D1 3E 
	D2 9C 72 FF 66 D4 A9 5F D9 A0 7A 7E F1 EC 22 B3 
	46 85 28 73 21 D1 D6 3C 4B D5 DC D7 BC 15 C5 D6 
	0B 67 F7 69 A6 2C 4B 19 1B E4 F8 8B B2 02 13 83 
	4D 2A C1 EB 8F 6F A8 7E 8C FA 6B C5 EC 07 0F B4 
	87 C3 0C 62 30 42 AB C7 A7 DB F8 EF B5 42 78 4F 
	7B 2D 2B 6C 5C 16 4E F9 9D 7C 1A E1 C0 B7 51 88 
	F5 2F 78 7B 33 38 EE 90 C5 04 8D 0D 97 1E FA 85 
	E8 1D 21 F9 96 D0 33 77 40 E5 31 AC B5 52 5E 2C 
	40 1D 04 E2 66 05 B2 57 77 D4 23 1A CB 5F 42 9F 
	EC CB 64 50 FE 1E 7B C8 A6 F7 A9 5A 73 C5 11 BE 
	0E 71 4F 19 5B 10 64 50 95 C2 75 F7 D7 1D E5 5E 
	9E 7C 9F A0 FD 45 D0 9D 66 97 0D C2 1F 98 D3 78 
	37 50 78 76 D4 DD F9 75 6D 6A 50 77 DE B5 DB DF 
	CA 40 FB FF 6D FB 21 87 32 DB B4 D0 3D D3 A7 54 
	DC CD 17 A8 D6 60 9F 03 03 98 E7 AF 87 F5 8F 67 
	22 94 E7 3B 56 8E 10 9D 8D E5 A6 EC 66 DB 30 E2 
	9E 01 E8 B4 6A 5E 6E 85 0B 82 D9 CB B6 E0 FE 80 
	7B 27 AD C7 3B F4 05 5C 21 61 19 76 EA 12 E9 9D 
	1A 72 3C 0B 6E D5 FC 4B 5D D0 A9 5F 07 A0 10 6F 
	8F 8C C7 21 F6 32 A7 82 B8 86 C0 7D E8 63 C8 87 
	13 47 82 1B 43 AA E7 8F 81 BB 71 6B 38 68 A9 9E 
	E2 6B 44 BA 3F E1 1E E0 97 94 4F 6B BE B4 CF 7B 
	89 3D 37 94 F0 C8 84 89 CB 90 08 CB 24 9B 1D 4C 
	3D E4 0C 64 97 4B 12 5A 6A 8C F6 A2 61 8D AF A6 
	B7 E5 FC 9E 24 8F 07 47 75 EA 30 EA BA 6C 40 3A 
	7D 35 EB B1 E4 5B 91 B7 BC 3E D3 1C 8D C8 62 18 
	7A 3E D8 BF BC B0 A9 9D 44 23 88 32 E9 3C DD 40 
	60 EC 4F E0 C1 2C 16 FB BF 65 DE F5 10 91 CE 4E 
	F7 8B 33 0C 4E 94 21 9F D6 C3 76 FF 7C A8 EA E3 
	EC B1 D7 EC B2 EF 1C 5C 15 3F 6E A0 C1 B6 4B 71 
	48 0D 63 26 C6 2E 82 7A 70 38 CB 24 B0 83 F5 57 
	94 BF 24 C5 4B 92 D0 D5 22 F8 DD 5F AE 03 32 D4 
	8F 16 A5 78 3A 07 07 33 B1 23 75 14 E4 C0 CD C6 
	44 9E BF 79 9C 33 B7 B6 EE 0E 58 8B C5 64 68 93 
	B3 7D ED FD 4A 8F 3F ED D3 30 F7 58 D0 FD 29 D7 
	DC 5F B5 FE 54 AA 32 A5 16 56 52 D7 44 DA 46 A0 
	B2 EB B1 48 FD C6 63 63 03 0A 2E CC C4 F6 D2 16 
	01 D3 4A 1A 52 77 63 DE BC 56 A9 6A A0 29 21 A2 
	1C AE DB 48 0C 3C 9C F4 B2 A3 BA 93 6D 7D 8D 19 
	25 9D A3 89 80 3A 61 AE 05 D2 EC 9C 9F 0C 46 D3 
	1A 5D B6 DF F5 11 05 C0 7C 62 E9 15 73 4F D7 EA 
	BA FA A7 3E E3 9A FC 33 D0 3D 49 FF FE 53 0A BB 
	FA E7 E4 92 2B CF B5 ED 01 D4 EA 1A D5 FE 94 EF 
	EC 16 F0 A2 A7 15 0B 10 D7 87 46 9F 94 1D 53 5D 
	18 A0 18 FC 0C 5C C4 AF E3 63 E4 44 D9 79 E3 99 
	78 91 B0 66 25 85 E0 C4 95 B2 E6 F7 1E 84 55 25 
	79 05 A5 B2 80 08 9E 6C FF 8A EB 89 0D 0F 91 14 
	D3 0B D3 02 5C 4E FB D0 76 AD 0E DF E8 8C 46 C9 
	D2 11 B7 C5 20 26 35 36 E3 8E 5F A1 6A EB EC 5C 
	6F E3 4E 8F 80 98 CE 98 A1 6E 1C 58 39 B3 DB EB 
	CD 4A 91 2A F5 E2 B4 BB 52 09 24 D1 D7 1A 6F 09 
	E4 58 81 B4 F3 2A FA 73 8F 44 75 27 C5 1D 3A F4 
	0F 10 E2 6E D8 CF BD 49 7F 30 FB 1B 30 76 C4 F9 
	7F B8 39 28 5D A4 90 AE C3 A6 5A 38 AC B3 42 5D 
	C5 4B C9 21 1A 46 20 5A 49 8A F8 A5 61 52 A7 EA 
	39 46 23 FF 92 A6 2D A4 7A 22 DE B3 03 28 65 DC 
	3B F1 72 D2 26 C8 27 4B A5 E9 FA CF D0 7F 09 DE 
	F4 AE 8D FE 31 C7 EA 97 32 FB F4 49 EC 8A E0 EE 
	48 51 D4 F8 9B 0C 26 1D ED 24 A3 2C 29 E5 ED 08 
	4E C2 49 0A 99 92 64 FE F2 FD B7 C7 C8 39 AC 04 
	B8 A3 A0 D9 4C 44 48 5C 82 0E DD CE 6E FA 12 E4 
	0D 98 00 20 D7 F4 B3 15 B6 4B E4 08 15 8A 53 8F 
	70 D4 90 1B 9A 27 3C D9 52 8B 6B 5D B3 D9 6A B8 
	07 06 25 BE 3B 9C D0 0E BA E6 7C BC F7 E4 42 42 
	96 4A A5 00 3A 81 CF EB 7C C5 E1 C0 C9 C3 D3 A5 
	4E 0B 9B C5 E2 FA FF 8D 9A F5 95 CC FB 5D 10 7E 
	CD 4B 7F 63 01 3D 71 8C 45 86 64 FA D8 C1 82 FB 
	87 58 2C 6E 7C 99 3A E1 E2 49 33 81 A9 EA 05 FE 
	0A 7B 72 58 20 47 EC 4A 32 E1 0A 28 C4 C5 A9 60 
	B2 E4 AA 43 04 E6 33 4F 77 E3 7B DC 3A F1 0E 9E 
	99 5C 87 8F FC 
TH2 (size 32):
	E9 AF 03 E1 89 10 77 72 BA D8 B9 03 7E 00 44 DF 
	B4 E0 5E D6 32 BF 7E 4D 19 EA 29 D2 13 3C 8F 85 
TH_2 (size 32):
	E9 AF 03 E1 89 10 77 72 BA D8 B9 03 7E 00 44 DF 
	B4 E0 5E D6 32 BF 7E 4D 19 EA 29 D2 13 3C 8F 85 
PRK_2e (first DH derivation) (size 32):
	91 B5 92 BD EB 41 BA F0 89 C3 50 99 AC EF A7 F5 
	B9 16 A9 50 08 10 C9 63 32 3E B2 10 0D 68 50 E1 
PRK_2e_b (second KEM derivation) (size 32):
	3F FB AC DF F6 A4 35 39 38 E1 50 71 E1 49 4A 66 
	1E BA DC 36 88 41 96 8D 3F 16 EE 59 94 D9 D6 38 
PRK_2e final (size 32):
	3F FB AC DF F6 A4 35 39 38 E1 50 71 E1 49 4A 66 
	1E BA DC 36 88 41 96 8D 3F 16 EE 59 94 D9 D6 38 
SHARED SECRET DERIVE
dh_secret (size 32):
	16 97 10 01 99 18 A8 54 1B A3 52 5C 8E 48 5B E2 
	43 22 F8 E6 D1 35 A8 7C 69 E0 DF CC 76 8E ED 5B 
SALT_3e2m or SALT4e3m (size 32):
	B2 9A 9A 1E D2 31 0C BC 46 DF 64 FA 7E BA E2 10 
	A2 7F 71 90 65 F3 68 E1 C4 28 CA 29 A7 FF 01 6E 
prk_3e2m (size 32):
	7A E1 32 DB 9A A6 71 97 51 BF 47 B8 23 33 41 8B 
	48 1E A0 7D AE 87 12 C5 D9 2B 29 DB 7C D3 28 DA 
Signature len 500 - 64
TMP size: 32
CBOR ENCODE ERROR: 0
MAX ID CRED: 400 cred len 3
MAX CRED: 765 cred len 3
PK SIZE: 65
SIGNATURE SIZE: 500
CONTEXT_MAC_SIZE: 1204
CONTEXT_MAC len: 42
CR len: 2
TH enc len: 34
TMP size: 1
CBOR ENCODE ERROR: 0
MAC context (size 42):
	41 A1 A1 04 01 58 20 E9 AF 03 E1 89 10 77 72 BA 
	D8 B9 03 7E 00 44 DF B4 E0 5E D6 32 BF 7E 4D 19 
	EA 29 D2 13 3C 8F 85 A1 04 01 
MAC 2/3 (size 8):
	31 0F C3 FE 0F 2D 29 02 
TMP size: 8
CBOR ENCODE ERROR: 0
TMP size: 1
CBOR ENCODE ERROR: 0
kid (size 1):
	01 
KEYSTREAM_2 (size 12):
	DA 20 E8 CA 4F 6A B6 9E C8 89 49 34 
ciphertext_2/3/4 (size 12):
	9B 81 E9 82 7E 65 75 60 C7 A4 60 36 
TMP size: 1132
CBOR ENCODE ERROR: 0
message_2 (CBOR Sequence) (size 1135):
	59 04 6C 27 B1 D6 35 A6 63 38 2D 99 E0 31 B3 E9 
	A5 D6 82 A0 95 45 04 93 56 AF 6F 13 54 DE D1 3E 
	D2 9C 72 FF 66 D4 A9 5F D9 A0 7A 7E F1 EC 22 B3 
	46 85 28 73 21 D1 D6 3C 4B D5 DC D7 BC 15 C5 D6 
	0B 67 F7 69 A6 2C 4B 19 1B E4 F8 8B B2 02 13 83 
	4D 2A C1 EB 8F 6F A8 7E 8C FA 6B C5 EC 07 0F B4 
	87 C3 0C 62 30 42 AB C7 A7 DB F8 EF B5 42 78 4F 
	7B 2D 2B 6C 5C 16 4E F9 9D 7C 1A E1 C0 B7 51 88 
	F5 2F 78 7B 33 38 EE 90 C5 04 8D 0D 97 1E FA 85 
	E8 1D 21 F9 96 D0 33 77 40 E5 31 AC B5 52 5E 2C 
	40 1D 04 E2 66 05 B2 57 77 D4 23 1A CB 5F 42 9F 
	EC CB 64 50 FE 1E 7B C8 A6 F7 A9 5A 73 C5 11 BE 
	0E 71 4F 19 5B 10 64 50 95 C2 75 F7 D7 1D E5 5E 
	9E 7C 9F A0 FD 45 D0 9D 66 97 0D C2 1F 98 D3 78 
	37 50 78 76 D4 DD F9 75 6D 6A 50 77 DE B5 DB DF 
	CA 40 FB FF 6D FB 21 87 32 DB B4 D0 3D D3 A7 54 
	DC CD 17 A8 D6 60 9F 03 03 98 E7 AF 87 F5 8F 67 
	22 94 E7 3B 56 8E 10 9D 8D E5 A6 EC 66 DB 30 E2 
	9E 01 E8 B4 6A 5E 6E 85 0B 82 D9 CB B6 E0 FE 80 
	7B 27 AD C7 3B F4 05 5C 21 61 19 76 EA 12 E9 9D 
	1A 72 3C 0B 6E D5 FC 4B 5D D0 A9 5F 07 A0 10 6F 
	8F 8C C7 21 F6 32 A7 82 B8 86 C0 7D E8 63 C8 87 
	13 47 82 1B 43 AA E7 8F 81 BB 71 6B 38 68 A9 9E 
	E2 6B 44 BA 3F E1 1E E0 97 94 4F 6B BE B4 CF 7B 
	89 3D 37 94 F0 C8 84 89 CB 90 08 CB 24 9B 1D 4C 
	3D E4 0C 64 97 4B 12 5A 6A 8C F6 A2 61 8D AF A6 
	B7 E5 FC 9E 24 8F 07 47 75 EA 30 EA BA 6C 40 3A 
	7D 35 EB B1 E4 5B 91 B7 BC 3E D3 1C 8D C8 62 18 
	7A 3E D8 BF BC B0 A9 9D 44 23 88 32 E9 3C DD 40 
	60 EC 4F E0 C1 2C 16 FB BF 65 DE F5 10 91 CE 4E 
	F7 8B 33 0C 4E 94 21 9F D6 C3 76 FF 7C A8 EA E3 
	EC B1 D7 EC B2 EF 1C 5C 15 3F 6E A0 C1 B6 4B 71 
	48 0D 63 26 C6 2E 82 7A 70 38 CB 24 B0 83 F5 57 
	94 BF 24 C5 4B 92 D0 D5 22 F8 DD 5F AE 03 32 D4 
	8F 16 A5 78 3A 07 07 33 B1 23 75 14 E4 C0 CD C6 
	44 9E BF 79 9C 33 B7 B6 EE 0E 58 8B C5 64 68 93 
	B3 7D ED FD 4A 8F 3F ED D3 30 F7 58 D0 FD 29 D7 
	DC 5F B5 FE 54 AA 32 A5 16 56 52 D7 44 DA 46 A0 
	B2 EB B1 48 FD C6 63 63 03 0A 2E CC C4 F6 D2 16 
	01 D3 4A 1A 52 77 63 DE BC 56 A9 6A A0 29 21 A2 
	1C AE DB 48 0C 3C 9C F4 B2 A3 BA 93 6D 7D 8D 19 
	25 9D A3 89 80 3A 61 AE 05 D2 EC 9C 9F 0C 46 D3 
	1A 5D B6 DF F5 11 05 C0 7C 62 E9 15 73 4F D7 EA 
	BA FA A7 3E E3 9A FC 33 D0 3D 49 FF FE 53 0A BB 
	FA E7 E4 92 2B CF B5 ED 01 D4 EA 1A D5 FE 94 EF 
	EC 16 F0 A2 A7 15 0B 10 D7 87 46 9F 94 1D 53 5D 
	18 A0 18 FC 0C 5C C4 AF E3 63 E4 44 D9 79 E3 99 
	78 91 B0 66 25 85 E0 C4 95 B2 E6 F7 1E 84 55 25 
	79 05 A5 B2 80 08 9E 6C FF 8A EB 89 0D 0F 91 14 
	D3 0B D3 02 5C 4E FB D0 76 AD 0E DF E8 8C 46 C9 
	D2 11 B7 C5 20 26 35 36 E3 8E 5F A1 6A EB EC 5C 
	6F E3 4E 8F 80 98 CE 98 A1 6E 1C 58 39 B3 DB EB 
	CD 4A 91 2A F5 E2 B4 BB 52 09 24 D1 D7 1A 6F 09 
	E4 58 81 B4 F3 2A FA 73 8F 44 75 27 C5 1D 3A F4 
	0F 10 E2 6E D8 CF BD 49 7F 30 FB 1B 30 76 C4 F9 
	7F B8 39 28 5D A4 90 AE C3 A6 5A 38 AC B3 42 5D 
	C5 4B C9 21 1A 46 20 5A 49 8A F8 A5 61 52 A7 EA 
	39 46 23 FF 92 A6 2D A4 7A 22 DE B3 03 28 65 DC 
	3B F1 72 D2 26 C8 27 4B A5 E9 FA CF D0 7F 09 DE 
	F4 AE 8D FE 31 C7 EA 97 32 FB F4 49 EC 8A E0 EE 
	48 51 D4 F8 9B 0C 26 1D ED 24 A3 2C 29 E5 ED 08 
	4E C2 49 0A 99 92 64 FE F2 FD B7 C7 C8 39 AC 04 
	B8 A3 A0 D9 4C 44 48 5C 82 0E DD CE 6E FA 12 E4 
	0D 98 00 20 D7 F4 B3 15 B6 4B E4 08 15 8A 53 8F 
	70 D4 90 1B 9A 27 3C D9 52 8B 6B 5D B3 D9 6A B8 
	07 06 25 BE 3B 9C D0 0E BA E6 7C BC F7 E4 42 42 
	96 4A A5 00 3A 81 CF EB 7C C5 E1 C0 C9 C3 D3 A5 
	4E 0B 9B C5 E2 FA FF 8D 9A F5 95 CC FB 5D 10 7E 
	CD 4B 7F 63 01 3D 71 8C 45 86 64 FA D8 C1 82 FB 
	87 58 2C 6E 7C 99 3A E1 E2 49 33 81 A9 EA 05 FE 
	0A 7B 72 9B 81 E9 82 7E 65 75 60 C7 A4 60 36 
th23 (size 32):
	E9 AF 03 E1 89 10 77 72 BA D8 B9 03 7E 00 44 DF 
	B4 E0 5E D6 32 BF 7E 4D 19 EA 29 D2 13 3C 8F 85 
plaintext_23 (size 12):
	41 A1 01 48 31 0F C3 FE 0F 2D 29 02 
cred (size 3):
	A1 04 01 
TMP size: 32
CBOR ENCODE ERROR: 0
Encoded
memcopy1
memcopy2
Input to calculate TH_3/TH_4 (CBOR Sequence) (size 49):
	58 20 E9 AF 03 E1 89 10 77 72 BA D8 B9 03 7E 00 
	44 DF B4 E0 5E D6 32 BF 7E 4D 19 EA 29 D2 13 3C 
	8F 85 41 A1 01 48 31 0F C3 FE 0F 2D 29 02 A1 04 
	01 
TH34 (size 32):
	E1 03 34 B7 AE 96 95 B3 45 72 B8 0E 8E 86 60 2C 
	1C BC F0 5F 07 CE 6B DB 80 E4 21 E6 66 EA B3 49 
msg2 generated
msg2 (size 1135):
	59 04 6C 27 B1 D6 35 A6 63 38 2D 99 E0 31 B3 E9 
	A5 D6 82 A0 95 45 04 93 56 AF 6F 13 54 DE D1 3E 
	D2 9C 72 FF 66 D4 A9 5F D9 A0 7A 7E F1 EC 22 B3 
	46 85 28 73 21 D1 D6 3C 4B D5 DC D7 BC 15 C5 D6 
	0B 67 F7 69 A6 2C 4B 19 1B E4 F8 8B B2 02 13 83 
	4D 2A C1 EB 8F 6F A8 7E 8C FA 6B C5 EC 07 0F B4 
	87 C3 0C 62 30 42 AB C7 A7 DB F8 EF B5 42 78 4F 
	7B 2D 2B 6C 5C 16 4E F9 9D 7C 1A E1 C0 B7 51 88 
	F5 2F 78 7B 33 38 EE 90 C5 04 8D 0D 97 1E FA 85 
	E8 1D 21 F9 96 D0 33 77 40 E5 31 AC B5 52 5E 2C 
	40 1D 04 E2 66 05 B2 57 77 D4 23 1A CB 5F 42 9F 
	EC CB 64 50 FE 1E 7B C8 A6 F7 A9 5A 73 C5 11 BE 
	0E 71 4F 19 5B 10 64 50 95 C2 75 F7 D7 1D E5 5E 
	9E 7C 9F A0 FD 45 D0 9D 66 97 0D C2 1F 98 D3 78 
	37 50 78 76 D4 DD F9 75 6D 6A 50 77 DE B5 DB DF 
	CA 40 FB FF 6D FB 21 87 32 DB B4 D0 3D D3 A7 54 
	DC CD 17 A8 D6 60 9F 03 03 98 E7 AF 87 F5 8F 67 
	22 94 E7 3B 56 8E 10 9D 8D E5 A6 EC 66 DB 30 E2 
	9E 01 E8 B4 6A 5E 6E 85 0B 82 D9 CB B6 E0 FE 80 
	7B 27 AD C7 3B F4 05 5C 21 61 19 76 EA 12 E9 9D 
	1A 72 3C 0B 6E D5 FC 4B 5D D0 A9 5F 07 A0 10 6F 
	8F 8C C7 21 F6 32 A7 82 B8 86 C0 7D E8 63 C8 87 
	13 47 82 1B 43 AA E7 8F 81 BB 71 6B 38 68 A9 9E 
	E2 6B 44 BA 3F E1 1E E0 97 94 4F 6B BE B4 CF 7B 
	89 3D 37 94 F0 C8 84 89 CB 90 08 CB 24 9B 1D 4C 
	3D E4 0C 64 97 4B 12 5A 6A 8C F6 A2 61 8D AF A6 
	B7 E5 FC 9E 24 8F 07 47 75 EA 30 EA BA 6C 40 3A 
	7D 35 EB B1 E4 5B 91 B7 BC 3E D3 1C 8D C8 62 18 
	7A 3E D8 BF BC B0 A9 9D 44 23 88 32 E9 3C DD 40 
	60 EC 4F E0 C1 2C 16 FB BF 65 DE F5 10 91 CE 4E 
	F7 8B 33 0C 4E 94 21 9F D6 C3 76 FF 7C A8 EA E3 
	EC B1 D7 EC B2 EF 1C 5C 15 3F 6E A0 C1 B6 4B 71 
	48 0D 63 26 C6 2E 82 7A 70 38 CB 24 B0 83 F5 57 
	94 BF 24 C5 4B 92 D0 D5 22 F8 DD 5F AE 03 32 D4 
	8F 16 A5 78 3A 07 07 33 B1 23 75 14 E4 C0 CD C6 
	44 9E BF 79 9C 33 B7 B6 EE 0E 58 8B C5 64 68 93 
	B3 7D ED FD 4A 8F 3F ED D3 30 F7 58 D0 FD 29 D7 
	DC 5F B5 FE 54 AA 32 A5 16 56 52 D7 44 DA 46 A0 
	B2 EB B1 48 FD C6 63 63 03 0A 2E CC C4 F6 D2 16 
	01 D3 4A 1A 52 77 63 DE BC 56 A9 6A A0 29 21 A2 
	1C AE DB 48 0C 3C 9C F4 B2 A3 BA 93 6D 7D 8D 19 
	25 9D A3 89 80 3A 61 AE 05 D2 EC 9C 9F 0C 46 D3 
	1A 5D B6 DF F5 11 05 C0 7C 62 E9 15 73 4F D7 EA 
	BA FA A7 3E E3 9A FC 33 D0 3D 49 FF FE 53 0A BB 
	FA E7 E4 92 2B CF B5 ED 01 D4 EA 1A D5 FE 94 EF 
	EC 16 F0 A2 A7 15 0B 10 D7 87 46 9F 94 1D 53 5D 
	18 A0 18 FC 0C 5C C4 AF E3 63 E4 44 D9 79 E3 99 
	78 91 B0 66 25 85 E0 C4 95 B2 E6 F7 1E 84 55 25 
	79 05 A5 B2 80 08 9E 6C FF 8A EB 89 0D 0F 91 14 
	D3 0B D3 02 5C 4E FB D0 76 AD 0E DF E8 8C 46 C9 
	D2 11 B7 C5 20 26 35 36 E3 8E 5F A1 6A EB EC 5C 
	6F E3 4E 8F 80 98 CE 98 A1 6E 1C 58 39 B3 DB EB 
	CD 4A 91 2A F5 E2 B4 BB 52 09 24 D1 D7 1A 6F 09 
	E4 58 81 B4 F3 2A FA 73 8F 44 75 27 C5 1D 3A F4 
	0F 10 E2 6E D8 CF BD 49 7F 30 FB 1B 30 76 C4 F9 
	7F B8 39 28 5D A4 90 AE C3 A6 5A 38 AC B3 42 5D 
	C5 4B C9 21 1A 46 20 5A 49 8A F8 A5 61 52 A7 EA 
	39 46 23 FF 92 A6 2D A4 7A 22 DE B3 03 28 65 DC 
	3B F1 72 D2 26 C8 27 4B A5 E9 FA CF D0 7F 09 DE 
	F4 AE 8D FE 31 C7 EA 97 32 FB F4 49 EC 8A E0 EE 
	48 51 D4 F8 9B 0C 26 1D ED 24 A3 2C 29 E5 ED 08 
	4E C2 49 0A 99 92 64 FE F2 FD B7 C7 C8 39 AC 04 
	B8 A3 A0 D9 4C 44 48 5C 82 0E DD CE 6E FA 12 E4 
	0D 98 00 20 D7 F4 B3 15 B6 4B E4 08 15 8A 53 8F 
	70 D4 90 1B 9A 27 3C D9 52 8B 6B 5D B3 D9 6A B8 
	07 06 25 BE 3B 9C D0 0E BA E6 7C BC F7 E4 42 42 
	96 4A A5 00 3A 81 CF EB 7C C5 E1 C0 C9 C3 D3 A5 
	4E 0B 9B C5 E2 FA FF 8D 9A F5 95 CC FB 5D 10 7E 
	CD 4B 7F 63 01 3D 71 8C 45 86 64 FA D8 C1 82 FB 
	87 58 2C 6E 7C 99 3A E1 E2 49 33 81 A9 EA 05 FE 
	0A 7B 72 9B 81 E9 82 7E 65 75 60 C7 A4 60 36 
ead prcessed
[resp] tx sent 1135 bytes
mesage tx
waiting to receive
[resp] rx got 21 bytes
received
CIPHERTEXT_3 (size 20):
	D8 02 65 82 05 FC D6 BC 4A B5 57 D8 6C F4 10 83 
	C0 52 0C 6F 
PLAINTEXT3_SIZE: 903
ctxt3.len: 20
K_3 (size 16):
	89 DD C5 D2 B4 52 03 FD 84 BE 64 92 1C C6 CF F9 
IV_3 (size 13):
	DD C6 9C 83 E7 C0 79 B6 C5 62 14 FF D8 
associated_data (size 45):
	83 68 45 6E 63 72 79 70 74 30 40 58 20 E1 03 34 
	B7 AE 96 95 B3 45 72 B8 0E 8E 86 60 2C 1C BC F0 
	5F 07 CE 6B DB 80 E4 21 E6 66 EA B3 49 
plaintext (size 12):
	A1 04 00 48 76 6E CF 67 B0 4C C2 DD 
ID_CRED (size 3):
	A1 04 00 
sign_or_mac (size 8):
	76 6E CF 67 B0 4C C2 DD 
[cred] lookup ID_CRED len=3
A10400
[cred] cred_array entries: 1
[cred] candidate[0] len=3 A10400
SHARED SECRET DERIVE
dh_secret (size 32):
	6C AA 7E E1 BA D2 D5 D5 C3 6D 15 AA 95 09 CF D4 
	84 71 E2 B0 43 B8 D2 92 C7 78 9F 3C 1B 1B 6C 3F 
SALT_3e2m or SALT4e3m (size 32):
	41 39 1E A5 A5 09 7E A5 ED CE C7 23 C1 02 4B 83 
	C6 23 B8 BF 49 43 77 E8 C9 C2 E6 47 84 5E 98 69 
prk_4e3m (size 32):
	D5 D0 DC 1B 35 C8 80 3A D8 9A D3 D9 8D 78 C0 0B 
	D9 A3 96 54 1E 5F CB 5D 65 55 1E F2 9D C0 50 4B 
TMP size: 32
CBOR ENCODE ERROR: 0
MAX ID CRED: 400 cred len 3
MAX CRED: 765 cred len 3
PK SIZE: 65
SIGNATURE SIZE: 500
CONTEXT_MAC_SIZE: 1204
CONTEXT_MAC len: 41
CR len: 1
TH enc len: 34
MAC context (size 40):
	A1 04 00 58 20 E1 03 34 B7 AE 96 95 B3 45 72 B8 
	0E 8E 86 60 2C 1C BC F0 5F 07 CE 6B DB 80 E4 21 
	E6 66 EA B3 49 A1 04 00 
MAC 2/3 (size 8):
	76 6E CF 67 B0 4C C2 DD 
th23 (size 32):
	E1 03 34 B7 AE 96 95 B3 45 72 B8 0E 8E 86 60 2C 
	1C BC F0 5F 07 CE 6B DB 80 E4 21 E6 66 EA B3 49 
plaintext_23 (size 12):
	A1 04 00 48 76 6E CF 67 B0 4C C2 DD 
cred (size 3):
	A1 04 00 
TMP size: 32
CBOR ENCODE ERROR: 0
Encoded
memcopy1
memcopy2
Input to calculate TH_3/TH_4 (CBOR Sequence) (size 49):
	58 20 E1 03 34 B7 AE 96 95 B3 45 72 B8 0E 8E 86 
	60 2C 1C BC F0 5F 07 CE 6B DB 80 E4 21 E6 66 EA 
	B3 49 A1 04 00 48 76 6E CF 67 B0 4C C2 DD A1 04 
	00 
TH34 (size 32):
	59 BE 6C 5B D3 9F 6D C9 19 32 99 72 84 53 A6 49 
	DD B8 97 D8 DD BF D3 37 E7 89 DB 40 71 3D CC 94 
[resp] edhoc_responder_run completed
PRK_out (size 32):
	8D A6 10 7B D8 1E 0A 06 8D F0 18 B1 B1 15 4E D3 
	D6 45 13 AB 07 51 2E DD CD BB 4A 6B AE 63 17 FC 
prk_exporter (size 32):
	3B 28 9F 64 6F 7C 18 2B 08 A7 78 D1 45 B8 26 B3 
	EB 60 13 E1 46 48 E9 F0 A6 EA D6 AF 82 30 C4 24 
OSCORE Master Secret (size 16):
	9D A4 BB 00 64 9A 04 BD 55 C2 2E 82 15 13 9A 3E 
OSCORE Master Salt (size 8):
	E5 5F 41 FC 2D 38 02 C7 
