NO DEFINED LIBOQS
initiator test vector number 2:initator cipher suit: (size 1):
	02 
initiator sk size:32 
initiator pk size:65 
secret ephemeral DH key (size 32):
	8A F6 F4 30 EB E1 8D 34 18 40 17 A9 A1 1B F5 11 
	C8 DF F8 F8 34 73 0B 96 C1 B7 C8 DB CA 2F C3 B6 
public ephemeral DH key (size 32):
	36 8E C1 F6 9A EB 65 9B A3 7D 5A 8D 45 B2 1B DC 
	02 99 DC EA A8 EF 23 5F 3C A4 2C E3 53 0F 95 25 
IPv4 client to connect to server with address 127.0.0.1 started!
MSG1 gx (size 32):
	8A F6 F4 30 EB E1 8D 34 18 40 17 A9 A1 1B F5 11 
	C8 DF F8 F8 34 73 0B 96 C1 B7 C8 DB CA 2F C3 B6 
X (eph -rpivate I) (size 32):
	36 8E C1 F6 9A EB 65 9B A3 7D 5A 8D 45 B2 1B DC 
	02 99 DC EA A8 EF 23 5F 3C A4 2C E3 53 0F 95 25 
C_I (size 1):
	37 
message_1 (CBOR Sequence) (size 37):
	00 02 58 20 8A F6 F4 30 EB E1 8D 34 18 40 17 A9 
	A1 1B F5 11 C8 DF F8 F8 34 73 0B 96 C1 B7 C8 DB 
	CA 2F C3 B6 37 
MSG: (size 37):
	00 02 58 20 8A F6 F4 30 EB E1 8D 34 18 40 17 A9 
	A1 1B F5 11 C8 DF F8 F8 34 73 0B 96 C1 B7 C8 DB 
	CA 2F C3 B6 37 
Max MSG2 size 2027
Set gy to the dh key size for DH
message_2 (CBOR Sequence) (size 115):
	58 71 80 67 F2 E9 FA 98 3C 4A 5D C9 A3 41 05 B9 
	80 36 6D 0F 2C 1C B8 22 D7 E0 88 F4 EF A9 D8 94 
	24 4F 4F 80 90 84 00 66 6F 51 FF 9F 95 41 15 67 
	E7 FB 4C 0B D7 F1 6E E2 C4 C4 A0 DC 48 B2 10 84 
	21 5A 1D CE A1 B8 6B F3 B0 23 22 19 03 B8 84 4D 
	15 EC B8 C7 87 E5 43 73 DE 17 82 03 59 AC 02 0D 
	66 A5 C1 CC 08 C5 80 75 9C F1 79 63 EF 85 F1 BE 
	BC 93 EB 
g_y (size 32):
	80 67 F2 E9 FA 98 3C 4A 5D C9 A3 41 05 B9 80 36 
	6D 0F 2C 1C B8 22 D7 E0 88 F4 EF A9 D8 94 24 4F 
ciphertext2 (size 81):
	4F 80 90 84 00 66 6F 51 FF 9F 95 41 15 67 E7 FB 
	4C 0B D7 F1 6E E2 C4 C4 A0 DC 48 B2 10 84 21 5A 
	1D CE A1 B8 6B F3 B0 23 22 19 03 B8 84 4D 15 EC 
	B8 C7 87 E5 43 73 DE 17 82 03 59 AC 02 0D 66 A5 
	C1 CC 08 C5 80 75 9C F1 79 63 EF 85 F1 BE BC 93 
	EB 
PQ/T Hybrid array foe g_xy_KEM
x  (size 32):
	36 8E C1 F6 9A EB 65 9B A3 7D 5A 8D 45 B2 1B DC 
	02 99 DC EA A8 EF 23 5F 3C A4 2C E3 53 0F 95 25 
gy  (size 32):
	80 67 F2 E9 FA 98 3C 4A 5D C9 A3 41 05 B9 80 36 
	6D 0F 2C 1C B8 22 D7 E0 88 F4 EF A9 D8 94 24 4F 
SHARED SECRET DERIVE
P256 in DH
pk_decompressed tinycript (size 64):
	80 67 F2 E9 FA 98 3C 4A 5D C9 A3 41 05 B9 80 36 
	6D 0F 2C 1C B8 22 D7 E0 88 F4 EF A9 D8 94 24 4F 
	88 F0 39 43 CF 65 73 16 DD 2B 71 4A 45 C7 CD 38 
	3B BC 84 F1 92 11 8A 7F F8 A5 73 B8 4D 29 DA 52 
G_XY (ECDH shared secret)  (size 32):
	06 9F D3 50 00 ED B0 CD 76 69 F1 3C 90 43 5C EC 
	CA 46 FC B1 EF B9 20 AD 04 48 64 8D 6F 56 08 7E 
hash_msg1_raw (size 32):
	C7 93 1F CA 62 16 CA BC B5 A9 AB 7B 17 61 AE 46 
	78 94 6B A4 F6 0B 6D E1 63 14 69 18 2A 4E 67 26 
Input to calculate TH_2 (CBOR Sequence) (size 68):
	58 20 80 67 F2 E9 FA 98 3C 4A 5D C9 A3 41 05 B9 
	80 36 6D 0F 2C 1C B8 22 D7 E0 88 F4 EF A9 D8 94 
	24 4F 58 20 C7 93 1F CA 62 16 CA BC B5 A9 AB 7B 
	17 61 AE 46 78 94 6B A4 F6 0B 6D E1 63 14 69 18 
	2A 4E 67 26 
TH2 (size 32):
	CD D9 17 E8 51 3F DA 27 B4 09 D2 18 9C E6 2B 11 
	DD 92 09 57 91 47 38 FD 88 C0 86 9D 1E 17 8E 9A 
TH_2 (size 32):
	CD D9 17 E8 51 3F DA 27 B4 09 D2 18 9C E6 2B 11 
	DD 92 09 57 91 47 38 FD 88 C0 86 9D 1E 17 8E 9A 
PRK_2e (size 32):
	C3 D6 DA B6 5E FA BA 3B 3D E3 99 C1 4D 2D BD 07 
	BE 65 8E 24 25 D4 72 51 86 09 C3 5A F9 35 40 C7 
KEYSTREAM_2 (size 81):
	68 21 88 A6 82 48 27 65 7F 6A 6F 40 BD CC 13 A3 
	0C CA CB 4E F5 F2 FA 5A 76 C5 4C E3 E3 F3 C0 0C 
	92 38 09 4C 6C C7 1A 0B AF 4F 4C 2E 3F 5C 45 77 
	C7 6C D1 95 EE 62 2E 3E 8F 5C 8C 63 A5 21 95 12 
	68 95 31 9A 2F F8 59 22 B1 46 4D 67 28 54 A2 4A 
	B9 
associated_data (size 45):
	83 68 45 6E 63 72 79 70 74 30 40 58 20 CD D9 17 
	E8 51 3F DA 27 B4 09 D2 18 9C E6 2B 11 DD 92 09 
	57 91 47 38 FD 88 C0 86 9D 1E 17 8E 9A 
plaintext (size 81):
	27 A1 18 22 82 2E 48 34 80 F5 FA 01 A8 AB F4 58 
	40 C1 1C BF 9B 10 3E 9E D6 19 04 51 F3 77 E1 56 
	8F F6 A8 F4 07 34 AA 28 8D 56 4F 96 BB 11 50 9B 
	7F AB 56 70 AD 11 F0 29 0D 5F D5 CF A7 2C F3 B7 
	A9 59 39 5F AF 8D C5 D3 C8 25 A2 E2 D9 EA 1E D9 
	52 
C_R (raw) (size 1):
	27 
ID_CRED (size 14):
	A1 18 22 82 2E 48 34 80 F5 FA 01 A8 AB F4 
sign_or_mac (size 64):
	C1 1C BF 9B 10 3E 9E D6 19 04 51 F3 77 E1 56 8F 
	F6 A8 F4 07 34 AA 28 8D 56 4F 96 BB 11 50 9B 7F 
	AB 56 70 AD 11 F0 29 0D 5F D5 CF A7 2C F3 B7 A9 
	59 39 5F AF 8D C5 D3 C8 25 A2 E2 D9 EA 1E D9 52 
[cred] lookup ID_CRED len=14
A11822822E483480F5FA01A8ABF4
[cred] cred_array entries: 1
[cred] candidate[0] len=14 A11822822E483480F5FA01A8ABF4
prk_3e2m (size 32):
	C3 D6 DA B6 5E FA BA 3B 3D E3 99 C1 4D 2D BD 07 
	BE 65 8E 24 25 D4 72 51 86 09 C3 5A F9 35 40 C7 
TMP size: 32
CBOR ENCODE ERROR: 0
MAX ID CRED: 400 cred len 14
MAX CRED: 765 cred len 293
PK SIZE: 65
SIGNATURE SIZE: 500
CONTEXT_MAC_SIZE: 1204
CONTEXT_MAC len: 343
CR len: 2
TH enc len: 34
TMP size: 1
CBOR ENCODE ERROR: 0
MAC context (size 343):
	41 27 A1 18 22 82 2E 48 34 80 F5 FA 01 A8 AB F4 
	58 20 CD D9 17 E8 51 3F DA 27 B4 09 D2 18 9C E6 
	2B 11 DD 92 09 57 91 47 38 FD 88 C0 86 9D 1E 17 
	8E 9A 59 01 22 30 82 01 1E 30 81 C5 A0 03 02 01 
	02 02 04 61 E9 98 1E 30 0A 06 08 2A 86 48 CE 3D 
	04 03 02 30 15 31 13 30 11 06 03 55 04 03 0C 0A 
	45 44 48 4F 43 20 52 6F 6F 74 30 1E 17 0D 32 32 
	30 31 32 30 31 37 31 33 30 32 5A 17 0D 32 39 31 
	32 33 31 32 33 30 30 30 30 5A 30 1A 31 18 30 16 
	06 03 55 04 03 0C 0F 45 44 48 4F 43 20 52 65 73 
	70 6F 6E 64 65 72 30 59 30 13 06 07 2A 86 48 CE 
	3D 02 01 06 08 2A 86 48 CE 3D 03 01 07 03 42 00 
	04 BB C3 49 60 52 6E A4 D3 2E 94 0C AD 2A 23 41 
	48 DD C2 17 91 A1 2A FB CB AC 93 62 20 46 DD 44 
	F0 45 19 E2 57 23 6B 2A 0C E2 02 3F 09 31 F1 F3 
	86 CA 7A FD A6 4F CD E0 10 8C 22 4C 51 EA BF 60 
	72 30 0A 06 08 2A 86 48 CE 3D 04 03 02 03 48 00 
	30 45 02 20 30 19 4E F5 FC 65 C8 B7 95 CD CD 0B 
	B4 31 BF 83 EE 67 41 C1 37 0C 22 C8 EB 8E E9 ED 
	D2 A7 05 19 02 21 00 B5 83 0E 9C 89 A6 2A C7 3C 
	E1 EB CE 00 61 70 7D B8 A8 8E 23 70 9B 4A CC 58 
	A1 31 3B 13 3D 05 58 
is not DH, 32
MAC 2/3 (size 32):
	D9 29 81 E7 A7 15 FC 9A 37 94 0C ED C0 F2 10 94 
	28 D9 DC C6 15 A1 41 C8 B4 E0 E7 7C 5A 8C 39 19 
TMP size: 32
CBOR ENCODE ERROR: 0
Signature or MAC verification successful!
th23 (size 32):
	CD D9 17 E8 51 3F DA 27 B4 09 D2 18 9C E6 2B 11 
	DD 92 09 57 91 47 38 FD 88 C0 86 9D 1E 17 8E 9A 
plaintext_23 (size 81):
	27 A1 18 22 82 2E 48 34 80 F5 FA 01 A8 AB F4 58 
	40 C1 1C BF 9B 10 3E 9E D6 19 04 51 F3 77 E1 56 
	8F F6 A8 F4 07 34 AA 28 8D 56 4F 96 BB 11 50 9B 
	7F AB 56 70 AD 11 F0 29 0D 5F D5 CF A7 2C F3 B7 
	A9 59 39 5F AF 8D C5 D3 C8 25 A2 E2 D9 EA 1E D9 
	52 
cred (size 293):
	59 01 22 30 82 01 1E 30 81 C5 A0 03 02 01 02 02 
	04 61 E9 98 1E 30 0A 06 08 2A 86 48 CE 3D 04 03 
	02 30 15 31 13 30 11 06 03 55 04 03 0C 0A 45 44 
	48 4F 43 20 52 6F 6F 74 30 1E 17 0D 32 32 30 31 
	32 30 31 37 31 33 30 32 5A 17 0D 32 39 31 32 33 
	31 32 33 30 30 30 30 5A 30 1A 31 18 30 16 06 03 
	55 04 03 0C 0F 45 44 48 4F 43 20 52 65 73 70 6F 
	6E 64 65 72 30 59 30 13 06 07 2A 86 48 CE 3D 02 
	01 06 08 2A 86 48 CE 3D 03 01 07 03 42 00 04 BB 
	C3 49 60 52 6E A4 D3 2E 94 0C AD 2A 23 41 48 DD 
	C2 17 91 A1 2A FB CB AC 93 62 20 46 DD 44 F0 45 
	19 E2 57 23 6B 2A 0C E2 02 3F 09 31 F1 F3 86 CA 
	7A FD A6 4F CD E0 10 8C 22 4C 51 EA BF 60 72 30 
	0A 06 08 2A 86 48 CE 3D 04 03 02 03 48 00 30 45 
	02 20 30 19 4E F5 FC 65 C8 B7 95 CD CD 0B B4 31 
	BF 83 EE 67 41 C1 37 0C 22 C8 EB 8E E9 ED D2 A7 
	05 19 02 21 00 B5 83 0E 9C 89 A6 2A C7 3C E1 EB 
	CE 00 61 70 7D B8 A8 8E 23 70 9B 4A CC 58 A1 31 
	3B 13 3D 05 58 
TMP size: 32
CBOR ENCODE ERROR: 0
Encoded
memcopy1
memcopy2
Input to calculate TH_3/TH_4 (CBOR Sequence) (size 408):
	58 20 CD D9 17 E8 51 3F DA 27 B4 09 D2 18 9C E6 
	2B 11 DD 92 09 57 91 47 38 FD 88 C0 86 9D 1E 17 
	8E 9A 27 A1 18 22 82 2E 48 34 80 F5 FA 01 A8 AB 
	F4 58 40 C1 1C BF 9B 10 3E 9E D6 19 04 51 F3 77 
	E1 56 8F F6 A8 F4 07 34 AA 28 8D 56 4F 96 BB 11 
	50 9B 7F AB 56 70 AD 11 F0 29 0D 5F D5 CF A7 2C 
	F3 B7 A9 59 39 5F AF 8D C5 D3 C8 25 A2 E2 D9 EA 
	1E D9 52 59 01 22 30 82 01 1E 30 81 C5 A0 03 02 
	01 02 02 04 61 E9 98 1E 30 0A 06 08 2A 86 48 CE 
	3D 04 03 02 30 15 31 13 30 11 06 03 55 04 03 0C 
	0A 45 44 48 4F 43 20 52 6F 6F 74 30 1E 17 0D 32 
	32 30 31 32 30 31 37 31 33 30 32 5A 17 0D 32 39 
	31 32 33 31 32 33 30 30 30 30 5A 30 1A 31 18 30 
	16 06 03 55 04 03 0C 0F 45 44 48 4F 43 20 52 65 
	73 70 6F 6E 64 65 72 30 59 30 13 06 07 2A 86 48 
	CE 3D 02 01 06 08 2A 86 48 CE 3D 03 01 07 03 42 
	00 04 BB C3 49 60 52 6E A4 D3 2E 94 0C AD 2A 23 
	41 48 DD C2 17 91 A1 2A FB CB AC 93 62 20 46 DD 
	44 F0 45 19 E2 57 23 6B 2A 0C E2 02 3F 09 31 F1 
	F3 86 CA 7A FD A6 4F CD E0 10 8C 22 4C 51 EA BF 
	60 72 30 0A 06 08 2A 86 48 CE 3D 04 03 02 03 48 
	00 30 45 02 20 30 19 4E F5 FC 65 C8 B7 95 CD CD 
	0B B4 31 BF 83 EE 67 41 C1 37 0C 22 C8 EB 8E E9 
	ED D2 A7 05 19 02 21 00 B5 83 0E 9C 89 A6 2A C7 
	3C E1 EB CE 00 61 70 7D B8 A8 8E 23 70 9B 4A CC 
	58 A1 31 3B 13 3D 05 58 
TH34 (size 32):
	AD C7 7A 48 1D 94 83 9B 73 96 B7 92 C5 4B A0 67 
	FA 6D FE 03 25 00 5F 60 96 97 6B FA BA 2B 04 4A 
prk_4e3m (size 32):
	C3 D6 DA B6 5E FA BA 3B 3D E3 99 C1 4D 2D BD 07 
	BE 65 8E 24 25 D4 72 51 86 09 C3 5A F9 35 40 C7 
TMP size: 32
CBOR ENCODE ERROR: 0
MAX ID CRED: 400 cred len 14
MAX CRED: 765 cred len 293
PK SIZE: 65
SIGNATURE SIZE: 500
CONTEXT_MAC_SIZE: 1204
CONTEXT_MAC len: 342
CR len: 1
TH enc len: 34
MAC context (size 341):
	A1 18 22 82 2E 48 EE C7 3F CB B0 16 26 76 58 20 
	AD C7 7A 48 1D 94 83 9B 73 96 B7 92 C5 4B A0 67 
	FA 6D FE 03 25 00 5F 60 96 97 6B FA BA 2B 04 4A 
	59 01 22 30 82 01 1E 30 81 C5 A0 03 02 01 02 02 
	04 62 32 EF 6F 30 0A 06 08 2A 86 48 CE 3D 04 03 
	02 30 15 31 13 30 11 06 03 55 04 03 0C 0A 45 44 
	48 4F 43 20 52 6F 6F 74 30 1E 17 0D 32 32 30 33 
	31 37 30 38 32 31 30 33 5A 17 0D 32 39 31 32 33 
	31 32 33 30 30 30 30 5A 30 1A 31 18 30 16 06 03 
	55 04 03 0C 0F 45 44 48 4F 43 20 49 6E 69 74 69 
	61 74 6F 72 30 59 30 13 06 07 2A 86 48 CE 3D 02 
	01 06 08 2A 86 48 CE 3D 03 01 07 03 42 00 04 AC 
	75 E9 EC E3 E5 0B FC 8E D6 03 99 88 95 22 40 5C 
	47 BF 16 DF 96 66 0A 41 29 8C B4 30 7F 7E B6 6E 
	5D E6 11 38 8A 4B 8A 82 11 33 4A C7 D3 7E CB 52 
	A3 87 D2 57 E6 DB 3C 2A 93 DF 21 FF 3A FF C8 30 
	0A 06 08 2A 86 48 CE 3D 04 03 02 03 48 00 30 45 
	02 21 00 8C 32 3A 1F 33 21 38 AA B9 D0 BE AF B8 
	5F 8D 5A 44 07 3C 58 0F 59 5B C5 21 EF 91 3F 6E 
	F4 8D 11 02 20 6C 0A F1 A1 85 A4 E4 DE 06 35 36 
	99 23 1C 73 3A 6E 8D D2 DF 65 13 96 6C 91 30 15 
	2A 07 A2 BE DE 
is not DH, 32
MAC 2/3 (size 32):
	A8 3D CC E2 57 A5 00 34 FB 67 3B 27 48 38 F5 E7 
	FA B0 7F 30 1E 61 F4 CE 83 49 36 F7 67 77 71 18 
TMP size: 32
CBOR ENCODE ERROR: 0
Signature or mac size: 64Inside the sign
signature_or_mac (is signature) (size 64):
	95 BC 89 20 D1 0F 45 E8 50 D4 CF 3F 9C E4 8D 87 
	E5 3F 6A D1 EE D6 42 59 24 4E 02 2B EE 5A DB F9 
	C5 16 41 C0 07 6D 8A AF 73 CE 59 C2 5E EE 4C F8 
	2D D8 EE 7A 2D 24 64 B0 24 D3 22 FB E6 D4 9B D5 
TMP size: 64
CBOR ENCODE ERROR: 0
kid (size 0):
K_3 (size 16):
	59 52 B2 0F EC 80 6D D2 33 12 C6 EE D3 94 96 62 
IV_3 (size 13):
	23 82 BD EB 8E 55 BE 9D 79 E0 F5 A2 CB 
aad_data (size 45):
	83 68 45 6E 63 72 79 70 74 30 40 58 20 AD C7 7A 
	48 1D 94 83 9B 73 96 B7 92 C5 4B A0 67 FA 6D FE 
	03 25 00 5F 60 96 97 6B FA BA 2B 04 4A 
ciphertext_2/3/4 (size 88):
	9F 48 17 2F 0D 47 81 2A A2 03 EC F8 CF 43 0F 78 
	C8 80 68 C4 06 F8 09 9D BD 98 ED CB 79 EF 6B 31 
	CC AA 6C 4E C6 E8 90 01 F4 16 D9 D9 40 99 16 47 
	62 B8 81 6A 8F 84 4C DF C8 7B 83 49 D6 05 C5 98 
	88 04 DC 3D 16 A9 9A F4 4B 5E 04 A4 9F 39 81 B2 
	98 4E 2E A4 8F 11 C4 CF 
CIPHERTEXT: (size 88):
	9F 48 17 2F 0D 47 81 2A A2 03 EC F8 CF 43 0F 78 
	C8 80 68 C4 06 F8 09 9D BD 98 ED CB 79 EF 6B 31 
	CC AA 6C 4E C6 E8 90 01 F4 16 D9 D9 40 99 16 47 
	62 B8 81 6A 8F 84 4C DF C8 7B 83 49 D6 05 C5 98 
	88 04 DC 3D 16 A9 9A F4 4B 5E 04 A4 9F 39 81 B2 
	98 4E 2E A4 8F 11 C4 CF 
MSG out size:92
TMP size: 88
CBOR ENCODE ERROR: 0
msg3 (size 90):
	58 58 9F 48 17 2F 0D 47 81 2A A2 03 EC F8 CF 43 
	0F 78 C8 80 68 C4 06 F8 09 9D BD 98 ED CB 79 EF 
	6B 31 CC AA 6C 4E C6 E8 90 01 F4 16 D9 D9 40 99 
	16 47 62 B8 81 6A 8F 84 4C DF C8 7B 83 49 D6 05 
	C5 98 88 04 DC 3D 16 A9 9A F4 4B 5E 04 A4 9F 39 
	81 B2 98 4E 2E A4 8F 11 C4 CF 
th23 (size 32):
	AD C7 7A 48 1D 94 83 9B 73 96 B7 92 C5 4B A0 67 
	FA 6D FE 03 25 00 5F 60 96 97 6B FA BA 2B 04 4A 
plaintext_23 (size 80):
	A1 18 22 82 2E 48 EE C7 3F CB B0 16 26 76 58 40 
	95 BC 89 20 D1 0F 45 E8 50 D4 CF 3F 9C E4 8D 87 
	E5 3F 6A D1 EE D6 42 59 24 4E 02 2B EE 5A DB F9 
	C5 16 41 C0 07 6D 8A AF 73 CE 59 C2 5E EE 4C F8 
	2D D8 EE 7A 2D 24 64 B0 24 D3 22 FB E6 D4 9B D5 
cred (size 293):
	59 01 22 30 82 01 1E 30 81 C5 A0 03 02 01 02 02 
	04 62 32 EF 6F 30 0A 06 08 2A 86 48 CE 3D 04 03 
	02 30 15 31 13 30 11 06 03 55 04 03 0C 0A 45 44 
	48 4F 43 20 52 6F 6F 74 30 1E 17 0D 32 32 30 33 
	31 37 30 38 32 31 30 33 5A 17 0D 32 39 31 32 33 
	31 32 33 30 30 30 30 5A 30 1A 31 18 30 16 06 03 
	55 04 03 0C 0F 45 44 48 4F 43 20 49 6E 69 74 69 
	61 74 6F 72 30 59 30 13 06 07 2A 86 48 CE 3D 02 
	01 06 08 2A 86 48 CE 3D 03 01 07 03 42 00 04 AC 
	75 E9 EC E3 E5 0B FC 8E D6 03 99 88 95 22 40 5C 
	47 BF 16 DF 96 66 0A 41 29 8C B4 30 7F 7E B6 6E 
	5D E6 11 38 8A 4B 8A 82 11 33 4A C7 D3 7E CB 52 
	A3 87 D2 57 E6 DB 3C 2A 93 DF 21 FF 3A FF C8 30 
	0A 06 08 2A 86 48 CE 3D 04 03 02 03 48 00 30 45 
	02 21 00 8C 32 3A 1F 33 21 38 AA B9 D0 BE AF B8 
	5F 8D 5A 44 07 3C 58 0F 59 5B C5 21 EF 91 3F 6E 
	F4 8D 11 02 20 6C 0A F1 A1 85 A4 E4 DE 06 35 36 
	99 23 1C 73 3A 6E 8D D2 DF 65 13 96 6C 91 30 15 
	2A 07 A2 BE DE 
TMP size: 32
CBOR ENCODE ERROR: 0
Encoded
memcopy1
memcopy2
Input to calculate TH_3/TH_4 (CBOR Sequence) (size 407):
	58 20 AD C7 7A 48 1D 94 83 9B 73 96 B7 92 C5 4B 
	A0 67 FA 6D FE 03 25 00 5F 60 96 97 6B FA BA 2B 
	04 4A A1 18 22 82 2E 48 EE C7 3F CB B0 16 26 76 
	58 40 95 BC 89 20 D1 0F 45 E8 50 D4 CF 3F 9C E4 
	8D 87 E5 3F 6A D1 EE D6 42 59 24 4E 02 2B EE 5A 
	DB F9 C5 16 41 C0 07 6D 8A AF 73 CE 59 C2 5E EE 
	4C F8 2D D8 EE 7A 2D 24 64 B0 24 D3 22 FB E6 D4 
	9B D5 59 01 22 30 82 01 1E 30 81 C5 A0 03 02 01 
	02 02 04 62 32 EF 6F 30 0A 06 08 2A 86 48 CE 3D 
	04 03 02 30 15 31 13 30 11 06 03 55 04 03 0C 0A 
	45 44 48 4F 43 20 52 6F 6F 74 30 1E 17 0D 32 32 
	30 33 31 37 30 38 32 31 30 33 5A 17 0D 32 39 31 
	32 33 31 32 33 30 30 30 30 5A 30 1A 31 18 30 16 
	06 03 55 04 03 0C 0F 45 44 48 4F 43 20 49 6E 69 
	74 69 61 74 6F 72 30 59 30 13 06 07 2A 86 48 CE 
	3D 02 01 06 08 2A 86 48 CE 3D 03 01 07 03 42 00 
	04 AC 75 E9 EC E3 E5 0B FC 8E D6 03 99 88 95 22 
	40 5C 47 BF 16 DF 96 66 0A 41 29 8C B4 30 7F 7E 
	B6 6E 5D E6 11 38 8A 4B 8A 82 11 33 4A C7 D3 7E 
	CB 52 A3 87 D2 57 E6 DB 3C 2A 93 DF 21 FF 3A FF 
	C8 30 0A 06 08 2A 86 48 CE 3D 04 03 02 03 48 00 
	30 45 02 21 00 8C 32 3A 1F 33 21 38 AA B9 D0 BE 
	AF B8 5F 8D 5A 44 07 3C 58 0F 59 5B C5 21 EF 91 
	3F 6E F4 8D 11 02 20 6C 0A F1 A1 85 A4 E4 DE 06 
	35 36 99 23 1C 73 3A 6E 8D D2 DF 65 13 96 6C 91 
	30 15 2A 07 A2 BE DE 
TH34 (size 32):
	1D D6 41 BF 21 AA 4D 45 EA AF 74 07 81 CA CE 93 
	B8 02 81 75 AA 88 56 59 AE 4B 82 57 90 BD 40 A8 
PRK_out (size 32):
	0F 86 92 89 18 5D 62 C4 92 0D 75 24 CD 37 53 70 
	54 37 D6 E9 2B 2B 0A 2C C1 11 6A F4 C8 5A 7F F5 
prk_exporter (size 32):
	0A 4F AB 88 5B 83 8C A7 B8 BB 5B 44 80 E2 CD 9B 
	FA 4A 44 00 AA C8 A4 3D 31 31 FF 7E C3 1E FB EE 
OSCORE Master Secret (size 16):
	13 FE CA EE 10 94 94 24 09 6C 6A 03 30 F8 5E 7B 
OSCORE Master Salt (size 8):
	8B 90 7D 0F E6 D3 8E 84 
