[resp] get_suite
[resp] suite ready
IPv4 server with address 0.0.0.0 started!
[resp] socket ready
[resp] static DH keygen
[resp] static initiator pk
[resp] ephemeral DH keygen
[resp] starting edhoc_responder_run
[resp] rx got 1223 bytes
message_1 (CBOR Sequence) (size 1223):
	03 15 59 04 C0 FB B4 6F DD 17 E8 B7 0E C5 98 DE 
	CB B6 C8 4A 15 29 B0 DF CF 9E DE D9 C5 F8 D3 BF 
	64 F5 52 D2 10 13 68 1E F5 0C 3F F7 34 56 5E BC 
	CF C2 8A 63 A3 44 0F 8E 89 C9 DE AA 8D 35 61 B7 
	6C 83 40 1E 46 36 45 45 5D D2 88 23 D9 14 01 D6 
	01 9A 27 D1 21 F1 A8 07 38 61 72 92 C7 A3 9F 42 
	7E 72 51 30 C7 C7 C6 F8 E8 90 AA 37 39 54 D9 1A 
	1B B3 73 DD 39 31 49 18 AE C0 54 24 B1 56 84 0D 
	DA 95 7D 7C 94 97 46 55 7B C0 24 64 94 86 3A E5 
	95 72 F1 1B 4D 69 62 07 93 60 97 F9 0E A6 4A 4C 
	72 E3 1F 61 A5 71 D1 CB 14 30 F5 C6 F9 12 27 8D 
	FC 5D 1D D8 2B C3 2A 7A 26 C7 94 B8 AA 69 CB E2 
	8C 22 74 C7 E6 5C 4B 92 4C 77 56 32 33 BA F0 4E 
	24 A8 6A F4 B7 59 23 3C AA 8C FC A1 41 BA 4C B2 
	D5 26 82 D9 39 7F 95 C1 F0 CC 8D F7 32 B0 A8 76 
	7D 4B 59 5A 84 99 05 3A 70 12 39 65 4F 96 A8 75 
	A4 A2 53 9E 77 91 C6 B2 93 6D A1 43 9A 27 C6 3E 
	DB 67 C0 33 5C 4C 44 92 A0 52 6C F6 3C C2 66 40 
	60 B6 4C 5C F6 D0 60 19 DA B6 FB 48 4C 2C 8B 8F 
	31 77 3D 26 D2 C7 3B C7 7D E5 24 54 12 D1 B3 7F 
	C3 78 08 68 6A 6B 75 35 2E F2 05 85 CC 84 D1 17 
	1D 41 77 02 D3 52 17 C2 D2 BF 07 03 6C E9 19 68 
	52 B2 77 9F 3B 19 D6 1A 97 F4 A5 AA 2E 31 4A D5 
	E3 B8 8D 7A 3D 04 72 0A 28 FB 7E 87 05 AE B4 B2 
	8E 00 86 51 93 C3 9F 7E 04 53 86 36 3B 4E 98 62 
	7D 55 10 D7 56 7C 48 51 B5 2D 57 0F 6A 05 9A 50 
	EC 6D E3 67 5C 29 57 A0 CD F1 3C CC F7 7A 1B 10 
	75 F7 A5 26 C6 4A 73 35 54 95 AF C0 AB F4 33 35 
	E4 68 18 63 9A 62 AA 5B 3D 73 07 77 9F 25 20 92 
	E1 59 DA 14 C6 20 24 59 08 36 8C CE FB 6A 2F A2 
	7F 64 72 82 18 E0 90 09 A1 83 C3 92 8D 8E A7 4C 
	D1 74 83 D0 5C 16 9E 83 19 E8 73 89 09 65 B8 04 
	28 AF 0E 07 87 D5 9C 58 E7 F1 4B 2F 77 8E 0A 58 
	67 BD EB CE 8C C9 81 47 F6 53 5F 24 52 31 C8 92 
	97 10 55 D4 C5 2F EF 20 C7 2B A1 A1 91 D6 19 7A 
	A7 CD 3C 40 C3 CB 6B 6E 5E 7C 6B E0 CA A1 D1 F1 
	6A 71 04 60 C4 2B 50 59 6C 0C D8 FC 9C A6 F9 5E 
	08 C1 5C 3E 11 84 8F 00 A1 E1 26 6A 4D AB A0 0E 
	79 21 9B DB 1F DE 62 0B CE F8 7A 1B EB 85 39 10 
	68 27 6C CE DF A0 62 E2 4C 79 4E C6 9F 64 F4 1F 
	9E E6 8E 67 44 60 53 0B 9F F1 D1 8B CC BB 35 05 
	7A CE 42 97 0C 1C F8 93 54 5C C0 1A 7B 5B 52 F7 
	C8 C4 35 0D 94 43 13 7A CB 74 9D 97 6B 1B EB B2 
	D3 1C CD 56 55 80 3E 90 C7 22 CB 57 36 68 07 68 
	C7 9E 27 62 20 61 3C 00 77 29 59 85 F9 70 6F 6A 
	86 0D 15 9C 5E 5B B7 6D FA 89 23 0C A6 93 8A A2 
	E0 72 0F 78 B3 C8 68 C2 A1 5C 41 90 15 97 B4 8D 
	54 56 79 76 BA 01 B2 07 D2 24 38 AA 30 63 9A 10 
	20 74 C8 22 ED 4C 1F AB 61 36 96 00 7F EE B6 99 
	F2 8A 8D E1 16 91 2B AB 7B 60 07 78 6D D0 89 95 
	75 4C 6D 6C B2 6A 87 47 62 8A 08 C5 A4 20 4A 59 
	72 A6 07 83 21 57 B8 27 B7 30 47 CA 92 E4 FA 87 
	C7 62 84 41 E9 AD FF 8A 0A 65 6A 81 BB 89 47 D6 
	01 B5 7D 3A 12 C1 22 07 56 8C 08 18 E5 CA 75 D9 
	3E 33 6C 04 D2 19 72 9F 62 A2 6A C3 CC C2 38 68 
	3E E5 1C 40 E8 AC DE FB 0F 75 5C 61 81 93 79 D2 
	42 33 91 24 53 22 C0 0E 6C 37 5E A0 94 34 0A F8 
	29 BD D7 1C 4A B7 B3 78 16 53 6F EC 32 7A 26 9B 
	C8 B3 66 05 C7 8B C1 57 20 4E 86 64 F1 E4 B2 80 
	52 73 A5 97 B1 9A 9A 35 FC E7 76 1B 4A 1D 5E 98 
	53 EC FC 3B 72 B6 4D D5 AA 98 44 89 BE EE D4 62 
	19 18 9B 82 5B 36 03 08 0C 4B 62 61 FC E4 48 AD 
	25 19 38 54 3B B8 EB 4E 97 E1 AD 35 81 0E 79 7B 
	7F 20 19 09 7A FA 72 A2 81 49 C1 50 2A 32 CC 21 
	0F BA 97 18 29 4C 47 D7 91 48 FC 6E A4 8A BF F1 
	21 0C F0 A1 02 D7 75 CA A7 B2 63 49 13 87 6E E3 
	2F 42 6B 82 36 67 B7 C1 A1 6C 6C 90 9D E3 C8 CB 
	64 6C B0 29 EA C4 C0 14 1B CC 85 BE D8 8C 18 E9 
	F5 1D 80 2C 73 E0 AC 81 02 54 C2 2E D3 4A A2 F9 
	A0 62 21 7A 41 8B 8A 99 10 03 6F 9B 7F B1 38 49 
	8B 0C 3D 5D 75 24 55 65 C6 BF 99 1D DD 96 2F 22 
	56 55 7F BA CC 6F EA 04 05 50 97 CD A7 38 35 D8 
	2B 2A 20 A7 C7 67 97 8E 64 2A 91 C3 B0 A0 C3 6E 
	0A 13 28 18 79 59 24 3C 9B 10 B8 C4 9A 31 8A 8B 
	98 CC F6 30 5F 87 F2 89 E4 B1 C6 DD 77 17 17 58 
	D9 AA 33 EA E8 00 0F 1C F9 36 04 B2 E7 F1 EE 86 
	17 88 5A 61 86 41 49 
msg1  (size 1223):
	03 15 59 04 C0 FB B4 6F DD 17 E8 B7 0E C5 98 DE 
	CB B6 C8 4A 15 29 B0 DF CF 9E DE D9 C5 F8 D3 BF 
	64 F5 52 D2 10 13 68 1E F5 0C 3F F7 34 56 5E BC 
	CF C2 8A 63 A3 44 0F 8E 89 C9 DE AA 8D 35 61 B7 
	6C 83 40 1E 46 36 45 45 5D D2 88 23 D9 14 01 D6 
	01 9A 27 D1 21 F1 A8 07 38 61 72 92 C7 A3 9F 42 
	7E 72 51 30 C7 C7 C6 F8 E8 90 AA 37 39 54 D9 1A 
	1B B3 73 DD 39 31 49 18 AE C0 54 24 B1 56 84 0D 
	DA 95 7D 7C 94 97 46 55 7B C0 24 64 94 86 3A E5 
	95 72 F1 1B 4D 69 62 07 93 60 97 F9 0E A6 4A 4C 
	72 E3 1F 61 A5 71 D1 CB 14 30 F5 C6 F9 12 27 8D 
	FC 5D 1D D8 2B C3 2A 7A 26 C7 94 B8 AA 69 CB E2 
	8C 22 74 C7 E6 5C 4B 92 4C 77 56 32 33 BA F0 4E 
	24 A8 6A F4 B7 59 23 3C AA 8C FC A1 41 BA 4C B2 
	D5 26 82 D9 39 7F 95 C1 F0 CC 8D F7 32 B0 A8 76 
	7D 4B 59 5A 84 99 05 3A 70 12 39 65 4F 96 A8 75 
	A4 A2 53 9E 77 91 C6 B2 93 6D A1 43 9A 27 C6 3E 
	DB 67 C0 33 5C 4C 44 92 A0 52 6C F6 3C C2 66 40 
	60 B6 4C 5C F6 D0 60 19 DA B6 FB 48 4C 2C 8B 8F 
	31 77 3D 26 D2 C7 3B C7 7D E5 24 54 12 D1 B3 7F 
	C3 78 08 68 6A 6B 75 35 2E F2 05 85 CC 84 D1 17 
	1D 41 77 02 D3 52 17 C2 D2 BF 07 03 6C E9 19 68 
	52 B2 77 9F 3B 19 D6 1A 97 F4 A5 AA 2E 31 4A D5 
	E3 B8 8D 7A 3D 04 72 0A 28 FB 7E 87 05 AE B4 B2 
	8E 00 86 51 93 C3 9F 7E 04 53 86 36 3B 4E 98 62 
	7D 55 10 D7 56 7C 48 51 B5 2D 57 0F 6A 05 9A 50 
	EC 6D E3 67 5C 29 57 A0 CD F1 3C CC F7 7A 1B 10 
	75 F7 A5 26 C6 4A 73 35 54 95 AF C0 AB F4 33 35 
	E4 68 18 63 9A 62 AA 5B 3D 73 07 77 9F 25 20 92 
	E1 59 DA 14 C6 20 24 59 08 36 8C CE FB 6A 2F A2 
	7F 64 72 82 18 E0 90 09 A1 83 C3 92 8D 8E A7 4C 
	D1 74 83 D0 5C 16 9E 83 19 E8 73 89 09 65 B8 04 
	28 AF 0E 07 87 D5 9C 58 E7 F1 4B 2F 77 8E 0A 58 
	67 BD EB CE 8C C9 81 47 F6 53 5F 24 52 31 C8 92 
	97 10 55 D4 C5 2F EF 20 C7 2B A1 A1 91 D6 19 7A 
	A7 CD 3C 40 C3 CB 6B 6E 5E 7C 6B E0 CA A1 D1 F1 
	6A 71 04 60 C4 2B 50 59 6C 0C D8 FC 9C A6 F9 5E 
	08 C1 5C 3E 11 84 8F 00 A1 E1 26 6A 4D AB A0 0E 
	79 21 9B DB 1F DE 62 0B CE F8 7A 1B EB 85 39 10 
	68 27 6C CE DF A0 62 E2 4C 79 4E C6 9F 64 F4 1F 
	9E E6 8E 67 44 60 53 0B 9F F1 D1 8B CC BB 35 05 
	7A CE 42 97 0C 1C F8 93 54 5C C0 1A 7B 5B 52 F7 
	C8 C4 35 0D 94 43 13 7A CB 74 9D 97 6B 1B EB B2 
	D3 1C CD 56 55 80 3E 90 C7 22 CB 57 36 68 07 68 
	C7 9E 27 62 20 61 3C 00 77 29 59 85 F9 70 6F 6A 
	86 0D 15 9C 5E 5B B7 6D FA 89 23 0C A6 93 8A A2 
	E0 72 0F 78 B3 C8 68 C2 A1 5C 41 90 15 97 B4 8D 
	54 56 79 76 BA 01 B2 07 D2 24 38 AA 30 63 9A 10 
	20 74 C8 22 ED 4C 1F AB 61 36 96 00 7F EE B6 99 
	F2 8A 8D E1 16 91 2B AB 7B 60 07 78 6D D0 89 95 
	75 4C 6D 6C B2 6A 87 47 62 8A 08 C5 A4 20 4A 59 
	72 A6 07 83 21 57 B8 27 B7 30 47 CA 92 E4 FA 87 
	C7 62 84 41 E9 AD FF 8A 0A 65 6A 81 BB 89 47 D6 
	01 B5 7D 3A 12 C1 22 07 56 8C 08 18 E5 CA 75 D9 
	3E 33 6C 04 D2 19 72 9F 62 A2 6A C3 CC C2 38 68 
	3E E5 1C 40 E8 AC DE FB 0F 75 5C 61 81 93 79 D2 
	42 33 91 24 53 22 C0 0E 6C 37 5E A0 94 34 0A F8 
	29 BD D7 1C 4A B7 B3 78 16 53 6F EC 32 7A 26 9B 
	C8 B3 66 05 C7 8B C1 57 20 4E 86 64 F1 E4 B2 80 
	52 73 A5 97 B1 9A 9A 35 FC E7 76 1B 4A 1D 5E 98 
	53 EC FC 3B 72 B6 4D D5 AA 98 44 89 BE EE D4 62 
	19 18 9B 82 5B 36 03 08 0C 4B 62 61 FC E4 48 AD 
	25 19 38 54 3B B8 EB 4E 97 E1 AD 35 81 0E 79 7B 
	7F 20 19 09 7A FA 72 A2 81 49 C1 50 2A 32 CC 21 
	0F BA 97 18 29 4C 47 D7 91 48 FC 6E A4 8A BF F1 
	21 0C F0 A1 02 D7 75 CA A7 B2 63 49 13 87 6E E3 
	2F 42 6B 82 36 67 B7 C1 A1 6C 6C 90 9D E3 C8 CB 
	64 6C B0 29 EA C4 C0 14 1B CC 85 BE D8 8C 18 E9 
	F5 1D 80 2C 73 E0 AC 81 02 54 C2 2E D3 4A A2 F9 
	A0 62 21 7A 41 8B 8A 99 10 03 6F 9B 7F B1 38 49 
	8B 0C 3D 5D 75 24 55 65 C6 BF 99 1D DD 96 2F 22 
	56 55 7F BA CC 6F EA 04 05 50 97 CD A7 38 35 D8 
	2B 2A 20 A7 C7 67 97 8E 64 2A 91 C3 B0 A0 C3 6E 
	0A 13 28 18 79 59 24 3C 9B 10 B8 C4 9A 31 8A 8B 
	98 CC F6 30 5F 87 F2 89 E4 B1 C6 DD 77 17 17 58 
	D9 AA 33 EA E8 00 0F 1C F9 36 04 B2 E7 F1 EE 86 
	17 88 5A 61 86 41 49 
msg1 METHOD: 3
msg1 SUITES_I (size 1):
	15 
g_x len 1216
g_x len message 1 1216
msg1 G_X (size 1216):
	FB B4 6F DD 17 E8 B7 0E C5 98 DE CB B6 C8 4A 15 
	29 B0 DF CF 9E DE D9 C5 F8 D3 BF 64 F5 52 D2 10 
	13 68 1E F5 0C 3F F7 34 56 5E BC CF C2 8A 63 A3 
	44 0F 8E 89 C9 DE AA 8D 35 61 B7 6C 83 40 1E 46 
	36 45 45 5D D2 88 23 D9 14 01 D6 01 9A 27 D1 21 
	F1 A8 07 38 61 72 92 C7 A3 9F 42 7E 72 51 30 C7 
	C7 C6 F8 E8 90 AA 37 39 54 D9 1A 1B B3 73 DD 39 
	31 49 18 AE C0 54 24 B1 56 84 0D DA 95 7D 7C 94 
	97 46 55 7B C0 24 64 94 86 3A E5 95 72 F1 1B 4D 
	69 62 07 93 60 97 F9 0E A6 4A 4C 72 E3 1F 61 A5 
	71 D1 CB 14 30 F5 C6 F9 12 27 8D FC 5D 1D D8 2B 
	C3 2A 7A 26 C7 94 B8 AA 69 CB E2 8C 22 74 C7 E6 
	5C 4B 92 4C 77 56 32 33 BA F0 4E 24 A8 6A F4 B7 
	59 23 3C AA 8C FC A1 41 BA 4C B2 D5 26 82 D9 39 
	7F 95 C1 F0 CC 8D F7 32 B0 A8 76 7D 4B 59 5A 84 
	99 05 3A 70 12 39 65 4F 96 A8 75 A4 A2 53 9E 77 
	91 C6 B2 93 6D A1 43 9A 27 C6 3E DB 67 C0 33 5C 
	4C 44 92 A0 52 6C F6 3C C2 66 40 60 B6 4C 5C F6 
	D0 60 19 DA B6 FB 48 4C 2C 8B 8F 31 77 3D 26 D2 
	C7 3B C7 7D E5 24 54 12 D1 B3 7F C3 78 08 68 6A 
	6B 75 35 2E F2 05 85 CC 84 D1 17 1D 41 77 02 D3 
	52 17 C2 D2 BF 07 03 6C E9 19 68 52 B2 77 9F 3B 
	19 D6 1A 97 F4 A5 AA 2E 31 4A D5 E3 B8 8D 7A 3D 
	04 72 0A 28 FB 7E 87 05 AE B4 B2 8E 00 86 51 93 
	C3 9F 7E 04 53 86 36 3B 4E 98 62 7D 55 10 D7 56 
	7C 48 51 B5 2D 57 0F 6A 05 9A 50 EC 6D E3 67 5C 
	29 57 A0 CD F1 3C CC F7 7A 1B 10 75 F7 A5 26 C6 
	4A 73 35 54 95 AF C0 AB F4 33 35 E4 68 18 63 9A 
	62 AA 5B 3D 73 07 77 9F 25 20 92 E1 59 DA 14 C6 
	20 24 59 08 36 8C CE FB 6A 2F A2 7F 64 72 82 18 
	E0 90 09 A1 83 C3 92 8D 8E A7 4C D1 74 83 D0 5C 
	16 9E 83 19 E8 73 89 09 65 B8 04 28 AF 0E 07 87 
	D5 9C 58 E7 F1 4B 2F 77 8E 0A 58 67 BD EB CE 8C 
	C9 81 47 F6 53 5F 24 52 31 C8 92 97 10 55 D4 C5 
	2F EF 20 C7 2B A1 A1 91 D6 19 7A A7 CD 3C 40 C3 
	CB 6B 6E 5E 7C 6B E0 CA A1 D1 F1 6A 71 04 60 C4 
	2B 50 59 6C 0C D8 FC 9C A6 F9 5E 08 C1 5C 3E 11 
	84 8F 00 A1 E1 26 6A 4D AB A0 0E 79 21 9B DB 1F 
	DE 62 0B CE F8 7A 1B EB 85 39 10 68 27 6C CE DF 
	A0 62 E2 4C 79 4E C6 9F 64 F4 1F 9E E6 8E 67 44 
	60 53 0B 9F F1 D1 8B CC BB 35 05 7A CE 42 97 0C 
	1C F8 93 54 5C C0 1A 7B 5B 52 F7 C8 C4 35 0D 94 
	43 13 7A CB 74 9D 97 6B 1B EB B2 D3 1C CD 56 55 
	80 3E 90 C7 22 CB 57 36 68 07 68 C7 9E 27 62 20 
	61 3C 00 77 29 59 85 F9 70 6F 6A 86 0D 15 9C 5E 
	5B B7 6D FA 89 23 0C A6 93 8A A2 E0 72 0F 78 B3 
	C8 68 C2 A1 5C 41 90 15 97 B4 8D 54 56 79 76 BA 
	01 B2 07 D2 24 38 AA 30 63 9A 10 20 74 C8 22 ED 
	4C 1F AB 61 36 96 00 7F EE B6 99 F2 8A 8D E1 16 
	91 2B AB 7B 60 07 78 6D D0 89 95 75 4C 6D 6C B2 
	6A 87 47 62 8A 08 C5 A4 20 4A 59 72 A6 07 83 21 
	57 B8 27 B7 30 47 CA 92 E4 FA 87 C7 62 84 41 E9 
	AD FF 8A 0A 65 6A 81 BB 89 47 D6 01 B5 7D 3A 12 
	C1 22 07 56 8C 08 18 E5 CA 75 D9 3E 33 6C 04 D2 
	19 72 9F 62 A2 6A C3 CC C2 38 68 3E E5 1C 40 E8 
	AC DE FB 0F 75 5C 61 81 93 79 D2 42 33 91 24 53 
	22 C0 0E 6C 37 5E A0 94 34 0A F8 29 BD D7 1C 4A 
	B7 B3 78 16 53 6F EC 32 7A 26 9B C8 B3 66 05 C7 
	8B C1 57 20 4E 86 64 F1 E4 B2 80 52 73 A5 97 B1 
	9A 9A 35 FC E7 76 1B 4A 1D 5E 98 53 EC FC 3B 72 
	B6 4D D5 AA 98 44 89 BE EE D4 62 19 18 9B 82 5B 
	36 03 08 0C 4B 62 61 FC E4 48 AD 25 19 38 54 3B 
	B8 EB 4E 97 E1 AD 35 81 0E 79 7B 7F 20 19 09 7A 
	FA 72 A2 81 49 C1 50 2A 32 CC 21 0F BA 97 18 29 
	4C 47 D7 91 48 FC 6E A4 8A BF F1 21 0C F0 A1 02 
	D7 75 CA A7 B2 63 49 13 87 6E E3 2F 42 6B 82 36 
	67 B7 C1 A1 6C 6C 90 9D E3 C8 CB 64 6C B0 29 EA 
	C4 C0 14 1B CC 85 BE D8 8C 18 E9 F5 1D 80 2C 73 
	E0 AC 81 02 54 C2 2E D3 4A A2 F9 A0 62 21 7A 41 
	8B 8A 99 10 03 6F 9B 7F B1 38 49 8B 0C 3D 5D 75 
	24 55 65 C6 BF 99 1D DD 96 2F 22 56 55 7F BA CC 
	6F EA 04 05 50 97 CD A7 38 35 D8 2B 2A 20 A7 C7 
	67 97 8E 64 2A 91 C3 B0 A0 C3 6E 0A 13 28 18 79 
	59 24 3C 9B 10 B8 C4 9A 31 8A 8B 98 CC F6 30 5F 
	87 F2 89 E4 B1 C6 DD 77 17 17 58 D9 AA 33 EA E8 
	00 0F 1C F9 36 04 B2 E7 F1 EE 86 17 88 5A 61 86 
msg1 C_I_raw (size 1):
	49 
Suite 21 will be used in this EDHOC run.
PQ/T hybrid declare second array
PQ/T hybrid suit
PQ/T y  (size 32):
	38 89 C4 E0 B5 3B 03 FA 44 FB A6 AF 89 EE AA 5F 
	43 47 E8 49 6E 93 4C E8 13 64 E1 32 CF CA 25 6D 
PQ/T gx  (size 1216):
	FB B4 6F DD 17 E8 B7 0E C5 98 DE CB B6 C8 4A 15 
	29 B0 DF CF 9E DE D9 C5 F8 D3 BF 64 F5 52 D2 10 
	13 68 1E F5 0C 3F F7 34 56 5E BC CF C2 8A 63 A3 
	44 0F 8E 89 C9 DE AA 8D 35 61 B7 6C 83 40 1E 46 
	36 45 45 5D D2 88 23 D9 14 01 D6 01 9A 27 D1 21 
	F1 A8 07 38 61 72 92 C7 A3 9F 42 7E 72 51 30 C7 
	C7 C6 F8 E8 90 AA 37 39 54 D9 1A 1B B3 73 DD 39 
	31 49 18 AE C0 54 24 B1 56 84 0D DA 95 7D 7C 94 
	97 46 55 7B C0 24 64 94 86 3A E5 95 72 F1 1B 4D 
	69 62 07 93 60 97 F9 0E A6 4A 4C 72 E3 1F 61 A5 
	71 D1 CB 14 30 F5 C6 F9 12 27 8D FC 5D 1D D8 2B 
	C3 2A 7A 26 C7 94 B8 AA 69 CB E2 8C 22 74 C7 E6 
	5C 4B 92 4C 77 56 32 33 BA F0 4E 24 A8 6A F4 B7 
	59 23 3C AA 8C FC A1 41 BA 4C B2 D5 26 82 D9 39 
	7F 95 C1 F0 CC 8D F7 32 B0 A8 76 7D 4B 59 5A 84 
	99 05 3A 70 12 39 65 4F 96 A8 75 A4 A2 53 9E 77 
	91 C6 B2 93 6D A1 43 9A 27 C6 3E DB 67 C0 33 5C 
	4C 44 92 A0 52 6C F6 3C C2 66 40 60 B6 4C 5C F6 
	D0 60 19 DA B6 FB 48 4C 2C 8B 8F 31 77 3D 26 D2 
	C7 3B C7 7D E5 24 54 12 D1 B3 7F C3 78 08 68 6A 
	6B 75 35 2E F2 05 85 CC 84 D1 17 1D 41 77 02 D3 
	52 17 C2 D2 BF 07 03 6C E9 19 68 52 B2 77 9F 3B 
	19 D6 1A 97 F4 A5 AA 2E 31 4A D5 E3 B8 8D 7A 3D 
	04 72 0A 28 FB 7E 87 05 AE B4 B2 8E 00 86 51 93 
	C3 9F 7E 04 53 86 36 3B 4E 98 62 7D 55 10 D7 56 
	7C 48 51 B5 2D 57 0F 6A 05 9A 50 EC 6D E3 67 5C 
	29 57 A0 CD F1 3C CC F7 7A 1B 10 75 F7 A5 26 C6 
	4A 73 35 54 95 AF C0 AB F4 33 35 E4 68 18 63 9A 
	62 AA 5B 3D 73 07 77 9F 25 20 92 E1 59 DA 14 C6 
	20 24 59 08 36 8C CE FB 6A 2F A2 7F 64 72 82 18 
	E0 90 09 A1 83 C3 92 8D 8E A7 4C D1 74 83 D0 5C 
	16 9E 83 19 E8 73 89 09 65 B8 04 28 AF 0E 07 87 
	D5 9C 58 E7 F1 4B 2F 77 8E 0A 58 67 BD EB CE 8C 
	C9 81 47 F6 53 5F 24 52 31 C8 92 97 10 55 D4 C5 
	2F EF 20 C7 2B A1 A1 91 D6 19 7A A7 CD 3C 40 C3 
	CB 6B 6E 5E 7C 6B E0 CA A1 D1 F1 6A 71 04 60 C4 
	2B 50 59 6C 0C D8 FC 9C A6 F9 5E 08 C1 5C 3E 11 
	84 8F 00 A1 E1 26 6A 4D AB A0 0E 79 21 9B DB 1F 
	DE 62 0B CE F8 7A 1B EB 85 39 10 68 27 6C CE DF 
	A0 62 E2 4C 79 4E C6 9F 64 F4 1F 9E E6 8E 67 44 
	60 53 0B 9F F1 D1 8B CC BB 35 05 7A CE 42 97 0C 
	1C F8 93 54 5C C0 1A 7B 5B 52 F7 C8 C4 35 0D 94 
	43 13 7A CB 74 9D 97 6B 1B EB B2 D3 1C CD 56 55 
	80 3E 90 C7 22 CB 57 36 68 07 68 C7 9E 27 62 20 
	61 3C 00 77 29 59 85 F9 70 6F 6A 86 0D 15 9C 5E 
	5B B7 6D FA 89 23 0C A6 93 8A A2 E0 72 0F 78 B3 
	C8 68 C2 A1 5C 41 90 15 97 B4 8D 54 56 79 76 BA 
	01 B2 07 D2 24 38 AA 30 63 9A 10 20 74 C8 22 ED 
	4C 1F AB 61 36 96 00 7F EE B6 99 F2 8A 8D E1 16 
	91 2B AB 7B 60 07 78 6D D0 89 95 75 4C 6D 6C B2 
	6A 87 47 62 8A 08 C5 A4 20 4A 59 72 A6 07 83 21 
	57 B8 27 B7 30 47 CA 92 E4 FA 87 C7 62 84 41 E9 
	AD FF 8A 0A 65 6A 81 BB 89 47 D6 01 B5 7D 3A 12 
	C1 22 07 56 8C 08 18 E5 CA 75 D9 3E 33 6C 04 D2 
	19 72 9F 62 A2 6A C3 CC C2 38 68 3E E5 1C 40 E8 
	AC DE FB 0F 75 5C 61 81 93 79 D2 42 33 91 24 53 
	22 C0 0E 6C 37 5E A0 94 34 0A F8 29 BD D7 1C 4A 
	B7 B3 78 16 53 6F EC 32 7A 26 9B C8 B3 66 05 C7 
	8B C1 57 20 4E 86 64 F1 E4 B2 80 52 73 A5 97 B1 
	9A 9A 35 FC E7 76 1B 4A 1D 5E 98 53 EC FC 3B 72 
	B6 4D D5 AA 98 44 89 BE EE D4 62 19 18 9B 82 5B 
	36 03 08 0C 4B 62 61 FC E4 48 AD 25 19 38 54 3B 
	B8 EB 4E 97 E1 AD 35 81 0E 79 7B 7F 20 19 09 7A 
	FA 72 A2 81 49 C1 50 2A 32 CC 21 0F BA 97 18 29 
	4C 47 D7 91 48 FC 6E A4 8A BF F1 21 0C F0 A1 02 
	D7 75 CA A7 B2 63 49 13 87 6E E3 2F 42 6B 82 36 
	67 B7 C1 A1 6C 6C 90 9D E3 C8 CB 64 6C B0 29 EA 
	C4 C0 14 1B CC 85 BE D8 8C 18 E9 F5 1D 80 2C 73 
	E0 AC 81 02 54 C2 2E D3 4A A2 F9 A0 62 21 7A 41 
	8B 8A 99 10 03 6F 9B 7F B1 38 49 8B 0C 3D 5D 75 
	24 55 65 C6 BF 99 1D DD 96 2F 22 56 55 7F BA CC 
	6F EA 04 05 50 97 CD A7 38 35 D8 2B 2A 20 A7 C7 
	67 97 8E 64 2A 91 C3 B0 A0 C3 6E 0A 13 28 18 79 
	59 24 3C 9B 10 B8 C4 9A 31 8A 8B 98 CC F6 30 5F 
	87 F2 89 E4 B1 C6 DD 77 17 17 58 D9 AA 33 EA E8 
	00 0F 1C F9 36 04 B2 E7 F1 EE 86 17 88 5A 61 86 
DH y  (size 32):
	38 89 C4 E0 B5 3B 03 FA 44 FB A6 AF 89 EE AA 5F 
	43 47 E8 49 6E 93 4C E8 13 64 E1 32 CF CA 25 6D 
DH gx  (size 32):
	FB B4 6F DD 17 E8 B7 0E C5 98 DE CB B6 C8 4A 15 
	29 B0 DF CF 9E DE D9 C5 F8 D3 BF 64 F5 52 D2 10 
SHARED SECRET DERIVE
G_XY (ECDH shared secret)  (size 32):
	23 42 DA 3A 44 A9 28 77 02 7E D4 DE 6D 1E 8E A1 
	6A 64 F6 60 1A CF 0D 09 79 E2 32 07 86 54 F8 6D 
KEM mechanism
KEM - g_x  (size 1184):
	13 68 1E F5 0C 3F F7 34 56 5E BC CF C2 8A 63 A3 
	44 0F 8E 89 C9 DE AA 8D 35 61 B7 6C 83 40 1E 46 
	36 45 45 5D D2 88 23 D9 14 01 D6 01 9A 27 D1 21 
	F1 A8 07 38 61 72 92 C7 A3 9F 42 7E 72 51 30 C7 
	C7 C6 F8 E8 90 AA 37 39 54 D9 1A 1B B3 73 DD 39 
	31 49 18 AE C0 54 24 B1 56 84 0D DA 95 7D 7C 94 
	97 46 55 7B C0 24 64 94 86 3A E5 95 72 F1 1B 4D 
	69 62 07 93 60 97 F9 0E A6 4A 4C 72 E3 1F 61 A5 
	71 D1 CB 14 30 F5 C6 F9 12 27 8D FC 5D 1D D8 2B 
	C3 2A 7A 26 C7 94 B8 AA 69 CB E2 8C 22 74 C7 E6 
	5C 4B 92 4C 77 56 32 33 BA F0 4E 24 A8 6A F4 B7 
	59 23 3C AA 8C FC A1 41 BA 4C B2 D5 26 82 D9 39 
	7F 95 C1 F0 CC 8D F7 32 B0 A8 76 7D 4B 59 5A 84 
	99 05 3A 70 12 39 65 4F 96 A8 75 A4 A2 53 9E 77 
	91 C6 B2 93 6D A1 43 9A 27 C6 3E DB 67 C0 33 5C 
	4C 44 92 A0 52 6C F6 3C C2 66 40 60 B6 4C 5C F6 
	D0 60 19 DA B6 FB 48 4C 2C 8B 8F 31 77 3D 26 D2 
	C7 3B C7 7D E5 24 54 12 D1 B3 7F C3 78 08 68 6A 
	6B 75 35 2E F2 05 85 CC 84 D1 17 1D 41 77 02 D3 
	52 17 C2 D2 BF 07 03 6C E9 19 68 52 B2 77 9F 3B 
	19 D6 1A 97 F4 A5 AA 2E 31 4A D5 E3 B8 8D 7A 3D 
	04 72 0A 28 FB 7E 87 05 AE B4 B2 8E 00 86 51 93 
	C3 9F 7E 04 53 86 36 3B 4E 98 62 7D 55 10 D7 56 
	7C 48 51 B5 2D 57 0F 6A 05 9A 50 EC 6D E3 67 5C 
	29 57 A0 CD F1 3C CC F7 7A 1B 10 75 F7 A5 26 C6 
	4A 73 35 54 95 AF C0 AB F4 33 35 E4 68 18 63 9A 
	62 AA 5B 3D 73 07 77 9F 25 20 92 E1 59 DA 14 C6 
	20 24 59 08 36 8C CE FB 6A 2F A2 7F 64 72 82 18 
	E0 90 09 A1 83 C3 92 8D 8E A7 4C D1 74 83 D0 5C 
	16 9E 83 19 E8 73 89 09 65 B8 04 28 AF 0E 07 87 
	D5 9C 58 E7 F1 4B 2F 77 8E 0A 58 67 BD EB CE 8C 
	C9 81 47 F6 53 5F 24 52 31 C8 92 97 10 55 D4 C5 
	2F EF 20 C7 2B A1 A1 91 D6 19 7A A7 CD 3C 40 C3 
	CB 6B 6E 5E 7C 6B E0 CA A1 D1 F1 6A 71 04 60 C4 
	2B 50 59 6C 0C D8 FC 9C A6 F9 5E 08 C1 5C 3E 11 
	84 8F 00 A1 E1 26 6A 4D AB A0 0E 79 21 9B DB 1F 
	DE 62 0B CE F8 7A 1B EB 85 39 10 68 27 6C CE DF 
	A0 62 E2 4C 79 4E C6 9F 64 F4 1F 9E E6 8E 67 44 
	60 53 0B 9F F1 D1 8B CC BB 35 05 7A CE 42 97 0C 
	1C F8 93 54 5C C0 1A 7B 5B 52 F7 C8 C4 35 0D 94 
	43 13 7A CB 74 9D 97 6B 1B EB B2 D3 1C CD 56 55 
	80 3E 90 C7 22 CB 57 36 68 07 68 C7 9E 27 62 20 
	61 3C 00 77 29 59 85 F9 70 6F 6A 86 0D 15 9C 5E 
	5B B7 6D FA 89 23 0C A6 93 8A A2 E0 72 0F 78 B3 
	C8 68 C2 A1 5C 41 90 15 97 B4 8D 54 56 79 76 BA 
	01 B2 07 D2 24 38 AA 30 63 9A 10 20 74 C8 22 ED 
	4C 1F AB 61 36 96 00 7F EE B6 99 F2 8A 8D E1 16 
	91 2B AB 7B 60 07 78 6D D0 89 95 75 4C 6D 6C B2 
	6A 87 47 62 8A 08 C5 A4 20 4A 59 72 A6 07 83 21 
	57 B8 27 B7 30 47 CA 92 E4 FA 87 C7 62 84 41 E9 
	AD FF 8A 0A 65 6A 81 BB 89 47 D6 01 B5 7D 3A 12 
	C1 22 07 56 8C 08 18 E5 CA 75 D9 3E 33 6C 04 D2 
	19 72 9F 62 A2 6A C3 CC C2 38 68 3E E5 1C 40 E8 
	AC DE FB 0F 75 5C 61 81 93 79 D2 42 33 91 24 53 
	22 C0 0E 6C 37 5E A0 94 34 0A F8 29 BD D7 1C 4A 
	B7 B3 78 16 53 6F EC 32 7A 26 9B C8 B3 66 05 C7 
	8B C1 57 20 4E 86 64 F1 E4 B2 80 52 73 A5 97 B1 
	9A 9A 35 FC E7 76 1B 4A 1D 5E 98 53 EC FC 3B 72 
	B6 4D D5 AA 98 44 89 BE EE D4 62 19 18 9B 82 5B 
	36 03 08 0C 4B 62 61 FC E4 48 AD 25 19 38 54 3B 
	B8 EB 4E 97 E1 AD 35 81 0E 79 7B 7F 20 19 09 7A 
	FA 72 A2 81 49 C1 50 2A 32 CC 21 0F BA 97 18 29 
	4C 47 D7 91 48 FC 6E A4 8A BF F1 21 0C F0 A1 02 
	D7 75 CA A7 B2 63 49 13 87 6E E3 2F 42 6B 82 36 
	67 B7 C1 A1 6C 6C 90 9D E3 C8 CB 64 6C B0 29 EA 
	C4 C0 14 1B CC 85 BE D8 8C 18 E9 F5 1D 80 2C 73 
	E0 AC 81 02 54 C2 2E D3 4A A2 F9 A0 62 21 7A 41 
	8B 8A 99 10 03 6F 9B 7F B1 38 49 8B 0C 3D 5D 75 
	24 55 65 C6 BF 99 1D DD 96 2F 22 56 55 7F BA CC 
	6F EA 04 05 50 97 CD A7 38 35 D8 2B 2A 20 A7 C7 
	67 97 8E 64 2A 91 C3 B0 A0 C3 6E 0A 13 28 18 79 
	59 24 3C 9B 10 B8 C4 9A 31 8A 8B 98 CC F6 30 5F 
	87 F2 89 E4 B1 C6 DD 77 17 17 58 D9 AA 33 EA E8 
	00 0F 1C F9 36 04 B2 E7 F1 EE 86 17 88 5A 61 86 
gx PQ/T size: 1216 - KEM size 1184
PQ/T g_y  (size 1120):
	27 B1 D6 35 A6 63 38 2D 99 E0 31 B3 E9 A5 D6 82 
	A0 95 45 04 93 56 AF 6F 13 54 DE D1 3E D2 9C 72 
	00 00 00 00 00 00 00 00 00 00 00 00 00 00 00 00 
	00 00 00 00 00 00 00 00 00 00 00 00 00 00 00 00 
	00 00 00 00 00 00 00 00 00 00 00 00 00 00 00 00 
	00 00 00 00 00 00 00 00 00 00 00 00 00 00 00 00 
	00 00 00 00 00 00 00 00 00 00 00 00 00 00 00 00 
	00 00 00 00 00 00 00 00 00 00 00 00 00 00 00 00 
	00 00 00 00 00 00 00 00 00 00 00 00 00 00 00 00 
	00 00 00 00 00 00 00 00 00 00 00 00 00 00 00 00 
	00 00 00 00 00 00 00 00 00 00 00 00 00 00 00 00 
	00 00 00 00 00 00 00 00 00 00 00 00 00 00 00 00 
	00 00 00 00 00 00 00 00 00 00 00 00 00 00 00 00 
	00 00 00 00 00 00 00 00 00 00 00 00 00 00 00 00 
	00 00 00 00 00 00 00 00 00 00 00 00 00 00 00 00 
	00 00 00 00 00 00 00 00 00 00 00 00 00 00 00 00 
	00 00 00 00 00 00 00 00 00 00 00 00 00 00 00 00 
	00 00 00 00 00 00 00 00 00 00 00 00 00 00 00 00 
	00 00 00 00 00 00 00 00 00 00 00 00 00 00 00 00 
	00 00 00 00 00 00 00 00 00 00 00 00 00 00 00 00 
	00 00 00 00 00 00 00 00 00 00 00 00 00 00 00 00 
	00 00 00 00 00 00 00 00 00 00 00 00 00 00 00 00 
	00 00 00 00 00 00 00 00 00 00 00 00 00 00 00 00 
	00 00 00 00 00 00 00 00 00 00 00 00 00 00 00 00 
	00 00 00 00 00 00 00 00 00 00 00 00 00 00 00 00 
	00 00 00 00 00 00 00 00 00 00 00 00 00 00 00 00 
	00 00 00 00 00 00 00 00 00 00 00 00 00 00 00 00 
	00 00 00 00 00 00 00 00 00 00 00 00 00 00 00 00 
	00 00 00 00 00 00 00 00 00 00 00 00 00 00 00 00 
	00 00 00 00 00 00 00 00 00 00 00 00 00 00 00 00 
	00 00 00 00 00 00 00 00 00 00 00 00 00 00 00 00 
	00 00 00 00 00 00 00 00 00 00 00 00 00 00 00 00 
	00 00 00 00 00 00 00 00 00 00 00 00 00 00 00 00 
	00 00 00 00 00 00 00 00 00 00 00 00 00 00 00 00 
	00 00 00 00 00 00 00 00 00 00 00 00 00 00 00 00 
	00 00 00 00 00 00 00 00 00 00 00 00 00 00 00 00 
	00 00 00 00 00 00 00 00 00 00 00 00 00 00 00 00 
	00 00 00 00 00 00 00 00 00 00 00 00 00 00 00 00 
	00 00 00 00 00 00 00 00 00 00 00 00 00 00 00 00 
	00 00 00 00 00 00 00 00 00 00 00 00 00 00 00 00 
	00 00 00 00 00 00 00 00 00 00 00 00 00 00 00 00 
	00 00 00 00 00 00 00 00 00 00 00 00 00 00 00 00 
	00 00 00 00 00 00 00 00 00 00 00 00 00 00 00 00 
	00 00 00 00 00 00 00 00 00 00 00 00 00 00 00 00 
	00 00 00 00 00 00 00 00 00 00 00 00 00 00 00 00 
	00 00 00 00 00 00 00 00 00 00 00 00 00 00 00 00 
	00 00 00 00 00 00 00 00 00 00 00 00 00 00 00 00 
	00 00 00 00 00 00 00 00 00 00 00 00 00 00 00 00 
	00 00 00 00 00 00 00 00 00 00 00 00 00 00 00 00 
	00 00 00 00 00 00 00 00 00 00 00 00 00 00 00 00 
	00 00 00 00 00 00 00 00 00 00 00 00 00 00 00 00 
	00 00 00 00 00 00 00 00 00 00 00 00 00 00 00 00 
	00 00 00 00 00 00 00 00 00 00 00 00 00 00 00 00 
	00 00 00 00 00 00 00 00 00 00 00 00 00 00 00 00 
	00 00 00 00 00 00 00 00 00 00 00 00 00 00 00 00 
	00 00 00 00 00 00 00 00 00 00 00 00 00 00 00 00 
	00 00 00 00 00 00 00 00 00 00 00 00 00 00 00 00 
	00 00 00 00 00 00 00 00 00 00 00 00 00 00 00 00 
	00 00 00 00 00 00 00 00 00 00 00 00 00 00 00 00 
	00 00 00 00 00 00 00 00 00 00 00 00 00 00 00 00 
	00 00 00 00 00 00 00 00 00 00 00 00 00 00 00 00 
	00 00 00 00 00 00 00 00 00 00 00 00 00 00 00 00 
	00 00 00 00 00 00 00 00 00 00 00 00 00 00 00 00 
	00 00 00 00 00 00 00 00 00 00 00 00 00 00 00 00 
	00 00 00 00 00 00 00 00 00 00 00 00 00 00 00 00 
	00 00 00 00 00 00 00 00 00 00 00 00 00 00 00 00 
	00 00 00 00 00 00 00 00 00 00 00 00 00 00 00 00 
	00 00 00 00 00 00 00 00 00 00 00 00 00 00 00 00 
	00 00 00 00 00 00 00 00 00 00 00 00 00 00 00 00 
	00 00 00 00 00 00 00 00 00 00 00 00 00 00 00 00 
KEM - g_y  (size 1088):
	00 00 00 00 00 00 00 00 00 00 00 00 00 00 00 00 
	00 00 00 00 00 00 00 00 00 00 00 00 00 00 00 00 
	00 00 00 00 00 00 00 00 00 00 00 00 00 00 00 00 
	00 00 00 00 00 00 00 00 00 00 00 00 00 00 00 00 
	00 00 00 00 00 00 00 00 00 00 00 00 00 00 00 00 
	00 00 00 00 00 00 00 00 00 00 00 00 00 00 00 00 
	00 00 00 00 00 00 00 00 00 00 00 00 00 00 00 00 
	00 00 00 00 00 00 00 00 00 00 00 00 00 00 00 00 
	00 00 00 00 00 00 00 00 00 00 00 00 00 00 00 00 
	00 00 00 00 00 00 00 00 00 00 00 00 00 00 00 00 
	00 00 00 00 00 00 00 00 00 00 00 00 00 00 00 00 
	00 00 00 00 00 00 00 00 00 00 00 00 00 00 00 00 
	00 00 00 00 00 00 00 00 00 00 00 00 00 00 00 00 
	00 00 00 00 00 00 00 00 00 00 00 00 00 00 00 00 
	00 00 00 00 00 00 00 00 00 00 00 00 00 00 00 00 
	00 00 00 00 00 00 00 00 00 00 00 00 00 00 00 00 
	00 00 00 00 00 00 00 00 00 00 00 00 00 00 00 00 
	00 00 00 00 00 00 00 00 00 00 00 00 00 00 00 00 
	00 00 00 00 00 00 00 00 00 00 00 00 00 00 00 00 
	00 00 00 00 00 00 00 00 00 00 00 00 00 00 00 00 
	00 00 00 00 00 00 00 00 00 00 00 00 00 00 00 00 
	00 00 00 00 00 00 00 00 00 00 00 00 00 00 00 00 
	00 00 00 00 00 00 00 00 00 00 00 00 00 00 00 00 
	00 00 00 00 00 00 00 00 00 00 00 00 00 00 00 00 
	00 00 00 00 00 00 00 00 00 00 00 00 00 00 00 00 
	00 00 00 00 00 00 00 00 00 00 00 00 00 00 00 00 
	00 00 00 00 00 00 00 00 00 00 00 00 00 00 00 00 
	00 00 00 00 00 00 00 00 00 00 00 00 00 00 00 00 
	00 00 00 00 00 00 00 00 00 00 00 00 00 00 00 00 
	00 00 00 00 00 00 00 00 00 00 00 00 00 00 00 00 
	00 00 00 00 00 00 00 00 00 00 00 00 00 00 00 00 
	00 00 00 00 00 00 00 00 00 00 00 00 00 00 00 00 
	00 00 00 00 00 00 00 00 00 00 00 00 00 00 00 00 
	00 00 00 00 00 00 00 00 00 00 00 00 00 00 00 00 
	00 00 00 00 00 00 00 00 00 00 00 00 00 00 00 00 
	00 00 00 00 00 00 00 00 00 00 00 00 00 00 00 00 
	00 00 00 00 00 00 00 00 00 00 00 00 00 00 00 00 
	00 00 00 00 00 00 00 00 00 00 00 00 00 00 00 00 
	00 00 00 00 00 00 00 00 00 00 00 00 00 00 00 00 
	00 00 00 00 00 00 00 00 00 00 00 00 00 00 00 00 
	00 00 00 00 00 00 00 00 00 00 00 00 00 00 00 00 
	00 00 00 00 00 00 00 00 00 00 00 00 00 00 00 00 
	00 00 00 00 00 00 00 00 00 00 00 00 00 00 00 00 
	00 00 00 00 00 00 00 00 00 00 00 00 00 00 00 00 
	00 00 00 00 00 00 00 00 00 00 00 00 00 00 00 00 
	00 00 00 00 00 00 00 00 00 00 00 00 00 00 00 00 
	00 00 00 00 00 00 00 00 00 00 00 00 00 00 00 00 
	00 00 00 00 00 00 00 00 00 00 00 00 00 00 00 00 
	00 00 00 00 00 00 00 00 00 00 00 00 00 00 00 00 
	00 00 00 00 00 00 00 00 00 00 00 00 00 00 00 00 
	00 00 00 00 00 00 00 00 00 00 00 00 00 00 00 00 
	00 00 00 00 00 00 00 00 00 00 00 00 00 00 00 00 
	00 00 00 00 00 00 00 00 00 00 00 00 00 00 00 00 
	00 00 00 00 00 00 00 00 00 00 00 00 00 00 00 00 
	00 00 00 00 00 00 00 00 00 00 00 00 00 00 00 00 
	00 00 00 00 00 00 00 00 00 00 00 00 00 00 00 00 
	00 00 00 00 00 00 00 00 00 00 00 00 00 00 00 00 
	00 00 00 00 00 00 00 00 00 00 00 00 00 00 00 00 
	00 00 00 00 00 00 00 00 00 00 00 00 00 00 00 00 
	00 00 00 00 00 00 00 00 00 00 00 00 00 00 00 00 
	00 00 00 00 00 00 00 00 00 00 00 00 00 00 00 00 
	00 00 00 00 00 00 00 00 00 00 00 00 00 00 00 00 
	00 00 00 00 00 00 00 00 00 00 00 00 00 00 00 00 
	00 00 00 00 00 00 00 00 00 00 00 00 00 00 00 00 
	00 00 00 00 00 00 00 00 00 00 00 00 00 00 00 00 
	00 00 00 00 00 00 00 00 00 00 00 00 00 00 00 00 
	00 00 00 00 00 00 00 00 00 00 00 00 00 00 00 00 
	00 00 00 00 00 00 00 00 00 00 00 00 00 00 00 00 
Encapsulate correct
G_XY (PQ SS) (size 32):
	29 DC 86 26 BB 45 A8 3C 39 68 A2 E8 80 E8 D0 81 
	79 D5 63 B5 05 E0 C1 54 AD F9 48 EC 43 11 43 8B 
G_Y (PQ CC) (size 1088):
	46 39 E8 7D A4 18 9D 7D 49 FA BE E9 2D 49 21 C6 
	9C 06 4E 11 12 3F 7E 81 16 B4 4D 84 3F 9A 42 C2 
	DB 0B 63 18 98 C8 E5 09 ED 16 D2 BB 03 CB 9E 8B 
	60 26 E5 E8 D1 73 F5 5A 06 6B 64 93 B0 F2 0B 61 
	EA 2C D0 A8 C6 9F 64 C8 5A DD 45 2C 3A D3 06 A2 
	06 FB 20 99 D3 A2 9C B5 C8 E3 A8 50 77 41 DE 9B 
	F3 D3 46 4E 87 64 83 94 27 4A BE 0B 67 8A D9 4A 
	CB A4 7A 36 B4 5C 36 D7 34 A1 8F 34 57 9D 28 17 
	C4 D7 4B C7 54 A7 7D 11 6C 67 51 5B 70 4D D3 8F 
	AF 4F 49 9A 8C 45 D0 8B E2 E0 EE F8 F8 97 33 D1 
	7B E3 8D 90 86 AF C0 DB 71 D0 94 DA 23 9D 07 5F 
	24 07 30 13 58 75 08 91 C0 0A D3 26 67 F9 B3 B2 
	16 CA 1E 39 9D 8A CF F1 A4 72 EF 23 4F A8 DE 38 
	E4 7B 73 8F 5F 9C 1E 26 57 67 85 25 F4 87 4A 81 
	15 0F 47 DB 9B 9B C4 19 37 5C E9 37 D0 7A 5B 21 
	09 99 92 40 89 26 91 09 95 68 35 E9 6E F6 5A CE 
	AE 96 61 A5 7D 81 60 92 C8 BE A2 7D 8B 44 5C 7A 
	28 FD 01 7E 7E E7 05 F4 39 9A 82 0C 40 07 D1 33 
	E5 D8 05 D9 CE A1 84 4A 87 D4 2E 08 BE 45 CE 9C 
	B2 4B 98 E6 5D 38 A2 63 C7 C8 1B D1 76 E0 9B 4A 
	9B 12 33 35 A0 1E A1 AC 8D FB C6 6C D4 9D 7A B6 
	B1 E3 0E 81 57 BF DA 24 5E 93 93 8E 9C 73 60 D8 
	8A D2 44 CB C5 24 71 A1 3F D2 6A C7 BD 0E 68 DF 
	F7 57 BF F4 AE E4 84 37 87 92 2E 14 BE DF 02 1D 
	76 15 62 52 DD 30 0C 55 0D 74 DD 73 AB AD 22 E8 
	EE 94 D3 29 F7 98 61 C6 74 AB 44 2C 1A 5B 40 72 
	CD 23 6A 78 4B 6B E8 88 B7 75 3D 44 CA AE 61 02 
	79 34 74 B5 9F 07 B7 45 58 A6 0C 87 0E C0 F9 0B 
	2A A5 F0 36 C4 D8 2E 1F F5 8F 81 7A 31 63 DE E1 
	1C 1D 65 44 D8 76 96 85 68 2B 52 65 BE AE AE E7 
	BA FF 9F 0D A0 27 09 99 4E 2F AD F6 7B AF 3F 5E 
	B4 69 DF 9C 50 6E 2A 39 A2 E7 4D 8D BF 49 D1 13 
	93 29 05 D9 8F 59 E6 A9 CD 18 EC 39 22 C1 35 8C 
	E8 56 9B 0E 59 F9 3B 61 CE F1 BE 90 A3 09 AF D3 
	1D B9 AA B5 A7 56 0E D6 8A 39 82 35 8B 12 80 19 
	02 86 0F AC C2 89 AA BC 75 E7 4A 7D CD 67 41 58 
	D1 59 31 5F 78 F3 75 AA A1 E5 33 CB B8 BC 48 61 
	A9 50 81 38 05 64 FD 1C DE A8 2F CA F7 10 E4 6E 
	08 3C 22 CC F8 65 6A 61 CE BF 15 29 68 5C DA B2 
	53 C4 83 53 FF C9 C6 68 2E 90 5F 6F 69 3F F4 49 
	99 A2 91 DE 9D CA 5A 1A 5E CE 64 D1 1E 34 A0 AB 
	A9 71 53 79 73 65 BA A4 A8 E1 9C 12 08 CC 16 44 
	DE 8D 1A 58 0D 12 55 CE 8F 73 30 42 A3 11 51 44 
	0D 7A 7F CD A9 E9 E8 B3 E5 67 FE 09 69 80 89 0B 
	73 F1 E9 D1 4E 35 D4 71 BB A1 15 E1 33 EF A2 71 
	B0 FD 6E 6F 9C 3E 59 F2 2C 1C 12 4D 09 76 6B 97 
	12 71 93 52 BE B5 05 4B D3 09 63 5C 0B 2F 25 F0 
	A0 56 47 BB 5E 4D 9A E8 57 8B 45 E1 0C 09 59 46 
	C9 15 A3 83 70 E8 93 D4 8D F1 76 69 97 D1 3E 5D 
	44 D7 A7 23 E5 B0 DA 83 80 0A 3E C4 0E 1F CA 7C 
	20 6B A9 43 E2 36 11 11 5C D1 C9 49 7C 54 3C 5D 
	DC C6 E4 F3 88 BD EA 3B 84 A0 46 9D 34 88 00 DB 
	85 40 15 64 65 63 E4 4D 9D 74 13 49 2E 6D A5 D2 
	41 AD B1 D6 31 EB 90 F2 6F 5D 7B D1 5C 61 34 CF 
	39 77 DE 03 CE E9 A2 5C 38 A4 9E D8 97 55 7F 11 
	61 68 EC A5 52 FE E1 E4 05 E1 A5 AE 8E C0 17 0C 
	91 2B 0C 02 71 D2 E4 5C FB 0C 36 BA 52 91 F4 28 
	11 0D 19 EA 29 8A C5 83 50 78 3B AC A7 C0 8A EB 
	FE 23 9F 12 86 8B 24 12 E1 42 45 3F 24 B1 80 D2 
	EF 81 56 BA 73 56 DD 43 B8 57 41 56 D7 C4 CB BE 
	3D 5E D9 F0 F9 24 4D 91 48 96 CF 86 80 F8 03 2D 
	53 68 F1 52 B7 F9 07 9E DC 89 30 F0 57 11 14 8A 
	12 EC 6C 8A CB 7E 0F BA 56 DF CA 07 80 2A 19 38 
	5F 71 96 83 3E 18 75 83 D2 41 3B 1D 05 C8 A9 D7 
	8E 95 C0 0D 4B B4 50 9A 48 E8 83 CF 88 3F 74 CD 
	D5 DC 78 9B A4 39 7F 6C 85 DD C4 18 79 F6 AF 91 
	63 30 C4 58 70 48 65 66 8B 92 02 36 4F 40 A7 E8 
	3E 69 90 CB 90 09 7A 03 1C CB A1 4E A1 31 58 8B 
G_Y (PQ/T) (size 1120):
	27 B1 D6 35 A6 63 38 2D 99 E0 31 B3 E9 A5 D6 82 
	A0 95 45 04 93 56 AF 6F 13 54 DE D1 3E D2 9C 72 
	46 39 E8 7D A4 18 9D 7D 49 FA BE E9 2D 49 21 C6 
	9C 06 4E 11 12 3F 7E 81 16 B4 4D 84 3F 9A 42 C2 
	DB 0B 63 18 98 C8 E5 09 ED 16 D2 BB 03 CB 9E 8B 
	60 26 E5 E8 D1 73 F5 5A 06 6B 64 93 B0 F2 0B 61 
	EA 2C D0 A8 C6 9F 64 C8 5A DD 45 2C 3A D3 06 A2 
	06 FB 20 99 D3 A2 9C B5 C8 E3 A8 50 77 41 DE 9B 
	F3 D3 46 4E 87 64 83 94 27 4A BE 0B 67 8A D9 4A 
	CB A4 7A 36 B4 5C 36 D7 34 A1 8F 34 57 9D 28 17 
	C4 D7 4B C7 54 A7 7D 11 6C 67 51 5B 70 4D D3 8F 
	AF 4F 49 9A 8C 45 D0 8B E2 E0 EE F8 F8 97 33 D1 
	7B E3 8D 90 86 AF C0 DB 71 D0 94 DA 23 9D 07 5F 
	24 07 30 13 58 75 08 91 C0 0A D3 26 67 F9 B3 B2 
	16 CA 1E 39 9D 8A CF F1 A4 72 EF 23 4F A8 DE 38 
	E4 7B 73 8F 5F 9C 1E 26 57 67 85 25 F4 87 4A 81 
	15 0F 47 DB 9B 9B C4 19 37 5C E9 37 D0 7A 5B 21 
	09 99 92 40 89 26 91 09 95 68 35 E9 6E F6 5A CE 
	AE 96 61 A5 7D 81 60 92 C8 BE A2 7D 8B 44 5C 7A 
	28 FD 01 7E 7E E7 05 F4 39 9A 82 0C 40 07 D1 33 
	E5 D8 05 D9 CE A1 84 4A 87 D4 2E 08 BE 45 CE 9C 
	B2 4B 98 E6 5D 38 A2 63 C7 C8 1B D1 76 E0 9B 4A 
	9B 12 33 35 A0 1E A1 AC 8D FB C6 6C D4 9D 7A B6 
	B1 E3 0E 81 57 BF DA 24 5E 93 93 8E 9C 73 60 D8 
	8A D2 44 CB C5 24 71 A1 3F D2 6A C7 BD 0E 68 DF 
	F7 57 BF F4 AE E4 84 37 87 92 2E 14 BE DF 02 1D 
	76 15 62 52 DD 30 0C 55 0D 74 DD 73 AB AD 22 E8 
	EE 94 D3 29 F7 98 61 C6 74 AB 44 2C 1A 5B 40 72 
	CD 23 6A 78 4B 6B E8 88 B7 75 3D 44 CA AE 61 02 
	79 34 74 B5 9F 07 B7 45 58 A6 0C 87 0E C0 F9 0B 
	2A A5 F0 36 C4 D8 2E 1F F5 8F 81 7A 31 63 DE E1 
	1C 1D 65 44 D8 76 96 85 68 2B 52 65 BE AE AE E7 
	BA FF 9F 0D A0 27 09 99 4E 2F AD F6 7B AF 3F 5E 
	B4 69 DF 9C 50 6E 2A 39 A2 E7 4D 8D BF 49 D1 13 
	93 29 05 D9 8F 59 E6 A9 CD 18 EC 39 22 C1 35 8C 
	E8 56 9B 0E 59 F9 3B 61 CE F1 BE 90 A3 09 AF D3 
	1D B9 AA B5 A7 56 0E D6 8A 39 82 35 8B 12 80 19 
	02 86 0F AC C2 89 AA BC 75 E7 4A 7D CD 67 41 58 
	D1 59 31 5F 78 F3 75 AA A1 E5 33 CB B8 BC 48 61 
	A9 50 81 38 05 64 FD 1C DE A8 2F CA F7 10 E4 6E 
	08 3C 22 CC F8 65 6A 61 CE BF 15 29 68 5C DA B2 
	53 C4 83 53 FF C9 C6 68 2E 90 5F 6F 69 3F F4 49 
	99 A2 91 DE 9D CA 5A 1A 5E CE 64 D1 1E 34 A0 AB 
	A9 71 53 79 73 65 BA A4 A8 E1 9C 12 08 CC 16 44 
	DE 8D 1A 58 0D 12 55 CE 8F 73 30 42 A3 11 51 44 
	0D 7A 7F CD A9 E9 E8 B3 E5 67 FE 09 69 80 89 0B 
	73 F1 E9 D1 4E 35 D4 71 BB A1 15 E1 33 EF A2 71 
	B0 FD 6E 6F 9C 3E 59 F2 2C 1C 12 4D 09 76 6B 97 
	12 71 93 52 BE B5 05 4B D3 09 63 5C 0B 2F 25 F0 
	A0 56 47 BB 5E 4D 9A E8 57 8B 45 E1 0C 09 59 46 
	C9 15 A3 83 70 E8 93 D4 8D F1 76 69 97 D1 3E 5D 
	44 D7 A7 23 E5 B0 DA 83 80 0A 3E C4 0E 1F CA 7C 
	20 6B A9 43 E2 36 11 11 5C D1 C9 49 7C 54 3C 5D 
	DC C6 E4 F3 88 BD EA 3B 84 A0 46 9D 34 88 00 DB 
	85 40 15 64 65 63 E4 4D 9D 74 13 49 2E 6D A5 D2 
	41 AD B1 D6 31 EB 90 F2 6F 5D 7B D1 5C 61 34 CF 
	39 77 DE 03 CE E9 A2 5C 38 A4 9E D8 97 55 7F 11 
	61 68 EC A5 52 FE E1 E4 05 E1 A5 AE 8E C0 17 0C 
	91 2B 0C 02 71 D2 E4 5C FB 0C 36 BA 52 91 F4 28 
	11 0D 19 EA 29 8A C5 83 50 78 3B AC A7 C0 8A EB 
	FE 23 9F 12 86 8B 24 12 E1 42 45 3F 24 B1 80 D2 
	EF 81 56 BA 73 56 DD 43 B8 57 41 56 D7 C4 CB BE 
	3D 5E D9 F0 F9 24 4D 91 48 96 CF 86 80 F8 03 2D 
	53 68 F1 52 B7 F9 07 9E DC 89 30 F0 57 11 14 8A 
	12 EC 6C 8A CB 7E 0F BA 56 DF CA 07 80 2A 19 38 
	5F 71 96 83 3E 18 75 83 D2 41 3B 1D 05 C8 A9 D7 
	8E 95 C0 0D 4B B4 50 9A 48 E8 83 CF 88 3F 74 CD 
	D5 DC 78 9B A4 39 7F 6C 85 DD C4 18 79 F6 AF 91 
	63 30 C4 58 70 48 65 66 8B 92 02 36 4F 40 A7 E8 
	3E 69 90 CB 90 09 7A 03 1C CB A1 4E A1 31 58 8B 
hash_msg1_raw (size 32):
	13 3C B5 2F 74 12 EA 46 F0 45 61 68 40 32 E7 43 
	F0 54 B7 EA 63 4F 66 94 66 8B C7 9E A1 16 3B 10 
Input to calculate TH_2 (CBOR Sequence) (size 1157):
	59 04 60 27 B1 D6 35 A6 63 38 2D 99 E0 31 B3 E9 
	A5 D6 82 A0 95 45 04 93 56 AF 6F 13 54 DE D1 3E 
	D2 9C 72 46 39 E8 7D A4 18 9D 7D 49 FA BE E9 2D 
	49 21 C6 9C 06 4E 11 12 3F 7E 81 16 B4 4D 84 3F 
	9A 42 C2 DB 0B 63 18 98 C8 E5 09 ED 16 D2 BB 03 
	CB 9E 8B 60 26 E5 E8 D1 73 F5 5A 06 6B 64 93 B0 
	F2 0B 61 EA 2C D0 A8 C6 9F 64 C8 5A DD 45 2C 3A 
	D3 06 A2 06 FB 20 99 D3 A2 9C B5 C8 E3 A8 50 77 
	41 DE 9B F3 D3 46 4E 87 64 83 94 27 4A BE 0B 67 
	8A D9 4A CB A4 7A 36 B4 5C 36 D7 34 A1 8F 34 57 
	9D 28 17 C4 D7 4B C7 54 A7 7D 11 6C 67 51 5B 70 
	4D D3 8F AF 4F 49 9A 8C 45 D0 8B E2 E0 EE F8 F8 
	97 33 D1 7B E3 8D 90 86 AF C0 DB 71 D0 94 DA 23 
	9D 07 5F 24 07 30 13 58 75 08 91 C0 0A D3 26 67 
	F9 B3 B2 16 CA 1E 39 9D 8A CF F1 A4 72 EF 23 4F 
	A8 DE 38 E4 7B 73 8F 5F 9C 1E 26 57 67 85 25 F4 
	87 4A 81 15 0F 47 DB 9B 9B C4 19 37 5C E9 37 D0 
	7A 5B 21 09 99 92 40 89 26 91 09 95 68 35 E9 6E 
	F6 5A CE AE 96 61 A5 7D 81 60 92 C8 BE A2 7D 8B 
	44 5C 7A 28 FD 01 7E 7E E7 05 F4 39 9A 82 0C 40 
	07 D1 33 E5 D8 05 D9 CE A1 84 4A 87 D4 2E 08 BE 
	45 CE 9C B2 4B 98 E6 5D 38 A2 63 C7 C8 1B D1 76 
	E0 9B 4A 9B 12 33 35 A0 1E A1 AC 8D FB C6 6C D4 
	9D 7A B6 B1 E3 0E 81 57 BF DA 24 5E 93 93 8E 9C 
	73 60 D8 8A D2 44 CB C5 24 71 A1 3F D2 6A C7 BD 
	0E 68 DF F7 57 BF F4 AE E4 84 37 87 92 2E 14 BE 
	DF 02 1D 76 15 62 52 DD 30 0C 55 0D 74 DD 73 AB 
	AD 22 E8 EE 94 D3 29 F7 98 61 C6 74 AB 44 2C 1A 
	5B 40 72 CD 23 6A 78 4B 6B E8 88 B7 75 3D 44 CA 
	AE 61 02 79 34 74 B5 9F 07 B7 45 58 A6 0C 87 0E 
	C0 F9 0B 2A A5 F0 36 C4 D8 2E 1F F5 8F 81 7A 31 
	63 DE E1 1C 1D 65 44 D8 76 96 85 68 2B 52 65 BE 
	AE AE E7 BA FF 9F 0D A0 27 09 99 4E 2F AD F6 7B 
	AF 3F 5E B4 69 DF 9C 50 6E 2A 39 A2 E7 4D 8D BF 
	49 D1 13 93 29 05 D9 8F 59 E6 A9 CD 18 EC 39 22 
	C1 35 8C E8 56 9B 0E 59 F9 3B 61 CE F1 BE 90 A3 
	09 AF D3 1D B9 AA B5 A7 56 0E D6 8A 39 82 35 8B 
	12 80 19 02 86 0F AC C2 89 AA BC 75 E7 4A 7D CD 
	67 41 58 D1 59 31 5F 78 F3 75 AA A1 E5 33 CB B8 
	BC 48 61 A9 50 81 38 05 64 FD 1C DE A8 2F CA F7 
	10 E4 6E 08 3C 22 CC F8 65 6A 61 CE BF 15 29 68 
	5C DA B2 53 C4 83 53 FF C9 C6 68 2E 90 5F 6F 69 
	3F F4 49 99 A2 91 DE 9D CA 5A 1A 5E CE 64 D1 1E 
	34 A0 AB A9 71 53 79 73 65 BA A4 A8 E1 9C 12 08 
	CC 16 44 DE 8D 1A 58 0D 12 55 CE 8F 73 30 42 A3 
	11 51 44 0D 7A 7F CD A9 E9 E8 B3 E5 67 FE 09 69 
	80 89 0B 73 F1 E9 D1 4E 35 D4 71 BB A1 15 E1 33 
	EF A2 71 B0 FD 6E 6F 9C 3E 59 F2 2C 1C 12 4D 09 
	76 6B 97 12 71 93 52 BE B5 05 4B D3 09 63 5C 0B 
	2F 25 F0 A0 56 47 BB 5E 4D 9A E8 57 8B 45 E1 0C 
	09 59 46 C9 15 A3 83 70 E8 93 D4 8D F1 76 69 97 
	D1 3E 5D 44 D7 A7 23 E5 B0 DA 83 80 0A 3E C4 0E 
	1F CA 7C 20 6B A9 43 E2 36 11 11 5C D1 C9 49 7C 
	54 3C 5D DC C6 E4 F3 88 BD EA 3B 84 A0 46 9D 34 
	88 00 DB 85 40 15 64 65 63 E4 4D 9D 74 13 49 2E 
	6D A5 D2 41 AD B1 D6 31 EB 90 F2 6F 5D 7B D1 5C 
	61 34 CF 39 77 DE 03 CE E9 A2 5C 38 A4 9E D8 97 
	55 7F 11 61 68 EC A5 52 FE E1 E4 05 E1 A5 AE 8E 
	C0 17 0C 91 2B 0C 02 71 D2 E4 5C FB 0C 36 BA 52 
	91 F4 28 11 0D 19 EA 29 8A C5 83 50 78 3B AC A7 
	C0 8A EB FE 23 9F 12 86 8B 24 12 E1 42 45 3F 24 
	B1 80 D2 EF 81 56 BA 73 56 DD 43 B8 57 41 56 D7 
	C4 CB BE 3D 5E D9 F0 F9 24 4D 91 48 96 CF 86 80 
	F8 03 2D 53 68 F1 52 B7 F9 07 9E DC 89 30 F0 57 
	11 14 8A 12 EC 6C 8A CB 7E 0F BA 56 DF CA 07 80 
	2A 19 38 5F 71 96 83 3E 18 75 83 D2 41 3B 1D 05 
	C8 A9 D7 8E 95 C0 0D 4B B4 50 9A 48 E8 83 CF 88 
	3F 74 CD D5 DC 78 9B A4 39 7F 6C 85 DD C4 18 79 
	F6 AF 91 63 30 C4 58 70 48 65 66 8B 92 02 36 4F 
	40 A7 E8 3E 69 90 CB 90 09 7A 03 1C CB A1 4E A1 
	31 58 8B 58 20 13 3C B5 2F 74 12 EA 46 F0 45 61 
	68 40 32 E7 43 F0 54 B7 EA 63 4F 66 94 66 8B C7 
	9E A1 16 3B 10 
TH2 (size 32):
	32 68 63 BA D5 01 31 80 0B A2 94 B0 AD 24 10 0E 
	3C 24 1D 37 4F F3 27 18 B2 D1 47 8D 2E 4D 21 97 
TH_2 (size 32):
	32 68 63 BA D5 01 31 80 0B A2 94 B0 AD 24 10 0E 
	3C 24 1D 37 4F F3 27 18 B2 D1 47 8D 2E 4D 21 97 
PRK_2e (first DH derivation) (size 32):
	6B 44 3A 0B 9C 11 8D 31 1E E8 59 A7 62 8D 39 80 
	55 B6 AB E0 62 AE CF 8C A0 78 D0 0C D3 67 29 F5 
PRK_2e_b (second KEM derivation) (size 32):
	64 00 B5 30 99 0B F5 D0 E4 56 53 98 8C 52 53 EE 
	7C 0F C3 8A 75 23 8A 32 39 61 D1 7D 7E 56 27 F3 
PRK_2e final (size 32):
	64 00 B5 30 99 0B F5 D0 E4 56 53 98 8C 52 53 EE 
	7C 0F C3 8A 75 23 8A 32 39 61 D1 7D 7E 56 27 F3 
SHARED SECRET DERIVE
dh_secret (size 32):
	16 97 10 01 99 18 A8 54 1B A3 52 5C 8E 48 5B E2 
	43 22 F8 E6 D1 35 A8 7C 69 E0 DF CC 76 8E ED 5B 
SALT_3e2m or SALT4e3m (size 32):
	B1 24 46 36 2C B9 C5 E0 75 1C 28 88 9A 7B 42 93 
	9B 81 C8 46 8B EB B9 E2 D1 95 20 33 82 44 B6 2F 
prk_3e2m (size 32):
	B8 46 53 47 EB E5 90 0A 87 3A 93 90 07 AE 5E 50 
	20 E7 F0 C3 27 B4 77 4E 00 D2 29 1D DE BA 4E F4 
Signature len 500 - 64
TMP size: 32
CBOR ENCODE ERROR: 0
MAX ID CRED: 400 cred len 3
MAX CRED: 765 cred len 3
PK SIZE: 65
SIGNATURE SIZE: 500
CONTEXT_MAC_SIZE: 1204
CONTEXT_MAC len: 42
CR len: 2
TH enc len: 34
TMP size: 1
CBOR ENCODE ERROR: 0
MAC context (size 42):
	41 A1 A1 04 01 58 20 32 68 63 BA D5 01 31 80 0B 
	A2 94 B0 AD 24 10 0E 3C 24 1D 37 4F F3 27 18 B2 
	D1 47 8D 2E 4D 21 97 A1 04 01 
MAC 2/3 (size 8):
	9F 22 20 5A 8A D4 1D 2A 
TMP size: 8
CBOR ENCODE ERROR: 0
TMP size: 1
CBOR ENCODE ERROR: 0
kid (size 1):
	01 
KEYSTREAM_2 (size 12):
	47 23 45 B7 B0 F2 C3 52 DC 43 C5 43 
ciphertext_2/3/4 (size 12):
	06 82 44 FF 2F D0 E3 08 56 97 D8 69 
TMP size: 1132
CBOR ENCODE ERROR: 0
message_2 (CBOR Sequence) (size 1135):
	59 04 6C 27 B1 D6 35 A6 63 38 2D 99 E0 31 B3 E9 
	A5 D6 82 A0 95 45 04 93 56 AF 6F 13 54 DE D1 3E 
	D2 9C 72 46 39 E8 7D A4 18 9D 7D 49 FA BE E9 2D 
	49 21 C6 9C 06 4E 11 12 3F 7E 81 16 B4 4D 84 3F 
	9A 42 C2 DB 0B 63 18 98 C8 E5 09 ED 16 D2 BB 03 
	CB 9E 8B 60 26 E5 E8 D1 73 F5 5A 06 6B 64 93 B0 
	F2 0B 61 EA 2C D0 A8 C6 9F 64 C8 5A DD 45 2C 3A 
	D3 06 A2 06 FB 20 99 D3 A2 9C B5 C8 E3 A8 50 77 
	41 DE 9B F3 D3 46 4E 87 64 83 94 27 4A BE 0B 67 
	8A D9 4A CB A4 7A 36 B4 5C 36 D7 34 A1 8F 34 57 
	9D 28 17 C4 D7 4B C7 54 A7 7D 11 6C 67 51 5B 70 
	4D D3 8F AF 4F 49 9A 8C 45 D0 8B E2 E0 EE F8 F8 
	97 33 D1 7B E3 8D 90 86 AF C0 DB 71 D0 94 DA 23 
	9D 07 5F 24 07 30 13 58 75 08 91 C0 0A D3 26 67 
	F9 B3 B2 16 CA 1E 39 9D 8A CF F1 A4 72 EF 23 4F 
	A8 DE 38 E4 7B 73 8F 5F 9C 1E 26 57 67 85 25 F4 
	87 4A 81 15 0F 47 DB 9B 9B C4 19 37 5C E9 37 D0 
	7A 5B 21 09 99 92 40 89 26 91 09 95 68 35 E9 6E 
	F6 5A CE AE 96 61 A5 7D 81 60 92 C8 BE A2 7D 8B 
	44 5C 7A 28 FD 01 7E 7E E7 05 F4 39 9A 82 0C 40 
	07 D1 33 E5 D8 05 D9 CE A1 84 4A 87 D4 2E 08 BE 
	45 CE 9C B2 4B 98 E6 5D 38 A2 63 C7 C8 1B D1 76 
	E0 9B 4A 9B 12 33 35 A0 1E A1 AC 8D FB C6 6C D4 
	9D 7A B6 B1 E3 0E 81 57 BF DA 24 5E 93 93 8E 9C 
	73 60 D8 8A D2 44 CB C5 24 71 A1 3F D2 6A C7 BD 
	0E 68 DF F7 57 BF F4 AE E4 84 37 87 92 2E 14 BE 
	DF 02 1D 76 15 62 52 DD 30 0C 55 0D 74 DD 73 AB 
	AD 22 E8 EE 94 D3 29 F7 98 61 C6 74 AB 44 2C 1A 
	5B 40 72 CD 23 6A 78 4B 6B E8 88 B7 75 3D 44 CA 
	AE 61 02 79 34 74 B5 9F 07 B7 45 58 A6 0C 87 0E 
	C0 F9 0B 2A A5 F0 36 C4 D8 2E 1F F5 8F 81 7A 31 
	63 DE E1 1C 1D 65 44 D8 76 96 85 68 2B 52 65 BE 
	AE AE E7 BA FF 9F 0D A0 27 09 99 4E 2F AD F6 7B 
	AF 3F 5E B4 69 DF 9C 50 6E 2A 39 A2 E7 4D 8D BF 
	49 D1 13 93 29 05 D9 8F 59 E6 A9 CD 18 EC 39 22 
	C1 35 8C E8 56 9B 0E 59 F9 3B 61 CE F1 BE 90 A3 
	09 AF D3 1D B9 AA B5 A7 56 0E D6 8A 39 82 35 8B 
	12 80 19 02 86 0F AC C2 89 AA BC 75 E7 4A 7D CD 
	67 41 58 D1 59 31 5F 78 F3 75 AA A1 E5 33 CB B8 
	BC 48 61 A9 50 81 38 05 64 FD 1C DE A8 2F CA F7 
	10 E4 6E 08 3C 22 CC F8 65 6A 61 CE BF 15 29 68 
	5C DA B2 53 C4 83 53 FF C9 C6 68 2E 90 5F 6F 69 
	3F F4 49 99 A2 91 DE 9D CA 5A 1A 5E CE 64 D1 1E 
	34 A0 AB A9 71 53 79 73 65 BA A4 A8 E1 9C 12 08 
	CC 16 44 DE 8D 1A 58 0D 12 55 CE 8F 73 30 42 A3 
	11 51 44 0D 7A 7F CD A9 E9 E8 B3 E5 67 FE 09 69 
	80 89 0B 73 F1 E9 D1 4E 35 D4 71 BB A1 15 E1 33 
	EF A2 71 B0 FD 6E 6F 9C 3E 59 F2 2C 1C 12 4D 09 
	76 6B 97 12 71 93 52 BE B5 05 4B D3 09 63 5C 0B 
	2F 25 F0 A0 56 47 BB 5E 4D 9A E8 57 8B 45 E1 0C 
	09 59 46 C9 15 A3 83 70 E8 93 D4 8D F1 76 69 97 
	D1 3E 5D 44 D7 A7 23 E5 B0 DA 83 80 0A 3E C4 0E 
	1F CA 7C 20 6B A9 43 E2 36 11 11 5C D1 C9 49 7C 
	54 3C 5D DC C6 E4 F3 88 BD EA 3B 84 A0 46 9D 34 
	88 00 DB 85 40 15 64 65 63 E4 4D 9D 74 13 49 2E 
	6D A5 D2 41 AD B1 D6 31 EB 90 F2 6F 5D 7B D1 5C 
	61 34 CF 39 77 DE 03 CE E9 A2 5C 38 A4 9E D8 97 
	55 7F 11 61 68 EC A5 52 FE E1 E4 05 E1 A5 AE 8E 
	C0 17 0C 91 2B 0C 02 71 D2 E4 5C FB 0C 36 BA 52 
	91 F4 28 11 0D 19 EA 29 8A C5 83 50 78 3B AC A7 
	C0 8A EB FE 23 9F 12 86 8B 24 12 E1 42 45 3F 24 
	B1 80 D2 EF 81 56 BA 73 56 DD 43 B8 57 41 56 D7 
	C4 CB BE 3D 5E D9 F0 F9 24 4D 91 48 96 CF 86 80 
	F8 03 2D 53 68 F1 52 B7 F9 07 9E DC 89 30 F0 57 
	11 14 8A 12 EC 6C 8A CB 7E 0F BA 56 DF CA 07 80 
	2A 19 38 5F 71 96 83 3E 18 75 83 D2 41 3B 1D 05 
	C8 A9 D7 8E 95 C0 0D 4B B4 50 9A 48 E8 83 CF 88 
	3F 74 CD D5 DC 78 9B A4 39 7F 6C 85 DD C4 18 79 
	F6 AF 91 63 30 C4 58 70 48 65 66 8B 92 02 36 4F 
	40 A7 E8 3E 69 90 CB 90 09 7A 03 1C CB A1 4E A1 
	31 58 8B 06 82 44 FF 2F D0 E3 08 56 97 D8 69 
th23 (size 32):
	32 68 63 BA D5 01 31 80 0B A2 94 B0 AD 24 10 0E 
	3C 24 1D 37 4F F3 27 18 B2 D1 47 8D 2E 4D 21 97 
plaintext_23 (size 12):
	41 A1 01 48 9F 22 20 5A 8A D4 1D 2A 
cred (size 3):
	A1 04 01 
TMP size: 32
CBOR ENCODE ERROR: 0
Encoded
memcopy1
memcopy2
Input to calculate TH_3/TH_4 (CBOR Sequence) (size 49):
	58 20 32 68 63 BA D5 01 31 80 0B A2 94 B0 AD 24 
	10 0E 3C 24 1D 37 4F F3 27 18 B2 D1 47 8D 2E 4D 
	21 97 41 A1 01 48 9F 22 20 5A 8A D4 1D 2A A1 04 
	01 
TH34 (size 32):
	7E 54 40 10 36 64 D7 B2 57 B8 92 E5 E9 D4 4B 74 
	6D 30 01 76 91 BC 0C 3E 70 6E CD DC B0 32 40 1F 
msg2 generated
msg2 (size 1135):
	59 04 6C 27 B1 D6 35 A6 63 38 2D 99 E0 31 B3 E9 
	A5 D6 82 A0 95 45 04 93 56 AF 6F 13 54 DE D1 3E 
	D2 9C 72 46 39 E8 7D A4 18 9D 7D 49 FA BE E9 2D 
	49 21 C6 9C 06 4E 11 12 3F 7E 81 16 B4 4D 84 3F 
	9A 42 C2 DB 0B 63 18 98 C8 E5 09 ED 16 D2 BB 03 
	CB 9E 8B 60 26 E5 E8 D1 73 F5 5A 06 6B 64 93 B0 
	F2 0B 61 EA 2C D0 A8 C6 9F 64 C8 5A DD 45 2C 3A 
	D3 06 A2 06 FB 20 99 D3 A2 9C B5 C8 E3 A8 50 77 
	41 DE 9B F3 D3 46 4E 87 64 83 94 27 4A BE 0B 67 
	8A D9 4A CB A4 7A 36 B4 5C 36 D7 34 A1 8F 34 57 
	9D 28 17 C4 D7 4B C7 54 A7 7D 11 6C 67 51 5B 70 
	4D D3 8F AF 4F 49 9A 8C 45 D0 8B E2 E0 EE F8 F8 
	97 33 D1 7B E3 8D 90 86 AF C0 DB 71 D0 94 DA 23 
	9D 07 5F 24 07 30 13 58 75 08 91 C0 0A D3 26 67 
	F9 B3 B2 16 CA 1E 39 9D 8A CF F1 A4 72 EF 23 4F 
	A8 DE 38 E4 7B 73 8F 5F 9C 1E 26 57 67 85 25 F4 
	87 4A 81 15 0F 47 DB 9B 9B C4 19 37 5C E9 37 D0 
	7A 5B 21 09 99 92 40 89 26 91 09 95 68 35 E9 6E 
	F6 5A CE AE 96 61 A5 7D 81 60 92 C8 BE A2 7D 8B 
	44 5C 7A 28 FD 01 7E 7E E7 05 F4 39 9A 82 0C 40 
	07 D1 33 E5 D8 05 D9 CE A1 84 4A 87 D4 2E 08 BE 
	45 CE 9C B2 4B 98 E6 5D 38 A2 63 C7 C8 1B D1 76 
	E0 9B 4A 9B 12 33 35 A0 1E A1 AC 8D FB C6 6C D4 
	9D 7A B6 B1 E3 0E 81 57 BF DA 24 5E 93 93 8E 9C 
	73 60 D8 8A D2 44 CB C5 24 71 A1 3F D2 6A C7 BD 
	0E 68 DF F7 57 BF F4 AE E4 84 37 87 92 2E 14 BE 
	DF 02 1D 76 15 62 52 DD 30 0C 55 0D 74 DD 73 AB 
	AD 22 E8 EE 94 D3 29 F7 98 61 C6 74 AB 44 2C 1A 
	5B 40 72 CD 23 6A 78 4B 6B E8 88 B7 75 3D 44 CA 
	AE 61 02 79 34 74 B5 9F 07 B7 45 58 A6 0C 87 0E 
	C0 F9 0B 2A A5 F0 36 C4 D8 2E 1F F5 8F 81 7A 31 
	63 DE E1 1C 1D 65 44 D8 76 96 85 68 2B 52 65 BE 
	AE AE E7 BA FF 9F 0D A0 27 09 99 4E 2F AD F6 7B 
	AF 3F 5E B4 69 DF 9C 50 6E 2A 39 A2 E7 4D 8D BF 
	49 D1 13 93 29 05 D9 8F 59 E6 A9 CD 18 EC 39 22 
	C1 35 8C E8 56 9B 0E 59 F9 3B 61 CE F1 BE 90 A3 
	09 AF D3 1D B9 AA B5 A7 56 0E D6 8A 39 82 35 8B 
	12 80 19 02 86 0F AC C2 89 AA BC 75 E7 4A 7D CD 
	67 41 58 D1 59 31 5F 78 F3 75 AA A1 E5 33 CB B8 
	BC 48 61 A9 50 81 38 05 64 FD 1C DE A8 2F CA F7 
	10 E4 6E 08 3C 22 CC F8 65 6A 61 CE BF 15 29 68 
	5C DA B2 53 C4 83 53 FF C9 C6 68 2E 90 5F 6F 69 
	3F F4 49 99 A2 91 DE 9D CA 5A 1A 5E CE 64 D1 1E 
	34 A0 AB A9 71 53 79 73 65 BA A4 A8 E1 9C 12 08 
	CC 16 44 DE 8D 1A 58 0D 12 55 CE 8F 73 30 42 A3 
	11 51 44 0D 7A 7F CD A9 E9 E8 B3 E5 67 FE 09 69 
	80 89 0B 73 F1 E9 D1 4E 35 D4 71 BB A1 15 E1 33 
	EF A2 71 B0 FD 6E 6F 9C 3E 59 F2 2C 1C 12 4D 09 
	76 6B 97 12 71 93 52 BE B5 05 4B D3 09 63 5C 0B 
	2F 25 F0 A0 56 47 BB 5E 4D 9A E8 57 8B 45 E1 0C 
	09 59 46 C9 15 A3 83 70 E8 93 D4 8D F1 76 69 97 
	D1 3E 5D 44 D7 A7 23 E5 B0 DA 83 80 0A 3E C4 0E 
	1F CA 7C 20 6B A9 43 E2 36 11 11 5C D1 C9 49 7C 
	54 3C 5D DC C6 E4 F3 88 BD EA 3B 84 A0 46 9D 34 
	88 00 DB 85 40 15 64 65 63 E4 4D 9D 74 13 49 2E 
	6D A5 D2 41 AD B1 D6 31 EB 90 F2 6F 5D 7B D1 5C 
	61 34 CF 39 77 DE 03 CE E9 A2 5C 38 A4 9E D8 97 
	55 7F 11 61 68 EC A5 52 FE E1 E4 05 E1 A5 AE 8E 
	C0 17 0C 91 2B 0C 02 71 D2 E4 5C FB 0C 36 BA 52 
	91 F4 28 11 0D 19 EA 29 8A C5 83 50 78 3B AC A7 
	C0 8A EB FE 23 9F 12 86 8B 24 12 E1 42 45 3F 24 
	B1 80 D2 EF 81 56 BA 73 56 DD 43 B8 57 41 56 D7 
	C4 CB BE 3D 5E D9 F0 F9 24 4D 91 48 96 CF 86 80 
	F8 03 2D 53 68 F1 52 B7 F9 07 9E DC 89 30 F0 57 
	11 14 8A 12 EC 6C 8A CB 7E 0F BA 56 DF CA 07 80 
	2A 19 38 5F 71 96 83 3E 18 75 83 D2 41 3B 1D 05 
	C8 A9 D7 8E 95 C0 0D 4B B4 50 9A 48 E8 83 CF 88 
	3F 74 CD D5 DC 78 9B A4 39 7F 6C 85 DD C4 18 79 
	F6 AF 91 63 30 C4 58 70 48 65 66 8B 92 02 36 4F 
	40 A7 E8 3E 69 90 CB 90 09 7A 03 1C CB A1 4E A1 
	31 58 8B 06 82 44 FF 2F D0 E3 08 56 97 D8 69 
ead prcessed
[resp] tx sent 1135 bytes
mesage tx
waiting to receive
[resp] rx got 21 bytes
received
CIPHERTEXT_3 (size 20):
	EF 2D B9 56 84 39 73 32 57 47 71 C8 7F F6 C6 DF 
	FD 75 A0 A8 
PLAINTEXT3_SIZE: 903
ctxt3.len: 20
K_3 (size 16):
	30 C2 97 E1 EA 2B 23 AC 1A CD 22 77 F6 89 8A AA 
IV_3 (size 13):
	E5 0D A1 C7 11 ED 72 E7 8C F4 DB A0 41 
associated_data (size 45):
	83 68 45 6E 63 72 79 70 74 30 40 58 20 7E 54 40 
	10 36 64 D7 B2 57 B8 92 E5 E9 D4 4B 74 6D 30 01 
	76 91 BC 0C 3E 70 6E CD DC B0 32 40 1F 
plaintext (size 12):
	A1 04 00 48 A7 57 03 88 A2 5E FE BF 
ID_CRED (size 3):
	A1 04 00 
sign_or_mac (size 8):
	A7 57 03 88 A2 5E FE BF 
[cred] lookup ID_CRED len=3
A10400
[cred] cred_array entries: 1
[cred] candidate[0] len=3 A10400
SHARED SECRET DERIVE
dh_secret (size 32):
	6C AA 7E E1 BA D2 D5 D5 C3 6D 15 AA 95 09 CF D4 
	84 71 E2 B0 43 B8 D2 92 C7 78 9F 3C 1B 1B 6C 3F 
SALT_3e2m or SALT4e3m (size 32):
	4B 7F F2 60 62 4A 52 71 68 C9 23 29 62 9F AE 41 
	D4 76 F7 41 3F 8B 12 D0 D7 29 D8 D7 BD DC 9C 7D 
prk_4e3m (size 32):
	B5 13 58 89 BD BB DE E3 29 07 BF 45 59 FF 8C A0 
	39 19 44 63 3A 92 F9 52 9D 15 7C 58 DA 42 37 9E 
TMP size: 32
CBOR ENCODE ERROR: 0
MAX ID CRED: 400 cred len 3
MAX CRED: 765 cred len 3
PK SIZE: 65
SIGNATURE SIZE: 500
CONTEXT_MAC_SIZE: 1204
CONTEXT_MAC len: 41
CR len: 1
TH enc len: 34
MAC context (size 40):
	A1 04 00 58 20 7E 54 40 10 36 64 D7 B2 57 B8 92 
	E5 E9 D4 4B 74 6D 30 01 76 91 BC 0C 3E 70 6E CD 
	DC B0 32 40 1F A1 04 00 
MAC 2/3 (size 8):
	A7 57 03 88 A2 5E FE BF 
th23 (size 32):
	7E 54 40 10 36 64 D7 B2 57 B8 92 E5 E9 D4 4B 74 
	6D 30 01 76 91 BC 0C 3E 70 6E CD DC B0 32 40 1F 
plaintext_23 (size 12):
	A1 04 00 48 A7 57 03 88 A2 5E FE BF 
cred (size 3):
	A1 04 00 
TMP size: 32
CBOR ENCODE ERROR: 0
Encoded
memcopy1
memcopy2
Input to calculate TH_3/TH_4 (CBOR Sequence) (size 49):
	58 20 7E 54 40 10 36 64 D7 B2 57 B8 92 E5 E9 D4 
	4B 74 6D 30 01 76 91 BC 0C 3E 70 6E CD DC B0 32 
	40 1F A1 04 00 48 A7 57 03 88 A2 5E FE BF A1 04 
	00 
TH34 (size 32):
	CA AB D2 E0 9A 88 62 F5 95 6F 92 68 3C 2F 0E 6C 
	3E C8 07 5B 83 8C 76 76 1B E6 68 90 48 B3 EB 7D 
[resp] edhoc_responder_run completed
PRK_out (size 32):
	E0 4E B8 DE 92 D7 56 80 A8 FD 47 B2 33 F8 D2 1D 
	8A CA 23 CD 91 1F EF F7 C6 51 09 5A 63 87 D7 64 
prk_exporter (size 32):
	8E 15 91 88 80 8B EB 15 DE 64 A6 1B 2E 06 F0 84 
	13 E9 B6 43 ED 4D 5F 78 8C 64 0B 06 0E 97 19 E6 
OSCORE Master Secret (size 16):
	FC E0 CF 68 7F 8F 47 20 10 6F 2B A7 2F 8B F9 4B 
OSCORE Master Salt (size 8):
	5C AF 4B 49 D1 1D AC DB 
