IPv4 server with address 0.0.0.0 started!
test vector number: 2
INITIATOR SUIT kem: 1, signature -7
responder pk size: 65 
responder sk size: 32 
Responder ready to receive EDHOC DH request
seed (size 4):
	76 99 B3 85 
public ephemeral key (size 32):
	8C 76 4C F3 64 71 4C 19 EF 48 10 67 40 E4 A3 71 
	37 ED 25 8A 88 6F 51 F9 A3 DC AD 39 18 F2 AE 99 
secret ephemeral key (size 32):
	F5 1A C0 B1 A3 9B B7 1D 79 60 79 AC 1D A1 F9 81 
	DF 20 50 26 04 3B B1 64 AD 47 21 AB 36 88 82 D2 
Responder ready to Receive EDHOC PQ request 
__________________
PDU was constructed from buffer of 64 bytes
PDU is 64 bytes long
CoAP Version: 1
Message Type: Confirmable
Token length: 4
Code: 0.02 POST
Message ID: 0
Token of 4 bytes.
   Value: 0x01000000 
2 options:
OPTION (1/2)
   Option number (delta): 11 (11)
   Name: URI_PATH
   Value length: 11
   Value: ".well-known"
OPTION (2/2)
   Option number (delta): 11 (0)
   Name: URI_PATH
   Value length: 5
   Value: "edhoc"
Payload of 37 bytes
   Value: "\00\02X \8a\f6\f40\eb\e1\8d4\18@\17\a9\a1\1b\f5\11\c8\df\f8\f84s\0b\96\c1\b7\c8\db\ca/\c3\b67"
__________________
CoAP message (size 37):
	00 02 58 20 8A F6 F4 30 EB E1 8D 34 18 40 17 A9 
	A1 1B F5 11 C8 DF F8 F8 34 73 0B 96 C1 B7 C8 DB 
	CA 2F C3 B6 37 
message_1 (CBOR Sequence) (size 37):
	00 02 58 20 8A F6 F4 30 EB E1 8D 34 18 40 17 A9 
	A1 1B F5 11 C8 DF F8 F8 34 73 0B 96 C1 B7 C8 DB 
	CA 2F C3 B6 37 
msg1  (size 37):
	00 02 58 20 8A F6 F4 30 EB E1 8D 34 18 40 17 A9 
	A1 1B F5 11 C8 DF F8 F8 34 73 0B 96 C1 B7 C8 DB 
	CA 2F C3 B6 37 
msg1 METHOD: 0
msg1 SUITES_I (size 1):
	02 
g_x len 1216
g_x len message 1 32
msg1 G_X (size 32):
	8A F6 F4 30 EB E1 8D 34 18 40 17 A9 A1 1B F5 11 
	C8 DF F8 F8 34 73 0B 96 C1 B7 C8 DB CA 2F C3 B6 
msg1 C_I_raw (size 1):
	E8 
Suite 2 will be used in this EDHOC run.
PQ/T hybrid declare second array
y  (size 32):
	F5 1A C0 B1 A3 9B B7 1D 79 60 79 AC 1D A1 F9 81 
	DF 20 50 26 04 3B B1 64 AD 47 21 AB 36 88 82 D2 
gx  (size 32):
	8A F6 F4 30 EB E1 8D 34 18 40 17 A9 A1 1B F5 11 
	C8 DF F8 F8 34 73 0B 96 C1 B7 C8 DB CA 2F C3 B6 
SHARED SECRET DERIVE
P256 in DH
pk_decompressed tinycript (size 64):
	8A F6 F4 30 EB E1 8D 34 18 40 17 A9 A1 1B F5 11 
	C8 DF F8 F8 34 73 0B 96 C1 B7 C8 DB CA 2F C3 B6 
	AE 17 50 92 91 24 87 EA FE 52 E2 63 A0 57 40 85 
	5E A8 E9 39 3F 95 A2 FC 7A FC 39 EB 00 7F 36 4C 
G_XY (ECDH shared secret)  (size 32):
	B6 EF E3 4E 72 92 AB 6A D0 22 5C FE 96 B5 1E E2 
	C9 69 19 14 8A CE 75 88 80 7B B5 AC D7 3B 0E 4F 
hash_msg1_raw (size 32):
	C7 93 1F CA 62 16 CA BC B5 A9 AB 7B 17 61 AE 46 
	78 94 6B A4 F6 0B 6D E1 63 14 69 18 2A 4E 67 26 
Input to calculate TH_2 (CBOR Sequence) (size 68):
	58 20 8C 76 4C F3 64 71 4C 19 EF 48 10 67 40 E4 
	A3 71 37 ED 25 8A 88 6F 51 F9 A3 DC AD 39 18 F2 
	AE 99 58 20 C7 93 1F CA 62 16 CA BC B5 A9 AB 7B 
	17 61 AE 46 78 94 6B A4 F6 0B 6D E1 63 14 69 18 
	2A 4E 67 26 
TH2 (size 32):
	5D 40 69 5F BA 8F DC B1 5C 8D D0 4B 7B E0 20 7D 
	A1 5B 7E 79 23 91 91 40 DF 81 93 CE 67 EC 3B 8E 
PRK_2e (size 32):
	38 42 A8 50 22 69 C7 AC 63 75 B4 1B D7 19 24 D7 
	DC 5B DD A5 7B F0 0A 71 6B 68 2A A4 CE 37 43 FD 
prk_3e2m (size 32):
	38 42 A8 50 22 69 C7 AC 63 75 B4 1B D7 19 24 D7 
	DC 5B DD A5 7B F0 0A 71 6B 68 2A A4 CE 37 43 FD 
Signature len 500 - 64
TMP size: 32
CBOR ENCODE ERROR: 0
MAX ID CRED: 400 cred len 14
MAX CRED: 765 cred len 293
PK SIZE: 65
SIGNATURE SIZE: 500
CONTEXT_MAC_SIZE: 1204
CONTEXT_MAC len: 343
CR len: 2
TH enc len: 34
TMP size: 1
CBOR ENCODE ERROR: 0
MAC context (size 343):
	41 27 A1 18 22 82 2E 48 34 80 F5 FA 01 A8 AB F4 
	58 20 5D 40 69 5F BA 8F DC B1 5C 8D D0 4B 7B E0 
	20 7D A1 5B 7E 79 23 91 91 40 DF 81 93 CE 67 EC 
	3B 8E 59 01 22 30 82 01 1E 30 81 C5 A0 03 02 01 
	02 02 04 61 E9 98 1E 30 0A 06 08 2A 86 48 CE 3D 
	04 03 02 30 15 31 13 30 11 06 03 55 04 03 0C 0A 
	45 44 48 4F 43 20 52 6F 6F 74 30 1E 17 0D 32 32 
	30 31 32 30 31 37 31 33 30 32 5A 17 0D 32 39 31 
	32 33 31 32 33 30 30 30 30 5A 30 1A 31 18 30 16 
	06 03 55 04 03 0C 0F 45 44 48 4F 43 20 52 65 73 
	70 6F 6E 64 65 72 30 59 30 13 06 07 2A 86 48 CE 
	3D 02 01 06 08 2A 86 48 CE 3D 03 01 07 03 42 00 
	04 BB C3 49 60 52 6E A4 D3 2E 94 0C AD 2A 23 41 
	48 DD C2 17 91 A1 2A FB CB AC 93 62 20 46 DD 44 
	F0 45 19 E2 57 23 6B 2A 0C E2 02 3F 09 31 F1 F3 
	86 CA 7A FD A6 4F CD E0 10 8C 22 4C 51 EA BF 60 
	72 30 0A 06 08 2A 86 48 CE 3D 04 03 02 03 48 00 
	30 45 02 20 30 19 4E F5 FC 65 C8 B7 95 CD CD 0B 
	B4 31 BF 83 EE 67 41 C1 37 0C 22 C8 EB 8E E9 ED 
	D2 A7 05 19 02 21 00 B5 83 0E 9C 89 A6 2A C7 3C 
	E1 EB CE 00 61 70 7D B8 A8 8E 23 70 9B 4A CC 58 
	A1 31 3B 13 3D 05 58 
is not DH, 32
MAC 2/3 (size 32):
	4F 18 26 78 0F 0A D9 92 B1 F8 55 FD 2A 4F FF F6 
	06 84 F8 48 4D 3F C5 32 C4 CA 4D E2 FC 71 CC F7 
TMP size: 32
CBOR ENCODE ERROR: 0
Signature or mac size: 64Inside the sign
signature_or_mac (is signature) (size 64):
	5C 95 8B 29 7A 7C 9F 7F 35 84 90 32 73 38 40 4E 
	D5 82 D8 C7 FC 3B 1D 10 F3 DE 3A 70 49 53 53 4E 
	BF C6 94 92 B2 21 06 AA EA 2A 4D 0A D6 2B 1E 8C 
	E0 17 68 A1 3F E8 5D 8C 74 06 B4 EC 5C 38 BF 84 
TMP size: 64
CBOR ENCODE ERROR: 0
kid (size 0):
KEYSTREAM_2 (size 81):
	2B 62 27 C3 FD 5B AA B3 50 50 56 6F 16 8B 79 92 
	67 8F A4 1E 83 03 4C 69 4C 6A 94 FB 4C A6 94 17 
	75 54 A9 DB 92 10 8D 22 E7 E7 F0 A4 D8 2E 32 04 
	FD A0 DA 0B E6 C1 13 E2 51 43 1A 5E C3 6B 5D 62 
	0C F1 21 E3 4B A9 2F 8A 88 5C 8D 60 BB D5 77 6F 
	81 
ciphertext_2/3/4 (size 81):
	0C C3 3F E1 7F 75 E2 87 D0 A5 AC 6E BE 20 8D CA 
	27 D3 31 95 AA 79 30 F6 33 5F 10 6B 7E D5 AC 57 
	3B 81 2B 03 55 EC B6 3F F7 14 2E 9E A8 67 61 57 
	B3 1F 1C 9F 74 73 32 E4 FB A9 30 13 C9 BD 76 7C 
	80 11 36 8B EA 96 C7 D7 04 28 8B D4 57 89 4F D0 
	05 
TMP size: 113
CBOR ENCODE ERROR: 0
message_2 (CBOR Sequence) (size 115):
	58 71 8C 76 4C F3 64 71 4C 19 EF 48 10 67 40 E4 
	A3 71 37 ED 25 8A 88 6F 51 F9 A3 DC AD 39 18 F2 
	AE 99 0C C3 3F E1 7F 75 E2 87 D0 A5 AC 6E BE 20 
	8D CA 27 D3 31 95 AA 79 30 F6 33 5F 10 6B 7E D5 
	AC 57 3B 81 2B 03 55 EC B6 3F F7 14 2E 9E A8 67 
	61 57 B3 1F 1C 9F 74 73 32 E4 FB A9 30 13 C9 BD 
	76 7C 80 11 36 8B EA 96 C7 D7 04 28 8B D4 57 89 
	4F D0 05 
th23 (size 32):
	5D 40 69 5F BA 8F DC B1 5C 8D D0 4B 7B E0 20 7D 
	A1 5B 7E 79 23 91 91 40 DF 81 93 CE 67 EC 3B 8E 
plaintext_23 (size 81):
	27 A1 18 22 82 2E 48 34 80 F5 FA 01 A8 AB F4 58 
	40 5C 95 8B 29 7A 7C 9F 7F 35 84 90 32 73 38 40 
	4E D5 82 D8 C7 FC 3B 1D 10 F3 DE 3A 70 49 53 53 
	4E BF C6 94 92 B2 21 06 AA EA 2A 4D 0A D6 2B 1E 
	8C E0 17 68 A1 3F E8 5D 8C 74 06 B4 EC 5C 38 BF 
	84 
cred (size 293):
	59 01 22 30 82 01 1E 30 81 C5 A0 03 02 01 02 02 
	04 61 E9 98 1E 30 0A 06 08 2A 86 48 CE 3D 04 03 
	02 30 15 31 13 30 11 06 03 55 04 03 0C 0A 45 44 
	48 4F 43 20 52 6F 6F 74 30 1E 17 0D 32 32 30 31 
	32 30 31 37 31 33 30 32 5A 17 0D 32 39 31 32 33 
	31 32 33 30 30 30 30 5A 30 1A 31 18 30 16 06 03 
	55 04 03 0C 0F 45 44 48 4F 43 20 52 65 73 70 6F 
	6E 64 65 72 30 59 30 13 06 07 2A 86 48 CE 3D 02 
	01 06 08 2A 86 48 CE 3D 03 01 07 03 42 00 04 BB 
	C3 49 60 52 6E A4 D3 2E 94 0C AD 2A 23 41 48 DD 
	C2 17 91 A1 2A FB CB AC 93 62 20 46 DD 44 F0 45 
	19 E2 57 23 6B 2A 0C E2 02 3F 09 31 F1 F3 86 CA 
	7A FD A6 4F CD E0 10 8C 22 4C 51 EA BF 60 72 30 
	0A 06 08 2A 86 48 CE 3D 04 03 02 03 48 00 30 45 
	02 20 30 19 4E F5 FC 65 C8 B7 95 CD CD 0B B4 31 
	BF 83 EE 67 41 C1 37 0C 22 C8 EB 8E E9 ED D2 A7 
	05 19 02 21 00 B5 83 0E 9C 89 A6 2A C7 3C E1 EB 
	CE 00 61 70 7D B8 A8 8E 23 70 9B 4A CC 58 A1 31 
	3B 13 3D 05 58 
TMP size: 32
CBOR ENCODE ERROR: 0
Encoded
memcopy1
memcopy2
Input to calculate TH_3/TH_4 (CBOR Sequence) (size 408):
	58 20 5D 40 69 5F BA 8F DC B1 5C 8D D0 4B 7B E0 
	20 7D A1 5B 7E 79 23 91 91 40 DF 81 93 CE 67 EC 
	3B 8E 27 A1 18 22 82 2E 48 34 80 F5 FA 01 A8 AB 
	F4 58 40 5C 95 8B 29 7A 7C 9F 7F 35 84 90 32 73 
	38 40 4E D5 82 D8 C7 FC 3B 1D 10 F3 DE 3A 70 49 
	53 53 4E BF C6 94 92 B2 21 06 AA EA 2A 4D 0A D6 
	2B 1E 8C E0 17 68 A1 3F E8 5D 8C 74 06 B4 EC 5C 
	38 BF 84 59 01 22 30 82 01 1E 30 81 C5 A0 03 02 
	01 02 02 04 61 E9 98 1E 30 0A 06 08 2A 86 48 CE 
	3D 04 03 02 30 15 31 13 30 11 06 03 55 04 03 0C 
	0A 45 44 48 4F 43 20 52 6F 6F 74 30 1E 17 0D 32 
	32 30 31 32 30 31 37 31 33 30 32 5A 17 0D 32 39 
	31 32 33 31 32 33 30 30 30 30 5A 30 1A 31 18 30 
	16 06 03 55 04 03 0C 0F 45 44 48 4F 43 20 52 65 
	73 70 6F 6E 64 65 72 30 59 30 13 06 07 2A 86 48 
	CE 3D 02 01 06 08 2A 86 48 CE 3D 03 01 07 03 42 
	00 04 BB C3 49 60 52 6E A4 D3 2E 94 0C AD 2A 23 
	41 48 DD C2 17 91 A1 2A FB CB AC 93 62 20 46 DD 
	44 F0 45 19 E2 57 23 6B 2A 0C E2 02 3F 09 31 F1 
	F3 86 CA 7A FD A6 4F CD E0 10 8C 22 4C 51 EA BF 
	60 72 30 0A 06 08 2A 86 48 CE 3D 04 03 02 03 48 
	00 30 45 02 20 30 19 4E F5 FC 65 C8 B7 95 CD CD 
	0B B4 31 BF 83 EE 67 41 C1 37 0C 22 C8 EB 8E E9 
	ED D2 A7 05 19 02 21 00 B5 83 0E 9C 89 A6 2A C7 
	3C E1 EB CE 00 61 70 7D B8 A8 8E 23 70 9B 4A CC 
	58 A1 31 3B 13 3D 05 58 
TH34 (size 32):
	44 6C FD 4F 87 B0 B0 4C 8F 44 1D 7F 77 6A E9 54 
	70 48 6B 73 76 42 CB 55 31 20 AB 63 8F 6D 6D 5E 
msg2 generated
msg2 (size 115):
	58 71 8C 76 4C F3 64 71 4C 19 EF 48 10 67 40 E4 
	A3 71 37 ED 25 8A 88 6F 51 F9 A3 DC AD 39 18 F2 
	AE 99 0C C3 3F E1 7F 75 E2 87 D0 A5 AC 6E BE 20 
	8D CA 27 D3 31 95 AA 79 30 F6 33 5F 10 6B 7E D5 
	AC 57 3B 81 2B 03 55 EC B6 3F F7 14 2E 9E A8 67 
	61 57 B3 1F 1C 9F 74 73 32 E4 FB A9 30 13 C9 BD 
	76 7C 80 11 36 8B EA 96 C7 D7 04 28 8B D4 57 89 
	4F D0 05 
ead prcessed
CoAP reply sent!
mesage tx
waiting to receive
__________________
PDU was constructed from buffer of 117 bytes
PDU is 117 bytes long
CoAP Version: 1
Message Type: Confirmable
Token length: 4
Code: 0.02 POST
Message ID: 1
Token of 4 bytes.
   Value: 0x02000000 
2 options:
OPTION (1/2)
   Option number (delta): 11 (11)
   Name: URI_PATH
   Value length: 11
   Value: ".well-known"
OPTION (2/2)
   Option number (delta): 11 (0)
   Name: URI_PATH
   Value length: 5
   Value: "edhoc"
Payload of 90 bytes
   Value: "XX*\d5\1a\ca\07\fc\06\82i\1d\cb\cb-\a1t\c1\9eQ\87\bc\a7\86\f3\a6L\947\801C)\c6\e7A\1aU\d4l\e8|\7f#\bd\aa\87N\ef'/=p\f5\b9e\975\\b2\ea\b7\d7d\c2L\ff\d4p2u\bcY\d0r\b6|\c5|%\0d$8c\04^#GS\13"
__________________
CoAP message (size 90):
	58 58 2A D5 1A CA 07 FC 06 82 69 1D CB CB 2D A1 
	74 C1 9E 51 87 BC A7 86 F3 A6 4C 94 37 80 31 43 
	29 C6 E7 41 1A 55 D4 6C E8 7C 7F 23 BD AA 87 4E 
	EF 27 2F 3D 70 F5 B9 65 97 35 5C B2 EA B7 D7 64 
	C2 4C FF D4 70 32 75 BC 59 D0 72 B6 7C C5 7C 25 
	0D 24 38 63 04 5E 23 47 53 13 
received
CIPHERTEXT_3 (size 88):
	2A D5 1A CA 07 FC 06 82 69 1D CB CB 2D A1 74 C1 
	9E 51 87 BC A7 86 F3 A6 4C 94 37 80 31 43 29 C6 
	E7 41 1A 55 D4 6C E8 7C 7F 23 BD AA 87 4E EF 27 
	2F 3D 70 F5 B9 65 97 35 5C B2 EA B7 D7 64 C2 4C 
	FF D4 70 32 75 BC 59 D0 72 B6 7C C5 7C 25 0D 24 
	38 63 04 5E 23 47 53 13 
PLAINTEXT3_SIZE: 903
ctxt3.len: 88
K_3 (size 16):
	C0 12 23 F9 A1 7F 8D 71 2A 79 D9 7A A5 CD B2 B6 
IV_3 (size 13):
	B6 B2 05 92 C8 2C 94 09 81 5D DE E8 E1 
associated_data (size 45):
	83 68 45 6E 63 72 79 70 74 30 40 58 20 44 6C FD 
	4F 87 B0 B0 4C 8F 44 1D 7F 77 6A E9 54 70 48 6B 
	73 76 42 CB 55 31 20 AB 63 8F 6D 6D 5E 
plaintext (size 80):
	A1 18 22 82 2E 48 EE C7 3F CB B0 16 26 76 58 40 
	02 BC 3B 3E 48 F1 EB 13 0F C1 5F B1 60 44 54 BA 
	CE D6 17 F7 2E F6 FB 1F D1 FF 84 7B 2A A6 FD 2E 
	A8 40 68 C4 DE CE A4 F9 13 EB 93 90 6B DC FC F3 
	63 9A D3 6D 4B 3C 45 8A 11 20 27 41 1E 55 1A FA 
ID_CRED (size 14):
	A1 18 22 82 2E 48 EE C7 3F CB B0 16 26 76 
sign_or_mac (size 64):
	02 BC 3B 3E 48 F1 EB 13 0F C1 5F B1 60 44 54 BA 
	CE D6 17 F7 2E F6 FB 1F D1 FF 84 7B 2A A6 FD 2E 
	A8 40 68 C4 DE CE A4 F9 13 EB 93 90 6B DC FC F3 
	63 9A D3 6D 4B 3C 45 8A 11 20 27 41 1E 55 1A FA 
[cred] lookup ID_CRED len=14
A11822822E48EEC73FCBB0162676
[cred] cred_array entries: 1
[cred] candidate[0] len=14 A11822822E48EEC73FCBB0162676
prk_4e3m (size 32):
	38 42 A8 50 22 69 C7 AC 63 75 B4 1B D7 19 24 D7 
	DC 5B DD A5 7B F0 0A 71 6B 68 2A A4 CE 37 43 FD 
TMP size: 32
CBOR ENCODE ERROR: 0
MAX ID CRED: 400 cred len 14
MAX CRED: 765 cred len 293
PK SIZE: 65
SIGNATURE SIZE: 500
CONTEXT_MAC_SIZE: 1204
CONTEXT_MAC len: 342
CR len: 1
TH enc len: 34
MAC context (size 341):
	A1 18 22 82 2E 48 EE C7 3F CB B0 16 26 76 58 20 
	44 6C FD 4F 87 B0 B0 4C 8F 44 1D 7F 77 6A E9 54 
	70 48 6B 73 76 42 CB 55 31 20 AB 63 8F 6D 6D 5E 
	59 01 22 30 82 01 1E 30 81 C5 A0 03 02 01 02 02 
	04 62 32 EF 6F 30 0A 06 08 2A 86 48 CE 3D 04 03 
	02 30 15 31 13 30 11 06 03 55 04 03 0C 0A 45 44 
	48 4F 43 20 52 6F 6F 74 30 1E 17 0D 32 32 30 33 
	31 37 30 38 32 31 30 33 5A 17 0D 32 39 31 32 33 
	31 32 33 30 30 30 30 5A 30 1A 31 18 30 16 06 03 
	55 04 03 0C 0F 45 44 48 4F 43 20 49 6E 69 74 69 
	61 74 6F 72 30 59 30 13 06 07 2A 86 48 CE 3D 02 
	01 06 08 2A 86 48 CE 3D 03 01 07 03 42 00 04 AC 
	75 E9 EC E3 E5 0B FC 8E D6 03 99 88 95 22 40 5C 
	47 BF 16 DF 96 66 0A 41 29 8C B4 30 7F 7E B6 6E 
	5D E6 11 38 8A 4B 8A 82 11 33 4A C7 D3 7E CB 52 
	A3 87 D2 57 E6 DB 3C 2A 93 DF 21 FF 3A FF C8 30 
	0A 06 08 2A 86 48 CE 3D 04 03 02 03 48 00 30 45 
	02 21 00 8C 32 3A 1F 33 21 38 AA B9 D0 BE AF B8 
	5F 8D 5A 44 07 3C 58 0F 59 5B C5 21 EF 91 3F 6E 
	F4 8D 11 02 20 6C 0A F1 A1 85 A4 E4 DE 06 35 36 
	99 23 1C 73 3A 6E 8D D2 DF 65 13 96 6C 91 30 15 
	2A 07 A2 BE DE 
is not DH, 32
MAC 2/3 (size 32):
	39 F8 6D CD 77 AE 0C 0A 4C 70 E3 70 86 F1 D5 98 
	37 87 F2 D7 B0 E1 E4 BC 68 8F 43 F6 03 35 02 AA 
TMP size: 32
CBOR ENCODE ERROR: 0
Signature or MAC verification successful!
th23 (size 32):
	44 6C FD 4F 87 B0 B0 4C 8F 44 1D 7F 77 6A E9 54 
	70 48 6B 73 76 42 CB 55 31 20 AB 63 8F 6D 6D 5E 
plaintext_23 (size 80):
	A1 18 22 82 2E 48 EE C7 3F CB B0 16 26 76 58 40 
	02 BC 3B 3E 48 F1 EB 13 0F C1 5F B1 60 44 54 BA 
	CE D6 17 F7 2E F6 FB 1F D1 FF 84 7B 2A A6 FD 2E 
	A8 40 68 C4 DE CE A4 F9 13 EB 93 90 6B DC FC F3 
	63 9A D3 6D 4B 3C 45 8A 11 20 27 41 1E 55 1A FA 
cred (size 293):
	59 01 22 30 82 01 1E 30 81 C5 A0 03 02 01 02 02 
	04 62 32 EF 6F 30 0A 06 08 2A 86 48 CE 3D 04 03 
	02 30 15 31 13 30 11 06 03 55 04 03 0C 0A 45 44 
	48 4F 43 20 52 6F 6F 74 30 1E 17 0D 32 32 30 33 
	31 37 30 38 32 31 30 33 5A 17 0D 32 39 31 32 33 
	31 32 33 30 30 30 30 5A 30 1A 31 18 30 16 06 03 
	55 04 03 0C 0F 45 44 48 4F 43 20 49 6E 69 74 69 
	61 74 6F 72 30 59 30 13 06 07 2A 86 48 CE 3D 02 
	01 06 08 2A 86 48 CE 3D 03 01 07 03 42 00 04 AC 
	75 E9 EC E3 E5 0B FC 8E D6 03 99 88 95 22 40 5C 
	47 BF 16 DF 96 66 0A 41 29 8C B4 30 7F 7E B6 6E 
	5D E6 11 38 8A 4B 8A 82 11 33 4A C7 D3 7E CB 52 
	A3 87 D2 57 E6 DB 3C 2A 93 DF 21 FF 3A FF C8 30 
	0A 06 08 2A 86 48 CE 3D 04 03 02 03 48 00 30 45 
	02 21 00 8C 32 3A 1F 33 21 38 AA B9 D0 BE AF B8 
	5F 8D 5A 44 07 3C 58 0F 59 5B C5 21 EF 91 3F 6E 
	F4 8D 11 02 20 6C 0A F1 A1 85 A4 E4 DE 06 35 36 
	99 23 1C 73 3A 6E 8D D2 DF 65 13 96 6C 91 30 15 
	2A 07 A2 BE DE 
TMP size: 32
CBOR ENCODE ERROR: 0
Encoded
memcopy1
memcopy2
Input to calculate TH_3/TH_4 (CBOR Sequence) (size 407):
	58 20 44 6C FD 4F 87 B0 B0 4C 8F 44 1D 7F 77 6A 
	E9 54 70 48 6B 73 76 42 CB 55 31 20 AB 63 8F 6D 
	6D 5E A1 18 22 82 2E 48 EE C7 3F CB B0 16 26 76 
	58 40 02 BC 3B 3E 48 F1 EB 13 0F C1 5F B1 60 44 
	54 BA CE D6 17 F7 2E F6 FB 1F D1 FF 84 7B 2A A6 
	FD 2E A8 40 68 C4 DE CE A4 F9 13 EB 93 90 6B DC 
	FC F3 63 9A D3 6D 4B 3C 45 8A 11 20 27 41 1E 55 
	1A FA 59 01 22 30 82 01 1E 30 81 C5 A0 03 02 01 
	02 02 04 62 32 EF 6F 30 0A 06 08 2A 86 48 CE 3D 
	04 03 02 30 15 31 13 30 11 06 03 55 04 03 0C 0A 
	45 44 48 4F 43 20 52 6F 6F 74 30 1E 17 0D 32 32 
	30 33 31 37 30 38 32 31 30 33 5A 17 0D 32 39 31 
	32 33 31 32 33 30 30 30 30 5A 30 1A 31 18 30 16 
	06 03 55 04 03 0C 0F 45 44 48 4F 43 20 49 6E 69 
	74 69 61 74 6F 72 30 59 30 13 06 07 2A 86 48 CE 
	3D 02 01 06 08 2A 86 48 CE 3D 03 01 07 03 42 00 
	04 AC 75 E9 EC E3 E5 0B FC 8E D6 03 99 88 95 22 
	40 5C 47 BF 16 DF 96 66 0A 41 29 8C B4 30 7F 7E 
	B6 6E 5D E6 11 38 8A 4B 8A 82 11 33 4A C7 D3 7E 
	CB 52 A3 87 D2 57 E6 DB 3C 2A 93 DF 21 FF 3A FF 
	C8 30 0A 06 08 2A 86 48 CE 3D 04 03 02 03 48 00 
	30 45 02 21 00 8C 32 3A 1F 33 21 38 AA B9 D0 BE 
	AF B8 5F 8D 5A 44 07 3C 58 0F 59 5B C5 21 EF 91 
	3F 6E F4 8D 11 02 20 6C 0A F1 A1 85 A4 E4 DE 06 
	35 36 99 23 1C 73 3A 6E 8D D2 DF 65 13 96 6C 91 
	30 15 2A 07 A2 BE DE 
TH34 (size 32):
	97 46 33 F9 9F DD 85 2B 04 B5 E9 70 9E 99 21 0A 
	4D 04 32 6F 97 9F D7 4F 26 C6 B2 5C 0D 0F 80 15 
PRK_out (size 32):
	BF E5 0D DB E3 04 23 E0 C5 2E 96 19 72 96 2F 47 
	05 6F 56 91 5E 8D 1A A4 5D B9 9C FA 8F 9C D5 61 
prk_exporter (size 32):
	BB 6F 6F 7A 0A 3F 5E 47 4C 65 3B 04 DA AE 43 85 
	F0 37 73 AE 92 DB 82 58 DF 19 AA 5F DF 89 B4 9B 
OSCORE Master Secret (size 16):
	AF F1 15 39 A