NO DEFINED LIBOQS
initiator test vector number 2:initator cipher suit: (size 1):
	02 
initiator sk size:32 
initiator pk size:65 
secret ephemeral DH key (size 32):
	8A F6 F4 30 EB E1 8D 34 18 40 17 A9 A1 1B F5 11 
	C8 DF F8 F8 34 73 0B 96 C1 B7 C8 DB CA 2F C3 B6 
public ephemeral DH key (size 32):
	36 8E C1 F6 9A EB 65 9B A3 7D 5A 8D 45 B2 1B DC 
	02 99 DC EA A8 EF 23 5F 3C A4 2C E3 53 0F 95 25 
IPv4 client to connect to server with address 127.0.0.1 started!
MSG1 gx (size 32):
	8A F6 F4 30 EB E1 8D 34 18 40 17 A9 A1 1B F5 11 
	C8 DF F8 F8 34 73 0B 96 C1 B7 C8 DB CA 2F C3 B6 
X (eph -rpivate I) (size 32):
	36 8E C1 F6 9A EB 65 9B A3 7D 5A 8D 45 B2 1B DC 
	02 99 DC EA A8 EF 23 5F 3C A4 2C E3 53 0F 95 25 
C_I (size 1):
	37 
message_1 (CBOR Sequence) (size 37):
	00 02 58 20 8A F6 F4 30 EB E1 8D 34 18 40 17 A9 
	A1 1B F5 11 C8 DF F8 F8 34 73 0B 96 C1 B7 C8 DB 
	CA 2F C3 B6 37 
MSG: (size 37):
	00 02 58 20 8A F6 F4 30 EB E1 8D 34 18 40 17 A9 
	A1 1B F5 11 C8 DF F8 F8 34 73 0B 96 C1 B7 C8 DB 
	CA 2F C3 B6 37 
Max MSG2 size 2027
Set gy to the dh key size for DH
message_2 (CBOR Sequence) (size 115):
	58 71 C4 57 56 4B 29 BF 56 9C 23 87 49 98 F9 DE 
	8B 20 65 DF C0 9D 34 7C 66 47 43 CF 2D 12 B7 47 
	66 FF EE C7 3E 91 6A 81 99 F0 EF 3E FE 3B B7 07 
	B0 04 7E D4 E8 73 C5 C9 03 2E D8 32 F9 AF 78 8B 
	4B 36 6D 66 EF CA 32 C8 60 7A D6 0D F1 46 C1 07 
	02 65 82 04 5C 39 10 6C 1D 27 7C 66 2B 36 83 39 
	2E 58 CA C6 7B 96 87 88 E3 E7 E2 6D E0 9A 61 52 
	E0 09 4C 
g_y (size 32):
	C4 57 56 4B 29 BF 56 9C 23 87 49 98 F9 DE 8B 20 
	65 DF C0 9D 34 7C 66 47 43 CF 2D 12 B7 47 66 FF 
ciphertext2 (size 81):
	EE C7 3E 91 6A 81 99 F0 EF 3E FE 3B B7 07 B0 04 
	7E D4 E8 73 C5 C9 03 2E D8 32 F9 AF 78 8B 4B 36 
	6D 66 EF CA 32 C8 60 7A D6 0D F1 46 C1 07 02 65 
	82 04 5C 39 10 6C 1D 27 7C 66 2B 36 83 39 2E 58 
	CA C6 7B 96 87 88 E3 E7 E2 6D E0 9A 61 52 E0 09 
	4C 
PQ/T Hybrid array foe g_xy_KEM
x  (size 32):
	36 8E C1 F6 9A EB 65 9B A3 7D 5A 8D 45 B2 1B DC 
	02 99 DC EA A8 EF 23 5F 3C A4 2C E3 53 0F 95 25 
gy  (size 32):
	C4 57 56 4B 29 BF 56 9C 23 87 49 98 F9 DE 8B 20 
	65 DF C0 9D 34 7C 66 47 43 CF 2D 12 B7 47 66 FF 
SHARED SECRET DERIVE
P256 in DH
pk_decompressed tinycript (size 64):
	C4 57 56 4B 29 BF 56 9C 23 87 49 98 F9 DE 8B 20 
	65 DF C0 9D 34 7C 66 47 43 CF 2D 12 B7 47 66 FF 
	55 4F A8 65 1C 73 8D 08 F7 A1 5D 48 7E 73 B4 17 
	1A 68 57 45 46 34 22 2F A9 67 72 7F 2E B5 25 34 
G_XY (ECDH shared secret)  (size 32):
	52 37 1D D6 E4 18 2C 8B 05 87 50 5B D8 91 BB 67 
	55 8A 1D 34 24 33 3D 66 F8 EB 3A A9 5E 69 E8 AD 
hash_msg1_raw (size 32):
	C7 93 1F CA 62 16 CA BC B5 A9 AB 7B 17 61 AE 46 
	78 94 6B A4 F6 0B 6D E1 63 14 69 18 2A 4E 67 26 
Input to calculate TH_2 (CBOR Sequence) (size 68):
	58 20 C4 57 56 4B 29 BF 56 9C 23 87 49 98 F9 DE 
	8B 20 65 DF C0 9D 34 7C 66 47 43 CF 2D 12 B7 47 
	66 FF 58 20 C7 93 1F CA 62 16 CA BC B5 A9 AB 7B 
	17 61 AE 46 78 94 6B A4 F6 0B 6D E1 63 14 69 18 
	2A 4E 67 26 
TH2 (size 32):
	49 C1 BB 5F 5F BA 5F 3B 2F 31 02 55 10 EF 2E 1C 
	F5 4A 3E 5D 18 2B 61 66 30 45 0C A8 2E AA DB 45 
TH_2 (size 32):
	49 C1 BB 5F 5F BA 5F 3B 2F 31 02 55 10 EF 2E 1C 
	F5 4A 3E 5D 18 2B 61 66 30 45 0C A8 2E AA DB 45 
PRK_2e (size 32):
	D9 AE F3 FE B1 06 85 E6 FB 81 5E 9D C7 68 86 8A 
	95 FC F5 C0 AF B0 43 98 A3 5D BF 8A 46 5F F4 5B 
KEYSTREAM_2 (size 81):
	C9 66 26 B3 E8 AF D1 C4 6F CB 04 3A 1F AC 44 5C 
	3E CA E9 20 55 D7 A1 F1 4A AD 6A 7D F1 6D 8A E1 
	33 00 8F 28 BF 2A C0 39 56 B1 79 00 1F 22 B8 A6 
	03 40 57 0F 6D 9C 69 0B 5E F4 6E 5D 79 E7 6E 2E 
	8A 3A 7F E9 EB 83 D3 23 E5 E8 AA E5 99 59 EE EB 
	C9 
associated_data (size 45):
	83 68 45 6E 63 72 79 70 74 30 40 58 20 49 C1 BB 
	5F 5F BA 5F 3B 2F 31 02 55 10 EF 2E 1C F5 4A 3E 
	5D 18 2B 61 66 30 45 0C A8 2E AA DB 45 
plaintext (size 81):
	27 A1 18 22 82 2E 48 34 80 F5 FA 01 A8 AB F4 58 
	40 1E 01 53 90 1E A2 DF 92 9F 93 D2 89 E6 C1 D7 
	5E 66 60 E2 8D E2 A0 43 80 BC 88 46 DE 25 BA C3 
	81 44 0B 36 7D F0 74 2C 22 92 45 6B FA DE 40 76 
	40 FC 04 7F 6C 0B 30 C4 07 85 4A 7F F8 0B 0E E2 
	85 
C_R (raw) (size 1):
	27 
ID_CRED (size 14):
	A1 18 22 82 2E 48 34 80 F5 FA 01 A8 AB F4 
sign_or_mac (size 64):
	1E 01 53 90 1E A2 DF 92 9F 93 D2 89 E6 C1 D7 5E 
	66 60 E2 8D E2 A0 43 80 BC 88 46 DE 25 BA C3 81 
	44 0B 36 7D F0 74 2C 22 92 45 6B FA DE 40 76 40 
	FC 04 7F 6C 0B 30 C4 07 85 4A 7F F8 0B 0E E2 85 
[cred] lookup ID_CRED len=14
A11822822E483480F5FA01A8ABF4
[cred] cred_array entries: 1
[cred] candidate[0] len=14 A11822822E483480F5FA01A8ABF4
prk_3e2m (size 32):
	D9 AE F3 FE B1 06 85 E6 FB 81 5E 9D C7 68 86 8A 
	95 FC F5 C0 AF B0 43 98 A3 5D BF 8A 46 5F F4 5B 
TMP size: 32
CBOR ENCODE ERROR: 0
MAX ID CRED: 400 cred len 14
MAX CRED: 765 cred len 293
PK SIZE: 65
SIGNATURE SIZE: 500
CONTEXT_MAC_SIZE: 1204
CONTEXT_MAC len: 343
CR len: 2
TH enc len: 34
TMP size: 1
CBOR ENCODE ERROR: 0
MAC context (size 343):
	41 27 A1 18 22 82 2E 48 34 80 F5 FA 01 A8 AB F4 
	58 20 49 C1 BB 5F 5F BA 5F 3B 2F 31 02 55 10 EF 
	2E 1C F5 4A 3E 5D 18 2B 61 66 30 45 0C A8 2E AA 
	DB 45 59 01 22 30 82 01 1E 30 81 C5 A0 03 02 01 
	02 02 04 61 E9 98 1E 30 0A 06 08 2A 86 48 CE 3D 
	04 03 02 30 15 31 13 30 11 06 03 55 04 03 0C 0A 
	45 44 48 4F 43 20 52 6F 6F 74 30 1E 17 0D 32 32 
	30 31 32 30 31 37 31 33 30 32 5A 17 0D 32 39 31 
	32 33 31 32 33 30 30 30 30 5A 30 1A 31 18 30 16 
	06 03 55 04 03 0C 0F 45 44 48 4F 43 20 52 65 73 
	70 6F 6E 64 65 72 30 59 30 13 06 07 2A 86 48 CE 
	3D 02 01 06 08 2A 86 48 CE 3D 03 01 07 03 42 00 
	04 BB C3 49 60 52 6E A4 D3 2E 94 0C AD 2A 23 41 
	48 DD C2 17 91 A1 2A FB CB AC 93 62 20 46 DD 44 
	F0 45 19 E2 57 23 6B 2A 0C E2 02 3F 09 31 F1 F3 
	86 CA 7A FD A6 4F CD E0 10 8C 22 4C 51 EA BF 60 
	72 30 0A 06 08 2A 86 48 CE 3D 04 03 02 03 48 00 
	30 45 02 20 30 19 4E F5 FC 65 C8 B7 95 CD CD 0B 
	B4 31 BF 83 EE 67 41 C1 37 0C 22 C8 EB 8E E9 ED 
	D2 A7 05 19 02 21 00 B5 83 0E 9C 89 A6 2A C7 3C 
	E1 EB CE 00 61 70 7D B8 A8 8E 23 70 9B 4A CC 58 
	A1 31 3B 13 3D 05 58 
is not DH, 32
MAC 2/3 (size 32):
	AC D8 76 D1 B5 87 61 01 A7 3B 7B ED 61 61 0F D9 
	2B 66 5C 26 5F 85 FF 1F 1C BC 3B 78 C3 73 19 D2 
TMP size: 32
CBOR ENCODE ERROR: 0
Signature or MAC verification successful!
th23 (size 32):
	49 C1 BB 5F 5F BA 5F 3B 2F 31 02 55 10 EF 2E 1C 
	F5 4A 3E 5D 18 2B 61 66 30 45 0C A8 2E AA DB 45 
plaintext_23 (size 81):
	27 A1 18 22 82 2E 48 34 80 F5 FA 01 A8 AB F4 58 
	40 1E 01 53 90 1E A2 DF 92 9F 93 D2 89 E6 C1 D7 
	5E 66 60 E2 8D E2 A0 43 80 BC 88 46 DE 25 BA C3 
	81 44 0B 36 7D F0 74 2C 22 92 45 6B FA DE 40 76 
	40 FC 04 7F 6C 0B 30 C4 07 85 4A 7F F8 0B 0E E2 
	85 
cred (size 293):
	59 01 22 30 82 01 1E 30 81 C5 A0 03 02 01 02 02 
	04 61 E9 98 1E 30 0A 06 08 2A 86 48 CE 3D 04 03 
	02 30 15 31 13 30 11 06 03 55 04 03 0C 0A 45 44 
	48 4F 43 20 52 6F 6F 74 30 1E 17 0D 32 32 30 31 
	32 30 31 37 31 33 30 32 5A 17 0D 32 39 31 32 33 
	31 32 33 30 30 30 30 5A 30 1A 31 18 30 16 06 03 
	55 04 03 0C 0F 45 44 48 4F 43 20 52 65 73 70 6F 
	6E 64 65 72 30 59 30 13 06 07 2A 86 48 CE 3D 02 
	01 06 08 2A 86 48 CE 3D 03 01 07 03 42 00 04 BB 
	C3 49 60 52 6E A4 D3 2E 94 0C AD 2A 23 41 48 DD 
	C2 17 91 A1 2A FB CB AC 93 62 20 46 DD 44 F0 45 
	19 E2 57 23 6B 2A 0C E2 02 3F 09 31 F1 F3 86 CA 
	7A FD A6 4F CD E0 10 8C 22 4C 51 EA BF 60 72 30 
	0A 06 08 2A 86 48 CE 3D 04 03 02 03 48 00 30 45 
	02 20 30 19 4E F5 FC 65 C8 B7 95 CD CD 0B B4 31 
	BF 83 EE 67 41 C1 37 0C 22 C8 EB 8E E9 ED D2 A7 
	05 19 02 21 00 B5 83 0E 9C 89 A6 2A C7 3C E1 EB 
	CE 00 61 70 7D B8 A8 8E 23 70 9B 4A CC 58 A1 31 
	3B 13 3D 05 58 
TMP size: 32
CBOR ENCODE ERROR: 0
Encoded
memcopy1
memcopy2
Input to calculate TH_3/TH_4 (CBOR Sequence) (size 408):
	58 20 49 C1 BB 5F 5F BA 5F 3B 2F 31 02 55 10 EF 
	2E 1C F5 4A 3E 5D 18 2B 61 66 30 45 0C A8 2E AA 
	DB 45 27 A1 18 22 82 2E 48 34 80 F5 FA 01 A8 AB 
	F4 58 40 1E 01 53 90 1E A2 DF 92 9F 93 D2 89 E6 
	C1 D7 5E 66 60 E2 8D E2 A0 43 80 BC 88 46 DE 25 
	BA C3 81 44 0B 36 7D F0 74 2C 22 92 45 6B FA DE 
	40 76 40 FC 04 7F 6C 0B 30 C4 07 85 4A 7F F8 0B 
	0E E2 85 59 01 22 30 82 01 1E 30 81 C5 A0 03 02 
	01 02 02 04 61 E9 98 1E 30 0A 06 08 2A 86 48 CE 
	3D 04 03 02 30 15 31 13 30 11 06 03 55 04 03 0C 
	0A 45 44 48 4F 43 20 52 6F 6F 74 30 1E 17 0D 32 
	32 30 31 32 30 31 37 31 33 30 32 5A 17 0D 32 39 
	31 32 33 31 32 33 30 30 30 30 5A 30 1A 31 18 30 
	16 06 03 55 04 03 0C 0F 45 44 48 4F 43 20 52 65 
	73 70 6F 6E 64 65 72 30 59 30 13 06 07 2A 86 48 
	CE 3D 02 01 06 08 2A 86 48 CE 3D 03 01 07 03 42 
	00 04 BB C3 49 60 52 6E A4 D3 2E 94 0C AD 2A 23 
	41 48 DD C2 17 91 A1 2A FB CB AC 93 62 20 46 DD 
	44 F0 45 19 E2 57 23 6B 2A 0C E2 02 3F 09 31 F1 
	F3 86 CA 7A FD A6 4F CD E0 10 8C 22 4C 51 EA BF 
	60 72 30 0A 06 08 2A 86 48 CE 3D 04 03 02 03 48 
	00 30 45 02 20 30 19 4E F5 FC 65 C8 B7 95 CD CD 
	0B B4 31 BF 83 EE 67 41 C1 37 0C 22 C8 EB 8E E9 
	ED D2 A7 05 19 02 21 00 B5 83 0E 9C 89 A6 2A C7 
	3C E1 EB CE 00 61 70 7D B8 A8 8E 23 70 9B 4A CC 
	58 A1 31 3B 13 3D 05 58 
TH34 (size 32):
	4A 0F B0 54 BE E7 DB 41 5B 13 A2 4B 46 FF 78 86 
	AB 9C 06 AE 5C FC D6 2E 16 2F 25 BB 01 28 BE AA 
prk_4e3m (size 32):
	D9 AE F3 FE B1 06 85 E6 FB 81 5E 9D C7 68 86 8A 
	95 FC F5 C0 AF B0 43 98 A3 5D BF 8A 46 5F F4 5B 
TMP size: 32
CBOR ENCODE ERROR: 0
MAX ID CRED: 400 cred len 14
MAX CRED: 765 cred len 293
PK SIZE: 65
SIGNATURE SIZE: 500
CONTEXT_MAC_SIZE: 1204
CONTEXT_MAC len: 342
CR len: 1
TH enc len: 34
MAC context (size 341):
	A1 18 22 82 2E 48 EE C7 3F CB B0 16 26 76 58 20 
	4A 0F B0 54 BE E7 DB 41 5B 13 A2 4B 46 FF 78 86 
	AB 9C 06 AE 5C FC D6 2E 16 2F 25 BB 01 28 BE AA 
	59 01 22 30 82 01 1E 30 81 C5 A0 03 02 01 02 02 
	04 62 32 EF 6F 30 0A 06 08 2A 86 48 CE 3D 04 03 
	02 30 15 31 13 30 11 06 03 55 04 03 0C 0A 45 44 
	48 4F 43 20 52 6F 6F 74 30 1E 17 0D 32 32 30 33 
	31 37 30 38 32 31 30 33 5A 17 0D 32 39 31 32 33 
	31 32 33 30 30 30 30 5A 30 1A 31 18 30 16 06 03 
	55 04 03 0C 0F 45 44 48 4F 43 20 49 6E 69 74 69 
	61 74 6F 72 30 59 30 13 06 07 2A 86 48 CE 3D 02 
	01 06 08 2A 86 48 CE 3D 03 01 07 03 42 00 04 AC 
	75 E9 EC E3 E5 0B FC 8E D6 03 99 88 95 22 40 5C 
	47 BF 16 DF 96 66 0A 41 29 8C B4 30 7F 7E B6 6E 
	5D E6 11 38 8A 4B 8A 82 11 33 4A C7 D3 7E CB 52 
	A3 87 D2 57 E6 DB 3C 2A 93 DF 21 FF 3A FF C8 30 
	0A 06 08 2A 86 48 CE 3D 04 03 02 03 48 00 30 45 
	02 21 00 8C 32 3A 1F 33 21 38 AA B9 D0 BE AF B8 
	5F 8D 5A 44 07 3C 58 0F 59 5B C5 21 EF 91 3F 6E 
	F4 8D 11 02 20 6C 0A F1 A1 85 A4 E4 DE 06 35 36 
	99 23 1C 73 3A 6E 8D D2 DF 65 13 96 6C 91 30 15 
	2A 07 A2 BE DE 
is not DH, 32
MAC 2/3 (size 32):
	55 1F FC 6A E7 EA 8C 47 D0 FD 5B C9 9B 2F 90 B2 
	52 EC 39 1F B9 AF 85 A9 3A 9D EA 46 61 D5 EE 12 
TMP size: 32
CBOR ENCODE ERROR: 0
Signature or mac size: 64Inside the sign
signature_or_mac (is signature) (size 64):
	49 A2 AB A1 E8 ED 7C F7 89 7E A0 2E D3 C1 D1 14 
	12 96 71 0D 03 46 81 F5 77 90 D6 D1 E8 7B 71 1B 
	0C 00 EF 7D 02 25 88 D5 D3 6D 0B 7A 42 8D 6A 6A 
	E8 4D 9B DA 26 6F 49 C3 CF E0 E8 D7 E4 59 D4 BA 
TMP size: 64
CBOR ENCODE ERROR: 0
kid (size 0):
K_3 (size 16):
	A3 DE 5D 0C 47 FD 5E C9 8D 55 70 B5 6E 50 F8 D4 
IV_3 (size 13):
	BB AD 40 4C 72 64 B2 5B 51 88 91 22 E4 
aad_data (size 45):
	83 68 45 6E 63 72 79 70 74 30 40 58 20 4A 0F B0 
	54 BE E7 DB 41 5B 13 A2 4B 46 FF 78 86 AB 9C 06 
	AE 5C FC D6 2E 16 2F 25 BB 01 28 BE AA 
ciphertext_2/3/4 (size 88):
	89 A6 91 22 5F 4D 4C 10 64 01 EA FC 42 BF 26 03 
	90 1A B7 4C A3 93 18 E8 D6 3C B9 FB 7D C5 D2 57 
	76 CC 28 B9 2B FB 32 D7 9F C5 87 FC E0 4A 99 40 
	D8 DF EB FB E6 02 43 A3 7B DB CD 2F 83 F5 D2 92 
	09 40 0C C2 90 C9 AC 6B D7 AB C2 28 38 6C F5 B9 
	B8 82 66 30 A3 C0 60 98 
CIPHERTEXT: (size 88):
	89 A6 91 22 5F 4D 4C 10 64 01 EA FC 42 BF 26 03 
	90 1A B7 4C A3 93 18 E8 D6 3C B9 FB 7D C5 D2 57 
	76 CC 28 B9 2B FB 32 D7 9F C5 87 FC E0 4A 99 40 
	D8 DF EB FB E6 02 43 A3 7B DB CD 2F 83 F5 D2 92 
	09 40 0C C2 90 C9 AC 6B D7 AB C2 28 38 6C F5 B9 
	B8 82 66 30 A3 C0 60 98 
MSG out size:92
TMP size: 88
CBOR ENCODE ERROR: 0
msg3 (size 90):
	58 58 89 A6 91 22 5F 4D 4C 10 64 01 EA FC 42 BF 
	26 03 90 1A B7 4C A3 93 18 E8 D6 3C B9 FB 7D C5 
	D2 57 76 CC 28 B9 2B FB 32 D7 9F C5 87 FC E0 4A 
	99 40 D8 DF EB FB E6 02 43 A3 7B DB CD 2F 83 F5 
	D2 92 09 40 0C C2 90 C9 AC 6B D7 AB C2 28 38 6C 
	F5 B9 B8 82 66 30 A3 C0 60 98 
th23 (size 32):
	4A 0F B0 54 BE E7 DB 41 5B 13 A2 4B 46 FF 78 86 
	AB 9C 06 AE 5C FC D6 2E 16 2F 25 BB 01 28 BE AA 
plaintext_23 (size 80):
	A1 18 22 82 2E 48 EE C7 3F CB B0 16 26 76 58 40 
	49 A2 AB A1 E8 ED 7C F7 89 7E A0 2E D3 C1 D1 14 
	12 96 71 0D 03 46 81 F5 77 90 D6 D1 E8 7B 71 1B 
	0C 00 EF 7D 02 25 88 D5 D3 6D 0B 7A 42 8D 6A 6A 
	E8 4D 9B DA 26 6F 49 C3 CF E0 E8 D7 E4 59 D4 BA 
cred (size 293):
	59 01 22 30 82 01 1E 30 81 C5 A0 03 02 01 02 02 
	04 62 32 EF 6F 30 0A 06 08 2A 86 48 CE 3D 04 03 
	02 30 15 31 13 30 11 06 03 55 04 03 0C 0A 45 44 
	48 4F 43 20 52 6F 6F 74 30 1E 17 0D 32 32 30 33 
	31 37 30 38 32 31 30 33 5A 17 0D 32 39 31 32 33 
	31 32 33 30 30 30 30 5A 30 1A 31 18 30 16 06 03 
	55 04 03 0C 0F 45 44 48 4F 43 20 49 6E 69 74 69 
	61 74 6F 72 30 59 30 13 06 07 2A 86 48 CE 3D 02 
	01 06 08 2A 86 48 CE 3D 03 01 07 03 42 00 04 AC 
	75 E9 EC E3 E5 0B FC 8E D6 03 99 88 95 22 40 5C 
	47 BF 16 DF 96 66 0A 41 29 8C B4 30 7F 7E B6 6E 
	5D E6 11 38 8A 4B 8A 82 11 33 4A C7 D3 7E CB 52 
	A3 87 D2 57 E6 DB 3C 2A 93 DF 21 FF 3A FF C8 30 
	0A 06 08 2A 86 48 CE 3D 04 03 02 03 48 00 30 45 
	02 21 00 8C 32 3A 1F 33 21 38 AA B9 D0 BE AF B8 
	5F 8D 5A 44 07 3C 58 0F 59 5B C5 21 EF 91 3F 6E 
	F4 8D 11 02 20 6C 0A F1 A1 85 A4 E4 DE 06 35 36 
	99 23 1C 73 3A 6E 8D D2 DF 65 13 96 6C 91 30 15 
	2A 07 A2 BE DE 
TMP size: 32
CBOR ENCODE ERROR: 0
Encoded
memcopy1
memcopy2
Input to calculate TH_3/TH_4 (CBOR Sequence) (size 407):
	58 20 4A 0F B0 54 BE E7 DB 41 5B 13 A2 4B 46 FF 
	78 86 AB 9C 06 AE 5C FC D6 2E 16 2F 25 BB 01 28 
	BE AA A1 18 22 82 2E 48 EE C7 3F CB B0 16 26 76 
	58 40 49 A2 AB A1 E8 ED 7C F7 89 7E A0 2E D3 C1 
	D1 14 12 96 71 0D 03 46 81 F5 77 90 D6 D1 E8 7B 
	71 1B 0C 00 EF 7D 02 25 88 D5 D3 6D 0B 7A 42 8D 
	6A 6A E8 4D 9B DA 26 6F 49 C3 CF E0 E8 D7 E4 59 
	D4 BA 59 01 22 30 82 01 1E 30 81 C5 A0 03 02 01 
	02 02 04 62 32 EF 6F 30 0A 06 08 2A 86 48 CE 3D 
	04 03 02 30 15 31 13 30 11 06 03 55 04 03 0C 0A 
	45 44 48 4F 43 20 52 6F 6F 74 30 1E 17 0D 32 32 
	30 33 31 37 30 38 32 31 30 33 5A 17 0D 32 39 31 
	32 33 31 32 33 30 30 30 30 5A 30 1A 31 18 30 16 
	06 03 55 04 03 0C 0F 45 44 48 4F 43 20 49 6E 69 
	74 69 61 74 6F 72 30 59 30 13 06 07 2A 86 48 CE 
	3D 02 01 06 08 2A 86 48 CE 3D 03 01 07 03 42 00 
	04 AC 75 E9 EC E3 E5 0B FC 8E D6 03 99 88 95 22 
	40 5C 47 BF 16 DF 96 66 0A 41 29 8C B4 30 7F 7E 
	B6 6E 5D E6 11 38 8A 4B 8A 82 11 33 4A C7 D3 7E 
	CB 52 A3 87 D2 57 E6 DB 3C 2A 93 DF 21 FF 3A FF 
	C8 30 0A 06 08 2A 86 48 CE 3D 04 03 02 03 48 00 
	30 45 02 21 00 8C 32 3A 1F 33 21 38 AA B9 D0 BE 
	AF B8 5F 8D 5A 44 07 3C 58 0F 59 5B C5 21 EF 91 
	3F 6E F4 8D 11 02 20 6C 0A F1 A1 85 A4 E4 DE 06 
	35 36 99 23 1C 73 3A 6E 8D D2 DF 65 13 96 6C 91 
	30 15 2A 07 A2 BE DE 
TH34 (size 32):
	E8 AE 52 75 EE 37 E5 76 1B 15 95 78 82 32 5E CE 
	AC B5 44 D3 AE EC 7E 6B 5E 78 3E 92 94 64 C7 BB 
PRK_out (size 32):
	E5 FE 16 85 7A C1 67 66 2A E1 44 6B D5 87 08 3D 
	F2 B1 75 9E 0C BF 4C A3 A3 75 3C 69 99 B3 42 B2 
prk_exporter (size 32):
	77 34 AC 9C 9D B9 F4 B7 65 CE DA 4A 17 76 7F 53 
	04 56 16 67 AC 2A 8B 54 5F E4 26 F4 3A 7E B2 EC 
OSCORE Master Secret (size 16):
	4A 93 60 5C B7 70 4A F7 89 82 E9 49 69 E8 5A 93 
OSCORE Master Salt (size 8):
	10 B7 CC C5 EF 20 33 E0 
