[resp] get_suite
[resp] suite ready
IPv4 server with address 0.0.0.0 started!
[resp] socket ready
[resp] static DH keygen
[resp] static initiator pk
[resp] ephemeral DH keygen
[resp] starting edhoc_responder_run
[resp] rx got 1223 bytes
message_1 (CBOR Sequence) (size 1223):
	03 15 59 04 C0 FB B4 6F DD 17 E8 B7 0E C5 98 DE 
	CB B6 C8 4A 15 29 B0 DF CF 9E DE D9 C5 F8 D3 BF 
	64 F5 52 D2 10 7A D5 8E 6B 9B 34 F0 6A 1A 26 52 
	74 8D CC 01 7E C3 B6 D6 83 50 44 FC 34 A4 D6 6A 
	7E 46 75 30 88 8D C3 B8 39 0F C7 2C 9C 15 94 BB 
	85 7B D1 29 C1 A9 4A 23 E7 5A 28 75 67 87 C9 3B 
	85 71 C6 B7 71 1C 72 89 78 99 13 8C 86 AD 91 66 
	D1 A6 00 91 E8 38 C9 D9 97 11 81 11 87 76 A3 7D 
	0C 4A FE 21 27 96 C9 B8 60 2A 4A 5F C9 5F 05 A0 
	36 79 B5 BA 3D 0B 78 7C E6 4A 5A A0 47 53 34 B1 
	61 03 74 8A 66 A2 78 8B 9A 65 FC 18 8F 74 AC 9D 
	42 0A 23 2A B9 40 66 7D 24 C9 28 37 C8 7B 8F 2B 
	24 9F E4 74 FB C5 10 68 3C A3 24 C4 0C 0F 59 03 
	E1 81 6A 20 F3 2D DD AA 9B 78 59 42 FD 04 35 CB 
	1B 77 A0 CB 8E 4B 1B B7 CA C5 09 7A C9 3B CE 42 
	29 74 5B 39 20 70 70 23 2A 45 DC 92 4B DE 57 8D 
	98 9B 07 B0 B2 34 00 84 6C 99 30 9F F9 83 5A 48 
	26 AC F4 23 9C 88 08 97 2D DC 2A 20 D4 45 86 91 
	53 68 C8 17 BD F5 8C 6D 94 93 5C 72 7B F9 D3 1F 
	45 D4 CF 53 72 73 CF 7B 7C 62 86 96 A0 92 85 4A 
	15 58 9D D6 C1 D0 45 09 66 76 AB 30 C8 7E CA 64 
	09 43 D2 5B 29 49 04 EC 36 1C C8 04 24 03 18 52 
	E3 C9 3D 6C B4 70 9E B9 4A F8 FC A7 E1 D9 C8 73 
	34 53 BA 99 51 89 73 8E 9A 79 9B 21 A0 35 31 7B 
	CE BF B8 B5 CA 84 08 CF A0 2E CB 72 9E 4C 65 B7 
	0D 70 27 D2 08 59 0B BC 06 D5 71 3F EC 4B 1A 3A 
	2B 22 CA 82 60 DD 8C 89 85 FC 34 AB 02 9D 70 51 
	13 C7 4B 8F 8B B8 0B 4F 63 C4 76 2C 7F 7A F8 91 
	AD 69 62 5E 66 04 AC F9 5D 04 E2 49 9B DA 62 88 
	14 AF 0C DB 51 55 79 C8 A8 04 61 72 DB B8 5E B3 
	91 E1 AB 25 15 33 50 99 97 45 AB 7B 20 42 B5 7D 
	EF 1B B8 BE 11 01 77 3B B9 9B 8A 13 87 EA 3A 4A 
	8C 88 2E 89 5E E7 73 08 F8 A1 20 C9 54 3E 16 85 
	16 37 27 02 47 97 A9 38 84 87 71 42 6F 8A D2 B6 
	A6 A2 A0 EF C3 70 42 42 2E 4B D3 CC 41 C0 36 D1 
	40 0A 04 77 71 76 78 7D D0 B8 86 2E 48 9F B3 B0 
	B9 75 58 9E 25 C7 0E 69 34 AE 7F E3 7D 03 D5 77 
	C7 B4 64 DF A4 2E 9A BB 91 87 A9 39 95 94 AF 76 
	E2 18 45 A6 95 92 7C AD B1 6A 05 59 75 97 40 14 
	5D D3 91 1B 63 6C 5C 6F D9 CA 7B 53 17 8F 87 9A 
	02 43 B8 30 53 11 CA 57 B5 24 A5 8D 63 B8 20 60 
	E7 15 AC 41 75 04 75 4E 8D 61 1F 7D 01 9D 22 0B 
	76 26 E6 9A 4E B3 96 F2 27 37 42 81 A3 BA 50 64 
	C0 0A 7A 66 97 B4 14 EA 10 7C AC 82 3E 97 66 BF 
	7B 34 20 CC 19 8F 97 B8 93 96 04 F9 F9 18 6C 12 
	A7 F9 A9 7C E8 F5 CB 21 9A 47 0B A7 87 3F 0C BC 
	6D B7 85 E5 88 1E 09 13 15 29 98 3C 6A 30 7B A1 
	49 33 54 73 0B CF C1 09 77 A3 68 71 B2 C2 1A 19 
	1D 51 8A 26 9B 3C B3 87 D8 0F A8 32 C2 5F E1 98 
	96 17 A1 41 A9 AE F2 9B B8 31 36 BB B3 5A CF 7E 
	62 46 3B A9 79 E8 E7 BD 89 26 C0 10 68 65 E2 0A 
	31 23 62 76 AF 6A 16 93 0C 45 0A 89 CE E5 83 36 
	44 42 84 4D C4 02 65 97 5C 61 AA 83 1F 93 73 66 
	0B 9C AD 97 46 CD 44 84 F8 1B 1A D1 0B 14 57 03 
	40 C5 E2 64 A3 76 07 3C F2 8E 1E E5 13 8A 35 50 
	B1 95 50 B1 89 51 F9 74 7F 90 F2 7C 40 95 9D 85 
	3C 7A AA 24 18 3A 97 34 DA B2 7C 93 50 B9 5A 07 
	05 0F 45 53 71 A6 8C 66 A8 C2 E4 D4 9B 31 7C 1F 
	00 06 65 ED 52 27 FC EB 8C 71 F9 93 BC 69 72 BC 
	D1 51 D2 5B 5E 40 41 95 95 32 07 FC 36 9C 01 B0 
	C2 2B 92 B9 B2 C8 95 D1 17 51 1D AA 44 BD F7 53 
	AF 14 5F A6 87 9F 3C 12 42 A5 25 13 B1 C8 98 03 
	06 29 80 DA 46 8E C5 97 4C CB CE A4 10 54 63 B5 
	81 17 E9 2A 80 C0 19 EA 88 BB 67 5A 55 99 44 5E 
	2C C7 2C 75 9B 9C 24 C1 A7 CA 0A 61 77 1C 1B 37 
	B2 17 D3 32 25 CC C6 8B C3 1A C1 C7 33 A0 48 28 
	9F 2E 89 C3 1E F7 9D F7 A9 55 CD C9 54 47 A6 79 
	EF 10 AE 17 E2 54 B5 1B 29 D3 70 0F 9A CC 1C AF 
	E7 76 7E 6B C4 2D EC B9 D7 24 43 D0 F1 1E 57 D7 
	58 D4 8A 5D 7F BC 75 D1 17 36 DF 16 67 6E B8 19 
	89 2B B7 C6 F3 2E AD F2 81 05 2B BA 3D B1 CE 42 
	AC 02 AA 20 99 04 17 AC 12 A0 0A 6C 55 76 85 EA 
	12 BE 07 40 93 90 58 B3 6A 28 D4 AB 7B EB 0C 06 
	41 05 42 8B 22 CE A5 A8 6E F0 E3 22 A2 1C 15 FC 
	F3 A9 EC 48 A3 85 B3 62 AB 6A 0D E4 39 F9 FF AC 
	32 8D 69 03 79 E9 57 D4 AA 97 06 D4 54 62 64 04 
	41 D7 74 18 25 41 49 
msg1  (size 1223):
	03 15 59 04 C0 FB B4 6F DD 17 E8 B7 0E C5 98 DE 
	CB B6 C8 4A 15 29 B0 DF CF 9E DE D9 C5 F8 D3 BF 
	64 F5 52 D2 10 7A D5 8E 6B 9B 34 F0 6A 1A 26 52 
	74 8D CC 01 7E C3 B6 D6 83 50 44 FC 34 A4 D6 6A 
	7E 46 75 30 88 8D C3 B8 39 0F C7 2C 9C 15 94 BB 
	85 7B D1 29 C1 A9 4A 23 E7 5A 28 75 67 87 C9 3B 
	85 71 C6 B7 71 1C 72 89 78 99 13 8C 86 AD 91 66 
	D1 A6 00 91 E8 38 C9 D9 97 11 81 11 87 76 A3 7D 
	0C 4A FE 21 27 96 C9 B8 60 2A 4A 5F C9 5F 05 A0 
	36 79 B5 BA 3D 0B 78 7C E6 4A 5A A0 47 53 34 B1 
	61 03 74 8A 66 A2 78 8B 9A 65 FC 18 8F 74 AC 9D 
	42 0A 23 2A B9 40 66 7D 24 C9 28 37 C8 7B 8F 2B 
	24 9F E4 74 FB C5 10 68 3C A3 24 C4 0C 0F 59 03 
	E1 81 6A 20 F3 2D DD AA 9B 78 59 42 FD 04 35 CB 
	1B 77 A0 CB 8E 4B 1B B7 CA C5 09 7A C9 3B CE 42 
	29 74 5B 39 20 70 70 23 2A 45 DC 92 4B DE 57 8D 
	98 9B 07 B0 B2 34 00 84 6C 99 30 9F F9 83 5A 48 
	26 AC F4 23 9C 88 08 97 2D DC 2A 20 D4 45 86 91 
	53 68 C8 17 BD F5 8C 6D 94 93 5C 72 7B F9 D3 1F 
	45 D4 CF 53 72 73 CF 7B 7C 62 86 96 A0 92 85 4A 
	15 58 9D D6 C1 D0 45 09 66 76 AB 30 C8 7E CA 64 
	09 43 D2 5B 29 49 04 EC 36 1C C8 04 24 03 18 52 
	E3 C9 3D 6C B4 70 9E B9 4A F8 FC A7 E1 D9 C8 73 
	34 53 BA 99 51 89 73 8E 9A 79 9B 21 A0 35 31 7B 
	CE BF B8 B5 CA 84 08 CF A0 2E CB 72 9E 4C 65 B7 
	0D 70 27 D2 08 59 0B BC 06 D5 71 3F EC 4B 1A 3A 
	2B 22 CA 82 60 DD 8C 89 85 FC 34 AB 02 9D 70 51 
	13 C7 4B 8F 8B B8 0B 4F 63 C4 76 2C 7F 7A F8 91 
	AD 69 62 5E 66 04 AC F9 5D 04 E2 49 9B DA 62 88 
	14 AF 0C DB 51 55 79 C8 A8 04 61 72 DB B8 5E B3 
	91 E1 AB 25 15 33 50 99 97 45 AB 7B 20 42 B5 7D 
	EF 1B B8 BE 11 01 77 3B B9 9B 8A 13 87 EA 3A 4A 
	8C 88 2E 89 5E E7 73 08 F8 A1 20 C9 54 3E 16 85 
	16 37 27 02 47 97 A9 38 84 87 71 42 6F 8A D2 B6 
	A6 A2 A0 EF C3 70 42 42 2E 4B D3 CC 41 C0 36 D1 
	40 0A 04 77 71 76 78 7D D0 B8 86 2E 48 9F B3 B0 
	B9 75 58 9E 25 C7 0E 69 34 AE 7F E3 7D 03 D5 77 
	C7 B4 64 DF A4 2E 9A BB 91 87 A9 39 95 94 AF 76 
	E2 18 45 A6 95 92 7C AD B1 6A 05 59 75 97 40 14 
	5D D3 91 1B 63 6C 5C 6F D9 CA 7B 53 17 8F 87 9A 
	02 43 B8 30 53 11 CA 57 B5 24 A5 8D 63 B8 20 60 
	E7 15 AC 41 75 04 75 4E 8D 61 1F 7D 01 9D 22 0B 
	76 26 E6 9A 4E B3 96 F2 27 37 42 81 A3 BA 50 64 
	C0 0A 7A 66 97 B4 14 EA 10 7C AC 82 3E 97 66 BF 
	7B 34 20 CC 19 8F 97 B8 93 96 04 F9 F9 18 6C 12 
	A7 F9 A9 7C E8 F5 CB 21 9A 47 0B A7 87 3F 0C BC 
	6D B7 85 E5 88 1E 09 13 15 29 98 3C 6A 30 7B A1 
	49 33 54 73 0B CF C1 09 77 A3 68 71 B2 C2 1A 19 
	1D 51 8A 26 9B 3C B3 87 D8 0F A8 32 C2 5F E1 98 
	96 17 A1 41 A9 AE F2 9B B8 31 36 BB B3 5A CF 7E 
	62 46 3B A9 79 E8 E7 BD 89 26 C0 10 68 65 E2 0A 
	31 23 62 76 AF 6A 16 93 0C 45 0A 89 CE E5 83 36 
	44 42 84 4D C4 02 65 97 5C 61 AA 83 1F 93 73 66 
	0B 9C AD 97 46 CD 44 84 F8 1B 1A D1 0B 14 57 03 
	40 C5 E2 64 A3 76 07 3C F2 8E 1E E5 13 8A 35 50 
	B1 95 50 B1 89 51 F9 74 7F 90 F2 7C 40 95 9D 85 
	3C 7A AA 24 18 3A 97 34 DA B2 7C 93 50 B9 5A 07 
	05 0F 45 53 71 A6 8C 66 A8 C2 E4 D4 9B 31 7C 1F 
	00 06 65 ED 52 27 FC EB 8C 71 F9 93 BC 69 72 BC 
	D1 51 D2 5B 5E 40 41 95 95 32 07 FC 36 9C 01 B0 
	C2 2B 92 B9 B2 C8 95 D1 17 51 1D AA 44 BD F7 53 
	AF 14 5F A6 87 9F 3C 12 42 A5 25 13 B1 C8 98 03 
	06 29 80 DA 46 8E C5 97 4C CB CE A4 10 54 63 B5 
	81 17 E9 2A 80 C0 19 EA 88 BB 67 5A 55 99 44 5E 
	2C C7 2C 75 9B 9C 24 C1 A7 CA 0A 61 77 1C 1B 37 
	B2 17 D3 32 25 CC C6 8B C3 1A C1 C7 33 A0 48 28 
	9F 2E 89 C3 1E F7 9D F7 A9 55 CD C9 54 47 A6 79 
	EF 10 AE 17 E2 54 B5 1B 29 D3 70 0F 9A CC 1C AF 
	E7 76 7E 6B C4 2D EC B9 D7 24 43 D0 F1 1E 57 D7 
	58 D4 8A 5D 7F BC 75 D1 17 36 DF 16 67 6E B8 19 
	89 2B B7 C6 F3 2E AD F2 81 05 2B BA 3D B1 CE 42 
	AC 02 AA 20 99 04 17 AC 12 A0 0A 6C 55 76 85 EA 
	12 BE 07 40 93 90 58 B3 6A 28 D4 AB 7B EB 0C 06 
	41 05 42 8B 22 CE A5 A8 6E F0 E3 22 A2 1C 15 FC 
	F3 A9 EC 48 A3 85 B3 62 AB 6A 0D E4 39 F9 FF AC 
	32 8D 69 03 79 E9 57 D4 AA 97 06 D4 54 62 64 04 
	41 D7 74 18 25 41 49 
msg1 METHOD: 3
msg1 SUITES_I (size 1):
	15 
g_x len 1216
g_x len message 1 1216
msg1 G_X (size 1216):
	FB B4 6F DD 17 E8 B7 0E C5 98 DE CB B6 C8 4A 15 
	29 B0 DF CF 9E DE D9 C5 F8 D3 BF 64 F5 52 D2 10 
	7A D5 8E 6B 9B 34 F0 6A 1A 26 52 74 8D CC 01 7E 
	C3 B6 D6 83 50 44 FC 34 A4 D6 6A 7E 46 75 30 88 
	8D C3 B8 39 0F C7 2C 9C 15 94 BB 85 7B D1 29 C1 
	A9 4A 23 E7 5A 28 75 67 87 C9 3B 85 71 C6 B7 71 
	1C 72 89 78 99 13 8C 86 AD 91 66 D1 A6 00 91 E8 
	38 C9 D9 97 11 81 11 87 76 A3 7D 0C 4A FE 21 27 
	96 C9 B8 60 2A 4A 5F C9 5F 05 A0 36 79 B5 BA 3D 
	0B 78 7C E6 4A 5A A0 47 53 34 B1 61 03 74 8A 66 
	A2 78 8B 9A 65 FC 18 8F 74 AC 9D 42 0A 23 2A B9 
	40 66 7D 24 C9 28 37 C8 7B 8F 2B 24 9F E4 74 FB 
	C5 10 68 3C A3 24 C4 0C 0F 59 03 E1 81 6A 20 F3 
	2D DD AA 9B 78 59 42 FD 04 35 CB 1B 77 A0 CB 8E 
	4B 1B B7 CA C5 09 7A C9 3B CE 42 29 74 5B 39 20 
	70 70 23 2A 45 DC 92 4B DE 57 8D 98 9B 07 B0 B2 
	34 00 84 6C 99 30 9F F9 83 5A 48 26 AC F4 23 9C 
	88 08 97 2D DC 2A 20 D4 45 86 91 53 68 C8 17 BD 
	F5 8C 6D 94 93 5C 72 7B F9 D3 1F 45 D4 CF 53 72 
	73 CF 7B 7C 62 86 96 A0 92 85 4A 15 58 9D D6 C1 
	D0 45 09 66 76 AB 30 C8 7E CA 64 09 43 D2 5B 29 
	49 04 EC 36 1C C8 04 24 03 18 52 E3 C9 3D 6C B4 
	70 9E B9 4A F8 FC A7 E1 D9 C8 73 34 53 BA 99 51 
	89 73 8E 9A 79 9B 21 A0 35 31 7B CE BF B8 B5 CA 
	84 08 CF A0 2E CB 72 9E 4C 65 B7 0D 70 27 D2 08 
	59 0B BC 06 D5 71 3F EC 4B 1A 3A 2B 22 CA 82 60 
	DD 8C 89 85 FC 34 AB 02 9D 70 51 13 C7 4B 8F 8B 
	B8 0B 4F 63 C4 76 2C 7F 7A F8 91 AD 69 62 5E 66 
	04 AC F9 5D 04 E2 49 9B DA 62 88 14 AF 0C DB 51 
	55 79 C8 A8 04 61 72 DB B8 5E B3 91 E1 AB 25 15 
	33 50 99 97 45 AB 7B 20 42 B5 7D EF 1B B8 BE 11 
	01 77 3B B9 9B 8A 13 87 EA 3A 4A 8C 88 2E 89 5E 
	E7 73 08 F8 A1 20 C9 54 3E 16 85 16 37 27 02 47 
	97 A9 38 84 87 71 42 6F 8A D2 B6 A6 A2 A0 EF C3 
	70 42 42 2E 4B D3 CC 41 C0 36 D1 40 0A 04 77 71 
	76 78 7D D0 B8 86 2E 48 9F B3 B0 B9 75 58 9E 25 
	C7 0E 69 34 AE 7F E3 7D 03 D5 77 C7 B4 64 DF A4 
	2E 9A BB 91 87 A9 39 95 94 AF 76 E2 18 45 A6 95 
	92 7C AD B1 6A 05 59 75 97 40 14 5D D3 91 1B 63 
	6C 5C 6F D9 CA 7B 53 17 8F 87 9A 02 43 B8 30 53 
	11 CA 57 B5 24 A5 8D 63 B8 20 60 E7 15 AC 41 75 
	04 75 4E 8D 61 1F 7D 01 9D 22 0B 76 26 E6 9A 4E 
	B3 96 F2 27 37 42 81 A3 BA 50 64 C0 0A 7A 66 97 
	B4 14 EA 10 7C AC 82 3E 97 66 BF 7B 34 20 CC 19 
	8F 97 B8 93 96 04 F9 F9 18 6C 12 A7 F9 A9 7C E8 
	F5 CB 21 9A 47 0B A7 87 3F 0C BC 6D B7 85 E5 88 
	1E 09 13 15 29 98 3C 6A 30 7B A1 49 33 54 73 0B 
	CF C1 09 77 A3 68 71 B2 C2 1A 19 1D 51 8A 26 9B 
	3C B3 87 D8 0F A8 32 C2 5F E1 98 96 17 A1 41 A9 
	AE F2 9B B8 31 36 BB B3 5A CF 7E 62 46 3B A9 79 
	E8 E7 BD 89 26 C0 10 68 65 E2 0A 31 23 62 76 AF 
	6A 16 93 0C 45 0A 89 CE E5 83 36 44 42 84 4D C4 
	02 65 97 5C 61 AA 83 1F 93 73 66 0B 9C AD 97 46 
	CD 44 84 F8 1B 1A D1 0B 14 57 03 40 C5 E2 64 A3 
	76 07 3C F2 8E 1E E5 13 8A 35 50 B1 95 50 B1 89 
	51 F9 74 7F 90 F2 7C 40 95 9D 85 3C 7A AA 24 18 
	3A 97 34 DA B2 7C 93 50 B9 5A 07 05 0F 45 53 71 
	A6 8C 66 A8 C2 E4 D4 9B 31 7C 1F 00 06 65 ED 52 
	27 FC EB 8C 71 F9 93 BC 69 72 BC D1 51 D2 5B 5E 
	40 41 95 95 32 07 FC 36 9C 01 B0 C2 2B 92 B9 B2 
	C8 95 D1 17 51 1D AA 44 BD F7 53 AF 14 5F A6 87 
	9F 3C 12 42 A5 25 13 B1 C8 98 03 06 29 80 DA 46 
	8E C5 97 4C CB CE A4 10 54 63 B5 81 17 E9 2A 80 
	C0 19 EA 88 BB 67 5A 55 99 44 5E 2C C7 2C 75 9B 
	9C 24 C1 A7 CA 0A 61 77 1C 1B 37 B2 17 D3 32 25 
	CC C6 8B C3 1A C1 C7 33 A0 48 28 9F 2E 89 C3 1E 
	F7 9D F7 A9 55 CD C9 54 47 A6 79 EF 10 AE 17 E2 
	54 B5 1B 29 D3 70 0F 9A CC 1C AF E7 76 7E 6B C4 
	2D EC B9 D7 24 43 D0 F1 1E 57 D7 58 D4 8A 5D 7F 
	BC 75 D1 17 36 DF 16 67 6E B8 19 89 2B B7 C6 F3 
	2E AD F2 81 05 2B BA 3D B1 CE 42 AC 02 AA 20 99 
	04 17 AC 12 A0 0A 6C 55 76 85 EA 12 BE 07 40 93 
	90 58 B3 6A 28 D4 AB 7B EB 0C 06 41 05 42 8B 22 
	CE A5 A8 6E F0 E3 22 A2 1C 15 FC F3 A9 EC 48 A3 
	85 B3 62 AB 6A 0D E4 39 F9 FF AC 32 8D 69 03 79 
	E9 57 D4 AA 97 06 D4 54 62 64 04 41 D7 74 18 25 
msg1 C_I_raw (size 1):
	49 
Suite 21 will be used in this EDHOC run.
PQ/T hybrid declare second array
PQ/T hybrid suit
PQ/T y  (size 32):
	38 89 C4 E0 B5 3B 03 FA 44 FB A6 AF 89 EE AA 5F 
	43 47 E8 49 6E 93 4C E8 13 64 E1 32 CF CA 25 6D 
PQ/T gx  (size 1216):
	FB B4 6F DD 17 E8 B7 0E C5 98 DE CB B6 C8 4A 15 
	29 B0 DF CF 9E DE D9 C5 F8 D3 BF 64 F5 52 D2 10 
	7A D5 8E 6B 9B 34 F0 6A 1A 26 52 74 8D CC 01 7E 
	C3 B6 D6 83 50 44 FC 34 A4 D6 6A 7E 46 75 30 88 
	8D C3 B8 39 0F C7 2C 9C 15 94 BB 85 7B D1 29 C1 
	A9 4A 23 E7 5A 28 75 67 87 C9 3B 85 71 C6 B7 71 
	1C 72 89 78 99 13 8C 86 AD 91 66 D1 A6 00 91 E8 
	38 C9 D9 97 11 81 11 87 76 A3 7D 0C 4A FE 21 27 
	96 C9 B8 60 2A 4A 5F C9 5F 05 A0 36 79 B5 BA 3D 
	0B 78 7C E6 4A 5A A0 47 53 34 B1 61 03 74 8A 66 
	A2 78 8B 9A 65 FC 18 8F 74 AC 9D 42 0A 23 2A B9 
	40 66 7D 24 C9 28 37 C8 7B 8F 2B 24 9F E4 74 FB 
	C5 10 68 3C A3 24 C4 0C 0F 59 03 E1 81 6A 20 F3 
	2D DD AA 9B 78 59 42 FD 04 35 CB 1B 77 A0 CB 8E 
	4B 1B B7 CA C5 09 7A C9 3B CE 42 29 74 5B 39 20 
	70 70 23 2A 45 DC 92 4B DE 57 8D 98 9B 07 B0 B2 
	34 00 84 6C 99 30 9F F9 83 5A 48 26 AC F4 23 9C 
	88 08 97 2D DC 2A 20 D4 45 86 91 53 68 C8 17 BD 
	F5 8C 6D 94 93 5C 72 7B F9 D3 1F 45 D4 CF 53 72 
	73 CF 7B 7C 62 86 96 A0 92 85 4A 15 58 9D D6 C1 
	D0 45 09 66 76 AB 30 C8 7E CA 64 09 43 D2 5B 29 
	49 04 EC 36 1C C8 04 24 03 18 52 E3 C9 3D 6C B4 
	70 9E B9 4A F8 FC A7 E1 D9 C8 73 34 53 BA 99 51 
	89 73 8E 9A 79 9B 21 A0 35 31 7B CE BF B8 B5 CA 
	84 08 CF A0 2E CB 72 9E 4C 65 B7 0D 70 27 D2 08 
	59 0B BC 06 D5 71 3F EC 4B 1A 3A 2B 22 CA 82 60 
	DD 8C 89 85 FC 34 AB 02 9D 70 51 13 C7 4B 8F 8B 
	B8 0B 4F 63 C4 76 2C 7F 7A F8 91 AD 69 62 5E 66 
	04 AC F9 5D 04 E2 49 9B DA 62 88 14 AF 0C DB 51 
	55 79 C8 A8 04 61 72 DB B8 5E B3 91 E1 AB 25 15 
	33 50 99 97 45 AB 7B 20 42 B5 7D EF 1B B8 BE 11 
	01 77 3B B9 9B 8A 13 87 EA 3A 4A 8C 88 2E 89 5E 
	E7 73 08 F8 A1 20 C9 54 3E 16 85 16 37 27 02 47 
	97 A9 38 84 87 71 42 6F 8A D2 B6 A6 A2 A0 EF C3 
	70 42 42 2E 4B D3 CC 41 C0 36 D1 40 0A 04 77 71 
	76 78 7D D0 B8 86 2E 48 9F B3 B0 B9 75 58 9E 25 
	C7 0E 69 34 AE 7F E3 7D 03 D5 77 C7 B4 64 DF A4 
	2E 9A BB 91 87 A9 39 95 94 AF 76 E2 18 45 A6 95 
	92 7C AD B1 6A 05 59 75 97 40 14 5D D3 91 1B 63 
	6C 5C 6F D9 CA 7B 53 17 8F 87 9A 02 43 B8 30 53 
	11 CA 57 B5 24 A5 8D 63 B8 20 60 E7 15 AC 41 75 
	04 75 4E 8D 61 1F 7D 01 9D 22 0B 76 26 E6 9A 4E 
	B3 96 F2 27 37 42 81 A3 BA 50 64 C0 0A 7A 66 97 
	B4 14 EA 10 7C AC 82 3E 97 66 BF 7B 34 20 CC 19 
	8F 97 B8 93 96 04 F9 F9 18 6C 12 A7 F9 A9 7C E8 
	F5 CB 21 9A 47 0B A7 87 3F 0C BC 6D B7 85 E5 88 
	1E 09 13 15 29 98 3C 6A 30 7B A1 49 33 54 73 0B 
	CF C1 09 77 A3 68 71 B2 C2 1A 19 1D 51 8A 26 9B 
	3C B3 87 D8 0F A8 32 C2 5F E1 98 96 17 A1 41 A9 
	AE F2 9B B8 31 36 BB B3 5A CF 7E 62 46 3B A9 79 
	E8 E7 BD 89 26 C0 10 68 65 E2 0A 31 23 62 76 AF 
	6A 16 93 0C 45 0A 89 CE E5 83 36 44 42 84 4D C4 
	02 65 97 5C 61 AA 83 1F 93 73 66 0B 9C AD 97 46 
	CD 44 84 F8 1B 1A D1 0B 14 57 03 40 C5 E2 64 A3 
	76 07 3C F2 8E 1E E5 13 8A 35 50 B1 95 50 B1 89 
	51 F9 74 7F 90 F2 7C 40 95 9D 85 3C 7A AA 24 18 
	3A 97 34 DA B2 7C 93 50 B9 5A 07 05 0F 45 53 71 
	A6 8C 66 A8 C2 E4 D4 9B 31 7C 1F 00 06 65 ED 52 
	27 FC EB 8C 71 F9 93 BC 69 72 BC D1 51 D2 5B 5E 
	40 41 95 95 32 07 FC 36 9C 01 B0 C2 2B 92 B9 B2 
	C8 95 D1 17 51 1D AA 44 BD F7 53 AF 14 5F A6 87 
	9F 3C 12 42 A5 25 13 B1 C8 98 03 06 29 80 DA 46 
	8E C5 97 4C CB CE A4 10 54 63 B5 81 17 E9 2A 80 
	C0 19 EA 88 BB 67 5A 55 99 44 5E 2C C7 2C 75 9B 
	9C 24 C1 A7 CA 0A 61 77 1C 1B 37 B2 17 D3 32 25 
	CC C6 8B C3 1A C1 C7 33 A0 48 28 9F 2E 89 C3 1E 
	F7 9D F7 A9 55 CD C9 54 47 A6 79 EF 10 AE 17 E2 
	54 B5 1B 29 D3 70 0F 9A CC 1C AF E7 76 7E 6B C4 
	2D EC B9 D7 24 43 D0 F1 1E 57 D7 58 D4 8A 5D 7F 
	BC 75 D1 17 36 DF 16 67 6E B8 19 89 2B B7 C6 F3 
	2E AD F2 81 05 2B BA 3D B1 CE 42 AC 02 AA 20 99 
	04 17 AC 12 A0 0A 6C 55 76 85 EA 12 BE 07 40 93 
	90 58 B3 6A 28 D4 AB 7B EB 0C 06 41 05 42 8B 22 
	CE A5 A8 6E F0 E3 22 A2 1C 15 FC F3 A9 EC 48 A3 
	85 B3 62 AB 6A 0D E4 39 F9 FF AC 32 8D 69 03 79 
	E9 57 D4 AA 97 06 D4 54 62 64 04 41 D7 74 18 25 
DH y  (size 32):
	38 89 C4 E0 B5 3B 03 FA 44 FB A6 AF 89 EE AA 5F 
	43 47 E8 49 6E 93 4C E8 13 64 E1 32 CF CA 25 6D 
DH gx  (size 32):
	FB B4 6F DD 17 E8 B7 0E C5 98 DE CB B6 C8 4A 15 
	29 B0 DF CF 9E DE D9 C5 F8 D3 BF 64 F5 52 D2 10 
SHARED SECRET DERIVE
G_XY (ECDH shared secret)  (size 32):
	23 42 DA 3A 44 A9 28 77 02 7E D4 DE 6D 1E 8E A1 
	6A 64 F6 60 1A CF 0D 09 79 E2 32 07 86 54 F8 6D 
KEM mechanism
KEM - g_x  (size 1184):
	7A D5 8E 6B 9B 34 F0 6A 1A 26 52 74 8D CC 01 7E 
	C3 B6 D6 83 50 44 FC 34 A4 D6 6A 7E 46 75 30 88 
	8D C3 B8 39 0F C7 2C 9C 15 94 BB 85 7B D1 29 C1 
	A9 4A 23 E7 5A 28 75 67 87 C9 3B 85 71 C6 B7 71 
	1C 72 89 78 99 13 8C 86 AD 91 66 D1 A6 00 91 E8 
	38 C9 D9 97 11 81 11 87 76 A3 7D 0C 4A FE 21 27 
	96 C9 B8 60 2A 4A 5F C9 5F 05 A0 36 79 B5 BA 3D 
	0B 78 7C E6 4A 5A A0 47 53 34 B1 61 03 74 8A 66 
	A2 78 8B 9A 65 FC 18 8F 74 AC 9D 42 0A 23 2A B9 
	40 66 7D 24 C9 28 37 C8 7B 8F 2B 24 9F E4 74 FB 
	C5 10 68 3C A3 24 C4 0C 0F 59 03 E1 81 6A 20 F3 
	2D DD AA 9B 78 59 42 FD 04 35 CB 1B 77 A0 CB 8E 
	4B 1B B7 CA C5 09 7A C9 3B CE 42 29 74 5B 39 20 
	70 70 23 2A 45 DC 92 4B DE 57 8D 98 9B 07 B0 B2 
	34 00 84 6C 99 30 9F F9 83 5A 48 26 AC F4 23 9C 
	88 08 97 2D DC 2A 20 D4 45 86 91 53 68 C8 17 BD 
	F5 8C 6D 94 93 5C 72 7B F9 D3 1F 45 D4 CF 53 72 
	73 CF 7B 7C 62 86 96 A0 92 85 4A 15 58 9D D6 C1 
	D0 45 09 66 76 AB 30 C8 7E CA 64 09 43 D2 5B 29 
	49 04 EC 36 1C C8 04 24 03 18 52 E3 C9 3D 6C B4 
	70 9E B9 4A F8 FC A7 E1 D9 C8 73 34 53 BA 99 51 
	89 73 8E 9A 79 9B 21 A0 35 31 7B CE BF B8 B5 CA 
	84 08 CF A0 2E CB 72 9E 4C 65 B7 0D 70 27 D2 08 
	59 0B BC 06 D5 71 3F EC 4B 1A 3A 2B 22 CA 82 60 
	DD 8C 89 85 FC 34 AB 02 9D 70 51 13 C7 4B 8F 8B 
	B8 0B 4F 63 C4 76 2C 7F 7A F8 91 AD 69 62 5E 66 
	04 AC F9 5D 04 E2 49 9B DA 62 88 14 AF 0C DB 51 
	55 79 C8 A8 04 61 72 DB B8 5E B3 91 E1 AB 25 15 
	33 50 99 97 45 AB 7B 20 42 B5 7D EF 1B B8 BE 11 
	01 77 3B B9 9B 8A 13 87 EA 3A 4A 8C 88 2E 89 5E 
	E7 73 08 F8 A1 20 C9 54 3E 16 85 16 37 27 02 47 
	97 A9 38 84 87 71 42 6F 8A D2 B6 A6 A2 A0 EF C3 
	70 42 42 2E 4B D3 CC 41 C0 36 D1 40 0A 04 77 71 
	76 78 7D D0 B8 86 2E 48 9F B3 B0 B9 75 58 9E 25 
	C7 0E 69 34 AE 7F E3 7D 03 D5 77 C7 B4 64 DF A4 
	2E 9A BB 91 87 A9 39 95 94 AF 76 E2 18 45 A6 95 
	92 7C AD B1 6A 05 59 75 97 40 14 5D D3 91 1B 63 
	6C 5C 6F D9 CA 7B 53 17 8F 87 9A 02 43 B8 30 53 
	11 CA 57 B5 24 A5 8D 63 B8 20 60 E7 15 AC 41 75 
	04 75 4E 8D 61 1F 7D 01 9D 22 0B 76 26 E6 9A 4E 
	B3 96 F2 27 37 42 81 A3 BA 50 64 C0 0A 7A 66 97 
	B4 14 EA 10 7C AC 82 3E 97 66 BF 7B 34 20 CC 19 
	8F 97 B8 93 96 04 F9 F9 18 6C 12 A7 F9 A9 7C E8 
	F5 CB 21 9A 47 0B A7 87 3F 0C BC 6D B7 85 E5 88 
	1E 09 13 15 29 98 3C 6A 30 7B A1 49 33 54 73 0B 
	CF C1 09 77 A3 68 71 B2 C2 1A 19 1D 51 8A 26 9B 
	3C B3 87 D8 0F A8 32 C2 5F E1 98 96 17 A1 41 A9 
	AE F2 9B B8 31 36 BB B3 5A CF 7E 62 46 3B A9 79 
	E8 E7 BD 89 26 C0 10 68 65 E2 0A 31 23 62 76 AF 
	6A 16 93 0C 45 0A 89 CE E5 83 36 44 42 84 4D C4 
	02 65 97 5C 61 AA 83 1F 93 73 66 0B 9C AD 97 46 
	CD 44 84 F8 1B 1A D1 0B 14 57 03 40 C5 E2 64 A3 
	76 07 3C F2 8E 1E E5 13 8A 35 50 B1 95 50 B1 89 
	51 F9 74 7F 90 F2 7C 40 95 9D 85 3C 7A AA 24 18 
	3A 97 34 DA B2 7C 93 50 B9 5A 07 05 0F 45 53 71 
	A6 8C 66 A8 C2 E4 D4 9B 31 7C 1F 00 06 65 ED 52 
	27 FC EB 8C 71 F9 93 BC 69 72 BC D1 51 D2 5B 5E 
	40 41 95 95 32 07 FC 36 9C 01 B0 C2 2B 92 B9 B2 
	C8 95 D1 17 51 1D AA 44 BD F7 53 AF 14 5F A6 87 
	9F 3C 12 42 A5 25 13 B1 C8 98 03 06 29 80 DA 46 
	8E C5 97 4C CB CE A4 10 54 63 B5 81 17 E9 2A 80 
	C0 19 EA 88 BB 67 5A 55 99 44 5E 2C C7 2C 75 9B 
	9C 24 C1 A7 CA 0A 61 77 1C 1B 37 B2 17 D3 32 25 
	CC C6 8B C3 1A C1 C7 33 A0 48 28 9F 2E 89 C3 1E 
	F7 9D F7 A9 55 CD C9 54 47 A6 79 EF 10 AE 17 E2 
	54 B5 1B 29 D3 70 0F 9A CC 1C AF E7 76 7E 6B C4 
	2D EC B9 D7 24 43 D0 F1 1E 57 D7 58 D4 8A 5D 7F 
	BC 75 D1 17 36 DF 16 67 6E B8 19 89 2B B7 C6 F3 
	2E AD F2 81 05 2B BA 3D B1 CE 42 AC 02 AA 20 99 
	04 17 AC 12 A0 0A 6C 55 76 85 EA 12 BE 07 40 93 
	90 58 B3 6A 28 D4 AB 7B EB 0C 06 41 05 42 8B 22 
	CE A5 A8 6E F0 E3 22 A2 1C 15 FC F3 A9 EC 48 A3 
	85 B3 62 AB 6A 0D E4 39 F9 FF AC 32 8D 69 03 79 
	E9 57 D4 AA 97 06 D4 54 62 64 04 41 D7 74 18 25 
gx PQ/T size: 1216 - KEM size 1184
PQ/T g_y  (size 1120):
	27 B1 D6 35 A6 63 38 2D 99 E0 31 B3 E9 A5 D6 82 
	A0 95 45 04 93 56 AF 6F 13 54 DE D1 3E D2 9C 72 
	00 00 00 00 00 00 00 00 00 00 00 00 00 00 00 00 
	00 00 00 00 00 00 00 00 00 00 00 00 00 00 00 00 
	00 00 00 00 00 00 00 00 00 00 00 00 00 00 00 00 
	00 00 00 00 00 00 00 00 00 00 00 00 00 00 00 00 
	00 00 00 00 00 00 00 00 00 00 00 00 00 00 00 00 
	00 00 00 00 00 00 00 00 00 00 00 00 00 00 00 00 
	00 00 00 00 00 00 00 00 00 00 00 00 00 00 00 00 
	00 00 00 00 00 00 00 00 00 00 00 00 00 00 00 00 
	00 00 00 00 00 00 00 00 00 00 00 00 00 00 00 00 
	00 00 00 00 00 00 00 00 00 00 00 00 00 00 00 00 
	00 00 00 00 00 00 00 00 00 00 00 00 00 00 00 00 
	00 00 00 00 00 00 00 00 00 00 00 00 00 00 00 00 
	00 00 00 00 00 00 00 00 00 00 00 00 00 00 00 00 
	00 00 00 00 00 00 00 00 00 00 00 00 00 00 00 00 
	00 00 00 00 00 00 00 00 00 00 00 00 00 00 00 00 
	00 00 00 00 00 00 00 00 00 00 00 00 00 00 00 00 
	00 00 00 00 00 00 00 00 00 00 00 00 00 00 00 00 
	00 00 00 00 00 00 00 00 00 00 00 00 00 00 00 00 
	00 00 00 00 00 00 00 00 00 00 00 00 00 00 00 00 
	00 00 00 00 00 00 00 00 00 00 00 00 00 00 00 00 
	00 00 00 00 00 00 00 00 00 00 00 00 00 00 00 00 
	00 00 00 00 00 00 00 00 00 00 00 00 00 00 00 00 
	00 00 00 00 00 00 00 00 00 00 00 00 00 00 00 00 
	00 00 00 00 00 00 00 00 00 00 00 00 00 00 00 00 
	00 00 00 00 00 00 00 00 00 00 00 00 00 00 00 00 
	00 00 00 00 00 00 00 00 00 00 00 00 00 00 00 00 
	00 00 00 00 00 00 00 00 00 00 00 00 00 00 00 00 
	00 00 00 00 00 00 00 00 00 00 00 00 00 00 00 00 
	00 00 00 00 00 00 00 00 00 00 00 00 00 00 00 00 
	00 00 00 00 00 00 00 00 00 00 00 00 00 00 00 00 
	00 00 00 00 00 00 00 00 00 00 00 00 00 00 00 00 
	00 00 00 00 00 00 00 00 00 00 00 00 00 00 00 00 
	00 00 00 00 00 00 00 00 00 00 00 00 00 00 00 00 
	00 00 00 00 00 00 00 00 00 00 00 00 00 00 00 00 
	00 00 00 00 00 00 00 00 00 00 00 00 00 00 00 00 
	00 00 00 00 00 00 00 00 00 00 00 00 00 00 00 00 
	00 00 00 00 00 00 00 00 00 00 00 00 00 00 00 00 
	00 00 00 00 00 00 00 00 00 00 00 00 00 00 00 00 
	00 00 00 00 00 00 00 00 00 00 00 00 00 00 00 00 
	00 00 00 00 00 00 00 00 00 00 00 00 00 00 00 00 
	00 00 00 00 00 00 00 00 00 00 00 00 00 00 00 00 
	00 00 00 00 00 00 00 00 00 00 00 00 00 00 00 00 
	00 00 00 00 00 00 00 00 00 00 00 00 00 00 00 00 
	00 00 00 00 00 00 00 00 00 00 00 00 00 00 00 00 
	00 00 00 00 00 00 00 00 00 00 00 00 00 00 00 00 
	00 00 00 00 00 00 00 00 00 00 00 00 00 00 00 00 
	00 00 00 00 00 00 00 00 00 00 00 00 00 00 00 00 
	00 00 00 00 00 00 00 00 00 00 00 00 00 00 00 00 
	00 00 00 00 00 00 00 00 00 00 00 00 00 00 00 00 
	00 00 00 00 00 00 00 00 00 00 00 00 00 00 00 00 
	00 00 00 00 00 00 00 00 00 00 00 00 00 00 00 00 
	00 00 00 00 00 00 00 00 00 00 00 00 00 00 00 00 
	00 00 00 00 00 00 00 00 00 00 00 00 00 00 00 00 
	00 00 00 00 00 00 00 00 00 00 00 00 00 00 00 00 
	00 00 00 00 00 00 00 00 00 00 00 00 00 00 00 00 
	00 00 00 00 00 00 00 00 00 00 00 00 00 00 00 00 
	00 00 00 00 00 00 00 00 00 00 00 00 00 00 00 00 
	00 00 00 00 00 00 00 00 00 00 00 00 00 00 00 00 
	00 00 00 00 00 00 00 00 00 00 00 00 00 00 00 00 
	00 00 00 00 00 00 00 00 00 00 00 00 00 00 00 00 
	00 00 00 00 00 00 00 00 00 00 00 00 00 00 00 00 
	00 00 00 00 00 00 00 00 00 00 00 00 00 00 00 00 
	00 00 00 00 00 00 00 00 00 00 00 00 00 00 00 00 
	00 00 00 00 00 00 00 00 00 00 00 00 00 00 00 00 
	00 00 00 00 00 00 00 00 00 00 00 00 00 00 00 00 
	00 00 00 00 00 00 00 00 00 00 00 00 00 00 00 00 
	00 00 00 00 00 00 00 00 00 00 00 00 00 00 00 00 
	00 00 00 00 00 00 00 00 00 00 00 00 00 00 00 00 
KEM - g_y  (size 1088):
	00 00 00 00 00 00 00 00 00 00 00 00 00 00 00 00 
	00 00 00 00 00 00 00 00 00 00 00 00 00 00 00 00 
	00 00 00 00 00 00 00 00 00 00 00 00 00 00 00 00 
	00 00 00 00 00 00 00 00 00 00 00 00 00 00 00 00 
	00 00 00 00 00 00 00 00 00 00 00 00 00 00 00 00 
	00 00 00 00 00 00 00 00 00 00 00 00 00 00 00 00 
	00 00 00 00 00 00 00 00 00 00 00 00 00 00 00 00 
	00 00 00 00 00 00 00 00 00 00 00 00 00 00 00 00 
	00 00 00 00 00 00 00 00 00 00 00 00 00 00 00 00 
	00 00 00 00 00 00 00 00 00 00 00 00 00 00 00 00 
	00 00 00 00 00 00 00 00 00 00 00 00 00 00 00 00 
	00 00 00 00 00 00 00 00 00 00 00 00 00 00 00 00 
	00 00 00 00 00 00 00 00 00 00 00 00 00 00 00 00 
	00 00 00 00 00 00 00 00 00 00 00 00 00 00 00 00 
	00 00 00 00 00 00 00 00 00 00 00 00 00 00 00 00 
	00 00 00 00 00 00 00 00 00 00 00 00 00 00 00 00 
	00 00 00 00 00 00 00 00 00 00 00 00 00 00 00 00 
	00 00 00 00 00 00 00 00 00 00 00 00 00 00 00 00 
	00 00 00 00 00 00 00 00 00 00 00 00 00 00 00 00 
	00 00 00 00 00 00 00 00 00 00 00 00 00 00 00 00 
	00 00 00 00 00 00 00 00 00 00 00 00 00 00 00 00 
	00 00 00 00 00 00 00 00 00 00 00 00 00 00 00 00 
	00 00 00 00 00 00 00 00 00 00 00 00 00 00 00 00 
	00 00 00 00 00 00 00 00 00 00 00 00 00 00 00 00 
	00 00 00 00 00 00 00 00 00 00 00 00 00 00 00 00 
	00 00 00 00 00 00 00 00 00 00 00 00 00 00 00 00 
	00 00 00 00 00 00 00 00 00 00 00 00 00 00 00 00 
	00 00 00 00 00 00 00 00 00 00 00 00 00 00 00 00 
	00 00 00 00 00 00 00 00 00 00 00 00 00 00 00 00 
	00 00 00 00 00 00 00 00 00 00 00 00 00 00 00 00 
	00 00 00 00 00 00 00 00 00 00 00 00 00 00 00 00 
	00 00 00 00 00 00 00 00 00 00 00 00 00 00 00 00 
	00 00 00 00 00 00 00 00 00 00 00 00 00 00 00 00 
	00 00 00 00 00 00 00 00 00 00 00 00 00 00 00 00 
	00 00 00 00 00 00 00 00 00 00 00 00 00 00 00 00 
	00 00 00 00 00 00 00 00 00 00 00 00 00 00 00 00 
	00 00 00 00 00 00 00 00 00 00 00 00 00 00 00 00 
	00 00 00 00 00 00 00 00 00 00 00 00 00 00 00 00 
	00 00 00 00 00 00 00 00 00 00 00 00 00 00 00 00 
	00 00 00 00 00 00 00 00 00 00 00 00 00 00 00 00 
	00 00 00 00 00 00 00 00 00 00 00 00 00 00 00 00 
	00 00 00 00 00 00 00 00 00 00 00 00 00 00 00 00 
	00 00 00 00 00 00 00 00 00 00 00 00 00 00 00 00 
	00 00 00 00 00 00 00 00 00 00 00 00 00 00 00 00 
	00 00 00 00 00 00 00 00 00 00 00 00 00 00 00 00 
	00 00 00 00 00 00 00 00 00 00 00 00 00 00 00 00 
	00 00 00 00 00 00 00 00 00 00 00 00 00 00 00 00 
	00 00 00 00 00 00 00 00 00 00 00 00 00 00 00 00 
	00 00 00 00 00 00 00 00 00 00 00 00 00 00 00 00 
	00 00 00 00 00 00 00 00 00 00 00 00 00 00 00 00 
	00 00 00 00 00 00 00 00 00 00 00 00 00 00 00 00 
	00 00 00 00 00 00 00 00 00 00 00 00 00 00 00 00 
	00 00 00 00 00 00 00 00 00 00 00 00 00 00 00 00 
	00 00 00 00 00 00 00 00 00 00 00 00 00 00 00 00 
	00 00 00 00 00 00 00 00 00 00 00 00 00 00 00 00 
	00 00 00 00 00 00 00 00 00 00 00 00 00 00 00 00 
	00 00 00 00 00 00 00 00 00 00 00 00 00 00 00 00 
	00 00 00 00 00 00 00 00 00 00 00 00 00 00 00 00 
	00 00 00 00 00 00 00 00 00 00 00 00 00 00 00 00 
	00 00 00 00 00 00 00 00 00 00 00 00 00 00 00 00 
	00 00 00 00 00 00 00 00 00 00 00 00 00 00 00 00 
	00 00 00 00 00 00 00 00 00 00 00 00 00 00 00 00 
	00 00 00 00 00 00 00 00 00 00 00 00 00 00 00 00 
	00 00 00 00 00 00 00 00 00 00 00 00 00 00 00 00 
	00 00 00 00 00 00 00 00 00 00 00 00 00 00 00 00 
	00 00 00 00 00 00 00 00 00 00 00 00 00 00 00 00 
	00 00 00 00 00 00 00 00 00 00 00 00 00 00 00 00 
	00 00 00 00 00 00 00 00 00 00 00 00 00 00 00 00 
Encapsulate correct
G_XY (PQ SS) (size 32):
	81 F6 5C 0E 6D 85 3F 62 81 FF 7C 97 31 D1 6E 69 
	D8 55 FE E9 EE 27 9F C8 30 1C 16 25 CE 31 83 EB 
G_Y (PQ CC) (size 1088):
	95 71 5A E4 DE 4B BF A7 F8 61 C8 E7 7C 68 2F CC 
	4B 4E 39 6D 92 75 20 42 89 63 BE 46 95 C1 96 DF 
	EC 2F 23 49 22 13 35 AF 1C 13 77 07 7C F8 CC 55 
	CD 2C 4E 54 F9 F5 BA AE 10 0E DA 1E 49 4A CE 8F 
	C5 DA BD AE 85 26 B3 7E F9 90 57 17 44 95 7A E0 
	41 8A 8C 20 9C 7A 41 B7 CD 8F C9 09 C8 59 04 84 
	0C EE BE A7 FB 53 63 37 65 94 97 E6 BF D4 9E 50 
	C9 E8 3D 08 9C 68 99 CF B7 78 B3 5F 37 2C E7 9E 
	72 3D A3 0A 20 76 1A A8 E4 6F 95 C7 F1 F1 53 89 
	59 D4 BA DE E9 30 6D 48 2B 2C 84 C5 98 F9 79 B4 
	2E 66 E1 38 CD AB F6 CA E1 39 F1 FD 33 9B 4B E5 
	07 BB 33 92 4E AE 8E C0 64 2B FA 26 35 78 BB 8E 
	4E ED F3 94 92 5F C5 B6 C1 D2 19 87 E8 6B A0 76 
	B4 11 48 D2 56 B8 1F 3C B2 54 70 2B 71 33 B6 75 
	B5 06 19 A4 52 82 1B 08 AE 32 74 01 CC 00 EC 45 
	12 CC 04 A9 21 C4 82 E5 71 56 35 13 1A 5F 68 92 
	C2 F7 6B 40 23 44 A2 E8 35 1E 26 D4 61 2F 15 FA 
	C8 DE 21 BA 3E 3E 47 FF AE 3F 27 34 8E E6 7B B1 
	7E FF C2 CD 40 15 68 6B 55 BC 6A B6 EB 68 91 00 
	CC 2D 1E 7C 44 71 EB 06 BA A3 A6 E9 0E B9 80 62 
	44 6E A9 3C 05 30 2E 20 AD FC 3D F8 E9 C8 92 EF 
	DB 89 08 3A 90 FD FB 3C 48 39 0B DF 72 09 BD F0 
	D5 12 39 E8 1B 73 B4 B7 10 F0 A6 F5 7E DE 70 A3 
	B8 0B 80 52 48 D8 A7 56 5F 58 6E 65 C0 27 8B AC 
	68 FD 14 32 06 C9 3F 0F D9 89 08 AC 57 E4 04 05 
	B0 4E 60 5A B2 DC 27 0E DB 79 EE 1A 26 B2 77 40 
	EA 0E B3 32 01 29 DF 66 11 FA 9A 27 EA 1E 02 4C 
	8F 0C 29 41 80 0C AA E4 DF C1 31 5B 43 5A 2B B1 
	9F ED E9 94 FA E5 BD 52 B0 CB 09 65 B5 41 09 66 
	75 D0 40 A1 0B 6C CE 0B 0B D0 B3 DE 2A 46 75 04 
	EC FE B5 90 C2 C1 14 46 B4 EA 0A 14 A6 1A 08 24 
	7F 21 47 3B C3 A7 66 77 8B A4 F2 42 A7 62 90 8D 
	E0 10 9A 14 F4 1E 50 2A 3B EF 33 44 A9 70 9C F7 
	B2 E1 4F DC 97 B9 E3 90 58 51 4E 93 65 CB 6E D4 
	D9 91 B2 E1 7A DB FC DC E8 FD 5F DF BD AA 90 25 
	98 16 4E 4D D4 FC EB 00 33 1D 07 C4 87 AB 38 5C 
	24 A4 91 FE 9B 9B 22 70 EA 92 B0 AC 2E EF DE 3B 
	77 9B FF E0 D4 B9 01 13 1A 72 37 8A D1 CF B2 1D 
	53 FE BD 7E 7A C9 DB F9 14 FF 5D 27 93 08 AD F2 
	4A 81 7A 9D 13 5D 42 C5 5E 12 74 AA 63 AF 3D AD 
	FF F1 09 49 1D 72 84 E1 9C 62 47 F5 A7 15 C0 B4 
	9D FD 2D 69 05 C2 BF 0E C3 66 CD 1D 40 07 EA AD 
	04 6D CC B0 64 58 33 71 F4 A4 94 6C 8E 12 DE 2C 
	44 67 1E 08 6F CC F4 CE 39 2D B2 F3 41 9F 3E EE 
	E9 90 8B D4 00 45 89 31 20 BA 0C FB AF 52 8E A7 
	26 DC A1 D3 5A 1B B3 9C D4 4C C8 2D 28 0B 0F 6F 
	9F 39 7E 95 E2 CB D7 34 4D 16 33 EB B9 1B 25 1B 
	B1 DD C2 D4 57 74 87 03 CC 14 5B 7B 1E D1 5D B4 
	08 94 F8 ED 5D A1 9A DA EF 8D 56 CD D0 C8 9A 41 
	CB 8A 61 6B DB 42 8E 0E 8B BA 30 5D AC A0 70 EF 
	0A 14 D6 4C FD F6 7A FF 17 A3 08 1E 8B 9B E0 4F 
	20 CD 66 CD D8 47 D1 39 72 5B 16 46 54 32 C0 1F 
	AB 33 45 67 AA 1D 9F B9 D1 EB CB 39 45 23 14 B9 
	57 F5 39 B5 94 47 96 11 95 15 AE 57 87 5F DA 6B 
	4B 47 69 5A 89 C0 CF FD DE FD BE 7B 32 58 79 7A 
	53 28 2E 0D 37 73 42 1C 1B 54 76 1E 49 D0 8C D2 
	BE BE 05 C2 96 E4 71 13 7B 78 4E 1C 10 E7 D8 C6 
	80 BF B7 A3 7C 6D 78 79 13 13 81 23 BA C1 35 B1 
	44 EC 0E 7E A0 8C E0 B0 ED A0 BF 70 D6 09 C6 2A 
	59 51 03 B8 AD 1E 8A 6F D6 46 F4 FB BC CE 15 81 
	49 98 AE 4C 4B 8F 68 39 9A 75 5C AA 30 A3 49 26 
	16 81 36 F1 2D 94 9C AD AC D5 B1 EA DA B4 22 47 
	6D 7D 82 BD 5E C6 50 4B 26 4A DC 54 D1 C7 9A 00 
	F9 7D CD 1F D5 5A 0C A1 C3 7E 19 47 50 29 4E 50 
	6C FA 2E 9D F9 04 22 A2 C3 88 D9 07 6E F8 7D 0E 
	59 DE 77 A1 64 C3 87 6F 15 DD CC A9 46 67 7B F4 
	9D 67 2F 3C B2 25 0A 0F 2D E7 21 59 6A 05 73 97 
	F8 0F 0E 4A 9B A3 D1 D5 7D 4E FD 83 92 BF 9B 02 
G_Y (PQ/T) (size 1120):
	27 B1 D6 35 A6 63 38 2D 99 E0 31 B3 E9 A5 D6 82 
	A0 95 45 04 93 56 AF 6F 13 54 DE D1 3E D2 9C 72 
	95 71 5A E4 DE 4B BF A7 F8 61 C8 E7 7C 68 2F CC 
	4B 4E 39 6D 92 75 20 42 89 63 BE 46 95 C1 96 DF 
	EC 2F 23 49 22 13 35 AF 1C 13 77 07 7C F8 CC 55 
	CD 2C 4E 54 F9 F5 BA AE 10 0E DA 1E 49 4A CE 8F 
	C5 DA BD AE 85 26 B3 7E F9 90 57 17 44 95 7A E0 
	41 8A 8C 20 9C 7A 41 B7 CD 8F C9 09 C8 59 04 84 
	0C EE BE A7 FB 53 63 37 65 94 97 E6 BF D4 9E 50 
	C9 E8 3D 08 9C 68 99 CF B7 78 B3 5F 37 2C E7 9E 
	72 3D A3 0A 20 76 1A A8 E4 6F 95 C7 F1 F1 53 89 
	59 D4 BA DE E9 30 6D 48 2B 2C 84 C5 98 F9 79 B4 
	2E 66 E1 38 CD AB F6 CA E1 39 F1 FD 33 9B 4B E5 
	07 BB 33 92 4E AE 8E C0 64 2B FA 26 35 78 BB 8E 
	4E ED F3 94 92 5F C5 B6 C1 D2 19 87 E8 6B A0 76 
	B4 11 48 D2 56 B8 1F 3C B2 54 70 2B 71 33 B6 75 
	B5 06 19 A4 52 82 1B 08 AE 32 74 01 CC 00 EC 45 
	12 CC 04 A9 21 C4 82 E5 71 56 35 13 1A 5F 68 92 
	C2 F7 6B 40 23 44 A2 E8 35 1E 26 D4 61 2F 15 FA 
	C8 DE 21 BA 3E 3E 47 FF AE 3F 27 34 8E E6 7B B1 
	7E FF C2 CD 40 15 68 6B 55 BC 6A B6 EB 68 91 00 
	CC 2D 1E 7C 44 71 EB 06 BA A3 A6 E9 0E B9 80 62 
	44 6E A9 3C 05 30 2E 20 AD FC 3D F8 E9 C8 92 EF 
	DB 89 08 3A 90 FD FB 3C 48 39 0B DF 72 09 BD F0 
	D5 12 39 E8 1B 73 B4 B7 10 F0 A6 F5 7E DE 70 A3 
	B8 0B 80 52 48 D8 A7 56 5F 58 6E 65 C0 27 8B AC 
	68 FD 14 32 06 C9 3F 0F D9 89 08 AC 57 E4 04 05 
	B0 4E 60 5A B2 DC 27 0E DB 79 EE 1A 26 B2 77 40 
	EA 0E B3 32 01 29 DF 66 11 FA 9A 27 EA 1E 02 4C 
	8F 0C 29 41 80 0C AA E4 DF C1 31 5B 43 5A 2B B1 
	9F ED E9 94 FA E5 BD 52 B0 CB 09 65 B5 41 09 66 
	75 D0 40 A1 0B 6C CE 0B 0B D0 B3 DE 2A 46 75 04 
	EC FE B5 90 C2 C1 14 46 B4 EA 0A 14 A6 1A 08 24 
	7F 21 47 3B C3 A7 66 77 8B A4 F2 42 A7 62 90 8D 
	E0 10 9A 14 F4 1E 50 2A 3B EF 33 44 A9 70 9C F7 
	B2 E1 4F DC 97 B9 E3 90 58 51 4E 93 65 CB 6E D4 
	D9 91 B2 E1 7A DB FC DC E8 FD 5F DF BD AA 90 25 
	98 16 4E 4D D4 FC EB 00 33 1D 07 C4 87 AB 38 5C 
	24 A4 91 FE 9B 9B 22 70 EA 92 B0 AC 2E EF DE 3B 
	77 9B FF E0 D4 B9 01 13 1A 72 37 8A D1 CF B2 1D 
	53 FE BD 7E 7A C9 DB F9 14 FF 5D 27 93 08 AD F2 
	4A 81 7A 9D 13 5D 42 C5 5E 12 74 AA 63 AF 3D AD 
	FF F1 09 49 1D 72 84 E1 9C 62 47 F5 A7 15 C0 B4 
	9D FD 2D 69 05 C2 BF 0E C3 66 CD 1D 40 07 EA AD 
	04 6D CC B0 64 58 33 71 F4 A4 94 6C 8E 12 DE 2C 
	44 67 1E 08 6F CC F4 CE 39 2D B2 F3 41 9F 3E EE 
	E9 90 8B D4 00 45 89 31 20 BA 0C FB AF 52 8E A7 
	26 DC A1 D3 5A 1B B3 9C D4 4C C8 2D 28 0B 0F 6F 
	9F 39 7E 95 E2 CB D7 34 4D 16 33 EB B9 1B 25 1B 
	B1 DD C2 D4 57 74 87 03 CC 14 5B 7B 1E D1 5D B4 
	08 94 F8 ED 5D A1 9A DA EF 8D 56 CD D0 C8 9A 41 
	CB 8A 61 6B DB 42 8E 0E 8B BA 30 5D AC A0 70 EF 
	0A 14 D6 4C FD F6 7A FF 17 A3 08 1E 8B 9B E0 4F 
	20 CD 66 CD D8 47 D1 39 72 5B 16 46 54 32 C0 1F 
	AB 33 45 67 AA 1D 9F B9 D1 EB CB 39 45 23 14 B9 
	57 F5 39 B5 94 47 96 11 95 15 AE 57 87 5F DA 6B 
	4B 47 69 5A 89 C0 CF FD DE FD BE 7B 32 58 79 7A 
	53 28 2E 0D 37 73 42 1C 1B 54 76 1E 49 D0 8C D2 
	BE BE 05 C2 96 E4 71 13 7B 78 4E 1C 10 E7 D8 C6 
	80 BF B7 A3 7C 6D 78 79 13 13 81 23 BA C1 35 B1 
	44 EC 0E 7E A0 8C E0 B0 ED A0 BF 70 D6 09 C6 2A 
	59 51 03 B8 AD 1E 8A 6F D6 46 F4 FB BC CE 15 81 
	49 98 AE 4C 4B 8F 68 39 9A 75 5C AA 30 A3 49 26 
	16 81 36 F1 2D 94 9C AD AC D5 B1 EA DA B4 22 47 
	6D 7D 82 BD 5E C6 50 4B 26 4A DC 54 D1 C7 9A 00 
	F9 7D CD 1F D5 5A 0C A1 C3 7E 19 47 50 29 4E 50 
	6C FA 2E 9D F9 04 22 A2 C3 88 D9 07 6E F8 7D 0E 
	59 DE 77 A1 64 C3 87 6F 15 DD CC A9 46 67 7B F4 
	9D 67 2F 3C B2 25 0A 0F 2D E7 21 59 6A 05 73 97 
	F8 0F 0E 4A 9B A3 D1 D5 7D 4E FD 83 92 BF 9B 02 
hash_msg1_raw (size 32):
	92 83 4C 5E 94 58 D3 A0 55 88 20 84 D1 A0 F5 0C 
	66 67 D7 80 16 CD 27 C2 24 53 70 47 85 A7 E3 4F 
Input to calculate TH_2 (CBOR Sequence) (size 1157):
	59 04 60 27 B1 D6 35 A6 63 38 2D 99 E0 31 B3 E9 
	A5 D6 82 A0 95 45 04 93 56 AF 6F 13 54 DE D1 3E 
	D2 9C 72 95 71 5A E4 DE 4B BF A7 F8 61 C8 E7 7C 
	68 2F CC 4B 4E 39 6D 92 75 20 42 89 63 BE 46 95 
	C1 96 DF EC 2F 23 49 22 13 35 AF 1C 13 77 07 7C 
	F8 CC 55 CD 2C 4E 54 F9 F5 BA AE 10 0E DA 1E 49 
	4A CE 8F C5 DA BD AE 85 26 B3 7E F9 90 57 17 44 
	95 7A E0 41 8A 8C 20 9C 7A 41 B7 CD 8F C9 09 C8 
	59 04 84 0C EE BE A7 FB 53 63 37 65 94 97 E6 BF 
	D4 9E 50 C9 E8 3D 08 9C 68 99 CF B7 78 B3 5F 37 
	2C E7 9E 72 3D A3 0A 20 76 1A A8 E4 6F 95 C7 F1 
	F1 53 89 59 D4 BA DE E9 30 6D 48 2B 2C 84 C5 98 
	F9 79 B4 2E 66 E1 38 CD AB F6 CA E1 39 F1 FD 33 
	9B 4B E5 07 BB 33 92 4E AE 8E C0 64 2B FA 26 35 
	78 BB 8E 4E ED F3 94 92 5F C5 B6 C1 D2 19 87 E8 
	6B A0 76 B4 11 48 D2 56 B8 1F 3C B2 54 70 2B 71 
	33 B6 75 B5 06 19 A4 52 82 1B 08 AE 32 74 01 CC 
	00 EC 45 12 CC 04 A9 21 C4 82 E5 71 56 35 13 1A 
	5F 68 92 C2 F7 6B 40 23 44 A2 E8 35 1E 26 D4 61 
	2F 15 FA C8 DE 21 BA 3E 3E 47 FF AE 3F 27 34 8E 
	E6 7B B1 7E FF C2 CD 40 15 68 6B 55 BC 6A B6 EB 
	68 91 00 CC 2D 1E 7C 44 71 EB 06 BA A3 A6 E9 0E 
	B9 80 62 44 6E A9 3C 05 30 2E 20 AD FC 3D F8 E9 
	C8 92 EF DB 89 08 3A 90 FD FB 3C 48 39 0B DF 72 
	09 BD F0 D5 12 39 E8 1B 73 B4 B7 10 F0 A6 F5 7E 
	DE 70 A3 B8 0B 80 52 48 D8 A7 56 5F 58 6E 65 C0 
	27 8B AC 68 FD 14 32 06 C9 3F 0F D9 89 08 AC 57 
	E4 04 05 B0 4E 60 5A B2 DC 27 0E DB 79 EE 1A 26 
	B2 77 40 EA 0E B3 32 01 29 DF 66 11 FA 9A 27 EA 
	1E 02 4C 8F 0C 29 41 80 0C AA E4 DF C1 31 5B 43 
	5A 2B B1 9F ED E9 94 FA E5 BD 52 B0 CB 09 65 B5 
	41 09 66 75 D0 40 A1 0B 6C CE 0B 0B D0 B3 DE 2A 
	46 75 04 EC FE B5 90 C2 C1 14 46 B4 EA 0A 14 A6 
	1A 08 24 7F 21 47 3B C3 A7 66 77 8B A4 F2 42 A7 
	62 90 8D E0 10 9A 14 F4 1E 50 2A 3B EF 33 44 A9 
	70 9C F7 B2 E1 4F DC 97 B9 E3 90 58 51 4E 93 65 
	CB 6E D4 D9 91 B2 E1 7A DB FC DC E8 FD 5F DF BD 
	AA 90 25 98 16 4E 4D D4 FC EB 00 33 1D 07 C4 87 
	AB 38 5C 24 A4 91 FE 9B 9B 22 70 EA 92 B0 AC 2E 
	EF DE 3B 77 9B FF E0 D4 B9 01 13 1A 72 37 8A D1 
	CF B2 1D 53 FE BD 7E 7A C9 DB F9 14 FF 5D 27 93 
	08 AD F2 4A 81 7A 9D 13 5D 42 C5 5E 12 74 AA 63 
	AF 3D AD FF F1 09 49 1D 72 84 E1 9C 62 47 F5 A7 
	15 C0 B4 9D FD 2D 69 05 C2 BF 0E C3 66 CD 1D 40 
	07 EA AD 04 6D CC B0 64 58 33 71 F4 A4 94 6C 8E 
	12 DE 2C 44 67 1E 08 6F CC F4 CE 39 2D B2 F3 41 
	9F 3E EE E9 90 8B D4 00 45 89 31 20 BA 0C FB AF 
	52 8E A7 26 DC A1 D3 5A 1B B3 9C D4 4C C8 2D 28 
	0B 0F 6F 9F 39 7E 95 E2 CB D7 34 4D 16 33 EB B9 
	1B 25 1B B1 DD C2 D4 57 74 87 03 CC 14 5B 7B 1E 
	D1 5D B4 08 94 F8 ED 5D A1 9A DA EF 8D 56 CD D0 
	C8 9A 41 CB 8A 61 6B DB 42 8E 0E 8B BA 30 5D AC 
	A0 70 EF 0A 14 D6 4C FD F6 7A FF 17 A3 08 1E 8B 
	9B E0 4F 20 CD 66 CD D8 47 D1 39 72 5B 16 46 54 
	32 C0 1F AB 33 45 67 AA 1D 9F B9 D1 EB CB 39 45 
	23 14 B9 57 F5 39 B5 94 47 96 11 95 15 AE 57 87 
	5F DA 6B 4B 47 69 5A 89 C0 CF FD DE FD BE 7B 32 
	58 79 7A 53 28 2E 0D 37 73 42 1C 1B 54 76 1E 49 
	D0 8C D2 BE BE 05 C2 96 E4 71 13 7B 78 4E 1C 10 
	E7 D8 C6 80 BF B7 A3 7C 6D 78 79 13 13 81 23 BA 
	C1 35 B1 44 EC 0E 7E A0 8C E0 B0 ED A0 BF 70 D6 
	09 C6 2A 59 51 03 B8 AD 1E 8A 6F D6 46 F4 FB BC 
	CE 15 81 49 98 AE 4C 4B 8F 68 39 9A 75 5C AA 30 
	A3 49 26 16 81 36 F1 2D 94 9C AD AC D5 B1 EA DA 
	B4 22 47 6D 7D 82 BD 5E C6 50 4B 26 4A DC 54 D1 
	C7 9A 00 F9 7D CD 1F D5 5A 0C A1 C3 7E 19 47 50 
	29 4E 50 6C FA 2E 9D F9 04 22 A2 C3 88 D9 07 6E 
	F8 7D 0E 59 DE 77 A1 64 C3 87 6F 15 DD CC A9 46 
	67 7B F4 9D 67 2F 3C B2 25 0A 0F 2D E7 21 59 6A 
	05 73 97 F8 0F 0E 4A 9B A3 D1 D5 7D 4E FD 83 92 
	BF 9B 02 58 20 92 83 4C 5E 94 58 D3 A0 55 88 20 
	84 D1 A0 F5 0C 66 67 D7 80 16 CD 27 C2 24 53 70 
	47 85 A7 E3 4F 
TH2 (size 32):
	78 47 40 00 F7 B2 0E 88 FC 75 30 C6 68 D9 C9 8F 
	CF 1D 1B 59 F6 09 FE E7 F0 07 30 D4 77 64 65 2C 
TH_2 (size 32):
	78 47 40 00 F7 B2 0E 88 FC 75 30 C6 68 D9 C9 8F 
	CF 1D 1B 59 F6 09 FE E7 F0 07 30 D4 77 64 65 2C 
PRK_2e (first DH derivation) (size 32):
	25 29 EE 75 34 19 2A 28 A2 E6 5D 4E C6 29 C0 D9 
	86 DC 1F 9D 58 EC E6 99 0E 4F 4A FB 74 9D 32 26 
PRK_2e_b (second KEM derivation) (size 32):
	79 17 78 E4 99 AD 6C EB 84 0E A1 33 65 D6 05 C9 
	08 EF 9D E3 7F EF EB E1 22 18 2E 60 5A E1 81 85 
PRK_2e final (size 32):
	79 17 78 E4 99 AD 6C EB 84 0E A1 33 65 D6 05 C9 
	08 EF 9D E3 7F EF EB E1 22 18 2E 60 5A E1 81 85 
SHARED SECRET DERIVE
dh_secret (size 32):
	16 97 10 01 99 18 A8 54 1B A3 52 5C 8E 48 5B E2 
	43 22 F8 E6 D1 35 A8 7C 69 E0 DF CC 76 8E ED 5B 
SALT_3e2m or SALT4e3m (size 32):
	3B BE B6 82 F3 C2 80 EC 99 C2 7C 52 F5 EB 58 46 
	F9 A3 30 64 69 C5 C7 B4 CE F6 90 6D 6D E9 49 15 
prk_3e2m (size 32):
	28 1E 7C 16 AA 0D F4 7F 61 42 73 AC 62 20 97 85 
	D6 20 85 52 B5 CF F0 91 4D 9E 5D C9 DD 8E 5D 6B 
Signature len 500 - 64
TMP size: 32
CBOR ENCODE ERROR: 0
MAX ID CRED: 400 cred len 3
MAX CRED: 765 cred len 3
PK SIZE: 65
SIGNATURE SIZE: 500
CONTEXT_MAC_SIZE: 1204
CONTEXT_MAC len: 42
CR len: 2
TH enc len: 34
TMP size: 1
CBOR ENCODE ERROR: 0
MAC context (size 42):
	41 A1 A1 04 01 58 20 78 47 40 00 F7 B2 0E 88 FC 
	75 30 C6 68 D9 C9 8F CF 1D 1B 59 F6 09 FE E7 F0 
	07 30 D4 77 64 65 2C A1 04 01 
MAC 2/3 (size 8):
	AA 5E F6 C6 CD 24 9C EE 
TMP size: 8
CBOR ENCODE ERROR: 0
TMP size: 1
CBOR ENCODE ERROR: 0
kid (size 1):
	01 
KEYSTREAM_2 (size 12):
	19 77 C6 64 C7 62 96 44 D5 D6 52 50 
ciphertext_2/3/4 (size 12):
	58 D6 C7 2C 6D 3C 60 82 18 F2 CE BE 
TMP size: 1132
CBOR ENCODE ERROR: 0
message_2 (CBOR Sequence) (size 1135):
	59 04 6C 27 B1 D6 35 A6 63 38 2D 99 E0 31 B3 E9 
	A5 D6 82 A0 95 45 04 93 56 AF 6F 13 54 DE D1 3E 
	D2 9C 72 95 71 5A E4 DE 4B BF A7 F8 61 C8 E7 7C 
	68 2F CC 4B 4E 39 6D 92 75 20 42 89 63 BE 46 95 
	C1 96 DF EC 2F 23 49 22 13 35 AF 1C 13 77 07 7C 
	F8 CC 55 CD 2C 4E 54 F9 F5 BA AE 10 0E DA 1E 49 
	4A CE 8F C5 DA BD AE 85 26 B3 7E F9 90 57 17 44 
	95 7A E0 41 8A 8C 20 9C 7A 41 B7 CD 8F C9 09 C8 
	59 04 84 0C EE BE A7 FB 53 63 37 65 94 97 E6 BF 
	D4 9E 50 C9 E8 3D 08 9C 68 99 CF B7 78 B3 5F 37 
	2C E7 9E 72 3D A3 0A 20 76 1A A8 E4 6F 95 C7 F1 
	F1 53 89 59 D4 BA DE E9 30 6D 48 2B 2C 84 C5 98 
	F9 79 B4 2E 66 E1 38 CD AB F6 CA E1 39 F1 FD 33 
	9B 4B E5 07 BB 33 92 4E AE 8E C0 64 2B FA 26 35 
	78 BB 8E 4E ED F3 94 92 5F C5 B6 C1 D2 19 87 E8 
	6B A0 76 B4 11 48 D2 56 B8 1F 3C B2 54 70 2B 71 
	33 B6 75 B5 06 19 A4 52 82 1B 08 AE 32 74 01 CC 
	00 EC 45 12 CC 04 A9 21 C4 82 E5 71 56 35 13 1A 
	5F 68 92 C2 F7 6B 40 23 44 A2 E8 35 1E 26 D4 61 
	2F 15 FA C8 DE 21 BA 3E 3E 47 FF AE 3F 27 34 8E 
	E6 7B B1 7E FF C2 CD 40 15 68 6B 55 BC 6A B6 EB 
	68 91 00 CC 2D 1E 7C 44 71 EB 06 BA A3 A6 E9 0E 
	B9 80 62 44 6E A9 3C 05 30 2E 20 AD FC 3D F8 E9 
	C8 92 EF DB 89 08 3A 90 FD FB 3C 48 39 0B DF 72 
	09 BD F0 D5 12 39 E8 1B 73 B4 B7 10 F0 A6 F5 7E 
	DE 70 A3 B8 0B 80 52 48 D8 A7 56 5F 58 6E 65 C0 
	27 8B AC 68 FD 14 32 06 C9 3F 0F D9 89 08 AC 57 
	E4 04 05 B0 4E 60 5A B2 DC 27 0E DB 79 EE 1A 26 
	B2 77 40 EA 0E B3 32 01 29 DF 66 11 FA 9A 27 EA 
	1E 02 4C 8F 0C 29 41 80 0C AA E4 DF C1 31 5B 43 
	5A 2B B1 9F ED E9 94 FA E5 BD 52 B0 CB 09 65 B5 
	41 09 66 75 D0 40 A1 0B 6C CE 0B 0B D0 B3 DE 2A 
	46 75 04 EC FE B5 90 C2 C1 14 46 B4 EA 0A 14 A6 
	1A 08 24 7F 21 47 3B C3 A7 66 77 8B A4 F2 42 A7 
	62 90 8D E0 10 9A 14 F4 1E 50 2A 3B EF 33 44 A9 
	70 9C F7 B2 E1 4F DC 97 B9 E3 90 58 51 4E 93 65 
	CB 6E D4 D9 91 B2 E1 7A DB FC DC E8 FD 5F DF BD 
	AA 90 25 98 16 4E 4D D4 FC EB 00 33 1D 07 C4 87 
	AB 38 5C 24 A4 91 FE 9B 9B 22 70 EA 92 B0 AC 2E 
	EF DE 3B 77 9B FF E0 D4 B9 01 13 1A 72 37 8A D1 
	CF B2 1D 53 FE BD 7E 7A C9 DB F9 14 FF 5D 27 93 
	08 AD F2 4A 81 7A 9D 13 5D 42 C5 5E 12 74 AA 63 
	AF 3D AD FF F1 09 49 1D 72 84 E1 9C 62 47 F5 A7 
	15 C0 B4 9D FD 2D 69 05 C2 BF 0E C3 66 CD 1D 40 
	07 EA AD 04 6D CC B0 64 58 33 71 F4 A4 94 6C 8E 
	12 DE 2C 44 67 1E 08 6F CC F4 CE 39 2D B2 F3 41 
	9F 3E EE E9 90 8B D4 00 45 89 31 20 BA 0C FB AF 
	52 8E A7 26 DC A1 D3 5A 1B B3 9C D4 4C C8 2D 28 
	0B 0F 6F 9F 39 7E 95 E2 CB D7 34 4D 16 33 EB B9 
	1B 25 1B B1 DD C2 D4 57 74 87 03 CC 14 5B 7B 1E 
	D1 5D B4 08 94 F8 ED 5D A1 9A DA EF 8D 56 CD D0 
	C8 9A 41 CB 8A 61 6B DB 42 8E 0E 8B BA 30 5D AC 
	A0 70 EF 0A 14 D6 4C FD F6 7A FF 17 A3 08 1E 8B 
	9B E0 4F 20 CD 66 CD D8 47 D1 39 72 5B 16 46 54 
	32 C0 1F AB 33 45 67 AA 1D 9F B9 D1 EB CB 39 45 
	23 14 B9 57 F5 39 B5 94 47 96 11 95 15 AE 57 87 
	5F DA 6B 4B 47 69 5A 89 C0 CF FD DE FD BE 7B 32 
	58 79 7A 53 28 2E 0D 37 73 42 1C 1B 54 76 1E 49 
	D0 8C D2 BE BE 05 C2 96 E4 71 13 7B 78 4E 1C 10 
	E7 D8 C6 80 BF B7 A3 7C 6D 78 79 13 13 81 23 BA 
	C1 35 B1 44 EC 0E 7E A0 8C E0 B0 ED A0 BF 70 D6 
	09 C6 2A 59 51 03 B8 AD 1E 8A 6F D6 46 F4 FB BC 
	CE 15 81 49 98 AE 4C 4B 8F 68 39 9A 75 5C AA 30 
	A3 49 26 16 81 36 F1 2D 94 9C AD AC D5 B1 EA DA 
	B4 22 47 6D 7D 82 BD 5E C6 50 4B 26 4A DC 54 D1 
	C7 9A 00 F9 7D CD 1F D5 5A 0C A1 C3 7E 19 47 50 
	29 4E 50 6C FA 2E 9D F9 04 22 A2 C3 88 D9 07 6E 
	F8 7D 0E 59 DE 77 A1 64 C3 87 6F 15 DD CC A9 46 
	67 7B F4 9D 67 2F 3C B2 25 0A 0F 2D E7 21 59 6A 
	05 73 97 F8 0F 0E 4A 9B A3 D1 D5 7D 4E FD 83 92 
	BF 9B 02 58 D6 C7 2C 6D 3C 60 82 18 F2 CE BE 
th23 (size 32):
	78 47 40 00 F7 B2 0E 88 FC 75 30 C6 68 D9 C9 8F 
	CF 1D 1B 59 F6 09 FE E7 F0 07 30 D4 77 64 65 2C 
plaintext_23 (size 12):
	41 A1 01 48 AA 5E F6 C6 CD 24 9C EE 
cred (size 3):
	A1 04 01 
TMP size: 32
CBOR ENCODE ERROR: 0
Encoded
memcopy1
memcopy2
Input to calculate TH_3/TH_4 (CBOR Sequence) (size 49):
	58 20 78 47 40 00 F7 B2 0E 88 FC 75 30 C6 68 D9 
	C9 8F CF 1D 1B 59 F6 09 FE E7 F0 07 30 D4 77 64 
	65 2C 41 A1 01 48 AA 5E F6 C6 CD 24 9C EE A1 04 
	01 
TH34 (size 32):
	C0 C5 2E 32 45 53 93 63 0A 31 D6 16 6A EE 4A FD 
	CA 33 87 7E 13 E8 83 BF 9C 14 70 DF BD 70 FD 30 
msg2 generated
msg2 (size 1135):
	59 04 6C 27 B1 D6 35 A6 63 38 2D 99 E0 31 B3 E9 
	A5 D6 82 A0 95 45 04 93 56 AF 6F 13 54 DE D1 3E 
	D2 9C 72 95 71 5A E4 DE 4B BF A7 F8 61 C8 E7 7C 
	68 2F CC 4B 4E 39 6D 92 75 20 42 89 63 BE 46 95 
	C1 96 DF EC 2F 23 49 22 13 35 AF 1C 13 77 07 7C 
	F8 CC 55 CD 2C 4E 54 F9 F5 BA AE 10 0E DA 1E 49 
	4A CE 8F C5 DA BD AE 85 26 B3 7E F9 90 57 17 44 
	95 7A E0 41 8A 8C 20 9C 7A 41 B7 CD 8F C9 09 C8 
	59 04 84 0C EE BE A7 FB 53 63 37 65 94 97 E6 BF 
	D4 9E 50 C9 E8 3D 08 9C 68 99 CF B7 78 B3 5F 37 
	2C E7 9E 72 3D A3 0A 20 76 1A A8 E4 6F 95 C7 F1 
	F1 53 89 59 D4 BA DE E9 30 6D 48 2B 2C 84 C5 98 
	F9 79 B4 2E 66 E1 38 CD AB F6 CA E1 39 F1 FD 33 
	9B 4B E5 07 BB 33 92 4E AE 8E C0 64 2B FA 26 35 
	78 BB 8E 4E ED F3 94 92 5F C5 B6 C1 D2 19 87 E8 
	6B A0 76 B4 11 48 D2 56 B8 1F 3C B2 54 70 2B 71 
	33 B6 75 B5 06 19 A4 52 82 1B 08 AE 32 74 01 CC 
	00 EC 45 12 CC 04 A9 21 C4 82 E5 71 56 35 13 1A 
	5F 68 92 C2 F7 6B 40 23 44 A2 E8 35 1E 26 D4 61 
	2F 15 FA C8 DE 21 BA 3E 3E 47 FF AE 3F 27 34 8E 
	E6 7B B1 7E FF C2 CD 40 15 68 6B 55 BC 6A B6 EB 
	68 91 00 CC 2D 1E 7C 44 71 EB 06 BA A3 A6 E9 0E 
	B9 80 62 44 6E A9 3C 05 30 2E 20 AD FC 3D F8 E9 
	C8 92 EF DB 89 08 3A 90 FD FB 3C 48 39 0B DF 72 
	09 BD F0 D5 12 39 E8 1B 73 B4 B7 10 F0 A6 F5 7E 
	DE 70 A3 B8 0B 80 52 48 D8 A7 56 5F 58 6E 65 C0 
	27 8B AC 68 FD 14 32 06 C9 3F 0F D9 89 08 AC 57 
	E4 04 05 B0 4E 60 5A B2 DC 27 0E DB 79 EE 1A 26 
	B2 77 40 EA 0E B3 32 01 29 DF 66 11 FA 9A 27 EA 
	1E 02 4C 8F 0C 29 41 80 0C AA E4 DF C1 31 5B 43 
	5A 2B B1 9F ED E9 94 FA E5 BD 52 B0 CB 09 65 B5 
	41 09 66 75 D0 40 A1 0B 6C CE 0B 0B D0 B3 DE 2A 
	46 75 04 EC FE B5 90 C2 C1 14 46 B4 EA 0A 14 A6 
	1A 08 24 7F 21 47 3B C3 A7 66 77 8B A4 F2 42 A7 
	62 90 8D E0 10 9A 14 F4 1E 50 2A 3B EF 33 44 A9 
	70 9C F7 B2 E1 4F DC 97 B9 E3 90 58 51 4E 93 65 
	CB 6E D4 D9 91 B2 E1 7A DB FC DC E8 FD 5F DF BD 
	AA 90 25 98 16 4E 4D D4 FC EB 00 33 1D 07 C4 87 
	AB 38 5C 24 A4 91 FE 9B 9B 22 70 EA 92 B0 AC 2E 
	EF DE 3B 77 9B FF E0 D4 B9 01 13 1A 72 37 8A D1 
	CF B2 1D 53 FE BD 7E 7A C9 DB F9 14 FF 5D 27 93 
	08 AD F2 4A 81 7A 9D 13 5D 42 C5 5E 12 74 AA 63 
	AF 3D AD FF F1 09 49 1D 72 84 E1 9C 62 47 F5 A7 
	15 C0 B4 9D FD 2D 69 05 C2 BF 0E C3 66 CD 1D 40 
	07 EA AD 04 6D CC B0 64 58 33 71 F4 A4 94 6C 8E 
	12 DE 2C 44 67 1E 08 6F CC F4 CE 39 2D B2 F3 41 
	9F 3E EE E9 90 8B D4 00 45 89 31 20 BA 0C FB AF 
	52 8E A7 26 DC A1 D3 5A 1B B3 9C D4 4C C8 2D 28 
	0B 0F 6F 9F 39 7E 95 E2 CB D7 34 4D 16 33 EB B9 
	1B 25 1B B1 DD C2 D4 57 74 87 03 CC 14 5B 7B 1E 
	D1 5D B4 08 94 F8 ED 5D A1 9A DA EF 8D 56 CD D0 
	C8 9A 41 CB 8A 61 6B DB 42 8E 0E 8B BA 30 5D AC 
	A0 70 EF 0A 14 D6 4C FD F6 7A FF 17 A3 08 1E 8B 
	9B E0 4F 20 CD 66 CD D8 47 D1 39 72 5B 16 46 54 
	32 C0 1F AB 33 45 67 AA 1D 9F B9 D1 EB CB 39 45 
	23 14 B9 57 F5 39 B5 94 47 96 11 95 15 AE 57 87 
	5F DA 6B 4B 47 69 5A 89 C0 CF FD DE FD BE 7B 32 
	58 79 7A 53 28 2E 0D 37 73 42 1C 1B 54 76 1E 49 
	D0 8C D2 BE BE 05 C2 96 E4 71 13 7B 78 4E 1C 10 
	E7 D8 C6 80 BF B7 A3 7C 6D 78 79 13 13 81 23 BA 
	C1 35 B1 44 EC 0E 7E A0 8C E0 B0 ED A0 BF 70 D6 
	09 C6 2A 59 51 03 B8 AD 1E 8A 6F D6 46 F4 FB BC 
	CE 15 81 49 98 AE 4C 4B 8F 68 39 9A 75 5C AA 30 
	A3 49 26 16 81 36 F1 2D 94 9C AD AC D5 B1 EA DA 
	B4 22 47 6D 7D 82 BD 5E C6 50 4B 26 4A DC 54 D1 
	C7 9A 00 F9 7D CD 1F D5 5A 0C A1 C3 7E 19 47 50 
	29 4E 50 6C FA 2E 9D F9 04 22 A2 C3 88 D9 07 6E 
	F8 7D 0E 59 DE 77 A1 64 C3 87 6F 15 DD CC A9 46 
	67 7B F4 9D 67 2F 3C B2 25 0A 0F 2D E7 21 59 6A 
	05 73 97 F8 0F 0E 4A 9B A3 D1 D5 7D 4E FD 83 92 
	BF 9B 02 58 D6 C7 2C 6D 3C 60 82 18 F2 CE BE 
ead prcessed
[resp] tx sent 1135 bytes
mesage tx
waiting to receive
[resp] rx got 21 bytes
received
CIPHERTEXT_3 (size 20):
	94 6B 79 E0 35 EA 1B B3 CC 1F 54 62 E3 62 63 52 
	11 09 00 7F 
PLAINTEXT3_SIZE: 903
ctxt3.len: 20
K_3 (size 16):
	49 7E AA 8E 6D DA FE 62 AD 2D A5 48 08 71 44 2C 
IV_3 (size 13):
	06 0C 2E F1 88 08 A8 7B 96 2B CB 4C 11 
associated_data (size 45):
	83 68 45 6E 63 72 79 70 74 30 40 58 20 C0 C5 2E 
	32 45 53 93 63 0A 31 D6 16 6A EE 4A FD CA 33 87 
	7E 13 E8 83 BF 9C 14 70 DF BD 70 FD 30 
plaintext (size 12):
	A1 04 00 48 02 A0 D1 F8 EE 4D 55 5C 
ID_CRED (size 3):
	A1 04 00 
sign_or_mac (size 8):
	02 A0 D1 F8 EE 4D 55 5C 
[cred] lookup ID_CRED len=3
A10400
[cred] cred_array entries: 1
[cred] candidate[0] len=3 A10400
SHARED SECRET DERIVE
dh_secret (size 32):
	6C AA 7E E1 BA D2 D5 D5 C3 6D 15 AA 95 09 CF D4 
	84 71 E2 B0 43 B8 D2 92 C7 78 9F 3C 1B 1B 6C 3F 
SALT_3e2m or SALT4e3m (size 32):
	C3 2F 4B C4 77 EA AC B1 FF E8 CE 7B 9B 06 46 D0 
	EE 0F 44 35 ED 0B 26 17 1F 8A 1D F4 1C F4 35 DE 
prk_4e3m (size 32):
	17 4D CB EA 6A 9A C9 A5 96 35 85 63 90 13 28 AC 
	26 20 8C D4 98 72 3F 21 2C AC D5 13 7E 40 B2 07 
TMP size: 32
CBOR ENCODE ERROR: 0
MAX ID CRED: 400 cred len 3
MAX CRED: 765 cred len 3
PK SIZE: 65
SIGNATURE SIZE: 500
CONTEXT_MAC_SIZE: 1204
CONTEXT_MAC len: 41
CR len: 1
TH enc len: 34
MAC context (size 40):
	A1 04 00 58 20 C0 C5 2E 32 45 53 93 63 0A 31 D6 
	16 6A EE 4A FD CA 33 87 7E 13 E8 83 BF 9C 14 70 
	DF BD 70 FD 30 A1 04 00 
MAC 2/3 (size 8):
	02 A0 D1 F8 EE 4D 55 5C 
th23 (size 32):
	C0 C5 2E 32 45 53 93 63 0A 31 D6 16 6A EE 4A FD 
	CA 33 87 7E 13 E8 83 BF 9C 14 70 DF BD 70 FD 30 
plaintext_23 (size 12):
	A1 04 00 48 02 A0 D1 F8 EE 4D 55 5C 
cred (size 3):
	A1 04 00 
TMP size: 32
CBOR ENCODE ERROR: 0
Encoded
memcopy1
memcopy2
Input to calculate TH_3/TH_4 (CBOR Sequence) (size 49):
	58 20 C0 C5 2E 32 45 53 93 63 0A 31 D6 16 6A EE 
	4A FD CA 33 87 7E 13 E8 83 BF 9C 14 70 DF BD 70 
	FD 30 A1 04 00 48 02 A0 D1 F8 EE 4D 55 5C A1 04 
	00 
TH34 (size 32):
	8B D9 2E A2 F9 B3 9F B0 FB 02 03 56 A4 75 72 81 
	F0 3B 24 CB 7F 02 84 EA 0B 50 C4 AB EC 18 E2 6E 
[resp] edhoc_responder_run completed
PRK_out (size 32):
	AC C3 44 EC BE DC 4A D7 EF 2F 25 DB 04 EB 4A AC 
	1F AB 51 6C 8D AC 03 B2 63 82 36 10 DB 74 AF E9 
prk_exporter (size 32):
	16 AA D7 25 35 2E 93 26 18 27 09 E6 C1 B5 A5 23 
	4A FF B2 6D 45 FF 60 4B 08 15 21 2A F6 BE C3 40 
OSCORE Master Secret (size 16):
	34 90 12 37 80 E9 2B 3F 04 47 A8 26 01 FD E9 18 
OSCORE Master Salt (size 8):
	A2 5A F7 2E C7 E4 5B 03 
