[resp] get_suite
[resp] suite ready
IPv4 server with address 0.0.0.0 started!
[resp] socket ready
[resp] static DH keygen
[resp] static initiator pk
[resp] ephemeral DH keygen
[resp] starting edhoc_responder_run
[resp] rx got 1223 bytes
message_1 (CBOR Sequence) (size 1223):
	03 15 59 04 C0 FB B4 6F DD 17 E8 B7 0E C5 98 DE 
	CB B6 C8 4A 15 29 B0 DF CF 9E DE D9 C5 F8 D3 BF 
	64 F5 52 D2 10 F4 AB 0D 7A 38 99 70 0C 4A 05 7B 
	CB C1 35 80 0E 05 CA FD 40 9E E5 00 1B 1F 32 1B 
	BA 86 4F 46 13 AB 72 59 42 83 52 A0 93 92 7E 96 
	6A 3E E6 FB A3 AC F1 B5 48 E2 60 AB 7B BE 41 10 
	15 0C 43 8A B3 F4 2F 79 F3 C1 69 61 5E 00 B7 9E 
	DF E1 5E F6 57 16 AE EB C6 ED 3B 5F D2 0A AD 55 
	DA 15 E8 33 B1 7A 59 04 09 B5 8B F9 42 8D 84 E2 
	67 9A C6 CE F3 08 0C 5D 26 AA 6D A2 08 F8 01 3C 
	76 22 7E 79 A5 97 7E F4 7A 01 CC 99 61 00 A4 D8 
	61 38 FA 06 CF DF 32 01 BD 51 A9 30 D2 CF 5D 2B 
	A1 03 39 13 49 B9 58 15 93 10 56 EA 1B B3 90 1C 
	34 4C 5D F0 59 85 15 E4 88 20 27 0B 7B E5 50 39 
	21 55 22 8B 86 E7 96 3C 9B C9 B0 85 CC 33 03 DA 
	8F 94 32 78 51 54 43 A2 2C B4 16 0C 8C F5 56 0E 
	EC 20 C8 EE 67 BD 85 A1 60 0B 28 29 D1 F7 94 8D 
	24 14 27 01 32 D3 40 7D A0 91 A8 D2 C9 96 2F F7 
	3D A9 27 0A 0B 27 2F 67 C2 C6 6C C2 6F 9C E4 63 
	08 54 7A 6F 80 79 0A C2 61 3F 35 86 16 3A 5D 44 
	C2 03 E4 71 73 2F D2 A3 A3 10 43 AA 50 65 DB 7C 
	97 75 FA 79 34 F2 44 EA 36 AB F5 A5 25 29 E6 36 
	BC 36 31 71 29 4D 24 03 89 95 11 4C 1D 1C 33 AF 
	B1 31 4E 54 7F 72 62 81 05 EB 4F 65 A8 AB 7B 9B 
	CC 41 49 69 FE 38 83 96 96 A9 75 EB 3D 9E D6 AB 
	10 27 77 DC 81 B8 68 A5 13 03 E4 8A 59 91 1F A7 
	1B 59 74 A6 74 00 BD 01 C1 9A 8D 7B D2 68 F4 62 
	BE 6E 65 4F 68 22 B6 D9 3B 15 55 62 B8 43 22 CB 
	FF DA 23 91 7C 3A 19 40 59 45 6C BA C1 DA 64 0C 
	40 2D 77 29 22 DA A2 17 62 5C 75 2D E6 4F 59 F0 
	BD 76 03 55 AF 00 0D D5 4A 3E 12 38 0C BF 02 03 
	55 C7 11 3E 11 5E 77 46 24 A5 33 67 EF 93 9B 48 
	13 5E D1 A5 AE 5D C9 0E 0A 9C B7 1F 82 75 7D 6C 
	2C A8 8C 12 39 E4 43 C3 D2 40 37 4C 9E 08 12 2F 
	F1 E9 AF CC 1B A8 28 BA 8C F9 72 5F 11 0C C6 CA 
	D6 2B 25 29 72 1E DA B2 87 89 CD BC 22 4E A5 70 
	0E 20 7A 25 99 D7 A9 7E 88 28 BD 19 93 E9 B9 4D 
	34 01 03 21 77 8F DD 02 B6 E5 81 98 4D D1 4E 5E 
	80 37 32 EA 99 02 72 6E E3 77 99 D2 C0 8E D3 33 
	52 AA 06 4E 2E C5 76 8C 02 5D 49 86 50 45 41 43 
	67 F5 94 D5 37 87 F8 D2 32 52 49 63 8B 63 A0 08 
	73 79 11 6B 99 44 CB 47 E3 80 26 05 E0 58 F6 2B 
	70 39 97 36 72 03 76 3D 43 13 74 41 A1 3C D3 91 
	29 4B 71 32 CC AF 3C 23 AA DF E7 0D 4F 3B 06 88 
	48 9C 2F 66 7F 5F 73 93 76 10 14 AB B3 03 CA E9 
	CE 01 47 28 F0 11 CB F4 D2 C5 4E BB 7A 28 AC 06 
	B6 33 6F 01 7A 53 45 E2 86 8F 33 42 BE 55 58 B5 
	35 C5 92 E7 67 3D 14 A8 7F CC C5 A5 11 7E AA 52 
	20 25 95 52 EE 86 73 7A 07 7B A2 E4 1A 18 25 B2 
	D0 D7 BE 56 0C 67 EC 19 6C 6A A3 9A 58 A0 9B C5 
	64 92 1F D0 42 0B DC 67 1F D9 C2 9E F1 27 11 06 
	B2 27 F4 96 0B 01 60 47 19 BB A6 F2 A4 A1 58 82 
	40 9B 10 41 84 17 32 D7 6E 79 B2 62 8A 65 55 8B 
	9B A7 81 75 27 F2 32 1A 64 02 66 48 BB C9 B8 58 
	72 B6 60 88 F3 F6 31 D8 B2 7B E6 77 C2 3D 49 CF 
	5D DB 74 07 08 65 23 23 C7 F6 21 4B 31 30 58 40 
	D0 7C 76 91 B8 7C D2 3C 38 D3 29 C4 88 0E 8F A0 
	B3 21 71 05 01 50 C2 65 35 BC 7B 93 17 7F 68 7A 
	89 D8 86 78 F1 58 83 6C 82 87 B5 94 E3 88 C5 81 
	27 A1 1E C6 6C 04 68 A7 A4 F8 7E 5C 59 12 96 F5 
	76 3B C9 05 38 C9 97 C6 B9 20 F4 01 63 60 8B 4F 
	82 63 57 89 C4 16 13 29 40 56 84 CD CB 8A 45 AF 
	B7 39 4A 56 56 75 C1 36 1C F3 87 FC E3 B6 93 D8 
	3B 1A AA 99 DC 88 6B 87 3C A5 2F E1 33 08 B6 A5 
	D4 B8 2E 4E A1 1A 1E AC 11 C5 45 3B ED 42 09 E0 
	BB 66 BD 58 CC 36 EB 1E AE 30 68 7A 69 2F A2 FC 
	4A AA E8 64 9C 52 76 72 13 00 AA 95 43 45 82 00 
	88 BB BC 0B 02 B7 67 18 BE 7A C5 6E 95 A5 0E 63 
	2C 21 95 E5 B1 1C F8 95 68 F4 B9 42 4A B1 53 4A 
	62 C9 36 B3 BD 03 C4 72 2A C9 A9 51 79 6A E8 34 
	B4 A9 6C 75 79 5A 9C 6A 47 CF 2B 09 96 75 68 55 
	45 64 3A 73 2E 0D 49 6E 70 B5 5A ED 62 BC 2D 32 
	C8 F7 83 B3 41 93 72 01 97 B2 C9 F6 1B B9 40 7E 
	97 B9 1C FB 79 09 BA EC 66 4E 06 AA 32 61 C6 93 
	93 10 9E A7 38 75 1D 80 8F A3 90 1A 23 17 65 93 
	90 24 3A 3C CA 9E 04 A4 A5 78 1F 09 2F C2 54 0E 
	5B 84 31 75 01 41 49 
msg1  (size 1223):
	03 15 59 04 C0 FB B4 6F DD 17 E8 B7 0E C5 98 DE 
	CB B6 C8 4A 15 29 B0 DF CF 9E DE D9 C5 F8 D3 BF 
	64 F5 52 D2 10 F4 AB 0D 7A 38 99 70 0C 4A 05 7B 
	CB C1 35 80 0E 05 CA FD 40 9E E5 00 1B 1F 32 1B 
	BA 86 4F 46 13 AB 72 59 42 83 52 A0 93 92 7E 96 
	6A 3E E6 FB A3 AC F1 B5 48 E2 60 AB 7B BE 41 10 
	15 0C 43 8A B3 F4 2F 79 F3 C1 69 61 5E 00 B7 9E 
	DF E1 5E F6 57 16 AE EB C6 ED 3B 5F D2 0A AD 55 
	DA 15 E8 33 B1 7A 59 04 09 B5 8B F9 42 8D 84 E2 
	67 9A C6 CE F3 08 0C 5D 26 AA 6D A2 08 F8 01 3C 
	76 22 7E 79 A5 97 7E F4 7A 01 CC 99 61 00 A4 D8 
	61 38 FA 06 CF DF 32 01 BD 51 A9 30 D2 CF 5D 2B 
	A1 03 39 13 49 B9 58 15 93 10 56 EA 1B B3 90 1C 
	34 4C 5D F0 59 85 15 E4 88 20 27 0B 7B E5 50 39 
	21 55 22 8B 86 E7 96 3C 9B C9 B0 85 CC 33 03 DA 
	8F 94 32 78 51 54 43 A2 2C B4 16 0C 8C F5 56 0E 
	EC 20 C8 EE 67 BD 85 A1 60 0B 28 29 D1 F7 94 8D 
	24 14 27 01 32 D3 40 7D A0 91 A8 D2 C9 96 2F F7 
	3D A9 27 0A 0B 27 2F 67 C2 C6 6C C2 6F 9C E4 63 
	08 54 7A 6F 80 79 0A C2 61 3F 35 86 16 3A 5D 44 
	C2 03 E4 71 73 2F D2 A3 A3 10 43 AA 50 65 DB 7C 
	97 75 FA 79 34 F2 44 EA 36 AB F5 A5 25 29 E6 36 
	BC 36 31 71 29 4D 24 03 89 95 11 4C 1D 1C 33 AF 
	B1 31 4E 54 7F 72 62 81 05 EB 4F 65 A8 AB 7B 9B 
	CC 41 49 69 FE 38 83 96 96 A9 75 EB 3D 9E D6 AB 
	10 27 77 DC 81 B8 68 A5 13 03 E4 8A 59 91 1F A7 
	1B 59 74 A6 74 00 BD 01 C1 9A 8D 7B D2 68 F4 62 
	BE 6E 65 4F 68 22 B6 D9 3B 15 55 62 B8 43 22 CB 
	FF DA 23 91 7C 3A 19 40 59 45 6C BA C1 DA 64 0C 
	40 2D 77 29 22 DA A2 17 62 5C 75 2D E6 4F 59 F0 
	BD 76 03 55 AF 00 0D D5 4A 3E 12 38 0C BF 02 03 
	55 C7 11 3E 11 5E 77 46 24 A5 33 67 EF 93 9B 48 
	13 5E D1 A5 AE 5D C9 0E 0A 9C B7 1F 82 75 7D 6C 
	2C A8 8C 12 39 E4 43 C3 D2 40 37 4C 9E 08 12 2F 
	F1 E9 AF CC 1B A8 28 BA 8C F9 72 5F 11 0C C6 CA 
	D6 2B 25 29 72 1E DA B2 87 89 CD BC 22 4E A5 70 
	0E 20 7A 25 99 D7 A9 7E 88 28 BD 19 93 E9 B9 4D 
	34 01 03 21 77 8F DD 02 B6 E5 81 98 4D D1 4E 5E 
	80 37 32 EA 99 02 72 6E E3 77 99 D2 C0 8E D3 33 
	52 AA 06 4E 2E C5 76 8C 02 5D 49 86 50 45 41 43 
	67 F5 94 D5 37 87 F8 D2 32 52 49 63 8B 63 A0 08 
	73 79 11 6B 99 44 CB 47 E3 80 26 05 E0 58 F6 2B 
	70 39 97 36 72 03 76 3D 43 13 74 41 A1 3C D3 91 
	29 4B 71 32 CC AF 3C 23 AA DF E7 0D 4F 3B 06 88 
	48 9C 2F 66 7F 5F 73 93 76 10 14 AB B3 03 CA E9 
	CE 01 47 28 F0 11 CB F4 D2 C5 4E BB 7A 28 AC 06 
	B6 33 6F 01 7A 53 45 E2 86 8F 33 42 BE 55 58 B5 
	35 C5 92 E7 67 3D 14 A8 7F CC C5 A5 11 7E AA 52 
	20 25 95 52 EE 86 73 7A 07 7B A2 E4 1A 18 25 B2 
	D0 D7 BE 56 0C 67 EC 19 6C 6A A3 9A 58 A0 9B C5 
	64 92 1F D0 42 0B DC 67 1F D9 C2 9E F1 27 11 06 
	B2 27 F4 96 0B 01 60 47 19 BB A6 F2 A4 A1 58 82 
	40 9B 10 41 84 17 32 D7 6E 79 B2 62 8A 65 55 8B 
	9B A7 81 75 27 F2 32 1A 64 02 66 48 BB C9 B8 58 
	72 B6 60 88 F3 F6 31 D8 B2 7B E6 77 C2 3D 49 CF 
	5D DB 74 07 08 65 23 23 C7 F6 21 4B 31 30 58 40 
	D0 7C 76 91 B8 7C D2 3C 38 D3 29 C4 88 0E 8F A0 
	B3 21 71 05 01 50 C2 65 35 BC 7B 93 17 7F 68 7A 
	89 D8 86 78 F1 58 83 6C 82 87 B5 94 E3 88 C5 81 
	27 A1 1E C6 6C 04 68 A7 A4 F8 7E 5C 59 12 96 F5 
	76 3B C9 05 38 C9 97 C6 B9 20 F4 01 63 60 8B 4F 
	82 63 57 89 C4 16 13 29 40 56 84 CD CB 8A 45 AF 
	B7 39 4A 56 56 75 C1 36 1C F3 87 FC E3 B6 93 D8 
	3B 1A AA 99 DC 88 6B 87 3C A5 2F E1 33 08 B6 A5 
	D4 B8 2E 4E A1 1A 1E AC 11 C5 45 3B ED 42 09 E0 
	BB 66 BD 58 CC 36 EB 1E AE 30 68 7A 69 2F A2 FC 
	4A AA E8 64 9C 52 76 72 13 00 AA 95 43 45 82 00 
	88 BB BC 0B 02 B7 67 18 BE 7A C5 6E 95 A5 0E 63 
	2C 21 95 E5 B1 1C F8 95 68 F4 B9 42 4A B1 53 4A 
	62 C9 36 B3 BD 03 C4 72 2A C9 A9 51 79 6A E8 34 
	B4 A9 6C 75 79 5A 9C 6A 47 CF 2B 09 96 75 68 55 
	45 64 3A 73 2E 0D 49 6E 70 B5 5A ED 62 BC 2D 32 
	C8 F7 83 B3 41 93 72 01 97 B2 C9 F6 1B B9 40 7E 
	97 B9 1C FB 79 09 BA EC 66 4E 06 AA 32 61 C6 93 
	93 10 9E A7 38 75 1D 80 8F A3 90 1A 23 17 65 93 
	90 24 3A 3C CA 9E 04 A4 A5 78 1F 09 2F C2 54 0E 
	5B 84 31 75 01 41 49 
msg1 METHOD: 3
msg1 SUITES_I (size 1):
	15 
g_x len 1216
g_x len message 1 1216
msg1 G_X (size 1216):
	FB B4 6F DD 17 E8 B7 0E C5 98 DE CB B6 C8 4A 15 
	29 B0 DF CF 9E DE D9 C5 F8 D3 BF 64 F5 52 D2 10 
	F4 AB 0D 7A 38 99 70 0C 4A 05 7B CB C1 35 80 0E 
	05 CA FD 40 9E E5 00 1B 1F 32 1B BA 86 4F 46 13 
	AB 72 59 42 83 52 A0 93 92 7E 96 6A 3E E6 FB A3 
	AC F1 B5 48 E2 60 AB 7B BE 41 10 15 0C 43 8A B3 
	F4 2F 79 F3 C1 69 61 5E 00 B7 9E DF E1 5E F6 57 
	16 AE EB C6 ED 3B 5F D2 0A AD 55 DA 15 E8 33 B1 
	7A 59 04 09 B5 8B F9 42 8D 84 E2 67 9A C6 CE F3 
	08 0C 5D 26 AA 6D A2 08 F8 01 3C 76 22 7E 79 A5 
	97 7E F4 7A 01 CC 99 61 00 A4 D8 61 38 FA 06 CF 
	DF 32 01 BD 51 A9 30 D2 CF 5D 2B A1 03 39 13 49 
	B9 58 15 93 10 56 EA 1B B3 90 1C 34 4C 5D F0 59 
	85 15 E4 88 20 27 0B 7B E5 50 39 21 55 22 8B 86 
	E7 96 3C 9B C9 B0 85 CC 33 03 DA 8F 94 32 78 51 
	54 43 A2 2C B4 16 0C 8C F5 56 0E EC 20 C8 EE 67 
	BD 85 A1 60 0B 28 29 D1 F7 94 8D 24 14 27 01 32 
	D3 40 7D A0 91 A8 D2 C9 96 2F F7 3D A9 27 0A 0B 
	27 2F 67 C2 C6 6C C2 6F 9C E4 63 08 54 7A 6F 80 
	79 0A C2 61 3F 35 86 16 3A 5D 44 C2 03 E4 71 73 
	2F D2 A3 A3 10 43 AA 50 65 DB 7C 97 75 FA 79 34 
	F2 44 EA 36 AB F5 A5 25 29 E6 36 BC 36 31 71 29 
	4D 24 03 89 95 11 4C 1D 1C 33 AF B1 31 4E 54 7F 
	72 62 81 05 EB 4F 65 A8 AB 7B 9B CC 41 49 69 FE 
	38 83 96 96 A9 75 EB 3D 9E D6 AB 10 27 77 DC 81 
	B8 68 A5 13 03 E4 8A 59 91 1F A7 1B 59 74 A6 74 
	00 BD 01 C1 9A 8D 7B D2 68 F4 62 BE 6E 65 4F 68 
	22 B6 D9 3B 15 55 62 B8 43 22 CB FF DA 23 91 7C 
	3A 19 40 59 45 6C BA C1 DA 64 0C 40 2D 77 29 22 
	DA A2 17 62 5C 75 2D E6 4F 59 F0 BD 76 03 55 AF 
	00 0D D5 4A 3E 12 38 0C BF 02 03 55 C7 11 3E 11 
	5E 77 46 24 A5 33 67 EF 93 9B 48 13 5E D1 A5 AE 
	5D C9 0E 0A 9C B7 1F 82 75 7D 6C 2C A8 8C 12 39 
	E4 43 C3 D2 40 37 4C 9E 08 12 2F F1 E9 AF CC 1B 
	A8 28 BA 8C F9 72 5F 11 0C C6 CA D6 2B 25 29 72 
	1E DA B2 87 89 CD BC 22 4E A5 70 0E 20 7A 25 99 
	D7 A9 7E 88 28 BD 19 93 E9 B9 4D 34 01 03 21 77 
	8F DD 02 B6 E5 81 98 4D D1 4E 5E 80 37 32 EA 99 
	02 72 6E E3 77 99 D2 C0 8E D3 33 52 AA 06 4E 2E 
	C5 76 8C 02 5D 49 86 50 45 41 43 67 F5 94 D5 37 
	87 F8 D2 32 52 49 63 8B 63 A0 08 73 79 11 6B 99 
	44 CB 47 E3 80 26 05 E0 58 F6 2B 70 39 97 36 72 
	03 76 3D 43 13 74 41 A1 3C D3 91 29 4B 71 32 CC 
	AF 3C 23 AA DF E7 0D 4F 3B 06 88 48 9C 2F 66 7F 
	5F 73 93 76 10 14 AB B3 03 CA E9 CE 01 47 28 F0 
	11 CB F4 D2 C5 4E BB 7A 28 AC 06 B6 33 6F 01 7A 
	53 45 E2 86 8F 33 42 BE 55 58 B5 35 C5 92 E7 67 
	3D 14 A8 7F CC C5 A5 11 7E AA 52 20 25 95 52 EE 
	86 73 7A 07 7B A2 E4 1A 18 25 B2 D0 D7 BE 56 0C 
	67 EC 19 6C 6A A3 9A 58 A0 9B C5 64 92 1F D0 42 
	0B DC 67 1F D9 C2 9E F1 27 11 06 B2 27 F4 96 0B 
	01 60 47 19 BB A6 F2 A4 A1 58 82 40 9B 10 41 84 
	17 32 D7 6E 79 B2 62 8A 65 55 8B 9B A7 81 75 27 
	F2 32 1A 64 02 66 48 BB C9 B8 58 72 B6 60 88 F3 
	F6 31 D8 B2 7B E6 77 C2 3D 49 CF 5D DB 74 07 08 
	65 23 23 C7 F6 21 4B 31 30 58 40 D0 7C 76 91 B8 
	7C D2 3C 38 D3 29 C4 88 0E 8F A0 B3 21 71 05 01 
	50 C2 65 35 BC 7B 93 17 7F 68 7A 89 D8 86 78 F1 
	58 83 6C 82 87 B5 94 E3 88 C5 81 27 A1 1E C6 6C 
	04 68 A7 A4 F8 7E 5C 59 12 96 F5 76 3B C9 05 38 
	C9 97 C6 B9 20 F4 01 63 60 8B 4F 82 63 57 89 C4 
	16 13 29 40 56 84 CD CB 8A 45 AF B7 39 4A 56 56 
	75 C1 36 1C F3 87 FC E3 B6 93 D8 3B 1A AA 99 DC 
	88 6B 87 3C A5 2F E1 33 08 B6 A5 D4 B8 2E 4E A1 
	1A 1E AC 11 C5 45 3B ED 42 09 E0 BB 66 BD 58 CC 
	36 EB 1E AE 30 68 7A 69 2F A2 FC 4A AA E8 64 9C 
	52 76 72 13 00 AA 95 43 45 82 00 88 BB BC 0B 02 
	B7 67 18 BE 7A C5 6E 95 A5 0E 63 2C 21 95 E5 B1 
	1C F8 95 68 F4 B9 42 4A B1 53 4A 62 C9 36 B3 BD 
	03 C4 72 2A C9 A9 51 79 6A E8 34 B4 A9 6C 75 79 
	5A 9C 6A 47 CF 2B 09 96 75 68 55 45 64 3A 73 2E 
	0D 49 6E 70 B5 5A ED 62 BC 2D 32 C8 F7 83 B3 41 
	93 72 01 97 B2 C9 F6 1B B9 40 7E 97 B9 1C FB 79 
	09 BA EC 66 4E 06 AA 32 61 C6 93 93 10 9E A7 38 
	75 1D 80 8F A3 90 1A 23 17 65 93 90 24 3A 3C CA 
	9E 04 A4 A5 78 1F 09 2F C2 54 0E 5B 84 31 75 01 
msg1 C_I_raw (size 1):
	49 
Suite 21 will be used in this EDHOC run.
PQ/T hybrid declare second array
PQ/T hybrid suit
PQ/T y  (size 32):
	38 89 C4 E0 B5 3B 03 FA 44 FB A6 AF 89 EE AA 5F 
	43 47 E8 49 6E 93 4C E8 13 64 E1 32 CF CA 25 6D 
PQ/T gx  (size 1216):
	FB B4 6F DD 17 E8 B7 0E C5 98 DE CB B6 C8 4A 15 
	29 B0 DF CF 9E DE D9 C5 F8 D3 BF 64 F5 52 D2 10 
	F4 AB 0D 7A 38 99 70 0C 4A 05 7B CB C1 35 80 0E 
	05 CA FD 40 9E E5 00 1B 1F 32 1B BA 86 4F 46 13 
	AB 72 59 42 83 52 A0 93 92 7E 96 6A 3E E6 FB A3 
	AC F1 B5 48 E2 60 AB 7B BE 41 10 15 0C 43 8A B3 
	F4 2F 79 F3 C1 69 61 5E 00 B7 9E DF E1 5E F6 57 
	16 AE EB C6 ED 3B 5F D2 0A AD 55 DA 15 E8 33 B1 
	7A 59 04 09 B5 8B F9 42 8D 84 E2 67 9A C6 CE F3 
	08 0C 5D 26 AA 6D A2 08 F8 01 3C 76 22 7E 79 A5 
	97 7E F4 7A 01 CC 99 61 00 A4 D8 61 38 FA 06 CF 
	DF 32 01 BD 51 A9 30 D2 CF 5D 2B A1 03 39 13 49 
	B9 58 15 93 10 56 EA 1B B3 90 1C 34 4C 5D F0 59 
	85 15 E4 88 20 27 0B 7B E5 50 39 21 55 22 8B 86 
	E7 96 3C 9B C9 B0 85 CC 33 03 DA 8F 94 32 78 51 
	54 43 A2 2C B4 16 0C 8C F5 56 0E EC 20 C8 EE 67 
	BD 85 A1 60 0B 28 29 D1 F7 94 8D 24 14 27 01 32 
	D3 40 7D A0 91 A8 D2 C9 96 2F F7 3D A9 27 0A 0B 
	27 2F 67 C2 C6 6C C2 6F 9C E4 63 08 54 7A 6F 80 
	79 0A C2 61 3F 35 86 16 3A 5D 44 C2 03 E4 71 73 
	2F D2 A3 A3 10 43 AA 50 65 DB 7C 97 75 FA 79 34 
	F2 44 EA 36 AB F5 A5 25 29 E6 36 BC 36 31 71 29 
	4D 24 03 89 95 11 4C 1D 1C 33 AF B1 31 4E 54 7F 
	72 62 81 05 EB 4F 65 A8 AB 7B 9B CC 41 49 69 FE 
	38 83 96 96 A9 75 EB 3D 9E D6 AB 10 27 77 DC 81 
	B8 68 A5 13 03 E4 8A 59 91 1F A7 1B 59 74 A6 74 
	00 BD 01 C1 9A 8D 7B D2 68 F4 62 BE 6E 65 4F 68 
	22 B6 D9 3B 15 55 62 B8 43 22 CB FF DA 23 91 7C 
	3A 19 40 59 45 6C BA C1 DA 64 0C 40 2D 77 29 22 
	DA A2 17 62 5C 75 2D E6 4F 59 F0 BD 76 03 55 AF 
	00 0D D5 4A 3E 12 38 0C BF 02 03 55 C7 11 3E 11 
	5E 77 46 24 A5 33 67 EF 93 9B 48 13 5E D1 A5 AE 
	5D C9 0E 0A 9C B7 1F 82 75 7D 6C 2C A8 8C 12 39 
	E4 43 C3 D2 40 37 4C 9E 08 12 2F F1 E9 AF CC 1B 
	A8 28 BA 8C F9 72 5F 11 0C C6 CA D6 2B 25 29 72 
	1E DA B2 87 89 CD BC 22 4E A5 70 0E 20 7A 25 99 
	D7 A9 7E 88 28 BD 19 93 E9 B9 4D 34 01 03 21 77 
	8F DD 02 B6 E5 81 98 4D D1 4E 5E 80 37 32 EA 99 
	02 72 6E E3 77 99 D2 C0 8E D3 33 52 AA 06 4E 2E 
	C5 76 8C 02 5D 49 86 50 45 41 43 67 F5 94 D5 37 
	87 F8 D2 32 52 49 63 8B 63 A0 08 73 79 11 6B 99 
	44 CB 47 E3 80 26 05 E0 58 F6 2B 70 39 97 36 72 
	03 76 3D 43 13 74 41 A1 3C D3 91 29 4B 71 32 CC 
	AF 3C 23 AA DF E7 0D 4F 3B 06 88 48 9C 2F 66 7F 
	5F 73 93 76 10 14 AB B3 03 CA E9 CE 01 47 28 F0 
	11 CB F4 D2 C5 4E BB 7A 28 AC 06 B6 33 6F 01 7A 
	53 45 E2 86 8F 33 42 BE 55 58 B5 35 C5 92 E7 67 
	3D 14 A8 7F CC C5 A5 11 7E AA 52 20 25 95 52 EE 
	86 73 7A 07 7B A2 E4 1A 18 25 B2 D0 D7 BE 56 0C 
	67 EC 19 6C 6A A3 9A 58 A0 9B C5 64 92 1F D0 42 
	0B DC 67 1F D9 C2 9E F1 27 11 06 B2 27 F4 96 0B 
	01 60 47 19 BB A6 F2 A4 A1 58 82 40 9B 10 41 84 
	17 32 D7 6E 79 B2 62 8A 65 55 8B 9B A7 81 75 27 
	F2 32 1A 64 02 66 48 BB C9 B8 58 72 B6 60 88 F3 
	F6 31 D8 B2 7B E6 77 C2 3D 49 CF 5D DB 74 07 08 
	65 23 23 C7 F6 21 4B 31 30 58 40 D0 7C 76 91 B8 
	7C D2 3C 38 D3 29 C4 88 0E 8F A0 B3 21 71 05 01 
	50 C2 65 35 BC 7B 93 17 7F 68 7A 89 D8 86 78 F1 
	58 83 6C 82 87 B5 94 E3 88 C5 81 27 A1 1E C6 6C 
	04 68 A7 A4 F8 7E 5C 59 12 96 F5 76 3B C9 05 38 
	C9 97 C6 B9 20 F4 01 63 60 8B 4F 82 63 57 89 C4 
	16 13 29 40 56 84 CD CB 8A 45 AF B7 39 4A 56 56 
	75 C1 36 1C F3 87 FC E3 B6 93 D8 3B 1A AA 99 DC 
	88 6B 87 3C A5 2F E1 33 08 B6 A5 D4 B8 2E 4E A1 
	1A 1E AC 11 C5 45 3B ED 42 09 E0 BB 66 BD 58 CC 
	36 EB 1E AE 30 68 7A 69 2F A2 FC 4A AA E8 64 9C 
	52 76 72 13 00 AA 95 43 45 82 00 88 BB BC 0B 02 
	B7 67 18 BE 7A C5 6E 95 A5 0E 63 2C 21 95 E5 B1 
	1C F8 95 68 F4 B9 42 4A B1 53 4A 62 C9 36 B3 BD 
	03 C4 72 2A C9 A9 51 79 6A E8 34 B4 A9 6C 75 79 
	5A 9C 6A 47 CF 2B 09 96 75 68 55 45 64 3A 73 2E 
	0D 49 6E 70 B5 5A ED 62 BC 2D 32 C8 F7 83 B3 41 
	93 72 01 97 B2 C9 F6 1B B9 40 7E 97 B9 1C FB 79 
	09 BA EC 66 4E 06 AA 32 61 C6 93 93 10 9E A7 38 
	75 1D 80 8F A3 90 1A 23 17 65 93 90 24 3A 3C CA 
	9E 04 A4 A5 78 1F 09 2F C2 54 0E 5B 84 31 75 01 
DH y  (size 32):
	38 89 C4 E0 B5 3B 03 FA 44 FB A6 AF 89 EE AA 5F 
	43 47 E8 49 6E 93 4C E8 13 64 E1 32 CF CA 25 6D 
DH gx  (size 32):
	FB B4 6F DD 17 E8 B7 0E C5 98 DE CB B6 C8 4A 15 
	29 B0 DF CF 9E DE D9 C5 F8 D3 BF 64 F5 52 D2 10 
SHARED SECRET DERIVE
G_XY (ECDH shared secret)  (size 32):
	23 42 DA 3A 44 A9 28 77 02 7E D4 DE 6D 1E 8E A1 
	6A 64 F6 60 1A CF 0D 09 79 E2 32 07 86 54 F8 6D 
KEM mechanism
KEM - g_x  (size 1184):
	F4 AB 0D 7A 38 99 70 0C 4A 05 7B CB C1 35 80 0E 
	05 CA FD 40 9E E5 00 1B 1F 32 1B BA 86 4F 46 13 
	AB 72 59 42 83 52 A0 93 92 7E 96 6A 3E E6 FB A3 
	AC F1 B5 48 E2 60 AB 7B BE 41 10 15 0C 43 8A B3 
	F4 2F 79 F3 C1 69 61 5E 00 B7 9E DF E1 5E F6 57 
	16 AE EB C6 ED 3B 5F D2 0A AD 55 DA 15 E8 33 B1 
	7A 59 04 09 B5 8B F9 42 8D 84 E2 67 9A C6 CE F3 
	08 0C 5D 26 AA 6D A2 08 F8 01 3C 76 22 7E 79 A5 
	97 7E F4 7A 01 CC 99 61 00 A4 D8 61 38 FA 06 CF 
	DF 32 01 BD 51 A9 30 D2 CF 5D 2B A1 03 39 13 49 
	B9 58 15 93 10 56 EA 1B B3 90 1C 34 4C 5D F0 59 
	85 15 E4 88 20 27 0B 7B E5 50 39 21 55 22 8B 86 
	E7 96 3C 9B C9 B0 85 CC 33 03 DA 8F 94 32 78 51 
	54 43 A2 2C B4 16 0C 8C F5 56 0E EC 20 C8 EE 67 
	BD 85 A1 60 0B 28 29 D1 F7 94 8D 24 14 27 01 32 
	D3 40 7D A0 91 A8 D2 C9 96 2F F7 3D A9 27 0A 0B 
	27 2F 67 C2 C6 6C C2 6F 9C E4 63 08 54 7A 6F 80 
	79 0A C2 61 3F 35 86 16 3A 5D 44 C2 03 E4 71 73 
	2F D2 A3 A3 10 43 AA 50 65 DB 7C 97 75 FA 79 34 
	F2 44 EA 36 AB F5 A5 25 29 E6 36 BC 36 31 71 29 
	4D 24 03 89 95 11 4C 1D 1C 33 AF B1 31 4E 54 7F 
	72 62 81 05 EB 4F 65 A8 AB 7B 9B CC 41 49 69 FE 
	38 83 96 96 A9 75 EB 3D 9E D6 AB 10 27 77 DC 81 
	B8 68 A5 13 03 E4 8A 59 91 1F A7 1B 59 74 A6 74 
	00 BD 01 C1 9A 8D 7B D2 68 F4 62 BE 6E 65 4F 68 
	22 B6 D9 3B 15 55 62 B8 43 22 CB FF DA 23 91 7C 
	3A 19 40 59 45 6C BA C1 DA 64 0C 40 2D 77 29 22 
	DA A2 17 62 5C 75 2D E6 4F 59 F0 BD 76 03 55 AF 
	00 0D D5 4A 3E 12 38 0C BF 02 03 55 C7 11 3E 11 
	5E 77 46 24 A5 33 67 EF 93 9B 48 13 5E D1 A5 AE 
	5D C9 0E 0A 9C B7 1F 82 75 7D 6C 2C A8 8C 12 39 
	E4 43 C3 D2 40 37 4C 9E 08 12 2F F1 E9 AF CC 1B 
	A8 28 BA 8C F9 72 5F 11 0C C6 CA D6 2B 25 29 72 
	1E DA B2 87 89 CD BC 22 4E A5 70 0E 20 7A 25 99 
	D7 A9 7E 88 28 BD 19 93 E9 B9 4D 34 01 03 21 77 
	8F DD 02 B6 E5 81 98 4D D1 4E 5E 80 37 32 EA 99 
	02 72 6E E3 77 99 D2 C0 8E D3 33 52 AA 06 4E 2E 
	C5 76 8C 02 5D 49 86 50 45 41 43 67 F5 94 D5 37 
	87 F8 D2 32 52 49 63 8B 63 A0 08 73 79 11 6B 99 
	44 CB 47 E3 80 26 05 E0 58 F6 2B 70 39 97 36 72 
	03 76 3D 43 13 74 41 A1 3C D3 91 29 4B 71 32 CC 
	AF 3C 23 AA DF E7 0D 4F 3B 06 88 48 9C 2F 66 7F 
	5F 73 93 76 10 14 AB B3 03 CA E9 CE 01 47 28 F0 
	11 CB F4 D2 C5 4E BB 7A 28 AC 06 B6 33 6F 01 7A 
	53 45 E2 86 8F 33 42 BE 55 58 B5 35 C5 92 E7 67 
	3D 14 A8 7F CC C5 A5 11 7E AA 52 20 25 95 52 EE 
	86 73 7A 07 7B A2 E4 1A 18 25 B2 D0 D7 BE 56 0C 
	67 EC 19 6C 6A A3 9A 58 A0 9B C5 64 92 1F D0 42 
	0B DC 67 1F D9 C2 9E F1 27 11 06 B2 27 F4 96 0B 
	01 60 47 19 BB A6 F2 A4 A1 58 82 40 9B 10 41 84 
	17 32 D7 6E 79 B2 62 8A 65 55 8B 9B A7 81 75 27 
	F2 32 1A 64 02 66 48 BB C9 B8 58 72 B6 60 88 F3 
	F6 31 D8 B2 7B E6 77 C2 3D 49 CF 5D DB 74 07 08 
	65 23 23 C7 F6 21 4B 31 30 58 40 D0 7C 76 91 B8 
	7C D2 3C 38 D3 29 C4 88 0E 8F A0 B3 21 71 05 01 
	50 C2 65 35 BC 7B 93 17 7F 68 7A 89 D8 86 78 F1 
	58 83 6C 82 87 B5 94 E3 88 C5 81 27 A1 1E C6 6C 
	04 68 A7 A4 F8 7E 5C 59 12 96 F5 76 3B C9 05 38 
	C9 97 C6 B9 20 F4 01 63 60 8B 4F 82 63 57 89 C4 
	16 13 29 40 56 84 CD CB 8A 45 AF B7 39 4A 56 56 
	75 C1 36 1C F3 87 FC E3 B6 93 D8 3B 1A AA 99 DC 
	88 6B 87 3C A5 2F E1 33 08 B6 A5 D4 B8 2E 4E A1 
	1A 1E AC 11 C5 45 3B ED 42 09 E0 BB 66 BD 58 CC 
	36 EB 1E AE 30 68 7A 69 2F A2 FC 4A AA E8 64 9C 
	52 76 72 13 00 AA 95 43 45 82 00 88 BB BC 0B 02 
	B7 67 18 BE 7A C5 6E 95 A5 0E 63 2C 21 95 E5 B1 
	1C F8 95 68 F4 B9 42 4A B1 53 4A 62 C9 36 B3 BD 
	03 C4 72 2A C9 A9 51 79 6A E8 34 B4 A9 6C 75 79 
	5A 9C 6A 47 CF 2B 09 96 75 68 55 45 64 3A 73 2E 
	0D 49 6E 70 B5 5A ED 62 BC 2D 32 C8 F7 83 B3 41 
	93 72 01 97 B2 C9 F6 1B B9 40 7E 97 B9 1C FB 79 
	09 BA EC 66 4E 06 AA 32 61 C6 93 93 10 9E A7 38 
	75 1D 80 8F A3 90 1A 23 17 65 93 90 24 3A 3C CA 
	9E 04 A4 A5 78 1F 09 2F C2 54 0E 5B 84 31 75 01 
gx PQ/T size: 1216 - KEM size 1184
PQ/T g_y  (size 1120):
	27 B1 D6 35 A6 63 38 2D 99 E0 31 B3 E9 A5 D6 82 
	A0 95 45 04 93 56 AF 6F 13 54 DE D1 3E D2 9C 72 
	00 00 00 00 00 00 00 00 00 00 00 00 00 00 00 00 
	00 00 00 00 00 00 00 00 00 00 00 00 00 00 00 00 
	00 00 00 00 00 00 00 00 00 00 00 00 00 00 00 00 
	00 00 00 00 00 00 00 00 00 00 00 00 00 00 00 00 
	00 00 00 00 00 00 00 00 00 00 00 00 00 00 00 00 
	00 00 00 00 00 00 00 00 00 00 00 00 00 00 00 00 
	00 00 00 00 00 00 00 00 00 00 00 00 00 00 00 00 
	00 00 00 00 00 00 00 00 00 00 00 00 00 00 00 00 
	00 00 00 00 00 00 00 00 00 00 00 00 00 00 00 00 
	00 00 00 00 00 00 00 00 00 00 00 00 00 00 00 00 
	00 00 00 00 00 00 00 00 00 00 00 00 00 00 00 00 
	00 00 00 00 00 00 00 00 00 00 00 00 00 00 00 00 
	00 00 00 00 00 00 00 00 00 00 00 00 00 00 00 00 
	00 00 00 00 00 00 00 00 00 00 00 00 00 00 00 00 
	00 00 00 00 00 00 00 00 00 00 00 00 00 00 00 00 
	00 00 00 00 00 00 00 00 00 00 00 00 00 00 00 00 
	00 00 00 00 00 00 00 00 00 00 00 00 00 00 00 00 
	00 00 00 00 00 00 00 00 00 00 00 00 00 00 00 00 
	00 00 00 00 00 00 00 00 00 00 00 00 00 00 00 00 
	00 00 00 00 00 00 00 00 00 00 00 00 00 00 00 00 
	00 00 00 00 00 00 00 00 00 00 00 00 00 00 00 00 
	00 00 00 00 00 00 00 00 00 00 00 00 00 00 00 00 
	00 00 00 00 00 00 00 00 00 00 00 00 00 00 00 00 
	00 00 00 00 00 00 00 00 00 00 00 00 00 00 00 00 
	00 00 00 00 00 00 00 00 00 00 00 00 00 00 00 00 
	00 00 00 00 00 00 00 00 00 00 00 00 00 00 00 00 
	00 00 00 00 00 00 00 00 00 00 00 00 00 00 00 00 
	00 00 00 00 00 00 00 00 00 00 00 00 00 00 00 00 
	00 00 00 00 00 00 00 00 00 00 00 00 00 00 00 00 
	00 00 00 00 00 00 00 00 00 00 00 00 00 00 00 00 
	00 00 00 00 00 00 00 00 00 00 00 00 00 00 00 00 
	00 00 00 00 00 00 00 00 00 00 00 00 00 00 00 00 
	00 00 00 00 00 00 00 00 00 00 00 00 00 00 00 00 
	00 00 00 00 00 00 00 00 00 00 00 00 00 00 00 00 
	00 00 00 00 00 00 00 00 00 00 00 00 00 00 00 00 
	00 00 00 00 00 00 00 00 00 00 00 00 00 00 00 00 
	00 00 00 00 00 00 00 00 00 00 00 00 00 00 00 00 
	00 00 00 00 00 00 00 00 00 00 00 00 00 00 00 00 
	00 00 00 00 00 00 00 00 00 00 00 00 00 00 00 00 
	00 00 00 00 00 00 00 00 00 00 00 00 00 00 00 00 
	00 00 00 00 00 00 00 00 00 00 00 00 00 00 00 00 
	00 00 00 00 00 00 00 00 00 00 00 00 00 00 00 00 
	00 00 00 00 00 00 00 00 00 00 00 00 00 00 00 00 
	00 00 00 00 00 00 00 00 00 00 00 00 00 00 00 00 
	00 00 00 00 00 00 00 00 00 00 00 00 00 00 00 00 
	00 00 00 00 00 00 00 00 00 00 00 00 00 00 00 00 
	00 00 00 00 00 00 00 00 00 00 00 00 00 00 00 00 
	00 00 00 00 00 00 00 00 00 00 00 00 00 00 00 00 
	00 00 00 00 00 00 00 00 00 00 00 00 00 00 00 00 
	00 00 00 00 00 00 00 00 00 00 00 00 00 00 00 00 
	00 00 00 00 00 00 00 00 00 00 00 00 00 00 00 00 
	00 00 00 00 00 00 00 00 00 00 00 00 00 00 00 00 
	00 00 00 00 00 00 00 00 00 00 00 00 00 00 00 00 
	00 00 00 00 00 00 00 00 00 00 00 00 00 00 00 00 
	00 00 00 00 00 00 00 00 00 00 00 00 00 00 00 00 
	00 00 00 00 00 00 00 00 00 00 00 00 00 00 00 00 
	00 00 00 00 00 00 00 00 00 00 00 00 00 00 00 00 
	00 00 00 00 00 00 00 00 00 00 00 00 00 00 00 00 
	00 00 00 00 00 00 00 00 00 00 00 00 00 00 00 00 
	00 00 00 00 00 00 00 00 00 00 00 00 00 00 00 00 
	00 00 00 00 00 00 00 00 00 00 00 00 00 00 00 00 
	00 00 00 00 00 00 00 00 00 00 00 00 00 00 00 00 
	00 00 00 00 00 00 00 00 00 00 00 00 00 00 00 00 
	00 00 00 00 00 00 00 00 00 00 00 00 00 00 00 00 
	00 00 00 00 00 00 00 00 00 00 00 00 00 00 00 00 
	00 00 00 00 00 00 00 00 00 00 00 00 00 00 00 00 
	00 00 00 00 00 00 00 00 00 00 00 00 00 00 00 00 
	00 00 00 00 00 00 00 00 00 00 00 00 00 00 00 00 
KEM - g_y  (size 1088):
	00 00 00 00 00 00 00 00 00 00 00 00 00 00 00 00 
	00 00 00 00 00 00 00 00 00 00 00 00 00 00 00 00 
	00 00 00 00 00 00 00 00 00 00 00 00 00 00 00 00 
	00 00 00 00 00 00 00 00 00 00 00 00 00 00 00 00 
	00 00 00 00 00 00 00 00 00 00 00 00 00 00 00 00 
	00 00 00 00 00 00 00 00 00 00 00 00 00 00 00 00 
	00 00 00 00 00 00 00 00 00 00 00 00 00 00 00 00 
	00 00 00 00 00 00 00 00 00 00 00 00 00 00 00 00 
	00 00 00 00 00 00 00 00 00 00 00 00 00 00 00 00 
	00 00 00 00 00 00 00 00 00 00 00 00 00 00 00 00 
	00 00 00 00 00 00 00 00 00 00 00 00 00 00 00 00 
	00 00 00 00 00 00 00 00 00 00 00 00 00 00 00 00 
	00 00 00 00 00 00 00 00 00 00 00 00 00 00 00 00 
	00 00 00 00 00 00 00 00 00 00 00 00 00 00 00 00 
	00 00 00 00 00 00 00 00 00 00 00 00 00 00 00 00 
	00 00 00 00 00 00 00 00 00 00 00 00 00 00 00 00 
	00 00 00 00 00 00 00 00 00 00 00 00 00 00 00 00 
	00 00 00 00 00 00 00 00 00 00 00 00 00 00 00 00 
	00 00 00 00 00 00 00 00 00 00 00 00 00 00 00 00 
	00 00 00 00 00 00 00 00 00 00 00 00 00 00 00 00 
	00 00 00 00 00 00 00 00 00 00 00 00 00 00 00 00 
	00 00 00 00 00 00 00 00 00 00 00 00 00 00 00 00 
	00 00 00 00 00 00 00 00 00 00 00 00 00 00 00 00 
	00 00 00 00 00 00 00 00 00 00 00 00 00 00 00 00 
	00 00 00 00 00 00 00 00 00 00 00 00 00 00 00 00 
	00 00 00 00 00 00 00 00 00 00 00 00 00 00 00 00 
	00 00 00 00 00 00 00 00 00 00 00 00 00 00 00 00 
	00 00 00 00 00 00 00 00 00 00 00 00 00 00 00 00 
	00 00 00 00 00 00 00 00 00 00 00 00 00 00 00 00 
	00 00 00 00 00 00 00 00 00 00 00 00 00 00 00 00 
	00 00 00 00 00 00 00 00 00 00 00 00 00 00 00 00 
	00 00 00 00 00 00 00 00 00 00 00 00 00 00 00 00 
	00 00 00 00 00 00 00 00 00 00 00 00 00 00 00 00 
	00 00 00 00 00 00 00 00 00 00 00 00 00 00 00 00 
	00 00 00 00 00 00 00 00 00 00 00 00 00 00 00 00 
	00 00 00 00 00 00 00 00 00 00 00 00 00 00 00 00 
	00 00 00 00 00 00 00 00 00 00 00 00 00 00 00 00 
	00 00 00 00 00 00 00 00 00 00 00 00 00 00 00 00 
	00 00 00 00 00 00 00 00 00 00 00 00 00 00 00 00 
	00 00 00 00 00 00 00 00 00 00 00 00 00 00 00 00 
	00 00 00 00 00 00 00 00 00 00 00 00 00 00 00 00 
	00 00 00 00 00 00 00 00 00 00 00 00 00 00 00 00 
	00 00 00 00 00 00 00 00 00 00 00 00 00 00 00 00 
	00 00 00 00 00 00 00 00 00 00 00 00 00 00 00 00 
	00 00 00 00 00 00 00 00 00 00 00 00 00 00 00 00 
	00 00 00 00 00 00 00 00 00 00 00 00 00 00 00 00 
	00 00 00 00 00 00 00 00 00 00 00 00 00 00 00 00 
	00 00 00 00 00 00 00 00 00 00 00 00 00 00 00 00 
	00 00 00 00 00 00 00 00 00 00 00 00 00 00 00 00 
	00 00 00 00 00 00 00 00 00 00 00 00 00 00 00 00 
	00 00 00 00 00 00 00 00 00 00 00 00 00 00 00 00 
	00 00 00 00 00 00 00 00 00 00 00 00 00 00 00 00 
	00 00 00 00 00 00 00 00 00 00 00 00 00 00 00 00 
	00 00 00 00 00 00 00 00 00 00 00 00 00 00 00 00 
	00 00 00 00 00 00 00 00 00 00 00 00 00 00 00 00 
	00 00 00 00 00 00 00 00 00 00 00 00 00 00 00 00 
	00 00 00 00 00 00 00 00 00 00 00 00 00 00 00 00 
	00 00 00 00 00 00 00 00 00 00 00 00 00 00 00 00 
	00 00 00 00 00 00 00 00 00 00 00 00 00 00 00 00 
	00 00 00 00 00 00 00 00 00 00 00 00 00 00 00 00 
	00 00 00 00 00 00 00 00 00 00 00 00 00 00 00 00 
	00 00 00 00 00 00 00 00 00 00 00 00 00 00 00 00 
	00 00 00 00 00 00 00 00 00 00 00 00 00 00 00 00 
	00 00 00 00 00 00 00 00 00 00 00 00 00 00 00 00 
	00 00 00 00 00 00 00 00 00 00 00 00 00 00 00 00 
	00 00 00 00 00 00 00 00 00 00 00 00 00 00 00 00 
	00 00 00 00 00 00 00 00 00 00 00 00 00 00 00 00 
	00 00 00 00 00 00 00 00 00 00 00 00 00 00 00 00 
Encapsulate correct
G_XY (PQ SS) (size 32):
	7E E0 60 33 96 20 C9 54 D4 78 35 B3 DE 23 3D 25 
	04 50 F8 C5 3F 4E 4B 72 C7 0F 58 13 10 D3 F7 D0 
G_Y (PQ CC) (size 1088):
	22 34 0E 2B 57 B7 75 F8 FB 4C A1 20 CA DB DD 5A 
	7D D4 C4 47 64 2A 11 D2 0B 58 F6 82 9B 23 CA 0B 
	3A 8E 7A 9F 8B C1 D7 A1 80 76 78 24 D0 CE 00 8E 
	38 3F FD 17 B4 4E 8B 1D 0C 04 4A A2 1B D6 9E 99 
	70 66 B9 A2 8F FE F9 88 7B 26 19 5B DF E0 2C EC 
	2F EE 49 99 1C 3F 60 34 F0 30 74 6E AA 6D 13 D0 
	CF 2C 3C 73 B3 95 B6 A4 0B 20 CF EB ED A0 0E 06 
	9E 25 DD 4C BE 82 7B 82 AC F0 87 C9 51 9E 0B 8E 
	54 71 F7 0E F7 76 4B 54 E6 A9 06 6A 5F B4 73 6D 
	90 EC 59 C3 E9 18 98 77 77 DE 82 7E 89 1D 9A D4 
	35 D9 F6 A4 AD 3E 59 D5 45 23 BC 26 44 6C 4F E4 
	05 C5 52 DD E5 93 E7 E7 5F 1D 35 4F 18 F9 9D A6 
	A4 40 EE 56 8B 20 83 C9 BB F2 9C 20 69 B7 CD 3D 
	AE BB 8E CB 5E 60 CF DE 53 AA E8 EA 78 0B 48 C9 
	E2 89 FC FC 0D DD 00 F3 53 86 18 28 55 42 0A 16 
	97 F0 7E 4A B4 B8 FF A8 D6 F2 5B 93 A0 D2 3E F1 
	C9 B5 C6 CC 05 50 C4 8E CF 5E 7A C6 86 FB CB 21 
	9F 03 1A C2 0E 12 C2 CA 95 F9 B2 5A 5A BE 0C AB 
	FB 9F BB C2 E0 59 35 FB E2 0B 4C 28 FE 42 DA BE 
	54 39 0C 50 19 B3 FB 01 DD 4A F1 D6 3E 15 D4 CA 
	D0 A7 88 E3 B3 3B 11 37 1A 7C C0 76 6C 7B BF 09 
	C4 D7 0A 1D BD A3 40 17 AF 96 52 BE 88 E3 79 BD 
	B5 77 2C 5F CB F8 D6 9C 26 48 3A 72 1E 27 34 D5 
	76 26 14 F0 BD B0 8B 3C 0B EF 5F 05 93 CE 0E 21 
	C3 6E A8 C1 C6 19 2B 13 66 40 A1 A5 8D 77 E2 4D 
	A1 5A 1A D6 FD 7E C7 AA CB 8A 02 71 94 0E 4A BF 
	EA 27 31 16 E1 6F 32 E7 54 87 1A CF 3E B5 9D 83 
	B3 DA C7 BB C2 24 00 48 29 1C B8 10 7D 86 9A 62 
	00 6E 9E B1 6C 25 43 E6 B7 95 33 29 53 09 7B 66 
	42 CE 22 CF B0 75 FF BE 3E CE AB 0E 85 D8 4B B8 
	CF 8A B2 E1 B2 F2 35 2E 5A C9 5C 4C 6A C7 F7 51 
	93 32 69 EA DC EF CF 45 6A 9C 0B D9 21 E7 66 B2 
	F0 AF CE 07 F1 0F 93 C5 6E 17 87 EF 82 37 89 E6 
	46 BC 9A A0 DF C6 BD 15 AA 70 1F A3 E9 B4 05 59 
	3C 63 65 E1 F7 F3 31 4B 56 7D 70 67 9C C0 9D 15 
	38 72 23 26 83 A3 0C F8 88 21 19 03 9C 9E 1C AB 
	4C D0 32 85 00 C7 D5 8D F1 40 28 5F 98 9D 08 FE 
	89 ED BA 1A 7A FC BC 24 4A 0B F1 81 D2 88 8F 7B 
	81 57 1B 17 4D 2E 8F A4 46 08 79 C8 41 DB 65 32 
	D1 D4 E9 BE F9 C0 7B C2 C9 AE FA 52 82 2C 4B D4 
	75 02 87 A4 BD D0 5E 02 5B 77 E3 F0 97 C9 02 59 
	D6 02 00 BE F3 C8 89 BD 0B 92 15 8C E9 A0 5C 68 
	0C 81 33 61 74 35 16 BF 07 03 C0 81 0A 62 7A 31 
	B3 C2 7F 84 27 58 6C B3 BA A0 47 F7 F0 71 31 F1 
	1D 84 15 1F 1A 80 32 F4 B7 23 76 82 B7 AD 1C FC 
	02 74 A3 24 AE 63 8F AE 31 3E 0A D0 77 57 C7 21 
	A8 FB A4 B7 94 9B 25 55 41 22 DC C3 2F 7C 6F 54 
	A4 6D DF C7 00 E6 50 F6 48 37 6B 12 A1 95 78 64 
	F5 51 28 8C 77 B3 BD C1 52 E5 45 9C 42 3B 57 D4 
	CB 92 AA 0F DC 09 FC 36 FF 0E 96 C1 51 FD F0 D3 
	43 4B E9 0C F1 2B 60 83 51 34 1C B7 0F 3E B2 CB 
	59 14 ED 4B 48 EA 29 FE 7F E3 E7 E5 51 04 5B 19 
	F8 14 39 C2 BD 5D 74 19 53 56 4C B6 F9 13 1A 18 
	1E 2B 8B 74 DE 40 7C 29 E4 01 D2 73 07 83 EB AA 
	37 B1 75 5A 16 78 42 08 FD 1A AD B1 36 25 1F 65 
	BA 3B 0D 81 83 4E BA D3 73 85 95 D7 0A BE 3C 0F 
	77 10 62 C6 A4 35 FB 24 87 19 DF DC BF FA 5B 67 
	8B 3A 6E 8E 51 BC EF C4 A0 2B 29 EE 79 A3 97 A5 
	D4 8D 1D D3 B7 A4 D2 23 F9 49 85 E0 C6 D9 55 20 
	17 57 62 16 89 CE 78 DE 9A 6B DA 7F 55 F9 4D 68 
	17 2F 5B E5 48 F7 A0 25 0E 1F 7F 95 B5 EE 62 B6 
	58 62 57 21 1C FF 0B 02 53 88 2A 6A 65 A9 42 6C 
	02 44 B4 0E AB 69 E2 34 82 08 39 97 49 D4 1B AA 
	56 CF 11 E0 F7 6F 86 45 5C 8F 96 5B 20 4B 31 72 
	51 10 2D DC BB 51 15 E8 99 71 B6 8C 48 A0 A8 DC 
	60 74 8F 31 28 5F B0 34 49 C4 6D 36 C0 81 79 C7 
	3B 3C CB 1A 0F 0C B3 D6 A2 C9 54 AE 19 5F 6B CE 
	82 4C 7A 30 80 FB 0B B7 CD 5C 03 A4 DC D9 EE A6 
G_Y (PQ/T) (size 1120):
	27 B1 D6 35 A6 63 38 2D 99 E0 31 B3 E9 A5 D6 82 
	A0 95 45 04 93 56 AF 6F 13 54 DE D1 3E D2 9C 72 
	22 34 0E 2B 57 B7 75 F8 FB 4C A1 20 CA DB DD 5A 
	7D D4 C4 47 64 2A 11 D2 0B 58 F6 82 9B 23 CA 0B 
	3A 8E 7A 9F 8B C1 D7 A1 80 76 78 24 D0 CE 00 8E 
	38 3F FD 17 B4 4E 8B 1D 0C 04 4A A2 1B D6 9E 99 
	70 66 B9 A2 8F FE F9 88 7B 26 19 5B DF E0 2C EC 
	2F EE 49 99 1C 3F 60 34 F0 30 74 6E AA 6D 13 D0 
	CF 2C 3C 73 B3 95 B6 A4 0B 20 CF EB ED A0 0E 06 
	9E 25 DD 4C BE 82 7B 82 AC F0 87 C9 51 9E 0B 8E 
	54 71 F7 0E F7 76 4B 54 E6 A9 06 6A 5F B4 73 6D 
	90 EC 59 C3 E9 18 98 77 77 DE 82 7E 89 1D 9A D4 
	35 D9 F6 A4 AD 3E 59 D5 45 23 BC 26 44 6C 4F E4 
	05 C5 52 DD E5 93 E7 E7 5F 1D 35 4F 18 F9 9D A6 
	A4 40 EE 56 8B 20 83 C9 BB F2 9C 20 69 B7 CD 3D 
	AE BB 8E CB 5E 60 CF DE 53 AA E8 EA 78 0B 48 C9 
	E2 89 FC FC 0D DD 00 F3 53 86 18 28 55 42 0A 16 
	97 F0 7E 4A B4 B8 FF A8 D6 F2 5B 93 A0 D2 3E F1 
	C9 B5 C6 CC 05 50 C4 8E CF 5E 7A C6 86 FB CB 21 
	9F 03 1A C2 0E 12 C2 CA 95 F9 B2 5A 5A BE 0C AB 
	FB 9F BB C2 E0 59 35 FB E2 0B 4C 28 FE 42 DA BE 
	54 39 0C 50 19 B3 FB 01 DD 4A F1 D6 3E 15 D4 CA 
	D0 A7 88 E3 B3 3B 11 37 1A 7C C0 76 6C 7B BF 09 
	C4 D7 0A 1D BD A3 40 17 AF 96 52 BE 88 E3 79 BD 
	B5 77 2C 5F CB F8 D6 9C 26 48 3A 72 1E 27 34 D5 
	76 26 14 F0 BD B0 8B 3C 0B EF 5F 05 93 CE 0E 21 
	C3 6E A8 C1 C6 19 2B 13 66 40 A1 A5 8D 77 E2 4D 
	A1 5A 1A D6 FD 7E C7 AA CB 8A 02 71 94 0E 4A BF 
	EA 27 31 16 E1 6F 32 E7 54 87 1A CF 3E B5 9D 83 
	B3 DA C7 BB C2 24 00 48 29 1C B8 10 7D 86 9A 62 
	00 6E 9E B1 6C 25 43 E6 B7 95 33 29 53 09 7B 66 
	42 CE 22 CF B0 75 FF BE 3E CE AB 0E 85 D8 4B B8 
	CF 8A B2 E1 B2 F2 35 2E 5A C9 5C 4C 6A C7 F7 51 
	93 32 69 EA DC EF CF 45 6A 9C 0B D9 21 E7 66 B2 
	F0 AF CE 07 F1 0F 93 C5 6E 17 87 EF 82 37 89 E6 
	46 BC 9A A0 DF C6 BD 15 AA 70 1F A3 E9 B4 05 59 
	3C 63 65 E1 F7 F3 31 4B 56 7D 70 67 9C C0 9D 15 
	38 72 23 26 83 A3 0C F8 88 21 19 03 9C 9E 1C AB 
	4C D0 32 85 00 C7 D5 8D F1 40 28 5F 98 9D 08 FE 
	89 ED BA 1A 7A FC BC 24 4A 0B F1 81 D2 88 8F 7B 
	81 57 1B 17 4D 2E 8F A4 46 08 79 C8 41 DB 65 32 
	D1 D4 E9 BE F9 C0 7B C2 C9 AE FA 52 82 2C 4B D4 
	75 02 87 A4 BD D0 5E 02 5B 77 E3 F0 97 C9 02 59 
	D6 02 00 BE F3 C8 89 BD 0B 92 15 8C E9 A0 5C 68 
	0C 81 33 61 74 35 16 BF 07 03 C0 81 0A 62 7A 31 
	B3 C2 7F 84 27 58 6C B3 BA A0 47 F7 F0 71 31 F1 
	1D 84 15 1F 1A 80 32 F4 B7 23 76 82 B7 AD 1C FC 
	02 74 A3 24 AE 63 8F AE 31 3E 0A D0 77 57 C7 21 
	A8 FB A4 B7 94 9B 25 55 41 22 DC C3 2F 7C 6F 54 
	A4 6D DF C7 00 E6 50 F6 48 37 6B 12 A1 95 78 64 
	F5 51 28 8C 77 B3 BD C1 52 E5 45 9C 42 3B 57 D4 
	CB 92 AA 0F DC 09 FC 36 FF 0E 96 C1 51 FD F0 D3 
	43 4B E9 0C F1 2B 60 83 51 34 1C B7 0F 3E B2 CB 
	59 14 ED 4B 48 EA 29 FE 7F E3 E7 E5 51 04 5B 19 
	F8 14 39 C2 BD 5D 74 19 53 56 4C B6 F9 13 1A 18 
	1E 2B 8B 74 DE 40 7C 29 E4 01 D2 73 07 83 EB AA 
	37 B1 75 5A 16 78 42 08 FD 1A AD B1 36 25 1F 65 
	BA 3B 0D 81 83 4E BA D3 73 85 95 D7 0A BE 3C 0F 
	77 10 62 C6 A4 35 FB 24 87 19 DF DC BF FA 5B 67 
	8B 3A 6E 8E 51 BC EF C4 A0 2B 29 EE 79 A3 97 A5 
	D4 8D 1D D3 B7 A4 D2 23 F9 49 85 E0 C6 D9 55 20 
	17 57 62 16 89 CE 78 DE 9A 6B DA 7F 55 F9 4D 68 
	17 2F 5B E5 48 F7 A0 25 0E 1F 7F 95 B5 EE 62 B6 
	58 62 57 21 1C FF 0B 02 53 88 2A 6A 65 A9 42 6C 
	02 44 B4 0E AB 69 E2 34 82 08 39 97 49 D4 1B AA 
	56 CF 11 E0 F7 6F 86 45 5C 8F 96 5B 20 4B 31 72 
	51 10 2D DC BB 51 15 E8 99 71 B6 8C 48 A0 A8 DC 
	60 74 8F 31 28 5F B0 34 49 C4 6D 36 C0 81 79 C7 
	3B 3C CB 1A 0F 0C B3 D6 A2 C9 54 AE 19 5F 6B CE 
	82 4C 7A 30 80 FB 0B B7 CD 5C 03 A4 DC D9 EE A6 
hash_msg1_raw (size 32):
	8C 7A 89 A3 1D 30 7F 61 12 6E A4 21 FE F3 6F A9 
	0B 90 CB 65 8E 2D 13 E7 4F EE 26 E3 F2 7D CD E1 
Input to calculate TH_2 (CBOR Sequence) (size 1157):
	59 04 60 27 B1 D6 35 A6 63 38 2D 99 E0 31 B3 E9 
	A5 D6 82 A0 95 45 04 93 56 AF 6F 13 54 DE D1 3E 
	D2 9C 72 22 34 0E 2B 57 B7 75 F8 FB 4C A1 20 CA 
	DB DD 5A 7D D4 C4 47 64 2A 11 D2 0B 58 F6 82 9B 
	23 CA 0B 3A 8E 7A 9F 8B C1 D7 A1 80 76 78 24 D0 
	CE 00 8E 38 3F FD 17 B4 4E 8B 1D 0C 04 4A A2 1B 
	D6 9E 99 70 66 B9 A2 8F FE F9 88 7B 26 19 5B DF 
	E0 2C EC 2F EE 49 99 1C 3F 60 34 F0 30 74 6E AA 
	6D 13 D0 CF 2C 3C 73 B3 95 B6 A4 0B 20 CF EB ED 
	A0 0E 06 9E 25 DD 4C BE 82 7B 82 AC F0 87 C9 51 
	9E 0B 8E 54 71 F7 0E F7 76 4B 54 E6 A9 06 6A 5F 
	B4 73 6D 90 EC 59 C3 E9 18 98 77 77 DE 82 7E 89 
	1D 9A D4 35 D9 F6 A4 AD 3E 59 D5 45 23 BC 26 44 
	6C 4F E4 05 C5 52 DD E5 93 E7 E7 5F 1D 35 4F 18 
	F9 9D A6 A4 40 EE 56 8B 20 83 C9 BB F2 9C 20 69 
	B7 CD 3D AE BB 8E CB 5E 60 CF DE 53 AA E8 EA 78 
	0B 48 C9 E2 89 FC FC 0D DD 00 F3 53 86 18 28 55 
	42 0A 16 97 F0 7E 4A B4 B8 FF A8 D6 F2 5B 93 A0 
	D2 3E F1 C9 B5 C6 CC 05 50 C4 8E CF 5E 7A C6 86 
	FB CB 21 9F 03 1A C2 0E 12 C2 CA 95 F9 B2 5A 5A 
	BE 0C AB FB 9F BB C2 E0 59 35 FB E2 0B 4C 28 FE 
	42 DA BE 54 39 0C 50 19 B3 FB 01 DD 4A F1 D6 3E 
	15 D4 CA D0 A7 88 E3 B3 3B 11 37 1A 7C C0 76 6C 
	7B BF 09 C4 D7 0A 1D BD A3 40 17 AF 96 52 BE 88 
	E3 79 BD B5 77 2C 5F CB F8 D6 9C 26 48 3A 72 1E 
	27 34 D5 76 26 14 F0 BD B0 8B 3C 0B EF 5F 05 93 
	CE 0E 21 C3 6E A8 C1 C6 19 2B 13 66 40 A1 A5 8D 
	77 E2 4D A1 5A 1A D6 FD 7E C7 AA CB 8A 02 71 94 
	0E 4A BF EA 27 31 16 E1 6F 32 E7 54 87 1A CF 3E 
	B5 9D 83 B3 DA C7 BB C2 24 00 48 29 1C B8 10 7D 
	86 9A 62 00 6E 9E B1 6C 25 43 E6 B7 95 33 29 53 
	09 7B 66 42 CE 22 CF B0 75 FF BE 3E CE AB 0E 85 
	D8 4B B8 CF 8A B2 E1 B2 F2 35 2E 5A C9 5C 4C 6A 
	C7 F7 51 93 32 69 EA DC EF CF 45 6A 9C 0B D9 21 
	E7 66 B2 F0 AF CE 07 F1 0F 93 C5 6E 17 87 EF 82 
	37 89 E6 46 BC 9A A0 DF C6 BD 15 AA 70 1F A3 E9 
	B4 05 59 3C 63 65 E1 F7 F3 31 4B 56 7D 70 67 9C 
	C0 9D 15 38 72 23 26 83 A3 0C F8 88 21 19 03 9C 
	9E 1C AB 4C D0 32 85 00 C7 D5 8D F1 40 28 5F 98 
	9D 08 FE 89 ED BA 1A 7A FC BC 24 4A 0B F1 81 D2 
	88 8F 7B 81 57 1B 17 4D 2E 8F A4 46 08 79 C8 41 
	DB 65 32 D1 D4 E9 BE F9 C0 7B C2 C9 AE FA 52 82 
	2C 4B D4 75 02 87 A4 BD D0 5E 02 5B 77 E3 F0 97 
	C9 02 59 D6 02 00 BE F3 C8 89 BD 0B 92 15 8C E9 
	A0 5C 68 0C 81 33 61 74 35 16 BF 07 03 C0 81 0A 
	62 7A 31 B3 C2 7F 84 27 58 6C B3 BA A0 47 F7 F0 
	71 31 F1 1D 84 15 1F 1A 80 32 F4 B7 23 76 82 B7 
	AD 1C FC 02 74 A3 24 AE 63 8F AE 31 3E 0A D0 77 
	57 C7 21 A8 FB A4 B7 94 9B 25 55 41 22 DC C3 2F 
	7C 6F 54 A4 6D DF C7 00 E6 50 F6 48 37 6B 12 A1 
	95 78 64 F5 51 28 8C 77 B3 BD C1 52 E5 45 9C 42 
	3B 57 D4 CB 92 AA 0F DC 09 FC 36 FF 0E 96 C1 51 
	FD F0 D3 43 4B E9 0C F1 2B 60 83 51 34 1C B7 0F 
	3E B2 CB 59 14 ED 4B 48 EA 29 FE 7F E3 E7 E5 51 
	04 5B 19 F8 14 39 C2 BD 5D 74 19 53 56 4C B6 F9 
	13 1A 18 1E 2B 8B 74 DE 40 7C 29 E4 01 D2 73 07 
	83 EB AA 37 B1 75 5A 16 78 42 08 FD 1A AD B1 36 
	25 1F 65 BA 3B 0D 81 83 4E BA D3 73 85 95 D7 0A 
	BE 3C 0F 77 10 62 C6 A4 35 FB 24 87 19 DF DC BF 
	FA 5B 67 8B 3A 6E 8E 51 BC EF C4 A0 2B 29 EE 79 
	A3 97 A5 D4 8D 1D D3 B7 A4 D2 23 F9 49 85 E0 C6 
	D9 55 20 17 57 62 16 89 CE 78 DE 9A 6B DA 7F 55 
	F9 4D 68 17 2F 5B E5 48 F7 A0 25 0E 1F 7F 95 B5 
	EE 62 B6 58 62 57 21 1C FF 0B 02 53 88 2A 6A 65 
	A9 42 6C 02 44 B4 0E AB 69 E2 34 82 08 39 97 49 
	D4 1B AA 56 CF 11 E0 F7 6F 86 45 5C 8F 96 5B 20 
	4B 31 72 51 10 2D DC BB 51 15 E8 99 71 B6 8C 48 
	A0 A8 DC 60 74 8F 31 28 5F B0 34 49 C4 6D 36 C0 
	81 79 C7 3B 3C CB 1A 0F 0C B3 D6 A2 C9 54 AE 19 
	5F 6B CE 82 4C 7A 30 80 FB 0B B7 CD 5C 03 A4 DC 
	D9 EE A6 58 20 8C 7A 89 A3 1D 30 7F 61 12 6E A4 
	21 FE F3 6F A9 0B 90 CB 65 8E 2D 13 E7 4F EE 26 
	E3 F2 7D CD E1 
TH2 (size 32):
	8B DA 95 71 30 DD B7 AF 97 4D 54 D0 F1 FD 84 C2 
	24 AF 2E 18 79 BB 72 C4 0B 0F 97 0F BD AB DD 86 
TH_2 (size 32):
	8B DA 95 71 30 DD B7 AF 97 4D 54 D0 F1 FD 84 C2 
	24 AF 2E 18 79 BB 72 C4 0B 0F 97 0F BD AB DD 86 
PRK_2e (first DH derivation) (size 32):
	F8 6F 0D 35 3E 0D DF 3A 86 C1 C9 AC CD 32 63 40 
	66 99 04 F4 5B FA 47 F9 14 9C C1 3B C7 2F 02 5D 
PRK_2e_b (second KEM derivation) (size 32):
	F2 05 61 6F CD 63 57 DA 92 6C F6 1B 6F 72 F7 63 
	EF 76 DC BE 82 EC 7A A6 69 02 7E DF 82 3C 71 9D 
PRK_2e final (size 32):
	F2 05 61 6F CD 63 57 DA 92 6C F6 1B 6F 72 F7 63 
	EF 76 DC BE 82 EC 7A A6 69 02 7E DF 82 3C 71 9D 
SHARED SECRET DERIVE
dh_secret (size 32):
	16 97 10 01 99 18 A8 54 1B A3 52 5C 8E 48 5B E2 
	43 22 F8 E6 D1 35 A8 7C 69 E0 DF CC 76 8E ED 5B 
SALT_3e2m or SALT4e3m (size 32):
	D8 60 4B 84 B3 D5 D6 B8 1C 60 54 21 4D 63 F6 A0 
	41 DE FC 0B 4B A0 0D DD 82 E4 20 8F 9A EF D2 66 
prk_3e2m (size 32):
	54 77 48 46 32 83 9A 98 48 51 69 E3 86 EC 3B BA 
	68 F1 0A 01 8B 7D 8D 12 A0 95 68 5D 3C BE D6 70 
Signature len 500 - 64
TMP size: 32
CBOR ENCODE ERROR: 0
MAX ID CRED: 400 cred len 3
MAX CRED: 765 cred len 3
PK SIZE: 65
SIGNATURE SIZE: 500
CONTEXT_MAC_SIZE: 1204
CONTEXT_MAC len: 42
CR len: 2
TH enc len: 34
TMP size: 1
CBOR ENCODE ERROR: 0
MAC context (size 42):
	41 A1 A1 04 01 58 20 8B DA 95 71 30 DD B7 AF 97 
	4D 54 D0 F1 FD 84 C2 24 AF 2E 18 79 BB 72 C4 0B 
	0F 97 0F BD AB DD 86 A1 04 01 
MAC 2/3 (size 8):
	DF 0A 69 F5 76 F5 9D 65 
TMP size: 8
CBOR ENCODE ERROR: 0
TMP size: 1
CBOR ENCODE ERROR: 0
kid (size 1):
	01 
KEYSTREAM_2 (size 12):
	F6 BF B2 7E F5 F1 F0 00 2B D1 35 89 
ciphertext_2/3/4 (size 12):
	B7 1E B3 36 2A FB 99 F5 5D 24 A8 EC 
TMP size: 1132
CBOR ENCODE ERROR: 0
message_2 (CBOR Sequence) (size 1135):
	59 04 6C 27 B1 D6 35 A6 63 38 2D 99 E0 31 B3 E9 
	A5 D6 82 A0 95 45 04 93 56 AF 6F 13 54 DE D1 3E 
	D2 9C 72 22 34 0E 2B 57 B7 75 F8 FB 4C A1 20 CA 
	DB DD 5A 7D D4 C4 47 64 2A 11 D2 0B 58 F6 82 9B 
	23 CA 0B 3A 8E 7A 9F 8B C1 D7 A1 80 76 78 24 D0 
	CE 00 8E 38 3F FD 17 B4 4E 8B 1D 0C 04 4A A2 1B 
	D6 9E 99 70 66 B9 A2 8F FE F9 88 7B 26 19 5B DF 
	E0 2C EC 2F EE 49 99 1C 3F 60 34 F0 30 74 6E AA 
	6D 13 D0 CF 2C 3C 73 B3 95 B6 A4 0B 20 CF EB ED 
	A0 0E 06 9E 25 DD 4C BE 82 7B 82 AC F0 87 C9 51 
	9E 0B 8E 54 71 F7 0E F7 76 4B 54 E6 A9 06 6A 5F 
	B4 73 6D 90 EC 59 C3 E9 18 98 77 77 DE 82 7E 89 
	1D 9A D4 35 D9 F6 A4 AD 3E 59 D5 45 23 BC 26 44 
	6C 4F E4 05 C5 52 DD E5 93 E7 E7 5F 1D 35 4F 18 
	F9 9D A6 A4 40 EE 56 8B 20 83 C9 BB F2 9C 20 69 
	B7 CD 3D AE BB 8E CB 5E 60 CF DE 53 AA E8 EA 78 
	0B 48 C9 E2 89 FC FC 0D DD 00 F3 53 86 18 28 55 
	42 0A 16 97 F0 7E 4A B4 B8 FF A8 D6 F2 5B 93 A0 
	D2 3E F1 C9 B5 C6 CC 05 50 C4 8E CF 5E 7A C6 86 
	FB CB 21 9F 03 1A C2 0E 12 C2 CA 95 F9 B2 5A 5A 
	BE 0C AB FB 9F BB C2 E0 59 35 FB E2 0B 4C 28 FE 
	42 DA BE 54 39 0C 50 19 B3 FB 01 DD 4A F1 D6 3E 
	15 D4 CA D0 A7 88 E3 B3 3B 11 37 1A 7C C0 76 6C 
	7B BF 09 C4 D7 0A 1D BD A3 40 17 AF 96 52 BE 88 
	E3 79 BD B5 77 2C 5F CB F8 D6 9C 26 48 3A 72 1E 
	27 34 D5 76 26 14 F0 BD B0 8B 3C 0B EF 5F 05 93 
	CE 0E 21 C3 6E A8 C1 C6 19 2B 13 66 40 A1 A5 8D 
	77 E2 4D A1 5A 1A D6 FD 7E C7 AA CB 8A 02 71 94 
	0E 4A BF EA 27 31 16 E1 6F 32 E7 54 87 1A CF 3E 
	B5 9D 83 B3 DA C7 BB C2 24 00 48 29 1C B8 10 7D 
	86 9A 62 00 6E 9E B1 6C 25 43 E6 B7 95 33 29 53 
	09 7B 66 42 CE 22 CF B0 75 FF BE 3E CE AB 0E 85 
	D8 4B B8 CF 8A B2 E1 B2 F2 35 2E 5A C9 5C 4C 6A 
	C7 F7 51 93 32 69 EA DC EF CF 45 6A 9C 0B D9 21 
	E7 66 B2 F0 AF CE 07 F1 0F 93 C5 6E 17 87 EF 82 
	37 89 E6 46 BC 9A A0 DF C6 BD 15 AA 70 1F A3 E9 
	B4 05 59 3C 63 65 E1 F7 F3 31 4B 56 7D 70 67 9C 
	C0 9D 15 38 72 23 26 83 A3 0C F8 88 21 19 03 9C 
	9E 1C AB 4C D0 32 85 00 C7 D5 8D F1 40 28 5F 98 
	9D 08 FE 89 ED BA 1A 7A FC BC 24 4A 0B F1 81 D2 
	88 8F 7B 81 57 1B 17 4D 2E 8F A4 46 08 79 C8 41 
	DB 65 32 D1 D4 E9 BE F9 C0 7B C2 C9 AE FA 52 82 
	2C 4B D4 75 02 87 A4 BD D0 5E 02 5B 77 E3 F0 97 
	C9 02 59 D6 02 00 BE F3 C8 89 BD 0B 92 15 8C E9 
	A0 5C 68 0C 81 33 61 74 35 16 BF 07 03 C0 81 0A 
	62 7A 31 B3 C2 7F 84 27 58 6C B3 BA A0 47 F7 F0 
	71 31 F1 1D 84 15 1F 1A 80 32 F4 B7 23 76 82 B7 
	AD 1C FC 02 74 A3 24 AE 63 8F AE 31 3E 0A D0 77 
	57 C7 21 A8 FB A4 B7 94 9B 25 55 41 22 DC C3 2F 
	7C 6F 54 A4 6D DF C7 00 E6 50 F6 48 37 6B 12 A1 
	95 78 64 F5 51 28 8C 77 B3 BD C1 52 E5 45 9C 42 
	3B 57 D4 CB 92 AA 0F DC 09 FC 36 FF 0E 96 C1 51 
	FD F0 D3 43 4B E9 0C F1 2B 60 83 51 34 1C B7 0F 
	3E B2 CB 59 14 ED 4B 48 EA 29 FE 7F E3 E7 E5 51 
	04 5B 19 F8 14 39 C2 BD 5D 74 19 53 56 4C B6 F9 
	13 1A 18 1E 2B 8B 74 DE 40 7C 29 E4 01 D2 73 07 
	83 EB AA 37 B1 75 5A 16 78 42 08 FD 1A AD B1 36 
	25 1F 65 BA 3B 0D 81 83 4E BA D3 73 85 95 D7 0A 
	BE 3C 0F 77 10 62 C6 A4 35 FB 24 87 19 DF DC BF 
	FA 5B 67 8B 3A 6E 8E 51 BC EF C4 A0 2B 29 EE 79 
	A3 97 A5 D4 8D 1D D3 B7 A4 D2 23 F9 49 85 E0 C6 
	D9 55 20 17 57 62 16 89 CE 78 DE 9A 6B DA 7F 55 
	F9 4D 68 17 2F 5B E5 48 F7 A0 25 0E 1F 7F 95 B5 
	EE 62 B6 58 62 57 21 1C FF 0B 02 53 88 2A 6A 65 
	A9 42 6C 02 44 B4 0E AB 69 E2 34 82 08 39 97 49 
	D4 1B AA 56 CF 11 E0 F7 6F 86 45 5C 8F 96 5B 20 
	4B 31 72 51 10 2D DC BB 51 15 E8 99 71 B6 8C 48 
	A0 A8 DC 60 74 8F 31 28 5F B0 34 49 C4 6D 36 C0 
	81 79 C7 3B 3C CB 1A 0F 0C B3 D6 A2 C9 54 AE 19 
	5F 6B CE 82 4C 7A 30 80 FB 0B B7 CD 5C 03 A4 DC 
	D9 EE A6 B7 1E B3 36 2A FB 99 F5 5D 24 A8 EC 
th23 (size 32):
	8B DA 95 71 30 DD B7 AF 97 4D 54 D0 F1 FD 84 C2 
	24 AF 2E 18 79 BB 72 C4 0B 0F 97 0F BD AB DD 86 
plaintext_23 (size 12):
	41 A1 01 48 DF 0A 69 F5 76 F5 9D 65 
cred (size 3):
	A1 04 01 
TMP size: 32
CBOR ENCODE ERROR: 0
Encoded
memcopy1
memcopy2
Input to calculate TH_3/TH_4 (CBOR Sequence) (size 49):
	58 20 8B DA 95 71 30 DD B7 AF 97 4D 54 D0 F1 FD 
	84 C2 24 AF 2E 18 79 BB 72 C4 0B 0F 97 0F BD AB 
	DD 86 41 A1 01 48 DF 0A 69 F5 76 F5 9D 65 A1 04 
	01 
TH34 (size 32):
	86 02 8C 7B 26 43 3A EA 01 0F 20 E3 BA 8A 8D 43 
	3B 54 EE 2E 01 C6 25 9B A2 79 52 0F 6D C0 89 7B 
msg2 generated
msg2 (size 1135):
	59 04 6C 27 B1 D6 35 A6 63 38 2D 99 E0 31 B3 E9 
	A5 D6 82 A0 95 45 04 93 56 AF 6F 13 54 DE D1 3E 
	D2 9C 72 22 34 0E 2B 57 B7 75 F8 FB 4C A1 20 CA 
	DB DD 5A 7D D4 C4 47 64 2A 11 D2 0B 58 F6 82 9B 
	23 CA 0B 3A 8E 7A 9F 8B C1 D7 A1 80 76 78 24 D0 
	CE 00 8E 38 3F FD 17 B4 4E 8B 1D 0C 04 4A A2 1B 
	D6 9E 99 70 66 B9 A2 8F FE F9 88 7B 26 19 5B DF 
	E0 2C EC 2F EE 49 99 1C 3F 60 34 F0 30 74 6E AA 
	6D 13 D0 CF 2C 3C 73 B3 95 B6 A4 0B 20 CF EB ED 
	A0 0E 06 9E 25 DD 4C BE 82 7B 82 AC F0 87 C9 51 
	9E 0B 8E 54 71 F7 0E F7 76 4B 54 E6 A9 06 6A 5F 
	B4 73 6D 90 EC 59 C3 E9 18 98 77 77 DE 82 7E 89 
	1D 9A D4 35 D9 F6 A4 AD 3E 59 D5 45 23 BC 26 44 
	6C 4F E4 05 C5 52 DD E5 93 E7 E7 5F 1D 35 4F 18 
	F9 9D A6 A4 40 EE 56 8B 20 83 C9 BB F2 9C 20 69 
	B7 CD 3D AE BB 8E CB 5E 60 CF DE 53 AA E8 EA 78 
	0B 48 C9 E2 89 FC FC 0D DD 00 F3 53 86 18 28 55 
	42 0A 16 97 F0 7E 4A B4 B8 FF A8 D6 F2 5B 93 A0 
	D2 3E F1 C9 B5 C6 CC 05 50 C4 8E CF 5E 7A C6 86 
	FB CB 21 9F 03 1A C2 0E 12 C2 CA 95 F9 B2 5A 5A 
	BE 0C AB FB 9F BB C2 E0 59 35 FB E2 0B 4C 28 FE 
	42 DA BE 54 39 0C 50 19 B3 FB 01 DD 4A F1 D6 3E 
	15 D4 CA D0 A7 88 E3 B3 3B 11 37 1A 7C C0 76 6C 
	7B BF 09 C4 D7 0A 1D BD A3 40 17 AF 96 52 BE 88 
	E3 79 BD B5 77 2C 5F CB F8 D6 9C 26 48 3A 72 1E 
	27 34 D5 76 26 14 F0 BD B0 8B 3C 0B EF 5F 05 93 
	CE 0E 21 C3 6E A8 C1 C6 19 2B 13 66 40 A1 A5 8D 
	77 E2 4D A1 5A 1A D6 FD 7E C7 AA CB 8A 02 71 94 
	0E 4A BF EA 27 31 16 E1 6F 32 E7 54 87 1A CF 3E 
	B5 9D 83 B3 DA C7 BB C2 24 00 48 29 1C B8 10 7D 
	86 9A 62 00 6E 9E B1 6C 25 43 E6 B7 95 33 29 53 
	09 7B 66 42 CE 22 CF B0 75 FF BE 3E CE AB 0E 85 
	D8 4B B8 CF 8A B2 E1 B2 F2 35 2E 5A C9 5C 4C 6A 
	C7 F7 51 93 32 69 EA DC EF CF 45 6A 9C 0B D9 21 
	E7 66 B2 F0 AF CE 07 F1 0F 93 C5 6E 17 87 EF 82 
	37 89 E6 46 BC 9A A0 DF C6 BD 15 AA 70 1F A3 E9 
	B4 05 59 3C 63 65 E1 F7 F3 31 4B 56 7D 70 67 9C 
	C0 9D 15 38 72 23 26 83 A3 0C F8 88 21 19 03 9C 
	9E 1C AB 4C D0 32 85 00 C7 D5 8D F1 40 28 5F 98 
	9D 08 FE 89 ED BA 1A 7A FC BC 24 4A 0B F1 81 D2 
	88 8F 7B 81 57 1B 17 4D 2E 8F A4 46 08 79 C8 41 
	DB 65 32 D1 D4 E9 BE F9 C0 7B C2 C9 AE FA 52 82 
	2C 4B D4 75 02 87 A4 BD D0 5E 02 5B 77 E3 F0 97 
	C9 02 59 D6 02 00 BE F3 C8 89 BD 0B 92 15 8C E9 
	A0 5C 68 0C 81 33 61 74 35 16 BF 07 03 C0 81 0A 
	62 7A 31 B3 C2 7F 84 27 58 6C B3 BA A0 47 F7 F0 
	71 31 F1 1D 84 15 1F 1A 80 32 F4 B7 23 76 82 B7 
	AD 1C FC 02 74 A3 24 AE 63 8F AE 31 3E 0A D0 77 
	57 C7 21 A8 FB A4 B7 94 9B 25 55 41 22 DC C3 2F 
	7C 6F 54 A4 6D DF C7 00 E6 50 F6 48 37 6B 12 A1 
	95 78 64 F5 51 28 8C 77 B3 BD C1 52 E5 45 9C 42 
	3B 57 D4 CB 92 AA 0F DC 09 FC 36 FF 0E 96 C1 51 
	FD F0 D3 43 4B E9 0C F1 2B 60 83 51 34 1C B7 0F 
	3E B2 CB 59 14 ED 4B 48 EA 29 FE 7F E3 E7 E5 51 
	04 5B 19 F8 14 39 C2 BD 5D 74 19 53 56 4C B6 F9 
	13 1A 18 1E 2B 8B 74 DE 40 7C 29 E4 01 D2 73 07 
	83 EB AA 37 B1 75 5A 16 78 42 08 FD 1A AD B1 36 
	25 1F 65 BA 3B 0D 81 83 4E BA D3 73 85 95 D7 0A 
	BE 3C 0F 77 10 62 C6 A4 35 FB 24 87 19 DF DC BF 
	FA 5B 67 8B 3A 6E 8E 51 BC EF C4 A0 2B 29 EE 79 
	A3 97 A5 D4 8D 1D D3 B7 A4 D2 23 F9 49 85 E0 C6 
	D9 55 20 17 57 62 16 89 CE 78 DE 9A 6B DA 7F 55 
	F9 4D 68 17 2F 5B E5 48 F7 A0 25 0E 1F 7F 95 B5 
	EE 62 B6 58 62 57 21 1C FF 0B 02 53 88 2A 6A 65 
	A9 42 6C 02 44 B4 0E AB 69 E2 34 82 08 39 97 49 
	D4 1B AA 56 CF 11 E0 F7 6F 86 45 5C 8F 96 5B 20 
	4B 31 72 51 10 2D DC BB 51 15 E8 99 71 B6 8C 48 
	A0 A8 DC 60 74 8F 31 28 5F B0 34 49 C4 6D 36 C0 
	81 79 C7 3B 3C CB 1A 0F 0C B3 D6 A2 C9 54 AE 19 
	5F 6B CE 82 4C 7A 30 80 FB 0B B7 CD 5C 03 A4 DC 
	D9 EE A6 B7 1E B3 36 2A FB 99 F5 5D 24 A8 EC 
ead prcessed
[resp] tx sent 1135 bytes
mesage tx
waiting to receive
[resp] rx got 21 bytes
received
CIPHERTEXT_3 (size 20):
	DA 1A 3D D5 9B 4D DA DF 54 36 E6 0D 91 F0 B1 5F 
	A6 A3 BF F0 
PLAINTEXT3_SIZE: 903
ctxt3.len: 20
K_3 (size 16):
	40 C1 B6 A4 2D 76 93 3F 44 64 C4 2F 64 D7 E8 8B 
IV_3 (size 13):
	C8 A8 00 52 E4 13 3C 97 75 28 15 8D AA 
associated_data (size 45):
	83 68 45 6E 63 72 79 70 74 30 40 58 20 86 02 8C 
	7B 26 43 3A EA 01 0F 20 E3 BA 8A 8D 43 3B 54 EE 
	2E 01 C6 25 9B A2 79 52 0F 6D C0 89 7B 
plaintext (size 12):
	A1 04 00 48 EC 1C E8 9E A6 0F F7 9A 
ID_CRED (size 3):
	A1 04 00 
sign_or_mac (size 8):
	EC 1C E8 9E A6 0F F7 9A 
[cred] lookup ID_CRED len=3
A10400
[cred] cred_array entries: 1
[cred] candidate[0] len=3 A10400
SHARED SECRET DERIVE
dh_secret (size 32):
	6C AA 7E E1 BA D2 D5 D5 C3 6D 15 AA 95 09 CF D4 
	84 71 E2 B0 43 B8 D2 92 C7 78 9F 3C 1B 1B 6C 3F 
SALT_3e2m or SALT4e3m (size 32):
	0F 29 C4 87 91 78 AA A5 E8 12 15 1B F3 0D C3 CE 
	26 7A 6F 61 44 EB 77 51 D1 AD 39 70 3B CE 23 4A 
prk_4e3m (size 32):
	B6 DA 3F 69 10 AB F1 42 08 7F FE CE F1 AB E7 DC 
	EA 18 58 64 E0 41 B5 34 95 77 37 E8 6B E8 74 90 
TMP size: 32
CBOR ENCODE ERROR: 0
MAX ID CRED: 400 cred len 3
MAX CRED: 765 cred len 3
PK SIZE: 65
SIGNATURE SIZE: 500
CONTEXT_MAC_SIZE: 1204
CONTEXT_MAC len: 41
CR len: 1
TH enc len: 34
MAC context (size 40):
	A1 04 00 58 20 86 02 8C 7B 26 43 3A EA 01 0F 20 
	E3 BA 8A 8D 43 3B 54 EE 2E 01 C6 25 9B A2 79 52 
	0F 6D C0 89 7B A1 04 00 
MAC 2/3 (size 8):
	EC 1C E8 9E A6 0F F7 9A 
th23 (size 32):
	86 02 8C 7B 26 43 3A EA 01 0F 20 E3 BA 8A 8D 43 
	3B 54 EE 2E 01 C6 25 9B A2 79 52 0F 6D C0 89 7B 
plaintext_23 (size 12):
	A1 04 00 48 EC 1C E8 9E A6 0F F7 9A 
cred (size 3):
	A1 04 00 
TMP size: 32
CBOR ENCODE ERROR: 0
Encoded
memcopy1
memcopy2
Input to calculate TH_3/TH_4 (CBOR Sequence) (size 49):
	58 20 86 02 8C 7B 26 43 3A EA 01 0F 20 E3 BA 8A 
	8D 43 3B 54 EE 2E 01 C6 25 9B A2 79 52 0F 6D C0 
	89 7B A1 04 00 48 EC 1C E8 9E A6 0F F7 9A A1 04 
	00 
TH34 (size 32):
	54 0B F7 1D D7 C2 D7 7B 39 D8 98 57 CF 69 91 7D 
	B5 79 B3 86 71 05 0B BE C9 06 08 5F AE BB 90 14 
[resp] edhoc_responder_run completed
PRK_out (size 32):
	19 B5 A8 FD 42 84 2F 56 31 D9 09 6B E2 96 AE 5C 
	74 B0 CD 93 62 5F 03 73 94 24 15 34 A8 6C 7D D4 
prk_exporter (size 32):
	D0 4A EE 34 67 0E 25 12 CE 2C AE 49 D2 75 1A 80 
	F1 88 09 00 B8 FB 1A 85 20 32 D8 37 A8 FD 2E 3B 
OSCORE Master Secret (size 16):
	12 21 42 69 29 EF D2 E8 49 11 20 CC BE 30 15 FA 
OSCORE Master Salt (size 8):
	36 03 80 42 5A 29 2B B3 
