NO DEFINED LIBOQS
initiator test vector number 2:initator cipher suit: (size 1):
	02 
initiator sk size:32 
initiator pk size:65 
secret ephemeral DH key (size 32):
	8A F6 F4 30 EB E1 8D 34 18 40 17 A9 A1 1B F5 11 
	C8 DF F8 F8 34 73 0B 96 C1 B7 C8 DB CA 2F C3 B6 
public ephemeral DH key (size 32):
	36 8E C1 F6 9A EB 65 9B A3 7D 5A 8D 45 B2 1B DC 
	02 99 DC EA A8 EF 23 5F 3C A4 2C E3 53 0F 95 25 
IPv4 client to connect to server with address 127.0.0.1 started!
MSG1 gx (size 32):
	8A F6 F4 30 EB E1 8D 34 18 40 17 A9 A1 1B F5 11 
	C8 DF F8 F8 34 73 0B 96 C1 B7 C8 DB CA 2F C3 B6 
X (eph -rpivate I) (size 32):
	36 8E C1 F6 9A EB 65 9B A3 7D 5A 8D 45 B2 1B DC 
	02 99 DC EA A8 EF 23 5F 3C A4 2C E3 53 0F 95 25 
C_I (size 1):
	37 
message_1 (CBOR Sequence) (size 37):
	00 02 58 20 8A F6 F4 30 EB E1 8D 34 18 40 17 A9 
	A1 1B F5 11 C8 DF F8 F8 34 73 0B 96 C1 B7 C8 DB 
	CA 2F C3 B6 37 
MSG: (size 37):
	00 02 58 20 8A F6 F4 30 EB E1 8D 34 18 40 17 A9 
	A1 1B F5 11 C8 DF F8 F8 34 73 0B 96 C1 B7 C8 DB 
	CA 2F C3 B6 37 
Max MSG2 size 2027
Set gy to the dh key size for DH
message_2 (CBOR Sequence) (size 115):
	58 71 58 B8 48 E9 9A A1 6F 8D 21 FC 6C 56 4B E8 
	CB 1E 34 35 3E D1 2E 6F 54 39 70 2F D3 D5 9A B6 
	E9 52 64 7E A7 CE 24 DD B9 4B 02 E5 4A 6F 40 CA 
	D7 BD CD 63 E3 35 07 39 D7 A6 E0 7B C5 37 B0 BB 
	31 70 BE 8F FD 16 9B 51 23 BC 60 84 63 FF 44 10 
	A6 63 27 1A 21 13 D2 DF 4D 1A B5 BE 36 3A C3 AD 
	25 29 FA C2 BC 76 34 6D A2 0B 66 AE E4 D5 5F 69 
	35 E0 55 
g_y (size 32):
	58 B8 48 E9 9A A1 6F 8D 21 FC 6C 56 4B E8 CB 1E 
	34 35 3E D1 2E 6F 54 39 70 2F D3 D5 9A B6 E9 52 
ciphertext2 (size 81):
	64 7E A7 CE 24 DD B9 4B 02 E5 4A 6F 40 CA D7 BD 
	CD 63 E3 35 07 39 D7 A6 E0 7B C5 37 B0 BB 31 70 
	BE 8F FD 16 9B 51 23 BC 60 84 63 FF 44 10 A6 63 
	27 1A 21 13 D2 DF 4D 1A B5 BE 36 3A C3 AD 25 29 
	FA C2 BC 76 34 6D A2 0B 66 AE E4 D5 5F 69 35 E0 
	55 
PQ/T Hybrid array foe g_xy_KEM
x  (size 32):
	36 8E C1 F6 9A EB 65 9B A3 7D 5A 8D 45 B2 1B DC 
	02 99 DC EA A8 EF 23 5F 3C A4 2C E3 53 0F 95 25 
gy  (size 32):
	58 B8 48 E9 9A A1 6F 8D 21 FC 6C 56 4B E8 CB 1E 
	34 35 3E D1 2E 6F 54 39 70 2F D3 D5 9A B6 E9 52 
SHARED SECRET DERIVE
P256 in DH
pk_decompressed tinycript (size 64):
	58 B8 48 E9 9A A1 6F 8D 21 FC 6C 56 4B E8 CB 1E 
	34 35 3E D1 2E 6F 54 39 70 2F D3 D5 9A B6 E9 52 
	8C 0D 7D 70 85 17 4C 62 4C 30 81 1D 02 D3 31 C4 
	A5 53 A7 FC 8D 15 BC 85 4B A0 ED 45 69 90 A9 9A 
G_XY (ECDH shared secret)  (size 32):
	68 D5 56 F4 78 A6 53 36 CA 1A 2B 3C 8A D1 98 48 
	FF 1D 23 1F 14 00 32 54 78 08 5B CA 68 E3 D3 93 
hash_msg1_raw (size 32):
	C7 93 1F CA 62 16 CA BC B5 A9 AB 7B 17 61 AE 46 
	78 94 6B A4 F6 0B 6D E1 63 14 69 18 2A 4E 67 26 
Input to calculate TH_2 (CBOR Sequence) (size 68):
	58 20 58 B8 48 E9 9A A1 6F 8D 21 FC 6C 56 4B E8 
	CB 1E 34 35 3E D1 2E 6F 54 39 70 2F D3 D5 9A B6 
	E9 52 58 20 C7 93 1F CA 62 16 CA BC B5 A9 AB 7B 
	17 61 AE 46 78 94 6B A4 F6 0B 6D E1 63 14 69 18 
	2A 4E 67 26 
TH2 (size 32):
	2A DF A4 4D C6 95 05 AF D9 B1 34 E6 4F F4 A0 58 
	C0 7D 2D 8A EB EF 61 4A 89 40 14 24 94 78 26 B6 
TH_2 (size 32):
	2A DF A4 4D C6 95 05 AF D9 B1 34 E6 4F F4 A0 58 
	C0 7D 2D 8A EB EF 61 4A 89 40 14 24 94 78 26 B6 
PRK_2e (size 32):
	40 CB 3B 73 F9 84 C2 B0 37 DE A7 FB 78 DC A4 D4 
	20 95 E3 20 18 91 89 C1 2C 7B EE B3 B5 2C 3B C9 
KEYSTREAM_2 (size 81):
	43 DF BF EC A6 F3 F1 7F 82 10 B0 6E E8 61 23 E5 
	8D DA AC 1F 34 18 03 87 FC 38 12 7E 27 4F A2 17 
	8E 8D 1B 8E 18 3E 4F E6 A8 B8 9B 7D 87 25 4C EB 
	24 85 1C 7B AA E8 CE DC B3 DA 61 27 10 68 C6 AC 
	8D 6C 35 A3 F0 52 7C C0 37 69 F9 75 76 D2 BA 42 
	EA 
associated_data (size 45):
	83 68 45 6E 63 72 79 70 74 30 40 58 20 2A DF A4 
	4D C6 95 05 AF D9 B1 34 E6 4F F4 A0 58 C0 7D 2D 
	8A EB EF 61 4A 89 40 14 24 94 78 26 B6 
plaintext (size 81):
	27 A1 18 22 82 2E 48 34 80 F5 FA 01 A8 AB F4 58 
	40 B9 4F 2A 33 21 D4 21 1C 43 D7 49 97 F4 93 67 
	30 02 E6 98 83 6F 6C 5A C8 3C F8 82 C3 35 EA 88 
	03 9F 3D 68 78 37 83 C6 06 64 57 1D D3 C5 E3 85 
	77 AE 89 D5 C4 3F DE CB 51 C7 1D A0 29 BB 8F A2 
	BF 
C_R (raw) (size 1):
	27 
ID_CRED (size 14):
	A1 18 22 82 2E 48 34 80 F5 FA 01 A8 AB F4 
sign_or_mac (size 64):
	B9 4F 2A 33 21 D4 21 1C 43 D7 49 97 F4 93 67 30 
	02 E6 98 83 6F 6C 5A C8 3C F8 82 C3 35 EA 88 03 
	9F 3D 68 78 37 83 C6 06 64 57 1D D3 C5 E3 85 77 
	AE 89 D5 C4 3F DE CB 51 C7 1D A0 29 BB 8F A2 BF 
[cred] lookup ID_CRED len=14
A11822822E483480F5FA01A8ABF4
[cred] cred_array entries: 1
[cred] candidate[0] len=14 A11822822E483480F5FA01A8ABF4
prk_3e2m (size 32):
	40 CB 3B 73 F9 84 C2 B0 37 DE A7 FB 78 DC A4 D4 
	20 95 E3 20 18 91 89 C1 2C 7B EE B3 B5 2C 3B C9 
TMP size: 32
CBOR ENCODE ERROR: 0
MAX ID CRED: 400 cred len 14
MAX CRED: 765 cred len 293
PK SIZE: 65
SIGNATURE SIZE: 500
CONTEXT_MAC_SIZE: 1204
CONTEXT_MAC len: 343
CR len: 2
TH enc len: 34
TMP size: 1
CBOR ENCODE ERROR: 0
MAC context (size 343):
	41 27 A1 18 22 82 2E 48 34 80 F5 FA 01 A8 AB F4 
	58 20 2A DF A4 4D C6 95 05 AF D9 B1 34 E6 4F F4 
	A0 58 C0 7D 2D 8A EB EF 61 4A 89 40 14 24 94 78 
	26 B6 59 01 22 30 82 01 1E 30 81 C5 A0 03 02 01 
	02 02 04 61 E9 98 1E 30 0A 06 08 2A 86 48 CE 3D 
	04 03 02 30 15 31 13 30 11 06 03 55 04 03 0C 0A 
	45 44 48 4F 43 20 52 6F 6F 74 30 1E 17 0D 32 32 
	30 31 32 30 31 37 31 33 30 32 5A 17 0D 32 39 31 
	32 33 31 32 33 30 30 30 30 5A 30 1A 31 18 30 16 
	06 03 55 04 03 0C 0F 45 44 48 4F 43 20 52 65 73 
	70 6F 6E 64 65 72 30 59 30 13 06 07 2A 86 48 CE 
	3D 02 01 06 08 2A 86 48 CE 3D 03 01 07 03 42 00 
	04 BB C3 49 60 52 6E A4 D3 2E 94 0C AD 2A 23 41 
	48 DD C2 17 91 A1 2A FB CB AC 93 62 20 46 DD 44 
	F0 45 19 E2 57 23 6B 2A 0C E2 02 3F 09 31 F1 F3 
	86 CA 7A FD A6 4F CD E0 10 8C 22 4C 51 EA BF 60 
	72 30 0A 06 08 2A 86 48 CE 3D 04 03 02 03 48 00 
	30 45 02 20 30 19 4E F5 FC 65 C8 B7 95 CD CD 0B 
	B4 31 BF 83 EE 67 41 C1 37 0C 22 C8 EB 8E E9 ED 
	D2 A7 05 19 02 21 00 B5 83 0E 9C 89 A6 2A C7 3C 
	E1 EB CE 00 61 70 7D B8 A8 8E 23 70 9B 4A CC 58 
	A1 31 3B 13 3D 05 58 
is not DH, 32
MAC 2/3 (size 32):
	A7 FD A3 A3 50 6D 57 CC 1F 72 02 A5 29 51 0D AB 
	01 68 D8 84 2E 56 17 7E 64 8B B3 AC 43 44 D6 F1 
TMP size: 32
CBOR ENCODE ERROR: 0
Signature or MAC verification successful!
th23 (size 32):
	2A DF A4 4D C6 95 05 AF D9 B1 34 E6 4F F4 A0 58 
	C0 7D 2D 8A EB EF 61 4A 89 40 14 24 94 78 26 B6 
plaintext_23 (size 81):
	27 A1 18 22 82 2E 48 34 80 F5 FA 01 A8 AB F4 58 
	40 B9 4F 2A 33 21 D4 21 1C 43 D7 49 97 F4 93 67 
	30 02 E6 98 83 6F 6C 5A C8 3C F8 82 C3 35 EA 88 
	03 9F 3D 68 78 37 83 C6 06 64 57 1D D3 C5 E3 85 
	77 AE 89 D5 C4 3F DE CB 51 C7 1D A0 29 BB 8F A2 
	BF 
cred (size 293):
	59 01 22 30 82 01 1E 30 81 C5 A0 03 02 01 02 02 
	04 61 E9 98 1E 30 0A 06 08 2A 86 48 CE 3D 04 03 
	02 30 15 31 13 30 11 06 03 55 04 03 0C 0A 45 44 
	48 4F 43 20 52 6F 6F 74 30 1E 17 0D 32 32 30 31 
	32 30 31 37 31 33 30 32 5A 17 0D 32 39 31 32 33 
	31 32 33 30 30 30 30 5A 30 1A 31 18 30 16 06 03 
	55 04 03 0C 0F 45 44 48 4F 43 20 52 65 73 70 6F 
	6E 64 65 72 30 59 30 13 06 07 2A 86 48 CE 3D 02 
	01 06 08 2A 86 48 CE 3D 03 01 07 03 42 00 04 BB 
	C3 49 60 52 6E A4 D3 2E 94 0C AD 2A 23 41 48 DD 
	C2 17 91 A1 2A FB CB AC 93 62 20 46 DD 44 F0 45 
	19 E2 57 23 6B 2A 0C E2 02 3F 09 31 F1 F3 86 CA 
	7A FD A6 4F CD E0 10 8C 22 4C 51 EA BF 60 72 30 
	0A 06 08 2A 86 48 CE 3D 04 03 02 03 48 00 30 45 
	02 20 30 19 4E F5 FC 65 C8 B7 95 CD CD 0B B4 31 
	BF 83 EE 67 41 C1 37 0C 22 C8 EB 8E E9 ED D2 A7 
	05 19 02 21 00 B5 83 0E 9C 89 A6 2A C7 3C E1 EB 
	CE 00 61 70 7D B8 A8 8E 23 70 9B 4A CC 58 A1 31 
	3B 13 3D 05 58 
TMP size: 32
CBOR ENCODE ERROR: 0
Encoded
memcopy1
memcopy2
Input to calculate TH_3/TH_4 (CBOR Sequence) (size 408):
	58 20 2A DF A4 4D C6 95 05 AF D9 B1 34 E6 4F F4 
	A0 58 C0 7D 2D 8A EB EF 61 4A 89 40 14 24 94 78 
	26 B6 27 A1 18 22 82 2E 48 34 80 F5 FA 01 A8 AB 
	F4 58 40 B9 4F 2A 33 21 D4 21 1C 43 D7 49 97 F4 
	93 67 30 02 E6 98 83 6F 6C 5A C8 3C F8 82 C3 35 
	EA 88 03 9F 3D 68 78 37 83 C6 06 64 57 1D D3 C5 
	E3 85 77 AE 89 D5 C4 3F DE CB 51 C7 1D A0 29 BB 
	8F A2 BF 59 01 22 30 82 01 1E 30 81 C5 A0 03 02 
	01 02 02 04 61 E9 98 1E 30 0A 06 08 2A 86 48 CE 
	3D 04 03 02 30 15 31 13 30 11 06 03 55 04 03 0C 
	0A 45 44 48 4F 43 20 52 6F 6F 74 30 1E 17 0D 32 
	32 30 31 32 30 31 37 31 33 30 32 5A 17 0D 32 39 
	31 32 33 31 32 33 30 30 30 30 5A 30 1A 31 18 30 
	16 06 03 55 04 03 0C 0F 45 44 48 4F 43 20 52 65 
	73 70 6F 6E 64 65 72 30 59 30 13 06 07 2A 86 48 
	CE 3D 02 01 06 08 2A 86 48 CE 3D 03 01 07 03 42 
	00 04 BB C3 49 60 52 6E A4 D3 2E 94 0C AD 2A 23 
	41 48 DD C2 17 91 A1 2A FB CB AC 93 62 20 46 DD 
	44 F0 45 19 E2 57 23 6B 2A 0C E2 02 3F 09 31 F1 
	F3 86 CA 7A FD A6 4F CD E0 10 8C 22 4C 51 EA BF 
	60 72 30 0A 06 08 2A 86 48 CE 3D 04 03 02 03 48 
	00 30 45 02 20 30 19 4E F5 FC 65 C8 B7 95 CD CD 
	0B B4 31 BF 83 EE 67 41 C1 37 0C 22 C8 EB 8E E9 
	ED D2 A7 05 19 02 21 00 B5 83 0E 9C 89 A6 2A C7 
	3C E1 EB CE 00 61 70 7D B8 A8 8E 23 70 9B 4A CC 
	58 A1 31 3B 13 3D 05 58 
TH34 (size 32):
	A6 67 0E 8C 80 A7 B5 54 89 72 9B 1B 65 58 84 1A 
	1C F7 71 6B 63 C8 94 A0 96 9A C7 0D 0E 6A D3 6C 
prk_4e3m (size 32):
	40 CB 3B 73 F9 84 C2 B0 37 DE A7 FB 78 DC A4 D4 
	20 95 E3 20 18 91 89 C1 2C 7B EE B3 B5 2C 3B C9 
TMP size: 32
CBOR ENCODE ERROR: 0
MAX ID CRED: 400 cred len 14
MAX CRED: 765 cred len 293
PK SIZE: 65
SIGNATURE SIZE: 500
CONTEXT_MAC_SIZE: 1204
CONTEXT_MAC len: 342
CR len: 1
TH enc len: 34
MAC context (size 341):
	A1 18 22 82 2E 48 EE C7 3F CB B0 16 26 76 58 20 
	A6 67 0E 8C 80 A7 B5 54 89 72 9B 1B 65 58 84 1A 
	1C F7 71 6B 63 C8 94 A0 96 9A C7 0D 0E 6A D3 6C 
	59 01 22 30 82 01 1E 30 81 C5 A0 03 02 01 02 02 
	04 62 32 EF 6F 30 0A 06 08 2A 86 48 CE 3D 04 03 
	02 30 15 31 13 30 11 06 03 55 04 03 0C 0A 45 44 
	48 4F 43 20 52 6F 6F 74 30 1E 17 0D 32 32 30 33 
	31 37 30 38 32 31 30 33 5A 17 0D 32 39 31 32 33 
	31 32 33 30 30 30 30 5A 30 1A 31 18 30 16 06 03 
	55 04 03 0C 0F 45 44 48 4F 43 20 49 6E 69 74 69 
	61 74 6F 72 30 59 30 13 06 07 2A 86 48 CE 3D 02 
	01 06 08 2A 86 48 CE 3D 03 01 07 03 42 00 04 AC 
	75 E9 EC E3 E5 0B FC 8E D6 03 99 88 95 22 40 5C 
	47 BF 16 DF 96 66 0A 41 29 8C B4 30 7F 7E B6 6E 
	5D E6 11 38 8A 4B 8A 82 11 33 4A C7 D3 7E CB 52 
	A3 87 D2 57 E6 DB 3C 2A 93 DF 21 FF 3A FF C8 30 
	0A 06 08 2A 86 48 CE 3D 04 03 02 03 48 00 30 45 
	02 21 00 8C 32 3A 1F 33 21 38 AA B9 D0 BE AF B8 
	5F 8D 5A 44 07 3C 58 0F 59 5B C5 21 EF 91 3F 6E 
	F4 8D 11 02 20 6C 0A F1 A1 85 A4 E4 DE 06 35 36 
	99 23 1C 73 3A 6E 8D D2 DF 65 13 96 6C 91 30 15 
	2A 07 A2 BE DE 
is not DH, 32
MAC 2/3 (size 32):
	8C 8B 57 B1 C1 90 14 0F F4 B1 86 5B 35 78 28 F6 
	8D 4A 31 B9 31 AC 95 67 F8 F1 B3 E6 23 21 B3 FB 
TMP size: 32
CBOR ENCODE ERROR: 0
Signature or mac size: 64Inside the sign
signature_or_mac (is signature) (size 64):
	F9 70 7B 58 79 63 73 4D 15 6A 15 58 68 D1 F5 82 
	9A EE 16 90 75 17 41 B3 43 4D 1E 61 9F 60 C3 D2 
	63 E6 77 07 A3 17 E2 96 20 6A D5 EF AD 7A 38 8A 
	99 DD 3F DB 11 09 8D 9F D3 C6 0E D9 20 1E 44 54 
TMP size: 64
CBOR ENCODE ERROR: 0
kid (size 0):
K_3 (size 16):
	F4 FE D7 5A B0 55 32 4B E9 E5 86 46 01 F2 61 EA 
IV_3 (size 13):
	33 A7 91 0B 2C 8A 10 E3 A1 A0 93 6A 13 
aad_data (size 45):
	83 68 45 6E 63 72 79 70 74 30 40 58 20 A6 67 0E 
	8C 80 A7 B5 54 89 72 9B 1B 65 58 84 1A 1C F7 71 
	6B 63 C8 94 A0 96 9A C7 0D 0E 6A D3 6C 
ciphertext_2/3/4 (size 88):
	BB 36 DC D9 E1 84 34 79 D2 1C 91 82 32 8D D8 83 
	B0 6E D2 24 9E CC 0D 0F 6B 55 FA 68 2A 9F F5 EA 
	E2 5C 7F E2 23 78 B0 8D 59 28 FC 34 75 2B A9 32 
	53 D4 50 BE E8 E9 D9 07 C2 93 AD CC 93 2C E7 19 
	C4 21 B5 C2 27 7F 66 90 99 7E A7 54 34 47 57 7D 
	D7 B5 57 B8 F5 93 85 9C 
CIPHERTEXT: (size 88):
	BB 36 DC D9 E1 84 34 79 D2 1C 91 82 32 8D D8 83 
	B0 6E D2 24 9E CC 0D 0F 6B 55 FA 68 2A 9F F5 EA 
	E2 5C 7F E2 23 78 B0 8D 59 28 FC 34 75 2B A9 32 
	53 D4 50 BE E8 E9 D9 07 C2 93 AD CC 93 2C E7 19 
	C4 21 B5 C2 27 7F 66 90 99 7E A7 54 34 47 57 7D 
	D7 B5 57 B8 F5 93 85 9C 
MSG out size:92
TMP size: 88
CBOR ENCODE ERROR: 0
msg3 (size 90):
	58 58 BB 36 DC D9 E1 84 34 79 D2 1C 91 82 32 8D 
	D8 83 B0 6E D2 24 9E CC 0D 0F 6B 55 FA 68 2A 9F 
	F5 EA E2 5C 7F E2 23 78 B0 8D 59 28 FC 34 75 2B 
	A9 32 53 D4 50 BE E8 E9 D9 07 C2 93 AD CC 93 2C 
	E7 19 C4 21 B5 C2 27 7F 66 90 99 7E A7 54 34 47 
	57 7D D7 B5 57 B8 F5 93 85 9C 
th23 (size 32):
	A6 67 0E 8C 80 A7 B5 54 89 72 9B 1B 65 58 84 1A 
	1C F7 71 6B 63 C8 94 A0 96 9A C7 0D 0E 6A D3 6C 
plaintext_23 (size 80):
	A1 18 22 82 2E 48 EE C7 3F CB B0 16 26 76 58 40 
	F9 70 7B 58 79 63 73 4D 15 6A 15 58 68 D1 F5 82 
	9A EE 16 90 75 17 41 B3 43 4D 1E 61 9F 60 C3 D2 
	63 E6 77 07 A3 17 E2 96 20 6A D5 EF AD 7A 38 8A 
	99 DD 3F DB 11 09 8D 9F D3 C6 0E D9 20 1E 44 54 
cred (size 293):
	59 01 22 30 82 01 1E 30 81 C5 A0 03 02 01 02 02 
	04 62 32 EF 6F 30 0A 06 08 2A 86 48 CE 3D 04 03 
	02 30 15 31 13 30 11 06 03 55 04 03 0C 0A 45 44 
	48 4F 43 20 52 6F 6F 74 30 1E 17 0D 32 32 30 33 
	31 37 30 38 32 31 30 33 5A 17 0D 32 39 31 32 33 
	31 32 33 30 30 30 30 5A 30 1A 31 18 30 16 06 03 
	55 04 03 0C 0F 45 44 48 4F 43 20 49 6E 69 74 69 
	61 74 6F 72 30 59 30 13 06 07 2A 86 48 CE 3D 02 
	01 06 08 2A 86 48 CE 3D 03 01 07 03 42 00 04 AC 
	75 E9 EC E3 E5 0B FC 8E D6 03 99 88 95 22 40 5C 
	47 BF 16 DF 96 66 0A 41 29 8C B4 30 7F 7E B6 6E 
	5D E6 11 38 8A 4B 8A 82 11 33 4A C7 D3 7E CB 52 
	A3 87 D2 57 E6 DB 3C 2A 93 DF 21 FF 3A FF C8 30 
	0A 06 08 2A 86 48 CE 3D 04 03 02 03 48 00 30 45 
	02 21 00 8C 32 3A 1F 33 21 38 AA B9 D0 BE AF B8 
	5F 8D 5A 44 07 3C 58 0F 59 5B C5 21 EF 91 3F 6E 
	F4 8D 11 02 20 6C 0A F1 A1 85 A4 E4 DE 06 35 36 
	99 23 1C 73 3A 6E 8D D2 DF 65 13 96 6C 91 30 15 
	2A 07 A2 BE DE 
TMP size: 32
CBOR ENCODE ERROR: 0
Encoded
memcopy1
memcopy2
Input to calculate TH_3/TH_4 (CBOR Sequence) (size 407):
	58 20 A6 67 0E 8C 80 A7 B5 54 89 72 9B 1B 65 58 
	84 1A 1C F7 71 6B 63 C8 94 A0 96 9A C7 0D 0E 6A 
	D3 6C A1 18 22 82 2E 48 EE C7 3F CB B0 16 26 76 
	58 40 F9 70 7B 58 79 63 73 4D 15 6A 15 58 68 D1 
	F5 82 9A EE 16 90 75 17 41 B3 43 4D 1E 61 9F 60 
	C3 D2 63 E6 77 07 A3 17 E2 96 20 6A D5 EF AD 7A 
	38 8A 99 DD 3F DB 11 09 8D 9F D3 C6 0E D9 20 1E 
	44 54 59 01 22 30 82 01 1E 30 81 C5 A0 03 02 01 
	02 02 04 62 32 EF 6F 30 0A 06 08 2A 86 48 CE 3D 
	04 03 02 30 15 31 13 30 11 06 03 55 04 03 0C 0A 
	45 44 48 4F 43 20 52 6F 6F 74 30 1E 17 0D 32 32 
	30 33 31 37 30 38 32 31 30 33 5A 17 0D 32 39 31 
	32 33 31 32 33 30 30 30 30 5A 30 1A 31 18 30 16 
	06 03 55 04 03 0C 0F 45 44 48 4F 43 20 49 6E 69 
	74 69 61 74 6F 72 30 59 30 13 06 07 2A 86 48 CE 
	3D 02 01 06 08 2A 86 48 CE 3D 03 01 07 03 42 00 
	04 AC 75 E9 EC E3 E5 0B FC 8E D6 03 99 88 95 22 
	40 5C 47 BF 16 DF 96 66 0A 41 29 8C B4 30 7F 7E 
	B6 6E 5D E6 11 38 8A 4B 8A 82 11 33 4A C7 D3 7E 
	CB 52 A3 87 D2 57 E6 DB 3C 2A 93 DF 21 FF 3A FF 
	C8 30 0A 06 08 2A 86 48 CE 3D 04 03 02 03 48 00 
	30 45 02 21 00 8C 32 3A 1F 33 21 38 AA B9 D0 BE 
	AF B8 5F 8D 5A 44 07 3C 58 0F 59 5B C5 21 EF 91 
	3F 6E F4 8D 11 02 20 6C 0A F1 A1 85 A4 E4 DE 06 
	35 36 99 23 1C 73 3A 6E 8D D2 DF 65 13 96 6C 91 
	30 15 2A 07 A2 BE DE 
TH34 (size 32):
	DE CD A5 0C 5C 49 FC 69 D1 B9 49 36 67 E5 E3 7D 
	95 ED E4 98 26 BF 9E 91 B6 B6 A9 C2 7F DA 41 DF 
PRK_out (size 32):
	C5 C2 07 11 DE 7B A0 82 84 1B F6 83 9A BE BA 2E 
	C2 13 54 59 39 E6 B6 45 87 D5 5C 77 1B AE 15 B3 
prk_exporter (size 32):
	00 00 91 E2 A8 7B 67 BC 17 AF 57 19 4D 55 A7 EC 
	F4 36 9F A0 A1 FD 9E 6A 9F 87 35 85 7B EB B4 2A 
OSCORE Master Secret (size 16):
	1A 5F 7E F6 6E 0C 6C F1 A9 BA 6A 85 AF 77 1E D2 
OSCORE Master Salt (size 8):
	95 8A 0A 30 4A 01 61 3E 
