[init] get_suite
[init] suite ready (label 21)
[init] static DH keygen
[init] static sk_i (size 32):
	80 EF 6F 9E 48 BC BD F2 32 DB 1D 5C 5C 6E 8F 39 
	01 56 F5 30 5B 35 D4 B3 2F 75 FC 92 C8 12 6A 72 
[init] static g_i (size 32):
	0A 32 10 03 DE EC 5D 7F B3 6D 26 A0 26 EE CC EB 
	1F 2D C6 76 CC 44 09 8E D8 18 F6 1A 2A 21 3D 35 
[init] static responder pk
[init] static g_r (size 32):
	11 43 E1 7E 6A B4 9D 32 57 F9 5E 75 1D 52 6D A3 
	29 31 05 00 4F 9A 11 20 B4 D2 30 D5 CC 52 0F 16 
SHARED SECRET DERIVE
[init] dbg_static_ss (i,g_r) (size 32):
	63 62 7A 69 EC 73 A3 A2 62 9C 59 E1 BE D9 06 B9 
	3C 6F E1 E4 3E D2 0E 12 8D 8E 31 4C 40 FA 4D 63 
[init] ephemeral DH keygen alg -67
[init] ephemeral KEM keygen alg -67
IPv4 client to connect to server with address 127.0.0.1 started!
[init] socket ready
[init] starting edhoc_initiator_run
MSG1 gx (size 1216):
	FB B4 6F DD 17 E8 B7 0E C5 98 DE CB B6 C8 4A 15 
	29 B0 DF CF 9E DE D9 C5 F8 D3 BF 64 F5 52 D2 10 
	8E 99 51 01 41 BC 9C 99 62 05 22 7A 79 4B B8 6D 
	3C 89 3A E0 43 45 4C 22 80 44 61 87 8B 9D 30 12 
	AE 9E DB 8B 18 57 88 2B DA 21 8D 54 52 C3 B8 91 
	A7 DA 6E FC 09 5E 21 C9 B6 F2 F8 0B 95 16 B6 EA 
	23 19 20 93 8E 54 F3 90 57 06 AD 8C DB 9B B1 D8 
	78 FB 80 46 E1 62 8D E0 73 B6 C2 16 0D 93 D1 53 
	69 F2 C7 DC 68 BC 33 2B 4E EA 09 0E 1D 44 5E 96 
	FB 27 91 C6 6F EA 52 33 05 2B 12 B8 E7 57 1C C7 
	46 5C 68 78 68 B5 B1 C7 61 4E F9 A3 CD AB BC A9 
	FE 82 35 11 26 9A 02 37 73 09 19 24 D2 07 78 DF 
	16 05 E8 25 1A C1 E1 BB 73 64 4D A8 39 26 BE EA 
	68 19 FC 77 C7 A0 8F E2 33 78 9A A6 37 A3 80 2A 
	F0 EA 8B 5A DA BF DD 34 7A 6E 8A 71 B9 F8 2C A6 
	E2 06 D1 25 00 B0 80 BE 27 5A 10 9C 1C 50 C8 83 
	7F 4B AB 53 44 03 CE 4B 5A 27 96 2A 94 9E BC CD 
	D7 C0 52 BA F0 AB EF 21 69 16 C3 97 76 21 B2 5E 
	7C A7 00 80 C9 DB 75 26 13 A9 C7 D6 97 CF ED 44 
	15 9C C8 13 CC BA 00 36 2B 9D 57 01 A7 FD EB 0B 
	0C D1 B3 D8 42 9E 89 B4 06 50 98 CE 81 03 A3 D8 
	54 B7 7C C8 9E D0 61 04 5B 93 4B 70 DB 82 DF C6 
	85 91 C1 93 CB CC A2 86 34 63 B8 08 05 87 48 C1 
	0F A3 BE 7C B3 22 F3 B3 61 45 38 2E D4 C8 CF B4 
	7A 09 AC C3 9E 9B DC 3D 22 D8 BD D2 EB 12 72 63 
	09 E5 6A 9E E3 26 89 72 93 89 0F 83 9B 9F 7A 19 
	0C 5B 93 BF 75 B7 43 4B 06 B9 E9 8F 6D AB 3F 24 
	E1 85 E7 45 88 CE 0B 2E B8 35 49 99 95 82 F0 A4 
	2E 48 D9 CD 31 40 05 B6 39 55 4D 33 9D 2B E9 44 
	F4 8B 71 C7 CB 52 57 65 C4 FC 46 0E 99 C5 65 33 
	85 B5 C7 79 69 08 73 30 FE 08 AD 5E 63 0F 36 51 
	AF D7 8B 12 00 C5 0C BB 25 1D 8C C3 2D 1A 9A 0B 
	68 B0 58 2A B9 0F FD C6 87 03 56 6A 95 36 1E 7A 
	F0 AE A9 CA 90 36 B0 0A 0E 6B A1 04 00 42 D0 34 
	73 8A 3C 0E 22 40 CE 51 B9 35 EF B1 1F 3A 1C 9A 
	B5 7A 96 96 D6 7A DE 57 B6 CD 79 B7 0D 4C 13 61 
	94 81 E0 6B 75 95 87 BF 93 59 6D 66 FC 73 4D 7A 
	BA 2E 04 9D 06 52 84 8D E1 A0 61 6C 3C 7D B2 00 
	A3 9C 64 85 54 8F C4 A6 4F 25 09 8B 5D 67 70 04 
	C8 85 A6 68 78 89 F3 0D F1 16 78 F9 68 AC E6 18 
	4C 2B 61 C0 CD C0 A1 44 C9 6F 91 67 64 B5 11 91 
	89 72 05 66 F3 CC D5 CA 89 DF 12 48 41 60 8D 87 
	A7 CE F9 3A 47 19 90 98 6F C7 71 BD 07 CB A8 B8 
	5A 78 C9 68 1B 76 C1 3A 68 3B 71 7C C3 5D 68 76 
	8C 01 77 16 9B 43 5E 5C 48 51 DB C2 B0 68 32 65 
	7B C3 74 36 56 52 50 A1 75 6C 59 AE 25 9F DA 88 
	30 0E 51 93 59 7C A6 FB 2A B5 F6 B6 3F 01 88 B2 
	05 A7 BF 96 2B C8 1A 48 54 DF B0 3E 42 D9 03 8C 
	9A 5F F0 5B 9A 11 D2 10 6C CC 49 F7 B5 B5 C4 22 
	B1 B1 9B 70 01 75 2F E0 55 2C D0 5A 61 E4 43 7C 
	FC 90 03 A9 75 29 3A 16 70 A3 06 5F 6D 53 5A 2E 
	D7 A7 CD 4C 1B 5D 55 87 C3 7C 8B 1E 41 8C 95 4B 
	98 3A 51 03 64 A2 76 A3 46 4E 88 31 2B A1 90 65 
	20 0C A6 DB DB 01 53 6B 13 CF C5 3D 11 C2 C9 48 
	22 1D 77 6C 3C 0D 03 05 3E 90 00 EB 71 62 F8 B6 
	16 3D 59 9B C0 65 9D 24 C7 2F 6D F1 3C 18 27 5D 
	A2 77 C6 BE CB BA 17 A1 8E 39 93 5B ED E8 12 D9 
	84 8A 4F A8 7A 83 2C C9 B9 54 9E 59 93 49 A4 12 
	33 2B 63 1A 69 06 C2 C8 75 1B 8F F3 95 83 74 85 
	9C F1 C9 FC E7 A6 D8 4B 80 2B 79 18 98 86 23 7C 
	5A 02 25 87 B7 13 E3 1B E6 40 B7 2A D1 50 1C C6 
	0E 04 3B C3 3A 42 BB 32 EC B7 EE 24 12 C4 FB B1 
	34 4B 4A 90 B8 99 6D 64 67 8C 71 A2 D3 D0 B4 6D 
	64 57 BF 10 7A 41 19 BB B1 52 09 B9 FC 49 8E AB 
	29 2E B0 59 4F 9B 97 E2 A7 A3 F9 8A AE FA C8 7B 
	22 08 0E A5 71 97 C8 C8 47 47 68 6E F3 D6 BD 30 
	B9 7F 37 73 69 DF 2A 06 36 EB BC E6 D6 B7 60 AA 
	A5 44 6B 29 68 0A 9C 3F 45 59 F7 99 98 4B 26 2E 
	40 A7 BA BA 7B 10 C2 B6 1D 20 A2 CB BD 2A 8E CD 
	B2 6A A9 50 82 E8 A4 25 09 38 5A 00 68 51 03 A0 
	C6 17 F6 C6 63 E5 AB CE F5 B6 C2 06 0A 52 50 9F 
	AC 24 6D AA A9 1D AE 82 4A 40 AB CF 00 0C 29 C1 
	8A 73 06 A0 83 8B 02 A7 B2 62 9E 5F 76 43 D5 C6 
	09 FA 89 52 17 60 1B 13 68 48 FA 57 48 18 EB 45 
	90 FD 5E EF CD 74 9F 13 50 85 6E 57 F0 23 3B 4C 
	8A 19 D6 72 41 32 81 E5 9D 4E E4 DC 59 61 71 B8 
X (eph -rpivate I) (size 2432):
	30 8A EE 3F ED 8C 9D 04 0D 35 A7 FC 1F A7 76 FB 
	31 30 38 33 AA 2D E8 85 35 4D DF 3D 44 D8 FB 69 
	0E 96 06 0C 66 31 81 C0 42 CD 80 46 04 D1 A7 2D 
	F3 31 85 C8 49 D0 88 49 2A 30 31 0C 08 9D 9E 03 
	63 BD 12 3A 6A 44 92 16 6B CB F5 67 91 EF 60 23 
	04 8C 0A E3 8C 65 60 B7 31 07 AC 01 93 46 BA D6 
	79 4C F7 C1 16 69 33 83 CF 70 1F 54 C1 5C FD E4 
	76 F1 00 AA 68 86 49 9A 21 40 29 FC 33 2F 68 78 
	EA BB 7C 97 85 CC B5 2B BE 42 EC 27 74 B4 97 CE 
	2A A6 08 FA B9 01 8B 08 C7 50 C6 B4 06 A4 DD 15 
	A4 3D 40 06 83 C5 5B 4B 26 CE A4 B1 38 7D C5 A2 
	B4 D4 30 B1 BA BE CB 85 9D A2 CC 77 5C 78 50 35 
	B6 C0 43 E0 29 46 B6 CE 48 C9 7D E0 9A C5 36 80 
	7D F6 06 28 0B A1 B7 94 78 2A 9F E7 1F D5 90 60 
	C8 83 45 C6 AA B5 F5 00 85 FA 38 20 CF 85 C0 0E 
	28 65 F8 9A 2E FA CA 0F 91 01 2D 00 94 4A BD A3 
	0C 2D 35 88 15 BB A2 F5 55 82 04 62 0D 98 96 84 
	8B 3B 4B 5D B8 66 B4 24 A2 68 94 CA C3 91 AF 7E 
	54 88 D2 96 71 A0 66 6B B2 12 AE C1 EA 17 DD F9 
	C1 D5 64 2D 4B 7C 21 8E 52 34 1E 97 79 78 91 4F 
	7F 7A B1 87 41 39 EB 75 08 CD 6A 49 52 EA 01 9B 
	83 74 2D 58 7F 81 60 33 2C CA 54 96 AC 0B 08 28 
	C3 E2 D2 74 D9 D9 55 9E E1 9E 67 F6 98 3C 26 95 
	6A 14 BC E1 39 0D 3B F4 0C DD 99 46 0E AB 71 ED 
	79 06 E8 09 18 1D 15 30 B7 20 51 69 A2 C6 AA E1 
	06 A6 A7 BC 8E 5A 9E 9D 64 AA B6 17 C6 B4 89 17 
	DC 38 79 48 82 0A 81 C5 23 86 F0 10 E7 96 3A 78 
	69 C4 48 4B 91 5E 4A 5E 85 25 49 DD 90 09 E7 71 
	B7 65 30 C6 59 08 8C 62 54 74 A2 E8 80 A3 78 22 
	F8 89 C6 02 80 1B E3 0A B1 AD 26 6D B5 BA 18 94 
	2B 4A 2B C7 0A 25 25 84 E6 C6 A3 89 06 16 70 82 
	A7 23 67 27 09 AA 79 6A C6 B8 D2 95 26 41 D4 42 
	15 47 7E 24 AB BD 37 D5 4A FB D7 B6 48 CB 1E AC 
	6A A7 64 F9 50 4C 67 8D 4B E8 0E 3E B5 90 D9 CB 
	11 09 FB 2A EE 9A 12 1A F1 01 0B 61 BF 81 54 1D 
	CC 17 54 C0 78 1A 15 47 7D 99 72 A4 D0 35 79 0E 
	13 04 D6 08 A8 74 C0 B8 78 E9 73 AC CB C0 98 AB 
	81 B5 E1 55 CF 14 59 4E 75 4A 4B 86 5A 0F 44 09 
	0E 47 67 3C 53 3B 49 37 13 9B 18 20 FE 21 11 38 
	B7 9A 11 3A B4 7D FA 8E 3E F0 6A 61 AC 54 1E 8B 
	B6 8D 13 34 4A 6A 62 2F 95 73 54 D7 8F 17 4B 5C 
	34 34 48 48 10 48 69 19 5B B2 79 CD 28 10 0A 55 
	19 9F 09 04 64 D4 BA A7 01 5A 62 D4 16 49 7B 1B 
	29 D5 6C 1B 16 79 16 FE 79 91 81 D8 AE 8E 02 4C 
	E7 95 42 C6 0A 96 D3 D1 74 61 83 CD 1F 09 CA 4D 
	53 BA 43 D4 62 55 67 08 29 98 6E 98 A5 3B 9E F9 
	9E 18 16 01 49 F9 27 52 45 32 95 BA 6C 12 FA 11 
	4D 04 85 39 BB B0 3C 51 1F C5 85 02 7C 83 2E 2A 
	B0 93 A2 96 9F F4 EB 29 C9 59 66 4E E9 91 A3 2A 
	00 39 F9 79 FF 7B 6F 7E C3 14 2C 3B 23 8E CA 36 
	57 E3 21 6A 68 3B 48 A2 4C 98 A5 74 92 CA 89 D1 
	C2 95 ED 28 2D 88 AC 66 A7 D4 B2 34 52 43 5A 6A 
	8B D6 09 09 73 D4 A2 67 26 5D F4 77 AE 79 4A 35 
	81 70 17 D3 19 80 18 4A 72 32 EA BD 05 FC 47 52 
	EB 48 77 79 BD E3 43 9C EA 10 A4 14 17 B2 D7 23 
	74 D3 D4 4A 71 06 D0 43 25 B5 A6 FA A7 D5 93 96 
	C1 F3 05 8B 91 22 60 A9 28 8B 69 20 FD 60 54 C9 
	B5 69 38 27 92 93 17 6F 3C A5 56 34 14 0E 22 65 
	CD 89 81 BD 89 EB CD 19 85 34 91 65 04 60 10 8E 
	3D 04 35 71 49 30 60 AC 90 E6 40 89 1D 49 C3 2C 
	14 3F 71 B1 86 86 19 31 B1 22 73 5D F8 65 35 A5 
	0F C0 AA 19 CF 49 4C 5A F0 55 42 AC 00 D7 E9 A3 
	5B 58 2E D8 07 2F 79 A1 6D 21 63 77 89 7C 42 C4 
	E8 00 54 CA 18 6D A5 B1 52 16 BD E9 98 84 2E E9 
	A1 7E 8A 5F E4 22 85 65 27 78 09 A4 02 77 29 94 
	3B CA 6D C3 21 0E 75 53 03 DF AC 43 F6 77 8E 3B 
	D9 67 BC 1C B7 FE 01 C5 7B 81 65 E7 F5 50 99 54 
	6A 29 76 9E 76 EC 26 8A F2 1C DC D9 B2 29 01 6F 
	4F 0A 98 F4 50 A4 BD A4 95 68 50 73 6C 79 2B BF 
	B8 87 82 27 0C 01 14 CD 93 26 71 BD 34 05 29 69 
	1C 96 77 11 D9 CA A3 AF 10 9A 2B 92 0F B0 D0 82 
	50 90 75 F6 8C C5 5E D6 6D 97 43 8E 30 87 AD A3 
	85 11 40 F8 13 4F 1C 1C CB BC B2 0E 69 59 7B C3 
	29 A9 55 0A 2A F9 01 03 60 AC 53 46 B8 4D 53 9E 
	8E 99 51 01 41 BC 9C 99 62 05 22 7A 79 4B B8 6D 
	3C 89 3A E0 43 45 4C 22 80 44 61 87 8B 9D 30 12 
	AE 9E DB 8B 18 57 88 2B DA 21 8D 54 52 C3 B8 91 
	A7 DA 6E FC 09 5E 21 C9 B6 F2 F8 0B 95 16 B6 EA 
	23 19 20 93 8E 54 F3 90 57 06 AD 8C DB 9B B1 D8 
	78 FB 80 46 E1 62 8D E0 73 B6 C2 16 0D 93 D1 53 
	69 F2 C7 DC 68 BC 33 2B 4E EA 09 0E 1D 44 5E 96 
	FB 27 91 C6 6F EA 52 33 05 2B 12 B8 E7 57 1C C7 
	46 5C 68 78 68 B5 B1 C7 61 4E F9 A3 CD AB BC A9 
	FE 82 35 11 26 9A 02 37 73 09 19 24 D2 07 78 DF 
	16 05 E8 25 1A C1 E1 BB 73 64 4D A8 39 26 BE EA 
	68 19 FC 77 C7 A0 8F E2 33 78 9A A6 37 A3 80 2A 
	F0 EA 8B 5A DA BF DD 34 7A 6E 8A 71 B9 F8 2C A6 
	E2 06 D1 25 00 B0 80 BE 27 5A 10 9C 1C 50 C8 83 
	7F 4B AB 53 44 03 CE 4B 5A 27 96 2A 94 9E BC CD 
	D7 C0 52 BA F0 AB EF 21 69 16 C3 97 76 21 B2 5E 
	7C A7 00 80 C9 DB 75 26 13 A9 C7 D6 97 CF ED 44 
	15 9C C8 13 CC BA 00 36 2B 9D 57 01 A7 FD EB 0B 
	0C D1 B3 D8 42 9E 89 B4 06 50 98 CE 81 03 A3 D8 
	54 B7 7C C8 9E D0 61 04 5B 93 4B 70 DB 82 DF C6 
	85 91 C1 93 CB CC A2 86 34 63 B8 08 05 87 48 C1 
	0F A3 BE 7C B3 22 F3 B3 61 45 38 2E D4 C8 CF B4 
	7A 09 AC C3 9E 9B DC 3D 22 D8 BD D2 EB 12 72 63 
	09 E5 6A 9E E3 26 89 72 93 89 0F 83 9B 9F 7A 19 
	0C 5B 93 BF 75 B7 43 4B 06 B9 E9 8F 6D AB 3F 24 
	E1 85 E7 45 88 CE 0B 2E B8 35 49 99 95 82 F0 A4 
	2E 48 D9 CD 31 40 05 B6 39 55 4D 33 9D 2B E9 44 
	F4 8B 71 C7 CB 52 57 65 C4 FC 46 0E 99 C5 65 33 
	85 B5 C7 79 69 08 73 30 FE 08 AD 5E 63 0F 36 51 
	AF D7 8B 12 00 C5 0C BB 25 1D 8C C3 2D 1A 9A 0B 
	68 B0 58 2A B9 0F FD C6 87 03 56 6A 95 36 1E 7A 
	F0 AE A9 CA 90 36 B0 0A 0E 6B A1 04 00 42 D0 34 
	73 8A 3C 0E 22 40 CE 51 B9 35 EF B1 1F 3A 1C 9A 
	B5 7A 96 96 D6 7A DE 57 B6 CD 79 B7 0D 4C 13 61 
	94 81 E0 6B 75 95 87 BF 93 59 6D 66 FC 73 4D 7A 
	BA 2E 04 9D 06 52 84 8D E1 A0 61 6C 3C 7D B2 00 
	A3 9C 64 85 54 8F C4 A6 4F 25 09 8B 5D 67 70 04 
	C8 85 A6 68 78 89 F3 0D F1 16 78 F9 68 AC E6 18 
	4C 2B 61 C0 CD C0 A1 44 C9 6F 91 67 64 B5 11 91 
	89 72 05 66 F3 CC D5 CA 89 DF 12 48 41 60 8D 87 
	A7 CE F9 3A 47 19 90 98 6F C7 71 BD 07 CB A8 B8 
	5A 78 C9 68 1B 76 C1 3A 68 3B 71 7C C3 5D 68 76 
	8C 01 77 16 9B 43 5E 5C 48 51 DB C2 B0 68 32 65 
	7B C3 74 36 56 52 50 A1 75 6C 59 AE 25 9F DA 88 
	30 0E 51 93 59 7C A6 FB 2A B5 F6 B6 3F 01 88 B2 
	05 A7 BF 96 2B C8 1A 48 54 DF B0 3E 42 D9 03 8C 
	9A 5F F0 5B 9A 11 D2 10 6C CC 49 F7 B5 B5 C4 22 
	B1 B1 9B 70 01 75 2F E0 55 2C D0 5A 61 E4 43 7C 
	FC 90 03 A9 75 29 3A 16 70 A3 06 5F 6D 53 5A 2E 
	D7 A7 CD 4C 1B 5D 55 87 C3 7C 8B 1E 41 8C 95 4B 
	98 3A 51 03 64 A2 76 A3 46 4E 88 31 2B A1 90 65 
	20 0C A6 DB DB 01 53 6B 13 CF C5 3D 11 C2 C9 48 
	22 1D 77 6C 3C 0D 03 05 3E 90 00 EB 71 62 F8 B6 
	16 3D 59 9B C0 65 9D 24 C7 2F 6D F1 3C 18 27 5D 
	A2 77 C6 BE CB BA 17 A1 8E 39 93 5B ED E8 12 D9 
	84 8A 4F A8 7A 83 2C C9 B9 54 9E 59 93 49 A4 12 
	33 2B 63 1A 69 06 C2 C8 75 1B 8F F3 95 83 74 85 
	9C F1 C9 FC E7 A6 D8 4B 80 2B 79 18 98 86 23 7C 
	5A 02 25 87 B7 13 E3 1B E6 40 B7 2A D1 50 1C C6 
	0E 04 3B C3 3A 42 BB 32 EC B7 EE 24 12 C4 FB B1 
	34 4B 4A 90 B8 99 6D 64 67 8C 71 A2 D3 D0 B4 6D 
	64 57 BF 10 7A 41 19 BB B1 52 09 B9 FC 49 8E AB 
	29 2E B0 59 4F 9B 97 E2 A7 A3 F9 8A AE FA C8 7B 
	22 08 0E A5 71 97 C8 C8 47 47 68 6E F3 D6 BD 30 
	B9 7F 37 73 69 DF 2A 06 36 EB BC E6 D6 B7 60 AA 
	A5 44 6B 29 68 0A 9C 3F 45 59 F7 99 98 4B 26 2E 
	40 A7 BA BA 7B 10 C2 B6 1D 20 A2 CB BD 2A 8E CD 
	B2 6A A9 50 82 E8 A4 25 09 38 5A 00 68 51 03 A0 
	C6 17 F6 C6 63 E5 AB CE F5 B6 C2 06 0A 52 50 9F 
	AC 24 6D AA A9 1D AE 82 4A 40 AB CF 00 0C 29 C1 
	8A 73 06 A0 83 8B 02 A7 B2 62 9E 5F 76 43 D5 C6 
	09 FA 89 52 17 60 1B 13 68 48 FA 57 48 18 EB 45 
	90 FD 5E EF CD 74 9F 13 50 85 6E 57 F0 23 3B 4C 
	8A 19 D6 72 41 32 81 E5 9D 4E E4 DC 59 61 71 B8 
	1C 09 91 74 59 B4 21 14 9D BE EB 6B 00 42 9E B8 
	AC 88 B5 8B 27 B3 21 D5 11 36 06 1A 18 1E BE C7 
	CB 89 B7 B3 C2 FA 63 C9 1A DF D1 44 36 0A 15 79 
	AF 8C AA 8E 4C 47 0D 82 63 A5 4B 3D 47 B4 12 8A 
C_I (size 1):
	49 
message_1 (CBOR Sequence) (size 1223):
	03 15 59 04 C0 FB B4 6F DD 17 E8 B7 0E C5 98 DE 
	CB B6 C8 4A 15 29 B0 DF CF 9E DE D9 C5 F8 D3 BF 
	64 F5 52 D2 10 8E 99 51 01 41 BC 9C 99 62 05 22 
	7A 79 4B B8 6D 3C 89 3A E0 43 45 4C 22 80 44 61 
	87 8B 9D 30 12 AE 9E DB 8B 18 57 88 2B DA 21 8D 
	54 52 C3 B8 91 A7 DA 6E FC 09 5E 21 C9 B6 F2 F8 
	0B 95 16 B6 EA 23 19 20 93 8E 54 F3 90 57 06 AD 
	8C DB 9B B1 D8 78 FB 80 46 E1 62 8D E0 73 B6 C2 
	16 0D 93 D1 53 69 F2 C7 DC 68 BC 33 2B 4E EA 09 
	0E 1D 44 5E 96 FB 27 91 C6 6F EA 52 33 05 2B 12 
	B8 E7 57 1C C7 46 5C 68 78 68 B5 B1 C7 61 4E F9 
	A3 CD AB BC A9 FE 82 35 11 26 9A 02 37 73 09 19 
	24 D2 07 78 DF 16 05 E8 25 1A C1 E1 BB 73 64 4D 
	A8 39 26 BE EA 68 19 FC 77 C7 A0 8F E2 33 78 9A 
	A6 37 A3 80 2A F0 EA 8B 5A DA BF DD 34 7A 6E 8A 
	71 B9 F8 2C A6 E2 06 D1 25 00 B0 80 BE 27 5A 10 
	9C 1C 50 C8 83 7F 4B AB 53 44 03 CE 4B 5A 27 96 
	2A 94 9E BC CD D7 C0 52 BA F0 AB EF 21 69 16 C3 
	97 76 21 B2 5E 7C A7 00 80 C9 DB 75 26 13 A9 C7 
	D6 97 CF ED 44 15 9C C8 13 CC BA 00 36 2B 9D 57 
	01 A7 FD EB 0B 0C D1 B3 D8 42 9E 89 B4 06 50 98 
	CE 81 03 A3 D8 54 B7 7C C8 9E D0 61 04 5B 93 4B 
	70 DB 82 DF C6 85 91 C1 93 CB CC A2 86 34 63 B8 
	08 05 87 48 C1 0F A3 BE 7C B3 22 F3 B3 61 45 38 
	2E D4 C8 CF B4 7A 09 AC C3 9E 9B DC 3D 22 D8 BD 
	D2 EB 12 72 63 09 E5 6A 9E E3 26 89 72 93 89 0F 
	83 9B 9F 7A 19 0C 5B 93 BF 75 B7 43 4B 06 B9 E9 
	8F 6D AB 3F 24 E1 85 E7 45 88 CE 0B 2E B8 35 49 
	99 95 82 F0 A4 2E 48 D9 CD 31 40 05 B6 39 55 4D 
	33 9D 2B E9 44 F4 8B 71 C7 CB 52 57 65 C4 FC 46 
	0E 99 C5 65 33 85 B5 C7 79 69 08 73 30 FE 08 AD 
	5E 63 0F 36 51 AF D7 8B 12 00 C5 0C BB 25 1D 8C 
	C3 2D 1A 9A 0B 68 B0 58 2A B9 0F FD C6 87 03 56 
	6A 95 36 1E 7A F0 AE A9 CA 90 36 B0 0A 0E 6B A1 
	04 00 42 D0 34 73 8A 3C 0E 22 40 CE 51 B9 35 EF 
	B1 1F 3A 1C 9A B5 7A 96 96 D6 7A DE 57 B6 CD 79 
	B7 0D 4C 13 61 94 81 E0 6B 75 95 87 BF 93 59 6D 
	66 FC 73 4D 7A BA 2E 04 9D 06 52 84 8D E1 A0 61 
	6C 3C 7D B2 00 A3 9C 64 85 54 8F C4 A6 4F 25 09 
	8B 5D 67 70 04 C8 85 A6 68 78 89 F3 0D F1 16 78 
	F9 68 AC E6 18 4C 2B 61 C0 CD C0 A1 44 C9 6F 91 
	67 64 B5 11 91 89 72 05 66 F3 CC D5 CA 89 DF 12 
	48 41 60 8D 87 A7 CE F9 3A 47 19 90 98 6F C7 71 
	BD 07 CB A8 B8 5A 78 C9 68 1B 76 C1 3A 68 3B 71 
	7C C3 5D 68 76 8C 01 77 16 9B 43 5E 5C 48 51 DB 
	C2 B0 68 32 65 7B C3 74 36 56 52 50 A1 75 6C 59 
	AE 25 9F DA 88 30 0E 51 93 59 7C A6 FB 2A B5 F6 
	B6 3F 01 88 B2 05 A7 BF 96 2B C8 1A 48 54 DF B0 
	3E 42 D9 03 8C 9A 5F F0 5B 9A 11 D2 10 6C CC 49 
	F7 B5 B5 C4 22 B1 B1 9B 70 01 75 2F E0 55 2C D0 
	5A 61 E4 43 7C FC 90 03 A9 75 29 3A 16 70 A3 06 
	5F 6D 53 5A 2E D7 A7 CD 4C 1B 5D 55 87 C3 7C 8B 
	1E 41 8C 95 4B 98 3A 51 03 64 A2 76 A3 46 4E 88 
	31 2B A1 90 65 20 0C A6 DB DB 01 53 6B 13 CF C5 
	3D 11 C2 C9 48 22 1D 77 6C 3C 0D 03 05 3E 90 00 
	EB 71 62 F8 B6 16 3D 59 9B C0 65 9D 24 C7 2F 6D 
	F1 3C 18 27 5D A2 77 C6 BE CB BA 17 A1 8E 39 93 
	5B ED E8 12 D9 84 8A 4F A8 7A 83 2C C9 B9 54 9E 
	59 93 49 A4 12 33 2B 63 1A 69 06 C2 C8 75 1B 8F 
	F3 95 83 74 85 9C F1 C9 FC E7 A6 D8 4B 80 2B 79 
	18 98 86 23 7C 5A 02 25 87 B7 13 E3 1B E6 40 B7 
	2A D1 50 1C C6 0E 04 3B C3 3A 42 BB 32 EC B7 EE 
	24 12 C4 FB B1 34 4B 4A 90 B8 99 6D 64 67 8C 71 
	A2 D3 D0 B4 6D 64 57 BF 10 7A 41 19 BB B1 52 09 
	B9 FC 49 8E AB 29 2E B0 59 4F 9B 97 E2 A7 A3 F9 
	8A AE FA C8 7B 22 08 0E A5 71 97 C8 C8 47 47 68 
	6E F3 D6 BD 30 B9 7F 37 73 69 DF 2A 06 36 EB BC 
	E6 D6 B7 60 AA A5 44 6B 29 68 0A 9C 3F 45 59 F7 
	99 98 4B 26 2E 40 A7 BA BA 7B 10 C2 B6 1D 20 A2 
	CB BD 2A 8E CD B2 6A A9 50 82 E8 A4 25 09 38 5A 
	00 68 51 03 A0 C6 17 F6 C6 63 E5 AB CE F5 B6 C2 
	06 0A 52 50 9F AC 24 6D AA A9 1D AE 82 4A 40 AB 
	CF 00 0C 29 C1 8A 73 06 A0 83 8B 02 A7 B2 62 9E 
	5F 76 43 D5 C6 09 FA 89 52 17 60 1B 13 68 48 FA 
	57 48 18 EB 45 90 FD 5E EF CD 74 9F 13 50 85 6E 
	57 F0 23 3B 4C 8A 19 D6 72 41 32 81 E5 9D 4E E4 
	DC 59 61 71 B8 41 49 
MSG: (size 1223):
	03 15 59 04 C0 FB B4 6F DD 17 E8 B7 0E C5 98 DE 
	CB B6 C8 4A 15 29 B0 DF CF 9E DE D9 C5 F8 D3 BF 
	64 F5 52 D2 10 8E 99 51 01 41 BC 9C 99 62 05 22 
	7A 79 4B B8 6D 3C 89 3A E0 43 45 4C 22 80 44 61 
	87 8B 9D 30 12 AE 9E DB 8B 18 57 88 2B DA 21 8D 
	54 52 C3 B8 91 A7 DA 6E FC 09 5E 21 C9 B6 F2 F8 
	0B 95 16 B6 EA 23 19 20 93 8E 54 F3 90 57 06 AD 
	8C DB 9B B1 D8 78 FB 80 46 E1 62 8D E0 73 B6 C2 
	16 0D 93 D1 53 69 F2 C7 DC 68 BC 33 2B 4E EA 09 
	0E 1D 44 5E 96 FB 27 91 C6 6F EA 52 33 05 2B 12 
	B8 E7 57 1C C7 46 5C 68 78 68 B5 B1 C7 61 4E F9 
	A3 CD AB BC A9 FE 82 35 11 26 9A 02 37 73 09 19 
	24 D2 07 78 DF 16 05 E8 25 1A C1 E1 BB 73 64 4D 
	A8 39 26 BE EA 68 19 FC 77 C7 A0 8F E2 33 78 9A 
	A6 37 A3 80 2A F0 EA 8B 5A DA BF DD 34 7A 6E 8A 
	71 B9 F8 2C A6 E2 06 D1 25 00 B0 80 BE 27 5A 10 
	9C 1C 50 C8 83 7F 4B AB 53 44 03 CE 4B 5A 27 96 
	2A 94 9E BC CD D7 C0 52 BA F0 AB EF 21 69 16 C3 
	97 76 21 B2 5E 7C A7 00 80 C9 DB 75 26 13 A9 C7 
	D6 97 CF ED 44 15 9C C8 13 CC BA 00 36 2B 9D 57 
	01 A7 FD EB 0B 0C D1 B3 D8 42 9E 89 B4 06 50 98 
	CE 81 03 A3 D8 54 B7 7C C8 9E D0 61 04 5B 93 4B 
	70 DB 82 DF C6 85 91 C1 93 CB CC A2 86 34 63 B8 
	08 05 87 48 C1 0F A3 BE 7C B3 22 F3 B3 61 45 38 
	2E D4 C8 CF B4 7A 09 AC C3 9E 9B DC 3D 22 D8 BD 
	D2 EB 12 72 63 09 E5 6A 9E E3 26 89 72 93 89 0F 
	83 9B 9F 7A 19 0C 5B 93 BF 75 B7 43 4B 06 B9 E9 
	8F 6D AB 3F 24 E1 85 E7 45 88 CE 0B 2E B8 35 49 
	99 95 82 F0 A4 2E 48 D9 CD 31 40 05 B6 39 55 4D 
	33 9D 2B E9 44 F4 8B 71 C7 CB 52 57 65 C4 FC 46 
	0E 99 C5 65 33 85 B5 C7 79 69 08 73 30 FE 08 AD 
	5E 63 0F 36 51 AF D7 8B 12 00 C5 0C BB 25 1D 8C 
	C3 2D 1A 9A 0B 68 B0 58 2A B9 0F FD C6 87 03 56 
	6A 95 36 1E 7A F0 AE A9 CA 90 36 B0 0A 0E 6B A1 
	04 00 42 D0 34 73 8A 3C 0E 22 40 CE 51 B9 35 EF 
	B1 1F 3A 1C 9A B5 7A 96 96 D6 7A DE 57 B6 CD 79 
	B7 0D 4C 13 61 94 81 E0 6B 75 95 87 BF 93 59 6D 
	66 FC 73 4D 7A BA 2E 04 9D 06 52 84 8D E1 A0 61 
	6C 3C 7D B2 00 A3 9C 64 85 54 8F C4 A6 4F 25 09 
	8B 5D 67 70 04 C8 85 A6 68 78 89 F3 0D F1 16 78 
	F9 68 AC E6 18 4C 2B 61 C0 CD C0 A1 44 C9 6F 91 
	67 64 B5 11 91 89 72 05 66 F3 CC D5 CA 89 DF 12 
	48 41 60 8D 87 A7 CE F9 3A 47 19 90 98 6F C7 71 
	BD 07 CB A8 B8 5A 78 C9 68 1B 76 C1 3A 68 3B 71 
	7C C3 5D 68 76 8C 01 77 16 9B 43 5E 5C 48 51 DB 
	C2 B0 68 32 65 7B C3 74 36 56 52 50 A1 75 6C 59 
	AE 25 9F DA 88 30 0E 51 93 59 7C A6 FB 2A B5 F6 
	B6 3F 01 88 B2 05 A7 BF 96 2B C8 1A 48 54 DF B0 
	3E 42 D9 03 8C 9A 5F F0 5B 9A 11 D2 10 6C CC 49 
	F7 B5 B5 C4 22 B1 B1 9B 70 01 75 2F E0 55 2C D0 
	5A 61 E4 43 7C FC 90 03 A9 75 29 3A 16 70 A3 06 
	5F 6D 53 5A 2E D7 A7 CD 4C 1B 5D 55 87 C3 7C 8B 
	1E 41 8C 95 4B 98 3A 51 03 64 A2 76 A3 46 4E 88 
	31 2B A1 90 65 20 0C A6 DB DB 01 53 6B 13 CF C5 
	3D 11 C2 C9 48 22 1D 77 6C 3C 0D 03 05 3E 90 00 
	EB 71 62 F8 B6 16 3D 59 9B C0 65 9D 24 C7 2F 6D 
	F1 3C 18 27 5D A2 77 C6 BE CB BA 17 A1 8E 39 93 
	5B ED E8 12 D9 84 8A 4F A8 7A 83 2C C9 B9 54 9E 
	59 93 49 A4 12 33 2B 63 1A 69 06 C2 C8 75 1B 8F 
	F3 95 83 74 85 9C F1 C9 FC E7 A6 D8 4B 80 2B 79 
	18 98 86 23 7C 5A 02 25 87 B7 13 E3 1B E6 40 B7 
	2A D1 50 1C C6 0E 04 3B C3 3A 42 BB 32 EC B7 EE 
	24 12 C4 FB B1 34 4B 4A 90 B8 99 6D 64 67 8C 71 
	A2 D3 D0 B4 6D 64 57 BF 10 7A 41 19 BB B1 52 09 
	B9 FC 49 8E AB 29 2E B0 59 4F 9B 97 E2 A7 A3 F9 
	8A AE FA C8 7B 22 08 0E A5 71 97 C8 C8 47 47 68 
	6E F3 D6 BD 30 B9 7F 37 73 69 DF 2A 06 36 EB BC 
	E6 D6 B7 60 AA A5 44 6B 29 68 0A 9C 3F 45 59 F7 
	99 98 4B 26 2E 40 A7 BA BA 7B 10 C2 B6 1D 20 A2 
	CB BD 2A 8E CD B2 6A A9 50 82 E8 A4 25 09 38 5A 
	00 68 51 03 A0 C6 17 F6 C6 63 E5 AB CE F5 B6 C2 
	06 0A 52 50 9F AC 24 6D AA A9 1D AE 82 4A 40 AB 
	CF 00 0C 29 C1 8A 73 06 A0 83 8B 02 A7 B2 62 9E 
	5F 76 43 D5 C6 09 FA 89 52 17 60 1B 13 68 48 FA 
	57 48 18 EB 45 90 FD 5E EF CD 74 9F 13 50 85 6E 
	57 F0 23 3B 4C 8A 19 D6 72 41 32 81 E5 9D 4E E4 
	DC 59 61 71 B8 41 49 
[init] tx sent 1223 bytes
[init] rx got 1135 bytes
Max MSG2 size 2027
PQ/T Hybrid Suit:-67
PQ/T Hybrid g_y size:1120message_2 (CBOR Sequence) (size 1135):
	59 04 6C 27 B1 D6 35 A6 63 38 2D 99 E0 31 B3 E9 
	A5 D6 82 A0 95 45 04 93 56 AF 6F 13 54 DE D1 3E 
	D2 9C 72 FB 1A 03 A9 BC 8F BA 43 63 85 CC 68 69 
	81 B4 E2 41 54 2C 42 1C 5E BC EB 02 CD 44 3C 11 
	BA 71 41 7C 5C A7 1D D5 A9 B3 9D 32 CD D2 F7 7B 
	05 BA 66 B2 06 BC F9 7E F7 BE D5 98 E0 A6 51 A9 
	89 82 CB 2A 75 B5 64 63 88 8F 48 D0 94 3C E2 D5 
	D4 0F E2 A8 68 CA FC 6D EA D6 7F 61 14 2A 1B AA 
	9A B8 D3 97 C8 F7 A5 D1 49 88 79 DA CE CB F4 BD 
	E0 92 84 2B E3 2E 56 78 E8 31 91 9D 05 70 D3 C6 
	37 6D DC 89 30 C9 52 B6 B6 41 17 8D EF 4C 7E 44 
	6A 00 C3 18 39 16 21 A1 59 00 DF A2 6B 52 7A 11 
	5C 1D D1 48 D1 31 6F 16 A0 B8 D9 AD 24 8E B3 F2 
	2C 7A 35 97 96 44 87 93 63 C7 93 A2 71 99 2E 97 
	07 62 16 2E D8 E3 D8 4C C9 6A 1C 79 09 80 64 33 
	0B C1 6F BD DF 22 AF F8 A5 B2 65 81 4A C3 6F 9C 
	7A 52 93 F2 FA 9B 9B DD 59 B8 08 0E C3 E1 FE 4F 
	9E 55 26 A5 55 99 BB 38 06 2F 8B 98 BA DA 2D 15 
	5E BE 6D 3C DD 6E 49 56 0A 38 3F F8 43 4A BE 8A 
	02 6E B1 82 68 12 E7 B6 69 6E 8F 15 F9 51 75 A3 
	56 2D 02 63 8A 20 77 49 96 3C BF 8A FC C7 A8 DF 
	D9 3B 88 5D CC 5E 06 2D 42 C5 57 51 1D BE 76 CB 
	8F ED 47 B7 31 2B 95 C0 DC 81 1E EF 6C 86 A9 FB 
	A6 CA 82 D8 ED CA 00 06 F0 5F CB 47 8D 13 86 4C 
	B0 D1 03 6A 9C D8 01 B1 40 2E F2 EA E3 59 2D B1 
	0E 18 F7 1D FC DF 86 E5 0E 17 3C 76 BD 08 1A D3 
	EF 94 AF 0E 86 9A 60 A2 A2 81 D7 9E D1 7B 03 03 
	5F 66 34 A8 9F 89 7C CD AA BF 72 4F B7 92 54 0C 
	58 E6 1E 55 72 8E 90 BC 73 78 23 6E 17 28 F5 F6 
	4A 58 E4 D5 EA 4D 41 8B 7F 10 5C 2E 98 2F 6A 7B 
	8C 4A BB AA E2 A5 15 E8 83 46 50 44 75 94 56 13 
	8C F7 8F F8 DF 78 28 A2 51 3A 48 6F E5 32 FE 2E 
	DC CF 70 0E FC 0E 32 7B F6 8B 0F 57 E7 5A 0E E4 
	36 4C B7 F4 08 29 11 CE D0 23 E3 A5 32 66 4E E3 
	9E BC 5D B8 97 B3 A3 9E 1E EB 83 D2 33 17 D9 1E 
	06 49 5F 4A D6 4D 64 F5 6B 35 51 FB E1 4B 45 FA 
	7D 27 F2 95 97 52 5F E2 A2 AB 8A 9B 2E 7A CB 49 
	3E 74 B6 31 05 11 62 29 23 91 A5 05 0C A8 95 70 
	C5 6A 7A 32 4E 91 B7 99 E3 FA 0E BC CE 07 30 C3 
	04 B2 B7 AD 40 74 79 D9 DF 89 1E 05 1A 4D AB 8F 
	56 35 58 0D 7B 59 1F 76 B7 98 55 71 69 7F 09 26 
	9E D4 3A DC F8 4A 97 72 6E E3 56 E1 A7 54 9D C7 
	7F BB 96 26 EE AC 8E 13 4D C7 E8 60 20 5E 3F 5B 
	58 53 85 75 A6 34 C6 CD 0C 41 39 E8 21 E5 A4 0F 
	44 03 02 57 F8 B4 0A F6 B3 67 6F 84 DA 97 21 5A 
	6A 81 FD 01 93 34 E0 7B 46 25 CE 82 AE 4C 2C 0D 
	21 12 AA FC 89 8E D3 D2 D1 86 9F 51 BF CA DB DD 
	77 25 F4 EE 79 4B 8B 4F 11 77 FE 31 6A 23 70 6D 
	BC F1 33 75 C5 78 C4 D0 29 95 4F 3C 68 CB 64 32 
	C3 D3 AF 9E 8C A8 5D 50 B9 9E 29 20 37 C6 A0 A1 
	9D A0 BA 5F 36 11 57 09 23 25 05 7B 11 30 E8 15 
	61 E8 1C CF 34 65 61 D9 79 F0 6D 88 A1 3F D7 E2 
	BE 78 3D 41 C4 77 44 A5 28 57 58 11 86 FB 88 ED 
	52 9C 97 F9 1C 3A D3 E2 A6 89 74 89 9B 8C A0 08 
	7B DA 9F C6 9A 66 BE A5 9E 7B 38 92 8D 80 9B 50 
	C8 0E CD C9 8F E7 4B 8E D5 D7 BC B3 92 78 C9 9B 
	02 63 5A A8 2E 81 00 E1 41 32 FA A4 E4 6F 36 F4 
	13 E4 B8 9C F4 36 29 95 E3 C0 9E 71 BC C6 D8 F8 
	09 C8 A4 8E A6 81 1E 22 46 87 73 C0 76 64 1B 71 
	35 35 8F D2 5C 89 E3 A6 20 48 6D 84 B9 55 57 9E 
	D5 46 79 B9 2C 97 DA 21 89 4D 9C AD 56 1D 3E 87 
	A1 3E AC D0 1A C1 07 54 6A 76 5E 6A 5E 57 AF 54 
	63 27 4C 04 C2 3A A5 3A 62 07 87 2B 00 F5 1C EF 
	1F 02 BE BC 2D 71 7B E0 AF E2 84 E6 59 73 A0 84 
	F6 B8 DD 27 1C F4 97 BB 5E 74 E5 4B E7 F7 F4 15 
	81 97 B0 7F 1E F8 CA E3 BE 7B F1 CE A6 6F 05 80 
	F2 D7 C6 6E 8B 92 6F 90 FD 57 89 02 D5 E9 51 FB 
	49 E4 25 9F F1 E6 02 0F 7D 03 E9 D9 66 B2 84 5B 
	11 8D C7 38 F4 A1 64 43 61 56 F1 38 DA 33 B5 FD 
	FF 94 7C E1 18 F5 9D FB D7 8D B5 54 57 79 5C DF 
	E3 78 D8 C4 14 8F 91 EF 40 98 2C 9F 29 81 51 
g_y (size 1120):
	27 B1 D6 35 A6 63 38 2D 99 E0 31 B3 E9 A5 D6 82 
	A0 95 45 04 93 56 AF 6F 13 54 DE D1 3E D2 9C 72 
	FB 1A 03 A9 BC 8F BA 43 63 85 CC 68 69 81 B4 E2 
	41 54 2C 42 1C 5E BC EB 02 CD 44 3C 11 BA 71 41 
	7C 5C A7 1D D5 A9 B3 9D 32 CD D2 F7 7B 05 BA 66 
	B2 06 BC F9 7E F7 BE D5 98 E0 A6 51 A9 89 82 CB 
	2A 75 B5 64 63 88 8F 48 D0 94 3C E2 D5 D4 0F E2 
	A8 68 CA FC 6D EA D6 7F 61 14 2A 1B AA 9A B8 D3 
	97 C8 F7 A5 D1 49 88 79 DA CE CB F4 BD E0 92 84 
	2B E3 2E 56 78 E8 31 91 9D 05 70 D3 C6 37 6D DC 
	89 30 C9 52 B6 B6 41 17 8D EF 4C 7E 44 6A 00 C3 
	18 39 16 21 A1 59 00 DF A2 6B 52 7A 11 5C 1D D1 
	48 D1 31 6F 16 A0 B8 D9 AD 24 8E B3 F2 2C 7A 35 
	97 96 44 87 93 63 C7 93 A2 71 99 2E 97 07 62 16 
	2E D8 E3 D8 4C C9 6A 1C 79 09 80 64 33 0B C1 6F 
	BD DF 22 AF F8 A5 B2 65 81 4A C3 6F 9C 7A 52 93 
	F2 FA 9B 9B DD 59 B8 08 0E C3 E1 FE 4F 9E 55 26 
	A5 55 99 BB 38 06 2F 8B 98 BA DA 2D 15 5E BE 6D 
	3C DD 6E 49 56 0A 38 3F F8 43 4A BE 8A 02 6E B1 
	82 68 12 E7 B6 69 6E 8F 15 F9 51 75 A3 56 2D 02 
	63 8A 20 77 49 96 3C BF 8A FC C7 A8 DF D9 3B 88 
	5D CC 5E 06 2D 42 C5 57 51 1D BE 76 CB 8F ED 47 
	B7 31 2B 95 C0 DC 81 1E EF 6C 86 A9 FB A6 CA 82 
	D8 ED CA 00 06 F0 5F CB 47 8D 13 86 4C B0 D1 03 
	6A 9C D8 01 B1 40 2E F2 EA E3 59 2D B1 0E 18 F7 
	1D FC DF 86 E5 0E 17 3C 76 BD 08 1A D3 EF 94 AF 
	0E 86 9A 60 A2 A2 81 D7 9E D1 7B 03 03 5F 66 34 
	A8 9F 89 7C CD AA BF 72 4F B7 92 54 0C 58 E6 1E 
	55 72 8E 90 BC 73 78 23 6E 17 28 F5 F6 4A 58 E4 
	D5 EA 4D 41 8B 7F 10 5C 2E 98 2F 6A 7B 8C 4A BB 
	AA E2 A5 15 E8 83 46 50 44 75 94 56 13 8C F7 8F 
	F8 DF 78 28 A2 51 3A 48 6F E5 32 FE 2E DC CF 70 
	0E FC 0E 32 7B F6 8B 0F 57 E7 5A 0E E4 36 4C B7 
	F4 08 29 11 CE D0 23 E3 A5 32 66 4E E3 9E BC 5D 
	B8 97 B3 A3 9E 1E EB 83 D2 33 17 D9 1E 06 49 5F 
	4A D6 4D 64 F5 6B 35 51 FB E1 4B 45 FA 7D 27 F2 
	95 97 52 5F E2 A2 AB 8A 9B 2E 7A CB 49 3E 74 B6 
	31 05 11 62 29 23 91 A5 05 0C A8 95 70 C5 6A 7A 
	32 4E 91 B7 99 E3 FA 0E BC CE 07 30 C3 04 B2 B7 
	AD 40 74 79 D9 DF 89 1E 05 1A 4D AB 8F 56 35 58 
	0D 7B 59 1F 76 B7 98 55 71 69 7F 09 26 9E D4 3A 
	DC F8 4A 97 72 6E E3 56 E1 A7 54 9D C7 7F BB 96 
	26 EE AC 8E 13 4D C7 E8 60 20 5E 3F 5B 58 53 85 
	75 A6 34 C6 CD 0C 41 39 E8 21 E5 A4 0F 44 03 02 
	57 F8 B4 0A F6 B3 67 6F 84 DA 97 21 5A 6A 81 FD 
	01 93 34 E0 7B 46 25 CE 82 AE 4C 2C 0D 21 12 AA 
	FC 89 8E D3 D2 D1 86 9F 51 BF CA DB DD 77 25 F4 
	EE 79 4B 8B 4F 11 77 FE 31 6A 23 70 6D BC F1 33 
	75 C5 78 C4 D0 29 95 4F 3C 68 CB 64 32 C3 D3 AF 
	9E 8C A8 5D 50 B9 9E 29 20 37 C6 A0 A1 9D A0 BA 
	5F 36 11 57 09 23 25 05 7B 11 30 E8 15 61 E8 1C 
	CF 34 65 61 D9 79 F0 6D 88 A1 3F D7 E2 BE 78 3D 
	41 C4 77 44 A5 28 57 58 11 86 FB 88 ED 52 9C 97 
	F9 1C 3A D3 E2 A6 89 74 89 9B 8C A0 08 7B DA 9F 
	C6 9A 66 BE A5 9E 7B 38 92 8D 80 9B 50 C8 0E CD 
	C9 8F E7 4B 8E D5 D7 BC B3 92 78 C9 9B 02 63 5A 
	A8 2E 81 00 E1 41 32 FA A4 E4 6F 36 F4 13 E4 B8 
	9C F4 36 29 95 E3 C0 9E 71 BC C6 D8 F8 09 C8 A4 
	8E A6 81 1E 22 46 87 73 C0 76 64 1B 71 35 35 8F 
	D2 5C 89 E3 A6 20 48 6D 84 B9 55 57 9E D5 46 79 
	B9 2C 97 DA 21 89 4D 9C AD 56 1D 3E 87 A1 3E AC 
	D0 1A C1 07 54 6A 76 5E 6A 5E 57 AF 54 63 27 4C 
	04 C2 3A A5 3A 62 07 87 2B 00 F5 1C EF 1F 02 BE 
	BC 2D 71 7B E0 AF E2 84 E6 59 73 A0 84 F6 B8 DD 
	27 1C F4 97 BB 5E 74 E5 4B E7 F7 F4 15 81 97 B0 
	7F 1E F8 CA E3 BE 7B F1 CE A6 6F 05 80 F2 D7 C6 
	6E 8B 92 6F 90 FD 57 89 02 D5 E9 51 FB 49 E4 25 
	9F F1 E6 02 0F 7D 03 E9 D9 66 B2 84 5B 11 8D C7 
	38 F4 A1 64 43 61 56 F1 38 DA 33 B5 FD FF 94 7C 
	E1 18 F5 9D FB D7 8D B5 54 57 79 5C DF E3 78 D8 
ciphertext2 (size 12):
	C4 14 8F 91 EF 40 98 2C 9F 29 81 51 
PQ/T Hybrid array foe g_xy_KEM
PQ/T Hybrid compute shared secret (Suit:-67)
x PQ/T  (size 2432):
	30 8A EE 3F ED 8C 9D 04 0D 35 A7 FC 1F A7 76 FB 
	31 30 38 33 AA 2D E8 85 35 4D DF 3D 44 D8 FB 69 
	0E 96 06 0C 66 31 81 C0 42 CD 80 46 04 D1 A7 2D 
	F3 31 85 C8 49 D0 88 49 2A 30 31 0C 08 9D 9E 03 
	63 BD 12 3A 6A 44 92 16 6B CB F5 67 91 EF 60 23 
	04 8C 0A E3 8C 65 60 B7 31 07 AC 01 93 46 BA D6 
	79 4C F7 C1 16 69 33 83 CF 70 1F 54 C1 5C FD E4 
	76 F1 00 AA 68 86 49 9A 21 40 29 FC 33 2F 68 78 
	EA BB 7C 97 85 CC B5 2B BE 42 EC 27 74 B4 97 CE 
	2A A6 08 FA B9 01 8B 08 C7 50 C6 B4 06 A4 DD 15 
	A4 3D 40 06 83 C5 5B 4B 26 CE A4 B1 38 7D C5 A2 
	B4 D4 30 B1 BA BE CB 85 9D A2 CC 77 5C 78 50 35 
	B6 C0 43 E0 29 46 B6 CE 48 C9 7D E0 9A C5 36 80 
	7D F6 06 28 0B A1 B7 94 78 2A 9F E7 1F D5 90 60 
	C8 83 45 C6 AA B5 F5 00 85 FA 38 20 CF 85 C0 0E 
	28 65 F8 9A 2E FA CA 0F 91 01 2D 00 94 4A BD A3 
	0C 2D 35 88 15 BB A2 F5 55 82 04 62 0D 98 96 84 
	8B 3B 4B 5D B8 66 B4 24 A2 68 94 CA C3 91 AF 7E 
	54 88 D2 96 71 A0 66 6B B2 12 AE C1 EA 17 DD F9 
	C1 D5 64 2D 4B 7C 21 8E 52 34 1E 97 79 78 91 4F 
	7F 7A B1 87 41 39 EB 75 08 CD 6A 49 52 EA 01 9B 
	83 74 2D 58 7F 81 60 33 2C CA 54 96 AC 0B 08 28 
	C3 E2 D2 74 D9 D9 55 9E E1 9E 67 F6 98 3C 26 95 
	6A 14 BC E1 39 0D 3B F4 0C DD 99 46 0E AB 71 ED 
	79 06 E8 09 18 1D 15 30 B7 20 51 69 A2 C6 AA E1 
	06 A6 A7 BC 8E 5A 9E 9D 64 AA B6 17 C6 B4 89 17 
	DC 38 79 48 82 0A 81 C5 23 86 F0 10 E7 96 3A 78 
	69 C4 48 4B 91 5E 4A 5E 85 25 49 DD 90 09 E7 71 
	B7 65 30 C6 59 08 8C 62 54 74 A2 E8 80 A3 78 22 
	F8 89 C6 02 80 1B E3 0A B1 AD 26 6D B5 BA 18 94 
	2B 4A 2B C7 0A 25 25 84 E6 C6 A3 89 06 16 70 82 
	A7 23 67 27 09 AA 79 6A C6 B8 D2 95 26 41 D4 42 
	15 47 7E 24 AB BD 37 D5 4A FB D7 B6 48 CB 1E AC 
	6A A7 64 F9 50 4C 67 8D 4B E8 0E 3E B5 90 D9 CB 
	11 09 FB 2A EE 9A 12 1A F1 01 0B 61 BF 81 54 1D 
	CC 17 54 C0 78 1A 15 47 7D 99 72 A4 D0 35 79 0E 
	13 04 D6 08 A8 74 C0 B8 78 E9 73 AC CB C0 98 AB 
	81 B5 E1 55 CF 14 59 4E 75 4A 4B 86 5A 0F 44 09 
	0E 47 67 3C 53 3B 49 37 13 9B 18 20 FE 21 11 38 
	B7 9A 11 3A B4 7D FA 8E 3E F0 6A 61 AC 54 1E 8B 
	B6 8D 13 34 4A 6A 62 2F 95 73 54 D7 8F 17 4B 5C 
	34 34 48 48 10 48 69 19 5B B2 79 CD 28 10 0A 55 
	19 9F 09 04 64 D4 BA A7 01 5A 62 D4 16 49 7B 1B 
	29 D5 6C 1B 16 79 16 FE 79 91 81 D8 AE 8E 02 4C 
	E7 95 42 C6 0A 96 D3 D1 74 61 83 CD 1F 09 CA 4D 
	53 BA 43 D4 62 55 67 08 29 98 6E 98 A5 3B 9E F9 
	9E 18 16 01 49 F9 27 52 45 32 95 BA 6C 12 FA 11 
	4D 04 85 39 BB B0 3C 51 1F C5 85 02 7C 83 2E 2A 
	B0 93 A2 96 9F F4 EB 29 C9 59 66 4E E9 91 A3 2A 
	00 39 F9 79 FF 7B 6F 7E C3 14 2C 3B 23 8E CA 36 
	57 E3 21 6A 68 3B 48 A2 4C 98 A5 74 92 CA 89 D1 
	C2 95 ED 28 2D 88 AC 66 A7 D4 B2 34 52 43 5A 6A 
	8B D6 09 09 73 D4 A2 67 26 5D F4 77 AE 79 4A 35 
	81 70 17 D3 19 80 18 4A 72 32 EA BD 05 FC 47 52 
	EB 48 77 79 BD E3 43 9C EA 10 A4 14 17 B2 D7 23 
	74 D3 D4 4A 71 06 D0 43 25 B5 A6 FA A7 D5 93 96 
	C1 F3 05 8B 91 22 60 A9 28 8B 69 20 FD 60 54 C9 
	B5 69 38 27 92 93 17 6F 3C A5 56 34 14 0E 22 65 
	CD 89 81 BD 89 EB CD 19 85 34 91 65 04 60 10 8E 
	3D 04 35 71 49 30 60 AC 90 E6 40 89 1D 49 C3 2C 
	14 3F 71 B1 86 86 19 31 B1 22 73 5D F8 65 35 A5 
	0F C0 AA 19 CF 49 4C 5A F0 55 42 AC 00 D7 E9 A3 
	5B 58 2E D8 07 2F 79 A1 6D 21 63 77 89 7C 42 C4 
	E8 00 54 CA 18 6D A5 B1 52 16 BD E9 98 84 2E E9 
	A1 7E 8A 5F E4 22 85 65 27 78 09 A4 02 77 29 94 
	3B CA 6D C3 21 0E 75 53 03 DF AC 43 F6 77 8E 3B 
	D9 67 BC 1C B7 FE 01 C5 7B 81 65 E7 F5 50 99 54 
	6A 29 76 9E 76 EC 26 8A F2 1C DC D9 B2 29 01 6F 
	4F 0A 98 F4 50 A4 BD A4 95 68 50 73 6C 79 2B BF 
	B8 87 82 27 0C 01 14 CD 93 26 71 BD 34 05 29 69 
	1C 96 77 11 D9 CA A3 AF 10 9A 2B 92 0F B0 D0 82 
	50 90 75 F6 8C C5 5E D6 6D 97 43 8E 30 87 AD A3 
	85 11 40 F8 13 4F 1C 1C CB BC B2 0E 69 59 7B C3 
	29 A9 55 0A 2A F9 01 03 60 AC 53 46 B8 4D 53 9E 
	8E 99 51 01 41 BC 9C 99 62 05 22 7A 79 4B B8 6D 
	3C 89 3A E0 43 45 4C 22 80 44 61 87 8B 9D 30 12 
	AE 9E DB 8B 18 57 88 2B DA 21 8D 54 52 C3 B8 91 
	A7 DA 6E FC 09 5E 21 C9 B6 F2 F8 0B 95 16 B6 EA 
	23 19 20 93 8E 54 F3 90 57 06 AD 8C DB 9B B1 D8 
	78 FB 80 46 E1 62 8D E0 73 B6 C2 16 0D 93 D1 53 
	69 F2 C7 DC 68 BC 33 2B 4E EA 09 0E 1D 44 5E 96 
	FB 27 91 C6 6F EA 52 33 05 2B 12 B8 E7 57 1C C7 
	46 5C 68 78 68 B5 B1 C7 61 4E F9 A3 CD AB BC A9 
	FE 82 35 11 26 9A 02 37 73 09 19 24 D2 07 78 DF 
	16 05 E8 25 1A C1 E1 BB 73 64 4D A8 39 26 BE EA 
	68 19 FC 77 C7 A0 8F E2 33 78 9A A6 37 A3 80 2A 
	F0 EA 8B 5A DA BF DD 34 7A 6E 8A 71 B9 F8 2C A6 
	E2 06 D1 25 00 B0 80 BE 27 5A 10 9C 1C 50 C8 83 
	7F 4B AB 53 44 03 CE 4B 5A 27 96 2A 94 9E BC CD 
	D7 C0 52 BA F0 AB EF 21 69 16 C3 97 76 21 B2 5E 
	7C A7 00 80 C9 DB 75 26 13 A9 C7 D6 97 CF ED 44 
	15 9C C8 13 CC BA 00 36 2B 9D 57 01 A7 FD EB 0B 
	0C D1 B3 D8 42 9E 89 B4 06 50 98 CE 81 03 A3 D8 
	54 B7 7C C8 9E D0 61 04 5B 93 4B 70 DB 82 DF C6 
	85 91 C1 93 CB CC A2 86 34 63 B8 08 05 87 48 C1 
	0F A3 BE 7C B3 22 F3 B3 61 45 38 2E D4 C8 CF B4 
	7A 09 AC C3 9E 9B DC 3D 22 D8 BD D2 EB 12 72 63 
	09 E5 6A 9E E3 26 89 72 93 89 0F 83 9B 9F 7A 19 
	0C 5B 93 BF 75 B7 43 4B 06 B9 E9 8F 6D AB 3F 24 
	E1 85 E7 45 88 CE 0B 2E B8 35 49 99 95 82 F0 A4 
	2E 48 D9 CD 31 40 05 B6 39 55 4D 33 9D 2B E9 44 
	F4 8B 71 C7 CB 52 57 65 C4 FC 46 0E 99 C5 65 33 
	85 B5 C7 79 69 08 73 30 FE 08 AD 5E 63 0F 36 51 
	AF D7 8B 12 00 C5 0C BB 25 1D 8C C3 2D 1A 9A 0B 
	68 B0 58 2A B9 0F FD C6 87 03 56 6A 95 36 1E 7A 
	F0 AE A9 CA 90 36 B0 0A 0E 6B A1 04 00 42 D0 34 
	73 8A 3C 0E 22 40 CE 51 B9 35 EF B1 1F 3A 1C 9A 
	B5 7A 96 96 D6 7A DE 57 B6 CD 79 B7 0D 4C 13 61 
	94 81 E0 6B 75 95 87 BF 93 59 6D 66 FC 73 4D 7A 
	BA 2E 04 9D 06 52 84 8D E1 A0 61 6C 3C 7D B2 00 
	A3 9C 64 85 54 8F C4 A6 4F 25 09 8B 5D 67 70 04 
	C8 85 A6 68 78 89 F3 0D F1 16 78 F9 68 AC E6 18 
	4C 2B 61 C0 CD C0 A1 44 C9 6F 91 67 64 B5 11 91 
	89 72 05 66 F3 CC D5 CA 89 DF 12 48 41 60 8D 87 
	A7 CE F9 3A 47 19 90 98 6F C7 71 BD 07 CB A8 B8 
	5A 78 C9 68 1B 76 C1 3A 68 3B 71 7C C3 5D 68 76 
	8C 01 77 16 9B 43 5E 5C 48 51 DB C2 B0 68 32 65 
	7B C3 74 36 56 52 50 A1 75 6C 59 AE 25 9F DA 88 
	30 0E 51 93 59 7C A6 FB 2A B5 F6 B6 3F 01 88 B2 
	05 A7 BF 96 2B C8 1A 48 54 DF B0 3E 42 D9 03 8C 
	9A 5F F0 5B 9A 11 D2 10 6C CC 49 F7 B5 B5 C4 22 
	B1 B1 9B 70 01 75 2F E0 55 2C D0 5A 61 E4 43 7C 
	FC 90 03 A9 75 29 3A 16 70 A3 06 5F 6D 53 5A 2E 
	D7 A7 CD 4C 1B 5D 55 87 C3 7C 8B 1E 41 8C 95 4B 
	98 3A 51 03 64 A2 76 A3 46 4E 88 31 2B A1 90 65 
	20 0C A6 DB DB 01 53 6B 13 CF C5 3D 11 C2 C9 48 
	22 1D 77 6C 3C 0D 03 05 3E 90 00 EB 71 62 F8 B6 
	16 3D 59 9B C0 65 9D 24 C7 2F 6D F1 3C 18 27 5D 
	A2 77 C6 BE CB BA 17 A1 8E 39 93 5B ED E8 12 D9 
	84 8A 4F A8 7A 83 2C C9 B9 54 9E 59 93 49 A4 12 
	33 2B 63 1A 69 06 C2 C8 75 1B 8F F3 95 83 74 85 
	9C F1 C9 FC E7 A6 D8 4B 80 2B 79 18 98 86 23 7C 
	5A 02 25 87 B7 13 E3 1B E6 40 B7 2A D1 50 1C C6 
	0E 04 3B C3 3A 42 BB 32 EC B7 EE 24 12 C4 FB B1 
	34 4B 4A 90 B8 99 6D 64 67 8C 71 A2 D3 D0 B4 6D 
	64 57 BF 10 7A 41 19 BB B1 52 09 B9 FC 49 8E AB 
	29 2E B0 59 4F 9B 97 E2 A7 A3 F9 8A AE FA C8 7B 
	22 08 0E A5 71 97 C8 C8 47 47 68 6E F3 D6 BD 30 
	B9 7F 37 73 69 DF 2A 06 36 EB BC E6 D6 B7 60 AA 
	A5 44 6B 29 68 0A 9C 3F 45 59 F7 99 98 4B 26 2E 
	40 A7 BA BA 7B 10 C2 B6 1D 20 A2 CB BD 2A 8E CD 
	B2 6A A9 50 82 E8 A4 25 09 38 5A 00 68 51 03 A0 
	C6 17 F6 C6 63 E5 AB CE F5 B6 C2 06 0A 52 50 9F 
	AC 24 6D AA A9 1D AE 82 4A 40 AB CF 00 0C 29 C1 
	8A 73 06 A0 83 8B 02 A7 B2 62 9E 5F 76 43 D5 C6 
	09 FA 89 52 17 60 1B 13 68 48 FA 57 48 18 EB 45 
	90 FD 5E EF CD 74 9F 13 50 85 6E 57 F0 23 3B 4C 
	8A 19 D6 72 41 32 81 E5 9D 4E E4 DC 59 61 71 B8 
	1C 09 91 74 59 B4 21 14 9D BE EB 6B 00 42 9E B8 
	AC 88 B5 8B 27 B3 21 D5 11 36 06 1A 18 1E BE C7 
	CB 89 B7 B3 C2 FA 63 C9 1A DF D1 44 36 0A 15 79 
	AF 8C AA 8E 4C 47 0D 82 63 A5 4B 3D 47 B4 12 8A 
gy PQ/T (size 1120):
	27 B1 D6 35 A6 63 38 2D 99 E0 31 B3 E9 A5 D6 82 
	A0 95 45 04 93 56 AF 6F 13 54 DE D1 3E D2 9C 72 
	FB 1A 03 A9 BC 8F BA 43 63 85 CC 68 69 81 B4 E2 
	41 54 2C 42 1C 5E BC EB 02 CD 44 3C 11 BA 71 41 
	7C 5C A7 1D D5 A9 B3 9D 32 CD D2 F7 7B 05 BA 66 
	B2 06 BC F9 7E F7 BE D5 98 E0 A6 51 A9 89 82 CB 
	2A 75 B5 64 63 88 8F 48 D0 94 3C E2 D5 D4 0F E2 
	A8 68 CA FC 6D EA D6 7F 61 14 2A 1B AA 9A B8 D3 
	97 C8 F7 A5 D1 49 88 79 DA CE CB F4 BD E0 92 84 
	2B E3 2E 56 78 E8 31 91 9D 05 70 D3 C6 37 6D DC 
	89 30 C9 52 B6 B6 41 17 8D EF 4C 7E 44 6A 00 C3 
	18 39 16 21 A1 59 00 DF A2 6B 52 7A 11 5C 1D D1 
	48 D1 31 6F 16 A0 B8 D9 AD 24 8E B3 F2 2C 7A 35 
	97 96 44 87 93 63 C7 93 A2 71 99 2E 97 07 62 16 
	2E D8 E3 D8 4C C9 6A 1C 79 09 80 64 33 0B C1 6F 
	BD DF 22 AF F8 A5 B2 65 81 4A C3 6F 9C 7A 52 93 
	F2 FA 9B 9B DD 59 B8 08 0E C3 E1 FE 4F 9E 55 26 
	A5 55 99 BB 38 06 2F 8B 98 BA DA 2D 15 5E BE 6D 
	3C DD 6E 49 56 0A 38 3F F8 43 4A BE 8A 02 6E B1 
	82 68 12 E7 B6 69 6E 8F 15 F9 51 75 A3 56 2D 02 
	63 8A 20 77 49 96 3C BF 8A FC C7 A8 DF D9 3B 88 
	5D CC 5E 06 2D 42 C5 57 51 1D BE 76 CB 8F ED 47 
	B7 31 2B 95 C0 DC 81 1E EF 6C 86 A9 FB A6 CA 82 
	D8 ED CA 00 06 F0 5F CB 47 8D 13 86 4C B0 D1 03 
	6A 9C D8 01 B1 40 2E F2 EA E3 59 2D B1 0E 18 F7 
	1D FC DF 86 E5 0E 17 3C 76 BD 08 1A D3 EF 94 AF 
	0E 86 9A 60 A2 A2 81 D7 9E D1 7B 03 03 5F 66 34 
	A8 9F 89 7C CD AA BF 72 4F B7 92 54 0C 58 E6 1E 
	55 72 8E 90 BC 73 78 23 6E 17 28 F5 F6 4A 58 E4 
	D5 EA 4D 41 8B 7F 10 5C 2E 98 2F 6A 7B 8C 4A BB 
	AA E2 A5 15 E8 83 46 50 44 75 94 56 13 8C F7 8F 
	F8 DF 78 28 A2 51 3A 48 6F E5 32 FE 2E DC CF 70 
	0E FC 0E 32 7B F6 8B 0F 57 E7 5A 0E E4 36 4C B7 
	F4 08 29 11 CE D0 23 E3 A5 32 66 4E E3 9E BC 5D 
	B8 97 B3 A3 9E 1E EB 83 D2 33 17 D9 1E 06 49 5F 
	4A D6 4D 64 F5 6B 35 51 FB E1 4B 45 FA 7D 27 F2 
	95 97 52 5F E2 A2 AB 8A 9B 2E 7A CB 49 3E 74 B6 
	31 05 11 62 29 23 91 A5 05 0C A8 95 70 C5 6A 7A 
	32 4E 91 B7 99 E3 FA 0E BC CE 07 30 C3 04 B2 B7 
	AD 40 74 79 D9 DF 89 1E 05 1A 4D AB 8F 56 35 58 
	0D 7B 59 1F 76 B7 98 55 71 69 7F 09 26 9E D4 3A 
	DC F8 4A 97 72 6E E3 56 E1 A7 54 9D C7 7F BB 96 
	26 EE AC 8E 13 4D C7 E8 60 20 5E 3F 5B 58 53 85 
	75 A6 34 C6 CD 0C 41 39 E8 21 E5 A4 0F 44 03 02 
	57 F8 B4 0A F6 B3 67 6F 84 DA 97 21 5A 6A 81 FD 
	01 93 34 E0 7B 46 25 CE 82 AE 4C 2C 0D 21 12 AA 
	FC 89 8E D3 D2 D1 86 9F 51 BF CA DB DD 77 25 F4 
	EE 79 4B 8B 4F 11 77 FE 31 6A 23 70 6D BC F1 33 
	75 C5 78 C4 D0 29 95 4F 3C 68 CB 64 32 C3 D3 AF 
	9E 8C A8 5D 50 B9 9E 29 20 37 C6 A0 A1 9D A0 BA 
	5F 36 11 57 09 23 25 05 7B 11 30 E8 15 61 E8 1C 
	CF 34 65 61 D9 79 F0 6D 88 A1 3F D7 E2 BE 78 3D 
	41 C4 77 44 A5 28 57 58 11 86 FB 88 ED 52 9C 97 
	F9 1C 3A D3 E2 A6 89 74 89 9B 8C A0 08 7B DA 9F 
	C6 9A 66 BE A5 9E 7B 38 92 8D 80 9B 50 C8 0E CD 
	C9 8F E7 4B 8E D5 D7 BC B3 92 78 C9 9B 02 63 5A 
	A8 2E 81 00 E1 41 32 FA A4 E4 6F 36 F4 13 E4 B8 
	9C F4 36 29 95 E3 C0 9E 71 BC C6 D8 F8 09 C8 A4 
	8E A6 81 1E 22 46 87 73 C0 76 64 1B 71 35 35 8F 
	D2 5C 89 E3 A6 20 48 6D 84 B9 55 57 9E D5 46 79 
	B9 2C 97 DA 21 89 4D 9C AD 56 1D 3E 87 A1 3E AC 
	D0 1A C1 07 54 6A 76 5E 6A 5E 57 AF 54 63 27 4C 
	04 C2 3A A5 3A 62 07 87 2B 00 F5 1C EF 1F 02 BE 
	BC 2D 71 7B E0 AF E2 84 E6 59 73 A0 84 F6 B8 DD 
	27 1C F4 97 BB 5E 74 E5 4B E7 F7 F4 15 81 97 B0 
	7F 1E F8 CA E3 BE 7B F1 CE A6 6F 05 80 F2 D7 C6 
	6E 8B 92 6F 90 FD 57 89 02 D5 E9 51 FB 49 E4 25 
	9F F1 E6 02 0F 7D 03 E9 D9 66 B2 84 5B 11 8D C7 
	38 F4 A1 64 43 61 56 F1 38 DA 33 B5 FD FF 94 7C 
	E1 18 F5 9D FB D7 8D B5 54 57 79 5C DF E3 78 D8 
x DH  (size 32):
	30 8A EE 3F ED 8C 9D 04 0D 35 A7 FC 1F A7 76 FB 
	31 30 38 33 AA 2D E8 85 35 4D DF 3D 44 D8 FB 69 
gy DH (size 32):
	27 B1 D6 35 A6 63 38 2D 99 E0 31 B3 E9 A5 D6 82 
	A0 95 45 04 93 56 AF 6F 13 54 DE D1 3E D2 9C 72 
SHARED SECRET DERIVE
G_XY (ECDH shared secret)  (size 32):
	23 42 DA 3A 44 A9 28 77 02 7E D4 DE 6D 1E 8E A1 
	6A 64 F6 60 1A CF 0D 09 79 E2 32 07 86 54 F8 6D 
KEM decapsulation
x KEM  (size 2400):
	0E 96 06 0C 66 31 81 C0 42 CD 80 46 04 D1 A7 2D 
	F3 31 85 C8 49 D0 88 49 2A 30 31 0C 08 9D 9E 03 
	63 BD 12 3A 6A 44 92 16 6B CB F5 67 91 EF 60 23 
	04 8C 0A E3 8C 65 60 B7 31 07 AC 01 93 46 BA D6 
	79 4C F7 C1 16 69 33 83 CF 70 1F 54 C1 5C FD E4 
	76 F1 00 AA 68 86 49 9A 21 40 29 FC 33 2F 68 78 
	EA BB 7C 97 85 CC B5 2B BE 42 EC 27 74 B4 97 CE 
	2A A6 08 FA B9 01 8B 08 C7 50 C6 B4 06 A4 DD 15 
	A4 3D 40 06 83 C5 5B 4B 26 CE A4 B1 38 7D C5 A2 
	B4 D4 30 B1 BA BE CB 85 9D A2 CC 77 5C 78 50 35 
	B6 C0 43 E0 29 46 B6 CE 48 C9 7D E0 9A C5 36 80 
	7D F6 06 28 0B A1 B7 94 78 2A 9F E7 1F D5 90 60 
	C8 83 45 C6 AA B5 F5 00 85 FA 38 20 CF 85 C0 0E 
	28 65 F8 9A 2E FA CA 0F 91 01 2D 00 94 4A BD A3 
	0C 2D 35 88 15 BB A2 F5 55 82 04 62 0D 98 96 84 
	8B 3B 4B 5D B8 66 B4 24 A2 68 94 CA C3 91 AF 7E 
	54 88 D2 96 71 A0 66 6B B2 12 AE C1 EA 17 DD F9 
	C1 D5 64 2D 4B 7C 21 8E 52 34 1E 97 79 78 91 4F 
	7F 7A B1 87 41 39 EB 75 08 CD 6A 49 52 EA 01 9B 
	83 74 2D 58 7F 81 60 33 2C CA 54 96 AC 0B 08 28 
	C3 E2 D2 74 D9 D9 55 9E E1 9E 67 F6 98 3C 26 95 
	6A 14 BC E1 39 0D 3B F4 0C DD 99 46 0E AB 71 ED 
	79 06 E8 09 18 1D 15 30 B7 20 51 69 A2 C6 AA E1 
	06 A6 A7 BC 8E 5A 9E 9D 64 AA B6 17 C6 B4 89 17 
	DC 38 79 48 82 0A 81 C5 23 86 F0 10 E7 96 3A 78 
	69 C4 48 4B 91 5E 4A 5E 85 25 49 DD 90 09 E7 71 
	B7 65 30 C6 59 08 8C 62 54 74 A2 E8 80 A3 78 22 
	F8 89 C6 02 80 1B E3 0A B1 AD 26 6D B5 BA 18 94 
	2B 4A 2B C7 0A 25 25 84 E6 C6 A3 89 06 16 70 82 
	A7 23 67 27 09 AA 79 6A C6 B8 D2 95 26 41 D4 42 
	15 47 7E 24 AB BD 37 D5 4A FB D7 B6 48 CB 1E AC 
	6A A7 64 F9 50 4C 67 8D 4B E8 0E 3E B5 90 D9 CB 
	11 09 FB 2A EE 9A 12 1A F1 01 0B 61 BF 81 54 1D 
	CC 17 54 C0 78 1A 15 47 7D 99 72 A4 D0 35 79 0E 
	13 04 D6 08 A8 74 C0 B8 78 E9 73 AC CB C0 98 AB 
	81 B5 E1 55 CF 14 59 4E 75 4A 4B 86 5A 0F 44 09 
	0E 47 67 3C 53 3B 49 37 13 9B 18 20 FE 21 11 38 
	B7 9A 11 3A B4 7D FA 8E 3E F0 6A 61 AC 54 1E 8B 
	B6 8D 13 34 4A 6A 62 2F 95 73 54 D7 8F 17 4B 5C 
	34 34 48 48 10 48 69 19 5B B2 79 CD 28 10 0A 55 
	19 9F 09 04 64 D4 BA A7 01 5A 62 D4 16 49 7B 1B 
	29 D5 6C 1B 16 79 16 FE 79 91 81 D8 AE 8E 02 4C 
	E7 95 42 C6 0A 96 D3 D1 74 61 83 CD 1F 09 CA 4D 
	53 BA 43 D4 62 55 67 08 29 98 6E 98 A5 3B 9E F9 
	9E 18 16 01 49 F9 27 52 45 32 95 BA 6C 12 FA 11 
	4D 04 85 39 BB B0 3C 51 1F C5 85 02 7C 83 2E 2A 
	B0 93 A2 96 9F F4 EB 29 C9 59 66 4E E9 91 A3 2A 
	00 39 F9 79 FF 7B 6F 7E C3 14 2C 3B 23 8E CA 36 
	57 E3 21 6A 68 3B 48 A2 4C 98 A5 74 92 CA 89 D1 
	C2 95 ED 28 2D 88 AC 66 A7 D4 B2 34 52 43 5A 6A 
	8B D6 09 09 73 D4 A2 67 26 5D F4 77 AE 79 4A 35 
	81 70 17 D3 19 80 18 4A 72 32 EA BD 05 FC 47 52 
	EB 48 77 79 BD E3 43 9C EA 10 A4 14 17 B2 D7 23 
	74 D3 D4 4A 71 06 D0 43 25 B5 A6 FA A7 D5 93 96 
	C1 F3 05 8B 91 22 60 A9 28 8B 69 20 FD 60 54 C9 
	B5 69 38 27 92 93 17 6F 3C A5 56 34 14 0E 22 65 
	CD 89 81 BD 89 EB CD 19 85 34 91 65 04 60 10 8E 
	3D 04 35 71 49 30 60 AC 90 E6 40 89 1D 49 C3 2C 
	14 3F 71 B1 86 86 19 31 B1 22 73 5D F8 65 35 A5 
	0F C0 AA 19 CF 49 4C 5A F0 55 42 AC 00 D7 E9 A3 
	5B 58 2E D8 07 2F 79 A1 6D 21 63 77 89 7C 42 C4 
	E8 00 54 CA 18 6D A5 B1 52 16 BD E9 98 84 2E E9 
	A1 7E 8A 5F E4 22 85 65 27 78 09 A4 02 77 29 94 
	3B CA 6D C3 21 0E 75 53 03 DF AC 43 F6 77 8E 3B 
	D9 67 BC 1C B7 FE 01 C5 7B 81 65 E7 F5 50 99 54 
	6A 29 76 9E 76 EC 26 8A F2 1C DC D9 B2 29 01 6F 
	4F 0A 98 F4 50 A4 BD A4 95 68 50 73 6C 79 2B BF 
	B8 87 82 27 0C 01 14 CD 93 26 71 BD 34 05 29 69 
	1C 96 77 11 D9 CA A3 AF 10 9A 2B 92 0F B0 D0 82 
	50 90 75 F6 8C C5 5E D6 6D 97 43 8E 30 87 AD A3 
	85 11 40 F8 13 4F 1C 1C CB BC B2 0E 69 59 7B C3 
	29 A9 55 0A 2A F9 01 03 60 AC 53 46 B8 4D 53 9E 
	8E 99 51 01 41 BC 9C 99 62 05 22 7A 79 4B B8 6D 
	3C 89 3A E0 43 45 4C 22 80 44 61 87 8B 9D 30 12 
	AE 9E DB 8B 18 57 88 2B DA 21 8D 54 52 C3 B8 91 
	A7 DA 6E FC 09 5E 21 C9 B6 F2 F8 0B 95 16 B6 EA 
	23 19 20 93 8E 54 F3 90 57 06 AD 8C DB 9B B1 D8 
	78 FB 80 46 E1 62 8D E0 73 B6 C2 16 0D 93 D1 53 
	69 F2 C7 DC 68 BC 33 2B 4E EA 09 0E 1D 44 5E 96 
	FB 27 91 C6 6F EA 52 33 05 2B 12 B8 E7 57 1C C7 
	46 5C 68 78 68 B5 B1 C7 61 4E F9 A3 CD AB BC A9 
	FE 82 35 11 26 9A 02 37 73 09 19 24 D2 07 78 DF 
	16 05 E8 25 1A C1 E1 BB 73 64 4D A8 39 26 BE EA 
	68 19 FC 77 C7 A0 8F E2 33 78 9A A6 37 A3 80 2A 
	F0 EA 8B 5A DA BF DD 34 7A 6E 8A 71 B9 F8 2C A6 
	E2 06 D1 25 00 B0 80 BE 27 5A 10 9C 1C 50 C8 83 
	7F 4B AB 53 44 03 CE 4B 5A 27 96 2A 94 9E BC CD 
	D7 C0 52 BA F0 AB EF 21 69 16 C3 97 76 21 B2 5E 
	7C A7 00 80 C9 DB 75 26 13 A9 C7 D6 97 CF ED 44 
	15 9C C8 13 CC BA 00 36 2B 9D 57 01 A7 FD EB 0B 
	0C D1 B3 D8 42 9E 89 B4 06 50 98 CE 81 03 A3 D8 
	54 B7 7C C8 9E D0 61 04 5B 93 4B 70 DB 82 DF C6 
	85 91 C1 93 CB CC A2 86 34 63 B8 08 05 87 48 C1 
	0F A3 BE 7C B3 22 F3 B3 61 45 38 2E D4 C8 CF B4 
	7A 09 AC C3 9E 9B DC 3D 22 D8 BD D2 EB 12 72 63 
	09 E5 6A 9E E3 26 89 72 93 89 0F 83 9B 9F 7A 19 
	0C 5B 93 BF 75 B7 43 4B 06 B9 E9 8F 6D AB 3F 24 
	E1 85 E7 45 88 CE 0B 2E B8 35 49 99 95 82 F0 A4 
	2E 48 D9 CD 31 40 05 B6 39 55 4D 33 9D 2B E9 44 
	F4 8B 71 C7 CB 52 57 65 C4 FC 46 0E 99 C5 65 33 
	85 B5 C7 79 69 08 73 30 FE 08 AD 5E 63 0F 36 51 
	AF D7 8B 12 00 C5 0C BB 25 1D 8C C3 2D 1A 9A 0B 
	68 B0 58 2A B9 0F FD C6 87 03 56 6A 95 36 1E 7A 
	F0 AE A9 CA 90 36 B0 0A 0E 6B A1 04 00 42 D0 34 
	73 8A 3C 0E 22 40 CE 51 B9 35 EF B1 1F 3A 1C 9A 
	B5 7A 96 96 D6 7A DE 57 B6 CD 79 B7 0D 4C 13 61 
	94 81 E0 6B 75 95 87 BF 93 59 6D 66 FC 73 4D 7A 
	BA 2E 04 9D 06 52 84 8D E1 A0 61 6C 3C 7D B2 00 
	A3 9C 64 85 54 8F C4 A6 4F 25 09 8B 5D 67 70 04 
	C8 85 A6 68 78 89 F3 0D F1 16 78 F9 68 AC E6 18 
	4C 2B 61 C0 CD C0 A1 44 C9 6F 91 67 64 B5 11 91 
	89 72 05 66 F3 CC D5 CA 89 DF 12 48 41 60 8D 87 
	A7 CE F9 3A 47 19 90 98 6F C7 71 BD 07 CB A8 B8 
	5A 78 C9 68 1B 76 C1 3A 68 3B 71 7C C3 5D 68 76 
	8C 01 77 16 9B 43 5E 5C 48 51 DB C2 B0 68 32 65 
	7B C3 74 36 56 52 50 A1 75 6C 59 AE 25 9F DA 88 
	30 0E 51 93 59 7C A6 FB 2A B5 F6 B6 3F 01 88 B2 
	05 A7 BF 96 2B C8 1A 48 54 DF B0 3E 42 D9 03 8C 
	9A 5F F0 5B 9A 11 D2 10 6C CC 49 F7 B5 B5 C4 22 
	B1 B1 9B 70 01 75 2F E0 55 2C D0 5A 61 E4 43 7C 
	FC 90 03 A9 75 29 3A 16 70 A3 06 5F 6D 53 5A 2E 
	D7 A7 CD 4C 1B 5D 55 87 C3 7C 8B 1E 41 8C 95 4B 
	98 3A 51 03 64 A2 76 A3 46 4E 88 31 2B A1 90 65 
	20 0C A6 DB DB 01 53 6B 13 CF C5 3D 11 C2 C9 48 
	22 1D 77 6C 3C 0D 03 05 3E 90 00 EB 71 62 F8 B6 
	16 3D 59 9B C0 65 9D 24 C7 2F 6D F1 3C 18 27 5D 
	A2 77 C6 BE CB BA 17 A1 8E 39 93 5B ED E8 12 D9 
	84 8A 4F A8 7A 83 2C C9 B9 54 9E 59 93 49 A4 12 
	33 2B 63 1A 69 06 C2 C8 75 1B 8F F3 95 83 74 85 
	9C F1 C9 FC E7 A6 D8 4B 80 2B 79 18 98 86 23 7C 
	5A 02 25 87 B7 13 E3 1B E6 40 B7 2A D1 50 1C C6 
	0E 04 3B C3 3A 42 BB 32 EC B7 EE 24 12 C4 FB B1 
	34 4B 4A 90 B8 99 6D 64 67 8C 71 A2 D3 D0 B4 6D 
	64 57 BF 10 7A 41 19 BB B1 52 09 B9 FC 49 8E AB 
	29 2E B0 59 4F 9B 97 E2 A7 A3 F9 8A AE FA C8 7B 
	22 08 0E A5 71 97 C8 C8 47 47 68 6E F3 D6 BD 30 
	B9 7F 37 73 69 DF 2A 06 36 EB BC E6 D6 B7 60 AA 
	A5 44 6B 29 68 0A 9C 3F 45 59 F7 99 98 4B 26 2E 
	40 A7 BA BA 7B 10 C2 B6 1D 20 A2 CB BD 2A 8E CD 
	B2 6A A9 50 82 E8 A4 25 09 38 5A 00 68 51 03 A0 
	C6 17 F6 C6 63 E5 AB CE F5 B6 C2 06 0A 52 50 9F 
	AC 24 6D AA A9 1D AE 82 4A 40 AB CF 00 0C 29 C1 
	8A 73 06 A0 83 8B 02 A7 B2 62 9E 5F 76 43 D5 C6 
	09 FA 89 52 17 60 1B 13 68 48 FA 57 48 18 EB 45 
	90 FD 5E EF CD 74 9F 13 50 85 6E 57 F0 23 3B 4C 
	8A 19 D6 72 41 32 81 E5 9D 4E E4 DC 59 61 71 B8 
	1C 09 91 74 59 B4 21 14 9D BE EB 6B 00 42 9E B8 
	AC 88 B5 8B 27 B3 21 D5 11 36 06 1A 18 1E BE C7 
	CB 89 B7 B3 C2 FA 63 C9 1A DF D1 44 36 0A 15 79 
	AF 8C AA 8E 4C 47 0D 82 63 A5 4B 3D 47 B4 12 8A 
gy KEM: (PQ CC) (size 1088):
	FB 1A 03 A9 BC 8F BA 43 63 85 CC 68 69 81 B4 E2 
	41 54 2C 42 1C 5E BC EB 02 CD 44 3C 11 BA 71 41 
	7C 5C A7 1D D5 A9 B3 9D 32 CD D2 F7 7B 05 BA 66 
	B2 06 BC F9 7E F7 BE D5 98 E0 A6 51 A9 89 82 CB 
	2A 75 B5 64 63 88 8F 48 D0 94 3C E2 D5 D4 0F E2 
	A8 68 CA FC 6D EA D6 7F 61 14 2A 1B AA 9A B8 D3 
	97 C8 F7 A5 D1 49 88 79 DA CE CB F4 BD E0 92 84 
	2B E3 2E 56 78 E8 31 91 9D 05 70 D3 C6 37 6D DC 
	89 30 C9 52 B6 B6 41 17 8D EF 4C 7E 44 6A 00 C3 
	18 39 16 21 A1 59 00 DF A2 6B 52 7A 11 5C 1D D1 
	48 D1 31 6F 16 A0 B8 D9 AD 24 8E B3 F2 2C 7A 35 
	97 96 44 87 93 63 C7 93 A2 71 99 2E 97 07 62 16 
	2E D8 E3 D8 4C C9 6A 1C 79 09 80 64 33 0B C1 6F 
	BD DF 22 AF F8 A5 B2 65 81 4A C3 6F 9C 7A 52 93 
	F2 FA 9B 9B DD 59 B8 08 0E C3 E1 FE 4F 9E 55 26 
	A5 55 99 BB 38 06 2F 8B 98 BA DA 2D 15 5E BE 6D 
	3C DD 6E 49 56 0A 38 3F F8 43 4A BE 8A 02 6E B1 
	82 68 12 E7 B6 69 6E 8F 15 F9 51 75 A3 56 2D 02 
	63 8A 20 77 49 96 3C BF 8A FC C7 A8 DF D9 3B 88 
	5D CC 5E 06 2D 42 C5 57 51 1D BE 76 CB 8F ED 47 
	B7 31 2B 95 C0 DC 81 1E EF 6C 86 A9 FB A6 CA 82 
	D8 ED CA 00 06 F0 5F CB 47 8D 13 86 4C B0 D1 03 
	6A 9C D8 01 B1 40 2E F2 EA E3 59 2D B1 0E 18 F7 
	1D FC DF 86 E5 0E 17 3C 76 BD 08 1A D3 EF 94 AF 
	0E 86 9A 60 A2 A2 81 D7 9E D1 7B 03 03 5F 66 34 
	A8 9F 89 7C CD AA BF 72 4F B7 92 54 0C 58 E6 1E 
	55 72 8E 90 BC 73 78 23 6E 17 28 F5 F6 4A 58 E4 
	D5 EA 4D 41 8B 7F 10 5C 2E 98 2F 6A 7B 8C 4A BB 
	AA E2 A5 15 E8 83 46 50 44 75 94 56 13 8C F7 8F 
	F8 DF 78 28 A2 51 3A 48 6F E5 32 FE 2E DC CF 70 
	0E FC 0E 32 7B F6 8B 0F 57 E7 5A 0E E4 36 4C B7 
	F4 08 29 11 CE D0 23 E3 A5 32 66 4E E3 9E BC 5D 
	B8 97 B3 A3 9E 1E EB 83 D2 33 17 D9 1E 06 49 5F 
	4A D6 4D 64 F5 6B 35 51 FB E1 4B 45 FA 7D 27 F2 
	95 97 52 5F E2 A2 AB 8A 9B 2E 7A CB 49 3E 74 B6 
	31 05 11 62 29 23 91 A5 05 0C A8 95 70 C5 6A 7A 
	32 4E 91 B7 99 E3 FA 0E BC CE 07 30 C3 04 B2 B7 
	AD 40 74 79 D9 DF 89 1E 05 1A 4D AB 8F 56 35 58 
	0D 7B 59 1F 76 B7 98 55 71 69 7F 09 26 9E D4 3A 
	DC F8 4A 97 72 6E E3 56 E1 A7 54 9D C7 7F BB 96 
	26 EE AC 8E 13 4D C7 E8 60 20 5E 3F 5B 58 53 85 
	75 A6 34 C6 CD 0C 41 39 E8 21 E5 A4 0F 44 03 02 
	57 F8 B4 0A F6 B3 67 6F 84 DA 97 21 5A 6A 81 FD 
	01 93 34 E0 7B 46 25 CE 82 AE 4C 2C 0D 21 12 AA 
	FC 89 8E D3 D2 D1 86 9F 51 BF CA DB DD 77 25 F4 
	EE 79 4B 8B 4F 11 77 FE 31 6A 23 70 6D BC F1 33 
	75 C5 78 C4 D0 29 95 4F 3C 68 CB 64 32 C3 D3 AF 
	9E 8C A8 5D 50 B9 9E 29 20 37 C6 A0 A1 9D A0 BA 
	5F 36 11 57 09 23 25 05 7B 11 30 E8 15 61 E8 1C 
	CF 34 65 61 D9 79 F0 6D 88 A1 3F D7 E2 BE 78 3D 
	41 C4 77 44 A5 28 57 58 11 86 FB 88 ED 52 9C 97 
	F9 1C 3A D3 E2 A6 89 74 89 9B 8C A0 08 7B DA 9F 
	C6 9A 66 BE A5 9E 7B 38 92 8D 80 9B 50 C8 0E CD 
	C9 8F E7 4B 8E D5 D7 BC B3 92 78 C9 9B 02 63 5A 
	A8 2E 81 00 E1 41 32 FA A4 E4 6F 36 F4 13 E4 B8 
	9C F4 36 29 95 E3 C0 9E 71 BC C6 D8 F8 09 C8 A4 
	8E A6 81 1E 22 46 87 73 C0 76 64 1B 71 35 35 8F 
	D2 5C 89 E3 A6 20 48 6D 84 B9 55 57 9E D5 46 79 
	B9 2C 97 DA 21 89 4D 9C AD 56 1D 3E 87 A1 3E AC 
	D0 1A C1 07 54 6A 76 5E 6A 5E 57 AF 54 63 27 4C 
	04 C2 3A A5 3A 62 07 87 2B 00 F5 1C EF 1F 02 BE 
	BC 2D 71 7B E0 AF E2 84 E6 59 73 A0 84 F6 B8 DD 
	27 1C F4 97 BB 5E 74 E5 4B E7 F7 F4 15 81 97 B0 
	7F 1E F8 CA E3 BE 7B F1 CE A6 6F 05 80 F2 D7 C6 
	6E 8B 92 6F 90 FD 57 89 02 D5 E9 51 FB 49 E4 25 
	9F F1 E6 02 0F 7D 03 E9 D9 66 B2 84 5B 11 8D C7 
	38 F4 A1 64 43 61 56 F1 38 DA 33 B5 FD FF 94 7C 
	E1 18 F5 9D FB D7 8D B5 54 57 79 5C DF E3 78 D8 
G_XY (PQ SS)  (size 32):
	01 18 6F 7B C9 47 07 5C C4 91 6B C2 73 CF F6 C0 
	E1 D7 11 62 45 2A 9B FF 49 C3 8F CA 09 FE AA CC 
hash_msg1_raw (size 32):
	64 AA CF 16 28 4F FC 10 BB 09 11 B5 B8 3E 39 49 
	4F AE 49 FB E0 87 13 B1 CC 2D 4E 96 CB 1C DF C5 
Input to calculate TH_2 (CBOR Sequence) (size 1157):
	59 04 60 27 B1 D6 35 A6 63 38 2D 99 E0 31 B3 E9 
	A5 D6 82 A0 95 45 04 93 56 AF 6F 13 54 DE D1 3E 
	D2 9C 72 FB 1A 03 A9 BC 8F BA 43 63 85 CC 68 69 
	81 B4 E2 41 54 2C 42 1C 5E BC EB 02 CD 44 3C 11 
	BA 71 41 7C 5C A7 1D D5 A9 B3 9D 32 CD D2 F7 7B 
	05 BA 66 B2 06 BC F9 7E F7 BE D5 98 E0 A6 51 A9 
	89 82 CB 2A 75 B5 64 63 88 8F 48 D0 94 3C E2 D5 
	D4 0F E2 A8 68 CA FC 6D EA D6 7F 61 14 2A 1B AA 
	9A B8 D3 97 C8 F7 A5 D1 49 88 79 DA CE CB F4 BD 
	E0 92 84 2B E3 2E 56 78 E8 31 91 9D 05 70 D3 C6 
	37 6D DC 89 30 C9 52 B6 B6 41 17 8D EF 4C 7E 44 
	6A 00 C3 18 39 16 21 A1 59 00 DF A2 6B 52 7A 11 
	5C 1D D1 48 D1 31 6F 16 A0 B8 D9 AD 24 8E B3 F2 
	2C 7A 35 97 96 44 87 93 63 C7 93 A2 71 99 2E 97 
	07 62 16 2E D8 E3 D8 4C C9 6A 1C 79 09 80 64 33 
	0B C1 6F BD DF 22 AF F8 A5 B2 65 81 4A C3 6F 9C 
	7A 52 93 F2 FA 9B 9B DD 59 B8 08 0E C3 E1 FE 4F 
	9E 55 26 A5 55 99 BB 38 06 2F 8B 98 BA DA 2D 15 
	5E BE 6D 3C DD 6E 49 56 0A 38 3F F8 43 4A BE 8A 
	02 6E B1 82 68 12 E7 B6 69 6E 8F 15 F9 51 75 A3 
	56 2D 02 63 8A 20 77 49 96 3C BF 8A FC C7 A8 DF 
	D9 3B 88 5D CC 5E 06 2D 42 C5 57 51 1D BE 76 CB 
	8F ED 47 B7 31 2B 95 C0 DC 81 1E EF 6C 86 A9 FB 
	A6 CA 82 D8 ED CA 00 06 F0 5F CB 47 8D 13 86 4C 
	B0 D1 03 6A 9C D8 01 B1 40 2E F2 EA E3 59 2D B1 
	0E 18 F7 1D FC DF 86 E5 0E 17 3C 76 BD 08 1A D3 
	EF 94 AF 0E 86 9A 60 A2 A2 81 D7 9E D1 7B 03 03 
	5F 66 34 A8 9F 89 7C CD AA BF 72 4F B7 92 54 0C 
	58 E6 1E 55 72 8E 90 BC 73 78 23 6E 17 28 F5 F6 
	4A 58 E4 D5 EA 4D 41 8B 7F 10 5C 2E 98 2F 6A 7B 
	8C 4A BB AA E2 A5 15 E8 83 46 50 44 75 94 56 13 
	8C F7 8F F8 DF 78 28 A2 51 3A 48 6F E5 32 FE 2E 
	DC CF 70 0E FC 0E 32 7B F6 8B 0F 57 E7 5A 0E E4 
	36 4C B7 F4 08 29 11 CE D0 23 E3 A5 32 66 4E E3 
	9E BC 5D B8 97 B3 A3 9E 1E EB 83 D2 33 17 D9 1E 
	06 49 5F 4A D6 4D 64 F5 6B 35 51 FB E1 4B 45 FA 
	7D 27 F2 95 97 52 5F E2 A2 AB 8A 9B 2E 7A CB 49 
	3E 74 B6 31 05 11 62 29 23 91 A5 05 0C A8 95 70 
	C5 6A 7A 32 4E 91 B7 99 E3 FA 0E BC CE 07 30 C3 
	04 B2 B7 AD 40 74 79 D9 DF 89 1E 05 1A 4D AB 8F 
	56 35 58 0D 7B 59 1F 76 B7 98 55 71 69 7F 09 26 
	9E D4 3A DC F8 4A 97 72 6E E3 56 E1 A7 54 9D C7 
	7F BB 96 26 EE AC 8E 13 4D C7 E8 60 20 5E 3F 5B 
	58 53 85 75 A6 34 C6 CD 0C 41 39 E8 21 E5 A4 0F 
	44 03 02 57 F8 B4 0A F6 B3 67 6F 84 DA 97 21 5A 
	6A 81 FD 01 93 34 E0 7B 46 25 CE 82 AE 4C 2C 0D 
	21 12 AA FC 89 8E D3 D2 D1 86 9F 51 BF CA DB DD 
	77 25 F4 EE 79 4B 8B 4F 11 77 FE 31 6A 23 70 6D 
	BC F1 33 75 C5 78 C4 D0 29 95 4F 3C 68 CB 64 32 
	C3 D3 AF 9E 8C A8 5D 50 B9 9E 29 20 37 C6 A0 A1 
	9D A0 BA 5F 36 11 57 09 23 25 05 7B 11 30 E8 15 
	61 E8 1C CF 34 65 61 D9 79 F0 6D 88 A1 3F D7 E2 
	BE 78 3D 41 C4 77 44 A5 28 57 58 11 86 FB 88 ED 
	52 9C 97 F9 1C 3A D3 E2 A6 89 74 89 9B 8C A0 08 
	7B DA 9F C6 9A 66 BE A5 9E 7B 38 92 8D 80 9B 50 
	C8 0E CD C9 8F E7 4B 8E D5 D7 BC B3 92 78 C9 9B 
	02 63 5A A8 2E 81 00 E1 41 32 FA A4 E4 6F 36 F4 
	13 E4 B8 9C F4 36 29 95 E3 C0 9E 71 BC C6 D8 F8 
	09 C8 A4 8E A6 81 1E 22 46 87 73 C0 76 64 1B 71 
	35 35 8F D2 5C 89 E3 A6 20 48 6D 84 B9 55 57 9E 
	D5 46 79 B9 2C 97 DA 21 89 4D 9C AD 56 1D 3E 87 
	A1 3E AC D0 1A C1 07 54 6A 76 5E 6A 5E 57 AF 54 
	63 27 4C 04 C2 3A A5 3A 62 07 87 2B 00 F5 1C EF 
	1F 02 BE BC 2D 71 7B E0 AF E2 84 E6 59 73 A0 84 
	F6 B8 DD 27 1C F4 97 BB 5E 74 E5 4B E7 F7 F4 15 
	81 97 B0 7F 1E F8 CA E3 BE 7B F1 CE A6 6F 05 80 
	F2 D7 C6 6E 8B 92 6F 90 FD 57 89 02 D5 E9 51 FB 
	49 E4 25 9F F1 E6 02 0F 7D 03 E9 D9 66 B2 84 5B 
	11 8D C7 38 F4 A1 64 43 61 56 F1 38 DA 33 B5 FD 
	FF 94 7C E1 18 F5 9D FB D7 8D B5 54 57 79 5C DF 
	E3 78 D8 58 20 64 AA CF 16 28 4F FC 10 BB 09 11 
	B5 B8 3E 39 49 4F AE 49 FB E0 87 13 B1 CC 2D 4E 
	96 CB 1C DF C5 
TH2 (size 32):
	35 38 81 41 2E 14 C1 20 C5 B1 3A 8D 5E 60 9C 7A 
	3B C0 9F C6 83 0D AB 0D 8E BF BC 48 67 F9 F9 E6 
TH_2 (size 32):
	35 38 81 41 2E 14 C1 20 C5 B1 3A 8D 5E 60 9C 7A 
	3B C0 9F C6 83 0D AB 0D 8E BF BC 48 67 F9 F9 E6 
GX_Y (for prk_2e) (size 32):
	23 42 DA 3A 44 A9 28 77 02 7E D4 DE 6D 1E 8E A1 
	6A 64 F6 60 1A CF 0D 09 79 E2 32 07 86 54 F8 6D 
PRK_2e (first DH derivation) (size 32):
	3C 4F 68 24 38 E1 68 42 48 FD 96 0E 41 D0 C4 E0 
	75 7F D3 A4 B2 A6 19 0E 66 6F D6 0E CC 0C C3 97 
PRK_2e_b (second KEM DH) (size 32):
	F9 7E B1 AD 96 14 70 C0 72 E4 5A 88 7B 16 37 37 
	2D AF F7 DC 04 0B BD 91 8B CE 71 1C 05 2A 3F F1 
PRK_2e (size 32):
	F9 7E B1 AD 96 14 70 C0 72 E4 5A 88 7B 16 37 37 
	2D AF F7 DC 04 0B BD 91 8B CE 71 1C 05 2A 3F F1 
KEYSTREAM_2 (size 12):
	85 B5 8E D9 B6 9E EF 23 A1 25 2C D1 
associated_data (size 45):
	83 68 45 6E 63 72 79 70 74 30 40 58 20 35 38 81 
	41 2E 14 C1 20 C5 B1 3A 8D 5E 60 9C 7A 3B C0 9F 
	C6 83 0D AB 0D 8E BF BC 48 67 F9 F9 E6 
plaintext (size 12):
	41 A1 01 48 59 DE 77 0F 3E 0C AD 80 
C_R (raw) (size 1):
	A1 
ID_CRED (size 3):
	A1 04 01 
sign_or_mac (size 8):
	59 DE 77 0F 3E 0C AD 80 
[cred] lookup ID_CRED len=3
A10401
[cred] cred_array entries: 5
[cred] candidate[0] len=3 A10401
[cred] candidate[1] len=3 A10401
[cred] candidate[2] len=7 A1043A271CE614
[cred] candidate[3] len=7 A1043A39D0E614
[cred] candidate[4] len=7 A1041A0BD419EB
[prk_derive] static DH alg -67 pk_len 32 sk_len 2432
[prk_derive] stat_pk (size 32):
	11 43 E1 7E 6A B4 9D 32 57 F9 5E 75 1D 52 6D A3 
	29 31 05 00 4F 9A 11 20 B4 D2 30 D5 CC 52 0F 16 
[prk_derive] stat_sk (size 2432):
	30 8A EE 3F ED 8C 9D 04 0D 35 A7 FC 1F A7 76 FB 
	31 30 38 33 AA 2D E8 85 35 4D DF 3D 44 D8 FB 69 
	0E 96 06 0C 66 31 81 C0 42 CD 80 46 04 D1 A7 2D 
	F3 31 85 C8 49 D0 88 49 2A 30 31 0C 08 9D 9E 03 
	63 BD 12 3A 6A 44 92 16 6B CB F5 67 91 EF 60 23 
	04 8C 0A E3 8C 65 60 B7 31 07 AC 01 93 46 BA D6 
	79 4C F7 C1 16 69 33 83 CF 70 1F 54 C1 5C FD E4 
	76 F1 00 AA 68 86 49 9A 21 40 29 FC 33 2F 68 78 
	EA BB 7C 97 85 CC B5 2B BE 42 EC 27 74 B4 97 CE 
	2A A6 08 FA B9 01 8B 08 C7 50 C6 B4 06 A4 DD 15 
	A4 3D 40 06 83 C5 5B 4B 26 CE A4 B1 38 7D C5 A2 
	B4 D4 30 B1 BA BE CB 85 9D A2 CC 77 5C 78 50 35 
	B6 C0 43 E0 29 46 B6 CE 48 C9 7D E0 9A C5 36 80 
	7D F6 06 28 0B A1 B7 94 78 2A 9F E7 1F D5 90 60 
	C8 83 45 C6 AA B5 F5 00 85 FA 38 20 CF 85 C0 0E 
	28 65 F8 9A 2E FA CA 0F 91 01 2D 00 94 4A BD A3 
	0C 2D 35 88 15 BB A2 F5 55 82 04 62 0D 98 96 84 
	8B 3B 4B 5D B8 66 B4 24 A2 68 94 CA C3 91 AF 7E 
	54 88 D2 96 71 A0 66 6B B2 12 AE C1 EA 17 DD F9 
	C1 D5 64 2D 4B 7C 21 8E 52 34 1E 97 79 78 91 4F 
	7F 7A B1 87 41 39 EB 75 08 CD 6A 49 52 EA 01 9B 
	83 74 2D 58 7F 81 60 33 2C CA 54 96 AC 0B 08 28 
	C3 E2 D2 74 D9 D9 55 9E E1 9E 67 F6 98 3C 26 95 
	6A 14 BC E1 39 0D 3B F4 0C DD 99 46 0E AB 71 ED 
	79 06 E8 09 18 1D 15 30 B7 20 51 69 A2 C6 AA E1 
	06 A6 A7 BC 8E 5A 9E 9D 64 AA B6 17 C6 B4 89 17 
	DC 38 79 48 82 0A 81 C5 23 86 F0 10 E7 96 3A 78 
	69 C4 48 4B 91 5E 4A 5E 85 25 49 DD 90 09 E7 71 
	B7 65 30 C6 59 08 8C 62 54 74 A2 E8 80 A3 78 22 
	F8 89 C6 02 80 1B E3 0A B1 AD 26 6D B5 BA 18 94 
	2B 4A 2B C7 0A 25 25 84 E6 C6 A3 89 06 16 70 82 
	A7 23 67 27 09 AA 79 6A C6 B8 D2 95 26 41 D4 42 
	15 47 7E 24 AB BD 37 D5 4A FB D7 B6 48 CB 1E AC 
	6A A7 64 F9 50 4C 67 8D 4B E8 0E 3E B5 90 D9 CB 
	11 09 FB 2A EE 9A 12 1A F1 01 0B 61 BF 81 54 1D 
	CC 17 54 C0 78 1A 15 47 7D 99 72 A4 D0 35 79 0E 
	13 04 D6 08 A8 74 C0 B8 78 E9 73 AC CB C0 98 AB 
	81 B5 E1 55 CF 14 59 4E 75 4A 4B 86 5A 0F 44 09 
	0E 47 67 3C 53 3B 49 37 13 9B 18 20 FE 21 11 38 
	B7 9A 11 3A B4 7D FA 8E 3E F0 6A 61 AC 54 1E 8B 
	B6 8D 13 34 4A 6A 62 2F 95 73 54 D7 8F 17 4B 5C 
	34 34 48 48 10 48 69 19 5B B2 79 CD 28 10 0A 55 
	19 9F 09 04 64 D4 BA A7 01 5A 62 D4 16 49 7B 1B 
	29 D5 6C 1B 16 79 16 FE 79 91 81 D8 AE 8E 02 4C 
	E7 95 42 C6 0A 96 D3 D1 74 61 83 CD 1F 09 CA 4D 
	53 BA 43 D4 62 55 67 08 29 98 6E 98 A5 3B 9E F9 
	9E 18 16 01 49 F9 27 52 45 32 95 BA 6C 12 FA 11 
	4D 04 85 39 BB B0 3C 51 1F C5 85 02 7C 83 2E 2A 
	B0 93 A2 96 9F F4 EB 29 C9 59 66 4E E9 91 A3 2A 
	00 39 F9 79 FF 7B 6F 7E C3 14 2C 3B 23 8E CA 36 
	57 E3 21 6A 68 3B 48 A2 4C 98 A5 74 92 CA 89 D1 
	C2 95 ED 28 2D 88 AC 66 A7 D4 B2 34 52 43 5A 6A 
	8B D6 09 09 73 D4 A2 67 26 5D F4 77 AE 79 4A 35 
	81 70 17 D3 19 80 18 4A 72 32 EA BD 05 FC 47 52 
	EB 48 77 79 BD E3 43 9C EA 10 A4 14 17 B2 D7 23 
	74 D3 D4 4A 71 06 D0 43 25 B5 A6 FA A7 D5 93 96 
	C1 F3 05 8B 91 22 60 A9 28 8B 69 20 FD 60 54 C9 
	B5 69 38 27 92 93 17 6F 3C A5 56 34 14 0E 22 65 
	CD 89 81 BD 89 EB CD 19 85 34 91 65 04 60 10 8E 
	3D 04 35 71 49 30 60 AC 90 E6 40 89 1D 49 C3 2C 
	14 3F 71 B1 86 86 19 31 B1 22 73 5D F8 65 35 A5 
	0F C0 AA 19 CF 49 4C 5A F0 55 42 AC 00 D7 E9 A3 
	5B 58 2E D8 07 2F 79 A1 6D 21 63 77 89 7C 42 C4 
	E8 00 54 CA 18 6D A5 B1 52 16 BD E9 98 84 2E E9 
	A1 7E 8A 5F E4 22 85 65 27 78 09 A4 02 77 29 94 
	3B CA 6D C3 21 0E 75 53 03 DF AC 43 F6 77 8E 3B 
	D9 67 BC 1C B7 FE 01 C5 7B 81 65 E7 F5 50 99 54 
	6A 29 76 9E 76 EC 26 8A F2 1C DC D9 B2 29 01 6F 
	4F 0A 98 F4 50 A4 BD A4 95 68 50 73 6C 79 2B BF 
	B8 87 82 27 0C 01 14 CD 93 26 71 BD 34 05 29 69 
	1C 96 77 11 D9 CA A3 AF 10 9A 2B 92 0F B0 D0 82 
	50 90 75 F6 8C C5 5E D6 6D 97 43 8E 30 87 AD A3 
	85 11 40 F8 13 4F 1C 1C CB BC B2 0E 69 59 7B C3 
	29 A9 55 0A 2A F9 01 03 60 AC 53 46 B8 4D 53 9E 
	8E 99 51 01 41 BC 9C 99 62 05 22 7A 79 4B B8 6D 
	3C 89 3A E0 43 45 4C 22 80 44 61 87 8B 9D 30 12 
	AE 9E DB 8B 18 57 88 2B DA 21 8D 54 52 C3 B8 91 
	A7 DA 6E FC 09 5E 21 C9 B6 F2 F8 0B 95 16 B6 EA 
	23 19 20 93 8E 54 F3 90 57 06 AD 8C DB 9B B1 D8 
	78 FB 80 46 E1 62 8D E0 73 B6 C2 16 0D 93 D1 53 
	69 F2 C7 DC 68 BC 33 2B 4E EA 09 0E 1D 44 5E 96 
	FB 27 91 C6 6F EA 52 33 05 2B 12 B8 E7 57 1C C7 
	46 5C 68 78 68 B5 B1 C7 61 4E F9 A3 CD AB BC A9 
	FE 82 35 11 26 9A 02 37 73 09 19 24 D2 07 78 DF 
	16 05 E8 25 1A C1 E1 BB 73 64 4D A8 39 26 BE EA 
	68 19 FC 77 C7 A0 8F E2 33 78 9A A6 37 A3 80 2A 
	F0 EA 8B 5A DA BF DD 34 7A 6E 8A 71 B9 F8 2C A6 
	E2 06 D1 25 00 B0 80 BE 27 5A 10 9C 1C 50 C8 83 
	7F 4B AB 53 44 03 CE 4B 5A 27 96 2A 94 9E BC CD 
	D7 C0 52 BA F0 AB EF 21 69 16 C3 97 76 21 B2 5E 
	7C A7 00 80 C9 DB 75 26 13 A9 C7 D6 97 CF ED 44 
	15 9C C8 13 CC BA 00 36 2B 9D 57 01 A7 FD EB 0B 
	0C D1 B3 D8 42 9E 89 B4 06 50 98 CE 81 03 A3 D8 
	54 B7 7C C8 9E D0 61 04 5B 93 4B 70 DB 82 DF C6 
	85 91 C1 93 CB CC A2 86 34 63 B8 08 05 87 48 C1 
	0F A3 BE 7C B3 22 F3 B3 61 45 38 2E D4 C8 CF B4 
	7A 09 AC C3 9E 9B DC 3D 22 D8 BD D2 EB 12 72 63 
	09 E5 6A 9E E3 26 89 72 93 89 0F 83 9B 9F 7A 19 
	0C 5B 93 BF 75 B7 43 4B 06 B9 E9 8F 6D AB 3F 24 
	E1 85 E7 45 88 CE 0B 2E B8 35 49 99 95 82 F0 A4 
	2E 48 D9 CD 31 40 05 B6 39 55 4D 33 9D 2B E9 44 
	F4 8B 71 C7 CB 52 57 65 C4 FC 46 0E 99 C5 65 33 
	85 B5 C7 79 69 08 73 30 FE 08 AD 5E 63 0F 36 51 
	AF D7 8B 12 00 C5 0C BB 25 1D 8C C3 2D 1A 9A 0B 
	68 B0 58 2A B9 0F FD C6 87 03 56 6A 95 36 1E 7A 
	F0 AE A9 CA 90 36 B0 0A 0E 6B A1 04 00 42 D0 34 
	73 8A 3C 0E 22 40 CE 51 B9 35 EF B1 1F 3A 1C 9A 
	B5 7A 96 96 D6 7A DE 57 B6 CD 79 B7 0D 4C 13 61 
	94 81 E0 6B 75 95 87 BF 93 59 6D 66 FC 73 4D 7A 
	BA 2E 04 9D 06 52 84 8D E1 A0 61 6C 3C 7D B2 00 
	A3 9C 64 85 54 8F C4 A6 4F 25 09 8B 5D 67 70 04 
	C8 85 A6 68 78 89 F3 0D F1 16 78 F9 68 AC E6 18 
	4C 2B 61 C0 CD C0 A1 44 C9 6F 91 67 64 B5 11 91 
	89 72 05 66 F3 CC D5 CA 89 DF 12 48 41 60 8D 87 
	A7 CE F9 3A 47 19 90 98 6F C7 71 BD 07 CB A8 B8 
	5A 78 C9 68 1B 76 C1 3A 68 3B 71 7C C3 5D 68 76 
	8C 01 77 16 9B 43 5E 5C 48 51 DB C2 B0 68 32 65 
	7B C3 74 36 56 52 50 A1 75 6C 59 AE 25 9F DA 88 
	30 0E 51 93 59 7C A6 FB 2A B5 F6 B6 3F 01 88 B2 
	05 A7 BF 96 2B C8 1A 48 54 DF B0 3E 42 D9 03 8C 
	9A 5F F0 5B 9A 11 D2 10 6C CC 49 F7 B5 B5 C4 22 
	B1 B1 9B 70 01 75 2F E0 55 2C D0 5A 61 E4 43 7C 
	FC 90 03 A9 75 29 3A 16 70 A3 06 5F 6D 53 5A 2E 
	D7 A7 CD 4C 1B 5D 55 87 C3 7C 8B 1E 41 8C 95 4B 
	98 3A 51 03 64 A2 76 A3 46 4E 88 31 2B A1 90 65 
	20 0C A6 DB DB 01 53 6B 13 CF C5 3D 11 C2 C9 48 
	22 1D 77 6C 3C 0D 03 05 3E 90 00 EB 71 62 F8 B6 
	16 3D 59 9B C0 65 9D 24 C7 2F 6D F1 3C 18 27 5D 
	A2 77 C6 BE CB BA 17 A1 8E 39 93 5B ED E8 12 D9 
	84 8A 4F A8 7A 83 2C C9 B9 54 9E 59 93 49 A4 12 
	33 2B 63 1A 69 06 C2 C8 75 1B 8F F3 95 83 74 85 
	9C F1 C9 FC E7 A6 D8 4B 80 2B 79 18 98 86 23 7C 
	5A 02 25 87 B7 13 E3 1B E6 40 B7 2A D1 50 1C C6 
	0E 04 3B C3 3A 42 BB 32 EC B7 EE 24 12 C4 FB B1 
	34 4B 4A 90 B8 99 6D 64 67 8C 71 A2 D3 D0 B4 6D 
	64 57 BF 10 7A 41 19 BB B1 52 09 B9 FC 49 8E AB 
	29 2E B0 59 4F 9B 97 E2 A7 A3 F9 8A AE FA C8 7B 
	22 08 0E A5 71 97 C8 C8 47 47 68 6E F3 D6 BD 30 
	B9 7F 37 73 69 DF 2A 06 36 EB BC E6 D6 B7 60 AA 
	A5 44 6B 29 68 0A 9C 3F 45 59 F7 99 98 4B 26 2E 
	40 A7 BA BA 7B 10 C2 B6 1D 20 A2 CB BD 2A 8E CD 
	B2 6A A9 50 82 E8 A4 25 09 38 5A 00 68 51 03 A0 
	C6 17 F6 C6 63 E5 AB CE F5 B6 C2 06 0A 52 50 9F 
	AC 24 6D AA A9 1D AE 82 4A 40 AB CF 00 0C 29 C1 
	8A 73 06 A0 83 8B 02 A7 B2 62 9E 5F 76 43 D5 C6 
	09 FA 89 52 17 60 1B 13 68 48 FA 57 48 18 EB 45 
	90 FD 5E EF CD 74 9F 13 50 85 6E 57 F0 23 3B 4C 
	8A 19 D6 72 41 32 81 E5 9D 4E E4 DC 59 61 71 B8 
	1C 09 91 74 59 B4 21 14 9D BE EB 6B 00 42 9E B8 
	AC 88 B5 8B 27 B3 21 D5 11 36 06 1A 18 1E BE C7 
	CB 89 B7 B3 C2 FA 63 C9 1A DF D1 44 36 0A 15 79 
	AF 8C AA 8E 4C 47 0D 82 63 A5 4B 3D 47 B4 12 8A 
SHARED SECRET DERIVE
dh_secret (size 32):
	16 97 10 01 99 18 A8 54 1B A3 52 5C 8E 48 5B E2 
	43 22 F8 E6 D1 35 A8 7C 69 E0 DF CC 76 8E ED 5B 
SALT_3e2m or SALT4e3m (size 32):
	ED E1 9C 7A 42 FC DE 10 3D EA 49 4D 4E 65 82 81 
	59 18 21 48 15 9F 9E 00 9A 04 D5 63 B3 54 E3 66 
prk_3e2m (size 32):
	83 6C E8 A0 FC 17 0E 5B CF 8A 6C 9E 5F 23 38 A9 
	4C 13 26 57 32 57 9B F3 6A 7D 71 B1 06 C6 36 6A 
TMP size: 32
CBOR ENCODE ERROR: 0
MAX ID CRED: 400 cred len 3
MAX CRED: 765 cred len 3
PK SIZE: 65
SIGNATURE SIZE: 500
CONTEXT_MAC_SIZE: 1204
CONTEXT_MAC len: 42
CR len: 2
TH enc len: 34
TMP size: 1
CBOR ENCODE ERROR: 0
MAC context (size 42):
	41 A1 A1 04 01 58 20 35 38 81 41 2E 14 C1 20 C5 
	B1 3A 8D 5E 60 9C 7A 3B C0 9F C6 83 0D AB 0D 8E 
	BF BC 48 67 F9 F9 E6 A1 04 01 
MAC 2/3 (size 8):
	59 DE 77 0F 3E 0C AD 80 
th23 (size 32):
	35 38 81 41 2E 14 C1 20 C5 B1 3A 8D 5E 60 9C 7A 
	3B C0 9F C6 83 0D AB 0D 8E BF BC 48 67 F9 F9 E6 
plaintext_23 (size 12):
	41 A1 01 48 59 DE 77 0F 3E 0C AD 80 
cred (size 3):
	A1 04 01 
TMP size: 32
CBOR ENCODE ERROR: 0
Encoded
memcopy1
memcopy2
Input to calculate TH_3/TH_4 (CBOR Sequence) (size 49):
	58 20 35 38 81 41 2E 14 C1 20 C5 B1 3A 8D 5E 60 
	9C 7A 3B C0 9F C6 83 0D AB 0D 8E BF BC 48 67 F9 
	F9 E6 41 A1 01 48 59 DE 77 0F 3E 0C AD 80 A1 04 
	01 
TH34 (size 32):
	DF 6A 10 4A 29 2E EF B0 66 2C 26 76 53 E8 56 6C 
	44 78 89 AF 43 43 8A F6 4C FA 9A 08 91 9B B4 F7 
[prk_derive] static DH alg -67 pk_len 1120 sk_len 32
[prk_derive] stat_pk (size 1120):
	27 B1 D6 35 A6 63 38 2D 99 E0 31 B3 E9 A5 D6 82 
	A0 95 45 04 93 56 AF 6F 13 54 DE D1 3E D2 9C 72 
	FB 1A 03 A9 BC 8F BA 43 63 85 CC 68 69 81 B4 E2 
	41 54 2C 42 1C 5E BC EB 02 CD 44 3C 11 BA 71 41 
	7C 5C A7 1D D5 A9 B3 9D 32 CD D2 F7 7B 05 BA 66 
	B2 06 BC F9 7E F7 BE D5 98 E0 A6 51 A9 89 82 CB 
	2A 75 B5 64 63 88 8F 48 D0 94 3C E2 D5 D4 0F E2 
	A8 68 CA FC 6D EA D6 7F 61 14 2A 1B AA 9A B8 D3 
	97 C8 F7 A5 D1 49 88 79 DA CE CB F4 BD E0 92 84 
	2B E3 2E 56 78 E8 31 91 9D 05 70 D3 C6 37 6D DC 
	89 30 C9 52 B6 B6 41 17 8D EF 4C 7E 44 6A 00 C3 
	18 39 16 21 A1 59 00 DF A2 6B 52 7A 11 5C 1D D1 
	48 D1 31 6F 16 A0 B8 D9 AD 24 8E B3 F2 2C 7A 35 
	97 96 44 87 93 63 C7 93 A2 71 99 2E 97 07 62 16 
	2E D8 E3 D8 4C C9 6A 1C 79 09 80 64 33 0B C1 6F 
	BD DF 22 AF F8 A5 B2 65 81 4A C3 6F 9C 7A 52 93 
	F2 FA 9B 9B DD 59 B8 08 0E C3 E1 FE 4F 9E 55 26 
	A5 55 99 BB 38 06 2F 8B 98 BA DA 2D 15 5E BE 6D 
	3C DD 6E 49 56 0A 38 3F F8 43 4A BE 8A 02 6E B1 
	82 68 12 E7 B6 69 6E 8F 15 F9 51 75 A3 56 2D 02 
	63 8A 20 77 49 96 3C BF 8A FC C7 A8 DF D9 3B 88 
	5D CC 5E 06 2D 42 C5 57 51 1D BE 76 CB 8F ED 47 
	B7 31 2B 95 C0 DC 81 1E EF 6C 86 A9 FB A6 CA 82 
	D8 ED CA 00 06 F0 5F CB 47 8D 13 86 4C B0 D1 03 
	6A 9C D8 01 B1 40 2E F2 EA E3 59 2D B1 0E 18 F7 
	1D FC DF 86 E5 0E 17 3C 76 BD 08 1A D3 EF 94 AF 
	0E 86 9A 60 A2 A2 81 D7 9E D1 7B 03 03 5F 66 34 
	A8 9F 89 7C CD AA BF 72 4F B7 92 54 0C 58 E6 1E 
	55 72 8E 90 BC 73 78 23 6E 17 28 F5 F6 4A 58 E4 
	D5 EA 4D 41 8B 7F 10 5C 2E 98 2F 6A 7B 8C 4A BB 
	AA E2 A5 15 E8 83 46 50 44 75 94 56 13 8C F7 8F 
	F8 DF 78 28 A2 51 3A 48 6F E5 32 FE 2E DC CF 70 
	0E FC 0E 32 7B F6 8B 0F 57 E7 5A 0E E4 36 4C B7 
	F4 08 29 11 CE D0 23 E3 A5 32 66 4E E3 9E BC 5D 
	B8 97 B3 A3 9E 1E EB 83 D2 33 17 D9 1E 06 49 5F 
	4A D6 4D 64 F5 6B 35 51 FB E1 4B 45 FA 7D 27 F2 
	95 97 52 5F E2 A2 AB 8A 9B 2E 7A CB 49 3E 74 B6 
	31 05 11 62 29 23 91 A5 05 0C A8 95 70 C5 6A 7A 
	32 4E 91 B7 99 E3 FA 0E BC CE 07 30 C3 04 B2 B7 
	AD 40 74 79 D9 DF 89 1E 05 1A 4D AB 8F 56 35 58 
	0D 7B 59 1F 76 B7 98 55 71 69 7F 09 26 9E D4 3A 
	DC F8 4A 97 72 6E E3 56 E1 A7 54 9D C7 7F BB 96 
	26 EE AC 8E 13 4D C7 E8 60 20 5E 3F 5B 58 53 85 
	75 A6 34 C6 CD 0C 41 39 E8 21 E5 A4 0F 44 03 02 
	57 F8 B4 0A F6 B3 67 6F 84 DA 97 21 5A 6A 81 FD 
	01 93 34 E0 7B 46 25 CE 82 AE 4C 2C 0D 21 12 AA 
	FC 89 8E D3 D2 D1 86 9F 51 BF CA DB DD 77 25 F4 
	EE 79 4B 8B 4F 11 77 FE 31 6A 23 70 6D BC F1 33 
	75 C5 78 C4 D0 29 95 4F 3C 68 CB 64 32 C3 D3 AF 
	9E 8C A8 5D 50 B9 9E 29 20 37 C6 A0 A1 9D A0 BA 
	5F 36 11 57 09 23 25 05 7B 11 30 E8 15 61 E8 1C 
	CF 34 65 61 D9 79 F0 6D 88 A1 3F D7 E2 BE 78 3D 
	41 C4 77 44 A5 28 57 58 11 86 FB 88 ED 52 9C 97 
	F9 1C 3A D3 E2 A6 89 74 89 9B 8C A0 08 7B DA 9F 
	C6 9A 66 BE A5 9E 7B 38 92 8D 80 9B 50 C8 0E CD 
	C9 8F E7 4B 8E D5 D7 BC B3 92 78 C9 9B 02 63 5A 
	A8 2E 81 00 E1 41 32 FA A4 E4 6F 36 F4 13 E4 B8 
	9C F4 36 29 95 E3 C0 9E 71 BC C6 D8 F8 09 C8 A4 
	8E A6 81 1E 22 46 87 73 C0 76 64 1B 71 35 35 8F 
	D2 5C 89 E3 A6 20 48 6D 84 B9 55 57 9E D5 46 79 
	B9 2C 97 DA 21 89 4D 9C AD 56 1D 3E 87 A1 3E AC 
	D0 1A C1 07 54 6A 76 5E 6A 5E 57 AF 54 63 27 4C 
	04 C2 3A A5 3A 62 07 87 2B 00 F5 1C EF 1F 02 BE 
	BC 2D 71 7B E0 AF E2 84 E6 59 73 A0 84 F6 B8 DD 
	27 1C F4 97 BB 5E 74 E5 4B E7 F7 F4 15 81 97 B0 
	7F 1E F8 CA E3 BE 7B F1 CE A6 6F 05 80 F2 D7 C6 
	6E 8B 92 6F 90 FD 57 89 02 D5 E9 51 FB 49 E4 25 
	9F F1 E6 02 0F 7D 03 E9 D9 66 B2 84 5B 11 8D C7 
	38 F4 A1 64 43 61 56 F1 38 DA 33 B5 FD FF 94 7C 
	E1 18 F5 9D FB D7 8D B5 54 57 79 5C DF E3 78 D8 
[prk_derive] stat_sk (size 32):
	80 EF 6F 9E 48 BC BD F2 32 DB 1D 5C 5C 6E 8F 39 
	01 56 F5 30 5B 35 D4 B3 2F 75 FC 92 C8 12 6A 72 
SHARED SECRET DERIVE
dh_secret (size 32):
	6C AA 7E E1 BA D2 D5 D5 C3 6D 15 AA 95 09 CF D4 
	84 71 E2 B0 43 B8 D2 92 C7 78 9F 3C 1B 1B 6C 3F 
SALT_3e2m or SALT4e3m (size 32):
	96 CD D5 FA 79 E5 BA 99 9B 50 96 3D 08 B8 73 92 
	B1 F0 07 ED 28 DD 2A 57 F8 7E 96 F8 0B E4 42 04 
prk_4e3m (size 32):
	08 D9 9B 56 76 09 BC 73 98 92 48 DF 7F 30 E4 71 
	79 21 A4 D1 C1 5D DD 0E A6 08 07 FD 7F 66 20 6F 
TMP size: 32
CBOR ENCODE ERROR: 0
MAX ID CRED: 400 cred len 3
MAX CRED: 765 cred len 3
PK SIZE: 65
SIGNATURE SIZE: 500
CONTEXT_MAC_SIZE: 1204
CONTEXT_MAC len: 41
CR len: 1
TH enc len: 34
MAC context (size 40):
	A1 04 00 58 20 DF 6A 10 4A 29 2E EF B0 66 2C 26 
	76 53 E8 56 6C 44 78 89 AF 43 43 8A F6 4C FA 9A 
	08 91 9B B4 F7 A1 04 00 
MAC 2/3 (size 8):
	E1 64 C4 1B 9E 56 06 B1 
TMP size: 8
CBOR ENCODE ERROR: 0
kid (size 1):
	00 
K_3 (size 16):
	55 27 34 CC F2 4E 9A 61 47 9D 23 C9 10 61 0D 13 
IV_3 (size 13):
	31 A6 DC 5B D3 5B A1 C1 31 AF 3F 39 22 
aad_data (size 45):
	83 68 45 6E 63 72 79 70 74 30 40 58 20 DF 6A 10 
	4A 29 2E EF B0 66 2C 26 76 53 E8 56 6C 44 78 89 
	AF 43 43 8A F6 4C FA 9A 08 91 9B B4 F7 
ciphertext_2/3/4 (size 20):
	07 95 81 39 85 B5 F8 CC 93 99 1A 6A 6E 91 E3 AB 
	96 CD 44 55 
CIPHERTEXT: (size 20):
	07 95 81 39 85 B5 F8 CC 93 99 1A 6A 6E 91 E3 AB 
	96 CD 44 55 
MSG out size:24
TMP size: 20
CBOR ENCODE ERROR: 0
msg3 (size 21):
	54 07 95 81 39 85 B5 F8 CC 93 99 1A 6A 6E 91 E3 
	AB 96 CD 44 55 
th23 (size 32):
	DF 6A 10 4A 29 2E EF B0 66 2C 26 76 53 E8 56 6C 
	44 78 89 AF 43 43 8A F6 4C FA 9A 08 91 9B B4 F7 
plaintext_23 (size 12):
	A1 04 00 48 E1 64 C4 1B 9E 56 06 B1 
cred (size 3):
	A1 04 00 
TMP size: 32
CBOR ENCODE ERROR: 0
Encoded
memcopy1
memcopy2
Input to calculate TH_3/TH_4 (CBOR Sequence) (size 49):
	58 20 DF 6A 10 4A 29 2E EF B0 66 2C 26 76 53 E8 
	56 6C 44 78 89 AF 43 43 8A F6 4C FA 9A 08 91 9B 
	B4 F7 A1 04 00 48 E1 64 C4 1B 9E 56 06 B1 A1 04 
	00 
TH34 (size 32):
	C5 64 BF 7E 56 5B FA B4 D9 BF 37 64 AB 60 E5 B2 
	75 89 AB 4A 68 00 EB E6 B4 03 AD FD FE 6A B4 5C 
[init] tx sent 21 bytes
[init] edhoc_initiator_run completed
PRK_out (size 32):
	56 2E BA 9A D2 04 5D 7A F2 98 02 23 7B 99 92 7D 
	12 E5 BE 44 CA F9 90 7E 48 01 7A 83 25 C6 C9 DE 
prk_exporter (size 32):
	CE A1 D5 86 69 2A 7C D0 6B 5B 05 D9 71 47 D8 2F 
	EF 2B E1 AD 7D A5 AB 37 84 71 7B CD DD 1E 7C DB 
OSCORE Master Secret (size 16):
	DA AA 8A 6E 35 84 E1 60 3A EF C6 03 21 B9 89 B5 
OSCORE Master Salt (size 8):
	0C CC 2E 0C 0E C6 B8 58 
