NO DEFINED LIBOQS
initiator test vector number 2:initator cipher suit: (size 1):
	02 
initiator sk size:32 
initiator pk size:65 
secret ephemeral DH key (size 32):
	8A F6 F4 30 EB E1 8D 34 18 40 17 A9 A1 1B F5 11 
	C8 DF F8 F8 34 73 0B 96 C1 B7 C8 DB CA 2F C3 B6 
public ephemeral DH key (size 32):
	36 8E C1 F6 9A EB 65 9B A3 7D 5A 8D 45 B2 1B DC 
	02 99 DC EA A8 EF 23 5F 3C A4 2C E3 53 0F 95 25 
IPv4 client to connect to server with address 127.0.0.1 started!
MSG1 gx (size 32):
	8A F6 F4 30 EB E1 8D 34 18 40 17 A9 A1 1B F5 11 
	C8 DF F8 F8 34 73 0B 96 C1 B7 C8 DB CA 2F C3 B6 
X (eph -rpivate I) (size 32):
	36 8E C1 F6 9A EB 65 9B A3 7D 5A 8D 45 B2 1B DC 
	02 99 DC EA A8 EF 23 5F 3C A4 2C E3 53 0F 95 25 
C_I (size 1):
	37 
message_1 (CBOR Sequence) (size 37):
	00 02 58 20 8A F6 F4 30 EB E1 8D 34 18 40 17 A9 
	A1 1B F5 11 C8 DF F8 F8 34 73 0B 96 C1 B7 C8 DB 
	CA 2F C3 B6 37 
MSG: (size 37):
	00 02 58 20 8A F6 F4 30 EB E1 8D 34 18 40 17 A9 
	A1 1B F5 11 C8 DF F8 F8 34 73 0B 96 C1 B7 C8 DB 
	CA 2F C3 B6 37 
Max MSG2 size 2027
Set gy to the dh key size for DH
message_2 (CBOR Sequence) (size 115):
	58 71 76 4A CC 4A 13 61 2D 46 7A BF A3 0E F7 8C 
	4D 77 FD C5 5B B9 97 BF 03 62 03 69 30 7C DD 52 
	8D F9 FC 08 8A 5C A4 62 6B 99 09 1A 0C CB 61 F9 
	57 AA 42 4E A4 C0 40 F8 85 6D 22 E3 E2 D7 C5 1D 
	AE D8 ED E0 E4 39 EF 1C 04 6F E3 1E 58 F3 4A AA 
	E4 BF 46 51 0C 68 86 E0 17 84 4C E1 5B A6 FF 33 
	5D 77 C3 C3 E7 00 BF C4 50 FB 1E DA CC A3 A6 94 
	93 1F 64 
g_y (size 32):
	76 4A CC 4A 13 61 2D 46 7A BF A3 0E F7 8C 4D 77 
	FD C5 5B B9 97 BF 03 62 03 69 30 7C DD 52 8D F9 
ciphertext2 (size 81):
	FC 08 8A 5C A4 62 6B 99 09 1A 0C CB 61 F9 57 AA 
	42 4E A4 C0 40 F8 85 6D 22 E3 E2 D7 C5 1D AE D8 
	ED E0 E4 39 EF 1C 04 6F E3 1E 58 F3 4A AA E4 BF 
	46 51 0C 68 86 E0 17 84 4C E1 5B A6 FF 33 5D 77 
	C3 C3 E7 00 BF C4 50 FB 1E DA CC A3 A6 94 93 1F 
	64 
PQ/T Hybrid array foe g_xy_KEM
x  (size 32):
	36 8E C1 F6 9A EB 65 9B A3 7D 5A 8D 45 B2 1B DC 
	02 99 DC EA A8 EF 23 5F 3C A4 2C E3 53 0F 95 25 
gy  (size 32):
	76 4A CC 4A 13 61 2D 46 7A BF A3 0E F7 8C 4D 77 
	FD C5 5B B9 97 BF 03 62 03 69 30 7C DD 52 8D F9 
SHARED SECRET DERIVE
P256 in DH
pk_decompressed tinycript (size 64):
	76 4A CC 4A 13 61 2D 46 7A BF A3 0E F7 8C 4D 77 
	FD C5 5B B9 97 BF 03 62 03 69 30 7C DD 52 8D F9 
	05 48 F0 D3 A7 C0 5A B3 C5 46 77 02 9D 07 61 B3 
	67 3B 15 87 2B 16 F7 03 C8 B4 A5 C1 8A B8 00 94 
G_XY (ECDH shared secret)  (size 32):
	AF EC 9F 81 A7 44 8E 23 C2 EF C0 22 BA 08 79 4D 
	F9 E2 55 67 79 4E FE DE 1C EC 18 5A 2D C7 86 3F 
hash_msg1_raw (size 32):
	C7 93 1F CA 62 16 CA BC B5 A9 AB 7B 17 61 AE 46 
	78 94 6B A4 F6 0B 6D E1 63 14 69 18 2A 4E 67 26 
Input to calculate TH_2 (CBOR Sequence) (size 68):
	58 20 76 4A CC 4A 13 61 2D 46 7A BF A3 0E F7 8C 
	4D 77 FD C5 5B B9 97 BF 03 62 03 69 30 7C DD 52 
	8D F9 58 20 C7 93 1F CA 62 16 CA BC B5 A9 AB 7B 
	17 61 AE 46 78 94 6B A4 F6 0B 6D E1 63 14 69 18 
	2A 4E 67 26 
TH2 (size 32):
	8D BA 1B 42 D1 E8 F2 35 CC EE 90 42 B5 47 5C C0 
	AB CD B5 8B 3C 5F 01 CF A3 60 31 1D 34 84 33 2A 
TH_2 (size 32):
	8D BA 1B 42 D1 E8 F2 35 CC EE 90 42 B5 47 5C C0 
	AB CD B5 8B 3C 5F 01 CF A3 60 31 1D 34 84 33 2A 
PRK_2e (size 32):
	61 23 FB 06 6E AA 06 03 C0 AB D5 6A D5 64 4C E1 
	20 1E 63 97 0F AE 34 F8 55 04 97 74 37 1C C4 EB 
KEYSTREAM_2 (size 81):
	DB A9 92 7E 26 4C 23 AD 89 EF F6 CA C9 52 A3 F2 
	02 1A 0A D2 24 78 F2 D1 84 39 5D 3D 9A 84 4B 47 
	B8 AA 75 76 69 F7 CA 0F 8D 44 65 A9 E3 BF CF 08 
	16 25 44 8D 79 7B 4D B1 3D D6 4A 2A 7A 3E EA 9A 
	2B 67 6B 2B 45 0E CC EA 59 FA 97 0C 8A 69 CA DF 
	27 
associated_data (size 45):
	83 68 45 6E 63 72 79 70 74 30 40 58 20 8D BA 1B 
	42 D1 E8 F2 35 CC EE 90 42 B5 47 5C C0 AB CD B5 
	8B 3C 5F 01 CF A3 60 31 1D 34 84 33 2A 
plaintext (size 81):
	27 A1 18 22 82 2E 48 34 80 F5 FA 01 A8 AB F4 58 
	40 54 AE 12 64 80 77 BC A6 DA BF EA 5F 99 E5 9F 
	55 4A 91 4F 86 EB CE 60 6E 5A 3D 5A A9 15 2B B7 
	50 74 48 E5 FF 9B 5A 35 71 37 11 8C 85 0D B7 ED 
	E8 A4 8C 2B FA CA 9C 11 47 20 5B AF 2C FD 59 C0 
	43 
C_R (raw) (size 1):
	27 
ID_CRED (size 14):
	A1 18 22 82 2E 48 34 80 F5 FA 01 A8 AB F4 
sign_or_mac (size 64):
	54 AE 12 64 80 77 BC A6 DA BF EA 5F 99 E5 9F 55 
	4A 91 4F 86 EB CE 60 6E 5A 3D 5A A9 15 2B B7 50 
	74 48 E5 FF 9B 5A 35 71 37 11 8C 85 0D B7 ED E8 
	A4 8C 2B FA CA 9C 11 47 20 5B AF 2C FD 59 C0 43 
[cred] lookup ID_CRED len=14
A11822822E483480F5FA01A8ABF4
[cred] cred_array entries: 1
[cred] candidate[0] len=14 A11822822E483480F5FA01A8ABF4
prk_3e2m (size 32):
	61 23 FB 06 6E AA 06 03 C0 AB D5 6A D5 64 4C E1 
	20 1E 63 97 0F AE 34 F8 55 04 97 74 37 1C C4 EB 
TMP size: 32
CBOR ENCODE ERROR: 0
MAX ID CRED: 400 cred len 14
MAX CRED: 765 cred len 293
PK SIZE: 65
SIGNATURE SIZE: 500
CONTEXT_MAC_SIZE: 1204
CONTEXT_MAC len: 343
CR len: 2
TH enc len: 34
TMP size: 1
CBOR ENCODE ERROR: 0
MAC context (size 343):
	41 27 A1 18 22 82 2E 48 34 80 F5 FA 01 A8 AB F4 
	58 20 8D BA 1B 42 D1 E8 F2 35 CC EE 90 42 B5 47 
	5C C0 AB CD B5 8B 3C 5F 01 CF A3 60 31 1D 34 84 
	33 2A 59 01 22 30 82 01 1E 30 81 C5 A0 03 02 01 
	02 02 04 61 E9 98 1E 30 0A 06 08 2A 86 48 CE 3D 
	04 03 02 30 15 31 13 30 11 06 03 55 04 03 0C 0A 
	45 44 48 4F 43 20 52 6F 6F 74 30 1E 17 0D 32 32 
	30 31 32 30 31 37 31 33 30 32 5A 17 0D 32 39 31 
	32 33 31 32 33 30 30 30 30 5A 30 1A 31 18 30 16 
	06 03 55 04 03 0C 0F 45 44 48 4F 43 20 52 65 73 
	70 6F 6E 64 65 72 30 59 30 13 06 07 2A 86 48 CE 
	3D 02 01 06 08 2A 86 48 CE 3D 03 01 07 03 42 00 
	04 BB C3 49 60 52 6E A4 D3 2E 94 0C AD 2A 23 41 
	48 DD C2 17 91 A1 2A FB CB AC 93 62 20 46 DD 44 
	F0 45 19 E2 57 23 6B 2A 0C E2 02 3F 09 31 F1 F3 
	86 CA 7A FD A6 4F CD E0 10 8C 22 4C 51 EA BF 60 
	72 30 0A 06 08 2A 86 48 CE 3D 04 03 02 03 48 00 
	30 45 02 20 30 19 4E F5 FC 65 C8 B7 95 CD CD 0B 
	B4 31 BF 83 EE 67 41 C1 37 0C 22 C8 EB 8E E9 ED 
	D2 A7 05 19 02 21 00 B5 83 0E 9C 89 A6 2A C7 3C 
	E1 EB CE 00 61 70 7D B8 A8 8E 23 70 9B 4A CC 58 
	A1 31 3B 13 3D 05 58 
is not DH, 32
MAC 2/3 (size 32):
	F1 EF 31 66 FD 4F D8 80 BA 6E AB 3E 3D 4A 16 A3 
	4D EF 60 2E 42 06 56 CA DD 7E 59 85 09 96 C0 D2 
TMP size: 32
CBOR ENCODE ERROR: 0
Signature or MAC verification successful!
th23 (size 32):
	8D BA 1B 42 D1 E8 F2 35 CC EE 90 42 B5 47 5C C0 
	AB CD B5 8B 3C 5F 01 CF A3 60 31 1D 34 84 33 2A 
plaintext_23 (size 81):
	27 A1 18 22 82 2E 48 34 80 F5 FA 01 A8 AB F4 58 
	40 54 AE 12 64 80 77 BC A6 DA BF EA 5F 99 E5 9F 
	55 4A 91 4F 86 EB CE 60 6E 5A 3D 5A A9 15 2B B7 
	50 74 48 E5 FF 9B 5A 35 71 37 11 8C 85 0D B7 ED 
	E8 A4 8C 2B FA CA 9C 11 47 20 5B AF 2C FD 59 C0 
	43 
cred (size 293):
	59 01 22 30 82 01 1E 30 81 C5 A0 03 02 01 02 02 
	04 61 E9 98 1E 30 0A 06 08 2A 86 48 CE 3D 04 03 
	02 30 15 31 13 30 11 06 03 55 04 03 0C 0A 45 44 
	48 4F 43 20 52 6F 6F 74 30 1E 17 0D 32 32 30 31 
	32 30 31 37 31 33 30 32 5A 17 0D 32 39 31 32 33 
	31 32 33 30 30 30 30 5A 30 1A 31 18 30 16 06 03 
	55 04 03 0C 0F 45 44 48 4F 43 20 52 65 73 70 6F 
	6E 64 65 72 30 59 30 13 06 07 2A 86 48 CE 3D 02 
	01 06 08 2A 86 48 CE 3D 03 01 07 03 42 00 04 BB 
	C3 49 60 52 6E A4 D3 2E 94 0C AD 2A 23 41 48 DD 
	C2 17 91 A1 2A FB CB AC 93 62 20 46 DD 44 F0 45 
	19 E2 57 23 6B 2A 0C E2 02 3F 09 31 F1 F3 86 CA 
	7A FD A6 4F CD E0 10 8C 22 4C 51 EA BF 60 72 30 
	0A 06 08 2A 86 48 CE 3D 04 03 02 03 48 00 30 45 
	02 20 30 19 4E F5 FC 65 C8 B7 95 CD CD 0B B4 31 
	BF 83 EE 67 41 C1 37 0C 22 C8 EB 8E E9 ED D2 A7 
	05 19 02 21 00 B5 83 0E 9C 89 A6 2A C7 3C E1 EB 
	CE 00 61 70 7D B8 A8 8E 23 70 9B 4A CC 58 A1 31 
	3B 13 3D 05 58 
TMP size: 32
CBOR ENCODE ERROR: 0
Encoded
memcopy1
memcopy2
Input to calculate TH_3/TH_4 (CBOR Sequence) (size 408):
	58 20 8D BA 1B 42 D1 E8 F2 35 CC EE 90 42 B5 47 
	5C C0 AB CD B5 8B 3C 5F 01 CF A3 60 31 1D 34 84 
	33 2A 27 A1 18 22 82 2E 48 34 80 F5 FA 01 A8 AB 
	F4 58 40 54 AE 12 64 80 77 BC A6 DA BF EA 5F 99 
	E5 9F 55 4A 91 4F 86 EB CE 60 6E 5A 3D 5A A9 15 
	2B B7 50 74 48 E5 FF 9B 5A 35 71 37 11 8C 85 0D 
	B7 ED E8 A4 8C 2B FA CA 9C 11 47 20 5B AF 2C FD 
	59 C0 43 59 01 22 30 82 01 1E 30 81 C5 A0 03 02 
	01 02 02 04 61 E9 98 1E 30 0A 06 08 2A 86 48 CE 
	3D 04 03 02 30 15 31 13 30 11 06 03 55 04 03 0C 
	0A 45 44 48 4F 43 20 52 6F 6F 74 30 1E 17 0D 32 
	32 30 31 32 30 31 37 31 33 30 32 5A 17 0D 32 39 
	31 32 33 31 32 33 30 30 30 30 5A 30 1A 31 18 30 
	16 06 03 55 04 03 0C 0F 45 44 48 4F 43 20 52 65 
	73 70 6F 6E 64 65 72 30 59 30 13 06 07 2A 86 48 
	CE 3D 02 01 06 08 2A 86 48 CE 3D 03 01 07 03 42 
	00 04 BB C3 49 60 52 6E A4 D3 2E 94 0C AD 2A 23 
	41 48 DD C2 17 91 A1 2A FB CB AC 93 62 20 46 DD 
	44 F0 45 19 E2 57 23 6B 2A 0C E2 02 3F 09 31 F1 
	F3 86 CA 7A FD A6 4F CD E0 10 8C 22 4C 51 EA BF 
	60 72 30 0A 06 08 2A 86 48 CE 3D 04 03 02 03 48 
	00 30 45 02 20 30 19 4E F5 FC 65 C8 B7 95 CD CD 
	0B B4 31 BF 83 EE 67 41 C1 37 0C 22 C8 EB 8E E9 
	ED D2 A7 05 19 02 21 00 B5 83 0E 9C 89 A6 2A C7 
	3C E1 EB CE 00 61 70 7D B8 A8 8E 23 70 9B 4A CC 
	58 A1 31 3B 13 3D 05 58 
TH34 (size 32):
	B2 07 43 06 4A F3 0C F2 38 E1 BE 74 0A 4E 99 D0 
	E4 04 4F 45 CD 20 4E C3 C1 A8 B4 EC 2C BA 79 1F 
prk_4e3m (size 32):
	61 23 FB 06 6E AA 06 03 C0 AB D5 6A D5 64 4C E1 
	20 1E 63 97 0F AE 34 F8 55 04 97 74 37 1C C4 EB 
TMP size: 32
CBOR ENCODE ERROR: 0
MAX ID CRED: 400 cred len 14
MAX CRED: 765 cred len 293
PK SIZE: 65
SIGNATURE SIZE: 500
CONTEXT_MAC_SIZE: 1204
CONTEXT_MAC len: 342
CR len: 1
TH enc len: 34
MAC context (size 341):
	A1 18 22 82 2E 48 EE C7 3F CB B0 16 26 76 58 20 
	B2 07 43 06 4A F3 0C F2 38 E1 BE 74 0A 4E 99 D0 
	E4 04 4F 45 CD 20 4E C3 C1 A8 B4 EC 2C BA 79 1F 
	59 01 22 30 82 01 1E 30 81 C5 A0 03 02 01 02 02 
	04 62 32 EF 6F 30 0A 06 08 2A 86 48 CE 3D 04 03 
	02 30 15 31 13 30 11 06 03 55 04 03 0C 0A 45 44 
	48 4F 43 20 52 6F 6F 74 30 1E 17 0D 32 32 30 33 
	31 37 30 38 32 31 30 33 5A 17 0D 32 39 31 32 33 
	31 32 33 30 30 30 30 5A 30 1A 31 18 30 16 06 03 
	55 04 03 0C 0F 45 44 48 4F 43 20 49 6E 69 74 69 
	61 74 6F 72 30 59 30 13 06 07 2A 86 48 CE 3D 02 
	01 06 08 2A 86 48 CE 3D 03 01 07 03 42 00 04 AC 
	75 E9 EC E3 E5 0B FC 8E D6 03 99 88 95 22 40 5C 
	47 BF 16 DF 96 66 0A 41 29 8C B4 30 7F 7E B6 6E 
	5D E6 11 38 8A 4B 8A 82 11 33 4A C7 D3 7E CB 52 
	A3 87 D2 57 E6 DB 3C 2A 93 DF 21 FF 3A FF C8 30 
	0A 06 08 2A 86 48 CE 3D 04 03 02 03 48 00 30 45 
	02 21 00 8C 32 3A 1F 33 21 38 AA B9 D0 BE AF B8 
	5F 8D 5A 44 07 3C 58 0F 59 5B C5 21 EF 91 3F 6E 
	F4 8D 11 02 20 6C 0A F1 A1 85 A4 E4 DE 06 35 36 
	99 23 1C 73 3A 6E 8D D2 DF 65 13 96 6C 91 30 15 
	2A 07 A2 BE DE 
is not DH, 32
MAC 2/3 (size 32):
	E7 41 F9 65 92 89 00 EC 71 52 46 FC 16 49 60 C9 
	5E 54 19 F5 3E AB D5 91 5E 39 03 91 EC F9 4F E1 
TMP size: 32
CBOR ENCODE ERROR: 0
Signature or mac size: 64Inside the sign
signature_or_mac (is signature) (size 64):
	B0 B1 BD 43 D4 85 8A 24 12 A4 84 16 AA 3C FC CF 
	8B 9B B3 E3 A4 DB 3B 5C 2C 3A B3 0D 2B 75 51 89 
	6F 66 0F 92 3F 86 6A 27 80 93 92 BF 94 39 D6 E8 
	9A 32 0E 18 E2 28 07 74 C4 C4 E5 57 B2 02 C6 48 
TMP size: 64
CBOR ENCODE ERROR: 0
kid (size 0):
K_3 (size 16):
	52 F1 FA 23 94 9C 34 1A F3 5E C7 24 41 DB 60 CA 
IV_3 (size 13):
	C5 A2 EC 18 3A 9D 1D FB C0 6C 86 C4 D9 
aad_data (size 45):
	83 68 45 6E 63 72 79 70 74 30 40 58 20 B2 07 43 
	06 4A F3 0C F2 38 E1 BE 74 0A 4E 99 D0 E4 04 4F 
	45 CD 20 4E C3 C1 A8 B4 EC 2C BA 79 1F 
ciphertext_2/3/4 (size 88):
	92 51 4E 73 0F F7 55 4C 23 74 82 67 48 6C 43 31 
	F2 87 A6 87 A9 60 DD 25 84 32 B9 47 B3 01 C2 FC 
	53 99 EF 7C 07 51 FE 0E A7 14 39 16 AD 4A 5F B2 
	FB EB C3 89 08 85 0D 4F 77 0A 05 C1 2C 93 BF 98 
	03 AC 79 89 20 F8 43 50 5A 63 A3 F6 E2 EC 8C 57 
	98 AD 3B 18 2B A2 09 AB 
CIPHERTEXT: (size 88):
	92 51 4E 73 0F F7 55 4C 23 74 82 67 48 6C 43 31 
	F2 87 A6 87 A9 60 DD 25 84 32 B9 47 B3 01 C2 FC 
	53 99 EF 7C 07 51 FE 0E A7 14 39 16 AD 4A 5F B2 
	FB EB C3 89 08 85 0D 4F 77 0A 05 C1 2C 93 BF 98 
	03 AC 79 89 20 F8 43 50 5A 63 A3 F6 E2 EC 8C 57 
	98 AD 3B 18 2B A2 09 AB 
MSG out size:92
TMP size: 88
CBOR ENCODE ERROR: 0
msg3 (size 90):
	58 58 92 51 4E 73 0F F7 55 4C 23 74 82 67 48 6C 
	43 31 F2 87 A6 87 A9 60 DD 25 84 32 B9 47 B3 01 
	C2 FC 53 99 EF 7C 07 51 FE 0E A7 14 39 16 AD 4A 
	5F B2 FB EB C3 89 08 85 0D 4F 77 0A 05 C1 2C 93 
	BF 98 03 AC 79 89 20 F8 43 50 5A 63 A3 F6 E2 EC 
	8C 57 98 AD 3B 18 2B A2 09 AB 
th23 (size 32):
	B2 07 43 06 4A F3 0C F2 38 E1 BE 74 0A 4E 99 D0 
	E4 04 4F 45 CD 20 4E C3 C1 A8 B4 EC 2C BA 79 1F 
plaintext_23 (size 80):
	A1 18 22 82 2E 48 EE C7 3F CB B0 16 26 76 58 40 
	B0 B1 BD 43 D4 85 8A 24 12 A4 84 16 AA 3C FC CF 
	8B 9B B3 E3 A4 DB 3B 5C 2C 3A B3 0D 2B 75 51 89 
	6F 66 0F 92 3F 86 6A 27 80 93 92 BF 94 39 D6 E8 
	9A 32 0E 18 E2 28 07 74 C4 C4 E5 57 B2 02 C6 48 
cred (size 293):
	59 01 22 30 82 01 1E 30 81 C5 A0 03 02 01 02 02 
	04 62 32 EF 6F 30 0A 06 08 2A 86 48 CE 3D 04 03 
	02 30 15 31 13 30 11 06 03 55 04 03 0C 0A 45 44 
	48 4F 43 20 52 6F 6F 74 30 1E 17 0D 32 32 30 33 
	31 37 30 38 32 31 30 33 5A 17 0D 32 39 31 32 33 
	31 32 33 30 30 30 30 5A 30 1A 31 18 30 16 06 03 
	55 04 03 0C 0F 45 44 48 4F 43 20 49 6E 69 74 69 
	61 74 6F 72 30 59 30 13 06 07 2A 86 48 CE 3D 02 
	01 06 08 2A 86 48 CE 3D 03 01 07 03 42 00 04 AC 
	75 E9 EC E3 E5 0B FC 8E D6 03 99 88 95 22 40 5C 
	47 BF 16 DF 96 66 0A 41 29 8C B4 30 7F 7E B6 6E 
	5D E6 11 38 8A 4B 8A 82 11 33 4A C7 D3 7E CB 52 
	A3 87 D2 57 E6 DB 3C 2A 93 DF 21 FF 3A FF C8 30 
	0A 06 08 2A 86 48 CE 3D 04 03 02 03 48 00 30 45 
	02 21 00 8C 32 3A 1F 33 21 38 AA B9 D0 BE AF B8 
	5F 8D 5A 44 07 3C 58 0F 59 5B C5 21 EF 91 3F 6E 
	F4 8D 11 02 20 6C 0A F1 A1 85 A4 E4 DE 06 35 36 
	99 23 1C 73 3A 6E 8D D2 DF 65 13 96 6C 91 30 15 
	2A 07 A2 BE DE 
TMP size: 32
CBOR ENCODE ERROR: 0
Encoded
memcopy1
memcopy2
Input to calculate TH_3/TH_4 (CBOR Sequence) (size 407):
	58 20 B2 07 43 06 4A F3 0C F2 38 E1 BE 74 0A 4E 
	99 D0 E4 04 4F 45 CD 20 4E C3 C1 A8 B4 EC 2C BA 
	79 1F A1 18 22 82 2E 48 EE C7 3F CB B0 16 26 76 
	58 40 B0 B1 BD 43 D4 85 8A 24 12 A4 84 16 AA 3C 
	FC CF 8B 9B B3 E3 A4 DB 3B 5C 2C 3A B3 0D 2B 75 
	51 89 6F 66 0F 92 3F 86 6A 27 80 93 92 BF 94 39 
	D6 E8 9A 32 0E 18 E2 28 07 74 C4 C4 E5 57 B2 02 
	C6 48 59 01 22 30 82 01 1E 30 81 C5 A0 03 02 01 
	02 02 04 62 32 EF 6F 30 0A 06 08 2A 86 48 CE 3D 
	04 03 02 30 15 31 13 30 11 06 03 55 04 03 0C 0A 
	45 44 48 4F 43 20 52 6F 6F 74 30 1E 17 0D 32 32 
	30 33 31 37 30 38 32 31 30 33 5A 17 0D 32 39 31 
	32 33 31 32 33 30 30 30 30 5A 30 1A 31 18 30 16 
	06 03 55 04 03 0C 0F 45 44 48 4F 43 20 49 6E 69 
	74 69 61 74 6F 72 30 59 30 13 06 07 2A 86 48 CE 
	3D 02 01 06 08 2A 86 48 CE 3D 03 01 07 03 42 00 
	04 AC 75 E9 EC E3 E5 0B FC 8E D6 03 99 88 95 22 
	40 5C 47 BF 16 DF 96 66 0A 41 29 8C B4 30 7F 7E 
	B6 6E 5D E6 11 38 8A 4B 8A 82 11 33 4A C7 D3 7E 
	CB 52 A3 87 D2 57 E6 DB 3C 2A 93 DF 21 FF 3A FF 
	C8 30 0A 06 08 2A 86 48 CE 3D 04 03 02 03 48 00 
	30 45 02 21 00 8C 32 3A 1F 33 21 38 AA B9 D0 BE 
	AF B8 5F 8D 5A 44 07 3C 58 0F 59 5B C5 21 EF 91 
	3F 6E F4 8D 11 02 20 6C 0A F1 A1 85 A4 E4 DE 06 
	35 36 99 23 1C 73 3A 6E 8D D2 DF 65 13 96 6C 91 
	30 15 2A 07 A2 BE DE 
TH34 (size 32):
	4B 1B 1C ED A6 69 C8 B1 E4 8E 05 F3 2A FE 68 40 
	7C B6 68 E5 58 36 D4 99 8E 5B 37 35 4F B1 5B 78 
PRK_out (size 32):
	E6 10 33 58 EF 7E FC 54 4B CB 67 16 53 D5 52 ED 
	2E EE 94 C2 69 0B A1 13 8E 2D B9 B4 03 13 74 7B 
prk_exporter (size 32):
	A5 54 20 8F 25 A8 80 E8 40 96 28 6A 1E 1A 81 B6 
	89 D3 28 29 FC 6E 68 67 49 8F 59 A4 10 4B C9 26 
OSCORE Master Secret (size 16):
	3A CD A0 3C 86 F6 47 44 EA 62 2E 26 56 64 4C B4 
OSCORE Master Salt (size 8):
	20 08 48 C6 B1 C7 FC 86 
