[init] get_suite
[init] suite ready (label 0)
[init] ephemeral DH keygen alg 4
IPv4 client to connect to server with address 127.0.0.1 started!
[init] socket ready
[init] starting edhoc_initiator_run
MSG1 gx (size 32):
	FB B4 6F DD 17 E8 B7 0E C5 98 DE CB B6 C8 4A 15 
	29 B0 DF CF 9E DE D9 C5 F8 D3 BF 64 F5 52 D2 10 
X (eph -rpivate I) (size 32):
	30 8A EE 3F ED 8C 9D 04 0D 35 A7 FC 1F A7 76 FB 
	31 30 38 33 AA 2D E8 85 35 4D DF 3D 44 D8 FB 69 
C_I (size 1):
	49 
message_1 (CBOR Sequence) (size 38):
	00 00 58 20 FB B4 6F DD 17 E8 B7 0E C5 98 DE CB 
	B6 C8 4A 15 29 B0 DF CF 9E DE D9 C5 F8 D3 BF 64 
	F5 52 D2 10 41 49 
MSG: (size 38):
	00 00 58 20 FB B4 6F DD 17 E8 B7 0E C5 98 DE CB 
	B6 C8 4A 15 29 B0 DF CF 9E DE D9 C5 F8 D3 BF 64 
	F5 52 D2 10 41 49 
[init] tx sent 38 bytes
[init] rx got 103 bytes
Max MSG2 size 939
Set gy to the dh key size for DH
message_2 (CBOR Sequence) (size 103):
	58 65 27 B1 D6 35 A6 63 38 2D 99 E0 31 B3 E9 A5 
	D6 82 A0 95 45 04 93 56 AF 6F 13 54 DE D1 3E D2 
	9C 72 27 6F C6 83 77 2A 01 4A BF 83 2D B5 76 5A 
	7D 59 FE 92 16 C0 3E EC 7C 47 AE 6C 80 B6 D2 1D 
	1D 9D 63 F7 26 61 A8 FD 5D EF C2 FB 4D 28 96 FF 
	0E 12 88 93 B3 14 10 C7 C6 2D BF B4 80 C2 63 5A 
	C8 AF A2 D3 08 2B 1E 
g_y (size 32):
	27 B1 D6 35 A6 63 38 2D 99 E0 31 B3 E9 A5 D6 82 
	A0 95 45 04 93 56 AF 6F 13 54 DE D1 3E D2 9C 72 
ciphertext2 (size 69):
	27 6F C6 83 77 2A 01 4A BF 83 2D B5 76 5A 7D 59 
	FE 92 16 C0 3E EC 7C 47 AE 6C 80 B6 D2 1D 1D 9D 
	63 F7 26 61 A8 FD 5D EF C2 FB 4D 28 96 FF 0E 12 
	88 93 B3 14 10 C7 C6 2D BF B4 80 C2 63 5A C8 AF 
	A2 D3 08 2B 1E 
x  (size 32):
	30 8A EE 3F ED 8C 9D 04 0D 35 A7 FC 1F A7 76 FB 
	31 30 38 33 AA 2D E8 85 35 4D DF 3D 44 D8 FB 69 
gy  (size 32):
	27 B1 D6 35 A6 63 38 2D 99 E0 31 B3 E9 A5 D6 82 
	A0 95 45 04 93 56 AF 6F 13 54 DE D1 3E D2 9C 72 
SHARED SECRET DERIVE
G_XY (ECDH shared secret)  (size 32):
	23 42 DA 3A 44 A9 28 77 02 7E D4 DE 6D 1E 8E A1 
	6A 64 F6 60 1A CF 0D 09 79 E2 32 07 86 54 F8 6D 
hash_msg1_raw (size 32):
	EF 37 0C 7C 6E 0E A0 07 49 56 EE 1D 67 F9 7E 2F 
	74 0D 2C F8 6E 5C 2C C6 C7 7D 6E 4B D0 D2 01 C8 
Input to calculate TH_2 (CBOR Sequence) (size 68):
	58 20 27 B1 D6 35 A6 63 38 2D 99 E0 31 B3 E9 A5 
	D6 82 A0 95 45 04 93 56 AF 6F 13 54 DE D1 3E D2 
	9C 72 58 20 EF 37 0C 7C 6E 0E A0 07 49 56 EE 1D 
	67 F9 7E 2F 74 0D 2C F8 6E 5C 2C C6 C7 7D 6E 4B 
	D0 D2 01 C8 
TH2 (size 32):
	1F 42 E7 64 23 9D 9A 6D 33 AC 77 6D 1A 81 8D D0 
	2C E8 98 20 A3 40 5E 45 24 D6 51 94 31 24 96 1F 
TH_2 (size 32):
	1F 42 E7 64 23 9D 9A 6D 33 AC 77 6D 1A 81 8D D0 
	2C E8 98 20 A3 40 5E 45 24 D6 51 94 31 24 96 1F 
PRK_2e (size 32):
	6F 27 56 35 FD 2F 16 E3 32 81 0D 61 DA 3E 54 5E 
	A4 A6 6B 07 86 E8 93 7F 5E 2C 89 1D 89 BD D8 BD 
KEYSTREAM_2 (size 69):
	66 CE C7 DB 37 BD D4 83 9C 06 5E BF AC 71 FB BA 
	F9 23 B5 74 1C 12 E3 4F 2C A3 A3 13 55 55 5E D2 
	D1 AB E4 79 69 00 75 8B AC BA 1B 2A 7A 7E 93 BA 
	AB 1C 21 F9 71 AB EF C7 47 CA C4 61 86 6B 96 F9 
	60 A6 57 77 13 
associated_data (size 45):
	83 68 45 6E 63 72 79 70 74 30 40 58 20 1F 42 E7 
	64 23 9D 9A 6D 33 AC 77 6D 1A 81 8D D0 2C E8 98 
	20 A3 40 5E 45 24 D6 51 94 31 24 96 1F 
plaintext (size 69):
	41 A1 01 58 40 97 D5 C9 23 85 73 0A DA 2B 86 E3 
	07 B1 A3 B4 22 FE 9F 08 82 CF 23 A5 87 48 43 4F 
	B2 5C C2 18 C1 FD 28 64 6E 41 56 02 EC 81 9D A8 
	23 8F 92 ED 61 6C 29 EA F8 7E 44 A3 E5 31 5E 56 
	C2 75 5F 5C 0D 
C_R (raw) (size 1):
	A1 
ID_CRED (size 3):
	A1 04 01 
sign_or_mac (size 64):
	97 D5 C9 23 85 73 0A DA 2B 86 E3 07 B1 A3 B4 22 
	FE 9F 08 82 CF 23 A5 87 48 43 4F B2 5C C2 18 C1 
	FD 28 64 6E 41 56 02 EC 81 9D A8 23 8F 92 ED 61 
	6C 29 EA F8 7E 44 A3 E5 31 5E 56 C2 75 5F 5C 0D 
[cred] lookup ID_CRED len=3
A10401
[cred] cred_array entries: 5
[cred] candidate[0] len=3 A10401
[cred] candidate[1] len=3 A10401
[cred] candidate[2] len=7 A1043A271CE614
[cred] candidate[3] len=7 A1043A39D0E614
[cred] candidate[4] len=7 A1041A0BD419EB
prk_3e2m (size 32):
	6F 27 56 35 FD 2F 16 E3 32 81 0D 61 DA 3E 54 5E 
	A4 A6 6B 07 86 E8 93 7F 5E 2C 89 1D 89 BD D8 BD 
TMP size: 32
CBOR ENCODE ERROR: 0
MAX ID CRED: 400 cred len 3
MAX CRED: 765 cred len 3
PK SIZE: 65
SIGNATURE SIZE: 500
CONTEXT_MAC_SIZE: 1204
CONTEXT_MAC len: 42
CR len: 2
TH enc len: 34
TMP size: 1
CBOR ENCODE ERROR: 0
MAC context (size 42):
	41 A1 A1 04 01 58 20 1F 42 E7 64 23 9D 9A 6D 33 
	AC 77 6D 1A 81 8D D0 2C E8 98 20 A3 40 5E 45 24 
	D6 51 94 31 24 96 1F A1 04 01 
is not DH, 32
MAC 2/3 (size 32):
	68 15 7F 87 A5 BD A4 99 60 0E C8 BB BA BF 8D BE 
	63 21 9F 6A 7C E0 61 E1 47 03 39 4E 20 A6 4B C0 
TMP size: 32
CBOR ENCODE ERROR: 0
Signature or MAC verification successful!
th23 (size 32):
	1F 42 E7 64 23 9D 9A 6D 33 AC 77 6D 1A 81 8D D0 
	2C E8 98 20 A3 40 5E 45 24 D6 51 94 31 24 96 1F 
plaintext_23 (size 69):
	41 A1 01 58 40 97 D5 C9 23 85 73 0A DA 2B 86 E3 
	07 B1 A3 B4 22 FE 9F 08 82 CF 23 A5 87 48 43 4F 
	B2 5C C2 18 C1 FD 28 64 6E 41 56 02 EC 81 9D A8 
	23 8F 92 ED 61 6C 29 EA F8 7E 44 A3 E5 31 5E 56 
	C2 75 5F 5C 0D 
cred (size 3):
	A1 04 01 
TMP size: 32
CBOR ENCODE ERROR: 0
Encoded
memcopy1
memcopy2
Input to calculate TH_3/TH_4 (CBOR Sequence) (size 106):
	58 20 1F 42 E7 64 23 9D 9A 6D 33 AC 77 6D 1A 81 
	8D D0 2C E8 98 20 A3 40 5E 45 24 D6 51 94 31 24 
	96 1F 41 A1 01 58 40 97 D5 C9 23 85 73 0A DA 2B 
	86 E3 07 B1 A3 B4 22 FE 9F 08 82 CF 23 A5 87 48 
	43 4F B2 5C C2 18 C1 FD 28 64 6E 41 56 02 EC 81 
	9D A8 23 8F 92 ED 61 6C 29 EA F8 7E 44 A3 E5 31 
	5E 56 C2 75 5F 5C 0D A1 04 01 
TH34 (size 32):
	31 E9 00 B7 5E 69 D5 36 AF ED 34 60 5F 09 91 57 
	5C 1C E6 ED 53 E3 DA 96 85 35 6C E9 5E 9A A2 24 
prk_4e3m (size 32):
	6F 27 56 35 FD 2F 16 E3 32 81 0D 61 DA 3E 54 5E 
	A4 A6 6B 07 86 E8 93 7F 5E 2C 89 1D 89 BD D8 BD 
TMP size: 32
CBOR ENCODE ERROR: 0
MAX ID CRED: 400 cred len 3
MAX CRED: 765 cred len 3
PK SIZE: 65
SIGNATURE SIZE: 500
CONTEXT_MAC_SIZE: 1204
CONTEXT_MAC len: 41
CR len: 1
TH enc len: 34
MAC context (size 40):
	A1 04 00 58 20 31 E9 00 B7 5E 69 D5 36 AF ED 34 
	60 5F 09 91 57 5C 1C E6 ED 53 E3 DA 96 85 35 6C 
	E9 5E 9A A2 24 A1 04 00 
is not DH, 32
MAC 2/3 (size 32):
	79 D8 17 E2 13 66 97 0A FD 0F 2F C3 47 20 3C C4 
	12 B7 1A 59 42 9E 20 18 1A AB B5 72 5A 7E 8B 8E 
TMP size: 32
CBOR ENCODE ERROR: 0
Signature or mac size: 64Inside the sign
EdDSA signature
COMPACT25519 signature
signature_or_mac (is signature) (size 64):
	61 CD AB E1 A1 1C 83 F3 36 5E 71 FF 5B 0F 6B 46 
	86 05 DC 1A ED 2C AF 79 07 70 6C FC 90 CB BE 1B 
	CB 99 50 2F 20 DD 95 D2 6B 7D 1B 92 1C 75 BD 7A 
	41 6A 4B 07 2E 33 30 E1 28 E2 E0 3A 48 07 6B 09 
TMP size: 64
CBOR ENCODE ERROR: 0
kid (size 1):
	00 
K_3 (size 16):
	A8 13 51 0C F7 58 39 6B 20 E7 29 12 35 5D 54 C6 
IV_3 (size 13):
	14 54 6D C3 E1 77 B4 90 90 B5 6C 6A B6 
aad_data (size 45):
	83 68 45 6E 63 72 79 70 74 30 40 58 20 31 E9 00 
	B7 5E 69 D5 36 AF ED 34 60 5F 09 91 57 5C 1C E6 
	ED 53 E3 DA 96 85 35 6C E9 5E 9A A2 24 
ciphertext_2/3/4 (size 77):
	B6 F5 17 98 FF AB E5 EF B7 C9 0D 5B 98 98 D6 78 
	A5 84 4D D8 53 AF 48 99 C3 D4 BE F1 BF E2 94 AC 
	3C 4E 10 61 6A DC 37 A9 D1 17 3D 75 7D D3 31 EF 
	BE E9 20 D7 F9 4B F5 CA 65 2C DC 79 ED F2 82 63 
	0D F0 4D D2 71 55 BD E3 5A 34 83 10 66 
CIPHERTEXT: (size 77):
	B6 F5 17 98 FF AB E5 EF B7 C9 0D 5B 98 98 D6 78 
	A5 84 4D D8 53 AF 48 99 C3 D4 BE F1 BF E2 94 AC 
	3C 4E 10 61 6A DC 37 A9 D1 17 3D 75 7D D3 31 EF 
	BE E9 20 D7 F9 4B F5 CA 65 2C DC 79 ED F2 82 63 
	0D F0 4D D2 71 55 BD E3 5A 34 83 10 66 
MSG out size:81
TMP size: 77
CBOR ENCODE ERROR: 0
msg3 (size 79):
	58 4D B6 F5 17 98 FF AB E5 EF B7 C9 0D 5B 98 98 
	D6 78 A5 84 4D D8 53 AF 48 99 C3 D4 BE F1 BF E2 
	94 AC 3C 4E 10 61 6A DC 37 A9 D1 17 3D 75 7D D3 
	31 EF BE E9 20 D7 F9 4B F5 CA 65 2C DC 79 ED F2 
	82 63 0D F0 4D D2 71 55 BD E3 5A 34 83 10 66 
th23 (size 32):
	31 E9 00 B7 5E 69 D5 36 AF ED 34 60 5F 09 91 57 
	5C 1C E6 ED 53 E3 DA 96 85 35 6C E9 5E 9A A2 24 
plaintext_23 (size 69):
	A1 04 00 58 40 61 CD AB E1 A1 1C 83 F3 36 5E 71 
	FF 5B 0F 6B 46 86 05 DC 1A ED 2C AF 79 07 70 6C 
	FC 90 CB BE 1B CB 99 50 2F 20 DD 95 D2 6B 7D 1B 
	92 1C 75 BD 7A 41 6A 4B 07 2E 33 30 E1 28 E2 E0 
	3A 48 07 6B 09 
cred (size 3):
	A1 04 00 
TMP size: 32
CBOR ENCODE ERROR: 0
Encoded
memcopy1
memcopy2
Input to calculate TH_3/TH_4 (CBOR Sequence) (size 106):
	58 20 31 E9 00 B7 5E 69 D5 36 AF ED 34 60 5F 09 
	91 57 5C 1C E6 ED 53 E3 DA 96 85 35 6C E9 5E 9A 
	A2 24 A1 04 00 58 40 61 CD AB E1 A1 1C 83 F3 36 
	5E 71 FF 5B 0F 6B 46 86 05 DC 1A ED 2C AF 79 07 
	70 6C FC 90 CB BE 1B CB 99 50 2F 20 DD 95 D2 6B 
	7D 1B 92 1C 75 BD 7A 41 6A 4B 07 2E 33 30 E1 28 
	E2 E0 3A 48 07 6B 09 A1 04 00 
TH34 (size 32):
	87 9E 80 07 BE 7E 77 E1 88 AE 77 3B DF 29 05 64 
	8E 44 4D A7 5F CE 4F 66 CA 92 84 A1 66 A1 65 2D 
[init] tx sent 79 bytes
[init] edhoc_initiator_run completed
PRK_out (size 32):
	81 F7 46 8F 97 44 64 BD 9D 8E 27 74 9E BD 93 CA 
	70 A5 79 67 79 2F 4E DE BA 8A CA 03 E1 EA D7 1F 
prk_exporter (size 32):
	ED 1D D5 8C B8 26 63 B4 AF 32 DF F5 0A 49 93 9A 
	45 DB 7D F0 79 81 15 B1 77 C9 6F E0 7C A4 6A A0 
OSCORE Master Secret (size 16):
	9B 67 5D 58 9A 37 60 8B 84 73 43 53 48 89 EE 12 
OSCORE Master Salt (size 8):
	B1 55 6A AE BF 85 D9 D3 
