IPv4 server with address 0.0.0.0 started!
test vector number: 2
INITIATOR SUIT kem: 1, signature -7
responder pk size: 65 
responder sk size: 32 
Responder ready to receive EDHOC DH request
seed (size 4):
	4B F8 34 66 
public ephemeral key (size 32):
	45 92 1B C9 17 58 D5 99 E3 56 CC 84 ED 37 C5 EB 
	E5 D9 A7 85 01 F4 12 4A C3 74 E1 B6 07 0D 8D 5D 
secret ephemeral key (size 32):
	25 A1 3D 0A 0B BB DC 9C 3A A8 76 38 A7 A5 A5 4F 
	81 37 C9 A3 0E 67 19 E1 89 93 E0 44 D8 FF DE 32 
Responder ready to Receive EDHOC PQ request 
__________________
PDU was constructed from buffer of 64 bytes
PDU is 64 bytes long
CoAP Version: 1
Message Type: Confirmable
Token length: 4
Code: 0.02 POST
Message ID: 0
Token of 4 bytes.
   Value: 0x01000000 
2 options:
OPTION (1/2)
   Option number (delta): 11 (11)
   Name: URI_PATH
   Value length: 11
   Value: ".well-known"
OPTION (2/2)
   Option number (delta): 11 (0)
   Name: URI_PATH
   Value length: 5
   Value: "edhoc"
Payload of 37 bytes
   Value: "\00\02X \8a\f6\f40\eb\e1\8d4\18@\17\a9\a1\1b\f5\11\c8\df\f8\f84s\0b\96\c1\b7\c8\db\ca/\c3\b67"
__________________
CoAP message (size 37):
	00 02 58 20 8A F6 F4 30 EB E1 8D 34 18 40 17 A9 
	A1 1B F5 11 C8 DF F8 F8 34 73 0B 96 C1 B7 C8 DB 
	CA 2F C3 B6 37 
message_1 (CBOR Sequence) (size 37):
	00 02 58 20 8A F6 F4 30 EB E1 8D 34 18 40 17 A9 
	A1 1B F5 11 C8 DF F8 F8 34 73 0B 96 C1 B7 C8 DB 
	CA 2F C3 B6 37 
msg1  (size 37):
	00 02 58 20 8A F6 F4 30 EB E1 8D 34 18 40 17 A9 
	A1 1B F5 11 C8 DF F8 F8 34 73 0B 96 C1 B7 C8 DB 
	CA 2F C3 B6 37 
msg1 METHOD: 0
msg1 SUITES_I (size 1):
	02 
g_x len 1216
g_x len message 1 32
msg1 G_X (size 32):
	8A F6 F4 30 EB E1 8D 34 18 40 17 A9 A1 1B F5 11 
	C8 DF F8 F8 34 73 0B 96 C1 B7 C8 DB CA 2F C3 B6 
msg1 C_I_raw (size 1):
	E8 
Suite 2 will be used in this EDHOC run.
PQ/T hybrid declare second array
y  (size 32):
	25 A1 3D 0A 0B BB DC 9C 3A A8 76 38 A7 A5 A5 4F 
	81 37 C9 A3 0E 67 19 E1 89 93 E0 44 D8 FF DE 32 
gx  (size 32):
	8A F6 F4 30 EB E1 8D 34 18 40 17 A9 A1 1B F5 11 
	C8 DF F8 F8 34 73 0B 96 C1 B7 C8 DB CA 2F C3 B6 
SHARED SECRET DERIVE
P256 in DH
pk_decompressed tinycript (size 64):
	8A F6 F4 30 EB E1 8D 34 18 40 17 A9 A1 1B F5 11 
	C8 DF F8 F8 34 73 0B 96 C1 B7 C8 DB CA 2F C3 B6 
	AE 17 50 92 91 24 87 EA FE 52 E2 63 A0 57 40 85 
	5E A8 E9 39 3F 95 A2 FC 7A FC 39 EB 00 7F 36 4C 
G_XY (ECDH shared secret)  (size 32):
	F5 6E 58 1C 26 D3 72 B8 9F 60 B0 19 7E F1 6A 3E 
	ED 70 84 87 AF B5 FF 47 38 B3 46 43 A8 A2 7A B1 
hash_msg1_raw (size 32):
	C7 93 1F CA 62 16 CA BC B5 A9 AB 7B 17 61 AE 46 
	78 94 6B A4 F6 0B 6D E1 63 14 69 18 2A 4E 67 26 
Input to calculate TH_2 (CBOR Sequence) (size 68):
	58 20 45 92 1B C9 17 58 D5 99 E3 56 CC 84 ED 37 
	C5 EB E5 D9 A7 85 01 F4 12 4A C3 74 E1 B6 07 0D 
	8D 5D 58 20 C7 93 1F CA 62 16 CA BC B5 A9 AB 7B 
	17 61 AE 46 78 94 6B A4 F6 0B 6D E1 63 14 69 18 
	2A 4E 67 26 
TH2 (size 32):
	C2 A6 AD 3E 4B DA 76 AF 43 1A 8A 63 CF 4E 51 1A 
	BE E9 F0 5A 8C C3 FE BB 9D CA BD FC 45 2A 94 F3 
PRK_2e (size 32):
	87 6D 5B B6 81 2E AB 59 4F 00 85 E8 CF E7 F2 D8 
	BD CE 79 82 EC DB 32 CE 2C 0E 9B 1C AD A0 E2 C2 
prk_3e2m (size 32):
	87 6D 5B B6 81 2E AB 59 4F 00 85 E8 CF E7 F2 D8 
	BD CE 79 82 EC DB 32 CE 2C 0E 9B 1C AD A0 E2 C2 
Signature len 500 - 64
TMP size: 32
CBOR ENCODE ERROR: 0
MAX ID CRED: 400 cred len 14
MAX CRED: 765 cred len 293
PK SIZE: 65
SIGNATURE SIZE: 500
CONTEXT_MAC_SIZE: 1204
CONTEXT_MAC len: 343
CR len: 2
TH enc len: 34
TMP size: 1
CBOR ENCODE ERROR: 0
MAC context (size 343):
	41 27 A1 18 22 82 2E 48 34 80 F5 FA 01 A8 AB F4 
	58 20 C2 A6 AD 3E 4B DA 76 AF 43 1A 8A 63 CF 4E 
	51 1A BE E9 F0 5A 8C C3 FE BB 9D CA BD FC 45 2A 
	94 F3 59 01 22 30 82 01 1E 30 81 C5 A0 03 02 01 
	02 02 04 61 E9 98 1E 30 0A 06 08 2A 86 48 CE 3D 
	04 03 02 30 15 31 13 30 11 06 03 55 04 03 0C 0A 
	45 44 48 4F 43 20 52 6F 6F 74 30 1E 17 0D 32 32 
	30 31 32 30 31 37 31 33 30 32 5A 17 0D 32 39 31 
	32 33 31 32 33 30 30 30 30 5A 30 1A 31 18 30 16 
	06 03 55 04 03 0C 0F 45 44 48 4F 43 20 52 65 73 
	70 6F 6E 64 65 72 30 59 30 13 06 07 2A 86 48 CE 
	3D 02 01 06 08 2A 86 48 CE 3D 03 01 07 03 42 00 
	04 BB C3 49 60 52 6E A4 D3 2E 94 0C AD 2A 23 41 
	48 DD C2 17 91 A1 2A FB CB AC 93 62 20 46 DD 44 
	F0 45 19 E2 57 23 6B 2A 0C E2 02 3F 09 31 F1 F3 
	86 CA 7A FD A6 4F CD E0 10 8C 22 4C 51 EA BF 60 
	72 30 0A 06 08 2A 86 48 CE 3D 04 03 02 03 48 00 
	30 45 02 20 30 19 4E F5 FC 65 C8 B7 95 CD CD 0B 
	B4 31 BF 83 EE 67 41 C1 37 0C 22 C8 EB 8E E9 ED 
	D2 A7 05 19 02 21 00 B5 83 0E 9C 89 A6 2A C7 3C 
	E1 EB CE 00 61 70 7D B8 A8 8E 23 70 9B 4A CC 58 
	A1 31 3B 13 3D 05 58 
is not DH, 32
MAC 2/3 (size 32):
	B1 AF 1F 94 AC 0F 09 A4 DB AF D9 5F F0 66 0A F4 
	79 CC 42 CD 0B A4 C7 81 DE FB E5 87 2F 22 94 80 
TMP size: 32
CBOR ENCODE ERROR: 0
Signature or mac size: 64Inside the sign
signature_or_mac (is signature) (size 64):
	6E 66 21 28 02 79 F3 B9 A7 86 D8 BA 29 05 0A 7C 
	1D D4 ED C9 7B 5A E3 A6 A6 2A C8 9F 82 72 47 B7 
	F7 99 F9 BE 8C 16 82 BA A8 BF EA 2A 08 6D 25 64 
	94 7E 58 90 11 80 9A E5 1B 61 80 37 D1 1E CE 6B 
TMP size: 64
CBOR ENCODE ERROR: 0
kid (size 0):
KEYSTREAM_2 (size 81):
	8C 07 C0 31 D3 7A 90 F8 37 28 CD 8A F0 42 82 04 
	FD B3 8F E0 DC 9E A5 67 05 76 53 AC C9 E7 FF C6 
	47 6A DA F1 CF 85 0D D5 C2 EC E2 AD 9F 39 93 19 
	E5 E4 12 38 6E FB 12 CA 3A AD 1A 2F 18 51 A7 4E 
	7D C3 03 7D 82 04 A0 4A 68 D4 D0 2B 4F 18 D0 B2 
	0A 
ciphertext_2/3/4 (size 81):
	AB A6 D8 13 51 54 D8 CC B7 DD 37 8B 58 E9 76 5C 
	BD DD E9 C1 F4 9C DC 94 BC D1 D5 74 73 CE FA CC 
	3B 77 0E 1C 06 FE 57 36 64 4A C8 65 00 BB E1 5E 
	52 13 8B C1 D0 77 04 48 80 05 A5 C5 32 59 CA 6B 
	19 57 7D 25 12 15 20 D0 8D CF B1 AB 78 C9 CE 7C 
	61 
TMP size: 113
CBOR ENCODE ERROR: 0
message_2 (CBOR Sequence) (size 115):
	58 71 45 92 1B C9 17 58 D5 99 E3 56 CC 84 ED 37 
	C5 EB E5 D9 A7 85 01 F4 12 4A C3 74 E1 B6 07 0D 
	8D 5D AB A6 D8 13 51 54 D8 CC B7 DD 37 8B 58 E9 
	76 5C BD DD E9 C1 F4 9C DC 94 BC D1 D5 74 73 CE 
	FA CC 3B 77 0E 1C 06 FE 57 36 64 4A C8 65 00 BB 
	E1 5E 52 13 8B C1 D0 77 04 48 80 05 A5 C5 32 59 
	CA 6B 19 57 7D 25 12 15 20 D0 8D CF B1 AB 78 C9 
	CE 7C 61 
th23 (size 32):
	C2 A6 AD 3E 4B DA 76 AF 43 1A 8A 63 CF 4E 51 1A 
	BE E9 F0 5A 8C C3 FE BB 9D CA BD FC 45 2A 94 F3 
plaintext_23 (size 81):
	27 A1 18 22 82 2E 48 34 80 F5 FA 01 A8 AB F4 58 
	40 6E 66 21 28 02 79 F3 B9 A7 86 D8 BA 29 05 0A 
	7C 1D D4 ED C9 7B 5A E3 A6 A6 2A C8 9F 82 72 47 
	B7 F7 99 F9 BE 8C 16 82 BA A8 BF EA 2A 08 6D 25 
	64 94 7E 58 90 11 80 9A E5 1B 61 80 37 D1 1E CE 
	6B 
cred (size 293):
	59 01 22 30 82 01 1E 30 81 C5 A0 03 02 01 02 02 
	04 61 E9 98 1E 30 0A 06 08 2A 86 48 CE 3D 04 03 
	02 30 15 31 13 30 11 06 03 55 04 03 0C 0A 45 44 
	48 4F 43 20 52 6F 6F 74 30 1E 17 0D 32 32 30 31 
	32 30 31 37 31 33 30 32 5A 17 0D 32 39 31 32 33 
	31 32 33 30 30 30 30 5A 30 1A 31 18 30 16 06 03 
	55 04 03 0C 0F 45 44 48 4F 43 20 52 65 73 70 6F 
	6E 64 65 72 30 59 30 13 06 07 2A 86 48 CE 3D 02 
	01 06 08 2A 86 48 CE 3D 03 01 07 03 42 00 04 BB 
	C3 49 60 52 6E A4 D3 2E 94 0C AD 2A 23 41 48 DD 
	C2 17 91 A1 2A FB CB AC 93 62 20 46 DD 44 F0 45 
	19 E2 57 23 6B 2A 0C E2 02 3F 09 31 F1 F3 86 CA 
	7A FD A6 4F CD E0 10 8C 22 4C 51 EA BF 60 72 30 
	0A 06 08 2A 86 48 CE 3D 04 03 02 03 48 00 30 45 
	02 20 30 19 4E F5 FC 65 C8 B7 95 CD CD 0B B4 31 
	BF 83 EE 67 41 C1 37 0C 22 C8 EB 8E E9 ED D2 A7 
	05 19 02 21 00 B5 83 0E 9C 89 A6 2A C7 3C E1 EB 
	CE 00 61 70 7D B8 A8 8E 23 70 9B 4A CC 58 A1 31 
	3B 13 3D 05 58 
TMP size: 32
CBOR ENCODE ERROR: 0
Encoded
memcopy1
memcopy2
Input to calculate TH_3/TH_4 (CBOR Sequence) (size 408):
	58 20 C2 A6 AD 3E 4B DA 76 AF 43 1A 8A 63 CF 4E 
	51 1A BE E9 F0 5A 8C C3 FE BB 9D CA BD FC 45 2A 
	94 F3 27 A1 18 22 82 2E 48 34 80 F5 FA 01 A8 AB 
	F4 58 40 6E 66 21 28 02 79 F3 B9 A7 86 D8 BA 29 
	05 0A 7C 1D D4 ED C9 7B 5A E3 A6 A6 2A C8 9F 82 
	72 47 B7 F7 99 F9 BE 8C 16 82 BA A8 BF EA 2A 08 
	6D 25 64 94 7E 58 90 11 80 9A E5 1B 61 80 37 D1 
	1E CE 6B 59 01 22 30 82 01 1E 30 81 C5 A0 03 02 
	01 02 02 04 61 E9 98 1E 30 0A 06 08 2A 86 48 CE 
	3D 04 03 02 30 15 31 13 30 11 06 03 55 04 03 0C 
	0A 45 44 48 4F 43 20 52 6F 6F 74 30 1E 17 0D 32 
	32 30 31 32 30 31 37 31 33 30 32 5A 17 0D 32 39 
	31 32 33 31 32 33 30 30 30 30 5A 30 1A 31 18 30 
	16 06 03 55 04 03 0C 0F 45 44 48 4F 43 20 52 65 
	73 70 6F 6E 64 65 72 30 59 30 13 06 07 2A 86 48 
	CE 3D 02 01 06 08 2A 86 48 CE 3D 03 01 07 03 42 
	00 04 BB C3 49 60 52 6E A4 D3 2E 94 0C AD 2A 23 
	41 48 DD C2 17 91 A1 2A FB CB AC 93 62 20 46 DD 
	44 F0 45 19 E2 57 23 6B 2A 0C E2 02 3F 09 31 F1 
	F3 86 CA 7A FD A6 4F CD E0 10 8C 22 4C 51 EA BF 
	60 72 30 0A 06 08 2A 86 48 CE 3D 04 03 02 03 48 
	00 30 45 02 20 30 19 4E F5 FC 65 C8 B7 95 CD CD 
	0B B4 31 BF 83 EE 67 41 C1 37 0C 22 C8 EB 8E E9 
	ED D2 A7 05 19 02 21 00 B5 83 0E 9C 89 A6 2A C7 
	3C E1 EB CE 00 61 70 7D B8 A8 8E 23 70 9B 4A CC 
	58 A1 31 3B 13 3D 05 58 
TH34 (size 32):
	D4 D1 FD 7F 76 15 25 0C A4 C3 AC F0 1A B9 50 75 
	85 20 0C DA C3 2E FF 1D C2 E9 75 3C 88 63 BE 4E 
msg2 generated
msg2 (size 115):
	58 71 45 92 1B C9 17 58 D5 99 E3 56 CC 84 ED 37 
	C5 EB E5 D9 A7 85 01 F4 12 4A C3 74 E1 B6 07 0D 
	8D 5D AB A6 D8 13 51 54 D8 CC B7 DD 37 8B 58 E9 
	76 5C BD DD E9 C1 F4 9C DC 94 BC D1 D5 74 73 CE 
	FA CC 3B 77 0E 1C 06 FE 57 36 64 4A C8 65 00 BB 
	E1 5E 52 13 8B C1 D0 77 04 48 80 05 A5 C5 32 59 
	CA 6B 19 57 7D 25 12 15 20 D0 8D CF B1 AB 78 C9 
	CE 7C 61 
ead prcessed
CoAP reply sent!
mesage tx
waiting to receive
__________________
PDU was constructed from buffer of 117 bytes
PDU is 117 bytes long
CoAP Version: 1
Message Type: Confirmable
Token length: 4
Code: 0.02 POST
Message ID: 1
Token of 4 bytes.
   Value: 0x02000000 
2 options:
OPTION (1/2)
   Option number (delta): 11 (11)
   Name: URI_PATH
   Value length: 11
   Value: ".well-known"
OPTION (2/2)
   Option number (delta): 11 (0)
   Name: URI_PATH
   Value length: 5
   Value: "edhoc"
Payload of 90 bytes
   Value: "XX\ff)\e9\1d+\e0\ec\e1J\bf@\f0\94Y~\fe\84(\fe>\15\83ru\16M\19\92\da\09\8f\87\e9\ce\ab\926\9d\8b!q\a5\ac>\96eM,s\94M\ac~:\e5\d9\c9 \19j==WR\99^[#\e7\f5X\10\e2\a7\865\db\bf\e7C\e1\0f\cbH}\ad\a2\f6"
__________________
CoAP message (size 90):
	58 58 FF 29 E9 1D 2B E0 EC E1 4A BF 40 F0 94 59 
	7E FE 84 28 FE 3E 15 83 72 75 16 4D 19 92 DA 09 
	8F 87 E9 CE AB 92 36 9D 8B 21 71 A5 AC 3E 96 65 
	4D 2C 73 94 4D AC 7E 3A E5 D9 C9 20 19 6A 3D 3D 
	57 52 99 5E 5B 23 E7 F5 58 10 E2 A7 86 35 DB BF 
	E7 43 E1 0F CB 48 7D AD A2 F6 
received
CIPHERTEXT_3 (size 88):
	FF 29 E9 1D 2B E0 EC E1 4A BF 40 F0 94 59 7E FE 
	84 28 FE 3E 15 83 72 75 16 4D 19 92 DA 09 8F 87 
	E9 CE AB 92 36 9D 8B 21 71 A5 AC 3E 96 65 4D 2C 
	73 94 4D AC 7E 3A E5 D9 C9 20 19 6A 3D 3D 57 52 
	99 5E 5B 23 E7 F5 58 10 E2 A7 86 35 DB BF E7 43 
	E1 0F CB 48 7D AD A2 F6 
PLAINTEXT3_SIZE: 903
ctxt3.len: 88
K_3 (size 16):
	F2 D6 C1 7F 8B F0 6B CE C5 6A 0C 95 72 BE 12 37 
IV_3 (size 13):
	59 18 CB 46 57 AA E1 F0 5E AF 4B 06 67 
associated_data (size 45):
	83 68 45 6E 63 72 79 70 74 30 40 58 20 D4 D1 FD 
	7F 76 15 25 0C A4 C3 AC F0 1A B9 50 75 85 20 0C 
	DA C3 2E FF 1D C2 E9 75 3C 88 63 BE 4E 
plaintext (size 80):
	A1 18 22 82 2E 48 EE C7 3F CB B0 16 26 76 58 40 
	CB 76 C2 33 87 B0 1E 5F 61 37 5B 23 D7 85 4D 63 
	70 64 4E 4B 52 C0 8B 69 AF B3 DA 93 C0 CF 07 63 
	DD 9D C2 E7 E3 DA 38 6B 79 19 61 89 8F 71 52 11 
	55 88 55 7E 00 17 D3 A5 BB CC 1A 8D F5 93 56 74 
ID_CRED (size 14):
	A1 18 22 82 2E 48 EE C7 3F CB B0 16 26 76 
sign_or_mac (size 64):
	CB 76 C2 33 87 B0 1E 5F 61 37 5B 23 D7 85 4D 63 
	70 64 4E 4B 52 C0 8B 69 AF B3 DA 93 C0 CF 07 63 
	DD 9D C2 E7 E3 DA 38 6B 79 19 61 89 8F 71 52 11 
	55 88 55 7E 00 17 D3 A5 BB CC 1A 8D F5 93 56 74 
[cred] lookup ID_CRED len=14
A11822822E48EEC73FCBB0162676
[cred] cred_array entries: 1
[cred] candidate[0] len=14 A11822822E48EEC73FCBB0162676
prk_4e3m (size 32):
	87 6D 5B B6 81 2E AB 59 4F 00 85 E8 CF E7 F2 D8 
	BD CE 79 82 EC DB 32 CE 2C 0E 9B 1C AD A0 E2 C2 
TMP size: 32
CBOR ENCODE ERROR: 0
MAX ID CRED: 400 cred len 14
MAX CRED: 765 cred len 293
PK SIZE: 65
SIGNATURE SIZE: 500
CONTEXT_MAC_SIZE: 1204
CONTEXT_MAC len: 342
CR len: 1
TH enc len: 34
MAC context (size 341):
	A1 18 22 82 2E 48 EE C7 3F CB B0 16 26 76 58 20 
	D4 D1 FD 7F 76 15 25 0C A4 C3 AC F0 1A B9 50 75 
	85 20 0C DA C3 2E FF 1D C2 E9 75 3C 88 63 BE 4E 
	59 01 22 30 82 01 1E 30 81 C5 A0 03 02 01 02 02 
	04 62 32 EF 6F 30 0A 06 08 2A 86 48 CE 3D 04 03 
	02 30 15 31 13 30 11 06 03 55 04 03 0C 0A 45 44 
	48 4F 43 20 52 6F 6F 74 30 1E 17 0D 32 32 30 33 
	31 37 30 38 32 31 30 33 5A 17 0D 32 39 31 32 33 
	31 32 33 30 30 30 30 5A 30 1A 31 18 30 16 06 03 
	55 04 03 0C 0F 45 44 48 4F 43 20 49 6E 69 74 69 
	61 74 6F 72 30 59 30 13 06 07 2A 86 48 CE 3D 02 
	01 06 08 2A 86 48 CE 3D 03 01 07 03 42 00 04 AC 
	75 E9 EC E3 E5 0B FC 8E D6 03 99 88 95 22 40 5C 
	47 BF 16 DF 96 66 0A 41 29 8C B4 30 7F 7E B6 6E 
	5D E6 11 38 8A 4B 8A 82 11 33 4A C7 D3 7E CB 52 
	A3 87 D2 57 E6 DB 3C 2A 93 DF 21 FF 3A FF C8 30 
	0A 06 08 2A 86 48 CE 3D 04 03 02 03 48 00 30 45 
	02 21 00 8C 32 3A 1F 33 21 38 AA B9 D0 BE AF B8 
	5F 8D 5A 44 07 3C 58 0F 59 5B C5 21 EF 91 3F 6E 
	F4 8D 11 02 20 6C 0A F1 A1 85 A4 E4 DE 06 35 36 
	99 23 1C 73 3A 6E 8D D2 DF 65 13 96 6C 91 30 15 
	2A 07 A2 BE DE 
is not DH, 32
MAC 2/3 (size 32):
	06 1C BE 5A A1 EE 4D 84 56 5E 0F 75 EB 92 F4 38 
	35 1C CA 5C 49 FE EA DE D8 FA 65 7F 61 85 EA E7 
TMP size: 32
CBOR ENCODE ERROR: 0
Signature or MAC verification successful!
th23 (size 32):
	D4 D1 FD 7F 76 15 25 0C A4 C3 AC F0 1A B9 50 75 
	85 20 0C DA C3 2E FF 1D C2 E9 75 3C 88 63 BE 4E 
plaintext_23 (size 80):
	A1 18 22 82 2E 48 EE C7 3F CB B0 16 26 76 58 40 
	CB 76 C2 33 87 B0 1E 5F 61 37 5B 23 D7 85 4D 63 
	70 64 4E 4B 52 C0 8B 69 AF B3 DA 93 C0 CF 07 63 
	DD 9D C2 E7 E3 DA 38 6B 79 19 61 89 8F 71 52 11 
	55 88 55 7E 00 17 D3 A5 BB CC 1A 8D F5 93 56 74 
cred (size 293):
	59 01 22 30 82 01 1E 30 81 C5 A0 03 02 01 02 02 
	04 62 32 EF 6F 30 0A 06 08 2A 86 48 CE 3D 04 03 
	02 30 15 31 13 30 11 06 03 55 04 03 0C 0A 45 44 
	48 4F 43 20 52 6F 6F 74 30 1E 17 0D 32 32 30 33 
	31 37 30 38 32 31 30 33 5A 17 0D 32 39 31 32 33 
	31 32 33 30 30 30 30 5A 30 1A 31 18 30 16 06 03 
	55 04 03 0C 0F 45 44 48 4F 43 20 49 6E 69 74 69 
	61 74 6F 72 30 59 30 13 06 07 2A 86 48 CE 3D 02 
	01 06 08 2A 86 48 CE 3D 03 01 07 03 42 00 04 AC 
	75 E9 EC E3 E5 0B FC 8E D6 03 99 88 95 22 40 5C 
	47 BF 16 DF 96 66 0A 41 29 8C B4 30 7F 7E B6 6E 
	5D E6 11 38 8A 4B 8A 82 11 33 4A C7 D3 7E CB 52 
	A3 87 D2 57 E6 DB 3C 2A 93 DF 21 FF 3A FF C8 30 
	0A 06 08 2A 86 48 CE 3D 04 03 02 03 48 00 30 45 
	02 21 00 8C 32 3A 1F 33 21 38 AA B9 D0 BE AF B8 
	5F 8D 5A 44 07 3C 58 0F 59 5B C5 21 EF 91 3F 6E 
	F4 8D 11 02 20 6C 0A F1 A1 85 A4 E4 DE 06 35 36 
	99 23 1C 73 3A 6E 8D D2 DF 65 13 96 6C 91 30 15 
	2A 07 A2 BE DE 
TMP size: 32
CBOR ENCODE ERROR: 0
Encoded
memcopy1
memcopy2
Input to calculate TH_3/TH_4 (CBOR Sequence) (size 407):
	58 20 D4 D1 FD 7F 76 15 25 0C A4 C3 AC F0 1A B9 
	50 75 85 20 0C DA C3 2E FF 1D C2 E9 75 3C 88 63 
	BE 4E A1 18 22 82 2E 48 EE C7 3F CB B0 16 26 76 
	58 40 CB 76 C2 33 87 B0 1E 5F 61 37 5B 23 D7 85 
	4D 63 70 64 4E 4B 52 C0 8B 69 AF B3 DA 93 C0 CF 
	07 63 DD 9D C2 E7 E3 DA 38 6B 79 19 61 89 8F 71 
	52 11 55 88 55 7E 00 17 D3 A5 BB CC 1A 8D F5 93 
	56 74 59 01 22 30 82 01 1E 30 81 C5 A0 03 02 01 
	02 02 04 62 32 EF 6F 30 0A 06 08 2A 86 48 CE 3D 
	04 03 02 30 15 31 13 30 11 06 03 55 04 03 0C 0A 
	45 44 48 4F 43 20 52 6F 6F 74 30 1E 17 0D 32 32 
	30 33 31 37 30 38 32 31 30 33 5A 17 0D 32 39 31 
	32 33 31 32 33 30 30 30 30 5A 30 1A 31 18 30 16 
	06 03 55 04 03 0C 0F 45 44 48 4F 43 20 49 6E 69 
	74 69 61 74 6F 72 30 59 30 13 06 07 2A 86 48 CE 
	3D 02 01 06 08 2A 86 48 CE 3D 03 01 07 03 42 00 
	04 AC 75 E9 EC E3 E5 0B FC 8E D6 03 99 88 95 22 
	40 5C 47 BF 16 DF 96 66 0A 41 29 8C B4 30 7F 7E 
	B6 6E 5D E6 11 38 8A 4B 8A 82 11 33 4A C7 D3 7E 
	CB 52 A3 87 D2 57 E6 DB 3C 2A 93 DF 21 FF 3A FF 
	C8 30 0A 06 08 2A 86 48 CE 3D 04 03 02 03 48 00 
	30 45 02 21 00 8C 32 3A 1F 33 21 38 AA B9 D0 BE 
	AF B8 5F 8D 5A 44 07 3C 58 0F 59 5B C5 21 EF 91 
	3F 6E F4 8D 11 02 20 6C 0A F1 A1 85 A4 E4 DE 06 
	35 36 99 23 1C 73 3A 6E 8D D2 DF 65 13 96 6C 91 
	30 15 2A 07 A2 BE DE 
TH34 (size 32):
	C0 0E B8 BF CF 46 A7 A1 CA 99 B7 95 0B DB DE C9 
	56 C0 13 53 16 F4 FA CC 7F BF BC 2A D6 AF 82 4A 
PRK_out (size 32):
	30 0C 65 A2 53 BE 18 3C BD B3 B5 3D D6 43 B0 01 
	ED 56 43 84 E9 E4 86 E0 B8 3B F1 5D 5B DA 9B E1 
prk_exporter (size 32):
	97 ED 67 90 F4 F9 C3 F1 F9 1B A1 C9 5A F0 8A 20 
	C4 0F 71 18 CF 53 6C 51 F5 68 77 F0 8F 92 E2 8F 
OSCORE Master Secret (size 16):
	C0 55