NO DEFINED LIBOQS
initiator test vector number 2:initator cipher suit: (size 1):
	02 
initiator sk size:32 
initiator pk size:65 
secret ephemeral DH key (size 32):
	8A F6 F4 30 EB E1 8D 34 18 40 17 A9 A1 1B F5 11 
	C8 DF F8 F8 34 73 0B 96 C1 B7 C8 DB CA 2F C3 B6 
public ephemeral DH key (size 32):
	36 8E C1 F6 9A EB 65 9B A3 7D 5A 8D 45 B2 1B DC 
	02 99 DC EA A8 EF 23 5F 3C A4 2C E3 53 0F 95 25 
IPv4 client to connect to server with address 127.0.0.1 started!
MSG1 gx (size 32):
	8A F6 F4 30 EB E1 8D 34 18 40 17 A9 A1 1B F5 11 
	C8 DF F8 F8 34 73 0B 96 C1 B7 C8 DB CA 2F C3 B6 
X (eph -rpivate I) (size 32):
	36 8E C1 F6 9A EB 65 9B A3 7D 5A 8D 45 B2 1B DC 
	02 99 DC EA A8 EF 23 5F 3C A4 2C E3 53 0F 95 25 
C_I (size 1):
	37 
message_1 (CBOR Sequence) (size 37):
	00 02 58 20 8A F6 F4 30 EB E1 8D 34 18 40 17 A9 
	A1 1B F5 11 C8 DF F8 F8 34 73 0B 96 C1 B7 C8 DB 
	CA 2F C3 B6 37 
MSG: (size 37):
	00 02 58 20 8A F6 F4 30 EB E1 8D 34 18 40 17 A9 
	A1 1B F5 11 C8 DF F8 F8 34 73 0B 96 C1 B7 C8 DB 
	CA 2F C3 B6 37 
Max MSG2 size 2027
Set gy to the dh key size for DH
message_2 (CBOR Sequence) (size 115):
	58 71 45 B1 F7 1D 16 EA 7F DA 3F 7B 47 60 87 18 
	3A 36 20 58 B7 70 A3 C3 25 BA 3A 5F FD FC 2E A8 
	DD 23 F6 91 6E E2 F8 BC 3B 97 34 B1 89 CE 27 96 
	5A CE D5 08 80 DD A4 F5 62 93 E2 0F E6 69 6E 7F 
	9E 1E C8 E5 B2 55 3D 3C A9 21 7B 27 E6 A7 05 9A 
	68 82 A4 74 F9 43 4B 3F F9 02 0B CC F3 A4 F5 5F 
	59 28 16 C1 62 5C BB 36 62 6B EE 9E 02 A7 30 36 
	D3 E5 EA 
g_y (size 32):
	45 B1 F7 1D 16 EA 7F DA 3F 7B 47 60 87 18 3A 36 
	20 58 B7 70 A3 C3 25 BA 3A 5F FD FC 2E A8 DD 23 
ciphertext2 (size 81):
	F6 91 6E E2 F8 BC 3B 97 34 B1 89 CE 27 96 5A CE 
	D5 08 80 DD A4 F5 62 93 E2 0F E6 69 6E 7F 9E 1E 
	C8 E5 B2 55 3D 3C A9 21 7B 27 E6 A7 05 9A 68 82 
	A4 74 F9 43 4B 3F F9 02 0B CC F3 A4 F5 5F 59 28 
	16 C1 62 5C BB 36 62 6B EE 9E 02 A7 30 36 D3 E5 
	EA 
PQ/T Hybrid array foe g_xy_KEM
x  (size 32):
	36 8E C1 F6 9A EB 65 9B A3 7D 5A 8D 45 B2 1B DC 
	02 99 DC EA A8 EF 23 5F 3C A4 2C E3 53 0F 95 25 
gy  (size 32):
	45 B1 F7 1D 16 EA 7F DA 3F 7B 47 60 87 18 3A 36 
	20 58 B7 70 A3 C3 25 BA 3A 5F FD FC 2E A8 DD 23 
SHARED SECRET DERIVE
P256 in DH
pk_decompressed tinycript (size 64):
	45 B1 F7 1D 16 EA 7F DA 3F 7B 47 60 87 18 3A 36 
	20 58 B7 70 A3 C3 25 BA 3A 5F FD FC 2E A8 DD 23 
	99 63 3A 8C 87 83 5C DE 84 A5 20 5E 88 4F 38 AB 
	87 3E FF 80 50 54 79 4D AF C9 3F EB DF F5 95 1C 
G_XY (ECDH shared secret)  (size 32):
	0D 66 0B A4 19 0C 1E BF 4C 62 7F 5B 37 A2 CA E4 
	DB 84 2E 8D 29 46 38 C0 F1 A3 1F AF 46 94 19 F3 
hash_msg1_raw (size 32):
	C7 93 1F CA 62 16 CA BC B5 A9 AB 7B 17 61 AE 46 
	78 94 6B A4 F6 0B 6D E1 63 14 69 18 2A 4E 67 26 
Input to calculate TH_2 (CBOR Sequence) (size 68):
	58 20 45 B1 F7 1D 16 EA 7F DA 3F 7B 47 60 87 18 
	3A 36 20 58 B7 70 A3 C3 25 BA 3A 5F FD FC 2E A8 
	DD 23 58 20 C7 93 1F CA 62 16 CA BC B5 A9 AB 7B 
	17 61 AE 46 78 94 6B A4 F6 0B 6D E1 63 14 69 18 
	2A 4E 67 26 
TH2 (size 32):
	4A 13 3A 8C 59 A1 C1 89 08 B1 B8 DA 61 85 4D 46 
	90 3E E1 A5 36 69 DB A6 0E D5 EA 5C 57 93 09 FF 
TH_2 (size 32):
	4A 13 3A 8C 59 A1 C1 89 08 B1 B8 DA 61 85 4D 46 
	90 3E E1 A5 36 69 DB A6 0E D5 EA 5C 57 93 09 FF 
PRK_2e (size 32):
	92 7D 09 85 25 E1 78 8A BD E9 FD 57 41 75 EA ED 
	30 FF CA 23 F0 D4 77 55 56 E2 92 6F 46 D4 25 90 
KEYSTREAM_2 (size 81):
	D1 30 76 C0 7A 92 73 A3 B4 44 73 CF 8F 3D AE 96 
	95 68 F4 DD 7C CD D1 78 88 90 7C E0 E4 C5 BC A4 
	3E 10 E5 0C 6D 4E 61 C3 76 30 7E 04 7B C1 E1 02 
	85 3D A1 DB 1E A9 E3 F8 3B 9A F1 24 C9 33 E4 71 
	6E 66 03 4C 37 FC 72 CB 2C 48 A7 0D 55 7F CB 12 
	96 
associated_data (size 45):
	83 68 45 6E 63 72 79 70 74 30 40 58 20 4A 13 3A 
	8C 59 A1 C1 89 08 B1 B8 DA 61 85 4D 46 90 3E E1 
	A5 36 69 DB A6 0E D5 EA 5C 57 93 09 FF 
plaintext (size 81):
	27 A1 18 22 82 2E 48 34 80 F5 FA 01 A8 AB F4 58 
	40 60 74 00 D8 38 B3 EB 6A 9F 9A 89 8A BA 22 BA 
	F6 F5 57 59 50 72 C8 E2 0D 17 98 A3 7E 5B 89 80 
	21 49 58 98 55 96 1A FA 30 56 02 80 3C 6C BD 59 
	78 A7 61 10 8C CA 10 A0 C2 D6 A5 AA 65 49 18 F7 
	7C 
C_R (raw) (size 1):
	27 
ID_CRED (size 14):
	A1 18 22 82 2E 48 34 80 F5 FA 01 A8 AB F4 
sign_or_mac (size 64):
	60 74 00 D8 38 B3 EB 6A 9F 9A 89 8A BA 22 BA F6 
	F5 57 59 50 72 C8 E2 0D 17 98 A3 7E 5B 89 80 21 
	49 58 98 55 96 1A FA 30 56 02 80 3C 6C BD 59 78 
	A7 61 10 8C CA 10 A0 C2 D6 A5 AA 65 49 18 F7 7C 
[cred] lookup ID_CRED len=14
A11822822E483480F5FA01A8ABF4
[cred] cred_array entries: 1
[cred] candidate[0] len=14 A11822822E483480F5FA01A8ABF4
prk_3e2m (size 32):
	92 7D 09 85 25 E1 78 8A BD E9 FD 57 41 75 EA ED 
	30 FF CA 23 F0 D4 77 55 56 E2 92 6F 46 D4 25 90 
TMP size: 32
CBOR ENCODE ERROR: 0
MAX ID CRED: 400 cred len 14
MAX CRED: 765 cred len 293
PK SIZE: 65
SIGNATURE SIZE: 500
CONTEXT_MAC_SIZE: 1204
CONTEXT_MAC len: 343
CR len: 2
TH enc len: 34
TMP size: 1
CBOR ENCODE ERROR: 0
MAC context (size 343):
	41 27 A1 18 22 82 2E 48 34 80 F5 FA 01 A8 AB F4 
	58 20 4A 13 3A 8C 59 A1 C1 89 08 B1 B8 DA 61 85 
	4D 46 90 3E E1 A5 36 69 DB A6 0E D5 EA 5C 57 93 
	09 FF 59 01 22 30 82 01 1E 30 81 C5 A0 03 02 01 
	02 02 04 61 E9 98 1E 30 0A 06 08 2A 86 48 CE 3D 
	04 03 02 30 15 31 13 30 11 06 03 55 04 03 0C 0A 
	45 44 48 4F 43 20 52 6F 6F 74 30 1E 17 0D 32 32 
	30 31 32 30 31 37 31 33 30 32 5A 17 0D 32 39 31 
	32 33 31 32 33 30 30 30 30 5A 30 1A 31 18 30 16 
	06 03 55 04 03 0C 0F 45 44 48 4F 43 20 52 65 73 
	70 6F 6E 64 65 72 30 59 30 13 06 07 2A 86 48 CE 
	3D 02 01 06 08 2A 86 48 CE 3D 03 01 07 03 42 00 
	04 BB C3 49 60 52 6E A4 D3 2E 94 0C AD 2A 23 41 
	48 DD C2 17 91 A1 2A FB CB AC 93 62 20 46 DD 44 
	F0 45 19 E2 57 23 6B 2A 0C E2 02 3F 09 31 F1 F3 
	86 CA 7A FD A6 4F CD E0 10 8C 22 4C 51 EA BF 60 
	72 30 0A 06 08 2A 86 48 CE 3D 04 03 02 03 48 00 
	30 45 02 20 30 19 4E F5 FC 65 C8 B7 95 CD CD 0B 
	B4 31 BF 83 EE 67 41 C1 37 0C 22 C8 EB 8E E9 ED 
	D2 A7 05 19 02 21 00 B5 83 0E 9C 89 A6 2A C7 3C 
	E1 EB CE 00 61 70 7D B8 A8 8E 23 70 9B 4A CC 58 
	A1 31 3B 13 3D 05 58 
is not DH, 32
MAC 2/3 (size 32):
	A4 36 99 6B 74 ED 55 6B 96 3B AF E8 AF 25 14 FC 
	44 5F F8 11 29 4B 42 31 6D 3B 67 54 45 50 1C C4 
TMP size: 32
CBOR ENCODE ERROR: 0
Signature or MAC verification successful!
th23 (size 32):
	4A 13 3A 8C 59 A1 C1 89 08 B1 B8 DA 61 85 4D 46 
	90 3E E1 A5 36 69 DB A6 0E D5 EA 5C 57 93 09 FF 
plaintext_23 (size 81):
	27 A1 18 22 82 2E 48 34 80 F5 FA 01 A8 AB F4 58 
	40 60 74 00 D8 38 B3 EB 6A 9F 9A 89 8A BA 22 BA 
	F6 F5 57 59 50 72 C8 E2 0D 17 98 A3 7E 5B 89 80 
	21 49 58 98 55 96 1A FA 30 56 02 80 3C 6C BD 59 
	78 A7 61 10 8C CA 10 A0 C2 D6 A5 AA 65 49 18 F7 
	7C 
cred (size 293):
	59 01 22 30 82 01 1E 30 81 C5 A0 03 02 01 02 02 
	04 61 E9 98 1E 30 0A 06 08 2A 86 48 CE 3D 04 03 
	02 30 15 31 13 30 11 06 03 55 04 03 0C 0A 45 44 
	48 4F 43 20 52 6F 6F 74 30 1E 17 0D 32 32 30 31 
	32 30 31 37 31 33 30 32 5A 17 0D 32 39 31 32 33 
	31 32 33 30 30 30 30 5A 30 1A 31 18 30 16 06 03 
	55 04 03 0C 0F 45 44 48 4F 43 20 52 65 73 70 6F 
	6E 64 65 72 30 59 30 13 06 07 2A 86 48 CE 3D 02 
	01 06 08 2A 86 48 CE 3D 03 01 07 03 42 00 04 BB 
	C3 49 60 52 6E A4 D3 2E 94 0C AD 2A 23 41 48 DD 
	C2 17 91 A1 2A FB CB AC 93 62 20 46 DD 44 F0 45 
	19 E2 57 23 6B 2A 0C E2 02 3F 09 31 F1 F3 86 CA 
	7A FD A6 4F CD E0 10 8C 22 4C 51 EA BF 60 72 30 
	0A 06 08 2A 86 48 CE 3D 04 03 02 03 48 00 30 45 
	02 20 30 19 4E F5 FC 65 C8 B7 95 CD CD 0B B4 31 
	BF 83 EE 67 41 C1 37 0C 22 C8 EB 8E E9 ED D2 A7 
	05 19 02 21 00 B5 83 0E 9C 89 A6 2A C7 3C E1 EB 
	CE 00 61 70 7D B8 A8 8E 23 70 9B 4A CC 58 A1 31 
	3B 13 3D 05 58 
TMP size: 32
CBOR ENCODE ERROR: 0
Encoded
memcopy1
memcopy2
Input to calculate TH_3/TH_4 (CBOR Sequence) (size 408):
	58 20 4A 13 3A 8C 59 A1 C1 89 08 B1 B8 DA 61 85 
	4D 46 90 3E E1 A5 36 69 DB A6 0E D5 EA 5C 57 93 
	09 FF 27 A1 18 22 82 2E 48 34 80 F5 FA 01 A8 AB 
	F4 58 40 60 74 00 D8 38 B3 EB 6A 9F 9A 89 8A BA 
	22 BA F6 F5 57 59 50 72 C8 E2 0D 17 98 A3 7E 5B 
	89 80 21 49 58 98 55 96 1A FA 30 56 02 80 3C 6C 
	BD 59 78 A7 61 10 8C CA 10 A0 C2 D6 A5 AA 65 49 
	18 F7 7C 59 01 22 30 82 01 1E 30 81 C5 A0 03 02 
	01 02 02 04 61 E9 98 1E 30 0A 06 08 2A 86 48 CE 
	3D 04 03 02 30 15 31 13 30 11 06 03 55 04 03 0C 
	0A 45 44 48 4F 43 20 52 6F 6F 74 30 1E 17 0D 32 
	32 30 31 32 30 31 37 31 33 30 32 5A 17 0D 32 39 
	31 32 33 31 32 33 30 30 30 30 5A 30 1A 31 18 30 
	16 06 03 55 04 03 0C 0F 45 44 48 4F 43 20 52 65 
	73 70 6F 6E 64 65 72 30 59 30 13 06 07 2A 86 48 
	CE 3D 02 01 06 08 2A 86 48 CE 3D 03 01 07 03 42 
	00 04 BB C3 49 60 52 6E A4 D3 2E 94 0C AD 2A 23 
	41 48 DD C2 17 91 A1 2A FB CB AC 93 62 20 46 DD 
	44 F0 45 19 E2 57 23 6B 2A 0C E2 02 3F 09 31 F1 
	F3 86 CA 7A FD A6 4F CD E0 10 8C 22 4C 51 EA BF 
	60 72 30 0A 06 08 2A 86 48 CE 3D 04 03 02 03 48 
	00 30 45 02 20 30 19 4E F5 FC 65 C8 B7 95 CD CD 
	0B B4 31 BF 83 EE 67 41 C1 37 0C 22 C8 EB 8E E9 
	ED D2 A7 05 19 02 21 00 B5 83 0E 9C 89 A6 2A C7 
	3C E1 EB CE 00 61 70 7D B8 A8 8E 23 70 9B 4A CC 
	58 A1 31 3B 13 3D 05 58 
TH34 (size 32):
	98 26 1E 3D 74 4C 0D 68 A8 B2 31 38 71 6E D7 F2 
	11 19 3E B6 40 4A 61 A0 E5 DF E9 A4 C2 B2 E6 92 
prk_4e3m (size 32):
	92 7D 09 85 25 E1 78 8A BD E9 FD 57 41 75 EA ED 
	30 FF CA 23 F0 D4 77 55 56 E2 92 6F 46 D4 25 90 
TMP size: 32
CBOR ENCODE ERROR: 0
MAX ID CRED: 400 cred len 14
MAX CRED: 765 cred len 293
PK SIZE: 65
SIGNATURE SIZE: 500
CONTEXT_MAC_SIZE: 1204
CONTEXT_MAC len: 342
CR len: 1
TH enc len: 34
MAC context (size 341):
	A1 18 22 82 2E 48 EE C7 3F CB B0 16 26 76 58 20 
	98 26 1E 3D 74 4C 0D 68 A8 B2 31 38 71 6E D7 F2 
	11 19 3E B6 40 4A 61 A0 E5 DF E9 A4 C2 B2 E6 92 
	59 01 22 30 82 01 1E 30 81 C5 A0 03 02 01 02 02 
	04 62 32 EF 6F 30 0A 06 08 2A 86 48 CE 3D 04 03 
	02 30 15 31 13 30 11 06 03 55 04 03 0C 0A 45 44 
	48 4F 43 20 52 6F 6F 74 30 1E 17 0D 32 32 30 33 
	31 37 30 38 32 31 30 33 5A 17 0D 32 39 31 32 33 
	31 32 33 30 30 30 30 5A 30 1A 31 18 30 16 06 03 
	55 04 03 0C 0F 45 44 48 4F 43 20 49 6E 69 74 69 
	61 74 6F 72 30 59 30 13 06 07 2A 86 48 CE 3D 02 
	01 06 08 2A 86 48 CE 3D 03 01 07 03 42 00 04 AC 
	75 E9 EC E3 E5 0B FC 8E D6 03 99 88 95 22 40 5C 
	47 BF 16 DF 96 66 0A 41 29 8C B4 30 7F 7E B6 6E 
	5D E6 11 38 8A 4B 8A 82 11 33 4A C7 D3 7E CB 52 
	A3 87 D2 57 E6 DB 3C 2A 93 DF 21 FF 3A FF C8 30 
	0A 06 08 2A 86 48 CE 3D 04 03 02 03 48 00 30 45 
	02 21 00 8C 32 3A 1F 33 21 38 AA B9 D0 BE AF B8 
	5F 8D 5A 44 07 3C 58 0F 59 5B C5 21 EF 91 3F 6E 
	F4 8D 11 02 20 6C 0A F1 A1 85 A4 E4 DE 06 35 36 
	99 23 1C 73 3A 6E 8D D2 DF 65 13 96 6C 91 30 15 
	2A 07 A2 BE DE 
is not DH, 32
MAC 2/3 (size 32):
	2C 67 05 9B 7D C2 FE 0A E0 49 BE 63 28 D4 30 9D 
	07 9B E4 1F B5 DD AF 92 83 74 DC 41 93 83 7E 4C 
TMP size: 32
CBOR ENCODE ERROR: 0
Signature or mac size: 64Inside the sign
signature_or_mac (is signature) (size 64):
	25 84 BD C1 FD 16 34 D7 B9 CA 03 6A FC 65 B3 A7 
	5F 34 BF 06 0A D2 CC C2 52 13 66 20 94 50 5C 9D 
	E1 22 C5 80 80 53 E7 06 64 E6 9C D1 A7 DB 8C 3C 
	76 AF 20 4D 1D 7C 99 F8 54 10 3D 8A 18 BC 7E B2 
TMP size: 64
CBOR ENCODE ERROR: 0
kid (size 0):
K_3 (size 16):
	FE 7D 94 1E CF 2F 5F 39 2A FF 94 EF 1A 22 80 11 
IV_3 (size 13):
	3F A1 05 34 47 32 E2 BC 5C CB 22 E3 50 
aad_data (size 45):
	83 68 45 6E 63 72 79 70 74 30 40 58 20 98 26 1E 
	3D 74 4C 0D 68 A8 B2 31 38 71 6E D7 F2 11 19 3E 
	B6 40 4A 61 A0 E5 DF E9 A4 C2 B2 E6 92 
ciphertext_2/3/4 (size 88):
	E8 C0 CF D7 FB 6D 94 AE 1C 61 AC DB AD 84 2A B4 
	2B F8 A8 76 FE 1C 5F BE FF 8B DF 2B CD 60 3B 68 
	D8 DC 67 12 0F 4C 54 9D 43 02 40 D4 05 CE B5 EB 
	AD 6A 77 02 44 FF 72 3F 73 4A CE 70 7A B0 60 ED 
	FE D1 19 9D 35 8A C0 98 CC 7D 66 DB 1D 09 88 FF 
	EC 58 8B F1 D8 2C B8 C6 
CIPHERTEXT: (size 88):
	E8 C0 CF D7 FB 6D 94 AE 1C 61 AC DB AD 84 2A B4 
	2B F8 A8 76 FE 1C 5F BE FF 8B DF 2B CD 60 3B 68 
	D8 DC 67 12 0F 4C 54 9D 43 02 40 D4 05 CE B5 EB 
	AD 6A 77 02 44 FF 72 3F 73 4A CE 70 7A B0 60 ED 
	FE D1 19 9D 35 8A C0 98 CC 7D 66 DB 1D 09 88 FF 
	EC 58 8B F1 D8 2C B8 C6 
MSG out size:92
TMP size: 88
CBOR ENCODE ERROR: 0
msg3 (size 90):
	58 58 E8 C0 CF D7 FB 6D 94 AE 1C 61 AC DB AD 84 
	2A B4 2B F8 A8 76 FE 1C 5F BE FF 8B DF 2B CD 60 
	3B 68 D8 DC 67 12 0F 4C 54 9D 43 02 40 D4 05 CE 
	B5 EB AD 6A 77 02 44 FF 72 3F 73 4A CE 70 7A B0 
	60 ED FE D1 19 9D 35 8A C0 98 CC 7D 66 DB 1D 09 
	88 FF EC 58 8B F1 D8 2C B8 C6 
th23 (size 32):
	98 26 1E 3D 74 4C 0D 68 A8 B2 31 38 71 6E D7 F2 
	11 19 3E B6 40 4A 61 A0 E5 DF E9 A4 C2 B2 E6 92 
plaintext_23 (size 80):
	A1 18 22 82 2E 48 EE C7 3F CB B0 16 26 76 58 40 
	25 84 BD C1 FD 16 34 D7 B9 CA 03 6A FC 65 B3 A7 
	5F 34 BF 06 0A D2 CC C2 52 13 66 20 94 50 5C 9D 
	E1 22 C5 80 80 53 E7 06 64 E6 9C D1 A7 DB 8C 3C 
	76 AF 20 4D 1D 7C 99 F8 54 10 3D 8A 18 BC 7E B2 
cred (size 293):
	59 01 22 30 82 01 1E 30 81 C5 A0 03 02 01 02 02 
	04 62 32 EF 6F 30 0A 06 08 2A 86 48 CE 3D 04 03 
	02 30 15 31 13 30 11 06 03 55 04 03 0C 0A 45 44 
	48 4F 43 20 52 6F 6F 74 30 1E 17 0D 32 32 30 33 
	31 37 30 38 32 31 30 33 5A 17 0D 32 39 31 32 33 
	31 32 33 30 30 30 30 5A 30 1A 31 18 30 16 06 03 
	55 04 03 0C 0F 45 44 48 4F 43 20 49 6E 69 74 69 
	61 74 6F 72 30 59 30 13 06 07 2A 86 48 CE 3D 02 
	01 06 08 2A 86 48 CE 3D 03 01 07 03 42 00 04 AC 
	75 E9 EC E3 E5 0B FC 8E D6 03 99 88 95 22 40 5C 
	47 BF 16 DF 96 66 0A 41 29 8C B4 30 7F 7E B6 6E 
	5D E6 11 38 8A 4B 8A 82 11 33 4A C7 D3 7E CB 52 
	A3 87 D2 57 E6 DB 3C 2A 93 DF 21 FF 3A FF C8 30 
	0A 06 08 2A 86 48 CE 3D 04 03 02 03 48 00 30 45 
	02 21 00 8C 32 3A 1F 33 21 38 AA B9 D0 BE AF B8 
	5F 8D 5A 44 07 3C 58 0F 59 5B C5 21 EF 91 3F 6E 
	F4 8D 11 02 20 6C 0A F1 A1 85 A4 E4 DE 06 35 36 
	99 23 1C 73 3A 6E 8D D2 DF 65 13 96 6C 91 30 15 
	2A 07 A2 BE DE 
TMP size: 32
CBOR ENCODE ERROR: 0
Encoded
memcopy1
memcopy2
Input to calculate TH_3/TH_4 (CBOR Sequence) (size 407):
	58 20 98 26 1E 3D 74 4C 0D 68 A8 B2 31 38 71 6E 
	D7 F2 11 19 3E B6 40 4A 61 A0 E5 DF E9 A4 C2 B2 
	E6 92 A1 18 22 82 2E 48 EE C7 3F CB B0 16 26 76 
	58 40 25 84 BD C1 FD 16 34 D7 B9 CA 03 6A FC 65 
	B3 A7 5F 34 BF 06 0A D2 CC C2 52 13 66 20 94 50 
	5C 9D E1 22 C5 80 80 53 E7 06 64 E6 9C D1 A7 DB 
	8C 3C 76 AF 20 4D 1D 7C 99 F8 54 10 3D 8A 18 BC 
	7E B2 59 01 22 30 82 01 1E 30 81 C5 A0 03 02 01 
	02 02 04 62 32 EF 6F 30 0A 06 08 2A 86 48 CE 3D 
	04 03 02 30 15 31 13 30 11 06 03 55 04 03 0C 0A 
	45 44 48 4F 43 20 52 6F 6F 74 30 1E 17 0D 32 32 
	30 33 31 37 30 38 32 31 30 33 5A 17 0D 32 39 31 
	32 33 31 32 33 30 30 30 30 5A 30 1A 31 18 30 16 
	06 03 55 04 03 0C 0F 45 44 48 4F 43 20 49 6E 69 
	74 69 61 74 6F 72 30 59 30 13 06 07 2A 86 48 CE 
	3D 02 01 06 08 2A 86 48 CE 3D 03 01 07 03 42 00 
	04 AC 75 E9 EC E3 E5 0B FC 8E D6 03 99 88 95 22 
	40 5C 47 BF 16 DF 96 66 0A 41 29 8C B4 30 7F 7E 
	B6 6E 5D E6 11 38 8A 4B 8A 82 11 33 4A C7 D3 7E 
	CB 52 A3 87 D2 57 E6 DB 3C 2A 93 DF 21 FF 3A FF 
	C8 30 0A 06 08 2A 86 48 CE 3D 04 03 02 03 48 00 
	30 45 02 21 00 8C 32 3A 1F 33 21 38 AA B9 D0 BE 
	AF B8 5F 8D 5A 44 07 3C 58 0F 59 5B C5 21 EF 91 
	3F 6E F4 8D 11 02 20 6C 0A F1 A1 85 A4 E4 DE 06 
	35 36 99 23 1C 73 3A 6E 8D D2 DF 65 13 96 6C 91 
	30 15 2A 07 A2 BE DE 
TH34 (size 32):
	91 F1 8B 13 E6 48 3D 28 25 98 97 5F 7E 3B 47 A6 
	49 CC 75 D9 78 6A 7F 4C 28 E2 D2 E9 86 05 8A 34 
PRK_out (size 32):
	95 9B B9 48 4D B1 C8 AA 77 6B 09 2D 31 82 05 9C 
	0F 9F DB C0 D3 87 D2 23 DB 6F 17 4E C5 9C 2B 74 
prk_exporter (size 32):
	A5 CC BD D6 F8 77 FD 3D 12 93 3D 3E C5 23 08 35 
	1B ED 0E 89 45 AE CD 9D AD D8 44 16 0B 92 44 47 
OSCORE Master Secret (size 16):
	98 F6 92 DE BF 73 04 4E C4 18 85 92 75 F5 DE 28 
OSCORE Master Salt (size 8):
	15 AD CE 28 02 19 8E A4 
