NO DEFINED LIBOQS
initiator test vector number 2:initator cipher suit: (size 1):
	02 
initiator sk size:32 
initiator pk size:65 
secret ephemeral DH key (size 32):
	8A F6 F4 30 EB E1 8D 34 18 40 17 A9 A1 1B F5 11 
	C8 DF F8 F8 34 73 0B 96 C1 B7 C8 DB CA 2F C3 B6 
public ephemeral DH key (size 32):
	36 8E C1 F6 9A EB 65 9B A3 7D 5A 8D 45 B2 1B DC 
	02 99 DC EA A8 EF 23 5F 3C A4 2C E3 53 0F 95 25 
IPv4 client to connect to server with address 127.0.0.1 started!
MSG1 gx (size 32):
	8A F6 F4 30 EB E1 8D 34 18 40 17 A9 A1 1B F5 11 
	C8 DF F8 F8 34 73 0B 96 C1 B7 C8 DB CA 2F C3 B6 
X (eph -rpivate I) (size 32):
	36 8E C1 F6 9A EB 65 9B A3 7D 5A 8D 45 B2 1B DC 
	02 99 DC EA A8 EF 23 5F 3C A4 2C E3 53 0F 95 25 
C_I (size 1):
	37 
message_1 (CBOR Sequence) (size 37):
	00 02 58 20 8A F6 F4 30 EB E1 8D 34 18 40 17 A9 
	A1 1B F5 11 C8 DF F8 F8 34 73 0B 96 C1 B7 C8 DB 
	CA 2F C3 B6 37 
MSG: (size 37):
	00 02 58 20 8A F6 F4 30 EB E1 8D 34 18 40 17 A9 
	A1 1B F5 11 C8 DF F8 F8 34 73 0B 96 C1 B7 C8 DB 
	CA 2F C3 B6 37 
Max MSG2 size 2027
Set gy to the dh key size for DH
message_2 (CBOR Sequence) (size 115):
	58 71 37 B7 F6 9C DE F3 7B F1 EF 9A 52 24 46 15 
	8B 0A CF E8 78 A1 2A 92 56 63 25 F9 BA 3E B4 6B 
	CF 62 0A BE F1 E0 1C 1A F2 31 38 88 96 E9 17 E6 
	FE 92 13 00 79 91 13 BC FA 1C 7A C3 E0 FE F7 3E 
	A5 E2 84 83 77 6B E3 68 29 1B BB 1E 05 79 D9 C1 
	BB 2C D4 19 8D 8C C8 6C FA A0 BC BE E9 BD 31 7E 
	8F 84 C5 D5 4C 81 F9 D0 D8 D0 04 DD CF AA 57 EC 
	B7 D2 44 
g_y (size 32):
	37 B7 F6 9C DE F3 7B F1 EF 9A 52 24 46 15 8B 0A 
	CF E8 78 A1 2A 92 56 63 25 F9 BA 3E B4 6B CF 62 
ciphertext2 (size 81):
	0A BE F1 E0 1C 1A F2 31 38 88 96 E9 17 E6 FE 92 
	13 00 79 91 13 BC FA 1C 7A C3 E0 FE F7 3E A5 E2 
	84 83 77 6B E3 68 29 1B BB 1E 05 79 D9 C1 BB 2C 
	D4 19 8D 8C C8 6C FA A0 BC BE E9 BD 31 7E 8F 84 
	C5 D5 4C 81 F9 D0 D8 D0 04 DD CF AA 57 EC B7 D2 
	44 
PQ/T Hybrid array foe g_xy_KEM
x  (size 32):
	36 8E C1 F6 9A EB 65 9B A3 7D 5A 8D 45 B2 1B DC 
	02 99 DC EA A8 EF 23 5F 3C A4 2C E3 53 0F 95 25 
gy  (size 32):
	37 B7 F6 9C DE F3 7B F1 EF 9A 52 24 46 15 8B 0A 
	CF E8 78 A1 2A 92 56 63 25 F9 BA 3E B4 6B CF 62 
SHARED SECRET DERIVE
P256 in DH
pk_decompressed tinycript (size 64):
	37 B7 F6 9C DE F3 7B F1 EF 9A 52 24 46 15 8B 0A 
	CF E8 78 A1 2A 92 56 63 25 F9 BA 3E B4 6B CF 62 
	98 FA D6 17 F4 9E 3F FF 6D EF 72 3F 1A E3 A7 8A 
	4E 2B 4F 34 9A 86 23 9E 21 D1 E4 93 D4 F1 14 DA 
G_XY (ECDH shared secret)  (size 32):
	F5 0F 93 16 0F B2 1C F0 40 E8 C9 F7 B3 F0 45 28 
	7D F9 92 B4 9B D1 A3 AF 78 CB E7 6F 0F 32 49 E8 
hash_msg1_raw (size 32):
	C7 93 1F CA 62 16 CA BC B5 A9 AB 7B 17 61 AE 46 
	78 94 6B A4 F6 0B 6D E1 63 14 69 18 2A 4E 67 26 
Input to calculate TH_2 (CBOR Sequence) (size 68):
	58 20 37 B7 F6 9C DE F3 7B F1 EF 9A 52 24 46 15 
	8B 0A CF E8 78 A1 2A 92 56 63 25 F9 BA 3E B4 6B 
	CF 62 58 20 C7 93 1F CA 62 16 CA BC B5 A9 AB 7B 
	17 61 AE 46 78 94 6B A4 F6 0B 6D E1 63 14 69 18 
	2A 4E 67 26 
TH2 (size 32):
	97 9C 64 FA 0E 9B BD 77 35 C9 3F 35 84 00 83 18 
	CB 15 46 DE 7F D7 CD 5C AD C1 DE 45 27 A9 1E BB 
TH_2 (size 32):
	97 9C 64 FA 0E 9B BD 77 35 C9 3F 35 84 00 83 18 
	CB 15 46 DE 7F D7 CD 5C AD C1 DE 45 27 A9 1E BB 
PRK_2e (size 32):
	3C CE 65 79 BD A6 EB E1 1E 2B 87 85 B5 14 38 9C 
	3C 34 68 F4 17 16 21 0B A1 27 81 76 64 7A 4F BB 
KEYSTREAM_2 (size 81):
	2D 1F E9 C2 9E 34 BA 05 B8 7D 6C E8 BF 4D 0A CA 
	53 E0 C3 55 DA 49 E1 EF A2 29 FE 28 D7 63 4C FE 
	B2 94 1A 0D DA BC B9 18 12 7F 5D 2E 8F 94 C7 8F 
	03 4B C3 01 62 3D 0F 29 5E 4A A5 A5 5B 99 7A 91 
	91 88 0B 0F 36 D4 CE 0B BE 43 4A 9B EE 8F 47 75 
	BA 
associated_data (size 45):
	83 68 45 6E 63 72 79 70 74 30 40 58 20 97 9C 64 
	FA 0E 9B BD 77 35 C9 3F 35 84 00 83 18 CB 15 46 
	DE 7F D7 CD 5C AD C1 DE 45 27 A9 1E BB 
plaintext (size 81):
	27 A1 18 22 82 2E 48 34 80 F5 FA 01 A8 AB F4 58 
	40 E0 BA C4 C9 F5 1B F3 D8 EA 1E D6 20 5D E9 1C 
	36 17 6D 66 39 D4 90 03 A9 61 58 57 56 55 7C A3 
	D7 52 4E 8D AA 51 F5 89 E2 F4 4C 18 6A E7 F5 15 
	54 5D 47 8E CF 04 16 DB BA 9E 85 31 B9 63 F0 A7 
	FE 
C_R (raw) (size 1):
	27 
ID_CRED (size 14):
	A1 18 22 82 2E 48 34 80 F5 FA 01 A8 AB F4 
sign_or_mac (size 64):
	E0 BA C4 C9 F5 1B F3 D8 EA 1E D6 20 5D E9 1C 36 
	17 6D 66 39 D4 90 03 A9 61 58 57 56 55 7C A3 D7 
	52 4E 8D AA 51 F5 89 E2 F4 4C 18 6A E7 F5 15 54 
	5D 47 8E CF 04 16 DB BA 9E 85 31 B9 63 F0 A7 FE 
[cred] lookup ID_CRED len=14
A11822822E483480F5FA01A8ABF4
[cred] cred_array entries: 1
[cred] candidate[0] len=14 A11822822E483480F5FA01A8ABF4
prk_3e2m (size 32):
	3C CE 65 79 BD A6 EB E1 1E 2B 87 85 B5 14 38 9C 
	3C 34 68 F4 17 16 21 0B A1 27 81 76 64 7A 4F BB 
TMP size: 32
CBOR ENCODE ERROR: 0
MAX ID CRED: 400 cred len 14
MAX CRED: 765 cred len 293
PK SIZE: 65
SIGNATURE SIZE: 500
CONTEXT_MAC_SIZE: 1204
CONTEXT_MAC len: 343
CR len: 2
TH enc len: 34
TMP size: 1
CBOR ENCODE ERROR: 0
MAC context (size 343):
	41 27 A1 18 22 82 2E 48 34 80 F5 FA 01 A8 AB F4 
	58 20 97 9C 64 FA 0E 9B BD 77 35 C9 3F 35 84 00 
	83 18 CB 15 46 DE 7F D7 CD 5C AD C1 DE 45 27 A9 
	1E BB 59 01 22 30 82 01 1E 30 81 C5 A0 03 02 01 
	02 02 04 61 E9 98 1E 30 0A 06 08 2A 86 48 CE 3D 
	04 03 02 30 15 31 13 30 11 06 03 55 04 03 0C 0A 
	45 44 48 4F 43 20 52 6F 6F 74 30 1E 17 0D 32 32 
	30 31 32 30 31 37 31 33 30 32 5A 17 0D 32 39 31 
	32 33 31 32 33 30 30 30 30 5A 30 1A 31 18 30 16 
	06 03 55 04 03 0C 0F 45 44 48 4F 43 20 52 65 73 
	70 6F 6E 64 65 72 30 59 30 13 06 07 2A 86 48 CE 
	3D 02 01 06 08 2A 86 48 CE 3D 03 01 07 03 42 00 
	04 BB C3 49 60 52 6E A4 D3 2E 94 0C AD 2A 23 41 
	48 DD C2 17 91 A1 2A FB CB AC 93 62 20 46 DD 44 
	F0 45 19 E2 57 23 6B 2A 0C E2 02 3F 09 31 F1 F3 
	86 CA 7A FD A6 4F CD E0 10 8C 22 4C 51 EA BF 60 
	72 30 0A 06 08 2A 86 48 CE 3D 04 03 02 03 48 00 
	30 45 02 20 30 19 4E F5 FC 65 C8 B7 95 CD CD 0B 
	B4 31 BF 83 EE 67 41 C1 37 0C 22 C8 EB 8E E9 ED 
	D2 A7 05 19 02 21 00 B5 83 0E 9C 89 A6 2A C7 3C 
	E1 EB CE 00 61 70 7D B8 A8 8E 23 70 9B 4A CC 58 
	A1 31 3B 13 3D 05 58 
is not DH, 32
MAC 2/3 (size 32):
	81 58 BE 83 7A 12 5E 58 01 9F 39 8D 35 FA 91 6E 
	BB DA F6 69 F7 34 3F EF 20 A7 20 FD 4E C2 5A CA 
TMP size: 32
CBOR ENCODE ERROR: 0
Signature or MAC verification successful!
th23 (size 32):
	97 9C 64 FA 0E 9B BD 77 35 C9 3F 35 84 00 83 18 
	CB 15 46 DE 7F D7 CD 5C AD C1 DE 45 27 A9 1E BB 
plaintext_23 (size 81):
	27 A1 18 22 82 2E 48 34 80 F5 FA 01 A8 AB F4 58 
	40 E0 BA C4 C9 F5 1B F3 D8 EA 1E D6 20 5D E9 1C 
	36 17 6D 66 39 D4 90 03 A9 61 58 57 56 55 7C A3 
	D7 52 4E 8D AA 51 F5 89 E2 F4 4C 18 6A E7 F5 15 
	54 5D 47 8E CF 04 16 DB BA 9E 85 31 B9 63 F0 A7 
	FE 
cred (size 293):
	59 01 22 30 82 01 1E 30 81 C5 A0 03 02 01 02 02 
	04 61 E9 98 1E 30 0A 06 08 2A 86 48 CE 3D 04 03 
	02 30 15 31 13 30 11 06 03 55 04 03 0C 0A 45 44 
	48 4F 43 20 52 6F 6F 74 30 1E 17 0D 32 32 30 31 
	32 30 31 37 31 33 30 32 5A 17 0D 32 39 31 32 33 
	31 32 33 30 30 30 30 5A 30 1A 31 18 30 16 06 03 
	55 04 03 0C 0F 45 44 48 4F 43 20 52 65 73 70 6F 
	6E 64 65 72 30 59 30 13 06 07 2A 86 48 CE 3D 02 
	01 06 08 2A 86 48 CE 3D 03 01 07 03 42 00 04 BB 
	C3 49 60 52 6E A4 D3 2E 94 0C AD 2A 23 41 48 DD 
	C2 17 91 A1 2A FB CB AC 93 62 20 46 DD 44 F0 45 
	19 E2 57 23 6B 2A 0C E2 02 3F 09 31 F1 F3 86 CA 
	7A FD A6 4F CD E0 10 8C 22 4C 51 EA BF 60 72 30 
	0A 06 08 2A 86 48 CE 3D 04 03 02 03 48 00 30 45 
	02 20 30 19 4E F5 FC 65 C8 B7 95 CD CD 0B B4 31 
	BF 83 EE 67 41 C1 37 0C 22 C8 EB 8E E9 ED D2 A7 
	05 19 02 21 00 B5 83 0E 9C 89 A6 2A C7 3C E1 EB 
	CE 00 61 70 7D B8 A8 8E 23 70 9B 4A CC 58 A1 31 
	3B 13 3D 05 58 
TMP size: 32
CBOR ENCODE ERROR: 0
Encoded
memcopy1
memcopy2
Input to calculate TH_3/TH_4 (CBOR Sequence) (size 408):
	58 20 97 9C 64 FA 0E 9B BD 77 35 C9 3F 35 84 00 
	83 18 CB 15 46 DE 7F D7 CD 5C AD C1 DE 45 27 A9 
	1E BB 27 A1 18 22 82 2E 48 34 80 F5 FA 01 A8 AB 
	F4 58 40 E0 BA C4 C9 F5 1B F3 D8 EA 1E D6 20 5D 
	E9 1C 36 17 6D 66 39 D4 90 03 A9 61 58 57 56 55 
	7C A3 D7 52 4E 8D AA 51 F5 89 E2 F4 4C 18 6A E7 
	F5 15 54 5D 47 8E CF 04 16 DB BA 9E 85 31 B9 63 
	F0 A7 FE 59 01 22 30 82 01 1E 30 81 C5 A0 03 02 
	01 02 02 04 61 E9 98 1E 30 0A 06 08 2A 86 48 CE 
	3D 04 03 02 30 15 31 13 30 11 06 03 55 04 03 0C 
	0A 45 44 48 4F 43 20 52 6F 6F 74 30 1E 17 0D 32 
	32 30 31 32 30 31 37 31 33 30 32 5A 17 0D 32 39 
	31 32 33 31 32 33 30 30 30 30 5A 30 1A 31 18 30 
	16 06 03 55 04 03 0C 0F 45 44 48 4F 43 20 52 65 
	73 70 6F 6E 64 65 72 30 59 30 13 06 07 2A 86 48 
	CE 3D 02 01 06 08 2A 86 48 CE 3D 03 01 07 03 42 
	00 04 BB C3 49 60 52 6E A4 D3 2E 94 0C AD 2A 23 
	41 48 DD C2 17 91 A1 2A FB CB AC 93 62 20 46 DD 
	44 F0 45 19 E2 57 23 6B 2A 0C E2 02 3F 09 31 F1 
	F3 86 CA 7A FD A6 4F CD E0 10 8C 22 4C 51 EA BF 
	60 72 30 0A 06 08 2A 86 48 CE 3D 04 03 02 03 48 
	00 30 45 02 20 30 19 4E F5 FC 65 C8 B7 95 CD CD 
	0B B4 31 BF 83 EE 67 41 C1 37 0C 22 C8 EB 8E E9 
	ED D2 A7 05 19 02 21 00 B5 83 0E 9C 89 A6 2A C7 
	3C E1 EB CE 00 61 70 7D B8 A8 8E 23 70 9B 4A CC 
	58 A1 31 3B 13 3D 05 58 
TH34 (size 32):
	9E 4C 8B 82 BB 06 20 56 A2 46 66 C5 E4 3F 39 36 
	59 6E 0A D1 82 B4 16 AB D9 21 E3 9C D8 38 02 84 
prk_4e3m (size 32):
	3C CE 65 79 BD A6 EB E1 1E 2B 87 85 B5 14 38 9C 
	3C 34 68 F4 17 16 21 0B A1 27 81 76 64 7A 4F BB 
TMP size: 32
CBOR ENCODE ERROR: 0
MAX ID CRED: 400 cred len 14
MAX CRED: 765 cred len 293
PK SIZE: 65
SIGNATURE SIZE: 500
CONTEXT_MAC_SIZE: 1204
CONTEXT_MAC len: 342
CR len: 1
TH enc len: 34
MAC context (size 341):
	A1 18 22 82 2E 48 EE C7 3F CB B0 16 26 76 58 20 
	9E 4C 8B 82 BB 06 20 56 A2 46 66 C5 E4 3F 39 36 
	59 6E 0A D1 82 B4 16 AB D9 21 E3 9C D8 38 02 84 
	59 01 22 30 82 01 1E 30 81 C5 A0 03 02 01 02 02 
	04 62 32 EF 6F 30 0A 06 08 2A 86 48 CE 3D 04 03 
	02 30 15 31 13 30 11 06 03 55 04 03 0C 0A 45 44 
	48 4F 43 20 52 6F 6F 74 30 1E 17 0D 32 32 30 33 
	31 37 30 38 32 31 30 33 5A 17 0D 32 39 31 32 33 
	31 32 33 30 30 30 30 5A 30 1A 31 18 30 16 06 03 
	55 04 03 0C 0F 45 44 48 4F 43 20 49 6E 69 74 69 
	61 74 6F 72 30 59 30 13 06 07 2A 86 48 CE 3D 02 
	01 06 08 2A 86 48 CE 3D 03 01 07 03 42 00 04 AC 
	75 E9 EC E3 E5 0B FC 8E D6 03 99 88 95 22 40 5C 
	47 BF 16 DF 96 66 0A 41 29 8C B4 30 7F 7E B6 6E 
	5D E6 11 38 8A 4B 8A 82 11 33 4A C7 D3 7E CB 52 
	A3 87 D2 57 E6 DB 3C 2A 93 DF 21 FF 3A FF C8 30 
	0A 06 08 2A 86 48 CE 3D 04 03 02 03 48 00 30 45 
	02 21 00 8C 32 3A 1F 33 21 38 AA B9 D0 BE AF B8 
	5F 8D 5A 44 07 3C 58 0F 59 5B C5 21 EF 91 3F 6E 
	F4 8D 11 02 20 6C 0A F1 A1 85 A4 E4 DE 06 35 36 
	99 23 1C 73 3A 6E 8D D2 DF 65 13 96 6C 91 30 15 
	2A 07 A2 BE DE 
is not DH, 32
MAC 2/3 (size 32):
	B3 E3 7C 4A 2A 8A 9D 40 FD 6B 6E 49 A0 05 87 74 
	56 4C C9 EA DD A7 A5 E2 E8 DF E7 2A D9 36 EF 6A 
TMP size: 32
CBOR ENCODE ERROR: 0
Signature or mac size: 64Inside the sign
signature_or_mac (is signature) (size 64):
	94 76 A1 18 8A 8A E1 97 01 9B F8 EB A7 BB C9 E2 
	BD BD 84 8C 0B 55 F4 87 BC 9B FB F6 DF CD 53 20 
	85 C8 93 4E 01 16 0C E6 7D E5 5F DC D7 DC 05 C5 
	89 72 6F 85 59 09 2B 4E AC 20 98 55 10 15 3E 68 
TMP size: 64
CBOR ENCODE ERROR: 0
kid (size 0):
K_3 (size 16):
	5E AE 35 B7 63 EA 49 38 6C 0A AD 24 A0 15 B0 2A 
IV_3 (size 13):
	5B 3B 5F 78 66 A2 B1 52 EF 33 E6 5F 40 
aad_data (size 45):
	83 68 45 6E 63 72 79 70 74 30 40 58 20 9E 4C 8B 
	82 BB 06 20 56 A2 46 66 C5 E4 3F 39 36 59 6E 0A 
	D1 82 B4 16 AB D9 21 E3 9C D8 38 02 84 
ciphertext_2/3/4 (size 88):
	1E AC 36 EE B2 B0 1B 26 59 1F 75 7A DD F9 07 6A 
	5D D2 FB F5 7C 41 CE 1A 16 96 B7 D0 C4 9C 0B D0 
	90 AC A5 97 CF C3 B1 16 C3 B3 6A 4B 2E 3B 25 54 
	EE 18 A4 3C 2B C5 8F 0C 03 4C BC 67 6C 23 B5 71 
	1D 95 1B 7E B2 61 D1 EC 50 98 4E 4F 5B 4E 48 3A 
	F6 8A 1E 09 BD DD 4C 0B 
CIPHERTEXT: (size 88):
	1E AC 36 EE B2 B0 1B 26 59 1F 75 7A DD F9 07 6A 
	5D D2 FB F5 7C 41 CE 1A 16 96 B7 D0 C4 9C 0B D0 
	90 AC A5 97 CF C3 B1 16 C3 B3 6A 4B 2E 3B 25 54 
	EE 18 A4 3C 2B C5 8F 0C 03 4C BC 67 6C 23 B5 71 
	1D 95 1B 7E B2 61 D1 EC 50 98 4E 4F 5B 4E 48 3A 
	F6 8A 1E 09 BD DD 4C 0B 
MSG out size:92
TMP size: 88
CBOR ENCODE ERROR: 0
msg3 (size 90):
	58 58 1E AC 36 EE B2 B0 1B 26 59 1F 75 7A DD F9 
	07 6A 5D D2 FB F5 7C 41 CE 1A 16 96 B7 D0 C4 9C 
	0B D0 90 AC A5 97 CF C3 B1 16 C3 B3 6A 4B 2E 3B 
	25 54 EE 18 A4 3C 2B C5 8F 0C 03 4C BC 67 6C 23 
	B5 71 1D 95 1B 7E B2 61 D1 EC 50 98 4E 4F 5B 4E 
	48 3A F6 8A 1E 09 BD DD 4C 0B 
th23 (size 32):
	9E 4C 8B 82 BB 06 20 56 A2 46 66 C5 E4 3F 39 36 
	59 6E 0A D1 82 B4 16 AB D9 21 E3 9C D8 38 02 84 
plaintext_23 (size 80):
	A1 18 22 82 2E 48 EE C7 3F CB B0 16 26 76 58 40 
	94 76 A1 18 8A 8A E1 97 01 9B F8 EB A7 BB C9 E2 
	BD BD 84 8C 0B 55 F4 87 BC 9B FB F6 DF CD 53 20 
	85 C8 93 4E 01 16 0C E6 7D E5 5F DC D7 DC 05 C5 
	89 72 6F 85 59 09 2B 4E AC 20 98 55 10 15 3E 68 
cred (size 293):
	59 01 22 30 82 01 1E 30 81 C5 A0 03 02 01 02 02 
	04 62 32 EF 6F 30 0A 06 08 2A 86 48 CE 3D 04 03 
	02 30 15 31 13 30 11 06 03 55 04 03 0C 0A 45 44 
	48 4F 43 20 52 6F 6F 74 30 1E 17 0D 32 32 30 33 
	31 37 30 38 32 31 30 33 5A 17 0D 32 39 31 32 33 
	31 32 33 30 30 30 30 5A 30 1A 31 18 30 16 06 03 
	55 04 03 0C 0F 45 44 48 4F 43 20 49 6E 69 74 69 
	61 74 6F 72 30 59 30 13 06 07 2A 86 48 CE 3D 02 
	01 06 08 2A 86 48 CE 3D 03 01 07 03 42 00 04 AC 
	75 E9 EC E3 E5 0B FC 8E D6 03 99 88 95 22 40 5C 
	47 BF 16 DF 96 66 0A 41 29 8C B4 30 7F 7E B6 6E 
	5D E6 11 38 8A 4B 8A 82 11 33 4A C7 D3 7E CB 52 
	A3 87 D2 57 E6 DB 3C 2A 93 DF 21 FF 3A FF C8 30 
	0A 06 08 2A 86 48 CE 3D 04 03 02 03 48 00 30 45 
	02 21 00 8C 32 3A 1F 33 21 38 AA B9 D0 BE AF B8 
	5F 8D 5A 44 07 3C 58 0F 59 5B C5 21 EF 91 3F 6E 
	F4 8D 11 02 20 6C 0A F1 A1 85 A4 E4 DE 06 35 36 
	99 23 1C 73 3A 6E 8D D2 DF 65 13 96 6C 91 30 15 
	2A 07 A2 BE DE 
TMP size: 32
CBOR ENCODE ERROR: 0
Encoded
memcopy1
memcopy2
Input to calculate TH_3/TH_4 (CBOR Sequence) (size 407):
	58 20 9E 4C 8B 82 BB 06 20 56 A2 46 66 C5 E4 3F 
	39 36 59 6E 0A D1 82 B4 16 AB D9 21 E3 9C D8 38 
	02 84 A1 18 22 82 2E 48 EE C7 3F CB B0 16 26 76 
	58 40 94 76 A1 18 8A 8A E1 97 01 9B F8 EB A7 BB 
	C9 E2 BD BD 84 8C 0B 55 F4 87 BC 9B FB F6 DF CD 
	53 20 85 C8 93 4E 01 16 0C E6 7D E5 5F DC D7 DC 
	05 C5 89 72 6F 85 59 09 2B 4E AC 20 98 55 10 15 
	3E 68 59 01 22 30 82 01 1E 30 81 C5 A0 03 02 01 
	02 02 04 62 32 EF 6F 30 0A 06 08 2A 86 48 CE 3D 
	04 03 02 30 15 31 13 30 11 06 03 55 04 03 0C 0A 
	45 44 48 4F 43 20 52 6F 6F 74 30 1E 17 0D 32 32 
	30 33 31 37 30 38 32 31 30 33 5A 17 0D 32 39 31 
	32 33 31 32 33 30 30 30 30 5A 30 1A 31 18 30 16 
	06 03 55 04 03 0C 0F 45 44 48 4F 43 20 49 6E 69 
	74 69 61 74 6F 72 30 59 30 13 06 07 2A 86 48 CE 
	3D 02 01 06 08 2A 86 48 CE 3D 03 01 07 03 42 00 
	04 AC 75 E9 EC E3 E5 0B FC 8E D6 03 99 88 95 22 
	40 5C 47 BF 16 DF 96 66 0A 41 29 8C B4 30 7F 7E 
	B6 6E 5D E6 11 38 8A 4B 8A 82 11 33 4A C7 D3 7E 
	CB 52 A3 87 D2 57 E6 DB 3C 2A 93 DF 21 FF 3A FF 
	C8 30 0A 06 08 2A 86 48 CE 3D 04 03 02 03 48 00 
	30 45 02 21 00 8C 32 3A 1F 33 21 38 AA B9 D0 BE 
	AF B8 5F 8D 5A 44 07 3C 58 0F 59 5B C5 21 EF 91 
	3F 6E F4 8D 11 02 20 6C 0A F1 A1 85 A4 E4 DE 06 
	35 36 99 23 1C 73 3A 6E 8D D2 DF 65 13 96 6C 91 
	30 15 2A 07 A2 BE DE 
TH34 (size 32):
	12 93 99 81 E4 76 2B 56 A8 F6 1C 46 E2 8D BB 89 
	FA 38 E6 3D 1F EB B6 B6 A2 E4 F7 41 DF 2E 0F 2B 
PRK_out (size 32):
	4F D3 8C B1 0A A6 2B 53 85 3C A8 28 3A A4 4D 7A 
	DC 74 0F 83 14 69 8D E1 59 E7 95 CF D2 D8 CC 21 
prk_exporter (size 32):
	D2 D1 24 B6 EE 63 C3 DF D2 1C 34 D7 54 DB 48 98 
	B7 29 C1 2A 5F 09 35 24 31 10 F1 D9 A4 7B 30 F4 
OSCORE Master Secret (size 16):
	FE D4 F0 69 85 C8 76 08 72 54 8B 76 CE 46 6D F5 
OSCORE Master Salt (size 8):
	0C F7 08 84 D0 FC 42 08 
