[init] get_suite
[init] suite ready
[init] static DH keygen
[init] static responder pk
[init] ephemeral DH keygen
[init] ephemeral KEM keygen alg -67
IPv4 client to connect to server with address 127.0.0.1 started!
[init] socket ready
[init] starting edhoc_initiator_run
MSG1 gx (size 1216):
	FB B4 6F DD 17 E8 B7 0E C5 98 DE CB B6 C8 4A 15 
	29 B0 DF CF 9E DE D9 C5 F8 D3 BF 64 F5 52 D2 10 
	2D B1 53 0F 02 A0 81 8A A2 D3 F4 75 2D 07 05 10 
	09 4D 35 44 73 AC 6C 04 B7 6C 96 5E F3 02 43 76 
	4B 7E E1 A7 32 09 AA 04 6B 55 3D C7 B1 97 88 03 
	67 69 4B 3B 51 35 A4 53 80 FC 24 55 98 12 56 43 
	94 A5 C3 04 AD 65 79 18 D9 B2 39 61 34 85 80 C7 
	44 75 80 2E 66 E4 95 12 B7 11 78 3C 47 79 C6 02 
	F5 B9 7B 68 02 7A EC 2B 2C 74 EB 46 A6 AB 61 6A 
	40 8C 43 CB C2 CF A7 08 F0 9C B6 04 2B 71 9B 76 
	9A 55 97 41 C6 46 17 97 6A 2D 3F F8 C5 75 32 64 
	96 CB 1B AB E6 57 BC EA 6F F7 47 CA BE 33 73 B0 
	1C C5 C1 E9 32 5F A4 4D 03 07 C3 EF 03 BB CC EB 
	7F 27 A3 90 15 F0 81 8D 59 B8 EB 90 55 80 E4 50 
	C2 A7 78 26 CC A4 2C 4B C9 3D 69 76 AD 85 75 23 
	8A 4D 83 02 4C A7 73 98 0E A1 73 54 89 49 7F 62 
	0F 97 9C 50 AF 39 07 27 46 4F B1 C8 19 2F 82 6D 
	1B E5 6B CD 81 C1 DB C4 8E AA 94 88 23 74 8D 0E 
	43 34 45 21 42 C8 49 79 49 5C 1B A9 39 4C B0 B7 
	A4 5A 64 2A B8 BA 54 A0 71 38 DC D3 A6 FB E9 0C 
	CC B9 09 26 3C 40 0E A0 64 26 01 72 37 83 29 6C 
	E7 42 54 5A CA F1 03 94 77 E1 39 44 5C 2A EA 90 
	CD E8 98 9C 97 47 98 C2 24 99 92 95 0C 04 CB 38 
	77 33 37 36 06 B0 2C D6 6D DF 96 C9 9A 7A A0 40 
	0A 21 6B 3B 3C 94 AB 59 78 94 B6 59 76 0F 0D 33 
	B9 67 3C 0C F5 11 C3 28 75 18 91 8C 68 B3 70 76 
	43 D9 08 D6 35 31 5F 25 26 EC 83 A7 2F 13 6A 79 
	A0 40 3A 44 0E F9 10 06 9D 49 81 D8 32 B8 C8 C8 
	8D FB 43 46 EE 69 9A 80 83 AC 39 B3 AD 5E 4C 69 
	4A E8 B3 00 A9 C1 B7 B5 3A EE F4 05 E5 D6 01 F2 
	A9 19 EF A7 6D 1D 23 3E 7D B1 9A 02 CC 42 89 56 
	26 76 B7 A1 E5 E6 70 51 D1 43 FC 3B 08 EE 13 2D 
	B3 A3 B0 F0 86 07 74 33 AB 72 7B 92 35 73 6B F2 
	A9 93 55 A8 05 BA CA 04 01 9B 74 51 58 C7 0C 69 
	3E 39 91 7F 15 90 0E 6B 8C C7 BB D8 44 17 79 0B 
	7F 85 3B AB 81 AA 50 FA AC 83 28 97 61 33 42 94 
	B0 07 C0 80 54 85 F8 16 C5 A7 99 F5 D1 94 D3 08 
	65 6B F7 03 23 D6 59 21 64 12 E2 42 14 52 2A 83 
	C5 93 85 3C 1A 1E 89 72 43 F1 98 04 A9 5B 2B 39 
	B6 5F 19 46 62 90 5C BB 1F 18 4E 5E 3C C2 2D 85 
	0E 78 73 AD 46 EA BB 7B 1C CD 34 73 4A 13 A8 81 
	0B BC B7 5B 31 CE 79 C9 91 80 12 BB 80 68 0C 36 
	AB 2C 9F 23 45 A5 DC BC 40 94 3E 93 CA 03 96 08 
	02 63 A0 83 D8 24 9B B4 18 20 55 2B 68 A3 30 CC 
	11 A7 9C B9 71 02 47 44 AC FA 01 C8 06 8A 5E 44 
	48 A8 C0 D4 18 1A 07 83 87 80 6A 55 1B CE 21 D0 
	22 A6 F4 C7 3C 90 3E 58 3C 1F A5 AB 1C 02 3A C2 
	C4 DC B0 CF 69 01 E5 16 4D 98 0B B3 49 66 0C B0 
	1B 8C 61 BB 5F 74 76 48 C4 24 1F BF C2 44 5A A0 
	AA B6 01 5C 0D 04 5B FA 7A 3A 28 76 7A 42 30 07 
	F5 01 03 6A F4 61 4B 65 0E 6B E8 AC D7 88 2F 2E 
	AB 7E 87 73 58 A4 CB 44 83 E6 86 32 09 7A 0C 13 
	6B EE 8A 07 46 31 B1 58 95 CF 62 01 B1 1D B1 68 
	7D A7 55 4B 6B 11 99 83 C4 38 63 B1 B8 32 C8 D7 
	D2 90 FB 32 42 C8 40 62 1E 8A 68 45 2B 91 09 A3 
	34 9B 5A 9F 53 00 CB 4B 06 02 0D 31 1F ED E0 05 
	96 D7 41 E1 00 0D 74 B6 A4 99 68 66 E5 B3 15 A5 
	E6 4E A6 24 21 80 89 60 8D DC 30 23 A9 69 EF B8 
	63 06 DB 14 2E F3 1D 3B 4B 99 F9 BC 5E E8 CC 01 
	11 A9 51 AE CA C2 21 04 3D C2 2B AB DF 1B 43 97 
	21 48 B2 F0 3E 09 24 07 0D F1 2B D6 CA 79 25 68 
	BB 19 C0 44 15 43 2A E0 27 5D 62 42 BE D1 C4 4E 
	DF E4 31 E4 71 2A A2 7B 21 F2 55 36 11 74 09 24 
	53 B5 C0 20 C5 21 E1 18 00 B5 C2 89 29 53 0D B8 
	86 C6 56 3D B2 63 B2 3B 6C 81 81 90 1F EE E8 70 
	4B 48 2A 66 61 C3 51 58 BB 54 02 9A 84 E2 19 62 
	CC C8 5A 2B 13 C4 E5 92 7B 25 35 25 9C B8 E4 D8 
	03 E9 6A 9E 15 98 26 E5 BC 26 49 1C C1 9A 81 6A 
	FB EA B9 65 09 62 3B 64 64 3D 05 67 D8 25 2E 9D 
	04 90 57 00 4D F2 62 68 81 03 2B 06 09 22 B2 43 
	91 5A 27 5D 65 72 16 24 BC 7B 33 DB 65 77 2C 10 
	40 90 5D 4B 00 8D 54 34 12 44 D9 2F F9 CB AF 1D 
	9C 7C 63 73 8E 51 F7 9C 02 76 25 D5 86 0F EF A7 
	3A BB 42 64 49 35 8B 22 2B 32 6E B4 1D 4A 39 1F 
	33 84 67 18 0D E8 E7 F1 18 8A 4D FE CC 35 B6 3E 
	F8 3E CB 2D 8A F9 32 28 41 3A 8E 90 06 DA 37 81 
X (eph -rpivate I) (size 2432):
	30 8A EE 3F ED 8C 9D 04 0D 35 A7 FC 1F A7 76 FB 
	31 30 38 33 AA 2D E8 85 35 4D DF 3D 44 D8 FB 69 
	DA 78 45 2A 29 88 85 2C 7D C7 14 BB 6B 8A 5E 4C 
	72 2B 41 38 4E 6D 72 38 E4 0A 4A 50 4A 9A 58 49 
	73 DE 59 11 F8 88 C2 D0 C3 C0 3F 79 19 49 8A 50 
	98 56 48 A4 68 BC 51 29 15 CA D6 3B 6B 16 62 4C 
	33 67 E2 31 7A 76 F7 7B 00 CD C3 1F C5 C2 B3 61 
	CB 5B 18 50 CA C1 A4 08 0C B4 19 27 4F FD 78 2B 
	EA BC 21 2F B0 73 E9 72 B6 07 E1 6F 07 60 CE E6 
	B0 50 8A 69 86 DE B2 AC 7C DB 9D E8 D3 21 70 E4 
	23 E6 26 51 DB B4 80 08 D1 37 A3 08 A7 B7 07 14 
	AC A4 20 CC 71 68 D3 B3 91 77 C6 76 34 A6 62 E1 
	EC C3 A1 8C 8F 9D F3 84 38 60 7A DC B0 A1 16 F6 
	39 3E 98 75 FF 98 B2 05 8A C6 BE A8 88 20 28 CA 
	07 31 23 BC 14 9C 08 0B 0C 6E EA 79 2F 14 8C 55 
	80 26 9F 0B 37 6B 84 15 D1 66 5D BF B9 5E 29 B4 
	23 C8 B8 16 E9 BC A1 F0 64 87 96 29 84 E5 12 79 
	27 38 92 C2 68 65 8E D3 5C C2 59 7F 24 1B 9E F4 
	21 79 6B A9 38 68 73 96 3C B8 A6 4E EB 2B 3C D2 
	B1 09 35 B8 BE B7 24 FA C6 3E F6 BC 30 D5 74 76 
	96 E5 79 80 A0 17 5D F0 46 42 48 62 30 2A A8 00 
	D6 4F 54 D9 88 BC 15 C7 80 D9 2B D6 19 20 47 12 
	A5 0A 01 96 21 F5 84 B0 3B 26 1D 52 99 A1 45 38 
	98 24 41 CE AC 35 2B 40 99 FC AB 91 6C BB 92 93 
	08 67 21 B4 34 7F 79 99 89 49 B1 FC 41 25 B1 D9 
	4A 04 59 31 55 3B 9C 27 E0 72 0E A7 94 F7 17 1C 
	D9 85 2E 9E 73 84 61 0C 9B B9 5C A6 0B 69 BD DD 
	F6 17 A0 21 4E B9 72 44 DE B4 99 B9 94 87 BD 73 
	95 29 B1 30 34 67 5E F1 72 62 AE 4B 65 2C 11 21 
	CC 46 21 F3 51 23 CE 88 7E 27 F3 92 12 39 96 F1 
	0B 01 E6 75 63 0D 69 52 25 1A 60 46 9C 95 45 BC 
	71 09 48 7A 90 09 7D 85 96 7C 92 B3 4C 20 07 89 
	B6 BC C4 F5 E3 B9 A3 A6 44 83 69 CF FF 54 96 F6 
	00 9D 2E 76 2F 38 5B 39 CA A6 AB 4A FC 1F AD 94 
	BE E7 37 A7 58 31 62 86 06 18 0F 1A 5B 71 C6 2B 
	82 BC 3B DA 16 2E D9 A4 27 EB 50 32 55 9A 95 8F 
	C2 A4 8F 54 0C DF C1 3C EA B5 C9 85 FB 45 9D 1B 
	61 63 F5 94 73 14 3E 85 EB 34 B0 76 21 EF 69 79 
	F9 4A 2C A5 55 26 E2 44 0C CC 9B 56 29 44 33 B1 
	A1 1D E1 B4 A4 C6 7A 06 99 82 3B C4 D5 61 89 77 
	57 1C DA 82 66 09 C2 2D D9 30 8E D0 16 1F 03 92 
	64 DB A0 2F 34 13 15 F9 7F FF 22 8E EF E8 40 9F 
	63 08 77 56 31 A2 B3 BD 1F 18 47 A5 18 87 76 C5 
	A3 98 05 18 A9 BB 43 0B E3 7D FC E6 6D 31 40 62 
	8C 3B 3E 45 3C CC 52 F7 BB A3 B5 81 05 E4 0D FB 
	E8 B4 F5 B6 16 1D AC 6C 03 60 87 A2 35 26 AC 19 
	C4 59 A9 9C 66 69 8A 41 2A 87 30 E4 72 2C 23 A4 
	68 03 58 2D 39 A4 14 5A B3 72 62 67 96 29 17 99 
	D7 8F 2A B2 2F 92 5A 54 BA 80 54 47 56 CF AC 14 
	32 3D 59 A2 9A A6 86 16 5B 33 05 68 C0 E7 93 4E 
	12 E8 24 6A 01 C4 88 69 1D 8E C0 B5 81 A2 9B 3C 
	58 79 89 F3 4E 5C 3C 1B 21 D8 8B EA 86 3D 72 64 
	3C 56 44 05 67 51 08 7D 97 6E 29 B8 57 F4 53 B9 
	4D 18 36 92 F7 93 0A B6 7E 39 E0 73 42 84 32 29 
	A8 45 7F D7 24 3A B7 AA 07 85 88 D2 D2 80 10 98 
	44 EA 97 83 E3 D6 49 00 79 B9 8F 25 68 8C 9C 76 
	47 3A AA 25 68 69 AB A6 B6 15 25 29 44 F1 5A F6 
	86 68 02 7B 52 28 81 5A 2E C8 7F 64 82 41 E2 59 
	8A AE 69 61 D7 FB 62 BD B8 07 13 80 73 33 DA 22 
	B6 54 5C F4 C0 5C DC B1 80 68 81 92 AF 42 62 98 
	14 48 85 C1 4D 8D D5 10 31 1C 3B 34 3B 02 FC 51 
	AC C3 32 2B 81 94 41 72 B1 AB D6 57 6E 5D 75 81 
	CF 59 03 43 0B 16 C8 1C 85 95 A1 74 BC C8 8F FC 
	05 B0 C9 D7 10 1F 76 21 0D 08 18 C6 86 4D B3 51 
	8C 5E 97 3E 4A 53 89 DC 78 A6 52 81 26 DD CC 70 
	A7 6C 72 B6 0C 19 DD 17 14 BA 0B AA 51 81 AC 48 
	33 86 BC 07 B9 8B F4 87 E9 E9 63 AD 02 91 F8 78 
	09 C0 51 6C 0B 78 7F E5 90 A1 A9 A7 A4 66 C7 1B 
	63 14 27 8D AB 42 68 EC 61 5A B4 4D BE A6 B8 EA 
	B2 04 B0 FA B3 F7 E8 82 95 CA 82 BF 2B CA 53 5A 
	45 5A FC 8D 65 3C A2 88 21 8E BF 78 72 C4 23 7F 
	A6 76 74 CC B7 8D 51 08 A3 68 F3 61 90 42 21 6A 
	8B 71 2A 95 26 23 19 76 A1 F4 3E DC 16 AC BF 85 
	4D D2 20 18 AD AB 0A 4F 66 BA F7 67 4A B7 C9 92 
	2D B1 53 0F 02 A0 81 8A A2 D3 F4 75 2D 07 05 10 
	09 4D 35 44 73 AC 6C 04 B7 6C 96 5E F3 02 43 76 
	4B 7E E1 A7 32 09 AA 04 6B 55 3D C7 B1 97 88 03 
	67 69 4B 3B 51 35 A4 53 80 FC 24 55 98 12 56 43 
	94 A5 C3 04 AD 65 79 18 D9 B2 39 61 34 85 80 C7 
	44 75 80 2E 66 E4 95 12 B7 11 78 3C 47 79 C6 02 
	F5 B9 7B 68 02 7A EC 2B 2C 74 EB 46 A6 AB 61 6A 
	40 8C 43 CB C2 CF A7 08 F0 9C B6 04 2B 71 9B 76 
	9A 55 97 41 C6 46 17 97 6A 2D 3F F8 C5 75 32 64 
	96 CB 1B AB E6 57 BC EA 6F F7 47 CA BE 33 73 B0 
	1C C5 C1 E9 32 5F A4 4D 03 07 C3 EF 03 BB CC EB 
	7F 27 A3 90 15 F0 81 8D 59 B8 EB 90 55 80 E4 50 
	C2 A7 78 26 CC A4 2C 4B C9 3D 69 76 AD 85 75 23 
	8A 4D 83 02 4C A7 73 98 0E A1 73 54 89 49 7F 62 
	0F 97 9C 50 AF 39 07 27 46 4F B1 C8 19 2F 82 6D 
	1B E5 6B CD 81 C1 DB C4 8E AA 94 88 23 74 8D 0E 
	43 34 45 21 42 C8 49 79 49 5C 1B A9 39 4C B0 B7 
	A4 5A 64 2A B8 BA 54 A0 71 38 DC D3 A6 FB E9 0C 
	CC B9 09 26 3C 40 0E A0 64 26 01 72 37 83 29 6C 
	E7 42 54 5A CA F1 03 94 77 E1 39 44 5C 2A EA 90 
	CD E8 98 9C 97 47 98 C2 24 99 92 95 0C 04 CB 38 
	77 33 37 36 06 B0 2C D6 6D DF 96 C9 9A 7A A0 40 
	0A 21 6B 3B 3C 94 AB 59 78 94 B6 59 76 0F 0D 33 
	B9 67 3C 0C F5 11 C3 28 75 18 91 8C 68 B3 70 76 
	43 D9 08 D6 35 31 5F 25 26 EC 83 A7 2F 13 6A 79 
	A0 40 3A 44 0E F9 10 06 9D 49 81 D8 32 B8 C8 C8 
	8D FB 43 46 EE 69 9A 80 83 AC 39 B3 AD 5E 4C 69 
	4A E8 B3 00 A9 C1 B7 B5 3A EE F4 05 E5 D6 01 F2 
	A9 19 EF A7 6D 1D 23 3E 7D B1 9A 02 CC 42 89 56 
	26 76 B7 A1 E5 E6 70 51 D1 43 FC 3B 08 EE 13 2D 
	B3 A3 B0 F0 86 07 74 33 AB 72 7B 92 35 73 6B F2 
	A9 93 55 A8 05 BA CA 04 01 9B 74 51 58 C7 0C 69 
	3E 39 91 7F 15 90 0E 6B 8C C7 BB D8 44 17 79 0B 
	7F 85 3B AB 81 AA 50 FA AC 83 28 97 61 33 42 94 
	B0 07 C0 80 54 85 F8 16 C5 A7 99 F5 D1 94 D3 08 
	65 6B F7 03 23 D6 59 21 64 12 E2 42 14 52 2A 83 
	C5 93 85 3C 1A 1E 89 72 43 F1 98 04 A9 5B 2B 39 
	B6 5F 19 46 62 90 5C BB 1F 18 4E 5E 3C C2 2D 85 
	0E 78 73 AD 46 EA BB 7B 1C CD 34 73 4A 13 A8 81 
	0B BC B7 5B 31 CE 79 C9 91 80 12 BB 80 68 0C 36 
	AB 2C 9F 23 45 A5 DC BC 40 94 3E 93 CA 03 96 08 
	02 63 A0 83 D8 24 9B B4 18 20 55 2B 68 A3 30 CC 
	11 A7 9C B9 71 02 47 44 AC FA 01 C8 06 8A 5E 44 
	48 A8 C0 D4 18 1A 07 83 87 80 6A 55 1B CE 21 D0 
	22 A6 F4 C7 3C 90 3E 58 3C 1F A5 AB 1C 02 3A C2 
	C4 DC B0 CF 69 01 E5 16 4D 98 0B B3 49 66 0C B0 
	1B 8C 61 BB 5F 74 76 48 C4 24 1F BF C2 44 5A A0 
	AA B6 01 5C 0D 04 5B FA 7A 3A 28 76 7A 42 30 07 
	F5 01 03 6A F4 61 4B 65 0E 6B E8 AC D7 88 2F 2E 
	AB 7E 87 73 58 A4 CB 44 83 E6 86 32 09 7A 0C 13 
	6B EE 8A 07 46 31 B1 58 95 CF 62 01 B1 1D B1 68 
	7D A7 55 4B 6B 11 99 83 C4 38 63 B1 B8 32 C8 D7 
	D2 90 FB 32 42 C8 40 62 1E 8A 68 45 2B 91 09 A3 
	34 9B 5A 9F 53 00 CB 4B 06 02 0D 31 1F ED E0 05 
	96 D7 41 E1 00 0D 74 B6 A4 99 68 66 E5 B3 15 A5 
	E6 4E A6 24 21 80 89 60 8D DC 30 23 A9 69 EF B8 
	63 06 DB 14 2E F3 1D 3B 4B 99 F9 BC 5E E8 CC 01 
	11 A9 51 AE CA C2 21 04 3D C2 2B AB DF 1B 43 97 
	21 48 B2 F0 3E 09 24 07 0D F1 2B D6 CA 79 25 68 
	BB 19 C0 44 15 43 2A E0 27 5D 62 42 BE D1 C4 4E 
	DF E4 31 E4 71 2A A2 7B 21 F2 55 36 11 74 09 24 
	53 B5 C0 20 C5 21 E1 18 00 B5 C2 89 29 53 0D B8 
	86 C6 56 3D B2 63 B2 3B 6C 81 81 90 1F EE E8 70 
	4B 48 2A 66 61 C3 51 58 BB 54 02 9A 84 E2 19 62 
	CC C8 5A 2B 13 C4 E5 92 7B 25 35 25 9C B8 E4 D8 
	03 E9 6A 9E 15 98 26 E5 BC 26 49 1C C1 9A 81 6A 
	FB EA B9 65 09 62 3B 64 64 3D 05 67 D8 25 2E 9D 
	04 90 57 00 4D F2 62 68 81 03 2B 06 09 22 B2 43 
	91 5A 27 5D 65 72 16 24 BC 7B 33 DB 65 77 2C 10 
	40 90 5D 4B 00 8D 54 34 12 44 D9 2F F9 CB AF 1D 
	9C 7C 63 73 8E 51 F7 9C 02 76 25 D5 86 0F EF A7 
	3A BB 42 64 49 35 8B 22 2B 32 6E B4 1D 4A 39 1F 
	33 84 67 18 0D E8 E7 F1 18 8A 4D FE CC 35 B6 3E 
	F8 3E CB 2D 8A F9 32 28 41 3A 8E 90 06 DA 37 81 
	36 2F C2 1B 75 F9 0B D5 3F A7 2F 2D 0F 22 0A 05 
	87 35 3F 0F BD 94 75 40 6D D7 E6 88 43 23 C9 85 
	EE 51 A0 71 8B B0 EE 21 55 55 C8 47 28 85 2D A6 
	29 63 54 C4 9A 5B 29 03 BD 36 88 05 79 C0 72 72 
C_I (size 1):
	49 
message_1 (CBOR Sequence) (size 1223):
	03 15 59 04 C0 FB B4 6F DD 17 E8 B7 0E C5 98 DE 
	CB B6 C8 4A 15 29 B0 DF CF 9E DE D9 C5 F8 D3 BF 
	64 F5 52 D2 10 2D B1 53 0F 02 A0 81 8A A2 D3 F4 
	75 2D 07 05 10 09 4D 35 44 73 AC 6C 04 B7 6C 96 
	5E F3 02 43 76 4B 7E E1 A7 32 09 AA 04 6B 55 3D 
	C7 B1 97 88 03 67 69 4B 3B 51 35 A4 53 80 FC 24 
	55 98 12 56 43 94 A5 C3 04 AD 65 79 18 D9 B2 39 
	61 34 85 80 C7 44 75 80 2E 66 E4 95 12 B7 11 78 
	3C 47 79 C6 02 F5 B9 7B 68 02 7A EC 2B 2C 74 EB 
	46 A6 AB 61 6A 40 8C 43 CB C2 CF A7 08 F0 9C B6 
	04 2B 71 9B 76 9A 55 97 41 C6 46 17 97 6A 2D 3F 
	F8 C5 75 32 64 96 CB 1B AB E6 57 BC EA 6F F7 47 
	CA BE 33 73 B0 1C C5 C1 E9 32 5F A4 4D 03 07 C3 
	EF 03 BB CC EB 7F 27 A3 90 15 F0 81 8D 59 B8 EB 
	90 55 80 E4 50 C2 A7 78 26 CC A4 2C 4B C9 3D 69 
	76 AD 85 75 23 8A 4D 83 02 4C A7 73 98 0E A1 73 
	54 89 49 7F 62 0F 97 9C 50 AF 39 07 27 46 4F B1 
	C8 19 2F 82 6D 1B E5 6B CD 81 C1 DB C4 8E AA 94 
	88 23 74 8D 0E 43 34 45 21 42 C8 49 79 49 5C 1B 
	A9 39 4C B0 B7 A4 5A 64 2A B8 BA 54 A0 71 38 DC 
	D3 A6 FB E9 0C CC B9 09 26 3C 40 0E A0 64 26 01 
	72 37 83 29 6C E7 42 54 5A CA F1 03 94 77 E1 39 
	44 5C 2A EA 90 CD E8 98 9C 97 47 98 C2 24 99 92 
	95 0C 04 CB 38 77 33 37 36 06 B0 2C D6 6D DF 96 
	C9 9A 7A A0 40 0A 21 6B 3B 3C 94 AB 59 78 94 B6 
	59 76 0F 0D 33 B9 67 3C 0C F5 11 C3 28 75 18 91 
	8C 68 B3 70 76 43 D9 08 D6 35 31 5F 25 26 EC 83 
	A7 2F 13 6A 79 A0 40 3A 44 0E F9 10 06 9D 49 81 
	D8 32 B8 C8 C8 8D FB 43 46 EE 69 9A 80 83 AC 39 
	B3 AD 5E 4C 69 4A E8 B3 00 A9 C1 B7 B5 3A EE F4 
	05 E5 D6 01 F2 A9 19 EF A7 6D 1D 23 3E 7D B1 9A 
	02 CC 42 89 56 26 76 B7 A1 E5 E6 70 51 D1 43 FC 
	3B 08 EE 13 2D B3 A3 B0 F0 86 07 74 33 AB 72 7B 
	92 35 73 6B F2 A9 93 55 A8 05 BA CA 04 01 9B 74 
	51 58 C7 0C 69 3E 39 91 7F 15 90 0E 6B 8C C7 BB 
	D8 44 17 79 0B 7F 85 3B AB 81 AA 50 FA AC 83 28 
	97 61 33 42 94 B0 07 C0 80 54 85 F8 16 C5 A7 99 
	F5 D1 94 D3 08 65 6B F7 03 23 D6 59 21 64 12 E2 
	42 14 52 2A 83 C5 93 85 3C 1A 1E 89 72 43 F1 98 
	04 A9 5B 2B 39 B6 5F 19 46 62 90 5C BB 1F 18 4E 
	5E 3C C2 2D 85 0E 78 73 AD 46 EA BB 7B 1C CD 34 
	73 4A 13 A8 81 0B BC B7 5B 31 CE 79 C9 91 80 12 
	BB 80 68 0C 36 AB 2C 9F 23 45 A5 DC BC 40 94 3E 
	93 CA 03 96 08 02 63 A0 83 D8 24 9B B4 18 20 55 
	2B 68 A3 30 CC 11 A7 9C B9 71 02 47 44 AC FA 01 
	C8 06 8A 5E 44 48 A8 C0 D4 18 1A 07 83 87 80 6A 
	55 1B CE 21 D0 22 A6 F4 C7 3C 90 3E 58 3C 1F A5 
	AB 1C 02 3A C2 C4 DC B0 CF 69 01 E5 16 4D 98 0B 
	B3 49 66 0C B0 1B 8C 61 BB 5F 74 76 48 C4 24 1F 
	BF C2 44 5A A0 AA B6 01 5C 0D 04 5B FA 7A 3A 28 
	76 7A 42 30 07 F5 01 03 6A F4 61 4B 65 0E 6B E8 
	AC D7 88 2F 2E AB 7E 87 73 58 A4 CB 44 83 E6 86 
	32 09 7A 0C 13 6B EE 8A 07 46 31 B1 58 95 CF 62 
	01 B1 1D B1 68 7D A7 55 4B 6B 11 99 83 C4 38 63 
	B1 B8 32 C8 D7 D2 90 FB 32 42 C8 40 62 1E 8A 68 
	45 2B 91 09 A3 34 9B 5A 9F 53 00 CB 4B 06 02 0D 
	31 1F ED E0 05 96 D7 41 E1 00 0D 74 B6 A4 99 68 
	66 E5 B3 15 A5 E6 4E A6 24 21 80 89 60 8D DC 30 
	23 A9 69 EF B8 63 06 DB 14 2E F3 1D 3B 4B 99 F9 
	BC 5E E8 CC 01 11 A9 51 AE CA C2 21 04 3D C2 2B 
	AB DF 1B 43 97 21 48 B2 F0 3E 09 24 07 0D F1 2B 
	D6 CA 79 25 68 BB 19 C0 44 15 43 2A E0 27 5D 62 
	42 BE D1 C4 4E DF E4 31 E4 71 2A A2 7B 21 F2 55 
	36 11 74 09 24 53 B5 C0 20 C5 21 E1 18 00 B5 C2 
	89 29 53 0D B8 86 C6 56 3D B2 63 B2 3B 6C 81 81 
	90 1F EE E8 70 4B 48 2A 66 61 C3 51 58 BB 54 02 
	9A 84 E2 19 62 CC C8 5A 2B 13 C4 E5 92 7B 25 35 
	25 9C B8 E4 D8 03 E9 6A 9E 15 98 26 E5 BC 26 49 
	1C C1 9A 81 6A FB EA B9 65 09 62 3B 64 64 3D 05 
	67 D8 25 2E 9D 04 90 57 00 4D F2 62 68 81 03 2B 
	06 09 22 B2 43 91 5A 27 5D 65 72 16 24 BC 7B 33 
	DB 65 77 2C 10 40 90 5D 4B 00 8D 54 34 12 44 D9 
	2F F9 CB AF 1D 9C 7C 63 73 8E 51 F7 9C 02 76 25 
	D5 86 0F EF A7 3A BB 42 64 49 35 8B 22 2B 32 6E 
	B4 1D 4A 39 1F 33 84 67 18 0D E8 E7 F1 18 8A 4D 
	FE CC 35 B6 3E F8 3E CB 2D 8A F9 32 28 41 3A 8E 
	90 06 DA 37 81 41 49 
MSG: (size 1223):
	03 15 59 04 C0 FB B4 6F DD 17 E8 B7 0E C5 98 DE 
	CB B6 C8 4A 15 29 B0 DF CF 9E DE D9 C5 F8 D3 BF 
	64 F5 52 D2 10 2D B1 53 0F 02 A0 81 8A A2 D3 F4 
	75 2D 07 05 10 09 4D 35 44 73 AC 6C 04 B7 6C 96 
	5E F3 02 43 76 4B 7E E1 A7 32 09 AA 04 6B 55 3D 
	C7 B1 97 88 03 67 69 4B 3B 51 35 A4 53 80 FC 24 
	55 98 12 56 43 94 A5 C3 04 AD 65 79 18 D9 B2 39 
	61 34 85 80 C7 44 75 80 2E 66 E4 95 12 B7 11 78 
	3C 47 79 C6 02 F5 B9 7B 68 02 7A EC 2B 2C 74 EB 
	46 A6 AB 61 6A 40 8C 43 CB C2 CF A7 08 F0 9C B6 
	04 2B 71 9B 76 9A 55 97 41 C6 46 17 97 6A 2D 3F 
	F8 C5 75 32 64 96 CB 1B AB E6 57 BC EA 6F F7 47 
	CA BE 33 73 B0 1C C5 C1 E9 32 5F A4 4D 03 07 C3 
	EF 03 BB CC EB 7F 27 A3 90 15 F0 81 8D 59 B8 EB 
	90 55 80 E4 50 C2 A7 78 26 CC A4 2C 4B C9 3D 69 
	76 AD 85 75 23 8A 4D 83 02 4C A7 73 98 0E A1 73 
	54 89 49 7F 62 0F 97 9C 50 AF 39 07 27 46 4F B1 
	C8 19 2F 82 6D 1B E5 6B CD 81 C1 DB C4 8E AA 94 
	88 23 74 8D 0E 43 34 45 21 42 C8 49 79 49 5C 1B 
	A9 39 4C B0 B7 A4 5A 64 2A B8 BA 54 A0 71 38 DC 
	D3 A6 FB E9 0C CC B9 09 26 3C 40 0E A0 64 26 01 
	72 37 83 29 6C E7 42 54 5A CA F1 03 94 77 E1 39 
	44 5C 2A EA 90 CD E8 98 9C 97 47 98 C2 24 99 92 
	95 0C 04 CB 38 77 33 37 36 06 B0 2C D6 6D DF 96 
	C9 9A 7A A0 40 0A 21 6B 3B 3C 94 AB 59 78 94 B6 
	59 76 0F 0D 33 B9 67 3C 0C F5 11 C3 28 75 18 91 
	8C 68 B3 70 76 43 D9 08 D6 35 31 5F 25 26 EC 83 
	A7 2F 13 6A 79 A0 40 3A 44 0E F9 10 06 9D 49 81 
	D8 32 B8 C8 C8 8D FB 43 46 EE 69 9A 80 83 AC 39 
	B3 AD 5E 4C 69 4A E8 B3 00 A9 C1 B7 B5 3A EE F4 
	05 E5 D6 01 F2 A9 19 EF A7 6D 1D 23 3E 7D B1 9A 
	02 CC 42 89 56 26 76 B7 A1 E5 E6 70 51 D1 43 FC 
	3B 08 EE 13 2D B3 A3 B0 F0 86 07 74 33 AB 72 7B 
	92 35 73 6B F2 A9 93 55 A8 05 BA CA 04 01 9B 74 
	51 58 C7 0C 69 3E 39 91 7F 15 90 0E 6B 8C C7 BB 
	D8 44 17 79 0B 7F 85 3B AB 81 AA 50 FA AC 83 28 
	97 61 33 42 94 B0 07 C0 80 54 85 F8 16 C5 A7 99 
	F5 D1 94 D3 08 65 6B F7 03 23 D6 59 21 64 12 E2 
	42 14 52 2A 83 C5 93 85 3C 1A 1E 89 72 43 F1 98 
	04 A9 5B 2B 39 B6 5F 19 46 62 90 5C BB 1F 18 4E 
	5E 3C C2 2D 85 0E 78 73 AD 46 EA BB 7B 1C CD 34 
	73 4A 13 A8 81 0B BC B7 5B 31 CE 79 C9 91 80 12 
	BB 80 68 0C 36 AB 2C 9F 23 45 A5 DC BC 40 94 3E 
	93 CA 03 96 08 02 63 A0 83 D8 24 9B B4 18 20 55 
	2B 68 A3 30 CC 11 A7 9C B9 71 02 47 44 AC FA 01 
	C8 06 8A 5E 44 48 A8 C0 D4 18 1A 07 83 87 80 6A 
	55 1B CE 21 D0 22 A6 F4 C7 3C 90 3E 58 3C 1F A5 
	AB 1C 02 3A C2 C4 DC B0 CF 69 01 E5 16 4D 98 0B 
	B3 49 66 0C B0 1B 8C 61 BB 5F 74 76 48 C4 24 1F 
	BF C2 44 5A A0 AA B6 01 5C 0D 04 5B FA 7A 3A 28 
	76 7A 42 30 07 F5 01 03 6A F4 61 4B 65 0E 6B E8 
	AC D7 88 2F 2E AB 7E 87 73 58 A4 CB 44 83 E6 86 
	32 09 7A 0C 13 6B EE 8A 07 46 31 B1 58 95 CF 62 
	01 B1 1D B1 68 7D A7 55 4B 6B 11 99 83 C4 38 63 
	B1 B8 32 C8 D7 D2 90 FB 32 42 C8 40 62 1E 8A 68 
	45 2B 91 09 A3 34 9B 5A 9F 53 00 CB 4B 06 02 0D 
	31 1F ED E0 05 96 D7 41 E1 00 0D 74 B6 A4 99 68 
	66 E5 B3 15 A5 E6 4E A6 24 21 80 89 60 8D DC 30 
	23 A9 69 EF B8 63 06 DB 14 2E F3 1D 3B 4B 99 F9 
	BC 5E E8 CC 01 11 A9 51 AE CA C2 21 04 3D C2 2B 
	AB DF 1B 43 97 21 48 B2 F0 3E 09 24 07 0D F1 2B 
	D6 CA 79 25 68 BB 19 C0 44 15 43 2A E0 27 5D 62 
	42 BE D1 C4 4E DF E4 31 E4 71 2A A2 7B 21 F2 55 
	36 11 74 09 24 53 B5 C0 20 C5 21 E1 18 00 B5 C2 
	89 29 53 0D B8 86 C6 56 3D B2 63 B2 3B 6C 81 81 
	90 1F EE E8 70 4B 48 2A 66 61 C3 51 58 BB 54 02 
	9A 84 E2 19 62 CC C8 5A 2B 13 C4 E5 92 7B 25 35 
	25 9C B8 E4 D8 03 E9 6A 9E 15 98 26 E5 BC 26 49 
	1C C1 9A 81 6A FB EA B9 65 09 62 3B 64 64 3D 05 
	67 D8 25 2E 9D 04 90 57 00 4D F2 62 68 81 03 2B 
	06 09 22 B2 43 91 5A 27 5D 65 72 16 24 BC 7B 33 
	DB 65 77 2C 10 40 90 5D 4B 00 8D 54 34 12 44 D9 
	2F F9 CB AF 1D 9C 7C 63 73 8E 51 F7 9C 02 76 25 
	D5 86 0F EF A7 3A BB 42 64 49 35 8B 22 2B 32 6E 
	B4 1D 4A 39 1F 33 84 67 18 0D E8 E7 F1 18 8A 4D 
	FE CC 35 B6 3E F8 3E CB 2D 8A F9 32 28 41 3A 8E 
	90 06 DA 37 81 41 49 
[init] tx sent 1223 bytes
[init] rx got 1135 bytes
Max MSG2 size 2027
PQ/T Hybrid Suit:-67
PQ/T Hybrid g_y size:1120message_2 (CBOR Sequence) (size 1135):
	59 04 6C 27 B1 D6 35 A6 63 38 2D 99 E0 31 B3 E9 
	A5 D6 82 A0 95 45 04 93 56 AF 6F 13 54 DE D1 3E 
	D2 9C 72 B6 BF 0A 88 A6 7C BA 4A D9 8A BB 6E A9 
	36 76 70 AC 76 C7 BC 8D B3 84 26 85 33 CD 87 1A 
	B4 37 6A BD 83 0D 75 C5 0B 19 4A 0A D4 61 38 86 
	04 CA D0 BE 91 8E 39 5E CB 5D 37 37 79 79 3D E7 
	20 DF 47 96 77 A3 8A 4B 4C 1D 73 D4 23 59 0F 2A 
	83 C3 D7 97 AE D1 CC E4 C3 A6 8E 15 78 29 2F 20 
	A0 97 EF 6F C2 C7 ED CA 15 6F 96 C8 49 5C 23 D2 
	42 29 74 82 A8 10 BE 0A 22 3B 84 66 2C EA EC 93 
	A4 77 96 3E 50 18 A7 FB AC 15 35 C1 0E 34 0E 1E 
	EE BC 9F 4E F2 98 1B 8B 0D 5B 88 02 5E A1 82 CC 
	CB 45 59 94 5F 7C D5 51 B3 1B 3D 29 5C B2 F7 E4 
	7E 1F 93 D4 81 46 8A E0 F0 B5 BF 20 EA A7 C4 C4 
	2B 45 AC 59 4B E9 DD 46 07 E9 9C 1D 7C 0F D2 E7 
	05 80 F7 74 C1 4F A8 30 ED 64 D2 F0 1E 70 69 1E 
	BD 08 5F 7F 5B 8A CE 35 7C AE F3 20 CD 2F BB 72 
	1F 5C 44 F8 33 EC 7D 44 F2 E7 73 C9 E5 15 45 E7 
	8E 03 01 F5 C9 60 A2 89 72 DD F0 14 A4 30 8D 1A 
	C6 0E F0 F7 2B FA 85 5C 7D 6D 8E 7A E8 2A 0E 47 
	5B FE FA AC 02 61 9D 6A 3A 92 88 CF 10 95 E5 A8 
	52 EC 80 88 DA 2D ED 5F 57 A9 90 91 1F DF 1B D0 
	B6 37 40 06 52 17 CA DD E0 AC 00 2D D2 01 45 20 
	D7 39 C3 85 4C 02 B5 AE 73 47 18 6D EA 4B 04 88 
	24 D4 ED 68 89 49 D7 B4 B8 1A A0 1E 18 DD 33 91 
	5B 9E 13 00 3F 2D B1 80 5F 2D 2A 49 F6 C1 2C 39 
	85 D5 E0 5A 4A 8D 50 AA FE EC 20 1F 7A 23 C2 A6 
	F0 97 52 2A 4F CC A6 0B E4 F4 5A B1 C4 DB 33 B2 
	4A 53 CC B2 9D 5E E3 BD 21 24 BA 50 D9 6B 98 58 
	2F D1 91 48 E6 61 03 23 B8 6B 52 46 F0 AF FD AA 
	ED 20 2C D6 B2 2D 84 0F 52 6B 99 F4 94 23 B2 89 
	C3 B2 78 B2 20 2A B1 1C F5 E5 6B 3F BF 53 61 FE 
	FC AC EE 0A 90 74 58 89 93 8D 8C AB E8 6C C6 D2 
	D0 5B F2 8D 2F 9F E5 D4 7D C7 1E 51 78 43 CA 6D 
	03 22 0D BE A9 79 73 44 2C 73 AA 18 9C 40 44 4D 
	23 0E 15 23 B8 AB 0F C5 1D 8F 21 7F 42 13 66 4E 
	61 9F 53 B3 E7 FA 30 ED D2 16 F5 3F A1 65 8F FA 
	E1 EF E9 46 F0 27 4E E2 79 17 AD A3 74 BD DD 2B 
	78 42 0D 5F 2E 51 8E 67 80 E1 57 D0 52 03 38 2C 
	61 0F E5 D5 C9 6F 7D A5 2B 82 0C FD 74 FD F6 B4 
	62 C9 A7 A7 EB 07 00 00 D7 09 7E E0 54 55 44 F1 
	52 ED 67 BA 56 9D 58 DF 32 AD 30 24 FD 96 78 0F 
	80 0F D5 AB C4 4F BB C6 3E 11 0D AE 29 42 37 4D 
	C7 C7 0B 2E CB 21 46 06 B3 F9 32 66 25 57 1F 8E 
	9E 54 D8 E6 62 3C D3 58 52 94 F3 06 CC BD 4B 06 
	47 78 95 40 4D 26 C6 E4 C6 38 E5 D2 41 16 96 36 
	7E 62 F8 9D 2A 98 32 2C 6B 56 08 A5 B9 80 E4 2B 
	9E 01 9C FC 62 A0 50 C4 10 A6 CD FC 36 80 7A A5 
	9C C3 23 55 B6 11 3C B9 73 A8 C2 40 E3 32 AA 27 
	3E A0 68 17 68 BD 14 F2 37 01 A5 15 D8 FF EB 69 
	49 9C 28 DA 4C 39 9F 14 93 AE D7 37 3A 9D C6 41 
	60 95 DA B0 B7 5D 8D 1D EF 3D 71 E0 D7 8D 35 4D 
	89 3C 55 F8 EC DE 48 6E 90 73 9D 7A C6 7C 5A 68 
	DE 1F FA CB 81 D4 8F B6 13 16 96 E3 5D C9 94 D6 
	89 F7 DA D0 65 A2 59 51 13 19 06 D7 46 20 E3 D8 
	43 6E 14 51 A4 B6 30 4D F0 C0 19 EC 1C 16 9B 83 
	CE 2F 87 BD E5 8F 42 28 D3 37 9A 28 57 3A 9F 45 
	86 51 0D FB 4D 1D 10 5E 3E DC 1A 5F D1 49 F0 20 
	83 78 5D AA 0D AE C1 B6 EC 1F 88 AA 61 36 45 E2 
	3F B6 9A 97 CB CD 2E 9E C8 2E 03 57 2A 0E 60 39 
	C2 8F 76 6E 53 B2 E5 1A 3E E0 CA 1D 4B 75 00 03 
	C3 7A 2A F3 3A DE A5 64 99 54 07 0D 4C 2A D5 00 
	F4 92 77 53 F6 D2 37 DB 99 66 43 61 45 71 77 9C 
	62 DA 06 50 F3 C4 A7 A5 76 8E 1E 54 C0 F8 6D 75 
	E1 54 54 01 C0 E2 5F 0C 87 13 1A 1E 61 AF 05 DD 
	0C 46 6B 2B 68 B4 D0 0C 3F 13 53 FC C1 EE F3 89 
	9D F4 B1 DE A1 D6 95 3A 03 DA 14 2A 74 11 DC 7B 
	90 9E CB 19 F5 77 03 3E 7F F0 D8 DD AB 99 DD C3 
	71 6B 78 EC 3C 2F E3 F0 C5 A7 7F 22 26 EE 48 2C 
	9D 07 44 A7 FC FD 09 CC 98 75 F2 9D 12 67 C0 89 
	3B 9D 9A 98 C3 C1 C1 72 6A 42 01 C6 27 45 31 
g_y (size 1120):
	27 B1 D6 35 A6 63 38 2D 99 E0 31 B3 E9 A5 D6 82 
	A0 95 45 04 93 56 AF 6F 13 54 DE D1 3E D2 9C 72 
	B6 BF 0A 88 A6 7C BA 4A D9 8A BB 6E A9 36 76 70 
	AC 76 C7 BC 8D B3 84 26 85 33 CD 87 1A B4 37 6A 
	BD 83 0D 75 C5 0B 19 4A 0A D4 61 38 86 04 CA D0 
	BE 91 8E 39 5E CB 5D 37 37 79 79 3D E7 20 DF 47 
	96 77 A3 8A 4B 4C 1D 73 D4 23 59 0F 2A 83 C3 D7 
	97 AE D1 CC E4 C3 A6 8E 15 78 29 2F 20 A0 97 EF 
	6F C2 C7 ED CA 15 6F 96 C8 49 5C 23 D2 42 29 74 
	82 A8 10 BE 0A 22 3B 84 66 2C EA EC 93 A4 77 96 
	3E 50 18 A7 FB AC 15 35 C1 0E 34 0E 1E EE BC 9F 
	4E F2 98 1B 8B 0D 5B 88 02 5E A1 82 CC CB 45 59 
	94 5F 7C D5 51 B3 1B 3D 29 5C B2 F7 E4 7E 1F 93 
	D4 81 46 8A E0 F0 B5 BF 20 EA A7 C4 C4 2B 45 AC 
	59 4B E9 DD 46 07 E9 9C 1D 7C 0F D2 E7 05 80 F7 
	74 C1 4F A8 30 ED 64 D2 F0 1E 70 69 1E BD 08 5F 
	7F 5B 8A CE 35 7C AE F3 20 CD 2F BB 72 1F 5C 44 
	F8 33 EC 7D 44 F2 E7 73 C9 E5 15 45 E7 8E 03 01 
	F5 C9 60 A2 89 72 DD F0 14 A4 30 8D 1A C6 0E F0 
	F7 2B FA 85 5C 7D 6D 8E 7A E8 2A 0E 47 5B FE FA 
	AC 02 61 9D 6A 3A 92 88 CF 10 95 E5 A8 52 EC 80 
	88 DA 2D ED 5F 57 A9 90 91 1F DF 1B D0 B6 37 40 
	06 52 17 CA DD E0 AC 00 2D D2 01 45 20 D7 39 C3 
	85 4C 02 B5 AE 73 47 18 6D EA 4B 04 88 24 D4 ED 
	68 89 49 D7 B4 B8 1A A0 1E 18 DD 33 91 5B 9E 13 
	00 3F 2D B1 80 5F 2D 2A 49 F6 C1 2C 39 85 D5 E0 
	5A 4A 8D 50 AA FE EC 20 1F 7A 23 C2 A6 F0 97 52 
	2A 4F CC A6 0B E4 F4 5A B1 C4 DB 33 B2 4A 53 CC 
	B2 9D 5E E3 BD 21 24 BA 50 D9 6B 98 58 2F D1 91 
	48 E6 61 03 23 B8 6B 52 46 F0 AF FD AA ED 20 2C 
	D6 B2 2D 84 0F 52 6B 99 F4 94 23 B2 89 C3 B2 78 
	B2 20 2A B1 1C F5 E5 6B 3F BF 53 61 FE FC AC EE 
	0A 90 74 58 89 93 8D 8C AB E8 6C C6 D2 D0 5B F2 
	8D 2F 9F E5 D4 7D C7 1E 51 78 43 CA 6D 03 22 0D 
	BE A9 79 73 44 2C 73 AA 18 9C 40 44 4D 23 0E 15 
	23 B8 AB 0F C5 1D 8F 21 7F 42 13 66 4E 61 9F 53 
	B3 E7 FA 30 ED D2 16 F5 3F A1 65 8F FA E1 EF E9 
	46 F0 27 4E E2 79 17 AD A3 74 BD DD 2B 78 42 0D 
	5F 2E 51 8E 67 80 E1 57 D0 52 03 38 2C 61 0F E5 
	D5 C9 6F 7D A5 2B 82 0C FD 74 FD F6 B4 62 C9 A7 
	A7 EB 07 00 00 D7 09 7E E0 54 55 44 F1 52 ED 67 
	BA 56 9D 58 DF 32 AD 30 24 FD 96 78 0F 80 0F D5 
	AB C4 4F BB C6 3E 11 0D AE 29 42 37 4D C7 C7 0B 
	2E CB 21 46 06 B3 F9 32 66 25 57 1F 8E 9E 54 D8 
	E6 62 3C D3 58 52 94 F3 06 CC BD 4B 06 47 78 95 
	40 4D 26 C6 E4 C6 38 E5 D2 41 16 96 36 7E 62 F8 
	9D 2A 98 32 2C 6B 56 08 A5 B9 80 E4 2B 9E 01 9C 
	FC 62 A0 50 C4 10 A6 CD FC 36 80 7A A5 9C C3 23 
	55 B6 11 3C B9 73 A8 C2 40 E3 32 AA 27 3E A0 68 
	17 68 BD 14 F2 37 01 A5 15 D8 FF EB 69 49 9C 28 
	DA 4C 39 9F 14 93 AE D7 37 3A 9D C6 41 60 95 DA 
	B0 B7 5D 8D 1D EF 3D 71 E0 D7 8D 35 4D 89 3C 55 
	F8 EC DE 48 6E 90 73 9D 7A C6 7C 5A 68 DE 1F FA 
	CB 81 D4 8F B6 13 16 96 E3 5D C9 94 D6 89 F7 DA 
	D0 65 A2 59 51 13 19 06 D7 46 20 E3 D8 43 6E 14 
	51 A4 B6 30 4D F0 C0 19 EC 1C 16 9B 83 CE 2F 87 
	BD E5 8F 42 28 D3 37 9A 28 57 3A 9F 45 86 51 0D 
	FB 4D 1D 10 5E 3E DC 1A 5F D1 49 F0 20 83 78 5D 
	AA 0D AE C1 B6 EC 1F 88 AA 61 36 45 E2 3F B6 9A 
	97 CB CD 2E 9E C8 2E 03 57 2A 0E 60 39 C2 8F 76 
	6E 53 B2 E5 1A 3E E0 CA 1D 4B 75 00 03 C3 7A 2A 
	F3 3A DE A5 64 99 54 07 0D 4C 2A D5 00 F4 92 77 
	53 F6 D2 37 DB 99 66 43 61 45 71 77 9C 62 DA 06 
	50 F3 C4 A7 A5 76 8E 1E 54 C0 F8 6D 75 E1 54 54 
	01 C0 E2 5F 0C 87 13 1A 1E 61 AF 05 DD 0C 46 6B 
	2B 68 B4 D0 0C 3F 13 53 FC C1 EE F3 89 9D F4 B1 
	DE A1 D6 95 3A 03 DA 14 2A 74 11 DC 7B 90 9E CB 
	19 F5 77 03 3E 7F F0 D8 DD AB 99 DD C3 71 6B 78 
	EC 3C 2F E3 F0 C5 A7 7F 22 26 EE 48 2C 9D 07 44 
	A7 FC FD 09 CC 98 75 F2 9D 12 67 C0 89 3B 9D 9A 
ciphertext2 (size 12):
	98 C3 C1 C1 72 6A 42 01 C6 27 45 31 
PQ/T Hybrid array foe g_xy_KEM
PQ/T Hybrid compute shared secret (Suit:-67)
x PQ/T  (size 2432):
	30 8A EE 3F ED 8C 9D 04 0D 35 A7 FC 1F A7 76 FB 
	31 30 38 33 AA 2D E8 85 35 4D DF 3D 44 D8 FB 69 
	DA 78 45 2A 29 88 85 2C 7D C7 14 BB 6B 8A 5E 4C 
	72 2B 41 38 4E 6D 72 38 E4 0A 4A 50 4A 9A 58 49 
	73 DE 59 11 F8 88 C2 D0 C3 C0 3F 79 19 49 8A 50 
	98 56 48 A4 68 BC 51 29 15 CA D6 3B 6B 16 62 4C 
	33 67 E2 31 7A 76 F7 7B 00 CD C3 1F C5 C2 B3 61 
	CB 5B 18 50 CA C1 A4 08 0C B4 19 27 4F FD 78 2B 
	EA BC 21 2F B0 73 E9 72 B6 07 E1 6F 07 60 CE E6 
	B0 50 8A 69 86 DE B2 AC 7C DB 9D E8 D3 21 70 E4 
	23 E6 26 51 DB B4 80 08 D1 37 A3 08 A7 B7 07 14 
	AC A4 20 CC 71 68 D3 B3 91 77 C6 76 34 A6 62 E1 
	EC C3 A1 8C 8F 9D F3 84 38 60 7A DC B0 A1 16 F6 
	39 3E 98 75 FF 98 B2 05 8A C6 BE A8 88 20 28 CA 
	07 31 23 BC 14 9C 08 0B 0C 6E EA 79 2F 14 8C 55 
	80 26 9F 0B 37 6B 84 15 D1 66 5D BF B9 5E 29 B4 
	23 C8 B8 16 E9 BC A1 F0 64 87 96 29 84 E5 12 79 
	27 38 92 C2 68 65 8E D3 5C C2 59 7F 24 1B 9E F4 
	21 79 6B A9 38 68 73 96 3C B8 A6 4E EB 2B 3C D2 
	B1 09 35 B8 BE B7 24 FA C6 3E F6 BC 30 D5 74 76 
	96 E5 79 80 A0 17 5D F0 46 42 48 62 30 2A A8 00 
	D6 4F 54 D9 88 BC 15 C7 80 D9 2B D6 19 20 47 12 
	A5 0A 01 96 21 F5 84 B0 3B 26 1D 52 99 A1 45 38 
	98 24 41 CE AC 35 2B 40 99 FC AB 91 6C BB 92 93 
	08 67 21 B4 34 7F 79 99 89 49 B1 FC 41 25 B1 D9 
	4A 04 59 31 55 3B 9C 27 E0 72 0E A7 94 F7 17 1C 
	D9 85 2E 9E 73 84 61 0C 9B B9 5C A6 0B 69 BD DD 
	F6 17 A0 21 4E B9 72 44 DE B4 99 B9 94 87 BD 73 
	95 29 B1 30 34 67 5E F1 72 62 AE 4B 65 2C 11 21 
	CC 46 21 F3 51 23 CE 88 7E 27 F3 92 12 39 96 F1 
	0B 01 E6 75 63 0D 69 52 25 1A 60 46 9C 95 45 BC 
	71 09 48 7A 90 09 7D 85 96 7C 92 B3 4C 20 07 89 
	B6 BC C4 F5 E3 B9 A3 A6 44 83 69 CF FF 54 96 F6 
	00 9D 2E 76 2F 38 5B 39 CA A6 AB 4A FC 1F AD 94 
	BE E7 37 A7 58 31 62 86 06 18 0F 1A 5B 71 C6 2B 
	82 BC 3B DA 16 2E D9 A4 27 EB 50 32 55 9A 95 8F 
	C2 A4 8F 54 0C DF C1 3C EA B5 C9 85 FB 45 9D 1B 
	61 63 F5 94 73 14 3E 85 EB 34 B0 76 21 EF 69 79 
	F9 4A 2C A5 55 26 E2 44 0C CC 9B 56 29 44 33 B1 
	A1 1D E1 B4 A4 C6 7A 06 99 82 3B C4 D5 61 89 77 
	57 1C DA 82 66 09 C2 2D D9 30 8E D0 16 1F 03 92 
	64 DB A0 2F 34 13 15 F9 7F FF 22 8E EF E8 40 9F 
	63 08 77 56 31 A2 B3 BD 1F 18 47 A5 18 87 76 C5 
	A3 98 05 18 A9 BB 43 0B E3 7D FC E6 6D 31 40 62 
	8C 3B 3E 45 3C CC 52 F7 BB A3 B5 81 05 E4 0D FB 
	E8 B4 F5 B6 16 1D AC 6C 03 60 87 A2 35 26 AC 19 
	C4 59 A9 9C 66 69 8A 41 2A 87 30 E4 72 2C 23 A4 
	68 03 58 2D 39 A4 14 5A B3 72 62 67 96 29 17 99 
	D7 8F 2A B2 2F 92 5A 54 BA 80 54 47 56 CF AC 14 
	32 3D 59 A2 9A A6 86 16 5B 33 05 68 C0 E7 93 4E 
	12 E8 24 6A 01 C4 88 69 1D 8E C0 B5 81 A2 9B 3C 
	58 79 89 F3 4E 5C 3C 1B 21 D8 8B EA 86 3D 72 64 
	3C 56 44 05 67 51 08 7D 97 6E 29 B8 57 F4 53 B9 
	4D 18 36 92 F7 93 0A B6 7E 39 E0 73 42 84 32 29 
	A8 45 7F D7 24 3A B7 AA 07 85 88 D2 D2 80 10 98 
	44 EA 97 83 E3 D6 49 00 79 B9 8F 25 68 8C 9C 76 
	47 3A AA 25 68 69 AB A6 B6 15 25 29 44 F1 5A F6 
	86 68 02 7B 52 28 81 5A 2E C8 7F 64 82 41 E2 59 
	8A AE 69 61 D7 FB 62 BD B8 07 13 80 73 33 DA 22 
	B6 54 5C F4 C0 5C DC B1 80 68 81 92 AF 42 62 98 
	14 48 85 C1 4D 8D D5 10 31 1C 3B 34 3B 02 FC 51 
	AC C3 32 2B 81 94 41 72 B1 AB D6 57 6E 5D 75 81 
	CF 59 03 43 0B 16 C8 1C 85 95 A1 74 BC C8 8F FC 
	05 B0 C9 D7 10 1F 76 21 0D 08 18 C6 86 4D B3 51 
	8C 5E 97 3E 4A 53 89 DC 78 A6 52 81 26 DD CC 70 
	A7 6C 72 B6 0C 19 DD 17 14 BA 0B AA 51 81 AC 48 
	33 86 BC 07 B9 8B F4 87 E9 E9 63 AD 02 91 F8 78 
	09 C0 51 6C 0B 78 7F E5 90 A1 A9 A7 A4 66 C7 1B 
	63 14 27 8D AB 42 68 EC 61 5A B4 4D BE A6 B8 EA 
	B2 04 B0 FA B3 F7 E8 82 95 CA 82 BF 2B CA 53 5A 
	45 5A FC 8D 65 3C A2 88 21 8E BF 78 72 C4 23 7F 
	A6 76 74 CC B7 8D 51 08 A3 68 F3 61 90 42 21 6A 
	8B 71 2A 95 26 23 19 76 A1 F4 3E DC 16 AC BF 85 
	4D D2 20 18 AD AB 0A 4F 66 BA F7 67 4A B7 C9 92 
	2D B1 53 0F 02 A0 81 8A A2 D3 F4 75 2D 07 05 10 
	09 4D 35 44 73 AC 6C 04 B7 6C 96 5E F3 02 43 76 
	4B 7E E1 A7 32 09 AA 04 6B 55 3D C7 B1 97 88 03 
	67 69 4B 3B 51 35 A4 53 80 FC 24 55 98 12 56 43 
	94 A5 C3 04 AD 65 79 18 D9 B2 39 61 34 85 80 C7 
	44 75 80 2E 66 E4 95 12 B7 11 78 3C 47 79 C6 02 
	F5 B9 7B 68 02 7A EC 2B 2C 74 EB 46 A6 AB 61 6A 
	40 8C 43 CB C2 CF A7 08 F0 9C B6 04 2B 71 9B 76 
	9A 55 97 41 C6 46 17 97 6A 2D 3F F8 C5 75 32 64 
	96 CB 1B AB E6 57 BC EA 6F F7 47 CA BE 33 73 B0 
	1C C5 C1 E9 32 5F A4 4D 03 07 C3 EF 03 BB CC EB 
	7F 27 A3 90 15 F0 81 8D 59 B8 EB 90 55 80 E4 50 
	C2 A7 78 26 CC A4 2C 4B C9 3D 69 76 AD 85 75 23 
	8A 4D 83 02 4C A7 73 98 0E A1 73 54 89 49 7F 62 
	0F 97 9C 50 AF 39 07 27 46 4F B1 C8 19 2F 82 6D 
	1B E5 6B CD 81 C1 DB C4 8E AA 94 88 23 74 8D 0E 
	43 34 45 21 42 C8 49 79 49 5C 1B A9 39 4C B0 B7 
	A4 5A 64 2A B8 BA 54 A0 71 38 DC D3 A6 FB E9 0C 
	CC B9 09 26 3C 40 0E A0 64 26 01 72 37 83 29 6C 
	E7 42 54 5A CA F1 03 94 77 E1 39 44 5C 2A EA 90 
	CD E8 98 9C 97 47 98 C2 24 99 92 95 0C 04 CB 38 
	77 33 37 36 06 B0 2C D6 6D DF 96 C9 9A 7A A0 40 
	0A 21 6B 3B 3C 94 AB 59 78 94 B6 59 76 0F 0D 33 
	B9 67 3C 0C F5 11 C3 28 75 18 91 8C 68 B3 70 76 
	43 D9 08 D6 35 31 5F 25 26 EC 83 A7 2F 13 6A 79 
	A0 40 3A 44 0E F9 10 06 9D 49 81 D8 32 B8 C8 C8 
	8D FB 43 46 EE 69 9A 80 83 AC 39 B3 AD 5E 4C 69 
	4A E8 B3 00 A9 C1 B7 B5 3A EE F4 05 E5 D6 01 F2 
	A9 19 EF A7 6D 1D 23 3E 7D B1 9A 02 CC 42 89 56 
	26 76 B7 A1 E5 E6 70 51 D1 43 FC 3B 08 EE 13 2D 
	B3 A3 B0 F0 86 07 74 33 AB 72 7B 92 35 73 6B F2 
	A9 93 55 A8 05 BA CA 04 01 9B 74 51 58 C7 0C 69 
	3E 39 91 7F 15 90 0E 6B 8C C7 BB D8 44 17 79 0B 
	7F 85 3B AB 81 AA 50 FA AC 83 28 97 61 33 42 94 
	B0 07 C0 80 54 85 F8 16 C5 A7 99 F5 D1 94 D3 08 
	65 6B F7 03 23 D6 59 21 64 12 E2 42 14 52 2A 83 
	C5 93 85 3C 1A 1E 89 72 43 F1 98 04 A9 5B 2B 39 
	B6 5F 19 46 62 90 5C BB 1F 18 4E 5E 3C C2 2D 85 
	0E 78 73 AD 46 EA BB 7B 1C CD 34 73 4A 13 A8 81 
	0B BC B7 5B 31 CE 79 C9 91 80 12 BB 80 68 0C 36 
	AB 2C 9F 23 45 A5 DC BC 40 94 3E 93 CA 03 96 08 
	02 63 A0 83 D8 24 9B B4 18 20 55 2B 68 A3 30 CC 
	11 A7 9C B9 71 02 47 44 AC FA 01 C8 06 8A 5E 44 
	48 A8 C0 D4 18 1A 07 83 87 80 6A 55 1B CE 21 D0 
	22 A6 F4 C7 3C 90 3E 58 3C 1F A5 AB 1C 02 3A C2 
	C4 DC B0 CF 69 01 E5 16 4D 98 0B B3 49 66 0C B0 
	1B 8C 61 BB 5F 74 76 48 C4 24 1F BF C2 44 5A A0 
	AA B6 01 5C 0D 04 5B FA 7A 3A 28 76 7A 42 30 07 
	F5 01 03 6A F4 61 4B 65 0E 6B E8 AC D7 88 2F 2E 
	AB 7E 87 73 58 A4 CB 44 83 E6 86 32 09 7A 0C 13 
	6B EE 8A 07 46 31 B1 58 95 CF 62 01 B1 1D B1 68 
	7D A7 55 4B 6B 11 99 83 C4 38 63 B1 B8 32 C8 D7 
	D2 90 FB 32 42 C8 40 62 1E 8A 68 45 2B 91 09 A3 
	34 9B 5A 9F 53 00 CB 4B 06 02 0D 31 1F ED E0 05 
	96 D7 41 E1 00 0D 74 B6 A4 99 68 66 E5 B3 15 A5 
	E6 4E A6 24 21 80 89 60 8D DC 30 23 A9 69 EF B8 
	63 06 DB 14 2E F3 1D 3B 4B 99 F9 BC 5E E8 CC 01 
	11 A9 51 AE CA C2 21 04 3D C2 2B AB DF 1B 43 97 
	21 48 B2 F0 3E 09 24 07 0D F1 2B D6 CA 79 25 68 
	BB 19 C0 44 15 43 2A E0 27 5D 62 42 BE D1 C4 4E 
	DF E4 31 E4 71 2A A2 7B 21 F2 55 36 11 74 09 24 
	53 B5 C0 20 C5 21 E1 18 00 B5 C2 89 29 53 0D B8 
	86 C6 56 3D B2 63 B2 3B 6C 81 81 90 1F EE E8 70 
	4B 48 2A 66 61 C3 51 58 BB 54 02 9A 84 E2 19 62 
	CC C8 5A 2B 13 C4 E5 92 7B 25 35 25 9C B8 E4 D8 
	03 E9 6A 9E 15 98 26 E5 BC 26 49 1C C1 9A 81 6A 
	FB EA B9 65 09 62 3B 64 64 3D 05 67 D8 25 2E 9D 
	04 90 57 00 4D F2 62 68 81 03 2B 06 09 22 B2 43 
	91 5A 27 5D 65 72 16 24 BC 7B 33 DB 65 77 2C 10 
	40 90 5D 4B 00 8D 54 34 12 44 D9 2F F9 CB AF 1D 
	9C 7C 63 73 8E 51 F7 9C 02 76 25 D5 86 0F EF A7 
	3A BB 42 64 49 35 8B 22 2B 32 6E B4 1D 4A 39 1F 
	33 84 67 18 0D E8 E7 F1 18 8A 4D FE CC 35 B6 3E 
	F8 3E CB 2D 8A F9 32 28 41 3A 8E 90 06 DA 37 81 
	36 2F C2 1B 75 F9 0B D5 3F A7 2F 2D 0F 22 0A 05 
	87 35 3F 0F BD 94 75 40 6D D7 E6 88 43 23 C9 85 
	EE 51 A0 71 8B B0 EE 21 55 55 C8 47 28 85 2D A6 
	29 63 54 C4 9A 5B 29 03 BD 36 88 05 79 C0 72 72 
gy PQ/T (size 1120):
	27 B1 D6 35 A6 63 38 2D 99 E0 31 B3 E9 A5 D6 82 
	A0 95 45 04 93 56 AF 6F 13 54 DE D1 3E D2 9C 72 
	B6 BF 0A 88 A6 7C BA 4A D9 8A BB 6E A9 36 76 70 
	AC 76 C7 BC 8D B3 84 26 85 33 CD 87 1A B4 37 6A 
	BD 83 0D 75 C5 0B 19 4A 0A D4 61 38 86 04 CA D0 
	BE 91 8E 39 5E CB 5D 37 37 79 79 3D E7 20 DF 47 
	96 77 A3 8A 4B 4C 1D 73 D4 23 59 0F 2A 83 C3 D7 
	97 AE D1 CC E4 C3 A6 8E 15 78 29 2F 20 A0 97 EF 
	6F C2 C7 ED CA 15 6F 96 C8 49 5C 23 D2 42 29 74 
	82 A8 10 BE 0A 22 3B 84 66 2C EA EC 93 A4 77 96 
	3E 50 18 A7 FB AC 15 35 C1 0E 34 0E 1E EE BC 9F 
	4E F2 98 1B 8B 0D 5B 88 02 5E A1 82 CC CB 45 59 
	94 5F 7C D5 51 B3 1B 3D 29 5C B2 F7 E4 7E 1F 93 
	D4 81 46 8A E0 F0 B5 BF 20 EA A7 C4 C4 2B 45 AC 
	59 4B E9 DD 46 07 E9 9C 1D 7C 0F D2 E7 05 80 F7 
	74 C1 4F A8 30 ED 64 D2 F0 1E 70 69 1E BD 08 5F 
	7F 5B 8A CE 35 7C AE F3 20 CD 2F BB 72 1F 5C 44 
	F8 33 EC 7D 44 F2 E7 73 C9 E5 15 45 E7 8E 03 01 
	F5 C9 60 A2 89 72 DD F0 14 A4 30 8D 1A C6 0E F0 
	F7 2B FA 85 5C 7D 6D 8E 7A E8 2A 0E 47 5B FE FA 
	AC 02 61 9D 6A 3A 92 88 CF 10 95 E5 A8 52 EC 80 
	88 DA 2D ED 5F 57 A9 90 91 1F DF 1B D0 B6 37 40 
	06 52 17 CA DD E0 AC 00 2D D2 01 45 20 D7 39 C3 
	85 4C 02 B5 AE 73 47 18 6D EA 4B 04 88 24 D4 ED 
	68 89 49 D7 B4 B8 1A A0 1E 18 DD 33 91 5B 9E 13 
	00 3F 2D B1 80 5F 2D 2A 49 F6 C1 2C 39 85 D5 E0 
	5A 4A 8D 50 AA FE EC 20 1F 7A 23 C2 A6 F0 97 52 
	2A 4F CC A6 0B E4 F4 5A B1 C4 DB 33 B2 4A 53 CC 
	B2 9D 5E E3 BD 21 24 BA 50 D9 6B 98 58 2F D1 91 
	48 E6 61 03 23 B8 6B 52 46 F0 AF FD AA ED 20 2C 
	D6 B2 2D 84 0F 52 6B 99 F4 94 23 B2 89 C3 B2 78 
	B2 20 2A B1 1C F5 E5 6B 3F BF 53 61 FE FC AC EE 
	0A 90 74 58 89 93 8D 8C AB E8 6C C6 D2 D0 5B F2 
	8D 2F 9F E5 D4 7D C7 1E 51 78 43 CA 6D 03 22 0D 
	BE A9 79 73 44 2C 73 AA 18 9C 40 44 4D 23 0E 15 
	23 B8 AB 0F C5 1D 8F 21 7F 42 13 66 4E 61 9F 53 
	B3 E7 FA 30 ED D2 16 F5 3F A1 65 8F FA E1 EF E9 
	46 F0 27 4E E2 79 17 AD A3 74 BD DD 2B 78 42 0D 
	5F 2E 51 8E 67 80 E1 57 D0 52 03 38 2C 61 0F E5 
	D5 C9 6F 7D A5 2B 82 0C FD 74 FD F6 B4 62 C9 A7 
	A7 EB 07 00 00 D7 09 7E E0 54 55 44 F1 52 ED 67 
	BA 56 9D 58 DF 32 AD 30 24 FD 96 78 0F 80 0F D5 
	AB C4 4F BB C6 3E 11 0D AE 29 42 37 4D C7 C7 0B 
	2E CB 21 46 06 B3 F9 32 66 25 57 1F 8E 9E 54 D8 
	E6 62 3C D3 58 52 94 F3 06 CC BD 4B 06 47 78 95 
	40 4D 26 C6 E4 C6 38 E5 D2 41 16 96 36 7E 62 F8 
	9D 2A 98 32 2C 6B 56 08 A5 B9 80 E4 2B 9E 01 9C 
	FC 62 A0 50 C4 10 A6 CD FC 36 80 7A A5 9C C3 23 
	55 B6 11 3C B9 73 A8 C2 40 E3 32 AA 27 3E A0 68 
	17 68 BD 14 F2 37 01 A5 15 D8 FF EB 69 49 9C 28 
	DA 4C 39 9F 14 93 AE D7 37 3A 9D C6 41 60 95 DA 
	B0 B7 5D 8D 1D EF 3D 71 E0 D7 8D 35 4D 89 3C 55 
	F8 EC DE 48 6E 90 73 9D 7A C6 7C 5A 68 DE 1F FA 
	CB 81 D4 8F B6 13 16 96 E3 5D C9 94 D6 89 F7 DA 
	D0 65 A2 59 51 13 19 06 D7 46 20 E3 D8 43 6E 14 
	51 A4 B6 30 4D F0 C0 19 EC 1C 16 9B 83 CE 2F 87 
	BD E5 8F 42 28 D3 37 9A 28 57 3A 9F 45 86 51 0D 
	FB 4D 1D 10 5E 3E DC 1A 5F D1 49 F0 20 83 78 5D 
	AA 0D AE C1 B6 EC 1F 88 AA 61 36 45 E2 3F B6 9A 
	97 CB CD 2E 9E C8 2E 03 57 2A 0E 60 39 C2 8F 76 
	6E 53 B2 E5 1A 3E E0 CA 1D 4B 75 00 03 C3 7A 2A 
	F3 3A DE A5 64 99 54 07 0D 4C 2A D5 00 F4 92 77 
	53 F6 D2 37 DB 99 66 43 61 45 71 77 9C 62 DA 06 
	50 F3 C4 A7 A5 76 8E 1E 54 C0 F8 6D 75 E1 54 54 
	01 C0 E2 5F 0C 87 13 1A 1E 61 AF 05 DD 0C 46 6B 
	2B 68 B4 D0 0C 3F 13 53 FC C1 EE F3 89 9D F4 B1 
	DE A1 D6 95 3A 03 DA 14 2A 74 11 DC 7B 90 9E CB 
	19 F5 77 03 3E 7F F0 D8 DD AB 99 DD C3 71 6B 78 
	EC 3C 2F E3 F0 C5 A7 7F 22 26 EE 48 2C 9D 07 44 
	A7 FC FD 09 CC 98 75 F2 9D 12 67 C0 89 3B 9D 9A 
x DH  (size 32):
	30 8A EE 3F ED 8C 9D 04 0D 35 A7 FC 1F A7 76 FB 
	31 30 38 33 AA 2D E8 85 35 4D DF 3D 44 D8 FB 69 
gy DH (size 32):
	27 B1 D6 35 A6 63 38 2D 99 E0 31 B3 E9 A5 D6 82 
	A0 95 45 04 93 56 AF 6F 13 54 DE D1 3E D2 9C 72 
SHARED SECRET DERIVE
G_XY (ECDH shared secret)  (size 32):
	23 42 DA 3A 44 A9 28 77 02 7E D4 DE 6D 1E 8E A1 
	6A 64 F6 60 1A CF 0D 09 79 E2 32 07 86 54 F8 6D 
KEM decapsulation
x KEM  (size 2400):
	DA 78 45 2A 29 88 85 2C 7D C7 14 BB 6B 8A 5E 4C 
	72 2B 41 38 4E 6D 72 38 E4 0A 4A 50 4A 9A 58 49 
	73 DE 59 11 F8 88 C2 D0 C3 C0 3F 79 19 49 8A 50 
	98 56 48 A4 68 BC 51 29 15 CA D6 3B 6B 16 62 4C 
	33 67 E2 31 7A 76 F7 7B 00 CD C3 1F C5 C2 B3 61 
	CB 5B 18 50 CA C1 A4 08 0C B4 19 27 4F FD 78 2B 
	EA BC 21 2F B0 73 E9 72 B6 07 E1 6F 07 60 CE E6 
	B0 50 8A 69 86 DE B2 AC 7C DB 9D E8 D3 21 70 E4 
	23 E6 26 51 DB B4 80 08 D1 37 A3 08 A7 B7 07 14 
	AC A4 20 CC 71 68 D3 B3 91 77 C6 76 34 A6 62 E1 
	EC C3 A1 8C 8F 9D F3 84 38 60 7A DC B0 A1 16 F6 
	39 3E 98 75 FF 98 B2 05 8A C6 BE A8 88 20 28 CA 
	07 31 23 BC 14 9C 08 0B 0C 6E EA 79 2F 14 8C 55 
	80 26 9F 0B 37 6B 84 15 D1 66 5D BF B9 5E 29 B4 
	23 C8 B8 16 E9 BC A1 F0 64 87 96 29 84 E5 12 79 
	27 38 92 C2 68 65 8E D3 5C C2 59 7F 24 1B 9E F4 
	21 79 6B A9 38 68 73 96 3C B8 A6 4E EB 2B 3C D2 
	B1 09 35 B8 BE B7 24 FA C6 3E F6 BC 30 D5 74 76 
	96 E5 79 80 A0 17 5D F0 46 42 48 62 30 2A A8 00 
	D6 4F 54 D9 88 BC 15 C7 80 D9 2B D6 19 20 47 12 
	A5 0A 01 96 21 F5 84 B0 3B 26 1D 52 99 A1 45 38 
	98 24 41 CE AC 35 2B 40 99 FC AB 91 6C BB 92 93 
	08 67 21 B4 34 7F 79 99 89 49 B1 FC 41 25 B1 D9 
	4A 04 59 31 55 3B 9C 27 E0 72 0E A7 94 F7 17 1C 
	D9 85 2E 9E 73 84 61 0C 9B B9 5C A6 0B 69 BD DD 
	F6 17 A0 21 4E B9 72 44 DE B4 99 B9 94 87 BD 73 
	95 29 B1 30 34 67 5E F1 72 62 AE 4B 65 2C 11 21 
	CC 46 21 F3 51 23 CE 88 7E 27 F3 92 12 39 96 F1 
	0B 01 E6 75 63 0D 69 52 25 1A 60 46 9C 95 45 BC 
	71 09 48 7A 90 09 7D 85 96 7C 92 B3 4C 20 07 89 
	B6 BC C4 F5 E3 B9 A3 A6 44 83 69 CF FF 54 96 F6 
	00 9D 2E 76 2F 38 5B 39 CA A6 AB 4A FC 1F AD 94 
	BE E7 37 A7 58 31 62 86 06 18 0F 1A 5B 71 C6 2B 
	82 BC 3B DA 16 2E D9 A4 27 EB 50 32 55 9A 95 8F 
	C2 A4 8F 54 0C DF C1 3C EA B5 C9 85 FB 45 9D 1B 
	61 63 F5 94 73 14 3E 85 EB 34 B0 76 21 EF 69 79 
	F9 4A 2C A5 55 26 E2 44 0C CC 9B 56 29 44 33 B1 
	A1 1D E1 B4 A4 C6 7A 06 99 82 3B C4 D5 61 89 77 
	57 1C DA 82 66 09 C2 2D D9 30 8E D0 16 1F 03 92 
	64 DB A0 2F 34 13 15 F9 7F FF 22 8E EF E8 40 9F 
	63 08 77 56 31 A2 B3 BD 1F 18 47 A5 18 87 76 C5 
	A3 98 05 18 A9 BB 43 0B E3 7D FC E6 6D 31 40 62 
	8C 3B 3E 45 3C CC 52 F7 BB A3 B5 81 05 E4 0D FB 
	E8 B4 F5 B6 16 1D AC 6C 03 60 87 A2 35 26 AC 19 
	C4 59 A9 9C 66 69 8A 41 2A 87 30 E4 72 2C 23 A4 
	68 03 58 2D 39 A4 14 5A B3 72 62 67 96 29 17 99 
	D7 8F 2A B2 2F 92 5A 54 BA 80 54 47 56 CF AC 14 
	32 3D 59 A2 9A A6 86 16 5B 33 05 68 C0 E7 93 4E 
	12 E8 24 6A 01 C4 88 69 1D 8E C0 B5 81 A2 9B 3C 
	58 79 89 F3 4E 5C 3C 1B 21 D8 8B EA 86 3D 72 64 
	3C 56 44 05 67 51 08 7D 97 6E 29 B8 57 F4 53 B9 
	4D 18 36 92 F7 93 0A B6 7E 39 E0 73 42 84 32 29 
	A8 45 7F D7 24 3A B7 AA 07 85 88 D2 D2 80 10 98 
	44 EA 97 83 E3 D6 49 00 79 B9 8F 25 68 8C 9C 76 
	47 3A AA 25 68 69 AB A6 B6 15 25 29 44 F1 5A F6 
	86 68 02 7B 52 28 81 5A 2E C8 7F 64 82 41 E2 59 
	8A AE 69 61 D7 FB 62 BD B8 07 13 80 73 33 DA 22 
	B6 54 5C F4 C0 5C DC B1 80 68 81 92 AF 42 62 98 
	14 48 85 C1 4D 8D D5 10 31 1C 3B 34 3B 02 FC 51 
	AC C3 32 2B 81 94 41 72 B1 AB D6 57 6E 5D 75 81 
	CF 59 03 43 0B 16 C8 1C 85 95 A1 74 BC C8 8F FC 
	05 B0 C9 D7 10 1F 76 21 0D 08 18 C6 86 4D B3 51 
	8C 5E 97 3E 4A 53 89 DC 78 A6 52 81 26 DD CC 70 
	A7 6C 72 B6 0C 19 DD 17 14 BA 0B AA 51 81 AC 48 
	33 86 BC 07 B9 8B F4 87 E9 E9 63 AD 02 91 F8 78 
	09 C0 51 6C 0B 78 7F E5 90 A1 A9 A7 A4 66 C7 1B 
	63 14 27 8D AB 42 68 EC 61 5A B4 4D BE A6 B8 EA 
	B2 04 B0 FA B3 F7 E8 82 95 CA 82 BF 2B CA 53 5A 
	45 5A FC 8D 65 3C A2 88 21 8E BF 78 72 C4 23 7F 
	A6 76 74 CC B7 8D 51 08 A3 68 F3 61 90 42 21 6A 
	8B 71 2A 95 26 23 19 76 A1 F4 3E DC 16 AC BF 85 
	4D D2 20 18 AD AB 0A 4F 66 BA F7 67 4A B7 C9 92 
	2D B1 53 0F 02 A0 81 8A A2 D3 F4 75 2D 07 05 10 
	09 4D 35 44 73 AC 6C 04 B7 6C 96 5E F3 02 43 76 
	4B 7E E1 A7 32 09 AA 04 6B 55 3D C7 B1 97 88 03 
	67 69 4B 3B 51 35 A4 53 80 FC 24 55 98 12 56 43 
	94 A5 C3 04 AD 65 79 18 D9 B2 39 61 34 85 80 C7 
	44 75 80 2E 66 E4 95 12 B7 11 78 3C 47 79 C6 02 
	F5 B9 7B 68 02 7A EC 2B 2C 74 EB 46 A6 AB 61 6A 
	40 8C 43 CB C2 CF A7 08 F0 9C B6 04 2B 71 9B 76 
	9A 55 97 41 C6 46 17 97 6A 2D 3F F8 C5 75 32 64 
	96 CB 1B AB E6 57 BC EA 6F F7 47 CA BE 33 73 B0 
	1C C5 C1 E9 32 5F A4 4D 03 07 C3 EF 03 BB CC EB 
	7F 27 A3 90 15 F0 81 8D 59 B8 EB 90 55 80 E4 50 
	C2 A7 78 26 CC A4 2C 4B C9 3D 69 76 AD 85 75 23 
	8A 4D 83 02 4C A7 73 98 0E A1 73 54 89 49 7F 62 
	0F 97 9C 50 AF 39 07 27 46 4F B1 C8 19 2F 82 6D 
	1B E5 6B CD 81 C1 DB C4 8E AA 94 88 23 74 8D 0E 
	43 34 45 21 42 C8 49 79 49 5C 1B A9 39 4C B0 B7 
	A4 5A 64 2A B8 BA 54 A0 71 38 DC D3 A6 FB E9 0C 
	CC B9 09 26 3C 40 0E A0 64 26 01 72 37 83 29 6C 
	E7 42 54 5A CA F1 03 94 77 E1 39 44 5C 2A EA 90 
	CD E8 98 9C 97 47 98 C2 24 99 92 95 0C 04 CB 38 
	77 33 37 36 06 B0 2C D6 6D DF 96 C9 9A 7A A0 40 
	0A 21 6B 3B 3C 94 AB 59 78 94 B6 59 76 0F 0D 33 
	B9 67 3C 0C F5 11 C3 28 75 18 91 8C 68 B3 70 76 
	43 D9 08 D6 35 31 5F 25 26 EC 83 A7 2F 13 6A 79 
	A0 40 3A 44 0E F9 10 06 9D 49 81 D8 32 B8 C8 C8 
	8D FB 43 46 EE 69 9A 80 83 AC 39 B3 AD 5E 4C 69 
	4A E8 B3 00 A9 C1 B7 B5 3A EE F4 05 E5 D6 01 F2 
	A9 19 EF A7 6D 1D 23 3E 7D B1 9A 02 CC 42 89 56 
	26 76 B7 A1 E5 E6 70 51 D1 43 FC 3B 08 EE 13 2D 
	B3 A3 B0 F0 86 07 74 33 AB 72 7B 92 35 73 6B F2 
	A9 93 55 A8 05 BA CA 04 01 9B 74 51 58 C7 0C 69 
	3E 39 91 7F 15 90 0E 6B 8C C7 BB D8 44 17 79 0B 
	7F 85 3B AB 81 AA 50 FA AC 83 28 97 61 33 42 94 
	B0 07 C0 80 54 85 F8 16 C5 A7 99 F5 D1 94 D3 08 
	65 6B F7 03 23 D6 59 21 64 12 E2 42 14 52 2A 83 
	C5 93 85 3C 1A 1E 89 72 43 F1 98 04 A9 5B 2B 39 
	B6 5F 19 46 62 90 5C BB 1F 18 4E 5E 3C C2 2D 85 
	0E 78 73 AD 46 EA BB 7B 1C CD 34 73 4A 13 A8 81 
	0B BC B7 5B 31 CE 79 C9 91 80 12 BB 80 68 0C 36 
	AB 2C 9F 23 45 A5 DC BC 40 94 3E 93 CA 03 96 08 
	02 63 A0 83 D8 24 9B B4 18 20 55 2B 68 A3 30 CC 
	11 A7 9C B9 71 02 47 44 AC FA 01 C8 06 8A 5E 44 
	48 A8 C0 D4 18 1A 07 83 87 80 6A 55 1B CE 21 D0 
	22 A6 F4 C7 3C 90 3E 58 3C 1F A5 AB 1C 02 3A C2 
	C4 DC B0 CF 69 01 E5 16 4D 98 0B B3 49 66 0C B0 
	1B 8C 61 BB 5F 74 76 48 C4 24 1F BF C2 44 5A A0 
	AA B6 01 5C 0D 04 5B FA 7A 3A 28 76 7A 42 30 07 
	F5 01 03 6A F4 61 4B 65 0E 6B E8 AC D7 88 2F 2E 
	AB 7E 87 73 58 A4 CB 44 83 E6 86 32 09 7A 0C 13 
	6B EE 8A 07 46 31 B1 58 95 CF 62 01 B1 1D B1 68 
	7D A7 55 4B 6B 11 99 83 C4 38 63 B1 B8 32 C8 D7 
	D2 90 FB 32 42 C8 40 62 1E 8A 68 45 2B 91 09 A3 
	34 9B 5A 9F 53 00 CB 4B 06 02 0D 31 1F ED E0 05 
	96 D7 41 E1 00 0D 74 B6 A4 99 68 66 E5 B3 15 A5 
	E6 4E A6 24 21 80 89 60 8D DC 30 23 A9 69 EF B8 
	63 06 DB 14 2E F3 1D 3B 4B 99 F9 BC 5E E8 CC 01 
	11 A9 51 AE CA C2 21 04 3D C2 2B AB DF 1B 43 97 
	21 48 B2 F0 3E 09 24 07 0D F1 2B D6 CA 79 25 68 
	BB 19 C0 44 15 43 2A E0 27 5D 62 42 BE D1 C4 4E 
	DF E4 31 E4 71 2A A2 7B 21 F2 55 36 11 74 09 24 
	53 B5 C0 20 C5 21 E1 18 00 B5 C2 89 29 53 0D B8 
	86 C6 56 3D B2 63 B2 3B 6C 81 81 90 1F EE E8 70 
	4B 48 2A 66 61 C3 51 58 BB 54 02 9A 84 E2 19 62 
	CC C8 5A 2B 13 C4 E5 92 7B 25 35 25 9C B8 E4 D8 
	03 E9 6A 9E 15 98 26 E5 BC 26 49 1C C1 9A 81 6A 
	FB EA B9 65 09 62 3B 64 64 3D 05 67 D8 25 2E 9D 
	04 90 57 00 4D F2 62 68 81 03 2B 06 09 22 B2 43 
	91 5A 27 5D 65 72 16 24 BC 7B 33 DB 65 77 2C 10 
	40 90 5D 4B 00 8D 54 34 12 44 D9 2F F9 CB AF 1D 
	9C 7C 63 73 8E 51 F7 9C 02 76 25 D5 86 0F EF A7 
	3A BB 42 64 49 35 8B 22 2B 32 6E B4 1D 4A 39 1F 
	33 84 67 18 0D E8 E7 F1 18 8A 4D FE CC 35 B6 3E 
	F8 3E CB 2D 8A F9 32 28 41 3A 8E 90 06 DA 37 81 
	36 2F C2 1B 75 F9 0B D5 3F A7 2F 2D 0F 22 0A 05 
	87 35 3F 0F BD 94 75 40 6D D7 E6 88 43 23 C9 85 
	EE 51 A0 71 8B B0 EE 21 55 55 C8 47 28 85 2D A6 
	29 63 54 C4 9A 5B 29 03 BD 36 88 05 79 C0 72 72 
gy KEM: (PQ CC) (size 1088):
	B6 BF 0A 88 A6 7C BA 4A D9 8A BB 6E A9 36 76 70 
	AC 76 C7 BC 8D B3 84 26 85 33 CD 87 1A B4 37 6A 
	BD 83 0D 75 C5 0B 19 4A 0A D4 61 38 86 04 CA D0 
	BE 91 8E 39 5E CB 5D 37 37 79 79 3D E7 20 DF 47 
	96 77 A3 8A 4B 4C 1D 73 D4 23 59 0F 2A 83 C3 D7 
	97 AE D1 CC E4 C3 A6 8E 15 78 29 2F 20 A0 97 EF 
	6F C2 C7 ED CA 15 6F 96 C8 49 5C 23 D2 42 29 74 
	82 A8 10 BE 0A 22 3B 84 66 2C EA EC 93 A4 77 96 
	3E 50 18 A7 FB AC 15 35 C1 0E 34 0E 1E EE BC 9F 
	4E F2 98 1B 8B 0D 5B 88 02 5E A1 82 CC CB 45 59 
	94 5F 7C D5 51 B3 1B 3D 29 5C B2 F7 E4 7E 1F 93 
	D4 81 46 8A E0 F0 B5 BF 20 EA A7 C4 C4 2B 45 AC 
	59 4B E9 DD 46 07 E9 9C 1D 7C 0F D2 E7 05 80 F7 
	74 C1 4F A8 30 ED 64 D2 F0 1E 70 69 1E BD 08 5F 
	7F 5B 8A CE 35 7C AE F3 20 CD 2F BB 72 1F 5C 44 
	F8 33 EC 7D 44 F2 E7 73 C9 E5 15 45 E7 8E 03 01 
	F5 C9 60 A2 89 72 DD F0 14 A4 30 8D 1A C6 0E F0 
	F7 2B FA 85 5C 7D 6D 8E 7A E8 2A 0E 47 5B FE FA 
	AC 02 61 9D 6A 3A 92 88 CF 10 95 E5 A8 52 EC 80 
	88 DA 2D ED 5F 57 A9 90 91 1F DF 1B D0 B6 37 40 
	06 52 17 CA DD E0 AC 00 2D D2 01 45 20 D7 39 C3 
	85 4C 02 B5 AE 73 47 18 6D EA 4B 04 88 24 D4 ED 
	68 89 49 D7 B4 B8 1A A0 1E 18 DD 33 91 5B 9E 13 
	00 3F 2D B1 80 5F 2D 2A 49 F6 C1 2C 39 85 D5 E0 
	5A 4A 8D 50 AA FE EC 20 1F 7A 23 C2 A6 F0 97 52 
	2A 4F CC A6 0B E4 F4 5A B1 C4 DB 33 B2 4A 53 CC 
	B2 9D 5E E3 BD 21 24 BA 50 D9 6B 98 58 2F D1 91 
	48 E6 61 03 23 B8 6B 52 46 F0 AF FD AA ED 20 2C 
	D6 B2 2D 84 0F 52 6B 99 F4 94 23 B2 89 C3 B2 78 
	B2 20 2A B1 1C F5 E5 6B 3F BF 53 61 FE FC AC EE 
	0A 90 74 58 89 93 8D 8C AB E8 6C C6 D2 D0 5B F2 
	8D 2F 9F E5 D4 7D C7 1E 51 78 43 CA 6D 03 22 0D 
	BE A9 79 73 44 2C 73 AA 18 9C 40 44 4D 23 0E 15 
	23 B8 AB 0F C5 1D 8F 21 7F 42 13 66 4E 61 9F 53 
	B3 E7 FA 30 ED D2 16 F5 3F A1 65 8F FA E1 EF E9 
	46 F0 27 4E E2 79 17 AD A3 74 BD DD 2B 78 42 0D 
	5F 2E 51 8E 67 80 E1 57 D0 52 03 38 2C 61 0F E5 
	D5 C9 6F 7D A5 2B 82 0C FD 74 FD F6 B4 62 C9 A7 
	A7 EB 07 00 00 D7 09 7E E0 54 55 44 F1 52 ED 67 
	BA 56 9D 58 DF 32 AD 30 24 FD 96 78 0F 80 0F D5 
	AB C4 4F BB C6 3E 11 0D AE 29 42 37 4D C7 C7 0B 
	2E CB 21 46 06 B3 F9 32 66 25 57 1F 8E 9E 54 D8 
	E6 62 3C D3 58 52 94 F3 06 CC BD 4B 06 47 78 95 
	40 4D 26 C6 E4 C6 38 E5 D2 41 16 96 36 7E 62 F8 
	9D 2A 98 32 2C 6B 56 08 A5 B9 80 E4 2B 9E 01 9C 
	FC 62 A0 50 C4 10 A6 CD FC 36 80 7A A5 9C C3 23 
	55 B6 11 3C B9 73 A8 C2 40 E3 32 AA 27 3E A0 68 
	17 68 BD 14 F2 37 01 A5 15 D8 FF EB 69 49 9C 28 
	DA 4C 39 9F 14 93 AE D7 37 3A 9D C6 41 60 95 DA 
	B0 B7 5D 8D 1D EF 3D 71 E0 D7 8D 35 4D 89 3C 55 
	F8 EC DE 48 6E 90 73 9D 7A C6 7C 5A 68 DE 1F FA 
	CB 81 D4 8F B6 13 16 96 E3 5D C9 94 D6 89 F7 DA 
	D0 65 A2 59 51 13 19 06 D7 46 20 E3 D8 43 6E 14 
	51 A4 B6 30 4D F0 C0 19 EC 1C 16 9B 83 CE 2F 87 
	BD E5 8F 42 28 D3 37 9A 28 57 3A 9F 45 86 51 0D 
	FB 4D 1D 10 5E 3E DC 1A 5F D1 49 F0 20 83 78 5D 
	AA 0D AE C1 B6 EC 1F 88 AA 61 36 45 E2 3F B6 9A 
	97 CB CD 2E 9E C8 2E 03 57 2A 0E 60 39 C2 8F 76 
	6E 53 B2 E5 1A 3E E0 CA 1D 4B 75 00 03 C3 7A 2A 
	F3 3A DE A5 64 99 54 07 0D 4C 2A D5 00 F4 92 77 
	53 F6 D2 37 DB 99 66 43 61 45 71 77 9C 62 DA 06 
	50 F3 C4 A7 A5 76 8E 1E 54 C0 F8 6D 75 E1 54 54 
	01 C0 E2 5F 0C 87 13 1A 1E 61 AF 05 DD 0C 46 6B 
	2B 68 B4 D0 0C 3F 13 53 FC C1 EE F3 89 9D F4 B1 
	DE A1 D6 95 3A 03 DA 14 2A 74 11 DC 7B 90 9E CB 
	19 F5 77 03 3E 7F F0 D8 DD AB 99 DD C3 71 6B 78 
	EC 3C 2F E3 F0 C5 A7 7F 22 26 EE 48 2C 9D 07 44 
	A7 FC FD 09 CC 98 75 F2 9D 12 67 C0 89 3B 9D 9A 
G_XY (PQ SS)  (size 32):
	BB 51 61 27 68 24 1B C7 49 3D 4E 37 A4 F4 E2 A4 
	27 C2 C3 FC 30 3A F0 F9 32 D0 73 22 F0 37 9C D8 
hash_msg1_raw (size 32):
	E7 00 FC 21 A0 8B C2 2A BE 1D 86 70 42 10 C1 26 
	43 0A F6 B2 86 83 5D 5B 57 52 B6 2C B0 E6 DE F9 
Input to calculate TH_2 (CBOR Sequence) (size 1157):
	59 04 60 27 B1 D6 35 A6 63 38 2D 99 E0 31 B3 E9 
	A5 D6 82 A0 95 45 04 93 56 AF 6F 13 54 DE D1 3E 
	D2 9C 72 B6 BF 0A 88 A6 7C BA 4A D9 8A BB 6E A9 
	36 76 70 AC 76 C7 BC 8D B3 84 26 85 33 CD 87 1A 
	B4 37 6A BD 83 0D 75 C5 0B 19 4A 0A D4 61 38 86 
	04 CA D0 BE 91 8E 39 5E CB 5D 37 37 79 79 3D E7 
	20 DF 47 96 77 A3 8A 4B 4C 1D 73 D4 23 59 0F 2A 
	83 C3 D7 97 AE D1 CC E4 C3 A6 8E 15 78 29 2F 20 
	A0 97 EF 6F C2 C7 ED CA 15 6F 96 C8 49 5C 23 D2 
	42 29 74 82 A8 10 BE 0A 22 3B 84 66 2C EA EC 93 
	A4 77 96 3E 50 18 A7 FB AC 15 35 C1 0E 34 0E 1E 
	EE BC 9F 4E F2 98 1B 8B 0D 5B 88 02 5E A1 82 CC 
	CB 45 59 94 5F 7C D5 51 B3 1B 3D 29 5C B2 F7 E4 
	7E 1F 93 D4 81 46 8A E0 F0 B5 BF 20 EA A7 C4 C4 
	2B 45 AC 59 4B E9 DD 46 07 E9 9C 1D 7C 0F D2 E7 
	05 80 F7 74 C1 4F A8 30 ED 64 D2 F0 1E 70 69 1E 
	BD 08 5F 7F 5B 8A CE 35 7C AE F3 20 CD 2F BB 72 
	1F 5C 44 F8 33 EC 7D 44 F2 E7 73 C9 E5 15 45 E7 
	8E 03 01 F5 C9 60 A2 89 72 DD F0 14 A4 30 8D 1A 
	C6 0E F0 F7 2B FA 85 5C 7D 6D 8E 7A E8 2A 0E 47 
	5B FE FA AC 02 61 9D 6A 3A 92 88 CF 10 95 E5 A8 
	52 EC 80 88 DA 2D ED 5F 57 A9 90 91 1F DF 1B D0 
	B6 37 40 06 52 17 CA DD E0 AC 00 2D D2 01 45 20 
	D7 39 C3 85 4C 02 B5 AE 73 47 18 6D EA 4B 04 88 
	24 D4 ED 68 89 49 D7 B4 B8 1A A0 1E 18 DD 33 91 
	5B 9E 13 00 3F 2D B1 80 5F 2D 2A 49 F6 C1 2C 39 
	85 D5 E0 5A 4A 8D 50 AA FE EC 20 1F 7A 23 C2 A6 
	F0 97 52 2A 4F CC A6 0B E4 F4 5A B1 C4 DB 33 B2 
	4A 53 CC B2 9D 5E E3 BD 21 24 BA 50 D9 6B 98 58 
	2F D1 91 48 E6 61 03 23 B8 6B 52 46 F0 AF FD AA 
	ED 20 2C D6 B2 2D 84 0F 52 6B 99 F4 94 23 B2 89 
	C3 B2 78 B2 20 2A B1 1C F5 E5 6B 3F BF 53 61 FE 
	FC AC EE 0A 90 74 58 89 93 8D 8C AB E8 6C C6 D2 
	D0 5B F2 8D 2F 9F E5 D4 7D C7 1E 51 78 43 CA 6D 
	03 22 0D BE A9 79 73 44 2C 73 AA 18 9C 40 44 4D 
	23 0E 15 23 B8 AB 0F C5 1D 8F 21 7F 42 13 66 4E 
	61 9F 53 B3 E7 FA 30 ED D2 16 F5 3F A1 65 8F FA 
	E1 EF E9 46 F0 27 4E E2 79 17 AD A3 74 BD DD 2B 
	78 42 0D 5F 2E 51 8E 67 80 E1 57 D0 52 03 38 2C 
	61 0F E5 D5 C9 6F 7D A5 2B 82 0C FD 74 FD F6 B4 
	62 C9 A7 A7 EB 07 00 00 D7 09 7E E0 54 55 44 F1 
	52 ED 67 BA 56 9D 58 DF 32 AD 30 24 FD 96 78 0F 
	80 0F D5 AB C4 4F BB C6 3E 11 0D AE 29 42 37 4D 
	C7 C7 0B 2E CB 21 46 06 B3 F9 32 66 25 57 1F 8E 
	9E 54 D8 E6 62 3C D3 58 52 94 F3 06 CC BD 4B 06 
	47 78 95 40 4D 26 C6 E4 C6 38 E5 D2 41 16 96 36 
	7E 62 F8 9D 2A 98 32 2C 6B 56 08 A5 B9 80 E4 2B 
	9E 01 9C FC 62 A0 50 C4 10 A6 CD FC 36 80 7A A5 
	9C C3 23 55 B6 11 3C B9 73 A8 C2 40 E3 32 AA 27 
	3E A0 68 17 68 BD 14 F2 37 01 A5 15 D8 FF EB 69 
	49 9C 28 DA 4C 39 9F 14 93 AE D7 37 3A 9D C6 41 
	60 95 DA B0 B7 5D 8D 1D EF 3D 71 E0 D7 8D 35 4D 
	89 3C 55 F8 EC DE 48 6E 90 73 9D 7A C6 7C 5A 68 
	DE 1F FA CB 81 D4 8F B6 13 16 96 E3 5D C9 94 D6 
	89 F7 DA D0 65 A2 59 51 13 19 06 D7 46 20 E3 D8 
	43 6E 14 51 A4 B6 30 4D F0 C0 19 EC 1C 16 9B 83 
	CE 2F 87 BD E5 8F 42 28 D3 37 9A 28 57 3A 9F 45 
	86 51 0D FB 4D 1D 10 5E 3E DC 1A 5F D1 49 F0 20 
	83 78 5D AA 0D AE C1 B6 EC 1F 88 AA 61 36 45 E2 
	3F B6 9A 97 CB CD 2E 9E C8 2E 03 57 2A 0E 60 39 
	C2 8F 76 6E 53 B2 E5 1A 3E E0 CA 1D 4B 75 00 03 
	C3 7A 2A F3 3A DE A5 64 99 54 07 0D 4C 2A D5 00 
	F4 92 77 53 F6 D2 37 DB 99 66 43 61 45 71 77 9C 
	62 DA 06 50 F3 C4 A7 A5 76 8E 1E 54 C0 F8 6D 75 
	E1 54 54 01 C0 E2 5F 0C 87 13 1A 1E 61 AF 05 DD 
	0C 46 6B 2B 68 B4 D0 0C 3F 13 53 FC C1 EE F3 89 
	9D F4 B1 DE A1 D6 95 3A 03 DA 14 2A 74 11 DC 7B 
	90 9E CB 19 F5 77 03 3E 7F F0 D8 DD AB 99 DD C3 
	71 6B 78 EC 3C 2F E3 F0 C5 A7 7F 22 26 EE 48 2C 
	9D 07 44 A7 FC FD 09 CC 98 75 F2 9D 12 67 C0 89 
	3B 9D 9A 58 20 E7 00 FC 21 A0 8B C2 2A BE 1D 86 
	70 42 10 C1 26 43 0A F6 B2 86 83 5D 5B 57 52 B6 
	2C B0 E6 DE F9 
TH2 (size 32):
	B0 09 FB 86 8F 17 2F 61 46 50 4A CF 62 52 B4 D7 
	BE 9C 5B FE 13 96 6E B7 4C 9D DD 37 4E 4E 29 FA 
TH_2 (size 32):
	B0 09 FB 86 8F 17 2F 61 46 50 4A CF 62 52 B4 D7 
	BE 9C 5B FE 13 96 6E B7 4C 9D DD 37 4E 4E 29 FA 
GX_Y (for prk_2e) (size 32):
	23 42 DA 3A 44 A9 28 77 02 7E D4 DE 6D 1E 8E A1 
	6A 64 F6 60 1A CF 0D 09 79 E2 32 07 86 54 F8 6D 
PRK_2e (first DH derivation) (size 32):
	09 D4 FB 18 7F 84 BA 17 FF BC 3E E4 CC 8B BC 60 
	66 33 D7 35 39 F1 3F 44 57 E7 05 4C 65 C1 D1 4E 
PRK_2e_b (second KEM DH) (size 32):
	7E 1F 17 D1 63 C7 03 99 07 6A DE B4 3F A3 E3 B7 
	98 C2 9E B1 B2 28 4A 64 7F BE F3 1B 33 03 B9 57 
PRK_2e (size 32):
	7E 1F 17 D1 63 C7 03 99 07 6A DE B4 3F A3 E3 B7 
	98 C2 9E B1 B2 28 4A 64 7F BE F3 1B 33 03 B9 57 
KEYSTREAM_2 (size 12):
	D9 62 C0 89 34 18 69 D8 C5 74 EC D3 
associated_data (size 45):
	83 68 45 6E 63 72 79 70 74 30 40 58 20 B0 09 FB 
	86 8F 17 2F 61 46 50 4A CF 62 52 B4 D7 BE 9C 5B 
	FE 13 96 6E B7 4C 9D DD 37 4E 4E 29 FA 
plaintext (size 12):
	41 A1 01 48 46 72 2B D9 03 53 A9 E2 
C_R (raw) (size 1):
	A1 
ID_CRED (size 3):
	A1 04 01 
sign_or_mac (size 8):
	46 72 2B D9 03 53 A9 E2 
[cred] lookup ID_CRED len=3
A10401
[cred] cred_array entries: 5
[cred] candidate[0] len=3 A10401
[cred] candidate[1] len=3 A10401
[cred] candidate[2] len=7 A1043A271CE614
[cred] candidate[3] len=7 A1043A39D0E614
[cred] candidate[4] len=7 A1041A0BD419EB
SHARED SECRET DERIVE
dh_secret (size 32):
	16 97 10 01 99 18 A8 54 1B A3 52 5C 8E 48 5B E2 
	43 22 F8 E6 D1 35 A8 7C 69 E0 DF CC 76 8E ED 5B 
SALT_3e2m or SALT4e3m (size 32):
	E2 0D 0C B6 00 E0 C6 3D 7D 21 39 75 44 42 95 D4 
	31 DC BC AA 86 4C C2 40 AD 62 A0 56 2A 30 1B AA 
prk_3e2m (size 32):
	BF 8E B8 77 8B 31 05 CC C9 23 61 6F 8B A3 7F 83 
	EA B2 2F 9D 55 02 34 A4 91 2C 85 E6 72 28 B3 B7 
TMP size: 32
CBOR ENCODE ERROR: 0
MAX ID CRED: 400 cred len 3
MAX CRED: 765 cred len 3
PK SIZE: 65
SIGNATURE SIZE: 500
CONTEXT_MAC_SIZE: 1204
CONTEXT_MAC len: 42
CR len: 2
TH enc len: 34
TMP size: 1
CBOR ENCODE ERROR: 0
MAC context (size 42):
	41 A1 A1 04 01 58 20 B0 09 FB 86 8F 17 2F 61 46 
	50 4A CF 62 52 B4 D7 BE 9C 5B FE 13 96 6E B7 4C 
	9D DD 37 4E 4E 29 FA A1 04 01 
MAC 2/3 (size 8):
	46 72 2B D9 03 53 A9 E2 
th23 (size 32):
	B0 09 FB 86 8F 17 2F 61 46 50 4A CF 62 52 B4 D7 
	BE 9C 5B FE 13 96 6E B7 4C 9D DD 37 4E 4E 29 FA 
plaintext_23 (size 12):
	41 A1 01 48 46 72 2B D9 03 53 A9 E2 
cred (size 3):
	A1 04 01 
TMP size: 32
CBOR ENCODE ERROR: 0
Encoded
memcopy1
memcopy2
Input to calculate TH_3/TH_4 (CBOR Sequence) (size 49):
	58 20 B0 09 FB 86 8F 17 2F 61 46 50 4A CF 62 52 
	B4 D7 BE 9C 5B FE 13 96 6E B7 4C 9D DD 37 4E 4E 
	29 FA 41 A1 01 48 46 72 2B D9 03 53 A9 E2 A1 04 
	01 
TH34 (size 32):
	AD C6 59 E9 65 5B 35 83 18 EA 0F F2 23 CF 46 6A 
	CA E0 1F 2E A5 14 ED C8 15 88 3B 23 FC 27 E5 08 
SHARED SECRET DERIVE
dh_secret (size 32):
	6C AA 7E E1 BA D2 D5 D5 C3 6D 15 AA 95 09 CF D4 
	84 71 E2 B0 43 B8 D2 92 C7 78 9F 3C 1B 1B 6C 3F 
SALT_3e2m or SALT4e3m (size 32):
	A5 B0 17 C1 32 EB AC 09 3C 82 7D 2D 9C 13 AF 20 
	40 27 CD 89 43 B7 76 B3 CE F0 DA B4 C6 1E 5E 24 
prk_4e3m (size 32):
	A4 65 05 8C CE DC AC 30 C7 50 3A 07 37 52 2A 0F 
	9C 6C 5A 34 C1 3A 97 99 89 E0 C3 EE 9D 2F 36 B3 
TMP size: 32
CBOR ENCODE ERROR: 0
MAX ID CRED: 400 cred len 3
MAX CRED: 765 cred len 3
PK SIZE: 65
SIGNATURE SIZE: 500
CONTEXT_MAC_SIZE: 1204
CONTEXT_MAC len: 41
CR len: 1
TH enc len: 34
MAC context (size 40):
	A1 04 00 58 20 AD C6 59 E9 65 5B 35 83 18 EA 0F 
	F2 23 CF 46 6A CA E0 1F 2E A5 14 ED C8 15 88 3B 
	23 FC 27 E5 08 A1 04 00 
MAC 2/3 (size 8):
	C6 D4 E2 19 BC 19 20 72 
TMP size: 8
CBOR ENCODE ERROR: 0
kid (size 1):
	00 
K_3 (size 16):
	1C E8 16 A1 50 32 50 B7 FC B6 40 00 8B 89 4E 37 
IV_3 (size 13):
	95 07 EA CC D8 58 F4 CC 69 CA 3E 65 C7 
aad_data (size 45):
	83 68 45 6E 63 72 79 70 74 30 40 58 20 AD C6 59 
	E9 65 5B 35 83 18 EA 0F F2 23 CF 46 6A CA E0 1F 
	2E A5 14 ED C8 15 88 3B 23 FC 27 E5 08 
ciphertext_2/3/4 (size 20):
	84 46 D7 54 75 0F DD 35 64 6F 16 B3 83 B3 38 37 
	09 1A 88 BE 
CIPHERTEXT: (size 20):
	84 46 D7 54 75 0F DD 35 64 6F 16 B3 83 B3 38 37 
	09 1A 88 BE 
MSG out size:24
TMP size: 20
CBOR ENCODE ERROR: 0
msg3 (size 21):
	54 84 46 D7 54 75 0F DD 35 64 6F 16 B3 83 B3 38 
	37 09 1A 88 BE 
th23 (size 32):
	AD C6 59 E9 65 5B 35 83 18 EA 0F F2 23 CF 46 6A 
	CA E0 1F 2E A5 14 ED C8 15 88 3B 23 FC 27 E5 08 
plaintext_23 (size 12):
	A1 04 00 48 C6 D4 E2 19 BC 19 20 72 
cred (size 3):
	A1 04 00 
TMP size: 32
CBOR ENCODE ERROR: 0
Encoded
memcopy1
memcopy2
Input to calculate TH_3/TH_4 (CBOR Sequence) (size 49):
	58 20 AD C6 59 E9 65 5B 35 83 18 EA 0F F2 23 CF 
	46 6A CA E0 1F 2E A5 14 ED C8 15 88 3B 23 FC 27 
	E5 08 A1 04 00 48 C6 D4 E2 19 BC 19 20 72 A1 04 
	00 
TH34 (size 32):
	0D 2B 11 DB 0A 67 11 F3 64 D4 C6 14 D7 CC 0A 81 
	09 13 6F 9B 84 C9 F9 5F 31 5F 12 C5 FA 59 92 3D 
[init] tx sent 21 bytes
[init] edhoc_initiator_run completed
PRK_out (size 32):
	2B DB E4 54 2A D1 F9 D5 B2 88 26 AE 0F 2F D9 7C 
	C0 80 7B 5E 8B DE 05 59 52 0F AA AD 77 F8 77 DE 
prk_exporter (size 32):
	DC CF F6 78 CA 5F 46 60 F4 BE 36 5F 22 FC 52 8F 
	67 0A 9C 4C A6 9F EA 0A 34 F9 87 E8 93 13 89 FF 
OSCORE Master Secret (size 16):
	76 3D 39 8C 03 8D 3F C4 B3 AA 49 17 89 44 43 76 
OSCORE Master Salt (size 8):
	D3 13 B4 FF 7E 9F 21 38 
