IPv4 server with address 0.0.0.0 started!
test vector number: 2
INITIATOR SUIT kem: 1, signature -7
responder pk size: 65 
responder sk size: 32 
Responder ready to receive EDHOC DH request
seed (size 4):
	3D 3D B4 97 
public ephemeral key (size 32):
	F4 F4 FD D0 77 9C 93 5F 87 EE 50 BA 58 B2 FF 36 
	6D BE 58 AA E5 36 93 9B 67 90 78 15 8C 0E 5C AC 
secret ephemeral key (size 32):
	6A B3 A4 FF A3 58 1B D2 78 B4 6A BE 06 F2 B9 64 
	6F 20 CC 0E EC 62 AF E5 E0 38 AC F0 24 F4 46 A4 
Responder ready to Receive EDHOC PQ request 
__________________
PDU was constructed from buffer of 64 bytes
PDU is 64 bytes long
CoAP Version: 1
Message Type: Confirmable
Token length: 4
Code: 0.02 POST
Message ID: 0
Token of 4 bytes.
   Value: 0x01000000 
2 options:
OPTION (1/2)
   Option number (delta): 11 (11)
   Name: URI_PATH
   Value length: 11
   Value: ".well-known"
OPTION (2/2)
   Option number (delta): 11 (0)
   Name: URI_PATH
   Value length: 5
   Value: "edhoc"
Payload of 37 bytes
   Value: "\00\02X \8a\f6\f40\eb\e1\8d4\18@\17\a9\a1\1b\f5\11\c8\df\f8\f84s\0b\96\c1\b7\c8\db\ca/\c3\b67"
__________________
CoAP message (size 37):
	00 02 58 20 8A F6 F4 30 EB E1 8D 34 18 40 17 A9 
	A1 1B F5 11 C8 DF F8 F8 34 73 0B 96 C1 B7 C8 DB 
	CA 2F C3 B6 37 
message_1 (CBOR Sequence) (size 37):
	00 02 58 20 8A F6 F4 30 EB E1 8D 34 18 40 17 A9 
	A1 1B F5 11 C8 DF F8 F8 34 73 0B 96 C1 B7 C8 DB 
	CA 2F C3 B6 37 
msg1  (size 37):
	00 02 58 20 8A F6 F4 30 EB E1 8D 34 18 40 17 A9 
	A1 1B F5 11 C8 DF F8 F8 34 73 0B 96 C1 B7 C8 DB 
	CA 2F C3 B6 37 
msg1 METHOD: 0
msg1 SUITES_I (size 1):
	02 
g_x len 1216
g_x len message 1 32
msg1 G_X (size 32):
	8A F6 F4 30 EB E1 8D 34 18 40 17 A9 A1 1B F5 11 
	C8 DF F8 F8 34 73 0B 96 C1 B7 C8 DB CA 2F C3 B6 
msg1 C_I_raw (size 1):
	E8 
Suite 2 will be used in this EDHOC run.
PQ/T hybrid declare second array
y  (size 32):
	6A B3 A4 FF A3 58 1B D2 78 B4 6A BE 06 F2 B9 64 
	6F 20 CC 0E EC 62 AF E5 E0 38 AC F0 24 F4 46 A4 
gx  (size 32):
	8A F6 F4 30 EB E1 8D 34 18 40 17 A9 A1 1B F5 11 
	C8 DF F8 F8 34 73 0B 96 C1 B7 C8 DB CA 2F C3 B6 
SHARED SECRET DERIVE
P256 in DH
pk_decompressed tinycript (size 64):
	8A F6 F4 30 EB E1 8D 34 18 40 17 A9 A1 1B F5 11 
	C8 DF F8 F8 34 73 0B 96 C1 B7 C8 DB CA 2F C3 B6 
	AE 17 50 92 91 24 87 EA FE 52 E2 63 A0 57 40 85 
	5E A8 E9 39 3F 95 A2 FC 7A FC 39 EB 00 7F 36 4C 
G_XY (ECDH shared secret)  (size 32):
	74 A5 C2 C8 63 D8 98 B1 29 23 F1 98 CF BE 74 FB 
	09 95 17 F4 5C 4D 4D 8B 6E BF 1A 71 77 8D 05 87 
hash_msg1_raw (size 32):
	C7 93 1F CA 62 16 CA BC B5 A9 AB 7B 17 61 AE 46 
	78 94 6B A4 F6 0B 6D E1 63 14 69 18 2A 4E 67 26 
Input to calculate TH_2 (CBOR Sequence) (size 68):
	58 20 F4 F4 FD D0 77 9C 93 5F 87 EE 50 BA 58 B2 
	FF 36 6D BE 58 AA E5 36 93 9B 67 90 78 15 8C 0E 
	5C AC 58 20 C7 93 1F CA 62 16 CA BC B5 A9 AB 7B 
	17 61 AE 46 78 94 6B A4 F6 0B 6D E1 63 14 69 18 
	2A 4E 67 26 
TH2 (size 32):
	38 A3 DF 87 EC 17 FA E0 02 B0 14 4F 2A D3 3E C5 
	AB D8 74 F9 EA 34 46 D2 9C E5 4D BF 3B 6D 02 42 
PRK_2e (size 32):
	C0 D9 F5 E2 0C B4 8B D0 55 0F 06 7E 6F 71 9E 94 
	A8 BE 3B 8E 6D 95 28 BF C9 B2 8B A3 CA 2C C0 DC 
prk_3e2m (size 32):
	C0 D9 F5 E2 0C B4 8B D0 55 0F 06 7E 6F 71 9E 94 
	A8 BE 3B 8E 6D 95 28 BF C9 B2 8B A3 CA 2C C0 DC 
Signature len 500 - 64
TMP size: 32
CBOR ENCODE ERROR: 0
MAX ID CRED: 400 cred len 14
MAX CRED: 765 cred len 293
PK SIZE: 65
SIGNATURE SIZE: 500
CONTEXT_MAC_SIZE: 1204
CONTEXT_MAC len: 343
CR len: 2
TH enc len: 34
TMP size: 1
CBOR ENCODE ERROR: 0
MAC context (size 343):
	41 27 A1 18 22 82 2E 48 34 80 F5 FA 01 A8 AB F4 
	58 20 38 A3 DF 87 EC 17 FA E0 02 B0 14 4F 2A D3 
	3E C5 AB D8 74 F9 EA 34 46 D2 9C E5 4D BF 3B 6D 
	02 42 59 01 22 30 82 01 1E 30 81 C5 A0 03 02 01 
	02 02 04 61 E9 98 1E 30 0A 06 08 2A 86 48 CE 3D 
	04 03 02 30 15 31 13 30 11 06 03 55 04 03 0C 0A 
	45 44 48 4F 43 20 52 6F 6F 74 30 1E 17 0D 32 32 
	30 31 32 30 31 37 31 33 30 32 5A 17 0D 32 39 31 
	32 33 31 32 33 30 30 30 30 5A 30 1A 31 18 30 16 
	06 03 55 04 03 0C 0F 45 44 48 4F 43 20 52 65 73 
	70 6F 6E 64 65 72 30 59 30 13 06 07 2A 86 48 CE 
	3D 02 01 06 08 2A 86 48 CE 3D 03 01 07 03 42 00 
	04 BB C3 49 60 52 6E A4 D3 2E 94 0C AD 2A 23 41 
	48 DD C2 17 91 A1 2A FB CB AC 93 62 20 46 DD 44 
	F0 45 19 E2 57 23 6B 2A 0C E2 02 3F 09 31 F1 F3 
	86 CA 7A FD A6 4F CD E0 10 8C 22 4C 51 EA BF 60 
	72 30 0A 06 08 2A 86 48 CE 3D 04 03 02 03 48 00 
	30 45 02 20 30 19 4E F5 FC 65 C8 B7 95 CD CD 0B 
	B4 31 BF 83 EE 67 41 C1 37 0C 22 C8 EB 8E E9 ED 
	D2 A7 05 19 02 21 00 B5 83 0E 9C 89 A6 2A C7 3C 
	E1 EB CE 00 61 70 7D B8 A8 8E 23 70 9B 4A CC 58 
	A1 31 3B 13 3D 05 58 
is not DH, 32
MAC 2/3 (size 32):
	DB FA 87 29 14 96 DE 6D 58 96 76 33 F7 8A 42 FA 
	83 46 1E 26 36 07 A3 2F DD A8 68 8A AD 2A 20 EA 
TMP size: 32
CBOR ENCODE ERROR: 0
Signature or mac size: 64Inside the sign
signature_or_mac (is signature) (size 64):
	C5 AB 3C 10 65 21 A5 69 90 2A 8B AF 8D 4C D3 DB 
	02 98 29 35 61 BF 96 18 63 A0 58 51 F0 B9 29 40 
	99 05 C0 1F 64 39 50 B1 0F 8B 6E 6A E8 8F 84 10 
	D1 62 D8 9D CA 72 10 6D 8F E6 1E 78 EF 7C 59 88 
TMP size: 64
CBOR ENCODE ERROR: 0
kid (size 0):
KEYSTREAM_2 (size 81):
	1B D3 E6 C6 76 51 67 84 A3 22 56 24 CD 8A 5F 4D 
	71 AB 5A 15 59 43 C4 34 08 11 AF 68 66 3E 20 15 
	13 D5 EE 99 2A C8 F8 C7 36 10 F8 54 7D 6B EF 12 
	0D D8 9C A4 28 B6 08 83 98 81 A4 FC 56 74 07 4A 
	A1 2F C0 16 D9 76 BD 62 22 C3 E7 A7 2B 1D 8F D1 
	75 
ciphertext_2/3/4 (size 81):
	3C 72 FE E4 F4 7F 2F B0 23 D7 AC 25 65 21 AB 15 
	31 6E F1 29 49 26 E5 91 61 81 85 E3 C9 B3 6C C6 
	C8 D7 76 B0 1F A9 47 51 2E 73 58 0C 2C 9B 56 3B 
	4D 41 99 64 37 D2 31 D3 29 8E 2F 92 3C 9C 88 CE 
	B1 FE A2 CE 44 BC CF 72 4F 4C 01 B9 53 F2 F3 88 
	FD 
TMP size: 113
CBOR ENCODE ERROR: 0
message_2 (CBOR Sequence) (size 115):
	58 71 F4 F4 FD D0 77 9C 93 5F 87 EE 50 BA 58 B2 
	FF 36 6D BE 58 AA E5 36 93 9B 67 90 78 15 8C 0E 
	5C AC 3C 72 FE E4 F4 7F 2F B0 23 D7 AC 25 65 21 
	AB 15 31 6E F1 29 49 26 E5 91 61 81 85 E3 C9 B3 
	6C C6 C8 D7 76 B0 1F A9 47 51 2E 73 58 0C 2C 9B 
	56 3B 4D 41 99 64 37 D2 31 D3 29 8E 2F 92 3C 9C 
	88 CE B1 FE A2 CE 44 BC CF 72 4F 4C 01 B9 53 F2 
	F3 88 FD 
th23 (size 32):
	38 A3 DF 87 EC 17 FA E0 02 B0 14 4F 2A D3 3E C5 
	AB D8 74 F9 EA 34 46 D2 9C E5 4D BF 3B 6D 02 42 
plaintext_23 (size 81):
	27 A1 18 22 82 2E 48 34 80 F5 FA 01 A8 AB F4 58 
	40 C5 AB 3C 10 65 21 A5 69 90 2A 8B AF 8D 4C D3 
	DB 02 98 29 35 61 BF 96 18 63 A0 58 51 F0 B9 29 
	40 99 05 C0 1F 64 39 50 B1 0F 8B 6E 6A E8 8F 84 
	10 D1 62 D8 9D CA 72 10 6D 8F E6 1E 78 EF 7C 59 
	88 
cred (size 293):
	59 01 22 30 82 01 1E 30 81 C5 A0 03 02 01 02 02 
	04 61 E9 98 1E 30 0A 06 08 2A 86 48 CE 3D 04 03 
	02 30 15 31 13 30 11 06 03 55 04 03 0C 0A 45 44 
	48 4F 43 20 52 6F 6F 74 30 1E 17 0D 32 32 30 31 
	32 30 31 37 31 33 30 32 5A 17 0D 32 39 31 32 33 
	31 32 33 30 30 30 30 5A 30 1A 31 18 30 16 06 03 
	55 04 03 0C 0F 45 44 48 4F 43 20 52 65 73 70 6F 
	6E 64 65 72 30 59 30 13 06 07 2A 86 48 CE 3D 02 
	01 06 08 2A 86 48 CE 3D 03 01 07 03 42 00 04 BB 
	C3 49 60 52 6E A4 D3 2E 94 0C AD 2A 23 41 48 DD 
	C2 17 91 A1 2A FB CB AC 93 62 20 46 DD 44 F0 45 
	19 E2 57 23 6B 2A 0C E2 02 3F 09 31 F1 F3 86 CA 
	7A FD A6 4F CD E0 10 8C 22 4C 51 EA BF 60 72 30 
	0A 06 08 2A 86 48 CE 3D 04 03 02 03 48 00 30 45 
	02 20 30 19 4E F5 FC 65 C8 B7 95 CD CD 0B B4 31 
	BF 83 EE 67 41 C1 37 0C 22 C8 EB 8E E9 ED D2 A7 
	05 19 02 21 00 B5 83 0E 9C 89 A6 2A C7 3C E1 EB 
	CE 00 61 70 7D B8 A8 8E 23 70 9B 4A CC 58 A1 31 
	3B 13 3D 05 58 
TMP size: 32
CBOR ENCODE ERROR: 0
Encoded
memcopy1
memcopy2
Input to calculate TH_3/TH_4 (CBOR Sequence) (size 408):
	58 20 38 A3 DF 87 EC 17 FA E0 02 B0 14 4F 2A D3 
	3E C5 AB D8 74 F9 EA 34 46 D2 9C E5 4D BF 3B 6D 
	02 42 27 A1 18 22 82 2E 48 34 80 F5 FA 01 A8 AB 
	F4 58 40 C5 AB 3C 10 65 21 A5 69 90 2A 8B AF 8D 
	4C D3 DB 02 98 29 35 61 BF 96 18 63 A0 58 51 F0 
	B9 29 40 99 05 C0 1F 64 39 50 B1 0F 8B 6E 6A E8 
	8F 84 10 D1 62 D8 9D CA 72 10 6D 8F E6 1E 78 EF 
	7C 59 88 59 01 22 30 82 01 1E 30 81 C5 A0 03 02 
	01 02 02 04 61 E9 98 1E 30 0A 06 08 2A 86 48 CE 
	3D 04 03 02 30 15 31 13 30 11 06 03 55 04 03 0C 
	0A 45 44 48 4F 43 20 52 6F 6F 74 30 1E 17 0D 32 
	32 30 31 32 30 31 37 31 33 30 32 5A 17 0D 32 39 
	31 32 33 31 32 33 30 30 30 30 5A 30 1A 31 18 30 
	16 06 03 55 04 03 0C 0F 45 44 48 4F 43 20 52 65 
	73 70 6F 6E 64 65 72 30 59 30 13 06 07 2A 86 48 
	CE 3D 02 01 06 08 2A 86 48 CE 3D 03 01 07 03 42 
	00 04 BB C3 49 60 52 6E A4 D3 2E 94 0C AD 2A 23 
	41 48 DD C2 17 91 A1 2A FB CB AC 93 62 20 46 DD 
	44 F0 45 19 E2 57 23 6B 2A 0C E2 02 3F 09 31 F1 
	F3 86 CA 7A FD A6 4F CD E0 10 8C 22 4C 51 EA BF 
	60 72 30 0A 06 08 2A 86 48 CE 3D 04 03 02 03 48 
	00 30 45 02 20 30 19 4E F5 FC 65 C8 B7 95 CD CD 
	0B B4 31 BF 83 EE 67 41 C1 37 0C 22 C8 EB 8E E9 
	ED D2 A7 05 19 02 21 00 B5 83 0E 9C 89 A6 2A C7 
	3C E1 EB CE 00 61 70 7D B8 A8 8E 23 70 9B 4A CC 
	58 A1 31 3B 13 3D 05 58 
TH34 (size 32):
	70 5C FF F3 62 50 10 71 92 DD DF 44 15 DC 6C 65 
	3E F5 02 BD 38 71 CE 73 8B 9D AC AB 80 1A B6 B9 
msg2 generated
msg2 (size 115):
	58 71 F4 F4 FD D0 77 9C 93 5F 87 EE 50 BA 58 B2 
	FF 36 6D BE 58 AA E5 36 93 9B 67 90 78 15 8C 0E 
	5C AC 3C 72 FE E4 F4 7F 2F B0 23 D7 AC 25 65 21 
	AB 15 31 6E F1 29 49 26 E5 91 61 81 85 E3 C9 B3 
	6C C6 C8 D7 76 B0 1F A9 47 51 2E 73 58 0C 2C 9B 
	56 3B 4D 41 99 64 37 D2 31 D3 29 8E 2F 92 3C 9C 
	88 CE B1 FE A2 CE 44 BC CF 72 4F 4C 01 B9 53 F2 
	F3 88 FD 
ead prcessed
CoAP reply sent!
mesage tx
waiting to receive
__________________
PDU was constructed from buffer of 117 bytes
PDU is 117 bytes long
CoAP Version: 1
Message Type: Confirmable
Token length: 4
Code: 0.02 POST
Message ID: 1
Token of 4 bytes.
   Value: 0x02000000 
2 options:
OPTION (1/2)
   Option number (delta): 11 (11)
   Name: URI_PATH
   Value length: 11
   Value: ".well-known"
OPTION (2/2)
   Option number (delta): 11 (0)
   Name: URI_PATH
   Value length: 5
   Value: "edhoc"
Payload of 90 bytes
   Value: "XX,\ceP\cc\8fz\b14\ab*\8dN!Ot\c3\dc\db\80f\91\81\06_k\16_l\ab\84\a8\b7\89\86kJ\113\cef\f7\0c\c0\92\b78uq\c6\82aM\17c\c9\b3<k\ae\c4\15\93\1a2\af\97\a5}\a5\e2\e6Y\1c\89\1bN\1f2\e6\02\cc#\9d\00\d8\0f\83\16"
__________________
CoAP message (size 90):
	58 58 2C CE 50 CC 8F 7A B1 34 AB 2A 8D 4E 21 4F 
	74 C3 DC DB 80 66 91 81 06 5F 6B 16 5F 6C AB 84 
	A8 B7 89 86 6B 4A 11 33 CE 66 F7 0C C0 92 B7 38 
	75 71 C6 82 61 4D 17 63 C9 B3 3C 6B AE C4 15 93 
	1A 32 AF 97 A5 7D A5 E2 E6 59 1C 89 1B 4E 1F 32 
	E6 02 CC 23 9D 00 D8 0F 83 16 
received
CIPHERTEXT_3 (size 88):
	2C CE 50 CC 8F 7A B1 34 AB 2A 8D 4E 21 4F 74 C3 
	DC DB 80 66 91 81 06 5F 6B 16 5F 6C AB 84 A8 B7 
	89 86 6B 4A 11 33 CE 66 F7 0C C0 92 B7 38 75 71 
	C6 82 61 4D 17 63 C9 B3 3C 6B AE C4 15 93 1A 32 
	AF 97 A5 7D A5 E2 E6 59 1C 89 1B 4E 1F 32 E6 02 
	CC 23 9D 00 D8 0F 83 16 
PLAINTEXT3_SIZE: 903
ctxt3.len: 88
K_3 (size 16):
	BF 18 B4 57 29 5C 6A 07 82 98 71 C0 CD 8C C4 82 
IV_3 (size 13):
	FF 8F 0F E1 88 3C 51 8B 27 D7 81 58 CC 
associated_data (size 45):
	83 68 45 6E 63 72 79 70 74 30 40 58 20 70 5C FF 
	F3 62 50 10 71 92 DD DF 44 15 DC 6C 65 3E F5 02 
	BD 38 71 CE 73 8B 9D AC AB 80 1A B6 B9 
plaintext (size 80):
	A1 18 22 82 2E 48 EE C7 3F CB B0 16 26 76 58 40 
	81 CE 12 F8 28 69 35 2F 3A F4 DA 32 72 24 AA 4A 
	68 A2 D7 40 03 A8 6D 98 84 13 F8 A7 18 FE 47 B2 
	E6 C4 6F DB DE AB 5B DF 99 AE 9B AB 77 A3 FD E4 
	EB E5 65 A5 18 31 DA C3 23 74 42 F3 68 62 D3 1B 
ID_CRED (size 14):
	A1 18 22 82 2E 48 EE C7 3F CB B0 16 26 76 
sign_or_mac (size 64):
	81 CE 12 F8 28 69 35 2F 3A F4 DA 32 72 24 AA 4A 
	68 A2 D7 40 03 A8 6D 98 84 13 F8 A7 18 FE 47 B2 
	E6 C4 6F DB DE AB 5B DF 99 AE 9B AB 77 A3 FD E4 
	EB E5 65 A5 18 31 DA C3 23 74 42 F3 68 62 D3 1B 
[cred] lookup ID_CRED len=14
A11822822E48EEC73FCBB0162676
[cred] cred_array entries: 1
[cred] candidate[0] len=14 A11822822E48EEC73FCBB0162676
prk_4e3m (size 32):
	C0 D9 F5 E2 0C B4 8B D0 55 0F 06 7E 6F 71 9E 94 
	A8 BE 3B 8E 6D 95 28 BF C9 B2 8B A3 CA 2C C0 DC 
TMP size: 32
CBOR ENCODE ERROR: 0
MAX ID CRED: 400 cred len 14
MAX CRED: 765 cred len 293
PK SIZE: 65
SIGNATURE SIZE: 500
CONTEXT_MAC_SIZE: 1204
CONTEXT_MAC len: 342
CR len: 1
TH enc len: 34
MAC context (size 341):
	A1 18 22 82 2E 48 EE C7 3F CB B0 16 26 76 58 20 
	70 5C FF F3 62 50 10 71 92 DD DF 44 15 DC 6C 65 
	3E F5 02 BD 38 71 CE 73 8B 9D AC AB 80 1A B6 B9 
	59 01 22 30 82 01 1E 30 81 C5 A0 03 02 01 02 02 
	04 62 32 EF 6F 30 0A 06 08 2A 86 48 CE 3D 04 03 
	02 30 15 31 13 30 11 06 03 55 04 03 0C 0A 45 44 
	48 4F 43 20 52 6F 6F 74 30 1E 17 0D 32 32 30 33 
	31 37 30 38 32 31 30 33 5A 17 0D 32 39 31 32 33 
	31 32 33 30 30 30 30 5A 30 1A 31 18 30 16 06 03 
	55 04 03 0C 0F 45 44 48 4F 43 20 49 6E 69 74 69 
	61 74 6F 72 30 59 30 13 06 07 2A 86 48 CE 3D 02 
	01 06 08 2A 86 48 CE 3D 03 01 07 03 42 00 04 AC 
	75 E9 EC E3 E5 0B FC 8E D6 03 99 88 95 22 40 5C 
	47 BF 16 DF 96 66 0A 41 29 8C B4 30 7F 7E B6 6E 
	5D E6 11 38 8A 4B 8A 82 11 33 4A C7 D3 7E CB 52 
	A3 87 D2 57 E6 DB 3C 2A 93 DF 21 FF 3A FF C8 30 
	0A 06 08 2A 86 48 CE 3D 04 03 02 03 48 00 30 45 
	02 21 00 8C 32 3A 1F 33 21 38 AA B9 D0 BE AF B8 
	5F 8D 5A 44 07 3C 58 0F 59 5B C5 21 EF 91 3F 6E 
	F4 8D 11 02 20 6C 0A F1 A1 85 A4 E4 DE 06 35 36 
	99 23 1C 73 3A 6E 8D D2 DF 65 13 96 6C 91 30 15 
	2A 07 A2 BE DE 
is not DH, 32
MAC 2/3 (size 32):
	E2 95 7B 94 7C F8 46 91 E0 52 C3 32 10 FA D7 22 
	C5 AA C7 FF 18 AB EE 57 DD AD 79 F7 FD CC 21 0C 
TMP size: 32
CBOR ENCODE ERROR: 0
Signature or MAC verification successful!
th23 (size 32):
	70 5C FF F3 62 50 10 71 92 DD DF 44 15 DC 6C 65 
	3E F5 02 BD 38 71 CE 73 8B 9D AC AB 80 1A B6 B9 
plaintext_23 (size 80):
	A1 18 22 82 2E 48 EE C7 3F CB B0 16 26 76 58 40 
	81 CE 12 F8 28 69 35 2F 3A F4 DA 32 72 24 AA 4A 
	68 A2 D7 40 03 A8 6D 98 84 13 F8 A7 18 FE 47 B2 
	E6 C4 6F DB DE AB 5B DF 99 AE 9B AB 77 A3 FD E4 
	EB E5 65 A5 18 31 DA C3 23 74 42 F3 68 62 D3 1B 
cred (size 293):
	59 01 22 30 82 01 1E 30 81 C5 A0 03 02 01 02 02 
	04 62 32 EF 6F 30 0A 06 08 2A 86 48 CE 3D 04 03 
	02 30 15 31 13 30 11 06 03 55 04 03 0C 0A 45 44 
	48 4F 43 20 52 6F 6F 74 30 1E 17 0D 32 32 30 33 
	31 37 30 38 32 31 30 33 5A 17 0D 32 39 31 32 33 
	31 32 33 30 30 30 30 5A 30 1A 31 18 30 16 06 03 
	55 04 03 0C 0F 45 44 48 4F 43 20 49 6E 69 74 69 
	61 74 6F 72 30 59 30 13 06 07 2A 86 48 CE 3D 02 
	01 06 08 2A 86 48 CE 3D 03 01 07 03 42 00 04 AC 
	75 E9 EC E3 E5 0B FC 8E D6 03 99 88 95 22 40 5C 
	47 BF 16 DF 96 66 0A 41 29 8C B4 30 7F 7E B6 6E 
	5D E6 11 38 8A 4B 8A 82 11 33 4A C7 D3 7E CB 52 
	A3 87 D2 57 E6 DB 3C 2A 93 DF 21 FF 3A FF C8 30 
	0A 06 08 2A 86 48 CE 3D 04 03 02 03 48 00 30 45 
	02 21 00 8C 32 3A 1F 33 21 38 AA B9 D0 BE AF B8 
	5F 8D 5A 44 07 3C 58 0F 59 5B C5 21 EF 91 3F 6E 
	F4 8D 11 02 20 6C 0A F1 A1 85 A4 E4 DE 06 35 36 
	99 23 1C 73 3A 6E 8D D2 DF 65 13 96 6C 91 30 15 
	2A 07 A2 BE DE 
TMP size: 32
CBOR ENCODE ERROR: 0
Encoded
memcopy1
memcopy2
Input to calculate TH_3/TH_4 (CBOR Sequence) (size 407):
	58 20 70 5C FF F3 62 50 10 71 92 DD DF 44 15 DC 
	6C 65 3E F5 02 BD 38 71 CE 73 8B 9D AC AB 80 1A 
	B6 B9 A1 18 22 82 2E 48 EE C7 3F CB B0 16 26 76 
	58 40 81 CE 12 F8 28 69 35 2F 3A F4 DA 32 72 24 
	AA 4A 68 A2 D7 40 03 A8 6D 98 84 13 F8 A7 18 FE 
	47 B2 E6 C4 6F DB DE AB 5B DF 99 AE 9B AB 77 A3 
	FD E4 EB E5 65 A5 18 31 DA C3 23 74 42 F3 68 62 
	D3 1B 59 01 22 30 82 01 1E 30 81 C5 A0 03 02 01 
	02 02 04 62 32 EF 6F 30 0A 06 08 2A 86 48 CE 3D 
	04 03 02 30 15 31 13 30 11 06 03 55 04 03 0C 0A 
	45 44 48 4F 43 20 52 6F 6F 74 30 1E 17 0D 32 32 
	30 33 31 37 30 38 32 31 30 33 5A 17 0D 32 39 31 
	32 33 31 32 33 30 30 30 30 5A 30 1A 31 18 30 16 
	06 03 55 04 03 0C 0F 45 44 48 4F 43 20 49 6E 69 
	74 69 61 74 6F 72 30 59 30 13 06 07 2A 86 48 CE 
	3D 02 01 06 08 2A 86 48 CE 3D 03 01 07 03 42 00 
	04 AC 75 E9 EC E3 E5 0B FC 8E D6 03 99 88 95 22 
	40 5C 47 BF 16 DF 96 66 0A 41 29 8C B4 30 7F 7E 
	B6 6E 5D E6 11 38 8A 4B 8A 82 11 33 4A C7 D3 7E 
	CB 52 A3 87 D2 57 E6 DB 3C 2A 93 DF 21 FF 3A FF 
	C8 30 0A 06 08 2A 86 48 CE 3D 04 03 02 03 48 00 
	30 45 02 21 00 8C 32 3A 1F 33 21 38 AA B9 D0 BE 
	AF B8 5F 8D 5A 44 07 3C 58 0F 59 5B C5 21 EF 91 
	3F 6E F4 8D 11 02 20 6C 0A F1 A1 85 A4 E4 DE 06 
	35 36 99 23 1C 73 3A 6E 8D D2 DF 65 13 96 6C 91 
	30 15 2A 07 A2 BE DE 
TH34 (size 32):
	DA 61 A9 A5 CA E7 EC D3 6D BB F0 93 A4 ED 0B 67 
	E8 B7 16 05 5A 73 20 60 38 11 78 2A 73 0B E1 EE 
PRK_out (size 32):
	F9 E2 68 19 63 2D FB EA EF A6 7A E1 B7 52 21 D9 
	E3 9B A3 F0 A3 1D 58 60 51 04 73 43 E2 A4 CF 7C 
prk_exporter (size 32):
	E3 64 2A 12 9B F6 A2 C6 E9 81 21 E8 EE 7B C8 99 
	FB 97 67 35 E8 D4 91 F8 BC CD B9 A7 F4 64 2D 7D 
OSCORE Master Secret (size 16)