[resp] get_suite
[resp] suite ready
IPv4 server with address 0.0.0.0 started!
[resp] socket ready
[resp] static DH keygen
[resp] static initiator pk
[resp] ephemeral DH keygen
[resp] starting edhoc_responder_run
[resp] rx got 1223 bytes
message_1 (CBOR Sequence) (size 1223):
	03 15 59 04 C0 FB B4 6F DD 17 E8 B7 0E C5 98 DE 
	CB B6 C8 4A 15 29 B0 DF CF 9E DE D9 C5 F8 D3 BF 
	64 F5 52 D2 10 ED 29 A9 52 86 36 41 84 AD 9F 11 
	5E 7A 97 BE 0D 02 98 14 0A B6 19 81 79 C2 08 1F 
	A5 C1 08 4B 13 9E EE 26 7E 63 25 C5 6E 95 2C 02 
	F1 4C 49 CB 63 14 C6 37 45 27 79 88 6B 92 36 49 
	55 FB DB 1D D6 C0 91 B2 65 CB AE B0 5C A7 14 22 
	ED E6 45 76 1A 8D 16 92 7A 1D 74 7A 7A B2 8C C0 
	D6 20 F2 49 07 8C C2 C6 6E 42 9C 72 F5 8C BA A4 
	38 88 F1 A8 6B 86 07 19 BA CF 79 65 4E 97 7A 59 
	E9 A0 A4 CA 1A 5E 04 F3 3F 0D 19 CD 0B 81 52 87 
	10 84 96 89 1E 5D 3B C6 7F E4 B1 DF 8A AA C2 D2 
	0A F4 46 37 02 D8 52 17 92 7F EB 1B 90 4D A0 86 
	65 53 A6 00 07 49 2C 67 0F 91 BB 53 ED C0 8C 39 
	F6 86 19 03 38 8B 2C 08 39 81 6A 82 B6 84 3D 93 
	34 94 AB CD BB 30 33 7E A5 19 2B 8B B0 97 C0 51 
	8B 0C C4 EF A0 90 C6 5B A4 9B 73 89 8B 24 BC 8C 
	6A 63 BE 42 A1 60 87 AE E8 81 81 91 9A 21 61 4A 
	C0 50 50 53 91 93 67 EA 62 0D 26 B7 09 6E C9 41 
	BD 08 C4 E0 A6 14 18 80 3E AA B1 10 E3 25 70 39 
	20 B7 19 95 A6 1B 07 02 50 68 CF 68 E7 B8 66 B9 
	32 D1 0B B6 71 48 8F 81 2B 4C CD C9 A7 95 80 08 
	83 F3 90 76 30 6F 6D BA 78 54 EC 54 97 0A 6A 46 
	31 19 63 4C 7B 43 EC 9A 89 E2 9C 71 C0 17 8A 0C 
	B8 3A 15 BA 1B 16 B9 A8 2B 44 FB 57 99 1E C0 08 
	E7 49 9F 64 61 48 DA B2 B6 91 C8 18 44 03 A4 64 
	A4 B3 2B CB 8F BC A9 B6 63 69 3F 41 60 42 3C C1 
	15 B0 F2 79 68 C0 9A 99 F6 C9 2A 77 94 46 97 55 
	EE C3 32 4F 68 B1 A1 DA 03 8B A1 C2 F2 DC 2A 2F 
	5C 1E F8 D3 70 38 57 20 D0 85 01 F6 83 28 DD 0A 
	19 B9 F1 53 28 F6 7B 36 37 C3 F2 C0 CC B7 41 48 
	0E E0 B9 1A 35 6D B6 27 C3 01 B1 B3 5E E1 6F 69 
	C4 11 11 DC 7C 17 5A 8E 71 F5 6B 40 E6 B7 CC 67 
	13 A8 C1 B7 3B C9 01 0F 84 9E E1 AA 0C 13 68 13 
	AE 05 D0 A2 D1 3B 7F E3 23 2C 98 33 6F CC 0D 6D 
	25 98 DF 9B 3B 66 BB 97 5B A9 36 F6 E8 0B 52 12 
	BA 51 D6 6C 4D 47 B6 A6 E1 7D C8 E5 0D 1E 84 3F 
	77 68 10 CE 21 55 07 CA 55 38 83 1D 6F B8 8F 7F 
	D1 8B C1 02 16 40 D8 26 08 C4 5B 1D E3 6E 69 A7 
	06 50 13 C7 13 79 5E 70 20 01 B8 35 0A 1E 12 3B 
	B3 E6 74 29 C1 A9 66 99 AD B6 5B 02 59 41 1B 4C 
	B7 69 E7 A6 CA 5C AC 70 65 5C AE 1F E6 67 2E 2C 
	16 38 18 6E EE D4 0A D7 9C C1 D6 14 7F B4 C1 C1 
	9E 39 92 6A D0 93 65 99 A7 FB 68 51 50 A7 18 00 
	36 4A 6D 5B 70 AD 46 03 81 C3 33 B8 BC CC 82 F3 
	46 D9 6C 14 84 25 19 A0 29 BB 6F 84 66 3D 1A 37 
	88 6B 95 C2 5A 7B 3B 19 A2 31 1B 2A 8A EA 0B 7D 
	C4 7C C0 93 B1 E5 EA BE 94 C0 41 8F AB BD BD 3B 
	52 CA 1B AF F4 A2 C1 35 D5 BE 79 D3 C6 FC 13 74 
	BB 84 92 D5 AC 6E AF 89 07 B6 E1 07 46 CA 4D 6B 
	EC 30 93 D0 53 86 08 3B B2 29 88 92 38 BA D2 B9 
	04 2F 5B 37 07 D0 01 C6 F0 03 A1 16 A1 40 A8 4F 
	E2 79 16 B8 63 4D 7E 2C AC 25 01 99 DE E9 C6 6D 
	0C 8C C8 EC 36 E8 85 18 D2 74 11 F2 B1 18 C4 96 
	31 4F 87 0A 0A C9 04 0E 88 5F 2A 9B 9D 7E BA 33 
	08 75 B8 DD 79 3D 05 75 22 F0 BB 60 01 C5 CD A3 
	A1 15 8D 73 9D BD 48 3B 7E 91 45 88 69 5E 3E A6 
	57 9B 69 C1 94 0A 35 0C 2B C4 47 9B 49 E6 8B 63 
	0F 8B 4E C9 37 57 D5 57 93 15 07 5C 08 BB 65 C2 
	61 96 4C 27 36 A2 82 16 E2 FC 51 48 37 9F 95 91 
	88 18 A4 98 1E 45 78 EB 18 0F 71 B6 56 67 43 AB 
	62 C3 B7 C2 72 BE 1B D3 1A 2A 65 53 42 78 7F 9F 
	CA 14 88 E8 21 92 F9 29 E3 5B 7D 9E AB 4F 0B 12 
	0E 65 C7 79 2B DA 72 88 89 A3 E9 98 62 04 60 1B 
	4E 5C 4E 94 9C 60 5A F7 CD D6 67 61 E7 F5 C6 3F 
	E8 B3 52 93 2D 6D D7 73 00 D1 8F B8 3C 66 19 99 
	31 A2 59 8F 19 D5 8D FB D3 91 B8 45 4D 8B 52 A0 
	4E A1 63 A5 F5 32 92 89 56 5C 07 5E C2 80 B6 57 
	16 0A 41 EA 45 75 25 75 B4 75 5C 32 44 8F 7B 88 
	38 EC 1C CB 61 99 7A E9 D0 7E 59 F9 B9 0A 63 9A 
	4D 22 40 C1 91 55 3D C1 AC 7E 7A 9E 28 35 40 ED 
	6A C6 6B 77 65 16 D7 05 1A 95 11 97 C6 B4 C4 97 
	08 D8 73 CB FD 77 46 7B C8 A3 86 8B 99 38 52 8A 
	49 02 92 73 20 36 30 C7 2E AA 98 3E 85 D3 5E 86 
	24 A1 87 57 55 CA 62 DF FC B2 5F FC 2A A8 22 11 
	63 BE B9 21 B9 E5 2D 55 44 1E 9D DE FD 40 41 B2 
	01 1D 9E 1A DA 41 49 
msg1  (size 1223):
	03 15 59 04 C0 FB B4 6F DD 17 E8 B7 0E C5 98 DE 
	CB B6 C8 4A 15 29 B0 DF CF 9E DE D9 C5 F8 D3 BF 
	64 F5 52 D2 10 ED 29 A9 52 86 36 41 84 AD 9F 11 
	5E 7A 97 BE 0D 02 98 14 0A B6 19 81 79 C2 08 1F 
	A5 C1 08 4B 13 9E EE 26 7E 63 25 C5 6E 95 2C 02 
	F1 4C 49 CB 63 14 C6 37 45 27 79 88 6B 92 36 49 
	55 FB DB 1D D6 C0 91 B2 65 CB AE B0 5C A7 14 22 
	ED E6 45 76 1A 8D 16 92 7A 1D 74 7A 7A B2 8C C0 
	D6 20 F2 49 07 8C C2 C6 6E 42 9C 72 F5 8C BA A4 
	38 88 F1 A8 6B 86 07 19 BA CF 79 65 4E 97 7A 59 
	E9 A0 A4 CA 1A 5E 04 F3 3F 0D 19 CD 0B 81 52 87 
	10 84 96 89 1E 5D 3B C6 7F E4 B1 DF 8A AA C2 D2 
	0A F4 46 37 02 D8 52 17 92 7F EB 1B 90 4D A0 86 
	65 53 A6 00 07 49 2C 67 0F 91 BB 53 ED C0 8C 39 
	F6 86 19 03 38 8B 2C 08 39 81 6A 82 B6 84 3D 93 
	34 94 AB CD BB 30 33 7E A5 19 2B 8B B0 97 C0 51 
	8B 0C C4 EF A0 90 C6 5B A4 9B 73 89 8B 24 BC 8C 
	6A 63 BE 42 A1 60 87 AE E8 81 81 91 9A 21 61 4A 
	C0 50 50 53 91 93 67 EA 62 0D 26 B7 09 6E C9 41 
	BD 08 C4 E0 A6 14 18 80 3E AA B1 10 E3 25 70 39 
	20 B7 19 95 A6 1B 07 02 50 68 CF 68 E7 B8 66 B9 
	32 D1 0B B6 71 48 8F 81 2B 4C CD C9 A7 95 80 08 
	83 F3 90 76 30 6F 6D BA 78 54 EC 54 97 0A 6A 46 
	31 19 63 4C 7B 43 EC 9A 89 E2 9C 71 C0 17 8A 0C 
	B8 3A 15 BA 1B 16 B9 A8 2B 44 FB 57 99 1E C0 08 
	E7 49 9F 64 61 48 DA B2 B6 91 C8 18 44 03 A4 64 
	A4 B3 2B CB 8F BC A9 B6 63 69 3F 41 60 42 3C C1 
	15 B0 F2 79 68 C0 9A 99 F6 C9 2A 77 94 46 97 55 
	EE C3 32 4F 68 B1 A1 DA 03 8B A1 C2 F2 DC 2A 2F 
	5C 1E F8 D3 70 38 57 20 D0 85 01 F6 83 28 DD 0A 
	19 B9 F1 53 28 F6 7B 36 37 C3 F2 C0 CC B7 41 48 
	0E E0 B9 1A 35 6D B6 27 C3 01 B1 B3 5E E1 6F 69 
	C4 11 11 DC 7C 17 5A 8E 71 F5 6B 40 E6 B7 CC 67 
	13 A8 C1 B7 3B C9 01 0F 84 9E E1 AA 0C 13 68 13 
	AE 05 D0 A2 D1 3B 7F E3 23 2C 98 33 6F CC 0D 6D 
	25 98 DF 9B 3B 66 BB 97 5B A9 36 F6 E8 0B 52 12 
	BA 51 D6 6C 4D 47 B6 A6 E1 7D C8 E5 0D 1E 84 3F 
	77 68 10 CE 21 55 07 CA 55 38 83 1D 6F B8 8F 7F 
	D1 8B C1 02 16 40 D8 26 08 C4 5B 1D E3 6E 69 A7 
	06 50 13 C7 13 79 5E 70 20 01 B8 35 0A 1E 12 3B 
	B3 E6 74 29 C1 A9 66 99 AD B6 5B 02 59 41 1B 4C 
	B7 69 E7 A6 CA 5C AC 70 65 5C AE 1F E6 67 2E 2C 
	16 38 18 6E EE D4 0A D7 9C C1 D6 14 7F B4 C1 C1 
	9E 39 92 6A D0 93 65 99 A7 FB 68 51 50 A7 18 00 
	36 4A 6D 5B 70 AD 46 03 81 C3 33 B8 BC CC 82 F3 
	46 D9 6C 14 84 25 19 A0 29 BB 6F 84 66 3D 1A 37 
	88 6B 95 C2 5A 7B 3B 19 A2 31 1B 2A 8A EA 0B 7D 
	C4 7C C0 93 B1 E5 EA BE 94 C0 41 8F AB BD BD 3B 
	52 CA 1B AF F4 A2 C1 35 D5 BE 79 D3 C6 FC 13 74 
	BB 84 92 D5 AC 6E AF 89 07 B6 E1 07 46 CA 4D 6B 
	EC 30 93 D0 53 86 08 3B B2 29 88 92 38 BA D2 B9 
	04 2F 5B 37 07 D0 01 C6 F0 03 A1 16 A1 40 A8 4F 
	E2 79 16 B8 63 4D 7E 2C AC 25 01 99 DE E9 C6 6D 
	0C 8C C8 EC 36 E8 85 18 D2 74 11 F2 B1 18 C4 96 
	31 4F 87 0A 0A C9 04 0E 88 5F 2A 9B 9D 7E BA 33 
	08 75 B8 DD 79 3D 05 75 22 F0 BB 60 01 C5 CD A3 
	A1 15 8D 73 9D BD 48 3B 7E 91 45 88 69 5E 3E A6 
	57 9B 69 C1 94 0A 35 0C 2B C4 47 9B 49 E6 8B 63 
	0F 8B 4E C9 37 57 D5 57 93 15 07 5C 08 BB 65 C2 
	61 96 4C 27 36 A2 82 16 E2 FC 51 48 37 9F 95 91 
	88 18 A4 98 1E 45 78 EB 18 0F 71 B6 56 67 43 AB 
	62 C3 B7 C2 72 BE 1B D3 1A 2A 65 53 42 78 7F 9F 
	CA 14 88 E8 21 92 F9 29 E3 5B 7D 9E AB 4F 0B 12 
	0E 65 C7 79 2B DA 72 88 89 A3 E9 98 62 04 60 1B 
	4E 5C 4E 94 9C 60 5A F7 CD D6 67 61 E7 F5 C6 3F 
	E8 B3 52 93 2D 6D D7 73 00 D1 8F B8 3C 66 19 99 
	31 A2 59 8F 19 D5 8D FB D3 91 B8 45 4D 8B 52 A0 
	4E A1 63 A5 F5 32 92 89 56 5C 07 5E C2 80 B6 57 
	16 0A 41 EA 45 75 25 75 B4 75 5C 32 44 8F 7B 88 
	38 EC 1C CB 61 99 7A E9 D0 7E 59 F9 B9 0A 63 9A 
	4D 22 40 C1 91 55 3D C1 AC 7E 7A 9E 28 35 40 ED 
	6A C6 6B 77 65 16 D7 05 1A 95 11 97 C6 B4 C4 97 
	08 D8 73 CB FD 77 46 7B C8 A3 86 8B 99 38 52 8A 
	49 02 92 73 20 36 30 C7 2E AA 98 3E 85 D3 5E 86 
	24 A1 87 57 55 CA 62 DF FC B2 5F FC 2A A8 22 11 
	63 BE B9 21 B9 E5 2D 55 44 1E 9D DE FD 40 41 B2 
	01 1D 9E 1A DA 41 49 
msg1 METHOD: 3
msg1 SUITES_I (size 1):
	15 
g_x len 1216
g_x len message 1 1216
msg1 G_X (size 1216):
	FB B4 6F DD 17 E8 B7 0E C5 98 DE CB B6 C8 4A 15 
	29 B0 DF CF 9E DE D9 C5 F8 D3 BF 64 F5 52 D2 10 
	ED 29 A9 52 86 36 41 84 AD 9F 11 5E 7A 97 BE 0D 
	02 98 14 0A B6 19 81 79 C2 08 1F A5 C1 08 4B 13 
	9E EE 26 7E 63 25 C5 6E 95 2C 02 F1 4C 49 CB 63 
	14 C6 37 45 27 79 88 6B 92 36 49 55 FB DB 1D D6 
	C0 91 B2 65 CB AE B0 5C A7 14 22 ED E6 45 76 1A 
	8D 16 92 7A 1D 74 7A 7A B2 8C C0 D6 20 F2 49 07 
	8C C2 C6 6E 42 9C 72 F5 8C BA A4 38 88 F1 A8 6B 
	86 07 19 BA CF 79 65 4E 97 7A 59 E9 A0 A4 CA 1A 
	5E 04 F3 3F 0D 19 CD 0B 81 52 87 10 84 96 89 1E 
	5D 3B C6 7F E4 B1 DF 8A AA C2 D2 0A F4 46 37 02 
	D8 52 17 92 7F EB 1B 90 4D A0 86 65 53 A6 00 07 
	49 2C 67 0F 91 BB 53 ED C0 8C 39 F6 86 19 03 38 
	8B 2C 08 39 81 6A 82 B6 84 3D 93 34 94 AB CD BB 
	30 33 7E A5 19 2B 8B B0 97 C0 51 8B 0C C4 EF A0 
	90 C6 5B A4 9B 73 89 8B 24 BC 8C 6A 63 BE 42 A1 
	60 87 AE E8 81 81 91 9A 21 61 4A C0 50 50 53 91 
	93 67 EA 62 0D 26 B7 09 6E C9 41 BD 08 C4 E0 A6 
	14 18 80 3E AA B1 10 E3 25 70 39 20 B7 19 95 A6 
	1B 07 02 50 68 CF 68 E7 B8 66 B9 32 D1 0B B6 71 
	48 8F 81 2B 4C CD C9 A7 95 80 08 83 F3 90 76 30 
	6F 6D BA 78 54 EC 54 97 0A 6A 46 31 19 63 4C 7B 
	43 EC 9A 89 E2 9C 71 C0 17 8A 0C B8 3A 15 BA 1B 
	16 B9 A8 2B 44 FB 57 99 1E C0 08 E7 49 9F 64 61 
	48 DA B2 B6 91 C8 18 44 03 A4 64 A4 B3 2B CB 8F 
	BC A9 B6 63 69 3F 41 60 42 3C C1 15 B0 F2 79 68 
	C0 9A 99 F6 C9 2A 77 94 46 97 55 EE C3 32 4F 68 
	B1 A1 DA 03 8B A1 C2 F2 DC 2A 2F 5C 1E F8 D3 70 
	38 57 20 D0 85 01 F6 83 28 DD 0A 19 B9 F1 53 28 
	F6 7B 36 37 C3 F2 C0 CC B7 41 48 0E E0 B9 1A 35 
	6D B6 27 C3 01 B1 B3 5E E1 6F 69 C4 11 11 DC 7C 
	17 5A 8E 71 F5 6B 40 E6 B7 CC 67 13 A8 C1 B7 3B 
	C9 01 0F 84 9E E1 AA 0C 13 68 13 AE 05 D0 A2 D1 
	3B 7F E3 23 2C 98 33 6F CC 0D 6D 25 98 DF 9B 3B 
	66 BB 97 5B A9 36 F6 E8 0B 52 12 BA 51 D6 6C 4D 
	47 B6 A6 E1 7D C8 E5 0D 1E 84 3F 77 68 10 CE 21 
	55 07 CA 55 38 83 1D 6F B8 8F 7F D1 8B C1 02 16 
	40 D8 26 08 C4 5B 1D E3 6E 69 A7 06 50 13 C7 13 
	79 5E 70 20 01 B8 35 0A 1E 12 3B B3 E6 74 29 C1 
	A9 66 99 AD B6 5B 02 59 41 1B 4C B7 69 E7 A6 CA 
	5C AC 70 65 5C AE 1F E6 67 2E 2C 16 38 18 6E EE 
	D4 0A D7 9C C1 D6 14 7F B4 C1 C1 9E 39 92 6A D0 
	93 65 99 A7 FB 68 51 50 A7 18 00 36 4A 6D 5B 70 
	AD 46 03 81 C3 33 B8 BC CC 82 F3 46 D9 6C 14 84 
	25 19 A0 29 BB 6F 84 66 3D 1A 37 88 6B 95 C2 5A 
	7B 3B 19 A2 31 1B 2A 8A EA 0B 7D C4 7C C0 93 B1 
	E5 EA BE 94 C0 41 8F AB BD BD 3B 52 CA 1B AF F4 
	A2 C1 35 D5 BE 79 D3 C6 FC 13 74 BB 84 92 D5 AC 
	6E AF 89 07 B6 E1 07 46 CA 4D 6B EC 30 93 D0 53 
	86 08 3B B2 29 88 92 38 BA D2 B9 04 2F 5B 37 07 
	D0 01 C6 F0 03 A1 16 A1 40 A8 4F E2 79 16 B8 63 
	4D 7E 2C AC 25 01 99 DE E9 C6 6D 0C 8C C8 EC 36 
	E8 85 18 D2 74 11 F2 B1 18 C4 96 31 4F 87 0A 0A 
	C9 04 0E 88 5F 2A 9B 9D 7E BA 33 08 75 B8 DD 79 
	3D 05 75 22 F0 BB 60 01 C5 CD A3 A1 15 8D 73 9D 
	BD 48 3B 7E 91 45 88 69 5E 3E A6 57 9B 69 C1 94 
	0A 35 0C 2B C4 47 9B 49 E6 8B 63 0F 8B 4E C9 37 
	57 D5 57 93 15 07 5C 08 BB 65 C2 61 96 4C 27 36 
	A2 82 16 E2 FC 51 48 37 9F 95 91 88 18 A4 98 1E 
	45 78 EB 18 0F 71 B6 56 67 43 AB 62 C3 B7 C2 72 
	BE 1B D3 1A 2A 65 53 42 78 7F 9F CA 14 88 E8 21 
	92 F9 29 E3 5B 7D 9E AB 4F 0B 12 0E 65 C7 79 2B 
	DA 72 88 89 A3 E9 98 62 04 60 1B 4E 5C 4E 94 9C 
	60 5A F7 CD D6 67 61 E7 F5 C6 3F E8 B3 52 93 2D 
	6D D7 73 00 D1 8F B8 3C 66 19 99 31 A2 59 8F 19 
	D5 8D FB D3 91 B8 45 4D 8B 52 A0 4E A1 63 A5 F5 
	32 92 89 56 5C 07 5E C2 80 B6 57 16 0A 41 EA 45 
	75 25 75 B4 75 5C 32 44 8F 7B 88 38 EC 1C CB 61 
	99 7A E9 D0 7E 59 F9 B9 0A 63 9A 4D 22 40 C1 91 
	55 3D C1 AC 7E 7A 9E 28 35 40 ED 6A C6 6B 77 65 
	16 D7 05 1A 95 11 97 C6 B4 C4 97 08 D8 73 CB FD 
	77 46 7B C8 A3 86 8B 99 38 52 8A 49 02 92 73 20 
	36 30 C7 2E AA 98 3E 85 D3 5E 86 24 A1 87 57 55 
	CA 62 DF FC B2 5F FC 2A A8 22 11 63 BE B9 21 B9 
	E5 2D 55 44 1E 9D DE FD 40 41 B2 01 1D 9E 1A DA 
msg1 C_I_raw (size 1):
	49 
Suite 21 will be used in this EDHOC run.
PQ/T hybrid declare second array
PQ/T hybrid suit
PQ/T y  (size 32):
	38 89 C4 E0 B5 3B 03 FA 44 FB A6 AF 89 EE AA 5F 
	43 47 E8 49 6E 93 4C E8 13 64 E1 32 CF CA 25 6D 
PQ/T gx  (size 1216):
	FB B4 6F DD 17 E8 B7 0E C5 98 DE CB B6 C8 4A 15 
	29 B0 DF CF 9E DE D9 C5 F8 D3 BF 64 F5 52 D2 10 
	ED 29 A9 52 86 36 41 84 AD 9F 11 5E 7A 97 BE 0D 
	02 98 14 0A B6 19 81 79 C2 08 1F A5 C1 08 4B 13 
	9E EE 26 7E 63 25 C5 6E 95 2C 02 F1 4C 49 CB 63 
	14 C6 37 45 27 79 88 6B 92 36 49 55 FB DB 1D D6 
	C0 91 B2 65 CB AE B0 5C A7 14 22 ED E6 45 76 1A 
	8D 16 92 7A 1D 74 7A 7A B2 8C C0 D6 20 F2 49 07 
	8C C2 C6 6E 42 9C 72 F5 8C BA A4 38 88 F1 A8 6B 
	86 07 19 BA CF 79 65 4E 97 7A 59 E9 A0 A4 CA 1A 
	5E 04 F3 3F 0D 19 CD 0B 81 52 87 10 84 96 89 1E 
	5D 3B C6 7F E4 B1 DF 8A AA C2 D2 0A F4 46 37 02 
	D8 52 17 92 7F EB 1B 90 4D A0 86 65 53 A6 00 07 
	49 2C 67 0F 91 BB 53 ED C0 8C 39 F6 86 19 03 38 
	8B 2C 08 39 81 6A 82 B6 84 3D 93 34 94 AB CD BB 
	30 33 7E A5 19 2B 8B B0 97 C0 51 8B 0C C4 EF A0 
	90 C6 5B A4 9B 73 89 8B 24 BC 8C 6A 63 BE 42 A1 
	60 87 AE E8 81 81 91 9A 21 61 4A C0 50 50 53 91 
	93 67 EA 62 0D 26 B7 09 6E C9 41 BD 08 C4 E0 A6 
	14 18 80 3E AA B1 10 E3 25 70 39 20 B7 19 95 A6 
	1B 07 02 50 68 CF 68 E7 B8 66 B9 32 D1 0B B6 71 
	48 8F 81 2B 4C CD C9 A7 95 80 08 83 F3 90 76 30 
	6F 6D BA 78 54 EC 54 97 0A 6A 46 31 19 63 4C 7B 
	43 EC 9A 89 E2 9C 71 C0 17 8A 0C B8 3A 15 BA 1B 
	16 B9 A8 2B 44 FB 57 99 1E C0 08 E7 49 9F 64 61 
	48 DA B2 B6 91 C8 18 44 03 A4 64 A4 B3 2B CB 8F 
	BC A9 B6 63 69 3F 41 60 42 3C C1 15 B0 F2 79 68 
	C0 9A 99 F6 C9 2A 77 94 46 97 55 EE C3 32 4F 68 
	B1 A1 DA 03 8B A1 C2 F2 DC 2A 2F 5C 1E F8 D3 70 
	38 57 20 D0 85 01 F6 83 28 DD 0A 19 B9 F1 53 28 
	F6 7B 36 37 C3 F2 C0 CC B7 41 48 0E E0 B9 1A 35 
	6D B6 27 C3 01 B1 B3 5E E1 6F 69 C4 11 11 DC 7C 
	17 5A 8E 71 F5 6B 40 E6 B7 CC 67 13 A8 C1 B7 3B 
	C9 01 0F 84 9E E1 AA 0C 13 68 13 AE 05 D0 A2 D1 
	3B 7F E3 23 2C 98 33 6F CC 0D 6D 25 98 DF 9B 3B 
	66 BB 97 5B A9 36 F6 E8 0B 52 12 BA 51 D6 6C 4D 
	47 B6 A6 E1 7D C8 E5 0D 1E 84 3F 77 68 10 CE 21 
	55 07 CA 55 38 83 1D 6F B8 8F 7F D1 8B C1 02 16 
	40 D8 26 08 C4 5B 1D E3 6E 69 A7 06 50 13 C7 13 
	79 5E 70 20 01 B8 35 0A 1E 12 3B B3 E6 74 29 C1 
	A9 66 99 AD B6 5B 02 59 41 1B 4C B7 69 E7 A6 CA 
	5C AC 70 65 5C AE 1F E6 67 2E 2C 16 38 18 6E EE 
	D4 0A D7 9C C1 D6 14 7F B4 C1 C1 9E 39 92 6A D0 
	93 65 99 A7 FB 68 51 50 A7 18 00 36 4A 6D 5B 70 
	AD 46 03 81 C3 33 B8 BC CC 82 F3 46 D9 6C 14 84 
	25 19 A0 29 BB 6F 84 66 3D 1A 37 88 6B 95 C2 5A 
	7B 3B 19 A2 31 1B 2A 8A EA 0B 7D C4 7C C0 93 B1 
	E5 EA BE 94 C0 41 8F AB BD BD 3B 52 CA 1B AF F4 
	A2 C1 35 D5 BE 79 D3 C6 FC 13 74 BB 84 92 D5 AC 
	6E AF 89 07 B6 E1 07 46 CA 4D 6B EC 30 93 D0 53 
	86 08 3B B2 29 88 92 38 BA D2 B9 04 2F 5B 37 07 
	D0 01 C6 F0 03 A1 16 A1 40 A8 4F E2 79 16 B8 63 
	4D 7E 2C AC 25 01 99 DE E9 C6 6D 0C 8C C8 EC 36 
	E8 85 18 D2 74 11 F2 B1 18 C4 96 31 4F 87 0A 0A 
	C9 04 0E 88 5F 2A 9B 9D 7E BA 33 08 75 B8 DD 79 
	3D 05 75 22 F0 BB 60 01 C5 CD A3 A1 15 8D 73 9D 
	BD 48 3B 7E 91 45 88 69 5E 3E A6 57 9B 69 C1 94 
	0A 35 0C 2B C4 47 9B 49 E6 8B 63 0F 8B 4E C9 37 
	57 D5 57 93 15 07 5C 08 BB 65 C2 61 96 4C 27 36 
	A2 82 16 E2 FC 51 48 37 9F 95 91 88 18 A4 98 1E 
	45 78 EB 18 0F 71 B6 56 67 43 AB 62 C3 B7 C2 72 
	BE 1B D3 1A 2A 65 53 42 78 7F 9F CA 14 88 E8 21 
	92 F9 29 E3 5B 7D 9E AB 4F 0B 12 0E 65 C7 79 2B 
	DA 72 88 89 A3 E9 98 62 04 60 1B 4E 5C 4E 94 9C 
	60 5A F7 CD D6 67 61 E7 F5 C6 3F E8 B3 52 93 2D 
	6D D7 73 00 D1 8F B8 3C 66 19 99 31 A2 59 8F 19 
	D5 8D FB D3 91 B8 45 4D 8B 52 A0 4E A1 63 A5 F5 
	32 92 89 56 5C 07 5E C2 80 B6 57 16 0A 41 EA 45 
	75 25 75 B4 75 5C 32 44 8F 7B 88 38 EC 1C CB 61 
	99 7A E9 D0 7E 59 F9 B9 0A 63 9A 4D 22 40 C1 91 
	55 3D C1 AC 7E 7A 9E 28 35 40 ED 6A C6 6B 77 65 
	16 D7 05 1A 95 11 97 C6 B4 C4 97 08 D8 73 CB FD 
	77 46 7B C8 A3 86 8B 99 38 52 8A 49 02 92 73 20 
	36 30 C7 2E AA 98 3E 85 D3 5E 86 24 A1 87 57 55 
	CA 62 DF FC B2 5F FC 2A A8 22 11 63 BE B9 21 B9 
	E5 2D 55 44 1E 9D DE FD 40 41 B2 01 1D 9E 1A DA 
DH y  (size 32):
	38 89 C4 E0 B5 3B 03 FA 44 FB A6 AF 89 EE AA 5F 
	43 47 E8 49 6E 93 4C E8 13 64 E1 32 CF CA 25 6D 
DH gx  (size 32):
	FB B4 6F DD 17 E8 B7 0E C5 98 DE CB B6 C8 4A 15 
	29 B0 DF CF 9E DE D9 C5 F8 D3 BF 64 F5 52 D2 10 
SHARED SECRET DERIVE
G_XY (ECDH shared secret)  (size 32):
	23 42 DA 3A 44 A9 28 77 02 7E D4 DE 6D 1E 8E A1 
	6A 64 F6 60 1A CF 0D 09 79 E2 32 07 86 54 F8 6D 
KEM mechanism
KEM - g_x  (size 1184):
	ED 29 A9 52 86 36 41 84 AD 9F 11 5E 7A 97 BE 0D 
	02 98 14 0A B6 19 81 79 C2 08 1F A5 C1 08 4B 13 
	9E EE 26 7E 63 25 C5 6E 95 2C 02 F1 4C 49 CB 63 
	14 C6 37 45 27 79 88 6B 92 36 49 55 FB DB 1D D6 
	C0 91 B2 65 CB AE B0 5C A7 14 22 ED E6 45 76 1A 
	8D 16 92 7A 1D 74 7A 7A B2 8C C0 D6 20 F2 49 07 
	8C C2 C6 6E 42 9C 72 F5 8C BA A4 38 88 F1 A8 6B 
	86 07 19 BA CF 79 65 4E 97 7A 59 E9 A0 A4 CA 1A 
	5E 04 F3 3F 0D 19 CD 0B 81 52 87 10 84 96 89 1E 
	5D 3B C6 7F E4 B1 DF 8A AA C2 D2 0A F4 46 37 02 
	D8 52 17 92 7F EB 1B 90 4D A0 86 65 53 A6 00 07 
	49 2C 67 0F 91 BB 53 ED C0 8C 39 F6 86 19 03 38 
	8B 2C 08 39 81 6A 82 B6 84 3D 93 34 94 AB CD BB 
	30 33 7E A5 19 2B 8B B0 97 C0 51 8B 0C C4 EF A0 
	90 C6 5B A4 9B 73 89 8B 24 BC 8C 6A 63 BE 42 A1 
	60 87 AE E8 81 81 91 9A 21 61 4A C0 50 50 53 91 
	93 67 EA 62 0D 26 B7 09 6E C9 41 BD 08 C4 E0 A6 
	14 18 80 3E AA B1 10 E3 25 70 39 20 B7 19 95 A6 
	1B 07 02 50 68 CF 68 E7 B8 66 B9 32 D1 0B B6 71 
	48 8F 81 2B 4C CD C9 A7 95 80 08 83 F3 90 76 30 
	6F 6D BA 78 54 EC 54 97 0A 6A 46 31 19 63 4C 7B 
	43 EC 9A 89 E2 9C 71 C0 17 8A 0C B8 3A 15 BA 1B 
	16 B9 A8 2B 44 FB 57 99 1E C0 08 E7 49 9F 64 61 
	48 DA B2 B6 91 C8 18 44 03 A4 64 A4 B3 2B CB 8F 
	BC A9 B6 63 69 3F 41 60 42 3C C1 15 B0 F2 79 68 
	C0 9A 99 F6 C9 2A 77 94 46 97 55 EE C3 32 4F 68 
	B1 A1 DA 03 8B A1 C2 F2 DC 2A 2F 5C 1E F8 D3 70 
	38 57 20 D0 85 01 F6 83 28 DD 0A 19 B9 F1 53 28 
	F6 7B 36 37 C3 F2 C0 CC B7 41 48 0E E0 B9 1A 35 
	6D B6 27 C3 01 B1 B3 5E E1 6F 69 C4 11 11 DC 7C 
	17 5A 8E 71 F5 6B 40 E6 B7 CC 67 13 A8 C1 B7 3B 
	C9 01 0F 84 9E E1 AA 0C 13 68 13 AE 05 D0 A2 D1 
	3B 7F E3 23 2C 98 33 6F CC 0D 6D 25 98 DF 9B 3B 
	66 BB 97 5B A9 36 F6 E8 0B 52 12 BA 51 D6 6C 4D 
	47 B6 A6 E1 7D C8 E5 0D 1E 84 3F 77 68 10 CE 21 
	55 07 CA 55 38 83 1D 6F B8 8F 7F D1 8B C1 02 16 
	40 D8 26 08 C4 5B 1D E3 6E 69 A7 06 50 13 C7 13 
	79 5E 70 20 01 B8 35 0A 1E 12 3B B3 E6 74 29 C1 
	A9 66 99 AD B6 5B 02 59 41 1B 4C B7 69 E7 A6 CA 
	5C AC 70 65 5C AE 1F E6 67 2E 2C 16 38 18 6E EE 
	D4 0A D7 9C C1 D6 14 7F B4 C1 C1 9E 39 92 6A D0 
	93 65 99 A7 FB 68 51 50 A7 18 00 36 4A 6D 5B 70 
	AD 46 03 81 C3 33 B8 BC CC 82 F3 46 D9 6C 14 84 
	25 19 A0 29 BB 6F 84 66 3D 1A 37 88 6B 95 C2 5A 
	7B 3B 19 A2 31 1B 2A 8A EA 0B 7D C4 7C C0 93 B1 
	E5 EA BE 94 C0 41 8F AB BD BD 3B 52 CA 1B AF F4 
	A2 C1 35 D5 BE 79 D3 C6 FC 13 74 BB 84 92 D5 AC 
	6E AF 89 07 B6 E1 07 46 CA 4D 6B EC 30 93 D0 53 
	86 08 3B B2 29 88 92 38 BA D2 B9 04 2F 5B 37 07 
	D0 01 C6 F0 03 A1 16 A1 40 A8 4F E2 79 16 B8 63 
	4D 7E 2C AC 25 01 99 DE E9 C6 6D 0C 8C C8 EC 36 
	E8 85 18 D2 74 11 F2 B1 18 C4 96 31 4F 87 0A 0A 
	C9 04 0E 88 5F 2A 9B 9D 7E BA 33 08 75 B8 DD 79 
	3D 05 75 22 F0 BB 60 01 C5 CD A3 A1 15 8D 73 9D 
	BD 48 3B 7E 91 45 88 69 5E 3E A6 57 9B 69 C1 94 
	0A 35 0C 2B C4 47 9B 49 E6 8B 63 0F 8B 4E C9 37 
	57 D5 57 93 15 07 5C 08 BB 65 C2 61 96 4C 27 36 
	A2 82 16 E2 FC 51 48 37 9F 95 91 88 18 A4 98 1E 
	45 78 EB 18 0F 71 B6 56 67 43 AB 62 C3 B7 C2 72 
	BE 1B D3 1A 2A 65 53 42 78 7F 9F CA 14 88 E8 21 
	92 F9 29 E3 5B 7D 9E AB 4F 0B 12 0E 65 C7 79 2B 
	DA 72 88 89 A3 E9 98 62 04 60 1B 4E 5C 4E 94 9C 
	60 5A F7 CD D6 67 61 E7 F5 C6 3F E8 B3 52 93 2D 
	6D D7 73 00 D1 8F B8 3C 66 19 99 31 A2 59 8F 19 
	D5 8D FB D3 91 B8 45 4D 8B 52 A0 4E A1 63 A5 F5 
	32 92 89 56 5C 07 5E C2 80 B6 57 16 0A 41 EA 45 
	75 25 75 B4 75 5C 32 44 8F 7B 88 38 EC 1C CB 61 
	99 7A E9 D0 7E 59 F9 B9 0A 63 9A 4D 22 40 C1 91 
	55 3D C1 AC 7E 7A 9E 28 35 40 ED 6A C6 6B 77 65 
	16 D7 05 1A 95 11 97 C6 B4 C4 97 08 D8 73 CB FD 
	77 46 7B C8 A3 86 8B 99 38 52 8A 49 02 92 73 20 
	36 30 C7 2E AA 98 3E 85 D3 5E 86 24 A1 87 57 55 
	CA 62 DF FC B2 5F FC 2A A8 22 11 63 BE B9 21 B9 
	E5 2D 55 44 1E 9D DE FD 40 41 B2 01 1D 9E 1A DA 
gx PQ/T size: 1216 - KEM size 1184
PQ/T g_y  (size 1120):
	27 B1 D6 35 A6 63 38 2D 99 E0 31 B3 E9 A5 D6 82 
	A0 95 45 04 93 56 AF 6F 13 54 DE D1 3E D2 9C 72 
	00 00 00 00 00 00 00 00 00 00 00 00 00 00 00 00 
	00 00 00 00 00 00 00 00 00 00 00 00 00 00 00 00 
	00 00 00 00 00 00 00 00 00 00 00 00 00 00 00 00 
	00 00 00 00 00 00 00 00 00 00 00 00 00 00 00 00 
	00 00 00 00 00 00 00 00 00 00 00 00 00 00 00 00 
	00 00 00 00 00 00 00 00 00 00 00 00 00 00 00 00 
	00 00 00 00 00 00 00 00 00 00 00 00 00 00 00 00 
	00 00 00 00 00 00 00 00 00 00 00 00 00 00 00 00 
	00 00 00 00 00 00 00 00 00 00 00 00 00 00 00 00 
	00 00 00 00 00 00 00 00 00 00 00 00 00 00 00 00 
	00 00 00 00 00 00 00 00 00 00 00 00 00 00 00 00 
	00 00 00 00 00 00 00 00 00 00 00 00 00 00 00 00 
	00 00 00 00 00 00 00 00 00 00 00 00 00 00 00 00 
	00 00 00 00 00 00 00 00 00 00 00 00 00 00 00 00 
	00 00 00 00 00 00 00 00 00 00 00 00 00 00 00 00 
	00 00 00 00 00 00 00 00 00 00 00 00 00 00 00 00 
	00 00 00 00 00 00 00 00 00 00 00 00 00 00 00 00 
	00 00 00 00 00 00 00 00 00 00 00 00 00 00 00 00 
	00 00 00 00 00 00 00 00 00 00 00 00 00 00 00 00 
	00 00 00 00 00 00 00 00 00 00 00 00 00 00 00 00 
	00 00 00 00 00 00 00 00 00 00 00 00 00 00 00 00 
	00 00 00 00 00 00 00 00 00 00 00 00 00 00 00 00 
	00 00 00 00 00 00 00 00 00 00 00 00 00 00 00 00 
	00 00 00 00 00 00 00 00 00 00 00 00 00 00 00 00 
	00 00 00 00 00 00 00 00 00 00 00 00 00 00 00 00 
	00 00 00 00 00 00 00 00 00 00 00 00 00 00 00 00 
	00 00 00 00 00 00 00 00 00 00 00 00 00 00 00 00 
	00 00 00 00 00 00 00 00 00 00 00 00 00 00 00 00 
	00 00 00 00 00 00 00 00 00 00 00 00 00 00 00 00 
	00 00 00 00 00 00 00 00 00 00 00 00 00 00 00 00 
	00 00 00 00 00 00 00 00 00 00 00 00 00 00 00 00 
	00 00 00 00 00 00 00 00 00 00 00 00 00 00 00 00 
	00 00 00 00 00 00 00 00 00 00 00 00 00 00 00 00 
	00 00 00 00 00 00 00 00 00 00 00 00 00 00 00 00 
	00 00 00 00 00 00 00 00 00 00 00 00 00 00 00 00 
	00 00 00 00 00 00 00 00 00 00 00 00 00 00 00 00 
	00 00 00 00 00 00 00 00 00 00 00 00 00 00 00 00 
	00 00 00 00 00 00 00 00 00 00 00 00 00 00 00 00 
	00 00 00 00 00 00 00 00 00 00 00 00 00 00 00 00 
	00 00 00 00 00 00 00 00 00 00 00 00 00 00 00 00 
	00 00 00 00 00 00 00 00 00 00 00 00 00 00 00 00 
	00 00 00 00 00 00 00 00 00 00 00 00 00 00 00 00 
	00 00 00 00 00 00 00 00 00 00 00 00 00 00 00 00 
	00 00 00 00 00 00 00 00 00 00 00 00 00 00 00 00 
	00 00 00 00 00 00 00 00 00 00 00 00 00 00 00 00 
	00 00 00 00 00 00 00 00 00 00 00 00 00 00 00 00 
	00 00 00 00 00 00 00 00 00 00 00 00 00 00 00 00 
	00 00 00 00 00 00 00 00 00 00 00 00 00 00 00 00 
	00 00 00 00 00 00 00 00 00 00 00 00 00 00 00 00 
	00 00 00 00 00 00 00 00 00 00 00 00 00 00 00 00 
	00 00 00 00 00 00 00 00 00 00 00 00 00 00 00 00 
	00 00 00 00 00 00 00 00 00 00 00 00 00 00 00 00 
	00 00 00 00 00 00 00 00 00 00 00 00 00 00 00 00 
	00 00 00 00 00 00 00 00 00 00 00 00 00 00 00 00 
	00 00 00 00 00 00 00 00 00 00 00 00 00 00 00 00 
	00 00 00 00 00 00 00 00 00 00 00 00 00 00 00 00 
	00 00 00 00 00 00 00 00 00 00 00 00 00 00 00 00 
	00 00 00 00 00 00 00 00 00 00 00 00 00 00 00 00 
	00 00 00 00 00 00 00 00 00 00 00 00 00 00 00 00 
	00 00 00 00 00 00 00 00 00 00 00 00 00 00 00 00 
	00 00 00 00 00 00 00 00 00 00 00 00 00 00 00 00 
	00 00 00 00 00 00 00 00 00 00 00 00 00 00 00 00 
	00 00 00 00 00 00 00 00 00 00 00 00 00 00 00 00 
	00 00 00 00 00 00 00 00 00 00 00 00 00 00 00 00 
	00 00 00 00 00 00 00 00 00 00 00 00 00 00 00 00 
	00 00 00 00 00 00 00 00 00 00 00 00 00 00 00 00 
	00 00 00 00 00 00 00 00 00 00 00 00 00 00 00 00 
	00 00 00 00 00 00 00 00 00 00 00 00 00 00 00 00 
KEM - g_y  (size 1088):
	00 00 00 00 00 00 00 00 00 00 00 00 00 00 00 00 
	00 00 00 00 00 00 00 00 00 00 00 00 00 00 00 00 
	00 00 00 00 00 00 00 00 00 00 00 00 00 00 00 00 
	00 00 00 00 00 00 00 00 00 00 00 00 00 00 00 00 
	00 00 00 00 00 00 00 00 00 00 00 00 00 00 00 00 
	00 00 00 00 00 00 00 00 00 00 00 00 00 00 00 00 
	00 00 00 00 00 00 00 00 00 00 00 00 00 00 00 00 
	00 00 00 00 00 00 00 00 00 00 00 00 00 00 00 00 
	00 00 00 00 00 00 00 00 00 00 00 00 00 00 00 00 
	00 00 00 00 00 00 00 00 00 00 00 00 00 00 00 00 
	00 00 00 00 00 00 00 00 00 00 00 00 00 00 00 00 
	00 00 00 00 00 00 00 00 00 00 00 00 00 00 00 00 
	00 00 00 00 00 00 00 00 00 00 00 00 00 00 00 00 
	00 00 00 00 00 00 00 00 00 00 00 00 00 00 00 00 
	00 00 00 00 00 00 00 00 00 00 00 00 00 00 00 00 
	00 00 00 00 00 00 00 00 00 00 00 00 00 00 00 00 
	00 00 00 00 00 00 00 00 00 00 00 00 00 00 00 00 
	00 00 00 00 00 00 00 00 00 00 00 00 00 00 00 00 
	00 00 00 00 00 00 00 00 00 00 00 00 00 00 00 00 
	00 00 00 00 00 00 00 00 00 00 00 00 00 00 00 00 
	00 00 00 00 00 00 00 00 00 00 00 00 00 00 00 00 
	00 00 00 00 00 00 00 00 00 00 00 00 00 00 00 00 
	00 00 00 00 00 00 00 00 00 00 00 00 00 00 00 00 
	00 00 00 00 00 00 00 00 00 00 00 00 00 00 00 00 
	00 00 00 00 00 00 00 00 00 00 00 00 00 00 00 00 
	00 00 00 00 00 00 00 00 00 00 00 00 00 00 00 00 
	00 00 00 00 00 00 00 00 00 00 00 00 00 00 00 00 
	00 00 00 00 00 00 00 00 00 00 00 00 00 00 00 00 
	00 00 00 00 00 00 00 00 00 00 00 00 00 00 00 00 
	00 00 00 00 00 00 00 00 00 00 00 00 00 00 00 00 
	00 00 00 00 00 00 00 00 00 00 00 00 00 00 00 00 
	00 00 00 00 00 00 00 00 00 00 00 00 00 00 00 00 
	00 00 00 00 00 00 00 00 00 00 00 00 00 00 00 00 
	00 00 00 00 00 00 00 00 00 00 00 00 00 00 00 00 
	00 00 00 00 00 00 00 00 00 00 00 00 00 00 00 00 
	00 00 00 00 00 00 00 00 00 00 00 00 00 00 00 00 
	00 00 00 00 00 00 00 00 00 00 00 00 00 00 00 00 
	00 00 00 00 00 00 00 00 00 00 00 00 00 00 00 00 
	00 00 00 00 00 00 00 00 00 00 00 00 00 00 00 00 
	00 00 00 00 00 00 00 00 00 00 00 00 00 00 00 00 
	00 00 00 00 00 00 00 00 00 00 00 00 00 00 00 00 
	00 00 00 00 00 00 00 00 00 00 00 00 00 00 00 00 
	00 00 00 00 00 00 00 00 00 00 00 00 00 00 00 00 
	00 00 00 00 00 00 00 00 00 00 00 00 00 00 00 00 
	00 00 00 00 00 00 00 00 00 00 00 00 00 00 00 00 
	00 00 00 00 00 00 00 00 00 00 00 00 00 00 00 00 
	00 00 00 00 00 00 00 00 00 00 00 00 00 00 00 00 
	00 00 00 00 00 00 00 00 00 00 00 00 00 00 00 00 
	00 00 00 00 00 00 00 00 00 00 00 00 00 00 00 00 
	00 00 00 00 00 00 00 00 00 00 00 00 00 00 00 00 
	00 00 00 00 00 00 00 00 00 00 00 00 00 00 00 00 
	00 00 00 00 00 00 00 00 00 00 00 00 00 00 00 00 
	00 00 00 00 00 00 00 00 00 00 00 00 00 00 00 00 
	00 00 00 00 00 00 00 00 00 00 00 00 00 00 00 00 
	00 00 00 00 00 00 00 00 00 00 00 00 00 00 00 00 
	00 00 00 00 00 00 00 00 00 00 00 00 00 00 00 00 
	00 00 00 00 00 00 00 00 00 00 00 00 00 00 00 00 
	00 00 00 00 00 00 00 00 00 00 00 00 00 00 00 00 
	00 00 00 00 00 00 00 00 00 00 00 00 00 00 00 00 
	00 00 00 00 00 00 00 00 00 00 00 00 00 00 00 00 
	00 00 00 00 00 00 00 00 00 00 00 00 00 00 00 00 
	00 00 00 00 00 00 00 00 00 00 00 00 00 00 00 00 
	00 00 00 00 00 00 00 00 00 00 00 00 00 00 00 00 
	00 00 00 00 00 00 00 00 00 00 00 00 00 00 00 00 
	00 00 00 00 00 00 00 00 00 00 00 00 00 00 00 00 
	00 00 00 00 00 00 00 00 00 00 00 00 00 00 00 00 
	00 00 00 00 00 00 00 00 00 00 00 00 00 00 00 00 
	00 00 00 00 00 00 00 00 00 00 00 00 00 00 00 00 
Encapsulate correct
G_XY (PQ SS) (size 32):
	0A 60 1C 0D 1D 3B 12 C5 96 8E 21 AD 2A 7D E6 23 
	9B 88 6E 24 47 3E 83 91 69 9E B9 93 3A 05 2D EA 
G_Y (PQ CC) (size 1088):
	6E E0 69 C2 B3 50 31 6F B8 04 30 66 39 6A C3 FA 
	87 2B 2F F1 96 2A F1 F2 09 5C 7E D8 1C B3 26 D0 
	99 3A D6 3C 64 38 2B 19 18 E5 0E A2 99 B1 77 21 
	E1 83 65 38 76 25 C3 46 D4 8F 34 43 B7 7F 6A B3 
	FB 8A 0E 4B 5F 90 52 76 6F E4 6F A0 E0 66 BF 90 
	AA 20 F8 70 9F FF 49 3A C8 EF 17 DA 24 BF 22 8A 
	43 D0 14 B9 3D F9 D1 43 50 2E 17 C3 A9 87 D7 40 
	C0 FA 29 E1 A4 33 41 87 DA 27 41 77 E1 5B 93 1D 
	D6 05 32 4F DA D3 10 BB E5 44 04 DF B6 4C 5E A3 
	3F CC 66 8F 9A 2F 58 86 91 08 47 A7 95 3D 42 D4 
	5B DB 5D B0 E1 E1 A2 60 CE F4 BF C5 8E CD A6 A1 
	CA 5C 30 20 B5 3D BE A0 D5 0A 91 CA CF 9F 04 F5 
	50 27 32 59 8D D2 92 A9 36 58 86 1E DB 6C 74 66 
	E6 AF C0 2F EE B4 B9 D7 2F AC FB FF 67 A1 91 61 
	55 35 3C 0C B8 A3 1B E7 5D CB 44 36 92 0B 76 45 
	5A 7E 7E 5F 16 71 9A 10 11 56 97 7F 6A 10 FE EB 
	84 7C F0 F5 34 46 24 64 7D E6 AE 00 28 63 1F 86 
	F7 72 7A 3E FD 50 41 2D EB 07 A3 46 7E 6D 9E 78 
	37 D6 43 E0 BD A7 CB 8E FA 18 95 6D 31 3F 22 F2 
	E0 0E BA 2F 5B 31 33 36 DB B3 CF B4 4A 25 4A 09 
	A5 41 CF 3E 25 FF B7 96 0B 11 9A A4 57 E4 BD CA 
	00 AE C5 B2 9C F0 00 6B A3 10 7D 45 A4 3D 48 FC 
	0D 7B 2E 7B F2 0A 04 87 A5 79 EE 08 94 C6 7F 22 
	B7 7C 50 CD 48 37 92 42 58 65 97 8E EB 9C 43 FB 
	92 8B 9B C5 41 FE 9A 1E EF 33 A6 B1 10 AC D3 B6 
	7F 13 86 7F 61 92 E9 A4 19 06 15 2F 4B CD FB F0 
	BD 60 4D 2D D8 57 E7 39 FC F3 61 9F 65 9A B6 41 
	A0 47 1A 2C 65 D5 4E 9C 39 6E 9B 87 5A 23 55 C0 
	38 50 B7 B7 D8 37 C4 4A C5 2A D4 BA 94 42 64 DF 
	06 A2 3B 7D DF 07 29 28 38 EB 4B 16 E1 A2 B2 68 
	F9 0C 0A 96 A1 4C 43 5E 8D C6 0D 47 62 CE 35 73 
	BA 4F CE 72 41 33 48 F7 5F 01 83 D4 F2 99 05 3D 
	6D 80 75 D9 E3 5C 72 BD 76 C1 4B FF D5 E7 A4 35 
	72 F8 1A BA 30 A2 1F 18 AA C8 91 AB 04 DD 8B 84 
	AF 1C 4E 3D C2 A8 32 43 3F 0B 24 9C C0 DA E4 1E 
	23 AF 0E 87 6F D7 65 3B E9 2D EA 7D 8B 39 87 09 
	15 32 49 20 A1 60 72 D4 F7 DF FD 3D 7D C2 5D 1D 
	FF 28 AF 77 C3 B9 5E E0 CC EE 12 61 FB 49 52 48 
	CA BB 17 A5 F4 AB A1 53 9F 50 C5 C0 C9 88 09 98 
	FE 57 C0 76 9D EB EE 25 D6 71 A4 64 DE 7B 25 E2 
	0E E5 E4 98 A4 3F 12 30 7F 50 8F 9E 08 E6 8B C4 
	9F 92 14 13 3F D1 08 83 35 38 BB 4A 65 D1 33 A1 
	E8 1E 5C C4 2E 98 A0 4B 51 87 45 6D 00 59 8A 8F 
	74 0F FE DD AF 25 E1 11 A3 A5 AA 3C CA AC 96 9A 
	85 60 0D 5C 5A D7 7D 3D 38 BF F0 F7 B1 C1 64 D9 
	AA 61 16 CD 99 7C FD F2 39 AA A3 62 C1 87 77 87 
	82 19 DA EA 66 86 0A DB C6 A7 29 40 8A 9D 6E D8 
	48 65 53 A4 50 A0 C0 62 3F D3 92 CA D2 75 13 36 
	76 3C 26 2B 0F BA 03 6B 63 C2 00 0F 8D BE 60 5E 
	06 12 D7 E7 7C 57 ED C7 E8 7F F3 43 19 81 E5 AC 
	5C 44 5B 19 A9 EF E4 70 73 85 5F 12 7C 20 1E 74 
	A7 ED E1 63 36 49 02 87 E2 51 DE EA 90 1A 00 B5 
	95 50 B4 30 F7 BE EC 5A D7 B0 AC 63 86 C7 86 D5 
	C1 99 9C A2 5C 9B C4 E3 AB 92 46 A6 9E E3 46 4D 
	B4 5E B1 C3 91 57 5C 82 E0 2C 98 E0 BA 01 6B 33 
	73 95 03 96 B8 23 2A 51 A2 3F FE AD 9A 44 EB 83 
	03 97 0E 51 8B A2 0A 27 A7 78 9A F9 71 B1 2A D5 
	B2 75 88 FD 18 F5 4B 5B A0 90 5D 8A 28 8B 47 DE 
	23 A4 36 C4 E4 6F 7A 59 64 D3 CF 9A EC D7 E8 97 
	1F 8E C4 29 BA F6 BC 54 2F 6A 22 43 1A EA B3 27 
	56 9B 1D D6 7B 40 D7 A6 AC 6E C7 34 5F 7C 3E DB 
	EF F5 18 02 52 C3 99 A6 E6 9A 2B E1 76 31 02 BB 
	A2 71 29 92 0C D5 DC 1E 5A 88 37 3A B4 A9 F0 26 
	DD DD 8E 02 0D D9 0E 3B 91 5A 68 69 B9 13 A0 9F 
	F7 EA 24 B9 79 9F 62 D4 51 53 9D C5 11 CA F0 E2 
	6F 4F E2 79 85 40 18 6D 06 2D EA 60 D0 13 4D 30 
	08 AC 1C 20 16 76 D7 D5 CE 42 B4 FB FF AC 46 E7 
	9B 26 53 94 33 FA C5 7F 35 C2 37 81 7C 41 1A 61 
G_Y (PQ/T) (size 1120):
	27 B1 D6 35 A6 63 38 2D 99 E0 31 B3 E9 A5 D6 82 
	A0 95 45 04 93 56 AF 6F 13 54 DE D1 3E D2 9C 72 
	6E E0 69 C2 B3 50 31 6F B8 04 30 66 39 6A C3 FA 
	87 2B 2F F1 96 2A F1 F2 09 5C 7E D8 1C B3 26 D0 
	99 3A D6 3C 64 38 2B 19 18 E5 0E A2 99 B1 77 21 
	E1 83 65 38 76 25 C3 46 D4 8F 34 43 B7 7F 6A B3 
	FB 8A 0E 4B 5F 90 52 76 6F E4 6F A0 E0 66 BF 90 
	AA 20 F8 70 9F FF 49 3A C8 EF 17 DA 24 BF 22 8A 
	43 D0 14 B9 3D F9 D1 43 50 2E 17 C3 A9 87 D7 40 
	C0 FA 29 E1 A4 33 41 87 DA 27 41 77 E1 5B 93 1D 
	D6 05 32 4F DA D3 10 BB E5 44 04 DF B6 4C 5E A3 
	3F CC 66 8F 9A 2F 58 86 91 08 47 A7 95 3D 42 D4 
	5B DB 5D B0 E1 E1 A2 60 CE F4 BF C5 8E CD A6 A1 
	CA 5C 30 20 B5 3D BE A0 D5 0A 91 CA CF 9F 04 F5 
	50 27 32 59 8D D2 92 A9 36 58 86 1E DB 6C 74 66 
	E6 AF C0 2F EE B4 B9 D7 2F AC FB FF 67 A1 91 61 
	55 35 3C 0C B8 A3 1B E7 5D CB 44 36 92 0B 76 45 
	5A 7E 7E 5F 16 71 9A 10 11 56 97 7F 6A 10 FE EB 
	84 7C F0 F5 34 46 24 64 7D E6 AE 00 28 63 1F 86 
	F7 72 7A 3E FD 50 41 2D EB 07 A3 46 7E 6D 9E 78 
	37 D6 43 E0 BD A7 CB 8E FA 18 95 6D 31 3F 22 F2 
	E0 0E BA 2F 5B 31 33 36 DB B3 CF B4 4A 25 4A 09 
	A5 41 CF 3E 25 FF B7 96 0B 11 9A A4 57 E4 BD CA 
	00 AE C5 B2 9C F0 00 6B A3 10 7D 45 A4 3D 48 FC 
	0D 7B 2E 7B F2 0A 04 87 A5 79 EE 08 94 C6 7F 22 
	B7 7C 50 CD 48 37 92 42 58 65 97 8E EB 9C 43 FB 
	92 8B 9B C5 41 FE 9A 1E EF 33 A6 B1 10 AC D3 B6 
	7F 13 86 7F 61 92 E9 A4 19 06 15 2F 4B CD FB F0 
	BD 60 4D 2D D8 57 E7 39 FC F3 61 9F 65 9A B6 41 
	A0 47 1A 2C 65 D5 4E 9C 39 6E 9B 87 5A 23 55 C0 
	38 50 B7 B7 D8 37 C4 4A C5 2A D4 BA 94 42 64 DF 
	06 A2 3B 7D DF 07 29 28 38 EB 4B 16 E1 A2 B2 68 
	F9 0C 0A 96 A1 4C 43 5E 8D C6 0D 47 62 CE 35 73 
	BA 4F CE 72 41 33 48 F7 5F 01 83 D4 F2 99 05 3D 
	6D 80 75 D9 E3 5C 72 BD 76 C1 4B FF D5 E7 A4 35 
	72 F8 1A BA 30 A2 1F 18 AA C8 91 AB 04 DD 8B 84 
	AF 1C 4E 3D C2 A8 32 43 3F 0B 24 9C C0 DA E4 1E 
	23 AF 0E 87 6F D7 65 3B E9 2D EA 7D 8B 39 87 09 
	15 32 49 20 A1 60 72 D4 F7 DF FD 3D 7D C2 5D 1D 
	FF 28 AF 77 C3 B9 5E E0 CC EE 12 61 FB 49 52 48 
	CA BB 17 A5 F4 AB A1 53 9F 50 C5 C0 C9 88 09 98 
	FE 57 C0 76 9D EB EE 25 D6 71 A4 64 DE 7B 25 E2 
	0E E5 E4 98 A4 3F 12 30 7F 50 8F 9E 08 E6 8B C4 
	9F 92 14 13 3F D1 08 83 35 38 BB 4A 65 D1 33 A1 
	E8 1E 5C C4 2E 98 A0 4B 51 87 45 6D 00 59 8A 8F 
	74 0F FE DD AF 25 E1 11 A3 A5 AA 3C CA AC 96 9A 
	85 60 0D 5C 5A D7 7D 3D 38 BF F0 F7 B1 C1 64 D9 
	AA 61 16 CD 99 7C FD F2 39 AA A3 62 C1 87 77 87 
	82 19 DA EA 66 86 0A DB C6 A7 29 40 8A 9D 6E D8 
	48 65 53 A4 50 A0 C0 62 3F D3 92 CA D2 75 13 36 
	76 3C 26 2B 0F BA 03 6B 63 C2 00 0F 8D BE 60 5E 
	06 12 D7 E7 7C 57 ED C7 E8 7F F3 43 19 81 E5 AC 
	5C 44 5B 19 A9 EF E4 70 73 85 5F 12 7C 20 1E 74 
	A7 ED E1 63 36 49 02 87 E2 51 DE EA 90 1A 00 B5 
	95 50 B4 30 F7 BE EC 5A D7 B0 AC 63 86 C7 86 D5 
	C1 99 9C A2 5C 9B C4 E3 AB 92 46 A6 9E E3 46 4D 
	B4 5E B1 C3 91 57 5C 82 E0 2C 98 E0 BA 01 6B 33 
	73 95 03 96 B8 23 2A 51 A2 3F FE AD 9A 44 EB 83 
	03 97 0E 51 8B A2 0A 27 A7 78 9A F9 71 B1 2A D5 
	B2 75 88 FD 18 F5 4B 5B A0 90 5D 8A 28 8B 47 DE 
	23 A4 36 C4 E4 6F 7A 59 64 D3 CF 9A EC D7 E8 97 
	1F 8E C4 29 BA F6 BC 54 2F 6A 22 43 1A EA B3 27 
	56 9B 1D D6 7B 40 D7 A6 AC 6E C7 34 5F 7C 3E DB 
	EF F5 18 02 52 C3 99 A6 E6 9A 2B E1 76 31 02 BB 
	A2 71 29 92 0C D5 DC 1E 5A 88 37 3A B4 A9 F0 26 
	DD DD 8E 02 0D D9 0E 3B 91 5A 68 69 B9 13 A0 9F 
	F7 EA 24 B9 79 9F 62 D4 51 53 9D C5 11 CA F0 E2 
	6F 4F E2 79 85 40 18 6D 06 2D EA 60 D0 13 4D 30 
	08 AC 1C 20 16 76 D7 D5 CE 42 B4 FB FF AC 46 E7 
	9B 26 53 94 33 FA C5 7F 35 C2 37 81 7C 41 1A 61 
hash_msg1_raw (size 32):
	33 DE 27 52 D5 4D 60 D9 FF D8 FE 0C F7 6A 57 C4 
	05 73 A7 15 05 99 4E BB 13 CF 4C 2C 6A F3 F1 AF 
Input to calculate TH_2 (CBOR Sequence) (size 1157):
	59 04 60 27 B1 D6 35 A6 63 38 2D 99 E0 31 B3 E9 
	A5 D6 82 A0 95 45 04 93 56 AF 6F 13 54 DE D1 3E 
	D2 9C 72 6E E0 69 C2 B3 50 31 6F B8 04 30 66 39 
	6A C3 FA 87 2B 2F F1 96 2A F1 F2 09 5C 7E D8 1C 
	B3 26 D0 99 3A D6 3C 64 38 2B 19 18 E5 0E A2 99 
	B1 77 21 E1 83 65 38 76 25 C3 46 D4 8F 34 43 B7 
	7F 6A B3 FB 8A 0E 4B 5F 90 52 76 6F E4 6F A0 E0 
	66 BF 90 AA 20 F8 70 9F FF 49 3A C8 EF 17 DA 24 
	BF 22 8A 43 D0 14 B9 3D F9 D1 43 50 2E 17 C3 A9 
	87 D7 40 C0 FA 29 E1 A4 33 41 87 DA 27 41 77 E1 
	5B 93 1D D6 05 32 4F DA D3 10 BB E5 44 04 DF B6 
	4C 5E A3 3F CC 66 8F 9A 2F 58 86 91 08 47 A7 95 
	3D 42 D4 5B DB 5D B0 E1 E1 A2 60 CE F4 BF C5 8E 
	CD A6 A1 CA 5C 30 20 B5 3D BE A0 D5 0A 91 CA CF 
	9F 04 F5 50 27 32 59 8D D2 92 A9 36 58 86 1E DB 
	6C 74 66 E6 AF C0 2F EE B4 B9 D7 2F AC FB FF 67 
	A1 91 61 55 35 3C 0C B8 A3 1B E7 5D CB 44 36 92 
	0B 76 45 5A 7E 7E 5F 16 71 9A 10 11 56 97 7F 6A 
	10 FE EB 84 7C F0 F5 34 46 24 64 7D E6 AE 00 28 
	63 1F 86 F7 72 7A 3E FD 50 41 2D EB 07 A3 46 7E 
	6D 9E 78 37 D6 43 E0 BD A7 CB 8E FA 18 95 6D 31 
	3F 22 F2 E0 0E BA 2F 5B 31 33 36 DB B3 CF B4 4A 
	25 4A 09 A5 41 CF 3E 25 FF B7 96 0B 11 9A A4 57 
	E4 BD CA 00 AE C5 B2 9C F0 00 6B A3 10 7D 45 A4 
	3D 48 FC 0D 7B 2E 7B F2 0A 04 87 A5 79 EE 08 94 
	C6 7F 22 B7 7C 50 CD 48 37 92 42 58 65 97 8E EB 
	9C 43 FB 92 8B 9B C5 41 FE 9A 1E EF 33 A6 B1 10 
	AC D3 B6 7F 13 86 7F 61 92 E9 A4 19 06 15 2F 4B 
	CD FB F0 BD 60 4D 2D D8 57 E7 39 FC F3 61 9F 65 
	9A B6 41 A0 47 1A 2C 65 D5 4E 9C 39 6E 9B 87 5A 
	23 55 C0 38 50 B7 B7 D8 37 C4 4A C5 2A D4 BA 94 
	42 64 DF 06 A2 3B 7D DF 07 29 28 38 EB 4B 16 E1 
	A2 B2 68 F9 0C 0A 96 A1 4C 43 5E 8D C6 0D 47 62 
	CE 35 73 BA 4F CE 72 41 33 48 F7 5F 01 83 D4 F2 
	99 05 3D 6D 80 75 D9 E3 5C 72 BD 76 C1 4B FF D5 
	E7 A4 35 72 F8 1A BA 30 A2 1F 18 AA C8 91 AB 04 
	DD 8B 84 AF 1C 4E 3D C2 A8 32 43 3F 0B 24 9C C0 
	DA E4 1E 23 AF 0E 87 6F D7 65 3B E9 2D EA 7D 8B 
	39 87 09 15 32 49 20 A1 60 72 D4 F7 DF FD 3D 7D 
	C2 5D 1D FF 28 AF 77 C3 B9 5E E0 CC EE 12 61 FB 
	49 52 48 CA BB 17 A5 F4 AB A1 53 9F 50 C5 C0 C9 
	88 09 98 FE 57 C0 76 9D EB EE 25 D6 71 A4 64 DE 
	7B 25 E2 0E E5 E4 98 A4 3F 12 30 7F 50 8F 9E 08 
	E6 8B C4 9F 92 14 13 3F D1 08 83 35 38 BB 4A 65 
	D1 33 A1 E8 1E 5C C4 2E 98 A0 4B 51 87 45 6D 00 
	59 8A 8F 74 0F FE DD AF 25 E1 11 A3 A5 AA 3C CA 
	AC 96 9A 85 60 0D 5C 5A D7 7D 3D 38 BF F0 F7 B1 
	C1 64 D9 AA 61 16 CD 99 7C FD F2 39 AA A3 62 C1 
	87 77 87 82 19 DA EA 66 86 0A DB C6 A7 29 40 8A 
	9D 6E D8 48 65 53 A4 50 A0 C0 62 3F D3 92 CA D2 
	75 13 36 76 3C 26 2B 0F BA 03 6B 63 C2 00 0F 8D 
	BE 60 5E 06 12 D7 E7 7C 57 ED C7 E8 7F F3 43 19 
	81 E5 AC 5C 44 5B 19 A9 EF E4 70 73 85 5F 12 7C 
	20 1E 74 A7 ED E1 63 36 49 02 87 E2 51 DE EA 90 
	1A 00 B5 95 50 B4 30 F7 BE EC 5A D7 B0 AC 63 86 
	C7 86 D5 C1 99 9C A2 5C 9B C4 E3 AB 92 46 A6 9E 
	E3 46 4D B4 5E B1 C3 91 57 5C 82 E0 2C 98 E0 BA 
	01 6B 33 73 95 03 96 B8 23 2A 51 A2 3F FE AD 9A 
	44 EB 83 03 97 0E 51 8B A2 0A 27 A7 78 9A F9 71 
	B1 2A D5 B2 75 88 FD 18 F5 4B 5B A0 90 5D 8A 28 
	8B 47 DE 23 A4 36 C4 E4 6F 7A 59 64 D3 CF 9A EC 
	D7 E8 97 1F 8E C4 29 BA F6 BC 54 2F 6A 22 43 1A 
	EA B3 27 56 9B 1D D6 7B 40 D7 A6 AC 6E C7 34 5F 
	7C 3E DB EF F5 18 02 52 C3 99 A6 E6 9A 2B E1 76 
	31 02 BB A2 71 29 92 0C D5 DC 1E 5A 88 37 3A B4 
	A9 F0 26 DD DD 8E 02 0D D9 0E 3B 91 5A 68 69 B9 
	13 A0 9F F7 EA 24 B9 79 9F 62 D4 51 53 9D C5 11 
	CA F0 E2 6F 4F E2 79 85 40 18 6D 06 2D EA 60 D0 
	13 4D 30 08 AC 1C 20 16 76 D7 D5 CE 42 B4 FB FF 
	AC 46 E7 9B 26 53 94 33 FA C5 7F 35 C2 37 81 7C 
	41 1A 61 58 20 33 DE 27 52 D5 4D 60 D9 FF D8 FE 
	0C F7 6A 57 C4 05 73 A7 15 05 99 4E BB 13 CF 4C 
	2C 6A F3 F1 AF 
TH2 (size 32):
	C7 E9 C6 3B ED EA 59 3E BF ED 0D 56 1C E2 80 4C 
	6D BA 55 A9 AF BC 5B 5E 69 60 02 AC ED 24 08 B8 
TH_2 (size 32):
	C7 E9 C6 3B ED EA 59 3E BF ED 0D 56 1C E2 80 4C 
	6D BA 55 A9 AF BC 5B 5E 69 60 02 AC ED 24 08 B8 
PRK_2e (first DH derivation) (size 32):
	03 7F 86 1C 5E BC 42 16 5B E8 8A DF DF 7F DD 6C 
	0B 77 4F 7E 30 17 47 A3 59 6F 95 46 92 C2 8B A1 
PRK_2e_b (second KEM derivation) (size 32):
	4E 06 1C 09 00 C1 77 16 2F 15 24 43 3C D7 57 8B 
	FF F9 78 58 4E FA 76 44 0A 64 53 1F 97 05 84 31 
PRK_2e final (size 32):
	4E 06 1C 09 00 C1 77 16 2F 15 24 43 3C D7 57 8B 
	FF F9 78 58 4E FA 76 44 0A 64 53 1F 97 05 84 31 
SHARED SECRET DERIVE
dh_secret (size 32):
	16 97 10 01 99 18 A8 54 1B A3 52 5C 8E 48 5B E2 
	43 22 F8 E6 D1 35 A8 7C 69 E0 DF CC 76 8E ED 5B 
SALT_3e2m or SALT4e3m (size 32):
	EB 89 3D 32 B3 91 F3 07 A6 43 4E 21 7F AD 05 FF 
	75 18 33 38 6C 00 8C 89 5A 03 6F E1 0A EC DB 66 
prk_3e2m (size 32):
	17 3B 8D 54 3D 6F C3 10 E4 4D 34 31 E5 CC 25 AC 
	FC 6B 30 5C 8E C8 18 6E 6C EA B3 E6 53 7E 5A 67 
Signature len 500 - 64
TMP size: 32
CBOR ENCODE ERROR: 0
MAX ID CRED: 400 cred len 3
MAX CRED: 765 cred len 3
PK SIZE: 65
SIGNATURE SIZE: 500
CONTEXT_MAC_SIZE: 1204
CONTEXT_MAC len: 42
CR len: 2
TH enc len: 34
TMP size: 1
CBOR ENCODE ERROR: 0
MAC context (size 42):
	41 A1 A1 04 01 58 20 C7 E9 C6 3B ED EA 59 3E BF 
	ED 0D 56 1C E2 80 4C 6D BA 55 A9 AF BC 5B 5E 69 
	60 02 AC ED 24 08 B8 A1 04 01 
MAC 2/3 (size 8):
	70 A5 58 9D 7C 84 EC 96 
TMP size: 8
CBOR ENCODE ERROR: 0
TMP size: 1
CBOR ENCODE ERROR: 0
kid (size 1):
	01 
KEYSTREAM_2 (size 12):
	BA 5C 7A 1A EB 8A FD AC 04 D4 95 04 
ciphertext_2/3/4 (size 12):
	FB FD 7B 52 9B 2F A5 31 78 50 79 92 
TMP size: 1132
CBOR ENCODE ERROR: 0
message_2 (CBOR Sequence) (size 1135):
	59 04 6C 27 B1 D6 35 A6 63 38 2D 99 E0 31 B3 E9 
	A5 D6 82 A0 95 45 04 93 56 AF 6F 13 54 DE D1 3E 
	D2 9C 72 6E E0 69 C2 B3 50 31 6F B8 04 30 66 39 
	6A C3 FA 87 2B 2F F1 96 2A F1 F2 09 5C 7E D8 1C 
	B3 26 D0 99 3A D6 3C 64 38 2B 19 18 E5 0E A2 99 
	B1 77 21 E1 83 65 38 76 25 C3 46 D4 8F 34 43 B7 
	7F 6A B3 FB 8A 0E 4B 5F 90 52 76 6F E4 6F A0 E0 
	66 BF 90 AA 20 F8 70 9F FF 49 3A C8 EF 17 DA 24 
	BF 22 8A 43 D0 14 B9 3D F9 D1 43 50 2E 17 C3 A9 
	87 D7 40 C0 FA 29 E1 A4 33 41 87 DA 27 41 77 E1 
	5B 93 1D D6 05 32 4F DA D3 10 BB E5 44 04 DF B6 
	4C 5E A3 3F CC 66 8F 9A 2F 58 86 91 08 47 A7 95 
	3D 42 D4 5B DB 5D B0 E1 E1 A2 60 CE F4 BF C5 8E 
	CD A6 A1 CA 5C 30 20 B5 3D BE A0 D5 0A 91 CA CF 
	9F 04 F5 50 27 32 59 8D D2 92 A9 36 58 86 1E DB 
	6C 74 66 E6 AF C0 2F EE B4 B9 D7 2F AC FB FF 67 
	A1 91 61 55 35 3C 0C B8 A3 1B E7 5D CB 44 36 92 
	0B 76 45 5A 7E 7E 5F 16 71 9A 10 11 56 97 7F 6A 
	10 FE EB 84 7C F0 F5 34 46 24 64 7D E6 AE 00 28 
	63 1F 86 F7 72 7A 3E FD 50 41 2D EB 07 A3 46 7E 
	6D 9E 78 37 D6 43 E0 BD A7 CB 8E FA 18 95 6D 31 
	3F 22 F2 E0 0E BA 2F 5B 31 33 36 DB B3 CF B4 4A 
	25 4A 09 A5 41 CF 3E 25 FF B7 96 0B 11 9A A4 57 
	E4 BD CA 00 AE C5 B2 9C F0 00 6B A3 10 7D 45 A4 
	3D 48 FC 0D 7B 2E 7B F2 0A 04 87 A5 79 EE 08 94 
	C6 7F 22 B7 7C 50 CD 48 37 92 42 58 65 97 8E EB 
	9C 43 FB 92 8B 9B C5 41 FE 9A 1E EF 33 A6 B1 10 
	AC D3 B6 7F 13 86 7F 61 92 E9 A4 19 06 15 2F 4B 
	CD FB F0 BD 60 4D 2D D8 57 E7 39 FC F3 61 9F 65 
	9A B6 41 A0 47 1A 2C 65 D5 4E 9C 39 6E 9B 87 5A 
	23 55 C0 38 50 B7 B7 D8 37 C4 4A C5 2A D4 BA 94 
	42 64 DF 06 A2 3B 7D DF 07 29 28 38 EB 4B 16 E1 
	A2 B2 68 F9 0C 0A 96 A1 4C 43 5E 8D C6 0D 47 62 
	CE 35 73 BA 4F CE 72 41 33 48 F7 5F 01 83 D4 F2 
	99 05 3D 6D 80 75 D9 E3 5C 72 BD 76 C1 4B FF D5 
	E7 A4 35 72 F8 1A BA 30 A2 1F 18 AA C8 91 AB 04 
	DD 8B 84 AF 1C 4E 3D C2 A8 32 43 3F 0B 24 9C C0 
	DA E4 1E 23 AF 0E 87 6F D7 65 3B E9 2D EA 7D 8B 
	39 87 09 15 32 49 20 A1 60 72 D4 F7 DF FD 3D 7D 
	C2 5D 1D FF 28 AF 77 C3 B9 5E E0 CC EE 12 61 FB 
	49 52 48 CA BB 17 A5 F4 AB A1 53 9F 50 C5 C0 C9 
	88 09 98 FE 57 C0 76 9D EB EE 25 D6 71 A4 64 DE 
	7B 25 E2 0E E5 E4 98 A4 3F 12 30 7F 50 8F 9E 08 
	E6 8B C4 9F 92 14 13 3F D1 08 83 35 38 BB 4A 65 
	D1 33 A1 E8 1E 5C C4 2E 98 A0 4B 51 87 45 6D 00 
	59 8A 8F 74 0F FE DD AF 25 E1 11 A3 A5 AA 3C CA 
	AC 96 9A 85 60 0D 5C 5A D7 7D 3D 38 BF F0 F7 B1 
	C1 64 D9 AA 61 16 CD 99 7C FD F2 39 AA A3 62 C1 
	87 77 87 82 19 DA EA 66 86 0A DB C6 A7 29 40 8A 
	9D 6E D8 48 65 53 A4 50 A0 C0 62 3F D3 92 CA D2 
	75 13 36 76 3C 26 2B 0F BA 03 6B 63 C2 00 0F 8D 
	BE 60 5E 06 12 D7 E7 7C 57 ED C7 E8 7F F3 43 19 
	81 E5 AC 5C 44 5B 19 A9 EF E4 70 73 85 5F 12 7C 
	20 1E 74 A7 ED E1 63 36 49 02 87 E2 51 DE EA 90 
	1A 00 B5 95 50 B4 30 F7 BE EC 5A D7 B0 AC 63 86 
	C7 86 D5 C1 99 9C A2 5C 9B C4 E3 AB 92 46 A6 9E 
	E3 46 4D B4 5E B1 C3 91 57 5C 82 E0 2C 98 E0 BA 
	01 6B 33 73 95 03 96 B8 23 2A 51 A2 3F FE AD 9A 
	44 EB 83 03 97 0E 51 8B A2 0A 27 A7 78 9A F9 71 
	B1 2A D5 B2 75 88 FD 18 F5 4B 5B A0 90 5D 8A 28 
	8B 47 DE 23 A4 36 C4 E4 6F 7A 59 64 D3 CF 9A EC 
	D7 E8 97 1F 8E C4 29 BA F6 BC 54 2F 6A 22 43 1A 
	EA B3 27 56 9B 1D D6 7B 40 D7 A6 AC 6E C7 34 5F 
	7C 3E DB EF F5 18 02 52 C3 99 A6 E6 9A 2B E1 76 
	31 02 BB A2 71 29 92 0C D5 DC 1E 5A 88 37 3A B4 
	A9 F0 26 DD DD 8E 02 0D D9 0E 3B 91 5A 68 69 B9 
	13 A0 9F F7 EA 24 B9 79 9F 62 D4 51 53 9D C5 11 
	CA F0 E2 6F 4F E2 79 85 40 18 6D 06 2D EA 60 D0 
	13 4D 30 08 AC 1C 20 16 76 D7 D5 CE 42 B4 FB FF 
	AC 46 E7 9B 26 53 94 33 FA C5 7F 35 C2 37 81 7C 
	41 1A 61 FB FD 7B 52 9B 2F A5 31 78 50 79 92 
th23 (size 32):
	C7 E9 C6 3B ED EA 59 3E BF ED 0D 56 1C E2 80 4C 
	6D BA 55 A9 AF BC 5B 5E 69 60 02 AC ED 24 08 B8 
plaintext_23 (size 12):
	41 A1 01 48 70 A5 58 9D 7C 84 EC 96 
cred (size 3):
	A1 04 01 
TMP size: 32
CBOR ENCODE ERROR: 0
Encoded
memcopy1
memcopy2
Input to calculate TH_3/TH_4 (CBOR Sequence) (size 49):
	58 20 C7 E9 C6 3B ED EA 59 3E BF ED 0D 56 1C E2 
	80 4C 6D BA 55 A9 AF BC 5B 5E 69 60 02 AC ED 24 
	08 B8 41 A1 01 48 70 A5 58 9D 7C 84 EC 96 A1 04 
	01 
TH34 (size 32):
	75 6D A2 CF B8 0D 8B FC 98 88 57 6E E7 B6 85 01 
	DF F2 F4 E6 3B C2 0A 51 4E 03 E9 13 74 A0 64 58 
msg2 generated
msg2 (size 1135):
	59 04 6C 27 B1 D6 35 A6 63 38 2D 99 E0 31 B3 E9 
	A5 D6 82 A0 95 45 04 93 56 AF 6F 13 54 DE D1 3E 
	D2 9C 72 6E E0 69 C2 B3 50 31 6F B8 04 30 66 39 
	6A C3 FA 87 2B 2F F1 96 2A F1 F2 09 5C 7E D8 1C 
	B3 26 D0 99 3A D6 3C 64 38 2B 19 18 E5 0E A2 99 
	B1 77 21 E1 83 65 38 76 25 C3 46 D4 8F 34 43 B7 
	7F 6A B3 FB 8A 0E 4B 5F 90 52 76 6F E4 6F A0 E0 
	66 BF 90 AA 20 F8 70 9F FF 49 3A C8 EF 17 DA 24 
	BF 22 8A 43 D0 14 B9 3D F9 D1 43 50 2E 17 C3 A9 
	87 D7 40 C0 FA 29 E1 A4 33 41 87 DA 27 41 77 E1 
	5B 93 1D D6 05 32 4F DA D3 10 BB E5 44 04 DF B6 
	4C 5E A3 3F CC 66 8F 9A 2F 58 86 91 08 47 A7 95 
	3D 42 D4 5B DB 5D B0 E1 E1 A2 60 CE F4 BF C5 8E 
	CD A6 A1 CA 5C 30 20 B5 3D BE A0 D5 0A 91 CA CF 
	9F 04 F5 50 27 32 59 8D D2 92 A9 36 58 86 1E DB 
	6C 74 66 E6 AF C0 2F EE B4 B9 D7 2F AC FB FF 67 
	A1 91 61 55 35 3C 0C B8 A3 1B E7 5D CB 44 36 92 
	0B 76 45 5A 7E 7E 5F 16 71 9A 10 11 56 97 7F 6A 
	10 FE EB 84 7C F0 F5 34 46 24 64 7D E6 AE 00 28 
	63 1F 86 F7 72 7A 3E FD 50 41 2D EB 07 A3 46 7E 
	6D 9E 78 37 D6 43 E0 BD A7 CB 8E FA 18 95 6D 31 
	3F 22 F2 E0 0E BA 2F 5B 31 33 36 DB B3 CF B4 4A 
	25 4A 09 A5 41 CF 3E 25 FF B7 96 0B 11 9A A4 57 
	E4 BD CA 00 AE C5 B2 9C F0 00 6B A3 10 7D 45 A4 
	3D 48 FC 0D 7B 2E 7B F2 0A 04 87 A5 79 EE 08 94 
	C6 7F 22 B7 7C 50 CD 48 37 92 42 58 65 97 8E EB 
	9C 43 FB 92 8B 9B C5 41 FE 9A 1E EF 33 A6 B1 10 
	AC D3 B6 7F 13 86 7F 61 92 E9 A4 19 06 15 2F 4B 
	CD FB F0 BD 60 4D 2D D8 57 E7 39 FC F3 61 9F 65 
	9A B6 41 A0 47 1A 2C 65 D5 4E 9C 39 6E 9B 87 5A 
	23 55 C0 38 50 B7 B7 D8 37 C4 4A C5 2A D4 BA 94 
	42 64 DF 06 A2 3B 7D DF 07 29 28 38 EB 4B 16 E1 
	A2 B2 68 F9 0C 0A 96 A1 4C 43 5E 8D C6 0D 47 62 
	CE 35 73 BA 4F CE 72 41 33 48 F7 5F 01 83 D4 F2 
	99 05 3D 6D 80 75 D9 E3 5C 72 BD 76 C1 4B FF D5 
	E7 A4 35 72 F8 1A BA 30 A2 1F 18 AA C8 91 AB 04 
	DD 8B 84 AF 1C 4E 3D C2 A8 32 43 3F 0B 24 9C C0 
	DA E4 1E 23 AF 0E 87 6F D7 65 3B E9 2D EA 7D 8B 
	39 87 09 15 32 49 20 A1 60 72 D4 F7 DF FD 3D 7D 
	C2 5D 1D FF 28 AF 77 C3 B9 5E E0 CC EE 12 61 FB 
	49 52 48 CA BB 17 A5 F4 AB A1 53 9F 50 C5 C0 C9 
	88 09 98 FE 57 C0 76 9D EB EE 25 D6 71 A4 64 DE 
	7B 25 E2 0E E5 E4 98 A4 3F 12 30 7F 50 8F 9E 08 
	E6 8B C4 9F 92 14 13 3F D1 08 83 35 38 BB 4A 65 
	D1 33 A1 E8 1E 5C C4 2E 98 A0 4B 51 87 45 6D 00 
	59 8A 8F 74 0F FE DD AF 25 E1 11 A3 A5 AA 3C CA 
	AC 96 9A 85 60 0D 5C 5A D7 7D 3D 38 BF F0 F7 B1 
	C1 64 D9 AA 61 16 CD 99 7C FD F2 39 AA A3 62 C1 
	87 77 87 82 19 DA EA 66 86 0A DB C6 A7 29 40 8A 
	9D 6E D8 48 65 53 A4 50 A0 C0 62 3F D3 92 CA D2 
	75 13 36 76 3C 26 2B 0F BA 03 6B 63 C2 00 0F 8D 
	BE 60 5E 06 12 D7 E7 7C 57 ED C7 E8 7F F3 43 19 
	81 E5 AC 5C 44 5B 19 A9 EF E4 70 73 85 5F 12 7C 
	20 1E 74 A7 ED E1 63 36 49 02 87 E2 51 DE EA 90 
	1A 00 B5 95 50 B4 30 F7 BE EC 5A D7 B0 AC 63 86 
	C7 86 D5 C1 99 9C A2 5C 9B C4 E3 AB 92 46 A6 9E 
	E3 46 4D B4 5E B1 C3 91 57 5C 82 E0 2C 98 E0 BA 
	01 6B 33 73 95 03 96 B8 23 2A 51 A2 3F FE AD 9A 
	44 EB 83 03 97 0E 51 8B A2 0A 27 A7 78 9A F9 71 
	B1 2A D5 B2 75 88 FD 18 F5 4B 5B A0 90 5D 8A 28 
	8B 47 DE 23 A4 36 C4 E4 6F 7A 59 64 D3 CF 9A EC 
	D7 E8 97 1F 8E C4 29 BA F6 BC 54 2F 6A 22 43 1A 
	EA B3 27 56 9B 1D D6 7B 40 D7 A6 AC 6E C7 34 5F 
	7C 3E DB EF F5 18 02 52 C3 99 A6 E6 9A 2B E1 76 
	31 02 BB A2 71 29 92 0C D5 DC 1E 5A 88 37 3A B4 
	A9 F0 26 DD DD 8E 02 0D D9 0E 3B 91 5A 68 69 B9 
	13 A0 9F F7 EA 24 B9 79 9F 62 D4 51 53 9D C5 11 
	CA F0 E2 6F 4F E2 79 85 40 18 6D 06 2D EA 60 D0 
	13 4D 30 08 AC 1C 20 16 76 D7 D5 CE 42 B4 FB FF 
	AC 46 E7 9B 26 53 94 33 FA C5 7F 35 C2 37 81 7C 
	41 1A 61 FB FD 7B 52 9B 2F A5 31 78 50 79 92 
ead prcessed
[resp] tx sent 1135 bytes
mesage tx
waiting to receive
[resp] rx got 21 bytes
received
CIPHERTEXT_3 (size 20):
	BF C7 3A D5 26 9B E8 56 33 8F 1C F8 47 81 72 12 
	31 90 1D 4B 
PLAINTEXT3_SIZE: 903
ctxt3.len: 20
K_3 (size 16):
	AF 4E A0 7D E5 31 BD 0D 63 D7 74 9D 5C 7A F3 7A 
IV_3 (size 13):
	AD 59 87 B3 3B 31 9F 0F 6C 82 8C D8 59 
associated_data (size 45):
	83 68 45 6E 63 72 79 70 74 30 40 58 20 75 6D A2 
	CF B8 0D 8B FC 98 88 57 6E E7 B6 85 01 DF F2 F4 
	E6 3B C2 0A 51 4E 03 E9 13 74 A0 64 58 
plaintext (size 12):
	A1 04 00 48 7B 33 40 8C DD 76 9C 56 
ID_CRED (size 3):
	A1 04 00 
sign_or_mac (size 8):
	7B 33 40 8C DD 76 9C 56 
[cred] lookup ID_CRED len=3
A10400
[cred] cred_array entries: 1
[cred] candidate[0] len=3 A10400
SHARED SECRET DERIVE
dh_secret (size 32):
	6C AA 7E E1 BA D2 D5 D5 C3 6D 15 AA 95 09 CF D4 
	84 71 E2 B0 43 B8 D2 92 C7 78 9F 3C 1B 1B 6C 3F 
SALT_3e2m or SALT4e3m (size 32):
	06 FC A4 9E AE F6 6A 52 51 00 6D 76 27 B6 00 15 
	71 78 D6 99 33 0C 7E 6A 4D A2 FF CE F9 BB 5C 30 
prk_4e3m (size 32):
	E9 13 B8 2B 02 E5 01 F2 63 7F 4C E8 45 2A D4 48 
	FC E4 0D 6A 4D 83 E0 C9 C5 3E 29 9F 10 A8 7D 5F 
TMP size: 32
CBOR ENCODE ERROR: 0
MAX ID CRED: 400 cred len 3
MAX CRED: 765 cred len 3
PK SIZE: 65
SIGNATURE SIZE: 500
CONTEXT_MAC_SIZE: 1204
CONTEXT_MAC len: 41
CR len: 1
TH enc len: 34
MAC context (size 40):
	A1 04 00 58 20 75 6D A2 CF B8 0D 8B FC 98 88 57 
	6E E7 B6 85 01 DF F2 F4 E6 3B C2 0A 51 4E 03 E9 
	13 74 A0 64 58 A1 04 00 
MAC 2/3 (size 8):
	7B 33 40 8C DD 76 9C 56 
th23 (size 32):
	75 6D A2 CF B8 0D 8B FC 98 88 57 6E E7 B6 85 01 
	DF F2 F4 E6 3B C2 0A 51 4E 03 E9 13 74 A0 64 58 
plaintext_23 (size 12):
	A1 04 00 48 7B 33 40 8C DD 76 9C 56 
cred (size 3):
	A1 04 00 
TMP size: 32
CBOR ENCODE ERROR: 0
Encoded
memcopy1
memcopy2
Input to calculate TH_3/TH_4 (CBOR Sequence) (size 49):
	58 20 75 6D A2 CF B8 0D 8B FC 98 88 57 6E E7 B6 
	85 01 DF F2 F4 E6 3B C2 0A 51 4E 03 E9 13 74 A0 
	64 58 A1 04 00 48 7B 33 40 8C DD 76 9C 56 A1 04 
	00 
TH34 (size 32):
	6B 3D 6C F4 7A B7 21 05 A6 34 F2 4D D6 7B 0D 7B 
	38 C3 6B 3E A9 56 D2 B1 A9 B5 18 A7 78 1F 91 D5 
[resp] edhoc_responder_run completed
PRK_out (size 32):
	77 E2 93 2B 94 C6 0C 82 E4 35 BD DB FA 14 48 F0 
	00 70 BF BC 7C ED E1 B0 DE C5 21 F8 1C CC 9A BA 
prk_exporter (size 32):
	6B D0 B7 3E D0 BA B8 5C AC 46 B3 0C 10 2A B8 49 
	9B ED 5E E8 94 C8 4F 73 E3 14 F4 5A 7E 73 F8 41 
OSCORE Master Secret (size 16):
	F0 40 BC 0B D1 6E 7C 36 1C 45 44 FE 89 1A 0E 59 
OSCORE Master Salt (size 8):
	0E EE 90 B5 E1 68 73 DA 
