[resp] get_suite
[resp] suite ready (label 21)
IPv4 server with address 0.0.0.0 started!
[resp] socket ready
[resp] static DH keygen
[resp] static sk_r (size 32):
	18 BC C8 F6 A7 A4 F4 F5 7C 1A 48 F9 EC 05 0A 6A 
	A0 62 71 1E 30 3D 1B 0D DC D8 8D C5 5A 82 94 63 
[resp] static g_r (size 32):
	11 43 E1 7E 6A B4 9D 32 57 F9 5E 75 1D 52 6D A3 
	29 31 05 00 4F 9A 11 20 B4 D2 30 D5 CC 52 0F 16 
[resp] static initiator pk
[resp] static g_i (size 32):
	0A 32 10 03 DE EC 5D 7F B3 6D 26 A0 26 EE CC EB 
	1F 2D C6 76 CC 44 09 8E D8 18 F6 1A 2A 21 3D 35 
SHARED SECRET DERIVE
[resp] dbg_static_ss (r,g_i) (size 32):
	63 62 7A 69 EC 73 A3 A2 62 9C 59 E1 BE D9 06 B9 
	3C 6F E1 E4 3E D2 0E 12 8D 8E 31 4C 40 FA 4D 63 
[resp] ephemeral DH keygen alg -67
[resp] starting edhoc_responder_run
[resp] rx got 1223 bytes
message_1 (CBOR Sequence) (size 1223):
	03 15 59 04 C0 FB B4 6F DD 17 E8 B7 0E C5 98 DE 
	CB B6 C8 4A 15 29 B0 DF CF 9E DE D9 C5 F8 D3 BF 
	64 F5 52 D2 10 A5 4C 7C E7 E0 CE 7F E6 B9 60 13 
	7E 59 58 7C 6E 36 57 A2 83 30 33 01 18 9E EC 5B 
	FF AB B8 4D B6 B9 F5 B4 6C 49 1C C4 6B F1 C9 C8 
	23 14 8F FB 23 B5 66 15 B3 8C 5B BE 64 79 00 06 
	D0 27 CB 72 8D 9B A3 BE 09 91 EF 04 1A 33 25 8C 
	B2 35 00 DD 90 7B 22 88 74 A0 95 87 83 05 12 3E 
	62 C3 31 A3 5B B6 3B BD 12 D7 88 18 74 19 FD DB 
	26 2B 6C 1F D8 A8 09 9A A5 4E 0C 17 71 E4 66 18 
	58 83 8C 6D D6 7B 9A 2A 2A 06 2B 2C 15 C0 B5 98 
	3C 69 C5 8B 69 73 87 19 86 69 05 21 E1 C6 96 13 
	AD EF C6 4D D1 FC CD 9D A2 41 8D 36 06 DA 64 94 
	C1 16 85 CE 87 15 AE AA 8E B3 05 84 AC 14 19 ED 
	0C 92 88 37 2B 20 68 56 31 D3 9F C5 F4 29 AD 63 
	02 3B 78 48 E6 C4 2E B6 D3 24 54 53 B1 E5 B3 C3 
	A3 09 CD 64 C1 58 8F 9A A1 A7 43 8D 6D C8 43 B0 
	D7 77 7B 05 5D E4 17 73 2A 22 69 24 DC 23 98 04 
	A0 15 9C BC 9C 6A 67 13 6C B4 9D 59 5F EB 41 44 
	DD B2 0B 75 9B 37 2C B5 B5 1A 29 CE 2B 40 63 EB 
	F5 93 8B 15 76 DF 72 0B B4 FA 50 3A F5 8B 0E 09 
	A2 6D 93 B5 15 3B 54 88 26 BF 39 03 79 D1 C6 6E 
	9C 04 55 64 94 8C A8 3A AE A8 09 78 93 D6 0C 70 
	9C 4C 02 55 90 87 C4 66 4A 56 AF B3 7A 0E 3C 4C 
	AF 9C 3A 65 02 61 B1 71 EA 74 6D 95 89 B4 E9 23 
	19 FC 70 9E 17 C7 74 A4 13 C6 C1 11 7B B0 3F 73 
	75 9D E9 CC 8A 1A 43 B2 72 85 28 2F E9 B3 40 47 
	81 95 A4 B8 E0 95 88 F0 A0 22 23 C1 A3 5A DB 73 
	9F DC 01 49 4B 99 46 AA 1B E4 00 2E CD DA 63 97 
	B5 CF BA 31 51 3E 1C 24 3C 50 B3 A4 2C 12 86 02 
	39 84 C3 C1 61 04 97 9E 30 2C 44 9B 7A CC 12 98 
	41 67 55 1D 5A 32 27 45 76 50 A9 34 D6 6C A5 3F 
	DB 43 89 98 3E FD 85 C4 87 39 A9 20 72 A8 1D 53 
	3B 34 1B 45 FF D3 33 14 36 66 C0 87 3C 91 B0 30 
	95 87 05 BA F1 83 D7 79 1A 11 79 42 34 C1 53 B4 
	CC 6F 80 0A 58 B7 F1 55 2C 30 AB 3C 70 45 5E 08 
	B6 46 90 B0 ED 78 CC 87 06 93 91 47 1D EC B7 8F 
	3D B7 C2 B2 EB B9 22 51 03 4F 91 C2 87 73 C5 35 
	CC 63 BB 54 B1 37 3C 93 CB 11 46 B4 EB 3D 62 13 
	6F 16 40 AA C9 50 7E F9 A0 1E 37 C3 92 17 4B 8D 
	96 19 62 40 B1 B4 3B 99 46 80 F4 B6 05 A7 3B DD 
	75 72 B6 A8 3E 5F A8 96 27 30 26 90 54 B2 A8 27 
	14 05 D2 A1 EB AC 73 41 EB B7 62 F4 CC 46 42 16 
	AE F9 47 B8 D7 34 3E B6 96 2E 59 4C AC B6 31 47 
	A6 68 6B 66 6C DA 93 CA 72 0C 5A 72 F9 95 6E 23 
	2A 26 08 90 4D 39 CE 27 31 90 A2 E0 64 15 A0 0D 
	9F 0B 25 53 C8 B9 E9 17 79 36 42 73 23 DA A2 53 
	7A AB 58 65 66 62 F3 21 87 F2 73 AC 33 60 BC E9 
	50 CA 3A 91 9C 08 0C C8 7C 9A 99 75 B5 36 22 CD 
	4D 66 A9 71 C2 5D C2 25 91 AA 14 1D 80 D7 32 D6 
	43 90 3F 02 CB BC B4 8E 0E D7 04 19 04 7E 12 F5 
	3E 4C B0 5D 42 95 68 30 1B 89 15 E6 2D EF EA 3C 
	34 36 25 B0 78 3B C4 C8 33 D7 C6 6B 28 26 12 97 
	61 59 D2 4A 60 F0 44 99 DD 13 66 53 01 73 4F 05 
	7D 87 44 32 86 1A 79 2C D1 08 7E 34 90 16 61 4E 
	58 1C 36 BC 6B C2 AC 88 14 BD B0 72 7F EA 6D 0C 
	45 7E CD 51 4B 7C 5B 43 94 5A 3C 5F 00 99 06 F5 
	9A 9E 60 26 7E B4 06 7C A9 11 CD 98 6A ED BB 7B 
	BA 6C 90 3F F2 40 F3 58 6A 13 D0 8F C2 CC AE BC 
	F9 91 CC 47 91 EC 51 C9 DF A7 4F 06 59 92 BE B9 
	C6 61 00 AC 21 2C 4B FD 3B 94 E1 9C 00 03 6B B1 
	36 D4 07 0E 6B 24 62 08 91 B9 74 35 2D 41 98 BE 
	9B 33 04 F2 5F 86 7B 88 22 9B 78 97 12 47 1C 4C 
	39 A8 84 4D 73 D4 69 8F E6 61 65 C0 A7 4E B4 6C 
	4D E6 31 D3 7A 26 12 43 36 F7 E8 28 AC AA 9A 7B 
	0C 89 71 AC C7 01 64 CC BF A9 70 C8 1C 82 9D FC 
	79 37 C1 33 8A F9 02 CE D6 4E 4F E3 7E 70 44 1B 
	0D 85 AD D2 B9 A3 8F 89 54 53 FB 4D 0F EA 75 0C 
	83 BB 16 AC 86 52 02 23 3E 30 66 28 34 59 CC CC 
	64 9E 83 96 FF AC 73 4D 34 28 67 A3 CB 98 10 B8 
	EF 5A 7A 05 B4 26 1C 84 00 55 71 4D 49 28 74 20 
	56 C5 7C C0 35 6F 62 8F DF E7 36 10 F2 38 0D B8 
	31 C0 D7 0A C1 1B 0E 1D 08 2D FF D9 62 DC 95 C6 
	BC E3 58 C7 0C BB 2F C8 58 FB 78 8F 8A A4 5C 15 
	9B 3E BA 48 1C 8D 0B AC F9 14 EB 5F DC 0F BF 42 
	62 1E A1 74 59 1A 84 00 C0 9A 44 1E 1A 58 AF D8 
	DE D5 22 2B 67 41 49 
msg1  (size 1223):
	03 15 59 04 C0 FB B4 6F DD 17 E8 B7 0E C5 98 DE 
	CB B6 C8 4A 15 29 B0 DF CF 9E DE D9 C5 F8 D3 BF 
	64 F5 52 D2 10 A5 4C 7C E7 E0 CE 7F E6 B9 60 13 
	7E 59 58 7C 6E 36 57 A2 83 30 33 01 18 9E EC 5B 
	FF AB B8 4D B6 B9 F5 B4 6C 49 1C C4 6B F1 C9 C8 
	23 14 8F FB 23 B5 66 15 B3 8C 5B BE 64 79 00 06 
	D0 27 CB 72 8D 9B A3 BE 09 91 EF 04 1A 33 25 8C 
	B2 35 00 DD 90 7B 22 88 74 A0 95 87 83 05 12 3E 
	62 C3 31 A3 5B B6 3B BD 12 D7 88 18 74 19 FD DB 
	26 2B 6C 1F D8 A8 09 9A A5 4E 0C 17 71 E4 66 18 
	58 83 8C 6D D6 7B 9A 2A 2A 06 2B 2C 15 C0 B5 98 
	3C 69 C5 8B 69 73 87 19 86 69 05 21 E1 C6 96 13 
	AD EF C6 4D D1 FC CD 9D A2 41 8D 36 06 DA 64 94 
	C1 16 85 CE 87 15 AE AA 8E B3 05 84 AC 14 19 ED 
	0C 92 88 37 2B 20 68 56 31 D3 9F C5 F4 29 AD 63 
	02 3B 78 48 E6 C4 2E B6 D3 24 54 53 B1 E5 B3 C3 
	A3 09 CD 64 C1 58 8F 9A A1 A7 43 8D 6D C8 43 B0 
	D7 77 7B 05 5D E4 17 73 2A 22 69 24 DC 23 98 04 
	A0 15 9C BC 9C 6A 67 13 6C B4 9D 59 5F EB 41 44 
	DD B2 0B 75 9B 37 2C B5 B5 1A 29 CE 2B 40 63 EB 
	F5 93 8B 15 76 DF 72 0B B4 FA 50 3A F5 8B 0E 09 
	A2 6D 93 B5 15 3B 54 88 26 BF 39 03 79 D1 C6 6E 
	9C 04 55 64 94 8C A8 3A AE A8 09 78 93 D6 0C 70 
	9C 4C 02 55 90 87 C4 66 4A 56 AF B3 7A 0E 3C 4C 
	AF 9C 3A 65 02 61 B1 71 EA 74 6D 95 89 B4 E9 23 
	19 FC 70 9E 17 C7 74 A4 13 C6 C1 11 7B B0 3F 73 
	75 9D E9 CC 8A 1A 43 B2 72 85 28 2F E9 B3 40 47 
	81 95 A4 B8 E0 95 88 F0 A0 22 23 C1 A3 5A DB 73 
	9F DC 01 49 4B 99 46 AA 1B E4 00 2E CD DA 63 97 
	B5 CF BA 31 51 3E 1C 24 3C 50 B3 A4 2C 12 86 02 
	39 84 C3 C1 61 04 97 9E 30 2C 44 9B 7A CC 12 98 
	41 67 55 1D 5A 32 27 45 76 50 A9 34 D6 6C A5 3F 
	DB 43 89 98 3E FD 85 C4 87 39 A9 20 72 A8 1D 53 
	3B 34 1B 45 FF D3 33 14 36 66 C0 87 3C 91 B0 30 
	95 87 05 BA F1 83 D7 79 1A 11 79 42 34 C1 53 B4 
	CC 6F 80 0A 58 B7 F1 55 2C 30 AB 3C 70 45 5E 08 
	B6 46 90 B0 ED 78 CC 87 06 93 91 47 1D EC B7 8F 
	3D B7 C2 B2 EB B9 22 51 03 4F 91 C2 87 73 C5 35 
	CC 63 BB 54 B1 37 3C 93 CB 11 46 B4 EB 3D 62 13 
	6F 16 40 AA C9 50 7E F9 A0 1E 37 C3 92 17 4B 8D 
	96 19 62 40 B1 B4 3B 99 46 80 F4 B6 05 A7 3B DD 
	75 72 B6 A8 3E 5F A8 96 27 30 26 90 54 B2 A8 27 
	14 05 D2 A1 EB AC 73 41 EB B7 62 F4 CC 46 42 16 
	AE F9 47 B8 D7 34 3E B6 96 2E 59 4C AC B6 31 47 
	A6 68 6B 66 6C DA 93 CA 72 0C 5A 72 F9 95 6E 23 
	2A 26 08 90 4D 39 CE 27 31 90 A2 E0 64 15 A0 0D 
	9F 0B 25 53 C8 B9 E9 17 79 36 42 73 23 DA A2 53 
	7A AB 58 65 66 62 F3 21 87 F2 73 AC 33 60 BC E9 
	50 CA 3A 91 9C 08 0C C8 7C 9A 99 75 B5 36 22 CD 
	4D 66 A9 71 C2 5D C2 25 91 AA 14 1D 80 D7 32 D6 
	43 90 3F 02 CB BC B4 8E 0E D7 04 19 04 7E 12 F5 
	3E 4C B0 5D 42 95 68 30 1B 89 15 E6 2D EF EA 3C 
	34 36 25 B0 78 3B C4 C8 33 D7 C6 6B 28 26 12 97 
	61 59 D2 4A 60 F0 44 99 DD 13 66 53 01 73 4F 05 
	7D 87 44 32 86 1A 79 2C D1 08 7E 34 90 16 61 4E 
	58 1C 36 BC 6B C2 AC 88 14 BD B0 72 7F EA 6D 0C 
	45 7E CD 51 4B 7C 5B 43 94 5A 3C 5F 00 99 06 F5 
	9A 9E 60 26 7E B4 06 7C A9 11 CD 98 6A ED BB 7B 
	BA 6C 90 3F F2 40 F3 58 6A 13 D0 8F C2 CC AE BC 
	F9 91 CC 47 91 EC 51 C9 DF A7 4F 06 59 92 BE B9 
	C6 61 00 AC 21 2C 4B FD 3B 94 E1 9C 00 03 6B B1 
	36 D4 07 0E 6B 24 62 08 91 B9 74 35 2D 41 98 BE 
	9B 33 04 F2 5F 86 7B 88 22 9B 78 97 12 47 1C 4C 
	39 A8 84 4D 73 D4 69 8F E6 61 65 C0 A7 4E B4 6C 
	4D E6 31 D3 7A 26 12 43 36 F7 E8 28 AC AA 9A 7B 
	0C 89 71 AC C7 01 64 CC BF A9 70 C8 1C 82 9D FC 
	79 37 C1 33 8A F9 02 CE D6 4E 4F E3 7E 70 44 1B 
	0D 85 AD D2 B9 A3 8F 89 54 53 FB 4D 0F EA 75 0C 
	83 BB 16 AC 86 52 02 23 3E 30 66 28 34 59 CC CC 
	64 9E 83 96 FF AC 73 4D 34 28 67 A3 CB 98 10 B8 
	EF 5A 7A 05 B4 26 1C 84 00 55 71 4D 49 28 74 20 
	56 C5 7C C0 35 6F 62 8F DF E7 36 10 F2 38 0D B8 
	31 C0 D7 0A C1 1B 0E 1D 08 2D FF D9 62 DC 95 C6 
	BC E3 58 C7 0C BB 2F C8 58 FB 78 8F 8A A4 5C 15 
	9B 3E BA 48 1C 8D 0B AC F9 14 EB 5F DC 0F BF 42 
	62 1E A1 74 59 1A 84 00 C0 9A 44 1E 1A 58 AF D8 
	DE D5 22 2B 67 41 49 
msg1 METHOD: 3
msg1 SUITES_I (size 1):
	15 
g_x len 1216
g_x len message 1 1216
msg1 G_X (size 1216):
	FB B4 6F DD 17 E8 B7 0E C5 98 DE CB B6 C8 4A 15 
	29 B0 DF CF 9E DE D9 C5 F8 D3 BF 64 F5 52 D2 10 
	A5 4C 7C E7 E0 CE 7F E6 B9 60 13 7E 59 58 7C 6E 
	36 57 A2 83 30 33 01 18 9E EC 5B FF AB B8 4D B6 
	B9 F5 B4 6C 49 1C C4 6B F1 C9 C8 23 14 8F FB 23 
	B5 66 15 B3 8C 5B BE 64 79 00 06 D0 27 CB 72 8D 
	9B A3 BE 09 91 EF 04 1A 33 25 8C B2 35 00 DD 90 
	7B 22 88 74 A0 95 87 83 05 12 3E 62 C3 31 A3 5B 
	B6 3B BD 12 D7 88 18 74 19 FD DB 26 2B 6C 1F D8 
	A8 09 9A A5 4E 0C 17 71 E4 66 18 58 83 8C 6D D6 
	7B 9A 2A 2A 06 2B 2C 15 C0 B5 98 3C 69 C5 8B 69 
	73 87 19 86 69 05 21 E1 C6 96 13 AD EF C6 4D D1 
	FC CD 9D A2 41 8D 36 06 DA 64 94 C1 16 85 CE 87 
	15 AE AA 8E B3 05 84 AC 14 19 ED 0C 92 88 37 2B 
	20 68 56 31 D3 9F C5 F4 29 AD 63 02 3B 78 48 E6 
	C4 2E B6 D3 24 54 53 B1 E5 B3 C3 A3 09 CD 64 C1 
	58 8F 9A A1 A7 43 8D 6D C8 43 B0 D7 77 7B 05 5D 
	E4 17 73 2A 22 69 24 DC 23 98 04 A0 15 9C BC 9C 
	6A 67 13 6C B4 9D 59 5F EB 41 44 DD B2 0B 75 9B 
	37 2C B5 B5 1A 29 CE 2B 40 63 EB F5 93 8B 15 76 
	DF 72 0B B4 FA 50 3A F5 8B 0E 09 A2 6D 93 B5 15 
	3B 54 88 26 BF 39 03 79 D1 C6 6E 9C 04 55 64 94 
	8C A8 3A AE A8 09 78 93 D6 0C 70 9C 4C 02 55 90 
	87 C4 66 4A 56 AF B3 7A 0E 3C 4C AF 9C 3A 65 02 
	61 B1 71 EA 74 6D 95 89 B4 E9 23 19 FC 70 9E 17 
	C7 74 A4 13 C6 C1 11 7B B0 3F 73 75 9D E9 CC 8A 
	1A 43 B2 72 85 28 2F E9 B3 40 47 81 95 A4 B8 E0 
	95 88 F0 A0 22 23 C1 A3 5A DB 73 9F DC 01 49 4B 
	99 46 AA 1B E4 00 2E CD DA 63 97 B5 CF BA 31 51 
	3E 1C 24 3C 50 B3 A4 2C 12 86 02 39 84 C3 C1 61 
	04 97 9E 30 2C 44 9B 7A CC 12 98 41 67 55 1D 5A 
	32 27 45 76 50 A9 34 D6 6C A5 3F DB 43 89 98 3E 
	FD 85 C4 87 39 A9 20 72 A8 1D 53 3B 34 1B 45 FF 
	D3 33 14 36 66 C0 87 3C 91 B0 30 95 87 05 BA F1 
	83 D7 79 1A 11 79 42 34 C1 53 B4 CC 6F 80 0A 58 
	B7 F1 55 2C 30 AB 3C 70 45 5E 08 B6 46 90 B0 ED 
	78 CC 87 06 93 91 47 1D EC B7 8F 3D B7 C2 B2 EB 
	B9 22 51 03 4F 91 C2 87 73 C5 35 CC 63 BB 54 B1 
	37 3C 93 CB 11 46 B4 EB 3D 62 13 6F 16 40 AA C9 
	50 7E F9 A0 1E 37 C3 92 17 4B 8D 96 19 62 40 B1 
	B4 3B 99 46 80 F4 B6 05 A7 3B DD 75 72 B6 A8 3E 
	5F A8 96 27 30 26 90 54 B2 A8 27 14 05 D2 A1 EB 
	AC 73 41 EB B7 62 F4 CC 46 42 16 AE F9 47 B8 D7 
	34 3E B6 96 2E 59 4C AC B6 31 47 A6 68 6B 66 6C 
	DA 93 CA 72 0C 5A 72 F9 95 6E 23 2A 26 08 90 4D 
	39 CE 27 31 90 A2 E0 64 15 A0 0D 9F 0B 25 53 C8 
	B9 E9 17 79 36 42 73 23 DA A2 53 7A AB 58 65 66 
	62 F3 21 87 F2 73 AC 33 60 BC E9 50 CA 3A 91 9C 
	08 0C C8 7C 9A 99 75 B5 36 22 CD 4D 66 A9 71 C2 
	5D C2 25 91 AA 14 1D 80 D7 32 D6 43 90 3F 02 CB 
	BC B4 8E 0E D7 04 19 04 7E 12 F5 3E 4C B0 5D 42 
	95 68 30 1B 89 15 E6 2D EF EA 3C 34 36 25 B0 78 
	3B C4 C8 33 D7 C6 6B 28 26 12 97 61 59 D2 4A 60 
	F0 44 99 DD 13 66 53 01 73 4F 05 7D 87 44 32 86 
	1A 79 2C D1 08 7E 34 90 16 61 4E 58 1C 36 BC 6B 
	C2 AC 88 14 BD B0 72 7F EA 6D 0C 45 7E CD 51 4B 
	7C 5B 43 94 5A 3C 5F 00 99 06 F5 9A 9E 60 26 7E 
	B4 06 7C A9 11 CD 98 6A ED BB 7B BA 6C 90 3F F2 
	40 F3 58 6A 13 D0 8F C2 CC AE BC F9 91 CC 47 91 
	EC 51 C9 DF A7 4F 06 59 92 BE B9 C6 61 00 AC 21 
	2C 4B FD 3B 94 E1 9C 00 03 6B B1 36 D4 07 0E 6B 
	24 62 08 91 B9 74 35 2D 41 98 BE 9B 33 04 F2 5F 
	86 7B 88 22 9B 78 97 12 47 1C 4C 39 A8 84 4D 73 
	D4 69 8F E6 61 65 C0 A7 4E B4 6C 4D E6 31 D3 7A 
	26 12 43 36 F7 E8 28 AC AA 9A 7B 0C 89 71 AC C7 
	01 64 CC BF A9 70 C8 1C 82 9D FC 79 37 C1 33 8A 
	F9 02 CE D6 4E 4F E3 7E 70 44 1B 0D 85 AD D2 B9 
	A3 8F 89 54 53 FB 4D 0F EA 75 0C 83 BB 16 AC 86 
	52 02 23 3E 30 66 28 34 59 CC CC 64 9E 83 96 FF 
	AC 73 4D 34 28 67 A3 CB 98 10 B8 EF 5A 7A 05 B4 
	26 1C 84 00 55 71 4D 49 28 74 20 56 C5 7C C0 35 
	6F 62 8F DF E7 36 10 F2 38 0D B8 31 C0 D7 0A C1 
	1B 0E 1D 08 2D FF D9 62 DC 95 C6 BC E3 58 C7 0C 
	BB 2F C8 58 FB 78 8F 8A A4 5C 15 9B 3E BA 48 1C 
	8D 0B AC F9 14 EB 5F DC 0F BF 42 62 1E A1 74 59 
	1A 84 00 C0 9A 44 1E 1A 58 AF D8 DE D5 22 2B 67 
msg1 C_I_raw (size 1):
	49 
Suite 21 will be used in this EDHOC run.
PQ/T hybrid declare second array
PQ/T hybrid suit
PQ/T y  (size 32):
	38 89 C4 E0 B5 3B 03 FA 44 FB A6 AF 89 EE AA 5F 
	43 47 E8 49 6E 93 4C E8 13 64 E1 32 CF CA 25 6D 
PQ/T gx  (size 1216):
	FB B4 6F DD 17 E8 B7 0E C5 98 DE CB B6 C8 4A 15 
	29 B0 DF CF 9E DE D9 C5 F8 D3 BF 64 F5 52 D2 10 
	A5 4C 7C E7 E0 CE 7F E6 B9 60 13 7E 59 58 7C 6E 
	36 57 A2 83 30 33 01 18 9E EC 5B FF AB B8 4D B6 
	B9 F5 B4 6C 49 1C C4 6B F1 C9 C8 23 14 8F FB 23 
	B5 66 15 B3 8C 5B BE 64 79 00 06 D0 27 CB 72 8D 
	9B A3 BE 09 91 EF 04 1A 33 25 8C B2 35 00 DD 90 
	7B 22 88 74 A0 95 87 83 05 12 3E 62 C3 31 A3 5B 
	B6 3B BD 12 D7 88 18 74 19 FD DB 26 2B 6C 1F D8 
	A8 09 9A A5 4E 0C 17 71 E4 66 18 58 83 8C 6D D6 
	7B 9A 2A 2A 06 2B 2C 15 C0 B5 98 3C 69 C5 8B 69 
	73 87 19 86 69 05 21 E1 C6 96 13 AD EF C6 4D D1 
	FC CD 9D A2 41 8D 36 06 DA 64 94 C1 16 85 CE 87 
	15 AE AA 8E B3 05 84 AC 14 19 ED 0C 92 88 37 2B 
	20 68 56 31 D3 9F C5 F4 29 AD 63 02 3B 78 48 E6 
	C4 2E B6 D3 24 54 53 B1 E5 B3 C3 A3 09 CD 64 C1 
	58 8F 9A A1 A7 43 8D 6D C8 43 B0 D7 77 7B 05 5D 
	E4 17 73 2A 22 69 24 DC 23 98 04 A0 15 9C BC 9C 
	6A 67 13 6C B4 9D 59 5F EB 41 44 DD B2 0B 75 9B 
	37 2C B5 B5 1A 29 CE 2B 40 63 EB F5 93 8B 15 76 
	DF 72 0B B4 FA 50 3A F5 8B 0E 09 A2 6D 93 B5 15 
	3B 54 88 26 BF 39 03 79 D1 C6 6E 9C 04 55 64 94 
	8C A8 3A AE A8 09 78 93 D6 0C 70 9C 4C 02 55 90 
	87 C4 66 4A 56 AF B3 7A 0E 3C 4C AF 9C 3A 65 02 
	61 B1 71 EA 74 6D 95 89 B4 E9 23 19 FC 70 9E 17 
	C7 74 A4 13 C6 C1 11 7B B0 3F 73 75 9D E9 CC 8A 
	1A 43 B2 72 85 28 2F E9 B3 40 47 81 95 A4 B8 E0 
	95 88 F0 A0 22 23 C1 A3 5A DB 73 9F DC 01 49 4B 
	99 46 AA 1B E4 00 2E CD DA 63 97 B5 CF BA 31 51 
	3E 1C 24 3C 50 B3 A4 2C 12 86 02 39 84 C3 C1 61 
	04 97 9E 30 2C 44 9B 7A CC 12 98 41 67 55 1D 5A 
	32 27 45 76 50 A9 34 D6 6C A5 3F DB 43 89 98 3E 
	FD 85 C4 87 39 A9 20 72 A8 1D 53 3B 34 1B 45 FF 
	D3 33 14 36 66 C0 87 3C 91 B0 30 95 87 05 BA F1 
	83 D7 79 1A 11 79 42 34 C1 53 B4 CC 6F 80 0A 58 
	B7 F1 55 2C 30 AB 3C 70 45 5E 08 B6 46 90 B0 ED 
	78 CC 87 06 93 91 47 1D EC B7 8F 3D B7 C2 B2 EB 
	B9 22 51 03 4F 91 C2 87 73 C5 35 CC 63 BB 54 B1 
	37 3C 93 CB 11 46 B4 EB 3D 62 13 6F 16 40 AA C9 
	50 7E F9 A0 1E 37 C3 92 17 4B 8D 96 19 62 40 B1 
	B4 3B 99 46 80 F4 B6 05 A7 3B DD 75 72 B6 A8 3E 
	5F A8 96 27 30 26 90 54 B2 A8 27 14 05 D2 A1 EB 
	AC 73 41 EB B7 62 F4 CC 46 42 16 AE F9 47 B8 D7 
	34 3E B6 96 2E 59 4C AC B6 31 47 A6 68 6B 66 6C 
	DA 93 CA 72 0C 5A 72 F9 95 6E 23 2A 26 08 90 4D 
	39 CE 27 31 90 A2 E0 64 15 A0 0D 9F 0B 25 53 C8 
	B9 E9 17 79 36 42 73 23 DA A2 53 7A AB 58 65 66 
	62 F3 21 87 F2 73 AC 33 60 BC E9 50 CA 3A 91 9C 
	08 0C C8 7C 9A 99 75 B5 36 22 CD 4D 66 A9 71 C2 
	5D C2 25 91 AA 14 1D 80 D7 32 D6 43 90 3F 02 CB 
	BC B4 8E 0E D7 04 19 04 7E 12 F5 3E 4C B0 5D 42 
	95 68 30 1B 89 15 E6 2D EF EA 3C 34 36 25 B0 78 
	3B C4 C8 33 D7 C6 6B 28 26 12 97 61 59 D2 4A 60 
	F0 44 99 DD 13 66 53 01 73 4F 05 7D 87 44 32 86 
	1A 79 2C D1 08 7E 34 90 16 61 4E 58 1C 36 BC 6B 
	C2 AC 88 14 BD B0 72 7F EA 6D 0C 45 7E CD 51 4B 
	7C 5B 43 94 5A 3C 5F 00 99 06 F5 9A 9E 60 26 7E 
	B4 06 7C A9 11 CD 98 6A ED BB 7B BA 6C 90 3F F2 
	40 F3 58 6A 13 D0 8F C2 CC AE BC F9 91 CC 47 91 
	EC 51 C9 DF A7 4F 06 59 92 BE B9 C6 61 00 AC 21 
	2C 4B FD 3B 94 E1 9C 00 03 6B B1 36 D4 07 0E 6B 
	24 62 08 91 B9 74 35 2D 41 98 BE 9B 33 04 F2 5F 
	86 7B 88 22 9B 78 97 12 47 1C 4C 39 A8 84 4D 73 
	D4 69 8F E6 61 65 C0 A7 4E B4 6C 4D E6 31 D3 7A 
	26 12 43 36 F7 E8 28 AC AA 9A 7B 0C 89 71 AC C7 
	01 64 CC BF A9 70 C8 1C 82 9D FC 79 37 C1 33 8A 
	F9 02 CE D6 4E 4F E3 7E 70 44 1B 0D 85 AD D2 B9 
	A3 8F 89 54 53 FB 4D 0F EA 75 0C 83 BB 16 AC 86 
	52 02 23 3E 30 66 28 34 59 CC CC 64 9E 83 96 FF 
	AC 73 4D 34 28 67 A3 CB 98 10 B8 EF 5A 7A 05 B4 
	26 1C 84 00 55 71 4D 49 28 74 20 56 C5 7C C0 35 
	6F 62 8F DF E7 36 10 F2 38 0D B8 31 C0 D7 0A C1 
	1B 0E 1D 08 2D FF D9 62 DC 95 C6 BC E3 58 C7 0C 
	BB 2F C8 58 FB 78 8F 8A A4 5C 15 9B 3E BA 48 1C 
	8D 0B AC F9 14 EB 5F DC 0F BF 42 62 1E A1 74 59 
	1A 84 00 C0 9A 44 1E 1A 58 AF D8 DE D5 22 2B 67 
DH y  (size 32):
	38 89 C4 E0 B5 3B 03 FA 44 FB A6 AF 89 EE AA 5F 
	43 47 E8 49 6E 93 4C E8 13 64 E1 32 CF CA 25 6D 
DH gx  (size 32):
	FB B4 6F DD 17 E8 B7 0E C5 98 DE CB B6 C8 4A 15 
	29 B0 DF CF 9E DE D9 C5 F8 D3 BF 64 F5 52 D2 10 
SHARED SECRET DERIVE
G_XY (ECDH shared secret)  (size 32):
	23 42 DA 3A 44 A9 28 77 02 7E D4 DE 6D 1E 8E A1 
	6A 64 F6 60 1A CF 0D 09 79 E2 32 07 86 54 F8 6D 
KEM mechanism
KEM - g_x  (size 1184):
	A5 4C 7C E7 E0 CE 7F E6 B9 60 13 7E 59 58 7C 6E 
	36 57 A2 83 30 33 01 18 9E EC 5B FF AB B8 4D B6 
	B9 F5 B4 6C 49 1C C4 6B F1 C9 C8 23 14 8F FB 23 
	B5 66 15 B3 8C 5B BE 64 79 00 06 D0 27 CB 72 8D 
	9B A3 BE 09 91 EF 04 1A 33 25 8C B2 35 00 DD 90 
	7B 22 88 74 A0 95 87 83 05 12 3E 62 C3 31 A3 5B 
	B6 3B BD 12 D7 88 18 74 19 FD DB 26 2B 6C 1F D8 
	A8 09 9A A5 4E 0C 17 71 E4 66 18 58 83 8C 6D D6 
	7B 9A 2A 2A 06 2B 2C 15 C0 B5 98 3C 69 C5 8B 69 
	73 87 19 86 69 05 21 E1 C6 96 13 AD EF C6 4D D1 
	FC CD 9D A2 41 8D 36 06 DA 64 94 C1 16 85 CE 87 
	15 AE AA 8E B3 05 84 AC 14 19 ED 0C 92 88 37 2B 
	20 68 56 31 D3 9F C5 F4 29 AD 63 02 3B 78 48 E6 
	C4 2E B6 D3 24 54 53 B1 E5 B3 C3 A3 09 CD 64 C1 
	58 8F 9A A1 A7 43 8D 6D C8 43 B0 D7 77 7B 05 5D 
	E4 17 73 2A 22 69 24 DC 23 98 04 A0 15 9C BC 9C 
	6A 67 13 6C B4 9D 59 5F EB 41 44 DD B2 0B 75 9B 
	37 2C B5 B5 1A 29 CE 2B 40 63 EB F5 93 8B 15 76 
	DF 72 0B B4 FA 50 3A F5 8B 0E 09 A2 6D 93 B5 15 
	3B 54 88 26 BF 39 03 79 D1 C6 6E 9C 04 55 64 94 
	8C A8 3A AE A8 09 78 93 D6 0C 70 9C 4C 02 55 90 
	87 C4 66 4A 56 AF B3 7A 0E 3C 4C AF 9C 3A 65 02 
	61 B1 71 EA 74 6D 95 89 B4 E9 23 19 FC 70 9E 17 
	C7 74 A4 13 C6 C1 11 7B B0 3F 73 75 9D E9 CC 8A 
	1A 43 B2 72 85 28 2F E9 B3 40 47 81 95 A4 B8 E0 
	95 88 F0 A0 22 23 C1 A3 5A DB 73 9F DC 01 49 4B 
	99 46 AA 1B E4 00 2E CD DA 63 97 B5 CF BA 31 51 
	3E 1C 24 3C 50 B3 A4 2C 12 86 02 39 84 C3 C1 61 
	04 97 9E 30 2C 44 9B 7A CC 12 98 41 67 55 1D 5A 
	32 27 45 76 50 A9 34 D6 6C A5 3F DB 43 89 98 3E 
	FD 85 C4 87 39 A9 20 72 A8 1D 53 3B 34 1B 45 FF 
	D3 33 14 36 66 C0 87 3C 91 B0 30 95 87 05 BA F1 
	83 D7 79 1A 11 79 42 34 C1 53 B4 CC 6F 80 0A 58 
	B7 F1 55 2C 30 AB 3C 70 45 5E 08 B6 46 90 B0 ED 
	78 CC 87 06 93 91 47 1D EC B7 8F 3D B7 C2 B2 EB 
	B9 22 51 03 4F 91 C2 87 73 C5 35 CC 63 BB 54 B1 
	37 3C 93 CB 11 46 B4 EB 3D 62 13 6F 16 40 AA C9 
	50 7E F9 A0 1E 37 C3 92 17 4B 8D 96 19 62 40 B1 
	B4 3B 99 46 80 F4 B6 05 A7 3B DD 75 72 B6 A8 3E 
	5F A8 96 27 30 26 90 54 B2 A8 27 14 05 D2 A1 EB 
	AC 73 41 EB B7 62 F4 CC 46 42 16 AE F9 47 B8 D7 
	34 3E B6 96 2E 59 4C AC B6 31 47 A6 68 6B 66 6C 
	DA 93 CA 72 0C 5A 72 F9 95 6E 23 2A 26 08 90 4D 
	39 CE 27 31 90 A2 E0 64 15 A0 0D 9F 0B 25 53 C8 
	B9 E9 17 79 36 42 73 23 DA A2 53 7A AB 58 65 66 
	62 F3 21 87 F2 73 AC 33 60 BC E9 50 CA 3A 91 9C 
	08 0C C8 7C 9A 99 75 B5 36 22 CD 4D 66 A9 71 C2 
	5D C2 25 91 AA 14 1D 80 D7 32 D6 43 90 3F 02 CB 
	BC B4 8E 0E D7 04 19 04 7E 12 F5 3E 4C B0 5D 42 
	95 68 30 1B 89 15 E6 2D EF EA 3C 34 36 25 B0 78 
	3B C4 C8 33 D7 C6 6B 28 26 12 97 61 59 D2 4A 60 
	F0 44 99 DD 13 66 53 01 73 4F 05 7D 87 44 32 86 
	1A 79 2C D1 08 7E 34 90 16 61 4E 58 1C 36 BC 6B 
	C2 AC 88 14 BD B0 72 7F EA 6D 0C 45 7E CD 51 4B 
	7C 5B 43 94 5A 3C 5F 00 99 06 F5 9A 9E 60 26 7E 
	B4 06 7C A9 11 CD 98 6A ED BB 7B BA 6C 90 3F F2 
	40 F3 58 6A 13 D0 8F C2 CC AE BC F9 91 CC 47 91 
	EC 51 C9 DF A7 4F 06 59 92 BE B9 C6 61 00 AC 21 
	2C 4B FD 3B 94 E1 9C 00 03 6B B1 36 D4 07 0E 6B 
	24 62 08 91 B9 74 35 2D 41 98 BE 9B 33 04 F2 5F 
	86 7B 88 22 9B 78 97 12 47 1C 4C 39 A8 84 4D 73 
	D4 69 8F E6 61 65 C0 A7 4E B4 6C 4D E6 31 D3 7A 
	26 12 43 36 F7 E8 28 AC AA 9A 7B 0C 89 71 AC C7 
	01 64 CC BF A9 70 C8 1C 82 9D FC 79 37 C1 33 8A 
	F9 02 CE D6 4E 4F E3 7E 70 44 1B 0D 85 AD D2 B9 
	A3 8F 89 54 53 FB 4D 0F EA 75 0C 83 BB 16 AC 86 
	52 02 23 3E 30 66 28 34 59 CC CC 64 9E 83 96 FF 
	AC 73 4D 34 28 67 A3 CB 98 10 B8 EF 5A 7A 05 B4 
	26 1C 84 00 55 71 4D 49 28 74 20 56 C5 7C C0 35 
	6F 62 8F DF E7 36 10 F2 38 0D B8 31 C0 D7 0A C1 
	1B 0E 1D 08 2D FF D9 62 DC 95 C6 BC E3 58 C7 0C 
	BB 2F C8 58 FB 78 8F 8A A4 5C 15 9B 3E BA 48 1C 
	8D 0B AC F9 14 EB 5F DC 0F BF 42 62 1E A1 74 59 
	1A 84 00 C0 9A 44 1E 1A 58 AF D8 DE D5 22 2B 67 
gx PQ/T size: 1216 - KEM size 1184
PQ/T g_y  (size 1120):
	27 B1 D6 35 A6 63 38 2D 99 E0 31 B3 E9 A5 D6 82 
	A0 95 45 04 93 56 AF 6F 13 54 DE D1 3E D2 9C 72 
	00 00 00 00 00 00 00 00 00 00 00 00 00 00 00 00 
	00 00 00 00 00 00 00 00 00 00 00 00 00 00 00 00 
	00 00 00 00 00 00 00 00 00 00 00 00 00 00 00 00 
	00 00 00 00 00 00 00 00 00 00 00 00 00 00 00 00 
	00 00 00 00 00 00 00 00 00 00 00 00 00 00 00 00 
	00 00 00 00 00 00 00 00 00 00 00 00 00 00 00 00 
	00 00 00 00 00 00 00 00 00 00 00 00 00 00 00 00 
	00 00 00 00 00 00 00 00 00 00 00 00 00 00 00 00 
	00 00 00 00 00 00 00 00 00 00 00 00 00 00 00 00 
	00 00 00 00 00 00 00 00 00 00 00 00 00 00 00 00 
	00 00 00 00 00 00 00 00 00 00 00 00 00 00 00 00 
	00 00 00 00 00 00 00 00 00 00 00 00 00 00 00 00 
	00 00 00 00 00 00 00 00 00 00 00 00 00 00 00 00 
	00 00 00 00 00 00 00 00 00 00 00 00 00 00 00 00 
	00 00 00 00 00 00 00 00 00 00 00 00 00 00 00 00 
	00 00 00 00 00 00 00 00 00 00 00 00 00 00 00 00 
	00 00 00 00 00 00 00 00 00 00 00 00 00 00 00 00 
	00 00 00 00 00 00 00 00 00 00 00 00 00 00 00 00 
	00 00 00 00 00 00 00 00 00 00 00 00 00 00 00 00 
	00 00 00 00 00 00 00 00 00 00 00 00 00 00 00 00 
	00 00 00 00 00 00 00 00 00 00 00 00 00 00 00 00 
	00 00 00 00 00 00 00 00 00 00 00 00 00 00 00 00 
	00 00 00 00 00 00 00 00 00 00 00 00 00 00 00 00 
	00 00 00 00 00 00 00 00 00 00 00 00 00 00 00 00 
	00 00 00 00 00 00 00 00 00 00 00 00 00 00 00 00 
	00 00 00 00 00 00 00 00 00 00 00 00 00 00 00 00 
	00 00 00 00 00 00 00 00 00 00 00 00 00 00 00 00 
	00 00 00 00 00 00 00 00 00 00 00 00 00 00 00 00 
	00 00 00 00 00 00 00 00 00 00 00 00 00 00 00 00 
	00 00 00 00 00 00 00 00 00 00 00 00 00 00 00 00 
	00 00 00 00 00 00 00 00 00 00 00 00 00 00 00 00 
	00 00 00 00 00 00 00 00 00 00 00 00 00 00 00 00 
	00 00 00 00 00 00 00 00 00 00 00 00 00 00 00 00 
	00 00 00 00 00 00 00 00 00 00 00 00 00 00 00 00 
	00 00 00 00 00 00 00 00 00 00 00 00 00 00 00 00 
	00 00 00 00 00 00 00 00 00 00 00 00 00 00 00 00 
	00 00 00 00 00 00 00 00 00 00 00 00 00 00 00 00 
	00 00 00 00 00 00 00 00 00 00 00 00 00 00 00 00 
	00 00 00 00 00 00 00 00 00 00 00 00 00 00 00 00 
	00 00 00 00 00 00 00 00 00 00 00 00 00 00 00 00 
	00 00 00 00 00 00 00 00 00 00 00 00 00 00 00 00 
	00 00 00 00 00 00 00 00 00 00 00 00 00 00 00 00 
	00 00 00 00 00 00 00 00 00 00 00 00 00 00 00 00 
	00 00 00 00 00 00 00 00 00 00 00 00 00 00 00 00 
	00 00 00 00 00 00 00 00 00 00 00 00 00 00 00 00 
	00 00 00 00 00 00 00 00 00 00 00 00 00 00 00 00 
	00 00 00 00 00 00 00 00 00 00 00 00 00 00 00 00 
	00 00 00 00 00 00 00 00 00 00 00 00 00 00 00 00 
	00 00 00 00 00 00 00 00 00 00 00 00 00 00 00 00 
	00 00 00 00 00 00 00 00 00 00 00 00 00 00 00 00 
	00 00 00 00 00 00 00 00 00 00 00 00 00 00 00 00 
	00 00 00 00 00 00 00 00 00 00 00 00 00 00 00 00 
	00 00 00 00 00 00 00 00 00 00 00 00 00 00 00 00 
	00 00 00 00 00 00 00 00 00 00 00 00 00 00 00 00 
	00 00 00 00 00 00 00 00 00 00 00 00 00 00 00 00 
	00 00 00 00 00 00 00 00 00 00 00 00 00 00 00 00 
	00 00 00 00 00 00 00 00 00 00 00 00 00 00 00 00 
	00 00 00 00 00 00 00 00 00 00 00 00 00 00 00 00 
	00 00 00 00 00 00 00 00 00 00 00 00 00 00 00 00 
	00 00 00 00 00 00 00 00 00 00 00 00 00 00 00 00 
	00 00 00 00 00 00 00 00 00 00 00 00 00 00 00 00 
	00 00 00 00 00 00 00 00 00 00 00 00 00 00 00 00 
	00 00 00 00 00 00 00 00 00 00 00 00 00 00 00 00 
	00 00 00 00 00 00 00 00 00 00 00 00 00 00 00 00 
	00 00 00 00 00 00 00 00 00 00 00 00 00 00 00 00 
	00 00 00 00 00 00 00 00 00 00 00 00 00 00 00 00 
	00 00 00 00 00 00 00 00 00 00 00 00 00 00 00 00 
	00 00 00 00 00 00 00 00 00 00 00 00 00 00 00 00 
KEM - g_y  (size 1088):
	00 00 00 00 00 00 00 00 00 00 00 00 00 00 00 00 
	00 00 00 00 00 00 00 00 00 00 00 00 00 00 00 00 
	00 00 00 00 00 00 00 00 00 00 00 00 00 00 00 00 
	00 00 00 00 00 00 00 00 00 00 00 00 00 00 00 00 
	00 00 00 00 00 00 00 00 00 00 00 00 00 00 00 00 
	00 00 00 00 00 00 00 00 00 00 00 00 00 00 00 00 
	00 00 00 00 00 00 00 00 00 00 00 00 00 00 00 00 
	00 00 00 00 00 00 00 00 00 00 00 00 00 00 00 00 
	00 00 00 00 00 00 00 00 00 00 00 00 00 00 00 00 
	00 00 00 00 00 00 00 00 00 00 00 00 00 00 00 00 
	00 00 00 00 00 00 00 00 00 00 00 00 00 00 00 00 
	00 00 00 00 00 00 00 00 00 00 00 00 00 00 00 00 
	00 00 00 00 00 00 00 00 00 00 00 00 00 00 00 00 
	00 00 00 00 00 00 00 00 00 00 00 00 00 00 00 00 
	00 00 00 00 00 00 00 00 00 00 00 00 00 00 00 00 
	00 00 00 00 00 00 00 00 00 00 00 00 00 00 00 00 
	00 00 00 00 00 00 00 00 00 00 00 00 00 00 00 00 
	00 00 00 00 00 00 00 00 00 00 00 00 00 00 00 00 
	00 00 00 00 00 00 00 00 00 00 00 00 00 00 00 00 
	00 00 00 00 00 00 00 00 00 00 00 00 00 00 00 00 
	00 00 00 00 00 00 00 00 00 00 00 00 00 00 00 00 
	00 00 00 00 00 00 00 00 00 00 00 00 00 00 00 00 
	00 00 00 00 00 00 00 00 00 00 00 00 00 00 00 00 
	00 00 00 00 00 00 00 00 00 00 00 00 00 00 00 00 
	00 00 00 00 00 00 00 00 00 00 00 00 00 00 00 00 
	00 00 00 00 00 00 00 00 00 00 00 00 00 00 00 00 
	00 00 00 00 00 00 00 00 00 00 00 00 00 00 00 00 
	00 00 00 00 00 00 00 00 00 00 00 00 00 00 00 00 
	00 00 00 00 00 00 00 00 00 00 00 00 00 00 00 00 
	00 00 00 00 00 00 00 00 00 00 00 00 00 00 00 00 
	00 00 00 00 00 00 00 00 00 00 00 00 00 00 00 00 
	00 00 00 00 00 00 00 00 00 00 00 00 00 00 00 00 
	00 00 00 00 00 00 00 00 00 00 00 00 00 00 00 00 
	00 00 00 00 00 00 00 00 00 00 00 00 00 00 00 00 
	00 00 00 00 00 00 00 00 00 00 00 00 00 00 00 00 
	00 00 00 00 00 00 00 00 00 00 00 00 00 00 00 00 
	00 00 00 00 00 00 00 00 00 00 00 00 00 00 00 00 
	00 00 00 00 00 00 00 00 00 00 00 00 00 00 00 00 
	00 00 00 00 00 00 00 00 00 00 00 00 00 00 00 00 
	00 00 00 00 00 00 00 00 00 00 00 00 00 00 00 00 
	00 00 00 00 00 00 00 00 00 00 00 00 00 00 00 00 
	00 00 00 00 00 00 00 00 00 00 00 00 00 00 00 00 
	00 00 00 00 00 00 00 00 00 00 00 00 00 00 00 00 
	00 00 00 00 00 00 00 00 00 00 00 00 00 00 00 00 
	00 00 00 00 00 00 00 00 00 00 00 00 00 00 00 00 
	00 00 00 00 00 00 00 00 00 00 00 00 00 00 00 00 
	00 00 00 00 00 00 00 00 00 00 00 00 00 00 00 00 
	00 00 00 00 00 00 00 00 00 00 00 00 00 00 00 00 
	00 00 00 00 00 00 00 00 00 00 00 00 00 00 00 00 
	00 00 00 00 00 00 00 00 00 00 00 00 00 00 00 00 
	00 00 00 00 00 00 00 00 00 00 00 00 00 00 00 00 
	00 00 00 00 00 00 00 00 00 00 00 00 00 00 00 00 
	00 00 00 00 00 00 00 00 00 00 00 00 00 00 00 00 
	00 00 00 00 00 00 00 00 00 00 00 00 00 00 00 00 
	00 00 00 00 00 00 00 00 00 00 00 00 00 00 00 00 
	00 00 00 00 00 00 00 00 00 00 00 00 00 00 00 00 
	00 00 00 00 00 00 00 00 00 00 00 00 00 00 00 00 
	00 00 00 00 00 00 00 00 00 00 00 00 00 00 00 00 
	00 00 00 00 00 00 00 00 00 00 00 00 00 00 00 00 
	00 00 00 00 00 00 00 00 00 00 00 00 00 00 00 00 
	00 00 00 00 00 00 00 00 00 00 00 00 00 00 00 00 
	00 00 00 00 00 00 00 00 00 00 00 00 00 00 00 00 
	00 00 00 00 00 00 00 00 00 00 00 00 00 00 00 00 
	00 00 00 00 00 00 00 00 00 00 00 00 00 00 00 00 
	00 00 00 00 00 00 00 00 00 00 00 00 00 00 00 00 
	00 00 00 00 00 00 00 00 00 00 00 00 00 00 00 00 
	00 00 00 00 00 00 00 00 00 00 00 00 00 00 00 00 
	00 00 00 00 00 00 00 00 00 00 00 00 00 00 00 00 
Encapsulate correct
G_XY (PQ SS) (size 32):
	B3 EC 61 DD A9 EF F2 0A 29 D5 D0 6A C3 EC 9C D2 
	BD 03 52 C1 39 A3 5B 43 D5 0C 89 28 59 72 30 1A 
G_Y (PQ CC) (size 1088):
	EF 98 2B C1 D5 04 1D 2C A7 55 5C 68 2B 84 50 D0 
	08 F4 72 7D BD B6 04 2D 02 62 B2 B9 FE 4C BD FA 
	2F 67 6D FF A4 B8 E2 54 7F CF 6A CC 00 8B 75 CD 
	A7 8D 22 B9 37 5E 05 D8 1D C9 CC 9C CA AD 1C 4E 
	CE 94 30 A2 D8 A7 A9 5F A8 C2 DA 9C 4C 48 6E 57 
	DD 50 A5 D6 5D 1F 38 94 B2 64 7F D3 B6 04 33 EE 
	57 C8 52 E5 97 B2 E6 BF 78 3D D9 47 01 66 BE 5F 
	82 F2 B1 91 18 1D FA C7 01 04 2D 68 76 1F 38 89 
	49 1E 6A F3 E9 EA C6 24 9A 1C 10 F0 F2 0D ED 17 
	FE A9 F6 8F 92 71 13 0A 33 D4 C7 36 53 DD C1 61 
	D1 C0 57 3C 9F 19 68 E8 91 CA 78 17 A8 40 A9 7E 
	45 88 0A C7 8B CB 6E 49 61 31 6A 45 31 66 61 F9 
	A7 0B F2 84 A9 2C D9 09 F1 FE 01 FE FC A5 5B 01 
	61 D6 57 C3 54 92 DD 0E 12 8B 7C 2D 04 03 92 62 
	6B F9 EA 07 3A 20 A5 11 75 80 0A DB 5A 42 CE 5F 
	FA A6 F6 45 B8 BF 31 80 FA 1E A9 AA A4 3A 9F 7B 
	F2 0F DB 08 79 43 B8 84 27 B2 C5 74 25 FA 5F 70 
	FF 3C EC 57 4B 93 C3 F4 66 6B 1E 73 84 8F 20 94 
	1A A7 54 BB D6 EC 5D C7 5D 23 E6 18 FA 5F D0 1D 
	2D 4E 88 35 83 28 DF 40 86 55 2F DE 89 34 87 E3 
	A4 7C 6A 4A 34 39 B3 5D 65 89 61 AE 38 0B FD 87 
	FF 28 89 24 00 61 E4 25 86 66 B9 34 EF DC FB B1 
	9B 0F 3F 10 8F 17 92 97 EB 63 43 11 62 6C 33 07 
	55 D9 D9 B8 B3 9B E2 EE 37 44 9C 0D 89 30 13 6B 
	42 AA CB 7F 5A 3F 40 74 4D FF 36 C7 68 38 13 6F 
	9D C6 2C 96 1D F3 37 E5 C2 18 66 87 2E CB F3 A0 
	CF 09 9A 85 B5 C2 DC 85 19 6A 43 04 10 2F 3D 15 
	0B 25 08 87 22 BE F6 A3 C4 28 21 FE E1 3A 10 23 
	F0 93 16 F0 1C D9 B6 CF E4 29 01 B6 DD EF 02 33 
	6A 5E 8B E5 17 ED 00 C1 C9 FA D9 89 BF A7 F6 12 
	C7 C5 CC F0 CC 0C 81 7D 31 C6 3B E8 53 A5 37 74 
	EB B5 BE 2F A3 31 4B 1E C7 78 8E 65 88 A3 A7 3E 
	CB A9 9C 3A 61 4F 7B 4A 72 74 E6 55 20 39 A6 7E 
	65 A9 60 16 2C C7 11 25 5B 0B C0 39 AF 67 CD 03 
	32 2E 48 F7 61 83 71 FB 2B AB CA 62 38 E7 8D 1F 
	CD 78 73 BD 4E 2B 2A BD 06 50 B9 8F AE 01 99 7F 
	D1 D5 CC 66 B9 9B 24 5D D9 3A A1 F9 EF 5A A7 1C 
	EE 57 CA 23 F7 F6 8C 14 FE 02 9E 24 62 84 20 DB 
	8A 8C 95 84 26 87 72 C6 AC B3 75 62 BD F1 2E 83 
	07 A6 8D 5E 97 E4 C1 77 71 28 9D 68 2C 1F EC BF 
	D0 AC 2C 8C 58 39 44 15 4E A5 FE 24 0A BE 9A 39 
	2F D2 B6 88 92 94 3A 9C DF 31 DB 91 46 86 B2 32 
	86 26 28 64 C6 09 73 EC 3D C3 9F 43 E0 58 D8 C4 
	B2 82 4D BC 0B BF C9 71 60 2B ED D7 30 BB 71 2D 
	E5 77 70 7D 31 2B 85 E6 5B 04 8B 96 77 20 3B BA 
	A7 46 45 37 9E DA 5C 8D 81 01 FF 5F 1A 9D 70 64 
	E5 C4 0E 7A F6 99 45 E4 CE 53 C1 6F 77 8E DA A2 
	3F 53 31 87 22 09 AD CA 33 40 67 A5 A1 30 31 5F 
	A5 FF DF F3 5E 01 A0 0F 5D 39 5C 00 5A 5D 03 55 
	E6 54 8C C4 63 EA 22 A9 71 BF 46 F2 73 16 D5 B4 
	55 83 FC 2D 9B 66 E4 A0 43 64 0A F1 97 CA 23 37 
	7B 78 B5 DC 04 FB 6F 47 C3 9C 68 46 0E CD CA 37 
	7E 33 27 BD FB 21 8C 5A AD 61 19 8B E8 16 80 50 
	97 EA 54 33 50 96 F5 79 DA 97 78 D0 3E 2F 59 4B 
	02 AE BC 6D C3 CE 7E EF 31 BD FC B2 1F FC DD 5A 
	43 95 58 26 26 19 80 76 16 6D 0E F6 33 6E C9 33 
	2E 90 AC A7 C7 E9 FD C1 B8 D3 6F A6 82 AF B3 F0 
	FF 4F 39 6A 62 88 EB 25 49 EF FB C3 29 35 8E CB 
	67 B8 3A D4 83 B6 41 33 39 2D EA 19 16 2D 6C 56 
	AB 8F 81 44 AF 61 2F 13 A5 AB 99 B7 2A 40 4C A6 
	57 72 8A 77 7B 70 39 94 86 AC 9C F6 B6 0A 41 D1 
	89 35 6F 54 9E 38 ED 1A EF E3 D9 9D D2 BA 7B C9 
	67 44 B0 10 F9 D8 BC DC F1 A8 65 18 C1 4D D5 3F 
	51 1D 58 F9 84 D8 74 2C 8E B6 23 C0 54 E9 E4 F7 
	06 F2 0F B4 13 B4 40 8E D2 F1 BA 2E B0 2D 1D 74 
	29 89 03 08 F1 F3 D3 9F C1 99 2A D8 F5 F0 01 8A 
	AD C3 42 BF FB 2B E4 27 DB 62 AD 45 72 1C A9 1F 
	2E 50 BA D4 B5 04 63 B4 81 6D 74 C2 D7 37 2B 86 
G_Y (PQ/T) (size 1120):
	27 B1 D6 35 A6 63 38 2D 99 E0 31 B3 E9 A5 D6 82 
	A0 95 45 04 93 56 AF 6F 13 54 DE D1 3E D2 9C 72 
	EF 98 2B C1 D5 04 1D 2C A7 55 5C 68 2B 84 50 D0 
	08 F4 72 7D BD B6 04 2D 02 62 B2 B9 FE 4C BD FA 
	2F 67 6D FF A4 B8 E2 54 7F CF 6A CC 00 8B 75 CD 
	A7 8D 22 B9 37 5E 05 D8 1D C9 CC 9C CA AD 1C 4E 
	CE 94 30 A2 D8 A7 A9 5F A8 C2 DA 9C 4C 48 6E 57 
	DD 50 A5 D6 5D 1F 38 94 B2 64 7F D3 B6 04 33 EE 
	57 C8 52 E5 97 B2 E6 BF 78 3D D9 47 01 66 BE 5F 
	82 F2 B1 91 18 1D FA C7 01 04 2D 68 76 1F 38 89 
	49 1E 6A F3 E9 EA C6 24 9A 1C 10 F0 F2 0D ED 17 
	FE A9 F6 8F 92 71 13 0A 33 D4 C7 36 53 DD C1 61 
	D1 C0 57 3C 9F 19 68 E8 91 CA 78 17 A8 40 A9 7E 
	45 88 0A C7 8B CB 6E 49 61 31 6A 45 31 66 61 F9 
	A7 0B F2 84 A9 2C D9 09 F1 FE 01 FE FC A5 5B 01 
	61 D6 57 C3 54 92 DD 0E 12 8B 7C 2D 04 03 92 62 
	6B F9 EA 07 3A 20 A5 11 75 80 0A DB 5A 42 CE 5F 
	FA A6 F6 45 B8 BF 31 80 FA 1E A9 AA A4 3A 9F 7B 
	F2 0F DB 08 79 43 B8 84 27 B2 C5 74 25 FA 5F 70 
	FF 3C EC 57 4B 93 C3 F4 66 6B 1E 73 84 8F 20 94 
	1A A7 54 BB D6 EC 5D C7 5D 23 E6 18 FA 5F D0 1D 
	2D 4E 88 35 83 28 DF 40 86 55 2F DE 89 34 87 E3 
	A4 7C 6A 4A 34 39 B3 5D 65 89 61 AE 38 0B FD 87 
	FF 28 89 24 00 61 E4 25 86 66 B9 34 EF DC FB B1 
	9B 0F 3F 10 8F 17 92 97 EB 63 43 11 62 6C 33 07 
	55 D9 D9 B8 B3 9B E2 EE 37 44 9C 0D 89 30 13 6B 
	42 AA CB 7F 5A 3F 40 74 4D FF 36 C7 68 38 13 6F 
	9D C6 2C 96 1D F3 37 E5 C2 18 66 87 2E CB F3 A0 
	CF 09 9A 85 B5 C2 DC 85 19 6A 43 04 10 2F 3D 15 
	0B 25 08 87 22 BE F6 A3 C4 28 21 FE E1 3A 10 23 
	F0 93 16 F0 1C D9 B6 CF E4 29 01 B6 DD EF 02 33 
	6A 5E 8B E5 17 ED 00 C1 C9 FA D9 89 BF A7 F6 12 
	C7 C5 CC F0 CC 0C 81 7D 31 C6 3B E8 53 A5 37 74 
	EB B5 BE 2F A3 31 4B 1E C7 78 8E 65 88 A3 A7 3E 
	CB A9 9C 3A 61 4F 7B 4A 72 74 E6 55 20 39 A6 7E 
	65 A9 60 16 2C C7 11 25 5B 0B C0 39 AF 67 CD 03 
	32 2E 48 F7 61 83 71 FB 2B AB CA 62 38 E7 8D 1F 
	CD 78 73 BD 4E 2B 2A BD 06 50 B9 8F AE 01 99 7F 
	D1 D5 CC 66 B9 9B 24 5D D9 3A A1 F9 EF 5A A7 1C 
	EE 57 CA 23 F7 F6 8C 14 FE 02 9E 24 62 84 20 DB 
	8A 8C 95 84 26 87 72 C6 AC B3 75 62 BD F1 2E 83 
	07 A6 8D 5E 97 E4 C1 77 71 28 9D 68 2C 1F EC BF 
	D0 AC 2C 8C 58 39 44 15 4E A5 FE 24 0A BE 9A 39 
	2F D2 B6 88 92 94 3A 9C DF 31 DB 91 46 86 B2 32 
	86 26 28 64 C6 09 73 EC 3D C3 9F 43 E0 58 D8 C4 
	B2 82 4D BC 0B BF C9 71 60 2B ED D7 30 BB 71 2D 
	E5 77 70 7D 31 2B 85 E6 5B 04 8B 96 77 20 3B BA 
	A7 46 45 37 9E DA 5C 8D 81 01 FF 5F 1A 9D 70 64 
	E5 C4 0E 7A F6 99 45 E4 CE 53 C1 6F 77 8E DA A2 
	3F 53 31 87 22 09 AD CA 33 40 67 A5 A1 30 31 5F 
	A5 FF DF F3 5E 01 A0 0F 5D 39 5C 00 5A 5D 03 55 
	E6 54 8C C4 63 EA 22 A9 71 BF 46 F2 73 16 D5 B4 
	55 83 FC 2D 9B 66 E4 A0 43 64 0A F1 97 CA 23 37 
	7B 78 B5 DC 04 FB 6F 47 C3 9C 68 46 0E CD CA 37 
	7E 33 27 BD FB 21 8C 5A AD 61 19 8B E8 16 80 50 
	97 EA 54 33 50 96 F5 79 DA 97 78 D0 3E 2F 59 4B 
	02 AE BC 6D C3 CE 7E EF 31 BD FC B2 1F FC DD 5A 
	43 95 58 26 26 19 80 76 16 6D 0E F6 33 6E C9 33 
	2E 90 AC A7 C7 E9 FD C1 B8 D3 6F A6 82 AF B3 F0 
	FF 4F 39 6A 62 88 EB 25 49 EF FB C3 29 35 8E CB 
	67 B8 3A D4 83 B6 41 33 39 2D EA 19 16 2D 6C 56 
	AB 8F 81 44 AF 61 2F 13 A5 AB 99 B7 2A 40 4C A6 
	57 72 8A 77 7B 70 39 94 86 AC 9C F6 B6 0A 41 D1 
	89 35 6F 54 9E 38 ED 1A EF E3 D9 9D D2 BA 7B C9 
	67 44 B0 10 F9 D8 BC DC F1 A8 65 18 C1 4D D5 3F 
	51 1D 58 F9 84 D8 74 2C 8E B6 23 C0 54 E9 E4 F7 
	06 F2 0F B4 13 B4 40 8E D2 F1 BA 2E B0 2D 1D 74 
	29 89 03 08 F1 F3 D3 9F C1 99 2A D8 F5 F0 01 8A 
	AD C3 42 BF FB 2B E4 27 DB 62 AD 45 72 1C A9 1F 
	2E 50 BA D4 B5 04 63 B4 81 6D 74 C2 D7 37 2B 86 
hash_msg1_raw (size 32):
	A7 3B 17 59 96 0C 51 29 37 60 9B A0 29 A6 B2 7D 
	F8 BB 9F 31 8C CC 7F 03 54 83 C4 70 45 40 17 02 
Input to calculate TH_2 (CBOR Sequence) (size 1157):
	59 04 60 27 B1 D6 35 A6 63 38 2D 99 E0 31 B3 E9 
	A5 D6 82 A0 95 45 04 93 56 AF 6F 13 54 DE D1 3E 
	D2 9C 72 EF 98 2B C1 D5 04 1D 2C A7 55 5C 68 2B 
	84 50 D0 08 F4 72 7D BD B6 04 2D 02 62 B2 B9 FE 
	4C BD FA 2F 67 6D FF A4 B8 E2 54 7F CF 6A CC 00 
	8B 75 CD A7 8D 22 B9 37 5E 05 D8 1D C9 CC 9C CA 
	AD 1C 4E CE 94 30 A2 D8 A7 A9 5F A8 C2 DA 9C 4C 
	48 6E 57 DD 50 A5 D6 5D 1F 38 94 B2 64 7F D3 B6 
	04 33 EE 57 C8 52 E5 97 B2 E6 BF 78 3D D9 47 01 
	66 BE 5F 82 F2 B1 91 18 1D FA C7 01 04 2D 68 76 
	1F 38 89 49 1E 6A F3 E9 EA C6 24 9A 1C 10 F0 F2 
	0D ED 17 FE A9 F6 8F 92 71 13 0A 33 D4 C7 36 53 
	DD C1 61 D1 C0 57 3C 9F 19 68 E8 91 CA 78 17 A8 
	40 A9 7E 45 88 0A C7 8B CB 6E 49 61 31 6A 45 31 
	66 61 F9 A7 0B F2 84 A9 2C D9 09 F1 FE 01 FE FC 
	A5 5B 01 61 D6 57 C3 54 92 DD 0E 12 8B 7C 2D 04 
	03 92 62 6B F9 EA 07 3A 20 A5 11 75 80 0A DB 5A 
	42 CE 5F FA A6 F6 45 B8 BF 31 80 FA 1E A9 AA A4 
	3A 9F 7B F2 0F DB 08 79 43 B8 84 27 B2 C5 74 25 
	FA 5F 70 FF 3C EC 57 4B 93 C3 F4 66 6B 1E 73 84 
	8F 20 94 1A A7 54 BB D6 EC 5D C7 5D 23 E6 18 FA 
	5F D0 1D 2D 4E 88 35 83 28 DF 40 86 55 2F DE 89 
	34 87 E3 A4 7C 6A 4A 34 39 B3 5D 65 89 61 AE 38 
	0B FD 87 FF 28 89 24 00 61 E4 25 86 66 B9 34 EF 
	DC FB B1 9B 0F 3F 10 8F 17 92 97 EB 63 43 11 62 
	6C 33 07 55 D9 D9 B8 B3 9B E2 EE 37 44 9C 0D 89 
	30 13 6B 42 AA CB 7F 5A 3F 40 74 4D FF 36 C7 68 
	38 13 6F 9D C6 2C 96 1D F3 37 E5 C2 18 66 87 2E 
	CB F3 A0 CF 09 9A 85 B5 C2 DC 85 19 6A 43 04 10 
	2F 3D 15 0B 25 08 87 22 BE F6 A3 C4 28 21 FE E1 
	3A 10 23 F0 93 16 F0 1C D9 B6 CF E4 29 01 B6 DD 
	EF 02 33 6A 5E 8B E5 17 ED 00 C1 C9 FA D9 89 BF 
	A7 F6 12 C7 C5 CC F0 CC 0C 81 7D 31 C6 3B E8 53 
	A5 37 74 EB B5 BE 2F A3 31 4B 1E C7 78 8E 65 88 
	A3 A7 3E CB A9 9C 3A 61 4F 7B 4A 72 74 E6 55 20 
	39 A6 7E 65 A9 60 16 2C C7 11 25 5B 0B C0 39 AF 
	67 CD 03 32 2E 48 F7 61 83 71 FB 2B AB CA 62 38 
	E7 8D 1F CD 78 73 BD 4E 2B 2A BD 06 50 B9 8F AE 
	01 99 7F D1 D5 CC 66 B9 9B 24 5D D9 3A A1 F9 EF 
	5A A7 1C EE 57 CA 23 F7 F6 8C 14 FE 02 9E 24 62 
	84 20 DB 8A 8C 95 84 26 87 72 C6 AC B3 75 62 BD 
	F1 2E 83 07 A6 8D 5E 97 E4 C1 77 71 28 9D 68 2C 
	1F EC BF D0 AC 2C 8C 58 39 44 15 4E A5 FE 24 0A 
	BE 9A 39 2F D2 B6 88 92 94 3A 9C DF 31 DB 91 46 
	86 B2 32 86 26 28 64 C6 09 73 EC 3D C3 9F 43 E0 
	58 D8 C4 B2 82 4D BC 0B BF C9 71 60 2B ED D7 30 
	BB 71 2D E5 77 70 7D 31 2B 85 E6 5B 04 8B 96 77 
	20 3B BA A7 46 45 37 9E DA 5C 8D 81 01 FF 5F 1A 
	9D 70 64 E5 C4 0E 7A F6 99 45 E4 CE 53 C1 6F 77 
	8E DA A2 3F 53 31 87 22 09 AD CA 33 40 67 A5 A1 
	30 31 5F A5 FF DF F3 5E 01 A0 0F 5D 39 5C 00 5A 
	5D 03 55 E6 54 8C C4 63 EA 22 A9 71 BF 46 F2 73 
	16 D5 B4 55 83 FC 2D 9B 66 E4 A0 43 64 0A F1 97 
	CA 23 37 7B 78 B5 DC 04 FB 6F 47 C3 9C 68 46 0E 
	CD CA 37 7E 33 27 BD FB 21 8C 5A AD 61 19 8B E8 
	16 80 50 97 EA 54 33 50 96 F5 79 DA 97 78 D0 3E 
	2F 59 4B 02 AE BC 6D C3 CE 7E EF 31 BD FC B2 1F 
	FC DD 5A 43 95 58 26 26 19 80 76 16 6D 0E F6 33 
	6E C9 33 2E 90 AC A7 C7 E9 FD C1 B8 D3 6F A6 82 
	AF B3 F0 FF 4F 39 6A 62 88 EB 25 49 EF FB C3 29 
	35 8E CB 67 B8 3A D4 83 B6 41 33 39 2D EA 19 16 
	2D 6C 56 AB 8F 81 44 AF 61 2F 13 A5 AB 99 B7 2A 
	40 4C A6 57 72 8A 77 7B 70 39 94 86 AC 9C F6 B6 
	0A 41 D1 89 35 6F 54 9E 38 ED 1A EF E3 D9 9D D2 
	BA 7B C9 67 44 B0 10 F9 D8 BC DC F1 A8 65 18 C1 
	4D D5 3F 51 1D 58 F9 84 D8 74 2C 8E B6 23 C0 54 
	E9 E4 F7 06 F2 0F B4 13 B4 40 8E D2 F1 BA 2E B0 
	2D 1D 74 29 89 03 08 F1 F3 D3 9F C1 99 2A D8 F5 
	F0 01 8A AD C3 42 BF FB 2B E4 27 DB 62 AD 45 72 
	1C A9 1F 2E 50 BA D4 B5 04 63 B4 81 6D 74 C2 D7 
	37 2B 86 58 20 A7 3B 17 59 96 0C 51 29 37 60 9B 
	A0 29 A6 B2 7D F8 BB 9F 31 8C CC 7F 03 54 83 C4 
	70 45 40 17 02 
TH2 (size 32):
	87 EF C0 07 A9 E3 14 D1 4E 42 74 43 E4 1E 84 6F 
	2D 3D 7F F9 88 66 0C D4 6A 2E 8D D8 66 8E 21 45 
TH_2 (size 32):
	87 EF C0 07 A9 E3 14 D1 4E 42 74 43 E4 1E 84 6F 
	2D 3D 7F F9 88 66 0C D4 6A 2E 8D D8 66 8E 21 45 
PRK_2e (first DH derivation) (size 32):
	1D A6 E4 B0 BF 1F 3B 74 C3 43 1A B6 F3 73 7F 91 
	6B 7C A2 AD 90 5F 58 95 28 C9 76 5F A9 9B 60 BE 
PRK_2e_b (second KEM derivation) (size 32):
	22 C4 D3 14 98 72 23 FF 0C 2B 11 D8 E5 A2 67 46 
	3E 52 DA 80 9A 19 62 6A A6 60 FE 78 4A D7 03 50 
PRK_2e final (size 32):
	22 C4 D3 14 98 72 23 FF 0C 2B 11 D8 E5 A2 67 46 
	3E 52 DA 80 9A 19 62 6A A6 60 FE 78 4A D7 03 50 
[prk_derive] static DH alg -67 pk_len 1216 sk_len 32
[prk_derive] stat_pk (size 1216):
	FB B4 6F DD 17 E8 B7 0E C5 98 DE CB B6 C8 4A 15 
	29 B0 DF CF 9E DE D9 C5 F8 D3 BF 64 F5 52 D2 10 
	A5 4C 7C E7 E0 CE 7F E6 B9 60 13 7E 59 58 7C 6E 
	36 57 A2 83 30 33 01 18 9E EC 5B FF AB B8 4D B6 
	B9 F5 B4 6C 49 1C C4 6B F1 C9 C8 23 14 8F FB 23 
	B5 66 15 B3 8C 5B BE 64 79 00 06 D0 27 CB 72 8D 
	9B A3 BE 09 91 EF 04 1A 33 25 8C B2 35 00 DD 90 
	7B 22 88 74 A0 95 87 83 05 12 3E 62 C3 31 A3 5B 
	B6 3B BD 12 D7 88 18 74 19 FD DB 26 2B 6C 1F D8 
	A8 09 9A A5 4E 0C 17 71 E4 66 18 58 83 8C 6D D6 
	7B 9A 2A 2A 06 2B 2C 15 C0 B5 98 3C 69 C5 8B 69 
	73 87 19 86 69 05 21 E1 C6 96 13 AD EF C6 4D D1 
	FC CD 9D A2 41 8D 36 06 DA 64 94 C1 16 85 CE 87 
	15 AE AA 8E B3 05 84 AC 14 19 ED 0C 92 88 37 2B 
	20 68 56 31 D3 9F C5 F4 29 AD 63 02 3B 78 48 E6 
	C4 2E B6 D3 24 54 53 B1 E5 B3 C3 A3 09 CD 64 C1 
	58 8F 9A A1 A7 43 8D 6D C8 43 B0 D7 77 7B 05 5D 
	E4 17 73 2A 22 69 24 DC 23 98 04 A0 15 9C BC 9C 
	6A 67 13 6C B4 9D 59 5F EB 41 44 DD B2 0B 75 9B 
	37 2C B5 B5 1A 29 CE 2B 40 63 EB F5 93 8B 15 76 
	DF 72 0B B4 FA 50 3A F5 8B 0E 09 A2 6D 93 B5 15 
	3B 54 88 26 BF 39 03 79 D1 C6 6E 9C 04 55 64 94 
	8C A8 3A AE A8 09 78 93 D6 0C 70 9C 4C 02 55 90 
	87 C4 66 4A 56 AF B3 7A 0E 3C 4C AF 9C 3A 65 02 
	61 B1 71 EA 74 6D 95 89 B4 E9 23 19 FC 70 9E 17 
	C7 74 A4 13 C6 C1 11 7B B0 3F 73 75 9D E9 CC 8A 
	1A 43 B2 72 85 28 2F E9 B3 40 47 81 95 A4 B8 E0 
	95 88 F0 A0 22 23 C1 A3 5A DB 73 9F DC 01 49 4B 
	99 46 AA 1B E4 00 2E CD DA 63 97 B5 CF BA 31 51 
	3E 1C 24 3C 50 B3 A4 2C 12 86 02 39 84 C3 C1 61 
	04 97 9E 30 2C 44 9B 7A CC 12 98 41 67 55 1D 5A 
	32 27 45 76 50 A9 34 D6 6C A5 3F DB 43 89 98 3E 
	FD 85 C4 87 39 A9 20 72 A8 1D 53 3B 34 1B 45 FF 
	D3 33 14 36 66 C0 87 3C 91 B0 30 95 87 05 BA F1 
	83 D7 79 1A 11 79 42 34 C1 53 B4 CC 6F 80 0A 58 
	B7 F1 55 2C 30 AB 3C 70 45 5E 08 B6 46 90 B0 ED 
	78 CC 87 06 93 91 47 1D EC B7 8F 3D B7 C2 B2 EB 
	B9 22 51 03 4F 91 C2 87 73 C5 35 CC 63 BB 54 B1 
	37 3C 93 CB 11 46 B4 EB 3D 62 13 6F 16 40 AA C9 
	50 7E F9 A0 1E 37 C3 92 17 4B 8D 96 19 62 40 B1 
	B4 3B 99 46 80 F4 B6 05 A7 3B DD 75 72 B6 A8 3E 
	5F A8 96 27 30 26 90 54 B2 A8 27 14 05 D2 A1 EB 
	AC 73 41 EB B7 62 F4 CC 46 42 16 AE F9 47 B8 D7 
	34 3E B6 96 2E 59 4C AC B6 31 47 A6 68 6B 66 6C 
	DA 93 CA 72 0C 5A 72 F9 95 6E 23 2A 26 08 90 4D 
	39 CE 27 31 90 A2 E0 64 15 A0 0D 9F 0B 25 53 C8 
	B9 E9 17 79 36 42 73 23 DA A2 53 7A AB 58 65 66 
	62 F3 21 87 F2 73 AC 33 60 BC E9 50 CA 3A 91 9C 
	08 0C C8 7C 9A 99 75 B5 36 22 CD 4D 66 A9 71 C2 
	5D C2 25 91 AA 14 1D 80 D7 32 D6 43 90 3F 02 CB 
	BC B4 8E 0E D7 04 19 04 7E 12 F5 3E 4C B0 5D 42 
	95 68 30 1B 89 15 E6 2D EF EA 3C 34 36 25 B0 78 
	3B C4 C8 33 D7 C6 6B 28 26 12 97 61 59 D2 4A 60 
	F0 44 99 DD 13 66 53 01 73 4F 05 7D 87 44 32 86 
	1A 79 2C D1 08 7E 34 90 16 61 4E 58 1C 36 BC 6B 
	C2 AC 88 14 BD B0 72 7F EA 6D 0C 45 7E CD 51 4B 
	7C 5B 43 94 5A 3C 5F 00 99 06 F5 9A 9E 60 26 7E 
	B4 06 7C A9 11 CD 98 6A ED BB 7B BA 6C 90 3F F2 
	40 F3 58 6A 13 D0 8F C2 CC AE BC F9 91 CC 47 91 
	EC 51 C9 DF A7 4F 06 59 92 BE B9 C6 61 00 AC 21 
	2C 4B FD 3B 94 E1 9C 00 03 6B B1 36 D4 07 0E 6B 
	24 62 08 91 B9 74 35 2D 41 98 BE 9B 33 04 F2 5F 
	86 7B 88 22 9B 78 97 12 47 1C 4C 39 A8 84 4D 73 
	D4 69 8F E6 61 65 C0 A7 4E B4 6C 4D E6 31 D3 7A 
	26 12 43 36 F7 E8 28 AC AA 9A 7B 0C 89 71 AC C7 
	01 64 CC BF A9 70 C8 1C 82 9D FC 79 37 C1 33 8A 
	F9 02 CE D6 4E 4F E3 7E 70 44 1B 0D 85 AD D2 B9 
	A3 8F 89 54 53 FB 4D 0F EA 75 0C 83 BB 16 AC 86 
	52 02 23 3E 30 66 28 34 59 CC CC 64 9E 83 96 FF 
	AC 73 4D 34 28 67 A3 CB 98 10 B8 EF 5A 7A 05 B4 
	26 1C 84 00 55 71 4D 49 28 74 20 56 C5 7C C0 35 
	6F 62 8F DF E7 36 10 F2 38 0D B8 31 C0 D7 0A C1 
	1B 0E 1D 08 2D FF D9 62 DC 95 C6 BC E3 58 C7 0C 
	BB 2F C8 58 FB 78 8F 8A A4 5C 15 9B 3E BA 48 1C 
	8D 0B AC F9 14 EB 5F DC 0F BF 42 62 1E A1 74 59 
	1A 84 00 C0 9A 44 1E 1A 58 AF D8 DE D5 22 2B 67 
[prk_derive] stat_sk (size 32):
	18 BC C8 F6 A7 A4 F4 F5 7C 1A 48 F9 EC 05 0A 6A 
	A0 62 71 1E 30 3D 1B 0D DC D8 8D C5 5A 82 94 63 
SHARED SECRET DERIVE
dh_secret (size 32):
	16 97 10 01 99 18 A8 54 1B A3 52 5C 8E 48 5B E2 
	43 22 F8 E6 D1 35 A8 7C 69 E0 DF CC 76 8E ED 5B 
SALT_3e2m or SALT4e3m (size 32):
	DA D3 98 93 4E BB 72 A7 CD B2 C6 DF DF AA 77 47 
	12 85 0B 26 7A 07 2C BE AD DE E5 24 41 FF 6A AA 
prk_3e2m (size 32):
	63 E8 BD 01 7A 34 BB 85 73 F9 91 55 DD 45 E9 46 
	48 6F 50 C5 29 F3 C0 4C FC DA C1 B6 BD D6 DF ED 
Signature len 500 - 64
TMP size: 32
CBOR ENCODE ERROR: 0
MAX ID CRED: 400 cred len 3
MAX CRED: 765 cred len 3
PK SIZE: 65
SIGNATURE SIZE: 500
CONTEXT_MAC_SIZE: 1204
CONTEXT_MAC len: 42
CR len: 2
TH enc len: 34
TMP size: 1
CBOR ENCODE ERROR: 0
MAC context (size 42):
	41 A1 A1 04 01 58 20 87 EF C0 07 A9 E3 14 D1 4E 
	42 74 43 E4 1E 84 6F 2D 3D 7F F9 88 66 0C D4 6A 
	2E 8D D8 66 8E 21 45 A1 04 01 
MAC 2/3 (size 8):
	41 C1 6B 68 2D 3F 7A 4E 
TMP size: 8
CBOR ENCODE ERROR: 0
TMP size: 1
CBOR ENCODE ERROR: 0
kid (size 1):
	01 
KEYSTREAM_2 (size 12):
	43 33 22 DA 10 6C 3E 8E 87 A4 E8 44 
ciphertext_2/3/4 (size 12):
	02 92 23 92 51 AD 55 E6 AA 9B 92 0A 
TMP size: 1132
CBOR ENCODE ERROR: 0
message_2 (CBOR Sequence) (size 1135):
	59 04 6C 27 B1 D6 35 A6 63 38 2D 99 E0 31 B3 E9 
	A5 D6 82 A0 95 45 04 93 56 AF 6F 13 54 DE D1 3E 
	D2 9C 72 EF 98 2B C1 D5 04 1D 2C A7 55 5C 68 2B 
	84 50 D0 08 F4 72 7D BD B6 04 2D 02 62 B2 B9 FE 
	4C BD FA 2F 67 6D FF A4 B8 E2 54 7F CF 6A CC 00 
	8B 75 CD A7 8D 22 B9 37 5E 05 D8 1D C9 CC 9C CA 
	AD 1C 4E CE 94 30 A2 D8 A7 A9 5F A8 C2 DA 9C 4C 
	48 6E 57 DD 50 A5 D6 5D 1F 38 94 B2 64 7F D3 B6 
	04 33 EE 57 C8 52 E5 97 B2 E6 BF 78 3D D9 47 01 
	66 BE 5F 82 F2 B1 91 18 1D FA C7 01 04 2D 68 76 
	1F 38 89 49 1E 6A F3 E9 EA C6 24 9A 1C 10 F0 F2 
	0D ED 17 FE A9 F6 8F 92 71 13 0A 33 D4 C7 36 53 
	DD C1 61 D1 C0 57 3C 9F 19 68 E8 91 CA 78 17 A8 
	40 A9 7E 45 88 0A C7 8B CB 6E 49 61 31 6A 45 31 
	66 61 F9 A7 0B F2 84 A9 2C D9 09 F1 FE 01 FE FC 
	A5 5B 01 61 D6 57 C3 54 92 DD 0E 12 8B 7C 2D 04 
	03 92 62 6B F9 EA 07 3A 20 A5 11 75 80 0A DB 5A 
	42 CE 5F FA A6 F6 45 B8 BF 31 80 FA 1E A9 AA A4 
	3A 9F 7B F2 0F DB 08 79 43 B8 84 27 B2 C5 74 25 
	FA 5F 70 FF 3C EC 57 4B 93 C3 F4 66 6B 1E 73 84 
	8F 20 94 1A A7 54 BB D6 EC 5D C7 5D 23 E6 18 FA 
	5F D0 1D 2D 4E 88 35 83 28 DF 40 86 55 2F DE 89 
	34 87 E3 A4 7C 6A 4A 34 39 B3 5D 65 89 61 AE 38 
	0B FD 87 FF 28 89 24 00 61 E4 25 86 66 B9 34 EF 
	DC FB B1 9B 0F 3F 10 8F 17 92 97 EB 63 43 11 62 
	6C 33 07 55 D9 D9 B8 B3 9B E2 EE 37 44 9C 0D 89 
	30 13 6B 42 AA CB 7F 5A 3F 40 74 4D FF 36 C7 68 
	38 13 6F 9D C6 2C 96 1D F3 37 E5 C2 18 66 87 2E 
	CB F3 A0 CF 09 9A 85 B5 C2 DC 85 19 6A 43 04 10 
	2F 3D 15 0B 25 08 87 22 BE F6 A3 C4 28 21 FE E1 
	3A 10 23 F0 93 16 F0 1C D9 B6 CF E4 29 01 B6 DD 
	EF 02 33 6A 5E 8B E5 17 ED 00 C1 C9 FA D9 89 BF 
	A7 F6 12 C7 C5 CC F0 CC 0C 81 7D 31 C6 3B E8 53 
	A5 37 74 EB B5 BE 2F A3 31 4B 1E C7 78 8E 65 88 
	A3 A7 3E CB A9 9C 3A 61 4F 7B 4A 72 74 E6 55 20 
	39 A6 7E 65 A9 60 16 2C C7 11 25 5B 0B C0 39 AF 
	67 CD 03 32 2E 48 F7 61 83 71 FB 2B AB CA 62 38 
	E7 8D 1F CD 78 73 BD 4E 2B 2A BD 06 50 B9 8F AE 
	01 99 7F D1 D5 CC 66 B9 9B 24 5D D9 3A A1 F9 EF 
	5A A7 1C EE 57 CA 23 F7 F6 8C 14 FE 02 9E 24 62 
	84 20 DB 8A 8C 95 84 26 87 72 C6 AC B3 75 62 BD 
	F1 2E 83 07 A6 8D 5E 97 E4 C1 77 71 28 9D 68 2C 
	1F EC BF D0 AC 2C 8C 58 39 44 15 4E A5 FE 24 0A 
	BE 9A 39 2F D2 B6 88 92 94 3A 9C DF 31 DB 91 46 
	86 B2 32 86 26 28 64 C6 09 73 EC 3D C3 9F 43 E0 
	58 D8 C4 B2 82 4D BC 0B BF C9 71 60 2B ED D7 30 
	BB 71 2D E5 77 70 7D 31 2B 85 E6 5B 04 8B 96 77 
	20 3B BA A7 46 45 37 9E DA 5C 8D 81 01 FF 5F 1A 
	9D 70 64 E5 C4 0E 7A F6 99 45 E4 CE 53 C1 6F 77 
	8E DA A2 3F 53 31 87 22 09 AD CA 33 40 67 A5 A1 
	30 31 5F A5 FF DF F3 5E 01 A0 0F 5D 39 5C 00 5A 
	5D 03 55 E6 54 8C C4 63 EA 22 A9 71 BF 46 F2 73 
	16 D5 B4 55 83 FC 2D 9B 66 E4 A0 43 64 0A F1 97 
	CA 23 37 7B 78 B5 DC 04 FB 6F 47 C3 9C 68 46 0E 
	CD CA 37 7E 33 27 BD FB 21 8C 5A AD 61 19 8B E8 
	16 80 50 97 EA 54 33 50 96 F5 79 DA 97 78 D0 3E 
	2F 59 4B 02 AE BC 6D C3 CE 7E EF 31 BD FC B2 1F 
	FC DD 5A 43 95 58 26 26 19 80 76 16 6D 0E F6 33 
	6E C9 33 2E 90 AC A7 C7 E9 FD C1 B8 D3 6F A6 82 
	AF B3 F0 FF 4F 39 6A 62 88 EB 25 49 EF FB C3 29 
	35 8E CB 67 B8 3A D4 83 B6 41 33 39 2D EA 19 16 
	2D 6C 56 AB 8F 81 44 AF 61 2F 13 A5 AB 99 B7 2A 
	40 4C A6 57 72 8A 77 7B 70 39 94 86 AC 9C F6 B6 
	0A 41 D1 89 35 6F 54 9E 38 ED 1A EF E3 D9 9D D2 
	BA 7B C9 67 44 B0 10 F9 D8 BC DC F1 A8 65 18 C1 
	4D D5 3F 51 1D 58 F9 84 D8 74 2C 8E B6 23 C0 54 
	E9 E4 F7 06 F2 0F B4 13 B4 40 8E D2 F1 BA 2E B0 
	2D 1D 74 29 89 03 08 F1 F3 D3 9F C1 99 2A D8 F5 
	F0 01 8A AD C3 42 BF FB 2B E4 27 DB 62 AD 45 72 
	1C A9 1F 2E 50 BA D4 B5 04 63 B4 81 6D 74 C2 D7 
	37 2B 86 02 92 23 92 51 AD 55 E6 AA 9B 92 0A 
th23 (size 32):
	87 EF C0 07 A9 E3 14 D1 4E 42 74 43 E4 1E 84 6F 
	2D 3D 7F F9 88 66 0C D4 6A 2E 8D D8 66 8E 21 45 
plaintext_23 (size 12):
	41 A1 01 48 41 C1 6B 68 2D 3F 7A 4E 
cred (size 3):
	A1 04 01 
TMP size: 32
CBOR ENCODE ERROR: 0
Encoded
memcopy1
memcopy2
Input to calculate TH_3/TH_4 (CBOR Sequence) (size 49):
	58 20 87 EF C0 07 A9 E3 14 D1 4E 42 74 43 E4 1E 
	84 6F 2D 3D 7F F9 88 66 0C D4 6A 2E 8D D8 66 8E 
	21 45 41 A1 01 48 41 C1 6B 68 2D 3F 7A 4E A1 04 
	01 
TH34 (size 32):
	EC C7 CB 5E 1A DA C9 67 57 E7 27 26 E8 E2 BE FB 
	42 5C CE 93 B2 97 70 B6 88 5F 26 BE 6B D4 55 93 
msg2 generated
msg2 (size 1135):
	59 04 6C 27 B1 D6 35 A6 63 38 2D 99 E0 31 B3 E9 
	A5 D6 82 A0 95 45 04 93 56 AF 6F 13 54 DE D1 3E 
	D2 9C 72 EF 98 2B C1 D5 04 1D 2C A7 55 5C 68 2B 
	84 50 D0 08 F4 72 7D BD B6 04 2D 02 62 B2 B9 FE 
	4C BD FA 2F 67 6D FF A4 B8 E2 54 7F CF 6A CC 00 
	8B 75 CD A7 8D 22 B9 37 5E 05 D8 1D C9 CC 9C CA 
	AD 1C 4E CE 94 30 A2 D8 A7 A9 5F A8 C2 DA 9C 4C 
	48 6E 57 DD 50 A5 D6 5D 1F 38 94 B2 64 7F D3 B6 
	04 33 EE 57 C8 52 E5 97 B2 E6 BF 78 3D D9 47 01 
	66 BE 5F 82 F2 B1 91 18 1D FA C7 01 04 2D 68 76 
	1F 38 89 49 1E 6A F3 E9 EA C6 24 9A 1C 10 F0 F2 
	0D ED 17 FE A9 F6 8F 92 71 13 0A 33 D4 C7 36 53 
	DD C1 61 D1 C0 57 3C 9F 19 68 E8 91 CA 78 17 A8 
	40 A9 7E 45 88 0A C7 8B CB 6E 49 61 31 6A 45 31 
	66 61 F9 A7 0B F2 84 A9 2C D9 09 F1 FE 01 FE FC 
	A5 5B 01 61 D6 57 C3 54 92 DD 0E 12 8B 7C 2D 04 
	03 92 62 6B F9 EA 07 3A 20 A5 11 75 80 0A DB 5A 
	42 CE 5F FA A6 F6 45 B8 BF 31 80 FA 1E A9 AA A4 
	3A 9F 7B F2 0F DB 08 79 43 B8 84 27 B2 C5 74 25 
	FA 5F 70 FF 3C EC 57 4B 93 C3 F4 66 6B 1E 73 84 
	8F 20 94 1A A7 54 BB D6 EC 5D C7 5D 23 E6 18 FA 
	5F D0 1D 2D 4E 88 35 83 28 DF 40 86 55 2F DE 89 
	34 87 E3 A4 7C 6A 4A 34 39 B3 5D 65 89 61 AE 38 
	0B FD 87 FF 28 89 24 00 61 E4 25 86 66 B9 34 EF 
	DC FB B1 9B 0F 3F 10 8F 17 92 97 EB 63 43 11 62 
	6C 33 07 55 D9 D9 B8 B3 9B E2 EE 37 44 9C 0D 89 
	30 13 6B 42 AA CB 7F 5A 3F 40 74 4D FF 36 C7 68 
	38 13 6F 9D C6 2C 96 1D F3 37 E5 C2 18 66 87 2E 
	CB F3 A0 CF 09 9A 85 B5 C2 DC 85 19 6A 43 04 10 
	2F 3D 15 0B 25 08 87 22 BE F6 A3 C4 28 21 FE E1 
	3A 10 23 F0 93 16 F0 1C D9 B6 CF E4 29 01 B6 DD 
	EF 02 33 6A 5E 8B E5 17 ED 00 C1 C9 FA D9 89 BF 
	A7 F6 12 C7 C5 CC F0 CC 0C 81 7D 31 C6 3B E8 53 
	A5 37 74 EB B5 BE 2F A3 31 4B 1E C7 78 8E 65 88 
	A3 A7 3E CB A9 9C 3A 61 4F 7B 4A 72 74 E6 55 20 
	39 A6 7E 65 A9 60 16 2C C7 11 25 5B 0B C0 39 AF 
	67 CD 03 32 2E 48 F7 61 83 71 FB 2B AB CA 62 38 
	E7 8D 1F CD 78 73 BD 4E 2B 2A BD 06 50 B9 8F AE 
	01 99 7F D1 D5 CC 66 B9 9B 24 5D D9 3A A1 F9 EF 
	5A A7 1C EE 57 CA 23 F7 F6 8C 14 FE 02 9E 24 62 
	84 20 DB 8A 8C 95 84 26 87 72 C6 AC B3 75 62 BD 
	F1 2E 83 07 A6 8D 5E 97 E4 C1 77 71 28 9D 68 2C 
	1F EC BF D0 AC 2C 8C 58 39 44 15 4E A5 FE 24 0A 
	BE 9A 39 2F D2 B6 88 92 94 3A 9C DF 31 DB 91 46 
	86 B2 32 86 26 28 64 C6 09 73 EC 3D C3 9F 43 E0 
	58 D8 C4 B2 82 4D BC 0B BF C9 71 60 2B ED D7 30 
	BB 71 2D E5 77 70 7D 31 2B 85 E6 5B 04 8B 96 77 
	20 3B BA A7 46 45 37 9E DA 5C 8D 81 01 FF 5F 1A 
	9D 70 64 E5 C4 0E 7A F6 99 45 E4 CE 53 C1 6F 77 
	8E DA A2 3F 53 31 87 22 09 AD CA 33 40 67 A5 A1 
	30 31 5F A5 FF DF F3 5E 01 A0 0F 5D 39 5C 00 5A 
	5D 03 55 E6 54 8C C4 63 EA 22 A9 71 BF 46 F2 73 
	16 D5 B4 55 83 FC 2D 9B 66 E4 A0 43 64 0A F1 97 
	CA 23 37 7B 78 B5 DC 04 FB 6F 47 C3 9C 68 46 0E 
	CD CA 37 7E 33 27 BD FB 21 8C 5A AD 61 19 8B E8 
	16 80 50 97 EA 54 33 50 96 F5 79 DA 97 78 D0 3E 
	2F 59 4B 02 AE BC 6D C3 CE 7E EF 31 BD FC B2 1F 
	FC DD 5A 43 95 58 26 26 19 80 76 16 6D 0E F6 33 
	6E C9 33 2E 90 AC A7 C7 E9 FD C1 B8 D3 6F A6 82 
	AF B3 F0 FF 4F 39 6A 62 88 EB 25 49 EF FB C3 29 
	35 8E CB 67 B8 3A D4 83 B6 41 33 39 2D EA 19 16 
	2D 6C 56 AB 8F 81 44 AF 61 2F 13 A5 AB 99 B7 2A 
	40 4C A6 57 72 8A 77 7B 70 39 94 86 AC 9C F6 B6 
	0A 41 D1 89 35 6F 54 9E 38 ED 1A EF E3 D9 9D D2 
	BA 7B C9 67 44 B0 10 F9 D8 BC DC F1 A8 65 18 C1 
	4D D5 3F 51 1D 58 F9 84 D8 74 2C 8E B6 23 C0 54 
	E9 E4 F7 06 F2 0F B4 13 B4 40 8E D2 F1 BA 2E B0 
	2D 1D 74 29 89 03 08 F1 F3 D3 9F C1 99 2A D8 F5 
	F0 01 8A AD C3 42 BF FB 2B E4 27 DB 62 AD 45 72 
	1C A9 1F 2E 50 BA D4 B5 04 63 B4 81 6D 74 C2 D7 
	37 2B 86 02 92 23 92 51 AD 55 E6 AA 9B 92 0A 
ead prcessed
[resp] tx sent 1135 bytes
mesage tx
waiting to receive
[resp] rx got 21 bytes
received
CIPHERTEXT_3 (size 20):
	AF 1D B4 BD 31 67 88 EC 68 8B 93 5C 93 8B 51 8D 
	D0 CF 05 B7 
PLAINTEXT3_SIZE: 903
ctxt3.len: 20
K_3 (size 16):
	26 F9 82 EE B0 79 C2 D8 EF 79 82 74 15 0D 35 31 
IV_3 (size 13):
	78 6E 0C 17 C3 54 48 9C CA 0F 9A 5A B4 
associated_data (size 45):
	83 68 45 6E 63 72 79 70 74 30 40 58 20 EC C7 CB 
	5E 1A DA C9 67 57 E7 27 26 E8 E2 BE FB 42 5C CE 
	93 B2 97 70 B6 88 5F 26 BE 6B D4 55 93 
plaintext (size 12):
	A1 04 00 48 3D 4A 84 45 7C 82 06 CA 
ID_CRED (size 3):
	A1 04 00 
sign_or_mac (size 8):
	3D 4A 84 45 7C 82 06 CA 
[cred] lookup ID_CRED len=3
A10400
[cred] cred_array entries: 1
[cred] candidate[0] len=3 A10400
[prk_derive] static DH alg -67 pk_len 32 sk_len 32
[prk_derive] stat_pk (size 32):
	0A 32 10 03 DE EC 5D 7F B3 6D 26 A0 26 EE CC EB 
	1F 2D C6 76 CC 44 09 8E D8 18 F6 1A 2A 21 3D 35 
[prk_derive] stat_sk (size 32):
	38 89 C4 E0 B5 3B 03 FA 44 FB A6 AF 89 EE AA 5F 
	43 47 E8 49 6E 93 4C E8 13 64 E1 32 CF CA 25 6D 
SHARED SECRET DERIVE
dh_secret (size 32):
	6C AA 7E E1 BA D2 D5 D5 C3 6D 15 AA 95 09 CF D4 
	84 71 E2 B0 43 B8 D2 92 C7 78 9F 3C 1B 1B 6C 3F 
SALT_3e2m or SALT4e3m (size 32):
	1F 44 45 DA AF 9D 3E 04 ED 8D 20 FD CC 85 86 7A 
	FB 75 17 C4 67 2B 25 56 B1 73 9A CE 82 A9 B2 EE 
prk_4e3m (size 32):
	6A 68 A5 72 F6 52 88 48 0F 3F 94 20 63 C9 F1 1E 
	A9 4B 5C 04 74 CC 56 BE 64 15 5F 27 9E 05 9A 9B 
TMP size: 32
CBOR ENCODE ERROR: 0
MAX ID CRED: 400 cred len 3
MAX CRED: 765 cred len 3
PK SIZE: 65
SIGNATURE SIZE: 500
CONTEXT_MAC_SIZE: 1204
CONTEXT_MAC len: 41
CR len: 1
TH enc len: 34
MAC context (size 40):
	A1 04 00 58 20 EC C7 CB 5E 1A DA C9 67 57 E7 27 
	26 E8 E2 BE FB 42 5C CE 93 B2 97 70 B6 88 5F 26 
	BE 6B D4 55 93 A1 04 00 
MAC 2/3 (size 8):
	3D 4A 84 45 7C 82 06 CA 
th23 (size 32):
	EC C7 CB 5E 1A DA C9 67 57 E7 27 26 E8 E2 BE FB 
	42 5C CE 93 B2 97 70 B6 88 5F 26 BE 6B D4 55 93 
plaintext_23 (size 12):
	A1 04 00 48 3D 4A 84 45 7C 82 06 CA 
cred (size 3):
	A1 04 00 
TMP size: 32
CBOR ENCODE ERROR: 0
Encoded
memcopy1
memcopy2
Input to calculate TH_3/TH_4 (CBOR Sequence) (size 49):
	58 20 EC C7 CB 5E 1A DA C9 67 57 E7 27 26 E8 E2 
	BE FB 42 5C CE 93 B2 97 70 B6 88 5F 26 BE 6B D4 
	55 93 A1 04 00 48 3D 4A 84 45 7C 82 06 CA A1 04 
	00 
TH34 (size 32):
	02 2B 33 59 7A C5 A3 66 D4 E0 35 7D F7 56 78 3A 
	37 30 08 80 58 55 C2 7A D5 B9 7E E2 DC B0 DC EE 
[resp] edhoc_responder_run completed
PRK_out (size 32):
	2B 4D 8A FA 33 B3 96 5A E7 29 62 33 22 89 FD 58 
	F9 73 23 9B 7F A3 34 60 B3 E6 D6 92 C6 ED 39 C3 
prk_exporter (size 32):
	AB D0 A2 1B 53 12 3F C0 93 F7 0D 04 97 B7 93 F8 
	F3 9D 45 AF 2B 84 57 82 91 7E 54 D3 31 FD AE 69 
OSCORE Master Secret (size 16):
	E0 EA EC 69 08 87 16 99 AE 58 59 23 8A C9 CB 0A 
OSCORE Master Salt (size 8):
	16 29 CC 2E F7 24 DF 2B 
