[init] get_suite
[init] suite ready
[init] static DH keygen
[init] static responder pk
[init] ephemeral DH keygen
[init] ephemeral KEM keygen alg -67
IPv4 client to connect to server with address 127.0.0.1 started!
[init] socket ready
[init] starting edhoc_initiator_run
MSG1 gx (size 1216):
	FB B4 6F DD 17 E8 B7 0E C5 98 DE CB B6 C8 4A 15 
	29 B0 DF CF 9E DE D9 C5 F8 D3 BF 64 F5 52 D2 10 
	BC B5 13 10 09 19 0D 49 36 ED 05 9A 2C A7 60 DD 
	44 CB 19 86 50 1C 58 11 77 70 BC D1 83 71 61 24 
	11 95 C0 B0 E0 88 39 4B 12 C3 B7 69 6A ED 33 21 
	81 BB 2A B7 8A 31 BD F9 0E 9C 69 19 57 53 19 5A 
	40 63 21 CB 86 89 72 1E 4D B9 3C 71 85 B0 CB EB 
	C3 29 17 89 4F 88 28 8A E8 39 88 D9 39 9F 02 10 
	D0 7A 0D 61 22 7D C7 3C 7D 76 09 54 09 40 71 18 
	80 45 78 39 05 6D 65 C8 8A F1 B3 C9 43 34 71 69 
	BA 59 63 A2 1D 59 14 FB 18 74 B0 1B 4C F7 44 2C 
	8E A1 6A BB 96 71 C6 4A 0B A4 A2 CC 61 9C 19 6A 
	41 39 D7 2C BE 34 E8 89 67 08 01 01 66 80 1D 61 
	22 9A C6 B0 BB 08 7A 97 10 AC 0A C5 1E 8A 07 5E 
	D8 36 C5 49 94 52 25 D5 15 55 F9 46 4E E2 0A C0 
	D3 28 E6 58 9F F2 97 89 9B E5 9D D1 6B 6E 73 59 
	6A EA EA 14 1E F1 54 A9 15 B3 BE FB 8A 41 9A A1 
	B4 23 55 C9 11 A2 66 33 57 01 15 AA 09 F6 11 AD 
	34 68 CF 30 AE 7A 75 47 CC 83 B5 66 37 78 2A F3 
	6B 08 11 60 A2 CC 07 9E 79 7F 32 80 5A 95 57 43 
	07 26 17 BB 1C B5 29 CA 09 99 B6 49 32 E6 B9 66 
	73 20 38 88 A1 BB C2 C6 A5 99 AD BD B8 11 3D 8C 
	47 37 95 BF CC B8 30 04 F0 07 47 55 59 0B 35 2E 
	9B 65 94 66 C3 88 70 16 86 44 E7 3C 38 1A 6C 96 
	88 AE 0C 36 A8 0C 53 10 43 5C 8D 88 C0 2A E5 1B 
	B6 90 E4 02 03 C2 6A 4A 41 15 EF AA C3 2B F0 63 
	ED 43 57 BD EC 47 67 52 00 9D 10 2D D8 2A 7A 62 
	70 C3 D6 EA 2C BB 66 B1 4C 47 C3 C8 16 92 34 29 
	2B ED 4A 8E 3D F2 3C 80 7B 25 8A 29 BD C9 00 5C 
	18 04 8B CA 63 66 6C D5 B1 1E 42 1E B6 D7 7D 95 
	D4 2F 77 86 A9 86 73 71 89 64 23 45 90 55 D1 C2 
	9C BA 9B 1A 88 89 3A 3A 43 5A 9D 51 8E 06 9A 47 
	4A 27 0D C0 FC 40 12 CC 07 56 A6 01 10 A0 76 BA 
	33 31 1A 25 00 82 10 14 61 C9 6E 28 19 7F B1 C5 
	22 FF 81 79 BF 29 11 34 D2 4D 47 2C CB BA 00 67 
	3F 48 1E A1 E3 AE 5C B6 00 FD A5 61 9C 1C 69 3A 
	57 21 A0 4A 1F CC 6C CF 0E B9 C3 C4 5A B5 42 02 
	47 D1 E2 94 A6 0C A4 14 5A 86 69 2B 4C 00 65 7A 
	D9 E4 82 CE A6 69 4C 21 CF 6B A0 CA BA A1 44 23 
	13 47 E2 C4 A5 53 C3 A3 57 1B BF 9A B9 22 77 21 
	8D 79 D2 18 CD 39 37 A4 76 72 78 D8 78 41 B6 C2 
	B2 93 C7 01 19 23 43 F9 A5 78 40 BB CB 58 86 5D 
	66 75 AA 5C A7 54 92 96 07 96 B7 E8 5C 55 95 60 
	64 8F 1B 08 F8 F4 BA B0 B9 A0 A0 CC 4C D9 05 A4 
	19 35 21 13 A6 A3 30 5B 14 32 20 6F 68 77 0D E2 
	4B 41 E1 A7 76 28 E6 6F BF 35 8F A9 E9 6E 71 C2 
	29 3F 5A 54 1D 32 52 18 45 75 F7 DA 58 BD FB C6 
	33 7C 59 C5 C9 6D 23 D7 BF 44 91 C1 8E 97 7B 8A 
	10 A3 8F F3 68 43 41 C1 80 04 94 D6 35 12 97 79 
	3C 92 70 95 9A 70 A6 47 94 B1 40 45 64 B9 1B 25 
	61 F3 7E CF F3 3A C8 A5 48 79 CB 98 00 48 3D D3 
	D3 88 AB 4B 78 E8 1B AA AB 95 01 18 51 15 89 AB 
	BA 1A AB 94 77 41 4B 00 D2 2A EB D5 99 4B 0C 93 
	16 B3 67 CD 20 17 03 11 94 1E 11 1F 71 DA 24 7D 
	90 12 CB 63 A9 49 A8 99 4A 96 25 56 F6 C0 C8 CC 
	16 2B CA AA 7B B4 C3 18 B3 19 BC 65 9E BB 47 8F 
	2F F2 B8 FD 1C 82 99 2C 16 13 83 16 44 51 25 55 
	2B 60 BC 4B 71 57 15 53 64 56 CF E5 50 CB A1 48 
	04 A0 D4 4F 04 0A 87 27 D3 2E 64 00 B3 D1 74 07 
	DE 3C 45 19 B5 32 C9 80 8A 57 F3 6B C8 75 9F 29 
	A8 61 DD 01 AA 16 3C 07 56 C1 A9 16 F2 A4 14 CC 
	08 74 E5 24 E8 71 4B 3D 61 C8 42 39 66 5F 08 87 
	1F 33 5B D2 88 19 26 EB CD 9D FA 57 1D 39 CF 47 
	17 39 C3 6C 8B 76 F9 B1 3C E6 83 9D 0B 1E 50 A0 
	53 73 F2 19 F4 A6 53 AD 53 23 C3 E0 CB AD A6 71 
	F4 D1 84 CD 28 8E 17 4A A5 7C 23 B1 B3 22 21 D9 
	A4 22 E2 71 0C 69 06 5D 2B 19 40 BE 93 00 D7 18 
	07 BE AA 87 1B C9 B9 25 8A 44 63 BB 2C 6D C1 65 
	B6 99 BD A0 FA CC 45 E5 25 40 15 7D B8 8C B1 E4 
	34 C0 20 F2 07 01 EA 24 09 E5 6C 44 27 48 EC A1 
	77 D3 D6 6C 1B 11 8E 38 1B 4D 3E C8 13 F7 0B 14 
	80 A0 BC 79 21 88 5A DA BE 0F 10 AA CA F9 2B 8D 
	C6 AD 00 7A C5 03 F1 19 35 35 69 63 54 35 75 86 
	66 5B C1 A5 71 6C 88 41 99 3E 6C B5 46 B5 19 67 
	1A 84 92 05 61 22 8A 5F EE E5 72 9D C0 BB F9 92 
	AD DF 82 4C CD 54 EA DB D0 DB FD 44 26 71 5B 80 
X (eph -rpivate I) (size 2432):
	30 8A EE 3F ED 8C 9D 04 0D 35 A7 FC 1F A7 76 FB 
	31 30 38 33 AA 2D E8 85 35 4D DF 3D 44 D8 FB 69 
	5D C3 A4 10 F3 B7 97 43 31 BB 62 BE 04 61 1E 33 
	A5 A3 DC E3 4F 0D 61 4F 93 48 33 C3 5C 52 29 BB 
	53 B9 A7 36 11 E5 A2 61 D4 6C 95 43 39 EA DC 7B 
	D7 77 43 5A 17 B6 0A 43 5A 5A 41 06 8C 23 91 4D 
	BB 27 E2 7A CB F1 57 B8 79 F1 3A CF 3B 5D 9D 1B 
	99 DB 79 16 8D B6 A6 7A A5 61 C5 9B 93 B2 C6 85 
	61 1C BF 1B DA 97 D2 E6 04 F1 79 05 3D 7B C5 E3 
	C6 C4 14 97 56 F5 59 C8 09 8A 7E EF F3 0A 1A A2 
	05 1E D0 66 B1 58 7C E2 A1 53 8B 05 1C BD B3 0A 
	20 84 CC E6 DC CF 5A 05 30 09 78 A7 7A D9 91 3A 
	CB 34 87 BA 35 1E 7C 67 27 3A 0F E5 7C 01 22 F9 
	9A 30 BA A7 ED 94 0C A0 0B 45 F1 7A C1 AB 88 7D 
	CB 45 AE 9C 63 25 98 E1 A5 A2 02 8D A7 52 BA 46 
	6A B7 77 BA C2 65 CC 51 20 35 23 DD 57 72 7E 66 
	4F 1C 47 79 98 5B 57 4B 02 00 C1 C0 CF E9 B9 16 
	EC 06 75 DE 69 41 37 6A 71 AC 61 48 FE 70 65 51 
	15 6E 14 96 B6 6C 42 20 FC 67 A5 D2 26 7E 41 6A 
	88 C8 6B 06 88 29 4B 76 DB 70 F3 16 18 97 E9 86 
	58 A1 C8 20 5B 2D 08 34 54 FF B9 00 01 99 7F E2 
	46 14 01 42 74 B2 A4 05 D3 4B 2B 70 F3 B3 8A F9 
	BB CC 29 C5 E6 A9 B1 01 7A AA E2 F8 9E 75 17 6C 
	B4 B2 C2 05 5B C6 70 93 A9 01 55 4F 96 45 41 B7 
	41 AC 28 30 74 12 15 CE D6 B5 A0 1E 70 13 D4 D5 
	C8 9C 81 A8 F7 12 23 B1 7A AD D0 35 95 1F B7 63 
	40 83 98 5E 1C 6F 4E E2 3E FD 86 85 26 2B C2 CB 
	68 7B 5F B8 63 DB 29 32 BC 93 20 30 8A 56 38 88 
	6E F7 15 07 72 23 8A 66 48 A0 A0 96 49 D5 58 A0 
	B6 95 5B 49 8A 26 23 33 15 8D 4C 3C 3D F3 6C 5A 
	80 78 26 B2 09 32 98 BD 79 78 86 47 2A 7D 22 11 
	33 BA B4 C0 6D 46 69 2A 30 19 78 39 0A D3 35 15 
	C6 27 C1 12 DC 51 E1 45 27 B2 C5 15 43 92 8F CB 
	70 81 78 B6 23 58 8B BC 68 64 8D 26 A7 26 ED 23 
	88 9B 9B 80 65 85 24 A9 A7 2D 4B 46 47 58 49 59 
	1C 14 18 75 E7 0C E5 EA 6E 6B 21 7C 36 58 2E 1A 
	0B 66 0B 62 18 36 5A 82 0D 40 91 48 2A 21 AD B8 
	1D D8 F8 82 FA CC 03 25 F8 59 C5 73 C0 28 C5 95 
	87 D0 64 AA 44 4F B5 DC 55 26 66 11 C1 74 14 7E 
	8A 1A 0D B7 66 44 99 AF 98 D3 0F 9B 67 3B A6 1C 
	4F D7 30 C4 E7 81 08 D4 69 B5 57 7B A6 57 A1 42 
	8F E2 A2 A9 03 1C 7C 71 3D 9C 0B 17 14 81 BC 8B 
	D0 2E 23 32 53 A6 16 C7 39 66 AD 9C 7B 37 B6 63 
	A4 68 47 BE 78 47 92 43 29 A1 07 2B 92 56 D3 18 
	A8 65 96 DA 48 27 DA 85 2E E3 96 10 DF 86 95 E2 
	28 BB 22 00 2E A0 26 BD CC 38 A2 86 A4 A6 75 07 
	AB 08 08 09 59 95 4F 10 E8 0D AE 47 AE C0 51 A9 
	04 A8 93 ED 21 82 AF 00 C3 07 40 82 75 80 95 22 
	F7 49 8E 5B 3D E1 60 07 5F 40 76 84 00 18 85 98 
	A5 B7 AA 00 37 A2 3C 23 5C 45 FA 6A 7F BE 81 88 
	4A E6 CB 69 39 31 06 8A 98 E7 DB 21 F9 5B 6E 42 
	4B 38 EC C4 1B 6A 03 9E F7 AC 5A 92 B3 1B 29 11 
	77 CA DA 06 AF 58 AF F3 90 3D 95 75 B7 13 A4 9E 
	B2 E3 C9 3C 79 4E 7C 6A 67 11 D4 CA 5C 69 80 29 
	C1 59 8D 56 56 A7 D8 C0 05 3A 47 DC B2 78 6A 50 
	14 70 40 A5 9B 11 6B EE F2 A0 D6 FB 88 53 15 3B 
	63 C1 14 18 8C AF B2 33 C0 A5 F3 13 3E 95 1C 6D 
	B3 9D 33 71 0F 5E F5 9A 7F A7 79 38 D6 A3 F8 9C 
	C9 F1 F3 57 67 09 22 1B EB 3C 7E 4A 98 9D 8A 87 
	34 2A A0 CB D4 B3 1C C5 A5 C2 A4 7C 95 83 76 D6 
	80 8C E3 37 61 DC B9 AA 8A 7C 59 4C D0 53 8E 98 
	03 2D BA 59 5A B4 28 CC 64 69 A7 0B 70 B7 C5 B7 
	39 05 A0 43 49 4A 78 2B B4 28 67 23 C2 C9 17 00 
	EA 90 17 D9 5B D6 C8 5E E0 A8 3B 55 2A 04 98 83 
	29 72 18 30 F0 75 25 49 E2 2F 0B 52 0D 0C D8 CE 
	40 10 5A 18 E9 C6 1E 10 A5 AB B3 4E 2A 26 5F DE 
	58 55 EF 07 4D DF 89 B6 6D CC 32 90 23 7F 85 FB 
	1F 46 3C 17 3E EC 57 71 54 63 0F E9 B8 0C 2C C2 
	7C E1 40 68 64 41 A2 B8 B0 6A 03 A1 B0 8B 71 CA 
	AA C2 ED 10 72 1E 07 25 66 25 C4 9B 5B 1A 10 76 
	36 8E F3 54 79 FB 78 1C C5 85 3C B6 2A 62 7B A9 
	8E 67 75 71 E8 24 18 CA A9 49 EA 43 8E F1 BF 37 
	91 BA 47 DA 8C DC 75 94 25 80 45 8F D4 54 58 4B 
	6E F2 AB 09 89 28 A4 1A B5 1D D0 45 20 E2 E8 34 
	BC B5 13 10 09 19 0D 49 36 ED 05 9A 2C A7 60 DD 
	44 CB 19 86 50 1C 58 11 77 70 BC D1 83 71 61 24 
	11 95 C0 B0 E0 88 39 4B 12 C3 B7 69 6A ED 33 21 
	81 BB 2A B7 8A 31 BD F9 0E 9C 69 19 57 53 19 5A 
	40 63 21 CB 86 89 72 1E 4D B9 3C 71 85 B0 CB EB 
	C3 29 17 89 4F 88 28 8A E8 39 88 D9 39 9F 02 10 
	D0 7A 0D 61 22 7D C7 3C 7D 76 09 54 09 40 71 18 
	80 45 78 39 05 6D 65 C8 8A F1 B3 C9 43 34 71 69 
	BA 59 63 A2 1D 59 14 FB 18 74 B0 1B 4C F7 44 2C 
	8E A1 6A BB 96 71 C6 4A 0B A4 A2 CC 61 9C 19 6A 
	41 39 D7 2C BE 34 E8 89 67 08 01 01 66 80 1D 61 
	22 9A C6 B0 BB 08 7A 97 10 AC 0A C5 1E 8A 07 5E 
	D8 36 C5 49 94 52 25 D5 15 55 F9 46 4E E2 0A C0 
	D3 28 E6 58 9F F2 97 89 9B E5 9D D1 6B 6E 73 59 
	6A EA EA 14 1E F1 54 A9 15 B3 BE FB 8A 41 9A A1 
	B4 23 55 C9 11 A2 66 33 57 01 15 AA 09 F6 11 AD 
	34 68 CF 30 AE 7A 75 47 CC 83 B5 66 37 78 2A F3 
	6B 08 11 60 A2 CC 07 9E 79 7F 32 80 5A 95 57 43 
	07 26 17 BB 1C B5 29 CA 09 99 B6 49 32 E6 B9 66 
	73 20 38 88 A1 BB C2 C6 A5 99 AD BD B8 11 3D 8C 
	47 37 95 BF CC B8 30 04 F0 07 47 55 59 0B 35 2E 
	9B 65 94 66 C3 88 70 16 86 44 E7 3C 38 1A 6C 96 
	88 AE 0C 36 A8 0C 53 10 43 5C 8D 88 C0 2A E5 1B 
	B6 90 E4 02 03 C2 6A 4A 41 15 EF AA C3 2B F0 63 
	ED 43 57 BD EC 47 67 52 00 9D 10 2D D8 2A 7A 62 
	70 C3 D6 EA 2C BB 66 B1 4C 47 C3 C8 16 92 34 29 
	2B ED 4A 8E 3D F2 3C 80 7B 25 8A 29 BD C9 00 5C 
	18 04 8B CA 63 66 6C D5 B1 1E 42 1E B6 D7 7D 95 
	D4 2F 77 86 A9 86 73 71 89 64 23 45 90 55 D1 C2 
	9C BA 9B 1A 88 89 3A 3A 43 5A 9D 51 8E 06 9A 47 
	4A 27 0D C0 FC 40 12 CC 07 56 A6 01 10 A0 76 BA 
	33 31 1A 25 00 82 10 14 61 C9 6E 28 19 7F B1 C5 
	22 FF 81 79 BF 29 11 34 D2 4D 47 2C CB BA 00 67 
	3F 48 1E A1 E3 AE 5C B6 00 FD A5 61 9C 1C 69 3A 
	57 21 A0 4A 1F CC 6C CF 0E B9 C3 C4 5A B5 42 02 
	47 D1 E2 94 A6 0C A4 14 5A 86 69 2B 4C 00 65 7A 
	D9 E4 82 CE A6 69 4C 21 CF 6B A0 CA BA A1 44 23 
	13 47 E2 C4 A5 53 C3 A3 57 1B BF 9A B9 22 77 21 
	8D 79 D2 18 CD 39 37 A4 76 72 78 D8 78 41 B6 C2 
	B2 93 C7 01 19 23 43 F9 A5 78 40 BB CB 58 86 5D 
	66 75 AA 5C A7 54 92 96 07 96 B7 E8 5C 55 95 60 
	64 8F 1B 08 F8 F4 BA B0 B9 A0 A0 CC 4C D9 05 A4 
	19 35 21 13 A6 A3 30 5B 14 32 20 6F 68 77 0D E2 
	4B 41 E1 A7 76 28 E6 6F BF 35 8F A9 E9 6E 71 C2 
	29 3F 5A 54 1D 32 52 18 45 75 F7 DA 58 BD FB C6 
	33 7C 59 C5 C9 6D 23 D7 BF 44 91 C1 8E 97 7B 8A 
	10 A3 8F F3 68 43 41 C1 80 04 94 D6 35 12 97 79 
	3C 92 70 95 9A 70 A6 47 94 B1 40 45 64 B9 1B 25 
	61 F3 7E CF F3 3A C8 A5 48 79 CB 98 00 48 3D D3 
	D3 88 AB 4B 78 E8 1B AA AB 95 01 18 51 15 89 AB 
	BA 1A AB 94 77 41 4B 00 D2 2A EB D5 99 4B 0C 93 
	16 B3 67 CD 20 17 03 11 94 1E 11 1F 71 DA 24 7D 
	90 12 CB 63 A9 49 A8 99 4A 96 25 56 F6 C0 C8 CC 
	16 2B CA AA 7B B4 C3 18 B3 19 BC 65 9E BB 47 8F 
	2F F2 B8 FD 1C 82 99 2C 16 13 83 16 44 51 25 55 
	2B 60 BC 4B 71 57 15 53 64 56 CF E5 50 CB A1 48 
	04 A0 D4 4F 04 0A 87 27 D3 2E 64 00 B3 D1 74 07 
	DE 3C 45 19 B5 32 C9 80 8A 57 F3 6B C8 75 9F 29 
	A8 61 DD 01 AA 16 3C 07 56 C1 A9 16 F2 A4 14 CC 
	08 74 E5 24 E8 71 4B 3D 61 C8 42 39 66 5F 08 87 
	1F 33 5B D2 88 19 26 EB CD 9D FA 57 1D 39 CF 47 
	17 39 C3 6C 8B 76 F9 B1 3C E6 83 9D 0B 1E 50 A0 
	53 73 F2 19 F4 A6 53 AD 53 23 C3 E0 CB AD A6 71 
	F4 D1 84 CD 28 8E 17 4A A5 7C 23 B1 B3 22 21 D9 
	A4 22 E2 71 0C 69 06 5D 2B 19 40 BE 93 00 D7 18 
	07 BE AA 87 1B C9 B9 25 8A 44 63 BB 2C 6D C1 65 
	B6 99 BD A0 FA CC 45 E5 25 40 15 7D B8 8C B1 E4 
	34 C0 20 F2 07 01 EA 24 09 E5 6C 44 27 48 EC A1 
	77 D3 D6 6C 1B 11 8E 38 1B 4D 3E C8 13 F7 0B 14 
	80 A0 BC 79 21 88 5A DA BE 0F 10 AA CA F9 2B 8D 
	C6 AD 00 7A C5 03 F1 19 35 35 69 63 54 35 75 86 
	66 5B C1 A5 71 6C 88 41 99 3E 6C B5 46 B5 19 67 
	1A 84 92 05 61 22 8A 5F EE E5 72 9D C0 BB F9 92 
	AD DF 82 4C CD 54 EA DB D0 DB FD 44 26 71 5B 80 
	1E 24 FF 8A 15 62 29 89 44 01 2E C5 07 7D B0 64 
	DE 76 A3 D3 29 54 85 14 8A F6 B2 A2 C5 6E 0B A2 
	57 F6 40 E8 24 7D 06 DE E0 6D 3F AB 76 10 FF E7 
	E5 01 36 07 DA 0F 5A C2 FA 04 BF 8F 0F A8 37 72 
C_I (size 1):
	49 
message_1 (CBOR Sequence) (size 1223):
	03 15 59 04 C0 FB B4 6F DD 17 E8 B7 0E C5 98 DE 
	CB B6 C8 4A 15 29 B0 DF CF 9E DE D9 C5 F8 D3 BF 
	64 F5 52 D2 10 BC B5 13 10 09 19 0D 49 36 ED 05 
	9A 2C A7 60 DD 44 CB 19 86 50 1C 58 11 77 70 BC 
	D1 83 71 61 24 11 95 C0 B0 E0 88 39 4B 12 C3 B7 
	69 6A ED 33 21 81 BB 2A B7 8A 31 BD F9 0E 9C 69 
	19 57 53 19 5A 40 63 21 CB 86 89 72 1E 4D B9 3C 
	71 85 B0 CB EB C3 29 17 89 4F 88 28 8A E8 39 88 
	D9 39 9F 02 10 D0 7A 0D 61 22 7D C7 3C 7D 76 09 
	54 09 40 71 18 80 45 78 39 05 6D 65 C8 8A F1 B3 
	C9 43 34 71 69 BA 59 63 A2 1D 59 14 FB 18 74 B0 
	1B 4C F7 44 2C 8E A1 6A BB 96 71 C6 4A 0B A4 A2 
	CC 61 9C 19 6A 41 39 D7 2C BE 34 E8 89 67 08 01 
	01 66 80 1D 61 22 9A C6 B0 BB 08 7A 97 10 AC 0A 
	C5 1E 8A 07 5E D8 36 C5 49 94 52 25 D5 15 55 F9 
	46 4E E2 0A C0 D3 28 E6 58 9F F2 97 89 9B E5 9D 
	D1 6B 6E 73 59 6A EA EA 14 1E F1 54 A9 15 B3 BE 
	FB 8A 41 9A A1 B4 23 55 C9 11 A2 66 33 57 01 15 
	AA 09 F6 11 AD 34 68 CF 30 AE 7A 75 47 CC 83 B5 
	66 37 78 2A F3 6B 08 11 60 A2 CC 07 9E 79 7F 32 
	80 5A 95 57 43 07 26 17 BB 1C B5 29 CA 09 99 B6 
	49 32 E6 B9 66 73 20 38 88 A1 BB C2 C6 A5 99 AD 
	BD B8 11 3D 8C 47 37 95 BF CC B8 30 04 F0 07 47 
	55 59 0B 35 2E 9B 65 94 66 C3 88 70 16 86 44 E7 
	3C 38 1A 6C 96 88 AE 0C 36 A8 0C 53 10 43 5C 8D 
	88 C0 2A E5 1B B6 90 E4 02 03 C2 6A 4A 41 15 EF 
	AA C3 2B F0 63 ED 43 57 BD EC 47 67 52 00 9D 10 
	2D D8 2A 7A 62 70 C3 D6 EA 2C BB 66 B1 4C 47 C3 
	C8 16 92 34 29 2B ED 4A 8E 3D F2 3C 80 7B 25 8A 
	29 BD C9 00 5C 18 04 8B CA 63 66 6C D5 B1 1E 42 
	1E B6 D7 7D 95 D4 2F 77 86 A9 86 73 71 89 64 23 
	45 90 55 D1 C2 9C BA 9B 1A 88 89 3A 3A 43 5A 9D 
	51 8E 06 9A 47 4A 27 0D C0 FC 40 12 CC 07 56 A6 
	01 10 A0 76 BA 33 31 1A 25 00 82 10 14 61 C9 6E 
	28 19 7F B1 C5 22 FF 81 79 BF 29 11 34 D2 4D 47 
	2C CB BA 00 67 3F 48 1E A1 E3 AE 5C B6 00 FD A5 
	61 9C 1C 69 3A 57 21 A0 4A 1F CC 6C CF 0E B9 C3 
	C4 5A B5 42 02 47 D1 E2 94 A6 0C A4 14 5A 86 69 
	2B 4C 00 65 7A D9 E4 82 CE A6 69 4C 21 CF 6B A0 
	CA BA A1 44 23 13 47 E2 C4 A5 53 C3 A3 57 1B BF 
	9A B9 22 77 21 8D 79 D2 18 CD 39 37 A4 76 72 78 
	D8 78 41 B6 C2 B2 93 C7 01 19 23 43 F9 A5 78 40 
	BB CB 58 86 5D 66 75 AA 5C A7 54 92 96 07 96 B7 
	E8 5C 55 95 60 64 8F 1B 08 F8 F4 BA B0 B9 A0 A0 
	CC 4C D9 05 A4 19 35 21 13 A6 A3 30 5B 14 32 20 
	6F 68 77 0D E2 4B 41 E1 A7 76 28 E6 6F BF 35 8F 
	A9 E9 6E 71 C2 29 3F 5A 54 1D 32 52 18 45 75 F7 
	DA 58 BD FB C6 33 7C 59 C5 C9 6D 23 D7 BF 44 91 
	C1 8E 97 7B 8A 10 A3 8F F3 68 43 41 C1 80 04 94 
	D6 35 12 97 79 3C 92 70 95 9A 70 A6 47 94 B1 40 
	45 64 B9 1B 25 61 F3 7E CF F3 3A C8 A5 48 79 CB 
	98 00 48 3D D3 D3 88 AB 4B 78 E8 1B AA AB 95 01 
	18 51 15 89 AB BA 1A AB 94 77 41 4B 00 D2 2A EB 
	D5 99 4B 0C 93 16 B3 67 CD 20 17 03 11 94 1E 11 
	1F 71 DA 24 7D 90 12 CB 63 A9 49 A8 99 4A 96 25 
	56 F6 C0 C8 CC 16 2B CA AA 7B B4 C3 18 B3 19 BC 
	65 9E BB 47 8F 2F F2 B8 FD 1C 82 99 2C 16 13 83 
	16 44 51 25 55 2B 60 BC 4B 71 57 15 53 64 56 CF 
	E5 50 CB A1 48 04 A0 D4 4F 04 0A 87 27 D3 2E 64 
	00 B3 D1 74 07 DE 3C 45 19 B5 32 C9 80 8A 57 F3 
	6B C8 75 9F 29 A8 61 DD 01 AA 16 3C 07 56 C1 A9 
	16 F2 A4 14 CC 08 74 E5 24 E8 71 4B 3D 61 C8 42 
	39 66 5F 08 87 1F 33 5B D2 88 19 26 EB CD 9D FA 
	57 1D 39 CF 47 17 39 C3 6C 8B 76 F9 B1 3C E6 83 
	9D 0B 1E 50 A0 53 73 F2 19 F4 A6 53 AD 53 23 C3 
	E0 CB AD A6 71 F4 D1 84 CD 28 8E 17 4A A5 7C 23 
	B1 B3 22 21 D9 A4 22 E2 71 0C 69 06 5D 2B 19 40 
	BE 93 00 D7 18 07 BE AA 87 1B C9 B9 25 8A 44 63 
	BB 2C 6D C1 65 B6 99 BD A0 FA CC 45 E5 25 40 15 
	7D B8 8C B1 E4 34 C0 20 F2 07 01 EA 24 09 E5 6C 
	44 27 48 EC A1 77 D3 D6 6C 1B 11 8E 38 1B 4D 3E 
	C8 13 F7 0B 14 80 A0 BC 79 21 88 5A DA BE 0F 10 
	AA CA F9 2B 8D C6 AD 00 7A C5 03 F1 19 35 35 69 
	63 54 35 75 86 66 5B C1 A5 71 6C 88 41 99 3E 6C 
	B5 46 B5 19 67 1A 84 92 05 61 22 8A 5F EE E5 72 
	9D C0 BB F9 92 AD DF 82 4C CD 54 EA DB D0 DB FD 
	44 26 71 5B 80 41 49 
MSG: (size 1223):
	03 15 59 04 C0 FB B4 6F DD 17 E8 B7 0E C5 98 DE 
	CB B6 C8 4A 15 29 B0 DF CF 9E DE D9 C5 F8 D3 BF 
	64 F5 52 D2 10 BC B5 13 10 09 19 0D 49 36 ED 05 
	9A 2C A7 60 DD 44 CB 19 86 50 1C 58 11 77 70 BC 
	D1 83 71 61 24 11 95 C0 B0 E0 88 39 4B 12 C3 B7 
	69 6A ED 33 21 81 BB 2A B7 8A 31 BD F9 0E 9C 69 
	19 57 53 19 5A 40 63 21 CB 86 89 72 1E 4D B9 3C 
	71 85 B0 CB EB C3 29 17 89 4F 88 28 8A E8 39 88 
	D9 39 9F 02 10 D0 7A 0D 61 22 7D C7 3C 7D 76 09 
	54 09 40 71 18 80 45 78 39 05 6D 65 C8 8A F1 B3 
	C9 43 34 71 69 BA 59 63 A2 1D 59 14 FB 18 74 B0 
	1B 4C F7 44 2C 8E A1 6A BB 96 71 C6 4A 0B A4 A2 
	CC 61 9C 19 6A 41 39 D7 2C BE 34 E8 89 67 08 01 
	01 66 80 1D 61 22 9A C6 B0 BB 08 7A 97 10 AC 0A 
	C5 1E 8A 07 5E D8 36 C5 49 94 52 25 D5 15 55 F9 
	46 4E E2 0A C0 D3 28 E6 58 9F F2 97 89 9B E5 9D 
	D1 6B 6E 73 59 6A EA EA 14 1E F1 54 A9 15 B3 BE 
	FB 8A 41 9A A1 B4 23 55 C9 11 A2 66 33 57 01 15 
	AA 09 F6 11 AD 34 68 CF 30 AE 7A 75 47 CC 83 B5 
	66 37 78 2A F3 6B 08 11 60 A2 CC 07 9E 79 7F 32 
	80 5A 95 57 43 07 26 17 BB 1C B5 29 CA 09 99 B6 
	49 32 E6 B9 66 73 20 38 88 A1 BB C2 C6 A5 99 AD 
	BD B8 11 3D 8C 47 37 95 BF CC B8 30 04 F0 07 47 
	55 59 0B 35 2E 9B 65 94 66 C3 88 70 16 86 44 E7 
	3C 38 1A 6C 96 88 AE 0C 36 A8 0C 53 10 43 5C 8D 
	88 C0 2A E5 1B B6 90 E4 02 03 C2 6A 4A 41 15 EF 
	AA C3 2B F0 63 ED 43 57 BD EC 47 67 52 00 9D 10 
	2D D8 2A 7A 62 70 C3 D6 EA 2C BB 66 B1 4C 47 C3 
	C8 16 92 34 29 2B ED 4A 8E 3D F2 3C 80 7B 25 8A 
	29 BD C9 00 5C 18 04 8B CA 63 66 6C D5 B1 1E 42 
	1E B6 D7 7D 95 D4 2F 77 86 A9 86 73 71 89 64 23 
	45 90 55 D1 C2 9C BA 9B 1A 88 89 3A 3A 43 5A 9D 
	51 8E 06 9A 47 4A 27 0D C0 FC 40 12 CC 07 56 A6 
	01 10 A0 76 BA 33 31 1A 25 00 82 10 14 61 C9 6E 
	28 19 7F B1 C5 22 FF 81 79 BF 29 11 34 D2 4D 47 
	2C CB BA 00 67 3F 48 1E A1 E3 AE 5C B6 00 FD A5 
	61 9C 1C 69 3A 57 21 A0 4A 1F CC 6C CF 0E B9 C3 
	C4 5A B5 42 02 47 D1 E2 94 A6 0C A4 14 5A 86 69 
	2B 4C 00 65 7A D9 E4 82 CE A6 69 4C 21 CF 6B A0 
	CA BA A1 44 23 13 47 E2 C4 A5 53 C3 A3 57 1B BF 
	9A B9 22 77 21 8D 79 D2 18 CD 39 37 A4 76 72 78 
	D8 78 41 B6 C2 B2 93 C7 01 19 23 43 F9 A5 78 40 
	BB CB 58 86 5D 66 75 AA 5C A7 54 92 96 07 96 B7 
	E8 5C 55 95 60 64 8F 1B 08 F8 F4 BA B0 B9 A0 A0 
	CC 4C D9 05 A4 19 35 21 13 A6 A3 30 5B 14 32 20 
	6F 68 77 0D E2 4B 41 E1 A7 76 28 E6 6F BF 35 8F 
	A9 E9 6E 71 C2 29 3F 5A 54 1D 32 52 18 45 75 F7 
	DA 58 BD FB C6 33 7C 59 C5 C9 6D 23 D7 BF 44 91 
	C1 8E 97 7B 8A 10 A3 8F F3 68 43 41 C1 80 04 94 
	D6 35 12 97 79 3C 92 70 95 9A 70 A6 47 94 B1 40 
	45 64 B9 1B 25 61 F3 7E CF F3 3A C8 A5 48 79 CB 
	98 00 48 3D D3 D3 88 AB 4B 78 E8 1B AA AB 95 01 
	18 51 15 89 AB BA 1A AB 94 77 41 4B 00 D2 2A EB 
	D5 99 4B 0C 93 16 B3 67 CD 20 17 03 11 94 1E 11 
	1F 71 DA 24 7D 90 12 CB 63 A9 49 A8 99 4A 96 25 
	56 F6 C0 C8 CC 16 2B CA AA 7B B4 C3 18 B3 19 BC 
	65 9E BB 47 8F 2F F2 B8 FD 1C 82 99 2C 16 13 83 
	16 44 51 25 55 2B 60 BC 4B 71 57 15 53 64 56 CF 
	E5 50 CB A1 48 04 A0 D4 4F 04 0A 87 27 D3 2E 64 
	00 B3 D1 74 07 DE 3C 45 19 B5 32 C9 80 8A 57 F3 
	6B C8 75 9F 29 A8 61 DD 01 AA 16 3C 07 56 C1 A9 
	16 F2 A4 14 CC 08 74 E5 24 E8 71 4B 3D 61 C8 42 
	39 66 5F 08 87 1F 33 5B D2 88 19 26 EB CD 9D FA 
	57 1D 39 CF 47 17 39 C3 6C 8B 76 F9 B1 3C E6 83 
	9D 0B 1E 50 A0 53 73 F2 19 F4 A6 53 AD 53 23 C3 
	E0 CB AD A6 71 F4 D1 84 CD 28 8E 17 4A A5 7C 23 
	B1 B3 22 21 D9 A4 22 E2 71 0C 69 06 5D 2B 19 40 
	BE 93 00 D7 18 07 BE AA 87 1B C9 B9 25 8A 44 63 
	BB 2C 6D C1 65 B6 99 BD A0 FA CC 45 E5 25 40 15 
	7D B8 8C B1 E4 34 C0 20 F2 07 01 EA 24 09 E5 6C 
	44 27 48 EC A1 77 D3 D6 6C 1B 11 8E 38 1B 4D 3E 
	C8 13 F7 0B 14 80 A0 BC 79 21 88 5A DA BE 0F 10 
	AA CA F9 2B 8D C6 AD 00 7A C5 03 F1 19 35 35 69 
	63 54 35 75 86 66 5B C1 A5 71 6C 88 41 99 3E 6C 
	B5 46 B5 19 67 1A 84 92 05 61 22 8A 5F EE E5 72 
	9D C0 BB F9 92 AD DF 82 4C CD 54 EA DB D0 DB FD 
	44 26 71 5B 80 41 49 
[init] tx sent 1223 bytes
[init] rx got 1135 bytes
Max MSG2 size 2027
PQ/T Hybrid Suit:-67
PQ/T Hybrid g_y size:1120message_2 (CBOR Sequence) (size 1135):
	59 04 6C 27 B1 D6 35 A6 63 38 2D 99 E0 31 B3 E9 
	A5 D6 82 A0 95 45 04 93 56 AF 6F 13 54 DE D1 3E 
	D2 9C 72 CB 0A 1A 28 7A E1 E0 13 2F D5 F4 9D 39 
	77 18 6F 4D BC 37 44 DB 3F 6F 3F A3 FC 4B D6 09 
	C7 59 72 12 45 91 09 63 AF BD 05 57 BC DC 68 2D 
	11 42 F0 24 F3 BC EB 9C 52 E7 21 39 C1 39 93 54 
	BD 86 9A 33 91 7D 84 56 9F 96 4A 1A 02 BA 88 4E 
	DF 50 42 B9 92 B8 34 85 9C 40 FB CE EC D2 DB 41 
	8F EE B1 32 1D 0F 70 ED 94 97 A1 70 FC E3 77 3E 
	DF 44 48 74 98 11 8D CC F6 C7 77 78 0C 0B 17 E5 
	18 29 F9 21 CA C9 74 2C 76 59 04 DB 1F DD 59 20 
	E3 11 C6 F8 86 58 6E C0 6D CF F4 44 77 76 56 00 
	13 3D 22 30 6A A2 05 12 E7 8D D0 D4 1F B9 C0 48 
	CF 05 8E 15 1C 1B F0 1A ED 2C D3 27 B3 03 C9 33 
	C1 EC E5 28 95 B1 E3 89 E0 39 42 D5 54 56 C3 70 
	6D 9F 75 C8 9E AA B0 5E 56 E0 2F 80 79 5C 96 8B 
	2D 2A 20 81 1D BF 68 3C 58 00 DA 50 1A 71 93 C3 
	BD D2 0C FB F3 F5 C9 82 0E 6B B3 6F CF D7 EA B5 
	7F 6E 43 F9 B9 CE 09 D3 26 EB E6 A7 AF 6A EF C8 
	B1 C6 D0 9A 8A B0 AE CD 87 70 55 06 72 CD 72 F5 
	94 2A 12 4E 73 B4 84 36 A5 09 22 A6 5A F9 BA A8 
	6C 38 EF 9F 17 D1 DD 76 7C BF 0B 71 26 B2 70 07 
	15 68 96 7B BD C5 4A EF D9 DD 10 CC 50 B0 AD 32 
	F7 F9 A2 85 A8 FE 25 97 6B CA E8 61 35 A7 95 55 
	B7 7C 3A F5 C6 B9 66 0D 85 DD EB AF F1 DF A1 28 
	06 AA 2E 30 F3 50 C9 49 E1 B0 10 B0 A4 57 D4 34 
	1E 31 14 FD 80 C1 76 AE 88 40 F5 C2 7D 8C 90 5E 
	98 39 AF 31 15 F4 62 E2 9C 76 A2 79 9A 37 0B 0B 
	F6 64 DE 47 20 F4 FC 9B A0 41 92 28 79 D7 94 CA 
	5A 0A 03 80 EF 8E 7E 80 F5 D5 C1 AF E6 EE 60 9C 
	BA B7 48 DE 58 F8 5C 80 7D 6C DC C6 AF FD 7A 96 
	49 59 1B 65 C4 2F 82 57 A4 28 26 85 F0 3B 22 01 
	A8 8C 7D 21 F3 66 0D A3 F1 BC 38 7F 8C 2E 7A 76 
	D4 E6 76 C3 5A 95 B9 34 B8 52 E5 CB B9 E9 4C D9 
	41 4B DF B9 A3 4D 32 AC 71 4F 1A FF 4E 01 14 9A 
	37 49 CC B6 E0 73 19 D3 48 E2 C3 6F 7B DE 1A 20 
	66 45 70 32 25 25 C3 E9 63 92 07 43 25 A6 31 FB 
	F4 9B 0E 6A 88 6D A0 A7 22 64 EE AD CD A3 53 48 
	41 AE 36 17 D2 2C 88 28 B2 C6 F1 12 31 62 9F 59 
	EA 4C A8 2F 36 AD E2 0D DA A3 A5 E7 56 02 B1 73 
	FD 12 FF D7 94 C4 F6 4B DD CD 88 3E 10 FA 37 17 
	84 17 02 AB F5 05 FD F1 88 14 FB 93 20 01 57 98 
	85 0B B5 4C 0B 1E 08 9F 0F 8F CC D1 52 89 05 A6 
	44 42 96 F6 E3 B0 4B 77 78 26 50 77 EE 1E 7C 65 
	D1 CF 8B 1A F0 C7 E1 AE 9C 13 8C C9 89 17 8F 9F 
	AD 77 44 9A 8A 28 94 2F 79 DA A5 30 B0 2B AB C0 
	0E B5 D9 9D 2F 3F 1D 9F 8F 59 36 AA 72 A8 58 46 
	62 92 F8 7A 9C A0 D1 74 B3 BD 4B 19 5C EE BD 1A 
	E2 97 B5 4D 60 FA 06 90 56 55 44 0F 72 30 51 90 
	A1 F4 F0 D7 83 2F 37 62 7D 80 F6 2C AA E5 1B CB 
	65 31 FE BF B5 74 A0 94 C8 D7 7D BB 23 D6 A6 D4 
	80 B5 47 5B B3 19 95 61 99 2E EC 3A 25 BF CD F9 
	12 6F C5 C9 B0 8A 8A 3C AD B3 06 D0 72 11 EA DA 
	DB A7 E4 C3 4E CA C4 D1 48 B9 DF 6A 3C BC 16 B1 
	ED B2 66 ED 51 53 C8 4D EB B0 16 23 C2 04 3F 5F 
	E7 4D 7C 44 07 9C 16 1F CA D2 19 6B 0C 92 7A C0 
	CC 35 B6 5F 10 55 D1 6C 38 32 E7 F0 E4 A5 B9 6B 
	79 B3 2C A6 9C FB 2F 92 A1 EB DE 3B 9D 94 02 E7 
	27 30 D1 A1 26 3C 1F FE 6B 28 15 7E 94 40 32 E6 
	E6 FD 89 63 49 D2 83 7F 40 F8 77 21 4F 8C 21 F3 
	CC 0D 13 E9 C6 EE D7 FB EB 74 46 0E 4A A3 43 0A 
	34 FB 6D F1 CE D6 E3 78 17 A5 5F 68 E9 42 F4 F1 
	7C A4 8C 88 CF A6 6C C5 9E F3 49 92 F9 52 D3 FF 
	13 16 06 40 96 3A 0A 94 96 37 CE 0B 62 33 45 26 
	24 10 C1 3F 19 5C F5 E2 6A E3 FA 11 DF C1 F3 9C 
	98 B4 34 C9 53 53 0F 7B 0C E2 AA 2F 06 BA 93 4C 
	7C FF 59 CE 85 0E 6C A8 3D 24 32 52 10 AB 42 E3 
	6F 94 41 8C 2C 59 63 2A 71 A9 C7 75 50 F6 44 A4 
	0E 5E 63 3A 84 6F AA 64 EF 95 CE 30 8E 9D FE F7 
	F2 62 36 25 25 13 30 05 F3 50 99 E5 41 2B 8C BB 
	74 12 D1 8A CD AA 2B 72 A6 E7 31 5C 40 35 7B 
g_y (size 1120):
	27 B1 D6 35 A6 63 38 2D 99 E0 31 B3 E9 A5 D6 82 
	A0 95 45 04 93 56 AF 6F 13 54 DE D1 3E D2 9C 72 
	CB 0A 1A 28 7A E1 E0 13 2F D5 F4 9D 39 77 18 6F 
	4D BC 37 44 DB 3F 6F 3F A3 FC 4B D6 09 C7 59 72 
	12 45 91 09 63 AF BD 05 57 BC DC 68 2D 11 42 F0 
	24 F3 BC EB 9C 52 E7 21 39 C1 39 93 54 BD 86 9A 
	33 91 7D 84 56 9F 96 4A 1A 02 BA 88 4E DF 50 42 
	B9 92 B8 34 85 9C 40 FB CE EC D2 DB 41 8F EE B1 
	32 1D 0F 70 ED 94 97 A1 70 FC E3 77 3E DF 44 48 
	74 98 11 8D CC F6 C7 77 78 0C 0B 17 E5 18 29 F9 
	21 CA C9 74 2C 76 59 04 DB 1F DD 59 20 E3 11 C6 
	F8 86 58 6E C0 6D CF F4 44 77 76 56 00 13 3D 22 
	30 6A A2 05 12 E7 8D D0 D4 1F B9 C0 48 CF 05 8E 
	15 1C 1B F0 1A ED 2C D3 27 B3 03 C9 33 C1 EC E5 
	28 95 B1 E3 89 E0 39 42 D5 54 56 C3 70 6D 9F 75 
	C8 9E AA B0 5E 56 E0 2F 80 79 5C 96 8B 2D 2A 20 
	81 1D BF 68 3C 58 00 DA 50 1A 71 93 C3 BD D2 0C 
	FB F3 F5 C9 82 0E 6B B3 6F CF D7 EA B5 7F 6E 43 
	F9 B9 CE 09 D3 26 EB E6 A7 AF 6A EF C8 B1 C6 D0 
	9A 8A B0 AE CD 87 70 55 06 72 CD 72 F5 94 2A 12 
	4E 73 B4 84 36 A5 09 22 A6 5A F9 BA A8 6C 38 EF 
	9F 17 D1 DD 76 7C BF 0B 71 26 B2 70 07 15 68 96 
	7B BD C5 4A EF D9 DD 10 CC 50 B0 AD 32 F7 F9 A2 
	85 A8 FE 25 97 6B CA E8 61 35 A7 95 55 B7 7C 3A 
	F5 C6 B9 66 0D 85 DD EB AF F1 DF A1 28 06 AA 2E 
	30 F3 50 C9 49 E1 B0 10 B0 A4 57 D4 34 1E 31 14 
	FD 80 C1 76 AE 88 40 F5 C2 7D 8C 90 5E 98 39 AF 
	31 15 F4 62 E2 9C 76 A2 79 9A 37 0B 0B F6 64 DE 
	47 20 F4 FC 9B A0 41 92 28 79 D7 94 CA 5A 0A 03 
	80 EF 8E 7E 80 F5 D5 C1 AF E6 EE 60 9C BA B7 48 
	DE 58 F8 5C 80 7D 6C DC C6 AF FD 7A 96 49 59 1B 
	65 C4 2F 82 57 A4 28 26 85 F0 3B 22 01 A8 8C 7D 
	21 F3 66 0D A3 F1 BC 38 7F 8C 2E 7A 76 D4 E6 76 
	C3 5A 95 B9 34 B8 52 E5 CB B9 E9 4C D9 41 4B DF 
	B9 A3 4D 32 AC 71 4F 1A FF 4E 01 14 9A 37 49 CC 
	B6 E0 73 19 D3 48 E2 C3 6F 7B DE 1A 20 66 45 70 
	32 25 25 C3 E9 63 92 07 43 25 A6 31 FB F4 9B 0E 
	6A 88 6D A0 A7 22 64 EE AD CD A3 53 48 41 AE 36 
	17 D2 2C 88 28 B2 C6 F1 12 31 62 9F 59 EA 4C A8 
	2F 36 AD E2 0D DA A3 A5 E7 56 02 B1 73 FD 12 FF 
	D7 94 C4 F6 4B DD CD 88 3E 10 FA 37 17 84 17 02 
	AB F5 05 FD F1 88 14 FB 93 20 01 57 98 85 0B B5 
	4C 0B 1E 08 9F 0F 8F CC D1 52 89 05 A6 44 42 96 
	F6 E3 B0 4B 77 78 26 50 77 EE 1E 7C 65 D1 CF 8B 
	1A F0 C7 E1 AE 9C 13 8C C9 89 17 8F 9F AD 77 44 
	9A 8A 28 94 2F 79 DA A5 30 B0 2B AB C0 0E B5 D9 
	9D 2F 3F 1D 9F 8F 59 36 AA 72 A8 58 46 62 92 F8 
	7A 9C A0 D1 74 B3 BD 4B 19 5C EE BD 1A E2 97 B5 
	4D 60 FA 06 90 56 55 44 0F 72 30 51 90 A1 F4 F0 
	D7 83 2F 37 62 7D 80 F6 2C AA E5 1B CB 65 31 FE 
	BF B5 74 A0 94 C8 D7 7D BB 23 D6 A6 D4 80 B5 47 
	5B B3 19 95 61 99 2E EC 3A 25 BF CD F9 12 6F C5 
	C9 B0 8A 8A 3C AD B3 06 D0 72 11 EA DA DB A7 E4 
	C3 4E CA C4 D1 48 B9 DF 6A 3C BC 16 B1 ED B2 66 
	ED 51 53 C8 4D EB B0 16 23 C2 04 3F 5F E7 4D 7C 
	44 07 9C 16 1F CA D2 19 6B 0C 92 7A C0 CC 35 B6 
	5F 10 55 D1 6C 38 32 E7 F0 E4 A5 B9 6B 79 B3 2C 
	A6 9C FB 2F 92 A1 EB DE 3B 9D 94 02 E7 27 30 D1 
	A1 26 3C 1F FE 6B 28 15 7E 94 40 32 E6 E6 FD 89 
	63 49 D2 83 7F 40 F8 77 21 4F 8C 21 F3 CC 0D 13 
	E9 C6 EE D7 FB EB 74 46 0E 4A A3 43 0A 34 FB 6D 
	F1 CE D6 E3 78 17 A5 5F 68 E9 42 F4 F1 7C A4 8C 
	88 CF A6 6C C5 9E F3 49 92 F9 52 D3 FF 13 16 06 
	40 96 3A 0A 94 96 37 CE 0B 62 33 45 26 24 10 C1 
	3F 19 5C F5 E2 6A E3 FA 11 DF C1 F3 9C 98 B4 34 
	C9 53 53 0F 7B 0C E2 AA 2F 06 BA 93 4C 7C FF 59 
	CE 85 0E 6C A8 3D 24 32 52 10 AB 42 E3 6F 94 41 
	8C 2C 59 63 2A 71 A9 C7 75 50 F6 44 A4 0E 5E 63 
	3A 84 6F AA 64 EF 95 CE 30 8E 9D FE F7 F2 62 36 
	25 25 13 30 05 F3 50 99 E5 41 2B 8C BB 74 12 D1 
ciphertext2 (size 12):
	8A CD AA 2B 72 A6 E7 31 5C 40 35 7B 
PQ/T Hybrid array foe g_xy_KEM
PQ/T Hybrid compute shared secret (Suit:-67)
x PQ/T  (size 2432):
	30 8A EE 3F ED 8C 9D 04 0D 35 A7 FC 1F A7 76 FB 
	31 30 38 33 AA 2D E8 85 35 4D DF 3D 44 D8 FB 69 
	5D C3 A4 10 F3 B7 97 43 31 BB 62 BE 04 61 1E 33 
	A5 A3 DC E3 4F 0D 61 4F 93 48 33 C3 5C 52 29 BB 
	53 B9 A7 36 11 E5 A2 61 D4 6C 95 43 39 EA DC 7B 
	D7 77 43 5A 17 B6 0A 43 5A 5A 41 06 8C 23 91 4D 
	BB 27 E2 7A CB F1 57 B8 79 F1 3A CF 3B 5D 9D 1B 
	99 DB 79 16 8D B6 A6 7A A5 61 C5 9B 93 B2 C6 85 
	61 1C BF 1B DA 97 D2 E6 04 F1 79 05 3D 7B C5 E3 
	C6 C4 14 97 56 F5 59 C8 09 8A 7E EF F3 0A 1A A2 
	05 1E D0 66 B1 58 7C E2 A1 53 8B 05 1C BD B3 0A 
	20 84 CC E6 DC CF 5A 05 30 09 78 A7 7A D9 91 3A 
	CB 34 87 BA 35 1E 7C 67 27 3A 0F E5 7C 01 22 F9 
	9A 30 BA A7 ED 94 0C A0 0B 45 F1 7A C1 AB 88 7D 
	CB 45 AE 9C 63 25 98 E1 A5 A2 02 8D A7 52 BA 46 
	6A B7 77 BA C2 65 CC 51 20 35 23 DD 57 72 7E 66 
	4F 1C 47 79 98 5B 57 4B 02 00 C1 C0 CF E9 B9 16 
	EC 06 75 DE 69 41 37 6A 71 AC 61 48 FE 70 65 51 
	15 6E 14 96 B6 6C 42 20 FC 67 A5 D2 26 7E 41 6A 
	88 C8 6B 06 88 29 4B 76 DB 70 F3 16 18 97 E9 86 
	58 A1 C8 20 5B 2D 08 34 54 FF B9 00 01 99 7F E2 
	46 14 01 42 74 B2 A4 05 D3 4B 2B 70 F3 B3 8A F9 
	BB CC 29 C5 E6 A9 B1 01 7A AA E2 F8 9E 75 17 6C 
	B4 B2 C2 05 5B C6 70 93 A9 01 55 4F 96 45 41 B7 
	41 AC 28 30 74 12 15 CE D6 B5 A0 1E 70 13 D4 D5 
	C8 9C 81 A8 F7 12 23 B1 7A AD D0 35 95 1F B7 63 
	40 83 98 5E 1C 6F 4E E2 3E FD 86 85 26 2B C2 CB 
	68 7B 5F B8 63 DB 29 32 BC 93 20 30 8A 56 38 88 
	6E F7 15 07 72 23 8A 66 48 A0 A0 96 49 D5 58 A0 
	B6 95 5B 49 8A 26 23 33 15 8D 4C 3C 3D F3 6C 5A 
	80 78 26 B2 09 32 98 BD 79 78 86 47 2A 7D 22 11 
	33 BA B4 C0 6D 46 69 2A 30 19 78 39 0A D3 35 15 
	C6 27 C1 12 DC 51 E1 45 27 B2 C5 15 43 92 8F CB 
	70 81 78 B6 23 58 8B BC 68 64 8D 26 A7 26 ED 23 
	88 9B 9B 80 65 85 24 A9 A7 2D 4B 46 47 58 49 59 
	1C 14 18 75 E7 0C E5 EA 6E 6B 21 7C 36 58 2E 1A 
	0B 66 0B 62 18 36 5A 82 0D 40 91 48 2A 21 AD B8 
	1D D8 F8 82 FA CC 03 25 F8 59 C5 73 C0 28 C5 95 
	87 D0 64 AA 44 4F B5 DC 55 26 66 11 C1 74 14 7E 
	8A 1A 0D B7 66 44 99 AF 98 D3 0F 9B 67 3B A6 1C 
	4F D7 30 C4 E7 81 08 D4 69 B5 57 7B A6 57 A1 42 
	8F E2 A2 A9 03 1C 7C 71 3D 9C 0B 17 14 81 BC 8B 
	D0 2E 23 32 53 A6 16 C7 39 66 AD 9C 7B 37 B6 63 
	A4 68 47 BE 78 47 92 43 29 A1 07 2B 92 56 D3 18 
	A8 65 96 DA 48 27 DA 85 2E E3 96 10 DF 86 95 E2 
	28 BB 22 00 2E A0 26 BD CC 38 A2 86 A4 A6 75 07 
	AB 08 08 09 59 95 4F 10 E8 0D AE 47 AE C0 51 A9 
	04 A8 93 ED 21 82 AF 00 C3 07 40 82 75 80 95 22 
	F7 49 8E 5B 3D E1 60 07 5F 40 76 84 00 18 85 98 
	A5 B7 AA 00 37 A2 3C 23 5C 45 FA 6A 7F BE 81 88 
	4A E6 CB 69 39 31 06 8A 98 E7 DB 21 F9 5B 6E 42 
	4B 38 EC C4 1B 6A 03 9E F7 AC 5A 92 B3 1B 29 11 
	77 CA DA 06 AF 58 AF F3 90 3D 95 75 B7 13 A4 9E 
	B2 E3 C9 3C 79 4E 7C 6A 67 11 D4 CA 5C 69 80 29 
	C1 59 8D 56 56 A7 D8 C0 05 3A 47 DC B2 78 6A 50 
	14 70 40 A5 9B 11 6B EE F2 A0 D6 FB 88 53 15 3B 
	63 C1 14 18 8C AF B2 33 C0 A5 F3 13 3E 95 1C 6D 
	B3 9D 33 71 0F 5E F5 9A 7F A7 79 38 D6 A3 F8 9C 
	C9 F1 F3 57 67 09 22 1B EB 3C 7E 4A 98 9D 8A 87 
	34 2A A0 CB D4 B3 1C C5 A5 C2 A4 7C 95 83 76 D6 
	80 8C E3 37 61 DC B9 AA 8A 7C 59 4C D0 53 8E 98 
	03 2D BA 59 5A B4 28 CC 64 69 A7 0B 70 B7 C5 B7 
	39 05 A0 43 49 4A 78 2B B4 28 67 23 C2 C9 17 00 
	EA 90 17 D9 5B D6 C8 5E E0 A8 3B 55 2A 04 98 83 
	29 72 18 30 F0 75 25 49 E2 2F 0B 52 0D 0C D8 CE 
	40 10 5A 18 E9 C6 1E 10 A5 AB B3 4E 2A 26 5F DE 
	58 55 EF 07 4D DF 89 B6 6D CC 32 90 23 7F 85 FB 
	1F 46 3C 17 3E EC 57 71 54 63 0F E9 B8 0C 2C C2 
	7C E1 40 68 64 41 A2 B8 B0 6A 03 A1 B0 8B 71 CA 
	AA C2 ED 10 72 1E 07 25 66 25 C4 9B 5B 1A 10 76 
	36 8E F3 54 79 FB 78 1C C5 85 3C B6 2A 62 7B A9 
	8E 67 75 71 E8 24 18 CA A9 49 EA 43 8E F1 BF 37 
	91 BA 47 DA 8C DC 75 94 25 80 45 8F D4 54 58 4B 
	6E F2 AB 09 89 28 A4 1A B5 1D D0 45 20 E2 E8 34 
	BC B5 13 10 09 19 0D 49 36 ED 05 9A 2C A7 60 DD 
	44 CB 19 86 50 1C 58 11 77 70 BC D1 83 71 61 24 
	11 95 C0 B0 E0 88 39 4B 12 C3 B7 69 6A ED 33 21 
	81 BB 2A B7 8A 31 BD F9 0E 9C 69 19 57 53 19 5A 
	40 63 21 CB 86 89 72 1E 4D B9 3C 71 85 B0 CB EB 
	C3 29 17 89 4F 88 28 8A E8 39 88 D9 39 9F 02 10 
	D0 7A 0D 61 22 7D C7 3C 7D 76 09 54 09 40 71 18 
	80 45 78 39 05 6D 65 C8 8A F1 B3 C9 43 34 71 69 
	BA 59 63 A2 1D 59 14 FB 18 74 B0 1B 4C F7 44 2C 
	8E A1 6A BB 96 71 C6 4A 0B A4 A2 CC 61 9C 19 6A 
	41 39 D7 2C BE 34 E8 89 67 08 01 01 66 80 1D 61 
	22 9A C6 B0 BB 08 7A 97 10 AC 0A C5 1E 8A 07 5E 
	D8 36 C5 49 94 52 25 D5 15 55 F9 46 4E E2 0A C0 
	D3 28 E6 58 9F F2 97 89 9B E5 9D D1 6B 6E 73 59 
	6A EA EA 14 1E F1 54 A9 15 B3 BE FB 8A 41 9A A1 
	B4 23 55 C9 11 A2 66 33 57 01 15 AA 09 F6 11 AD 
	34 68 CF 30 AE 7A 75 47 CC 83 B5 66 37 78 2A F3 
	6B 08 11 60 A2 CC 07 9E 79 7F 32 80 5A 95 57 43 
	07 26 17 BB 1C B5 29 CA 09 99 B6 49 32 E6 B9 66 
	73 20 38 88 A1 BB C2 C6 A5 99 AD BD B8 11 3D 8C 
	47 37 95 BF CC B8 30 04 F0 07 47 55 59 0B 35 2E 
	9B 65 94 66 C3 88 70 16 86 44 E7 3C 38 1A 6C 96 
	88 AE 0C 36 A8 0C 53 10 43 5C 8D 88 C0 2A E5 1B 
	B6 90 E4 02 03 C2 6A 4A 41 15 EF AA C3 2B F0 63 
	ED 43 57 BD EC 47 67 52 00 9D 10 2D D8 2A 7A 62 
	70 C3 D6 EA 2C BB 66 B1 4C 47 C3 C8 16 92 34 29 
	2B ED 4A 8E 3D F2 3C 80 7B 25 8A 29 BD C9 00 5C 
	18 04 8B CA 63 66 6C D5 B1 1E 42 1E B6 D7 7D 95 
	D4 2F 77 86 A9 86 73 71 89 64 23 45 90 55 D1 C2 
	9C BA 9B 1A 88 89 3A 3A 43 5A 9D 51 8E 06 9A 47 
	4A 27 0D C0 FC 40 12 CC 07 56 A6 01 10 A0 76 BA 
	33 31 1A 25 00 82 10 14 61 C9 6E 28 19 7F B1 C5 
	22 FF 81 79 BF 29 11 34 D2 4D 47 2C CB BA 00 67 
	3F 48 1E A1 E3 AE 5C B6 00 FD A5 61 9C 1C 69 3A 
	57 21 A0 4A 1F CC 6C CF 0E B9 C3 C4 5A B5 42 02 
	47 D1 E2 94 A6 0C A4 14 5A 86 69 2B 4C 00 65 7A 
	D9 E4 82 CE A6 69 4C 21 CF 6B A0 CA BA A1 44 23 
	13 47 E2 C4 A5 53 C3 A3 57 1B BF 9A B9 22 77 21 
	8D 79 D2 18 CD 39 37 A4 76 72 78 D8 78 41 B6 C2 
	B2 93 C7 01 19 23 43 F9 A5 78 40 BB CB 58 86 5D 
	66 75 AA 5C A7 54 92 96 07 96 B7 E8 5C 55 95 60 
	64 8F 1B 08 F8 F4 BA B0 B9 A0 A0 CC 4C D9 05 A4 
	19 35 21 13 A6 A3 30 5B 14 32 20 6F 68 77 0D E2 
	4B 41 E1 A7 76 28 E6 6F BF 35 8F A9 E9 6E 71 C2 
	29 3F 5A 54 1D 32 52 18 45 75 F7 DA 58 BD FB C6 
	33 7C 59 C5 C9 6D 23 D7 BF 44 91 C1 8E 97 7B 8A 
	10 A3 8F F3 68 43 41 C1 80 04 94 D6 35 12 97 79 
	3C 92 70 95 9A 70 A6 47 94 B1 40 45 64 B9 1B 25 
	61 F3 7E CF F3 3A C8 A5 48 79 CB 98 00 48 3D D3 
	D3 88 AB 4B 78 E8 1B AA AB 95 01 18 51 15 89 AB 
	BA 1A AB 94 77 41 4B 00 D2 2A EB D5 99 4B 0C 93 
	16 B3 67 CD 20 17 03 11 94 1E 11 1F 71 DA 24 7D 
	90 12 CB 63 A9 49 A8 99 4A 96 25 56 F6 C0 C8 CC 
	16 2B CA AA 7B B4 C3 18 B3 19 BC 65 9E BB 47 8F 
	2F F2 B8 FD 1C 82 99 2C 16 13 83 16 44 51 25 55 
	2B 60 BC 4B 71 57 15 53 64 56 CF E5 50 CB A1 48 
	04 A0 D4 4F 04 0A 87 27 D3 2E 64 00 B3 D1 74 07 
	DE 3C 45 19 B5 32 C9 80 8A 57 F3 6B C8 75 9F 29 
	A8 61 DD 01 AA 16 3C 07 56 C1 A9 16 F2 A4 14 CC 
	08 74 E5 24 E8 71 4B 3D 61 C8 42 39 66 5F 08 87 
	1F 33 5B D2 88 19 26 EB CD 9D FA 57 1D 39 CF 47 
	17 39 C3 6C 8B 76 F9 B1 3C E6 83 9D 0B 1E 50 A0 
	53 73 F2 19 F4 A6 53 AD 53 23 C3 E0 CB AD A6 71 
	F4 D1 84 CD 28 8E 17 4A A5 7C 23 B1 B3 22 21 D9 
	A4 22 E2 71 0C 69 06 5D 2B 19 40 BE 93 00 D7 18 
	07 BE AA 87 1B C9 B9 25 8A 44 63 BB 2C 6D C1 65 
	B6 99 BD A0 FA CC 45 E5 25 40 15 7D B8 8C B1 E4 
	34 C0 20 F2 07 01 EA 24 09 E5 6C 44 27 48 EC A1 
	77 D3 D6 6C 1B 11 8E 38 1B 4D 3E C8 13 F7 0B 14 
	80 A0 BC 79 21 88 5A DA BE 0F 10 AA CA F9 2B 8D 
	C6 AD 00 7A C5 03 F1 19 35 35 69 63 54 35 75 86 
	66 5B C1 A5 71 6C 88 41 99 3E 6C B5 46 B5 19 67 
	1A 84 92 05 61 22 8A 5F EE E5 72 9D C0 BB F9 92 
	AD DF 82 4C CD 54 EA DB D0 DB FD 44 26 71 5B 80 
	1E 24 FF 8A 15 62 29 89 44 01 2E C5 07 7D B0 64 
	DE 76 A3 D3 29 54 85 14 8A F6 B2 A2 C5 6E 0B A2 
	57 F6 40 E8 24 7D 06 DE E0 6D 3F AB 76 10 FF E7 
	E5 01 36 07 DA 0F 5A C2 FA 04 BF 8F 0F A8 37 72 
gy PQ/T (size 1120):
	27 B1 D6 35 A6 63 38 2D 99 E0 31 B3 E9 A5 D6 82 
	A0 95 45 04 93 56 AF 6F 13 54 DE D1 3E D2 9C 72 
	CB 0A 1A 28 7A E1 E0 13 2F D5 F4 9D 39 77 18 6F 
	4D BC 37 44 DB 3F 6F 3F A3 FC 4B D6 09 C7 59 72 
	12 45 91 09 63 AF BD 05 57 BC DC 68 2D 11 42 F0 
	24 F3 BC EB 9C 52 E7 21 39 C1 39 93 54 BD 86 9A 
	33 91 7D 84 56 9F 96 4A 1A 02 BA 88 4E DF 50 42 
	B9 92 B8 34 85 9C 40 FB CE EC D2 DB 41 8F EE B1 
	32 1D 0F 70 ED 94 97 A1 70 FC E3 77 3E DF 44 48 
	74 98 11 8D CC F6 C7 77 78 0C 0B 17 E5 18 29 F9 
	21 CA C9 74 2C 76 59 04 DB 1F DD 59 20 E3 11 C6 
	F8 86 58 6E C0 6D CF F4 44 77 76 56 00 13 3D 22 
	30 6A A2 05 12 E7 8D D0 D4 1F B9 C0 48 CF 05 8E 
	15 1C 1B F0 1A ED 2C D3 27 B3 03 C9 33 C1 EC E5 
	28 95 B1 E3 89 E0 39 42 D5 54 56 C3 70 6D 9F 75 
	C8 9E AA B0 5E 56 E0 2F 80 79 5C 96 8B 2D 2A 20 
	81 1D BF 68 3C 58 00 DA 50 1A 71 93 C3 BD D2 0C 
	FB F3 F5 C9 82 0E 6B B3 6F CF D7 EA B5 7F 6E 43 
	F9 B9 CE 09 D3 26 EB E6 A7 AF 6A EF C8 B1 C6 D0 
	9A 8A B0 AE CD 87 70 55 06 72 CD 72 F5 94 2A 12 
	4E 73 B4 84 36 A5 09 22 A6 5A F9 BA A8 6C 38 EF 
	9F 17 D1 DD 76 7C BF 0B 71 26 B2 70 07 15 68 96 
	7B BD C5 4A EF D9 DD 10 CC 50 B0 AD 32 F7 F9 A2 
	85 A8 FE 25 97 6B CA E8 61 35 A7 95 55 B7 7C 3A 
	F5 C6 B9 66 0D 85 DD EB AF F1 DF A1 28 06 AA 2E 
	30 F3 50 C9 49 E1 B0 10 B0 A4 57 D4 34 1E 31 14 
	FD 80 C1 76 AE 88 40 F5 C2 7D 8C 90 5E 98 39 AF 
	31 15 F4 62 E2 9C 76 A2 79 9A 37 0B 0B F6 64 DE 
	47 20 F4 FC 9B A0 41 92 28 79 D7 94 CA 5A 0A 03 
	80 EF 8E 7E 80 F5 D5 C1 AF E6 EE 60 9C BA B7 48 
	DE 58 F8 5C 80 7D 6C DC C6 AF FD 7A 96 49 59 1B 
	65 C4 2F 82 57 A4 28 26 85 F0 3B 22 01 A8 8C 7D 
	21 F3 66 0D A3 F1 BC 38 7F 8C 2E 7A 76 D4 E6 76 
	C3 5A 95 B9 34 B8 52 E5 CB B9 E9 4C D9 41 4B DF 
	B9 A3 4D 32 AC 71 4F 1A FF 4E 01 14 9A 37 49 CC 
	B6 E0 73 19 D3 48 E2 C3 6F 7B DE 1A 20 66 45 70 
	32 25 25 C3 E9 63 92 07 43 25 A6 31 FB F4 9B 0E 
	6A 88 6D A0 A7 22 64 EE AD CD A3 53 48 41 AE 36 
	17 D2 2C 88 28 B2 C6 F1 12 31 62 9F 59 EA 4C A8 
	2F 36 AD E2 0D DA A3 A5 E7 56 02 B1 73 FD 12 FF 
	D7 94 C4 F6 4B DD CD 88 3E 10 FA 37 17 84 17 02 
	AB F5 05 FD F1 88 14 FB 93 20 01 57 98 85 0B B5 
	4C 0B 1E 08 9F 0F 8F CC D1 52 89 05 A6 44 42 96 
	F6 E3 B0 4B 77 78 26 50 77 EE 1E 7C 65 D1 CF 8B 
	1A F0 C7 E1 AE 9C 13 8C C9 89 17 8F 9F AD 77 44 
	9A 8A 28 94 2F 79 DA A5 30 B0 2B AB C0 0E B5 D9 
	9D 2F 3F 1D 9F 8F 59 36 AA 72 A8 58 46 62 92 F8 
	7A 9C A0 D1 74 B3 BD 4B 19 5C EE BD 1A E2 97 B5 
	4D 60 FA 06 90 56 55 44 0F 72 30 51 90 A1 F4 F0 
	D7 83 2F 37 62 7D 80 F6 2C AA E5 1B CB 65 31 FE 
	BF B5 74 A0 94 C8 D7 7D BB 23 D6 A6 D4 80 B5 47 
	5B B3 19 95 61 99 2E EC 3A 25 BF CD F9 12 6F C5 
	C9 B0 8A 8A 3C AD B3 06 D0 72 11 EA DA DB A7 E4 
	C3 4E CA C4 D1 48 B9 DF 6A 3C BC 16 B1 ED B2 66 
	ED 51 53 C8 4D EB B0 16 23 C2 04 3F 5F E7 4D 7C 
	44 07 9C 16 1F CA D2 19 6B 0C 92 7A C0 CC 35 B6 
	5F 10 55 D1 6C 38 32 E7 F0 E4 A5 B9 6B 79 B3 2C 
	A6 9C FB 2F 92 A1 EB DE 3B 9D 94 02 E7 27 30 D1 
	A1 26 3C 1F FE 6B 28 15 7E 94 40 32 E6 E6 FD 89 
	63 49 D2 83 7F 40 F8 77 21 4F 8C 21 F3 CC 0D 13 
	E9 C6 EE D7 FB EB 74 46 0E 4A A3 43 0A 34 FB 6D 
	F1 CE D6 E3 78 17 A5 5F 68 E9 42 F4 F1 7C A4 8C 
	88 CF A6 6C C5 9E F3 49 92 F9 52 D3 FF 13 16 06 
	40 96 3A 0A 94 96 37 CE 0B 62 33 45 26 24 10 C1 
	3F 19 5C F5 E2 6A E3 FA 11 DF C1 F3 9C 98 B4 34 
	C9 53 53 0F 7B 0C E2 AA 2F 06 BA 93 4C 7C FF 59 
	CE 85 0E 6C A8 3D 24 32 52 10 AB 42 E3 6F 94 41 
	8C 2C 59 63 2A 71 A9 C7 75 50 F6 44 A4 0E 5E 63 
	3A 84 6F AA 64 EF 95 CE 30 8E 9D FE F7 F2 62 36 
	25 25 13 30 05 F3 50 99 E5 41 2B 8C BB 74 12 D1 
x DH  (size 32):
	30 8A EE 3F ED 8C 9D 04 0D 35 A7 FC 1F A7 76 FB 
	31 30 38 33 AA 2D E8 85 35 4D DF 3D 44 D8 FB 69 
gy DH (size 32):
	27 B1 D6 35 A6 63 38 2D 99 E0 31 B3 E9 A5 D6 82 
	A0 95 45 04 93 56 AF 6F 13 54 DE D1 3E D2 9C 72 
SHARED SECRET DERIVE
G_XY (ECDH shared secret)  (size 32):
	23 42 DA 3A 44 A9 28 77 02 7E D4 DE 6D 1E 8E A1 
	6A 64 F6 60 1A CF 0D 09 79 E2 32 07 86 54 F8 6D 
KEM decapsulation
x KEM  (size 2400):
	5D C3 A4 10 F3 B7 97 43 31 BB 62 BE 04 61 1E 33 
	A5 A3 DC E3 4F 0D 61 4F 93 48 33 C3 5C 52 29 BB 
	53 B9 A7 36 11 E5 A2 61 D4 6C 95 43 39 EA DC 7B 
	D7 77 43 5A 17 B6 0A 43 5A 5A 41 06 8C 23 91 4D 
	BB 27 E2 7A CB F1 57 B8 79 F1 3A CF 3B 5D 9D 1B 
	99 DB 79 16 8D B6 A6 7A A5 61 C5 9B 93 B2 C6 85 
	61 1C BF 1B DA 97 D2 E6 04 F1 79 05 3D 7B C5 E3 
	C6 C4 14 97 56 F5 59 C8 09 8A 7E EF F3 0A 1A A2 
	05 1E D0 66 B1 58 7C E2 A1 53 8B 05 1C BD B3 0A 
	20 84 CC E6 DC CF 5A 05 30 09 78 A7 7A D9 91 3A 
	CB 34 87 BA 35 1E 7C 67 27 3A 0F E5 7C 01 22 F9 
	9A 30 BA A7 ED 94 0C A0 0B 45 F1 7A C1 AB 88 7D 
	CB 45 AE 9C 63 25 98 E1 A5 A2 02 8D A7 52 BA 46 
	6A B7 77 BA C2 65 CC 51 20 35 23 DD 57 72 7E 66 
	4F 1C 47 79 98 5B 57 4B 02 00 C1 C0 CF E9 B9 16 
	EC 06 75 DE 69 41 37 6A 71 AC 61 48 FE 70 65 51 
	15 6E 14 96 B6 6C 42 20 FC 67 A5 D2 26 7E 41 6A 
	88 C8 6B 06 88 29 4B 76 DB 70 F3 16 18 97 E9 86 
	58 A1 C8 20 5B 2D 08 34 54 FF B9 00 01 99 7F E2 
	46 14 01 42 74 B2 A4 05 D3 4B 2B 70 F3 B3 8A F9 
	BB CC 29 C5 E6 A9 B1 01 7A AA E2 F8 9E 75 17 6C 
	B4 B2 C2 05 5B C6 70 93 A9 01 55 4F 96 45 41 B7 
	41 AC 28 30 74 12 15 CE D6 B5 A0 1E 70 13 D4 D5 
	C8 9C 81 A8 F7 12 23 B1 7A AD D0 35 95 1F B7 63 
	40 83 98 5E 1C 6F 4E E2 3E FD 86 85 26 2B C2 CB 
	68 7B 5F B8 63 DB 29 32 BC 93 20 30 8A 56 38 88 
	6E F7 15 07 72 23 8A 66 48 A0 A0 96 49 D5 58 A0 
	B6 95 5B 49 8A 26 23 33 15 8D 4C 3C 3D F3 6C 5A 
	80 78 26 B2 09 32 98 BD 79 78 86 47 2A 7D 22 11 
	33 BA B4 C0 6D 46 69 2A 30 19 78 39 0A D3 35 15 
	C6 27 C1 12 DC 51 E1 45 27 B2 C5 15 43 92 8F CB 
	70 81 78 B6 23 58 8B BC 68 64 8D 26 A7 26 ED 23 
	88 9B 9B 80 65 85 24 A9 A7 2D 4B 46 47 58 49 59 
	1C 14 18 75 E7 0C E5 EA 6E 6B 21 7C 36 58 2E 1A 
	0B 66 0B 62 18 36 5A 82 0D 40 91 48 2A 21 AD B8 
	1D D8 F8 82 FA CC 03 25 F8 59 C5 73 C0 28 C5 95 
	87 D0 64 AA 44 4F B5 DC 55 26 66 11 C1 74 14 7E 
	8A 1A 0D B7 66 44 99 AF 98 D3 0F 9B 67 3B A6 1C 
	4F D7 30 C4 E7 81 08 D4 69 B5 57 7B A6 57 A1 42 
	8F E2 A2 A9 03 1C 7C 71 3D 9C 0B 17 14 81 BC 8B 
	D0 2E 23 32 53 A6 16 C7 39 66 AD 9C 7B 37 B6 63 
	A4 68 47 BE 78 47 92 43 29 A1 07 2B 92 56 D3 18 
	A8 65 96 DA 48 27 DA 85 2E E3 96 10 DF 86 95 E2 
	28 BB 22 00 2E A0 26 BD CC 38 A2 86 A4 A6 75 07 
	AB 08 08 09 59 95 4F 10 E8 0D AE 47 AE C0 51 A9 
	04 A8 93 ED 21 82 AF 00 C3 07 40 82 75 80 95 22 
	F7 49 8E 5B 3D E1 60 07 5F 40 76 84 00 18 85 98 
	A5 B7 AA 00 37 A2 3C 23 5C 45 FA 6A 7F BE 81 88 
	4A E6 CB 69 39 31 06 8A 98 E7 DB 21 F9 5B 6E 42 
	4B 38 EC C4 1B 6A 03 9E F7 AC 5A 92 B3 1B 29 11 
	77 CA DA 06 AF 58 AF F3 90 3D 95 75 B7 13 A4 9E 
	B2 E3 C9 3C 79 4E 7C 6A 67 11 D4 CA 5C 69 80 29 
	C1 59 8D 56 56 A7 D8 C0 05 3A 47 DC B2 78 6A 50 
	14 70 40 A5 9B 11 6B EE F2 A0 D6 FB 88 53 15 3B 
	63 C1 14 18 8C AF B2 33 C0 A5 F3 13 3E 95 1C 6D 
	B3 9D 33 71 0F 5E F5 9A 7F A7 79 38 D6 A3 F8 9C 
	C9 F1 F3 57 67 09 22 1B EB 3C 7E 4A 98 9D 8A 87 
	34 2A A0 CB D4 B3 1C C5 A5 C2 A4 7C 95 83 76 D6 
	80 8C E3 37 61 DC B9 AA 8A 7C 59 4C D0 53 8E 98 
	03 2D BA 59 5A B4 28 CC 64 69 A7 0B 70 B7 C5 B7 
	39 05 A0 43 49 4A 78 2B B4 28 67 23 C2 C9 17 00 
	EA 90 17 D9 5B D6 C8 5E E0 A8 3B 55 2A 04 98 83 
	29 72 18 30 F0 75 25 49 E2 2F 0B 52 0D 0C D8 CE 
	40 10 5A 18 E9 C6 1E 10 A5 AB B3 4E 2A 26 5F DE 
	58 55 EF 07 4D DF 89 B6 6D CC 32 90 23 7F 85 FB 
	1F 46 3C 17 3E EC 57 71 54 63 0F E9 B8 0C 2C C2 
	7C E1 40 68 64 41 A2 B8 B0 6A 03 A1 B0 8B 71 CA 
	AA C2 ED 10 72 1E 07 25 66 25 C4 9B 5B 1A 10 76 
	36 8E F3 54 79 FB 78 1C C5 85 3C B6 2A 62 7B A9 
	8E 67 75 71 E8 24 18 CA A9 49 EA 43 8E F1 BF 37 
	91 BA 47 DA 8C DC 75 94 25 80 45 8F D4 54 58 4B 
	6E F2 AB 09 89 28 A4 1A B5 1D D0 45 20 E2 E8 34 
	BC B5 13 10 09 19 0D 49 36 ED 05 9A 2C A7 60 DD 
	44 CB 19 86 50 1C 58 11 77 70 BC D1 83 71 61 24 
	11 95 C0 B0 E0 88 39 4B 12 C3 B7 69 6A ED 33 21 
	81 BB 2A B7 8A 31 BD F9 0E 9C 69 19 57 53 19 5A 
	40 63 21 CB 86 89 72 1E 4D B9 3C 71 85 B0 CB EB 
	C3 29 17 89 4F 88 28 8A E8 39 88 D9 39 9F 02 10 
	D0 7A 0D 61 22 7D C7 3C 7D 76 09 54 09 40 71 18 
	80 45 78 39 05 6D 65 C8 8A F1 B3 C9 43 34 71 69 
	BA 59 63 A2 1D 59 14 FB 18 74 B0 1B 4C F7 44 2C 
	8E A1 6A BB 96 71 C6 4A 0B A4 A2 CC 61 9C 19 6A 
	41 39 D7 2C BE 34 E8 89 67 08 01 01 66 80 1D 61 
	22 9A C6 B0 BB 08 7A 97 10 AC 0A C5 1E 8A 07 5E 
	D8 36 C5 49 94 52 25 D5 15 55 F9 46 4E E2 0A C0 
	D3 28 E6 58 9F F2 97 89 9B E5 9D D1 6B 6E 73 59 
	6A EA EA 14 1E F1 54 A9 15 B3 BE FB 8A 41 9A A1 
	B4 23 55 C9 11 A2 66 33 57 01 15 AA 09 F6 11 AD 
	34 68 CF 30 AE 7A 75 47 CC 83 B5 66 37 78 2A F3 
	6B 08 11 60 A2 CC 07 9E 79 7F 32 80 5A 95 57 43 
	07 26 17 BB 1C B5 29 CA 09 99 B6 49 32 E6 B9 66 
	73 20 38 88 A1 BB C2 C6 A5 99 AD BD B8 11 3D 8C 
	47 37 95 BF CC B8 30 04 F0 07 47 55 59 0B 35 2E 
	9B 65 94 66 C3 88 70 16 86 44 E7 3C 38 1A 6C 96 
	88 AE 0C 36 A8 0C 53 10 43 5C 8D 88 C0 2A E5 1B 
	B6 90 E4 02 03 C2 6A 4A 41 15 EF AA C3 2B F0 63 
	ED 43 57 BD EC 47 67 52 00 9D 10 2D D8 2A 7A 62 
	70 C3 D6 EA 2C BB 66 B1 4C 47 C3 C8 16 92 34 29 
	2B ED 4A 8E 3D F2 3C 80 7B 25 8A 29 BD C9 00 5C 
	18 04 8B CA 63 66 6C D5 B1 1E 42 1E B6 D7 7D 95 
	D4 2F 77 86 A9 86 73 71 89 64 23 45 90 55 D1 C2 
	9C BA 9B 1A 88 89 3A 3A 43 5A 9D 51 8E 06 9A 47 
	4A 27 0D C0 FC 40 12 CC 07 56 A6 01 10 A0 76 BA 
	33 31 1A 25 00 82 10 14 61 C9 6E 28 19 7F B1 C5 
	22 FF 81 79 BF 29 11 34 D2 4D 47 2C CB BA 00 67 
	3F 48 1E A1 E3 AE 5C B6 00 FD A5 61 9C 1C 69 3A 
	57 21 A0 4A 1F CC 6C CF 0E B9 C3 C4 5A B5 42 02 
	47 D1 E2 94 A6 0C A4 14 5A 86 69 2B 4C 00 65 7A 
	D9 E4 82 CE A6 69 4C 21 CF 6B A0 CA BA A1 44 23 
	13 47 E2 C4 A5 53 C3 A3 57 1B BF 9A B9 22 77 21 
	8D 79 D2 18 CD 39 37 A4 76 72 78 D8 78 41 B6 C2 
	B2 93 C7 01 19 23 43 F9 A5 78 40 BB CB 58 86 5D 
	66 75 AA 5C A7 54 92 96 07 96 B7 E8 5C 55 95 60 
	64 8F 1B 08 F8 F4 BA B0 B9 A0 A0 CC 4C D9 05 A4 
	19 35 21 13 A6 A3 30 5B 14 32 20 6F 68 77 0D E2 
	4B 41 E1 A7 76 28 E6 6F BF 35 8F A9 E9 6E 71 C2 
	29 3F 5A 54 1D 32 52 18 45 75 F7 DA 58 BD FB C6 
	33 7C 59 C5 C9 6D 23 D7 BF 44 91 C1 8E 97 7B 8A 
	10 A3 8F F3 68 43 41 C1 80 04 94 D6 35 12 97 79 
	3C 92 70 95 9A 70 A6 47 94 B1 40 45 64 B9 1B 25 
	61 F3 7E CF F3 3A C8 A5 48 79 CB 98 00 48 3D D3 
	D3 88 AB 4B 78 E8 1B AA AB 95 01 18 51 15 89 AB 
	BA 1A AB 94 77 41 4B 00 D2 2A EB D5 99 4B 0C 93 
	16 B3 67 CD 20 17 03 11 94 1E 11 1F 71 DA 24 7D 
	90 12 CB 63 A9 49 A8 99 4A 96 25 56 F6 C0 C8 CC 
	16 2B CA AA 7B B4 C3 18 B3 19 BC 65 9E BB 47 8F 
	2F F2 B8 FD 1C 82 99 2C 16 13 83 16 44 51 25 55 
	2B 60 BC 4B 71 57 15 53 64 56 CF E5 50 CB A1 48 
	04 A0 D4 4F 04 0A 87 27 D3 2E 64 00 B3 D1 74 07 
	DE 3C 45 19 B5 32 C9 80 8A 57 F3 6B C8 75 9F 29 
	A8 61 DD 01 AA 16 3C 07 56 C1 A9 16 F2 A4 14 CC 
	08 74 E5 24 E8 71 4B 3D 61 C8 42 39 66 5F 08 87 
	1F 33 5B D2 88 19 26 EB CD 9D FA 57 1D 39 CF 47 
	17 39 C3 6C 8B 76 F9 B1 3C E6 83 9D 0B 1E 50 A0 
	53 73 F2 19 F4 A6 53 AD 53 23 C3 E0 CB AD A6 71 
	F4 D1 84 CD 28 8E 17 4A A5 7C 23 B1 B3 22 21 D9 
	A4 22 E2 71 0C 69 06 5D 2B 19 40 BE 93 00 D7 18 
	07 BE AA 87 1B C9 B9 25 8A 44 63 BB 2C 6D C1 65 
	B6 99 BD A0 FA CC 45 E5 25 40 15 7D B8 8C B1 E4 
	34 C0 20 F2 07 01 EA 24 09 E5 6C 44 27 48 EC A1 
	77 D3 D6 6C 1B 11 8E 38 1B 4D 3E C8 13 F7 0B 14 
	80 A0 BC 79 21 88 5A DA BE 0F 10 AA CA F9 2B 8D 
	C6 AD 00 7A C5 03 F1 19 35 35 69 63 54 35 75 86 
	66 5B C1 A5 71 6C 88 41 99 3E 6C B5 46 B5 19 67 
	1A 84 92 05 61 22 8A 5F EE E5 72 9D C0 BB F9 92 
	AD DF 82 4C CD 54 EA DB D0 DB FD 44 26 71 5B 80 
	1E 24 FF 8A 15 62 29 89 44 01 2E C5 07 7D B0 64 
	DE 76 A3 D3 29 54 85 14 8A F6 B2 A2 C5 6E 0B A2 
	57 F6 40 E8 24 7D 06 DE E0 6D 3F AB 76 10 FF E7 
	E5 01 36 07 DA 0F 5A C2 FA 04 BF 8F 0F A8 37 72 
gy KEM: (PQ CC) (size 1088):
	CB 0A 1A 28 7A E1 E0 13 2F D5 F4 9D 39 77 18 6F 
	4D BC 37 44 DB 3F 6F 3F A3 FC 4B D6 09 C7 59 72 
	12 45 91 09 63 AF BD 05 57 BC DC 68 2D 11 42 F0 
	24 F3 BC EB 9C 52 E7 21 39 C1 39 93 54 BD 86 9A 
	33 91 7D 84 56 9F 96 4A 1A 02 BA 88 4E DF 50 42 
	B9 92 B8 34 85 9C 40 FB CE EC D2 DB 41 8F EE B1 
	32 1D 0F 70 ED 94 97 A1 70 FC E3 77 3E DF 44 48 
	74 98 11 8D CC F6 C7 77 78 0C 0B 17 E5 18 29 F9 
	21 CA C9 74 2C 76 59 04 DB 1F DD 59 20 E3 11 C6 
	F8 86 58 6E C0 6D CF F4 44 77 76 56 00 13 3D 22 
	30 6A A2 05 12 E7 8D D0 D4 1F B9 C0 48 CF 05 8E 
	15 1C 1B F0 1A ED 2C D3 27 B3 03 C9 33 C1 EC E5 
	28 95 B1 E3 89 E0 39 42 D5 54 56 C3 70 6D 9F 75 
	C8 9E AA B0 5E 56 E0 2F 80 79 5C 96 8B 2D 2A 20 
	81 1D BF 68 3C 58 00 DA 50 1A 71 93 C3 BD D2 0C 
	FB F3 F5 C9 82 0E 6B B3 6F CF D7 EA B5 7F 6E 43 
	F9 B9 CE 09 D3 26 EB E6 A7 AF 6A EF C8 B1 C6 D0 
	9A 8A B0 AE CD 87 70 55 06 72 CD 72 F5 94 2A 12 
	4E 73 B4 84 36 A5 09 22 A6 5A F9 BA A8 6C 38 EF 
	9F 17 D1 DD 76 7C BF 0B 71 26 B2 70 07 15 68 96 
	7B BD C5 4A EF D9 DD 10 CC 50 B0 AD 32 F7 F9 A2 
	85 A8 FE 25 97 6B CA E8 61 35 A7 95 55 B7 7C 3A 
	F5 C6 B9 66 0D 85 DD EB AF F1 DF A1 28 06 AA 2E 
	30 F3 50 C9 49 E1 B0 10 B0 A4 57 D4 34 1E 31 14 
	FD 80 C1 76 AE 88 40 F5 C2 7D 8C 90 5E 98 39 AF 
	31 15 F4 62 E2 9C 76 A2 79 9A 37 0B 0B F6 64 DE 
	47 20 F4 FC 9B A0 41 92 28 79 D7 94 CA 5A 0A 03 
	80 EF 8E 7E 80 F5 D5 C1 AF E6 EE 60 9C BA B7 48 
	DE 58 F8 5C 80 7D 6C DC C6 AF FD 7A 96 49 59 1B 
	65 C4 2F 82 57 A4 28 26 85 F0 3B 22 01 A8 8C 7D 
	21 F3 66 0D A3 F1 BC 38 7F 8C 2E 7A 76 D4 E6 76 
	C3 5A 95 B9 34 B8 52 E5 CB B9 E9 4C D9 41 4B DF 
	B9 A3 4D 32 AC 71 4F 1A FF 4E 01 14 9A 37 49 CC 
	B6 E0 73 19 D3 48 E2 C3 6F 7B DE 1A 20 66 45 70 
	32 25 25 C3 E9 63 92 07 43 25 A6 31 FB F4 9B 0E 
	6A 88 6D A0 A7 22 64 EE AD CD A3 53 48 41 AE 36 
	17 D2 2C 88 28 B2 C6 F1 12 31 62 9F 59 EA 4C A8 
	2F 36 AD E2 0D DA A3 A5 E7 56 02 B1 73 FD 12 FF 
	D7 94 C4 F6 4B DD CD 88 3E 10 FA 37 17 84 17 02 
	AB F5 05 FD F1 88 14 FB 93 20 01 57 98 85 0B B5 
	4C 0B 1E 08 9F 0F 8F CC D1 52 89 05 A6 44 42 96 
	F6 E3 B0 4B 77 78 26 50 77 EE 1E 7C 65 D1 CF 8B 
	1A F0 C7 E1 AE 9C 13 8C C9 89 17 8F 9F AD 77 44 
	9A 8A 28 94 2F 79 DA A5 30 B0 2B AB C0 0E B5 D9 
	9D 2F 3F 1D 9F 8F 59 36 AA 72 A8 58 46 62 92 F8 
	7A 9C A0 D1 74 B3 BD 4B 19 5C EE BD 1A E2 97 B5 
	4D 60 FA 06 90 56 55 44 0F 72 30 51 90 A1 F4 F0 
	D7 83 2F 37 62 7D 80 F6 2C AA E5 1B CB 65 31 FE 
	BF B5 74 A0 94 C8 D7 7D BB 23 D6 A6 D4 80 B5 47 
	5B B3 19 95 61 99 2E EC 3A 25 BF CD F9 12 6F C5 
	C9 B0 8A 8A 3C AD B3 06 D0 72 11 EA DA DB A7 E4 
	C3 4E CA C4 D1 48 B9 DF 6A 3C BC 16 B1 ED B2 66 
	ED 51 53 C8 4D EB B0 16 23 C2 04 3F 5F E7 4D 7C 
	44 07 9C 16 1F CA D2 19 6B 0C 92 7A C0 CC 35 B6 
	5F 10 55 D1 6C 38 32 E7 F0 E4 A5 B9 6B 79 B3 2C 
	A6 9C FB 2F 92 A1 EB DE 3B 9D 94 02 E7 27 30 D1 
	A1 26 3C 1F FE 6B 28 15 7E 94 40 32 E6 E6 FD 89 
	63 49 D2 83 7F 40 F8 77 21 4F 8C 21 F3 CC 0D 13 
	E9 C6 EE D7 FB EB 74 46 0E 4A A3 43 0A 34 FB 6D 
	F1 CE D6 E3 78 17 A5 5F 68 E9 42 F4 F1 7C A4 8C 
	88 CF A6 6C C5 9E F3 49 92 F9 52 D3 FF 13 16 06 
	40 96 3A 0A 94 96 37 CE 0B 62 33 45 26 24 10 C1 
	3F 19 5C F5 E2 6A E3 FA 11 DF C1 F3 9C 98 B4 34 
	C9 53 53 0F 7B 0C E2 AA 2F 06 BA 93 4C 7C FF 59 
	CE 85 0E 6C A8 3D 24 32 52 10 AB 42 E3 6F 94 41 
	8C 2C 59 63 2A 71 A9 C7 75 50 F6 44 A4 0E 5E 63 
	3A 84 6F AA 64 EF 95 CE 30 8E 9D FE F7 F2 62 36 
	25 25 13 30 05 F3 50 99 E5 41 2B 8C BB 74 12 D1 
G_XY (PQ SS)  (size 32):
	5F CB 02 20 4E 02 EC 0D 65 72 0F BD 28 19 11 33 
	C0 F3 4B 3C 5B 2F E0 0E FC 39 27 8C 1A 45 99 C1 
hash_msg1_raw (size 32):
	72 ED D3 5E 79 C3 BC C1 ED 90 9C 56 EA E0 EF 3D 
	F4 81 F5 20 2D 79 82 13 07 CB AD B7 EE 6D CF C7 
Input to calculate TH_2 (CBOR Sequence) (size 1157):
	59 04 60 27 B1 D6 35 A6 63 38 2D 99 E0 31 B3 E9 
	A5 D6 82 A0 95 45 04 93 56 AF 6F 13 54 DE D1 3E 
	D2 9C 72 CB 0A 1A 28 7A E1 E0 13 2F D5 F4 9D 39 
	77 18 6F 4D BC 37 44 DB 3F 6F 3F A3 FC 4B D6 09 
	C7 59 72 12 45 91 09 63 AF BD 05 57 BC DC 68 2D 
	11 42 F0 24 F3 BC EB 9C 52 E7 21 39 C1 39 93 54 
	BD 86 9A 33 91 7D 84 56 9F 96 4A 1A 02 BA 88 4E 
	DF 50 42 B9 92 B8 34 85 9C 40 FB CE EC D2 DB 41 
	8F EE B1 32 1D 0F 70 ED 94 97 A1 70 FC E3 77 3E 
	DF 44 48 74 98 11 8D CC F6 C7 77 78 0C 0B 17 E5 
	18 29 F9 21 CA C9 74 2C 76 59 04 DB 1F DD 59 20 
	E3 11 C6 F8 86 58 6E C0 6D CF F4 44 77 76 56 00 
	13 3D 22 30 6A A2 05 12 E7 8D D0 D4 1F B9 C0 48 
	CF 05 8E 15 1C 1B F0 1A ED 2C D3 27 B3 03 C9 33 
	C1 EC E5 28 95 B1 E3 89 E0 39 42 D5 54 56 C3 70 
	6D 9F 75 C8 9E AA B0 5E 56 E0 2F 80 79 5C 96 8B 
	2D 2A 20 81 1D BF 68 3C 58 00 DA 50 1A 71 93 C3 
	BD D2 0C FB F3 F5 C9 82 0E 6B B3 6F CF D7 EA B5 
	7F 6E 43 F9 B9 CE 09 D3 26 EB E6 A7 AF 6A EF C8 
	B1 C6 D0 9A 8A B0 AE CD 87 70 55 06 72 CD 72 F5 
	94 2A 12 4E 73 B4 84 36 A5 09 22 A6 5A F9 BA A8 
	6C 38 EF 9F 17 D1 DD 76 7C BF 0B 71 26 B2 70 07 
	15 68 96 7B BD C5 4A EF D9 DD 10 CC 50 B0 AD 32 
	F7 F9 A2 85 A8 FE 25 97 6B CA E8 61 35 A7 95 55 
	B7 7C 3A F5 C6 B9 66 0D 85 DD EB AF F1 DF A1 28 
	06 AA 2E 30 F3 50 C9 49 E1 B0 10 B0 A4 57 D4 34 
	1E 31 14 FD 80 C1 76 AE 88 40 F5 C2 7D 8C 90 5E 
	98 39 AF 31 15 F4 62 E2 9C 76 A2 79 9A 37 0B 0B 
	F6 64 DE 47 20 F4 FC 9B A0 41 92 28 79 D7 94 CA 
	5A 0A 03 80 EF 8E 7E 80 F5 D5 C1 AF E6 EE 60 9C 
	BA B7 48 DE 58 F8 5C 80 7D 6C DC C6 AF FD 7A 96 
	49 59 1B 65 C4 2F 82 57 A4 28 26 85 F0 3B 22 01 
	A8 8C 7D 21 F3 66 0D A3 F1 BC 38 7F 8C 2E 7A 76 
	D4 E6 76 C3 5A 95 B9 34 B8 52 E5 CB B9 E9 4C D9 
	41 4B DF B9 A3 4D 32 AC 71 4F 1A FF 4E 01 14 9A 
	37 49 CC B6 E0 73 19 D3 48 E2 C3 6F 7B DE 1A 20 
	66 45 70 32 25 25 C3 E9 63 92 07 43 25 A6 31 FB 
	F4 9B 0E 6A 88 6D A0 A7 22 64 EE AD CD A3 53 48 
	41 AE 36 17 D2 2C 88 28 B2 C6 F1 12 31 62 9F 59 
	EA 4C A8 2F 36 AD E2 0D DA A3 A5 E7 56 02 B1 73 
	FD 12 FF D7 94 C4 F6 4B DD CD 88 3E 10 FA 37 17 
	84 17 02 AB F5 05 FD F1 88 14 FB 93 20 01 57 98 
	85 0B B5 4C 0B 1E 08 9F 0F 8F CC D1 52 89 05 A6 
	44 42 96 F6 E3 B0 4B 77 78 26 50 77 EE 1E 7C 65 
	D1 CF 8B 1A F0 C7 E1 AE 9C 13 8C C9 89 17 8F 9F 
	AD 77 44 9A 8A 28 94 2F 79 DA A5 30 B0 2B AB C0 
	0E B5 D9 9D 2F 3F 1D 9F 8F 59 36 AA 72 A8 58 46 
	62 92 F8 7A 9C A0 D1 74 B3 BD 4B 19 5C EE BD 1A 
	E2 97 B5 4D 60 FA 06 90 56 55 44 0F 72 30 51 90 
	A1 F4 F0 D7 83 2F 37 62 7D 80 F6 2C AA E5 1B CB 
	65 31 FE BF B5 74 A0 94 C8 D7 7D BB 23 D6 A6 D4 
	80 B5 47 5B B3 19 95 61 99 2E EC 3A 25 BF CD F9 
	12 6F C5 C9 B0 8A 8A 3C AD B3 06 D0 72 11 EA DA 
	DB A7 E4 C3 4E CA C4 D1 48 B9 DF 6A 3C BC 16 B1 
	ED B2 66 ED 51 53 C8 4D EB B0 16 23 C2 04 3F 5F 
	E7 4D 7C 44 07 9C 16 1F CA D2 19 6B 0C 92 7A C0 
	CC 35 B6 5F 10 55 D1 6C 38 32 E7 F0 E4 A5 B9 6B 
	79 B3 2C A6 9C FB 2F 92 A1 EB DE 3B 9D 94 02 E7 
	27 30 D1 A1 26 3C 1F FE 6B 28 15 7E 94 40 32 E6 
	E6 FD 89 63 49 D2 83 7F 40 F8 77 21 4F 8C 21 F3 
	CC 0D 13 E9 C6 EE D7 FB EB 74 46 0E 4A A3 43 0A 
	34 FB 6D F1 CE D6 E3 78 17 A5 5F 68 E9 42 F4 F1 
	7C A4 8C 88 CF A6 6C C5 9E F3 49 92 F9 52 D3 FF 
	13 16 06 40 96 3A 0A 94 96 37 CE 0B 62 33 45 26 
	24 10 C1 3F 19 5C F5 E2 6A E3 FA 11 DF C1 F3 9C 
	98 B4 34 C9 53 53 0F 7B 0C E2 AA 2F 06 BA 93 4C 
	7C FF 59 CE 85 0E 6C A8 3D 24 32 52 10 AB 42 E3 
	6F 94 41 8C 2C 59 63 2A 71 A9 C7 75 50 F6 44 A4 
	0E 5E 63 3A 84 6F AA 64 EF 95 CE 30 8E 9D FE F7 
	F2 62 36 25 25 13 30 05 F3 50 99 E5 41 2B 8C BB 
	74 12 D1 58 20 72 ED D3 5E 79 C3 BC C1 ED 90 9C 
	56 EA E0 EF 3D F4 81 F5 20 2D 79 82 13 07 CB AD 
	B7 EE 6D CF C7 
TH2 (size 32):
	50 B4 51 7B 72 C1 8A 5A 0E 84 AA CB 50 03 FB BE 
	6B 44 95 D8 5C F1 A4 91 B3 D7 24 D2 87 9D 35 87 
TH_2 (size 32):
	50 B4 51 7B 72 C1 8A 5A 0E 84 AA CB 50 03 FB BE 
	6B 44 95 D8 5C F1 A4 91 B3 D7 24 D2 87 9D 35 87 
GX_Y (for prk_2e) (size 32):
	23 42 DA 3A 44 A9 28 77 02 7E D4 DE 6D 1E 8E A1 
	6A 64 F6 60 1A CF 0D 09 79 E2 32 07 86 54 F8 6D 
PRK_2e (first DH derivation) (size 32):
	FE 52 87 08 03 4B 91 2A 51 D6 BF 5B A2 72 20 A6 
	98 1F 72 BC 0D 9A B5 F1 7A 4D 13 1C 9F F1 34 3A 
PRK_2e_b (second KEM DH) (size 32):
	97 7C 57 54 16 FE 6D F7 2C 9A D1 0C A1 95 92 D5 
	D5 A4 36 1B 0B 08 7F B5 D3 BF BA DE 06 C0 8A 17 
PRK_2e (size 32):
	97 7C 57 54 16 FE 6D F7 2C 9A D1 0C A1 95 92 D5 
	D5 A4 36 1B 0B 08 7F B5 D3 BF BA DE 06 C0 8A 17 
KEYSTREAM_2 (size 12):
	CB 6C AB 63 E7 57 FE 8D 38 1A 84 0E 
associated_data (size 45):
	83 68 45 6E 63 72 79 70 74 30 40 58 20 50 B4 51 
	7B 72 C1 8A 5A 0E 84 AA CB 50 03 FB BE 6B 44 95 
	D8 5C F1 A4 91 B3 D7 24 D2 87 9D 35 87 
plaintext (size 12):
	41 A1 01 48 95 F1 19 BC 64 5A B1 75 
C_R (raw) (size 1):
	A1 
ID_CRED (size 3):
	A1 04 01 
sign_or_mac (size 8):
	95 F1 19 BC 64 5A B1 75 
[cred] lookup ID_CRED len=3
A10401
[cred] cred_array entries: 5
[cred] candidate[0] len=3 A10401
[cred] candidate[1] len=3 A10401
[cred] candidate[2] len=7 A1043A271CE614
[cred] candidate[3] len=7 A1043A39D0E614
[cred] candidate[4] len=7 A1041A0BD419EB
SHARED SECRET DERIVE
dh_secret (size 32):
	16 97 10 01 99 18 A8 54 1B A3 52 5C 8E 48 5B E2 
	43 22 F8 E6 D1 35 A8 7C 69 E0 DF CC 76 8E ED 5B 
SALT_3e2m or SALT4e3m (size 32):
	3A AA F2 A2 36 DF D5 1A 34 E4 FF 19 8F 78 72 42 
	65 2B 44 9E 76 7B 1F 64 1F 46 0D 46 31 1B F4 E7 
prk_3e2m (size 32):
	63 9C 75 3E 43 B3 24 D6 4D 1E 56 D7 8C E1 A7 61 
	BF C2 73 B7 D4 4E 4D C0 F2 DF E7 12 AD 27 30 A5 
TMP size: 32
CBOR ENCODE ERROR: 0
MAX ID CRED: 400 cred len 3
MAX CRED: 765 cred len 3
PK SIZE: 65
SIGNATURE SIZE: 500
CONTEXT_MAC_SIZE: 1204
CONTEXT_MAC len: 42
CR len: 2
TH enc len: 34
TMP size: 1
CBOR ENCODE ERROR: 0
MAC context (size 42):
	41 A1 A1 04 01 58 20 50 B4 51 7B 72 C1 8A 5A 0E 
	84 AA CB 50 03 FB BE 6B 44 95 D8 5C F1 A4 91 B3 
	D7 24 D2 87 9D 35 87 A1 04 01 
MAC 2/3 (size 8):
	95 F1 19 BC 64 5A B1 75 
th23 (size 32):
	50 B4 51 7B 72 C1 8A 5A 0E 84 AA CB 50 03 FB BE 
	6B 44 95 D8 5C F1 A4 91 B3 D7 24 D2 87 9D 35 87 
plaintext_23 (size 12):
	41 A1 01 48 95 F1 19 BC 64 5A B1 75 
cred (size 3):
	A1 04 01 
TMP size: 32
CBOR ENCODE ERROR: 0
Encoded
memcopy1
memcopy2
Input to calculate TH_3/TH_4 (CBOR Sequence) (size 49):
	58 20 50 B4 51 7B 72 C1 8A 5A 0E 84 AA CB 50 03 
	FB BE 6B 44 95 D8 5C F1 A4 91 B3 D7 24 D2 87 9D 
	35 87 41 A1 01 48 95 F1 19 BC 64 5A B1 75 A1 04 
	01 
TH34 (size 32):
	4A 2F D8 82 32 CC D4 99 23 1D 71 66 6A 53 C5 69 
	54 24 5D 62 88 87 E8 73 FE 61 D6 B3 55 B5 C1 DD 
SHARED SECRET DERIVE
dh_secret (size 32):
	6C AA 7E E1 BA D2 D5 D5 C3 6D 15 AA 95 09 CF D4 
	84 71 E2 B0 43 B8 D2 92 C7 78 9F 3C 1B 1B 6C 3F 
SALT_3e2m or SALT4e3m (size 32):
	D2 CA 73 0A 97 15 69 AF 00 32 F6 40 58 A3 36 9F 
	0A 01 A7 09 BF 1A 54 29 75 53 C7 33 10 A0 A5 62 
prk_4e3m (size 32):
	82 1F BB 1B A4 5A C8 6C A6 C7 1C A8 C3 97 C6 31 
	30 95 F5 A3 8F B5 A6 A8 76 1C B1 06 30 E3 DE 95 
TMP size: 32
CBOR ENCODE ERROR: 0
MAX ID CRED: 400 cred len 3
MAX CRED: 765 cred len 3
PK SIZE: 65
SIGNATURE SIZE: 500
CONTEXT_MAC_SIZE: 1204
CONTEXT_MAC len: 41
CR len: 1
TH enc len: 34
MAC context (size 40):
	A1 04 00 58 20 4A 2F D8 82 32 CC D4 99 23 1D 71 
	66 6A 53 C5 69 54 24 5D 62 88 87 E8 73 FE 61 D6 
	B3 55 B5 C1 DD A1 04 00 
MAC 2/3 (size 8):
	32 40 26 AB 19 B8 E3 37 
TMP size: 8
CBOR ENCODE ERROR: 0
kid (size 1):
	00 
K_3 (size 16):
	33 7C D6 31 ED 89 4F 10 4E 9C 5D 4C 11 69 DE 6E 
IV_3 (size 13):
	EA 82 7B AC F6 F0 4D EA 07 21 A1 AF 29 
aad_data (size 45):
	83 68 45 6E 63 72 79 70 74 30 40 58 20 4A 2F D8 
	82 32 CC D4 99 23 1D 71 66 6A 53 C5 69 54 24 5D 
	62 88 87 E8 73 FE 61 D6 B3 55 B5 C1 DD 
ciphertext_2/3/4 (size 20):
	F2 C4 2E 95 D1 F3 84 75 F4 2C C7 35 4B E9 A4 6F 
	0D 54 79 C7 
CIPHERTEXT: (size 20):
	F2 C4 2E 95 D1 F3 84 75 F4 2C C7 35 4B E9 A4 6F 
	0D 54 79 C7 
MSG out size:24
TMP size: 20
CBOR ENCODE ERROR: 0
msg3 (size 21):
	54 F2 C4 2E 95 D1 F3 84 75 F4 2C C7 35 4B E9 A4 
	6F 0D 54 79 C7 
th23 (size 32):
	4A 2F D8 82 32 CC D4 99 23 1D 71 66 6A 53 C5 69 
	54 24 5D 62 88 87 E8 73 FE 61 D6 B3 55 B5 C1 DD 
plaintext_23 (size 12):
	A1 04 00 48 32 40 26 AB 19 B8 E3 37 
cred (size 3):
	A1 04 00 
TMP size: 32
CBOR ENCODE ERROR: 0
Encoded
memcopy1
memcopy2
Input to calculate TH_3/TH_4 (CBOR Sequence) (size 49):
	58 20 4A 2F D8 82 32 CC D4 99 23 1D 71 66 6A 53 
	C5 69 54 24 5D 62 88 87 E8 73 FE 61 D6 B3 55 B5 
	C1 DD A1 04 00 48 32 40 26 AB 19 B8 E3 37 A1 04 
	00 
TH34 (size 32):
	54 7C 0F 5D 34 A1 02 42 5C B8 03 4F 3B 0E 31 C2 
	F4 E8 0A 02 D6 B2 A1 20 73 BE FE A9 CE 80 CC 6E 
[init] tx sent 21 bytes
[init] edhoc_initiator_run completed
PRK_out (size 32):
	C5 C8 0B 8B A6 D4 A0 47 45 8D 13 C9 01 B3 01 37 
	57 FC FB 7A C3 29 04 8A 0C 01 6B 0B 9D 9F 91 85 
prk_exporter (size 32):
	6D F8 0E C9 00 ED CD A3 E2 D4 87 C4 C1 4C 6A 68 
	7F D2 29 25 C6 1C BD 20 92 EF 1F 85 42 85 FA E9 
OSCORE Master Secret (size 16):
	98 32 A4 F3 90 45 81 6A CA D9 76 AF CA 4E 41 11 
OSCORE Master Salt (size 8):
	40 C1 A6 A7 26 91 79 AD 
