NO DEFINED LIBOQS
initiator test vector number 2:initator cipher suit: (size 1):
	02 
initiator sk size:32 
initiator pk size:65 
secret ephemeral DH key (size 32):
	8A F6 F4 30 EB E1 8D 34 18 40 17 A9 A1 1B F5 11 
	C8 DF F8 F8 34 73 0B 96 C1 B7 C8 DB CA 2F C3 B6 
public ephemeral DH key (size 32):
	36 8E C1 F6 9A EB 65 9B A3 7D 5A 8D 45 B2 1B DC 
	02 99 DC EA A8 EF 23 5F 3C A4 2C E3 53 0F 95 25 
IPv4 client to connect to server with address 127.0.0.1 started!
MSG1 gx (size 32):
	8A F6 F4 30 EB E1 8D 34 18 40 17 A9 A1 1B F5 11 
	C8 DF F8 F8 34 73 0B 96 C1 B7 C8 DB CA 2F C3 B6 
X (eph -rpivate I) (size 32):
	36 8E C1 F6 9A EB 65 9B A3 7D 5A 8D 45 B2 1B DC 
	02 99 DC EA A8 EF 23 5F 3C A4 2C E3 53 0F 95 25 
C_I (size 1):
	37 
message_1 (CBOR Sequence) (size 37):
	00 02 58 20 8A F6 F4 30 EB E1 8D 34 18 40 17 A9 
	A1 1B F5 11 C8 DF F8 F8 34 73 0B 96 C1 B7 C8 DB 
	CA 2F C3 B6 37 
MSG: (size 37):
	00 02 58 20 8A F6 F4 30 EB E1 8D 34 18 40 17 A9 
	A1 1B F5 11 C8 DF F8 F8 34 73 0B 96 C1 B7 C8 DB 
	CA 2F C3 B6 37 
Max MSG2 size 2027
Set gy to the dh key size for DH
message_2 (CBOR Sequence) (size 115):
	58 71 2D B4 48 9A 74 FC 72 50 26 87 99 5E E1 EF 
	7D 7F 57 ED DA 0A 01 B2 C4 56 15 58 E3 F2 FD 15 
	88 B4 5B BF 41 46 F4 CD F2 4F 4E EE D7 F8 F1 FA 
	09 7B 98 92 2A 2B F2 1C DB 89 92 A8 F0 9D 3F 62 
	E3 29 DC 31 7B B7 85 72 23 31 ED 27 EE 36 C1 B3 
	CB A7 89 AF DA A4 F3 A2 DB CE 12 79 41 E7 AC 36 
	E0 0F 30 81 63 73 03 66 13 97 7C 09 C8 EC 7A 54 
	44 8C 4A 
g_y (size 32):
	2D B4 48 9A 74 FC 72 50 26 87 99 5E E1 EF 7D 7F 
	57 ED DA 0A 01 B2 C4 56 15 58 E3 F2 FD 15 88 B4 
ciphertext2 (size 81):
	5B BF 41 46 F4 CD F2 4F 4E EE D7 F8 F1 FA 09 7B 
	98 92 2A 2B F2 1C DB 89 92 A8 F0 9D 3F 62 E3 29 
	DC 31 7B B7 85 72 23 31 ED 27 EE 36 C1 B3 CB A7 
	89 AF DA A4 F3 A2 DB CE 12 79 41 E7 AC 36 E0 0F 
	30 81 63 73 03 66 13 97 7C 09 C8 EC 7A 54 44 8C 
	4A 
PQ/T Hybrid array foe g_xy_KEM
x  (size 32):
	36 8E C1 F6 9A EB 65 9B A3 7D 5A 8D 45 B2 1B DC 
	02 99 DC EA A8 EF 23 5F 3C A4 2C E3 53 0F 95 25 
gy  (size 32):
	2D B4 48 9A 74 FC 72 50 26 87 99 5E E1 EF 7D 7F 
	57 ED DA 0A 01 B2 C4 56 15 58 E3 F2 FD 15 88 B4 
SHARED SECRET DERIVE
P256 in DH
pk_decompressed tinycript (size 64):
	2D B4 48 9A 74 FC 72 50 26 87 99 5E E1 EF 7D 7F 
	57 ED DA 0A 01 B2 C4 56 15 58 E3 F2 FD 15 88 B4 
	E9 3D 80 90 0B 19 E1 E7 9C 1A 92 69 17 B4 FD 6E 
	13 02 D5 8E 6E FC B6 A1 AD 45 D2 23 C5 4C 02 BC 
G_XY (ECDH shared secret)  (size 32):
	9F 82 E8 0F 22 A9 14 07 2F AD 15 0F 59 E5 B3 DE 
	F8 A8 41 4D CB 0E 76 F4 59 88 0E 90 83 35 83 FC 
hash_msg1_raw (size 32):
	C7 93 1F CA 62 16 CA BC B5 A9 AB 7B 17 61 AE 46 
	78 94 6B A4 F6 0B 6D E1 63 14 69 18 2A 4E 67 26 
Input to calculate TH_2 (CBOR Sequence) (size 68):
	58 20 2D B4 48 9A 74 FC 72 50 26 87 99 5E E1 EF 
	7D 7F 57 ED DA 0A 01 B2 C4 56 15 58 E3 F2 FD 15 
	88 B4 58 20 C7 93 1F CA 62 16 CA BC B5 A9 AB 7B 
	17 61 AE 46 78 94 6B A4 F6 0B 6D E1 63 14 69 18 
	2A 4E 67 26 
TH2 (size 32):
	BC 28 9F 30 42 37 51 37 5A 33 66 6E 47 D3 66 0A 
	4E E3 00 3B 90 B5 AD 98 18 A7 2B 25 40 21 E9 D2 
TH_2 (size 32):
	BC 28 9F 30 42 37 51 37 5A 33 66 6E 47 D3 66 0A 
	4E E3 00 3B 90 B5 AD 98 18 A7 2B 25 40 21 E9 D2 
PRK_2e (size 32):
	C0 FC 93 33 24 CB 8F F6 A9 E4 01 EE 2D 70 3C 35 
	4E 85 9B 2C 24 69 B1 9A 0B 8C E1 7C 8E 92 A5 DF 
KEYSTREAM_2 (size 81):
	7C 1E 59 64 76 E3 BA 7B CE 1B 2D F9 59 51 FD 23 
	D8 3D AC E6 B0 BA 81 D0 19 63 4A A7 AC F1 D0 12 
	2F 98 11 42 1B AA 35 4B 19 7E 5D 27 28 12 6F 94 
	ED 60 EA B2 26 39 80 22 1E EA 5D AE 40 62 A0 7D 
	FE AF D0 6C 09 3F 5E 55 B9 D6 84 8E AD EF 7E E6 
	E9 
associated_data (size 45):
	83 68 45 6E 63 72 79 70 74 30 40 58 20 BC 28 9F 
	30 42 37 51 37 5A 33 66 6E 47 D3 66 0A 4E E3 00 
	3B 90 B5 AD 98 18 A7 2B 25 40 21 E9 D2 
plaintext (size 81):
	27 A1 18 22 82 2E 48 34 80 F5 FA 01 A8 AB F4 58 
	40 AF 86 CD 42 A6 5A 59 8B CB BA 3A 93 93 33 3B 
	F3 A9 6A F5 9E D8 16 7A F4 59 B3 11 E9 A1 A4 33 
	64 CF 30 16 D5 9B 5B EC 0C 93 1C 49 EC 54 40 72 
	CE 2E B3 1F 0A 59 4D C2 C5 DF 4C 62 D7 BB 3A 6A 
	A3 
C_R (raw) (size 1):
	27 
ID_CRED (size 14):
	A1 18 22 82 2E 48 34 80 F5 FA 01 A8 AB F4 
sign_or_mac (size 64):
	AF 86 CD 42 A6 5A 59 8B CB BA 3A 93 93 33 3B F3 
	A9 6A F5 9E D8 16 7A F4 59 B3 11 E9 A1 A4 33 64 
	CF 30 16 D5 9B 5B EC 0C 93 1C 49 EC 54 40 72 CE 
	2E B3 1F 0A 59 4D C2 C5 DF 4C 62 D7 BB 3A 6A A3 
[cred] lookup ID_CRED len=14
A11822822E483480F5FA01A8ABF4
[cred] cred_array entries: 1
[cred] candidate[0] len=14 A11822822E483480F5FA01A8ABF4
prk_3e2m (size 32):
	C0 FC 93 33 24 CB 8F F6 A9 E4 01 EE 2D 70 3C 35 
	4E 85 9B 2C 24 69 B1 9A 0B 8C E1 7C 8E 92 A5 DF 
TMP size: 32
CBOR ENCODE ERROR: 0
MAX ID CRED: 400 cred len 14
MAX CRED: 765 cred len 293
PK SIZE: 65
SIGNATURE SIZE: 500
CONTEXT_MAC_SIZE: 1204
CONTEXT_MAC len: 343
CR len: 2
TH enc len: 34
TMP size: 1
CBOR ENCODE ERROR: 0
MAC context (size 343):
	41 27 A1 18 22 82 2E 48 34 80 F5 FA 01 A8 AB F4 
	58 20 BC 28 9F 30 42 37 51 37 5A 33 66 6E 47 D3 
	66 0A 4E E3 00 3B 90 B5 AD 98 18 A7 2B 25 40 21 
	E9 D2 59 01 22 30 82 01 1E 30 81 C5 A0 03 02 01 
	02 02 04 61 E9 98 1E 30 0A 06 08 2A 86 48 CE 3D 
	04 03 02 30 15 31 13 30 11 06 03 55 04 03 0C 0A 
	45 44 48 4F 43 20 52 6F 6F 74 30 1E 17 0D 32 32 
	30 31 32 30 31 37 31 33 30 32 5A 17 0D 32 39 31 
	32 33 31 32 33 30 30 30 30 5A 30 1A 31 18 30 16 
	06 03 55 04 03 0C 0F 45 44 48 4F 43 20 52 65 73 
	70 6F 6E 64 65 72 30 59 30 13 06 07 2A 86 48 CE 
	3D 02 01 06 08 2A 86 48 CE 3D 03 01 07 03 42 00 
	04 BB C3 49 60 52 6E A4 D3 2E 94 0C AD 2A 23 41 
	48 DD C2 17 91 A1 2A FB CB AC 93 62 20 46 DD 44 
	F0 45 19 E2 57 23 6B 2A 0C E2 02 3F 09 31 F1 F3 
	86 CA 7A FD A6 4F CD E0 10 8C 22 4C 51 EA BF 60 
	72 30 0A 06 08 2A 86 48 CE 3D 04 03 02 03 48 00 
	30 45 02 20 30 19 4E F5 FC 65 C8 B7 95 CD CD 0B 
	B4 31 BF 83 EE 67 41 C1 37 0C 22 C8 EB 8E E9 ED 
	D2 A7 05 19 02 21 00 B5 83 0E 9C 89 A6 2A C7 3C 
	E1 EB CE 00 61 70 7D B8 A8 8E 23 70 9B 4A CC 58 
	A1 31 3B 13 3D 05 58 
is not DH, 32
MAC 2/3 (size 32):
	1F 0B 9F A1 EE 88 44 90 45 EE 85 2F 80 0A A9 8A 
	09 E2 62 78 7A 11 4D 84 D5 24 40 B5 36 72 9D 48 
TMP size: 32
CBOR ENCODE ERROR: 0
Signature or MAC verification successful!
th23 (size 32):
	BC 28 9F 30 42 37 51 37 5A 33 66 6E 47 D3 66 0A 
	4E E3 00 3B 90 B5 AD 98 18 A7 2B 25 40 21 E9 D2 
plaintext_23 (size 81):
	27 A1 18 22 82 2E 48 34 80 F5 FA 01 A8 AB F4 58 
	40 AF 86 CD 42 A6 5A 59 8B CB BA 3A 93 93 33 3B 
	F3 A9 6A F5 9E D8 16 7A F4 59 B3 11 E9 A1 A4 33 
	64 CF 30 16 D5 9B 5B EC 0C 93 1C 49 EC 54 40 72 
	CE 2E B3 1F 0A 59 4D C2 C5 DF 4C 62 D7 BB 3A 6A 
	A3 
cred (size 293):
	59 01 22 30 82 01 1E 30 81 C5 A0 03 02 01 02 02 
	04 61 E9 98 1E 30 0A 06 08 2A 86 48 CE 3D 04 03 
	02 30 15 31 13 30 11 06 03 55 04 03 0C 0A 45 44 
	48 4F 43 20 52 6F 6F 74 30 1E 17 0D 32 32 30 31 
	32 30 31 37 31 33 30 32 5A 17 0D 32 39 31 32 33 
	31 32 33 30 30 30 30 5A 30 1A 31 18 30 16 06 03 
	55 04 03 0C 0F 45 44 48 4F 43 20 52 65 73 70 6F 
	6E 64 65 72 30 59 30 13 06 07 2A 86 48 CE 3D 02 
	01 06 08 2A 86 48 CE 3D 03 01 07 03 42 00 04 BB 
	C3 49 60 52 6E A4 D3 2E 94 0C AD 2A 23 41 48 DD 
	C2 17 91 A1 2A FB CB AC 93 62 20 46 DD 44 F0 45 
	19 E2 57 23 6B 2A 0C E2 02 3F 09 31 F1 F3 86 CA 
	7A FD A6 4F CD E0 10 8C 22 4C 51 EA BF 60 72 30 
	0A 06 08 2A 86 48 CE 3D 04 03 02 03 48 00 30 45 
	02 20 30 19 4E F5 FC 65 C8 B7 95 CD CD 0B B4 31 
	BF 83 EE 67 41 C1 37 0C 22 C8 EB 8E E9 ED D2 A7 
	05 19 02 21 00 B5 83 0E 9C 89 A6 2A C7 3C E1 EB 
	CE 00 61 70 7D B8 A8 8E 23 70 9B 4A CC 58 A1 31 
	3B 13 3D 05 58 
TMP size: 32
CBOR ENCODE ERROR: 0
Encoded
memcopy1
memcopy2
Input to calculate TH_3/TH_4 (CBOR Sequence) (size 408):
	58 20 BC 28 9F 30 42 37 51 37 5A 33 66 6E 47 D3 
	66 0A 4E E3 00 3B 90 B5 AD 98 18 A7 2B 25 40 21 
	E9 D2 27 A1 18 22 82 2E 48 34 80 F5 FA 01 A8 AB 
	F4 58 40 AF 86 CD 42 A6 5A 59 8B CB BA 3A 93 93 
	33 3B F3 A9 6A F5 9E D8 16 7A F4 59 B3 11 E9 A1 
	A4 33 64 CF 30 16 D5 9B 5B EC 0C 93 1C 49 EC 54 
	40 72 CE 2E B3 1F 0A 59 4D C2 C5 DF 4C 62 D7 BB 
	3A 6A A3 59 01 22 30 82 01 1E 30 81 C5 A0 03 02 
	01 02 02 04 61 E9 98 1E 30 0A 06 08 2A 86 48 CE 
	3D 04 03 02 30 15 31 13 30 11 06 03 55 04 03 0C 
	0A 45 44 48 4F 43 20 52 6F 6F 74 30 1E 17 0D 32 
	32 30 31 32 30 31 37 31 33 30 32 5A 17 0D 32 39 
	31 32 33 31 32 33 30 30 30 30 5A 30 1A 31 18 30 
	16 06 03 55 04 03 0C 0F 45 44 48 4F 43 20 52 65 
	73 70 6F 6E 64 65 72 30 59 30 13 06 07 2A 86 48 
	CE 3D 02 01 06 08 2A 86 48 CE 3D 03 01 07 03 42 
	00 04 BB C3 49 60 52 6E A4 D3 2E 94 0C AD 2A 23 
	41 48 DD C2 17 91 A1 2A FB CB AC 93 62 20 46 DD 
	44 F0 45 19 E2 57 23 6B 2A 0C E2 02 3F 09 31 F1 
	F3 86 CA 7A FD A6 4F CD E0 10 8C 22 4C 51 EA BF 
	60 72 30 0A 06 08 2A 86 48 CE 3D 04 03 02 03 48 
	00 30 45 02 20 30 19 4E F5 FC 65 C8 B7 95 CD CD 
	0B B4 31 BF 83 EE 67 41 C1 37 0C 22 C8 EB 8E E9 
	ED D2 A7 05 19 02 21 00 B5 83 0E 9C 89 A6 2A C7 
	3C E1 EB CE 00 61 70 7D B8 A8 8E 23 70 9B 4A CC 
	58 A1 31 3B 13 3D 05 58 
TH34 (size 32):
	0F 07 6A C9 25 F9 80 1A BD F2 62 6B 1F FB 69 51 
	1F 49 66 80 17 64 93 01 7F D8 C3 59 79 AF 6D 4E 
prk_4e3m (size 32):
	C0 FC 93 33 24 CB 8F F6 A9 E4 01 EE 2D 70 3C 35 
	4E 85 9B 2C 24 69 B1 9A 0B 8C E1 7C 8E 92 A5 DF 
TMP size: 32
CBOR ENCODE ERROR: 0
MAX ID CRED: 400 cred len 14
MAX CRED: 765 cred len 293
PK SIZE: 65
SIGNATURE SIZE: 500
CONTEXT_MAC_SIZE: 1204
CONTEXT_MAC len: 342
CR len: 1
TH enc len: 34
MAC context (size 341):
	A1 18 22 82 2E 48 EE C7 3F CB B0 16 26 76 58 20 
	0F 07 6A C9 25 F9 80 1A BD F2 62 6B 1F FB 69 51 
	1F 49 66 80 17 64 93 01 7F D8 C3 59 79 AF 6D 4E 
	59 01 22 30 82 01 1E 30 81 C5 A0 03 02 01 02 02 
	04 62 32 EF 6F 30 0A 06 08 2A 86 48 CE 3D 04 03 
	02 30 15 31 13 30 11 06 03 55 04 03 0C 0A 45 44 
	48 4F 43 20 52 6F 6F 74 30 1E 17 0D 32 32 30 33 
	31 37 30 38 32 31 30 33 5A 17 0D 32 39 31 32 33 
	31 32 33 30 30 30 30 5A 30 1A 31 18 30 16 06 03 
	55 04 03 0C 0F 45 44 48 4F 43 20 49 6E 69 74 69 
	61 74 6F 72 30 59 30 13 06 07 2A 86 48 CE 3D 02 
	01 06 08 2A 86 48 CE 3D 03 01 07 03 42 00 04 AC 
	75 E9 EC E3 E5 0B FC 8E D6 03 99 88 95 22 40 5C 
	47 BF 16 DF 96 66 0A 41 29 8C B4 30 7F 7E B6 6E 
	5D E6 11 38 8A 4B 8A 82 11 33 4A C7 D3 7E CB 52 
	A3 87 D2 57 E6 DB 3C 2A 93 DF 21 FF 3A FF C8 30 
	0A 06 08 2A 86 48 CE 3D 04 03 02 03 48 00 30 45 
	02 21 00 8C 32 3A 1F 33 21 38 AA B9 D0 BE AF B8 
	5F 8D 5A 44 07 3C 58 0F 59 5B C5 21 EF 91 3F 6E 
	F4 8D 11 02 20 6C 0A F1 A1 85 A4 E4 DE 06 35 36 
	99 23 1C 73 3A 6E 8D D2 DF 65 13 96 6C 91 30 15 
	2A 07 A2 BE DE 
is not DH, 32
MAC 2/3 (size 32):
	FF 22 E4 7A DD 90 CC D3 78 40 DA BB EA 3C 4B 8A 
	C9 47 B7 B3 30 F2 F7 7A 4C 5B 77 5B F7 BD AE 01 
TMP size: 32
CBOR ENCODE ERROR: 0
Signature or mac size: 64Inside the sign
signature_or_mac (is signature) (size 64):
	67 A9 C6 B8 F8 DA BC 60 8E 15 8A EF 69 13 D0 E7 
	51 F1 D4 B2 DF BD 97 E4 A8 6E DA E6 E7 F9 86 6D 
	CB FB D1 36 A1 A3 18 77 9B FD 7B C8 D3 E6 DF C0 
	DC F4 00 F8 FE 97 CE C1 9C AD 31 71 D8 DA AF AA 
TMP size: 64
CBOR ENCODE ERROR: 0
kid (size 0):
K_3 (size 16):
	82 87 03 E8 97 60 A0 25 A8 3F FA D1 28 DA 28 AA 
IV_3 (size 13):
	E0 1B 3F 4C 4F 6C 14 A7 2D 07 08 FA 92 
aad_data (size 45):
	83 68 45 6E 63 72 79 70 74 30 40 58 20 0F 07 6A 
	C9 25 F9 80 1A BD F2 62 6B 1F FB 69 51 1F 49 66 
	80 17 64 93 01 7F D8 C3 59 79 AF 6D 4E 
ciphertext_2/3/4 (size 88):
	96 FF 67 E2 15 87 78 2D D6 52 EC 5E 75 84 46 E3 
	7E 53 7E BA 3F 30 8F B7 DA EF F1 EA D4 09 B2 7C 
	7C 98 C7 A2 23 94 D1 76 27 E6 B1 D1 65 9B 75 FE 
	CE 92 DB 55 F1 A8 18 5D 62 5C 80 F3 67 24 34 88 
	A6 8A 33 77 73 11 B3 15 23 77 AD 79 4C 09 0F 57 
	FA 57 B3 1B 66 86 9E 3F 
CIPHERTEXT: (size 88):
	96 FF 67 E2 15 87 78 2D D6 52 EC 5E 75 84 46 E3 
	7E 53 7E BA 3F 30 8F B7 DA EF F1 EA D4 09 B2 7C 
	7C 98 C7 A2 23 94 D1 76 27 E6 B1 D1 65 9B 75 FE 
	CE 92 DB 55 F1 A8 18 5D 62 5C 80 F3 67 24 34 88 
	A6 8A 33 77 73 11 B3 15 23 77 AD 79 4C 09 0F 57 
	FA 57 B3 1B 66 86 9E 3F 
MSG out size:92
TMP size: 88
CBOR ENCODE ERROR: 0
msg3 (size 90):
	58 58 96 FF 67 E2 15 87 78 2D D6 52 EC 5E 75 84 
	46 E3 7E 53 7E BA 3F 30 8F B7 DA EF F1 EA D4 09 
	B2 7C 7C 98 C7 A2 23 94 D1 76 27 E6 B1 D1 65 9B 
	75 FE CE 92 DB 55 F1 A8 18 5D 62 5C 80 F3 67 24 
	34 88 A6 8A 33 77 73 11 B3 15 23 77 AD 79 4C 09 
	0F 57 FA 57 B3 1B 66 86 9E 3F 
th23 (size 32):
	0F 07 6A C9 25 F9 80 1A BD F2 62 6B 1F FB 69 51 
	1F 49 66 80 17 64 93 01 7F D8 C3 59 79 AF 6D 4E 
plaintext_23 (size 80):
	A1 18 22 82 2E 48 EE C7 3F CB B0 16 26 76 58 40 
	67 A9 C6 B8 F8 DA BC 60 8E 15 8A EF 69 13 D0 E7 
	51 F1 D4 B2 DF BD 97 E4 A8 6E DA E6 E7 F9 86 6D 
	CB FB D1 36 A1 A3 18 77 9B FD 7B C8 D3 E6 DF C0 
	DC F4 00 F8 FE 97 CE C1 9C AD 31 71 D8 DA AF AA 
cred (size 293):
	59 01 22 30 82 01 1E 30 81 C5 A0 03 02 01 02 02 
	04 62 32 EF 6F 30 0A 06 08 2A 86 48 CE 3D 04 03 
	02 30 15 31 13 30 11 06 03 55 04 03 0C 0A 45 44 
	48 4F 43 20 52 6F 6F 74 30 1E 17 0D 32 32 30 33 
	31 37 30 38 32 31 30 33 5A 17 0D 32 39 31 32 33 
	31 32 33 30 30 30 30 5A 30 1A 31 18 30 16 06 03 
	55 04 03 0C 0F 45 44 48 4F 43 20 49 6E 69 74 69 
	61 74 6F 72 30 59 30 13 06 07 2A 86 48 CE 3D 02 
	01 06 08 2A 86 48 CE 3D 03 01 07 03 42 00 04 AC 
	75 E9 EC E3 E5 0B FC 8E D6 03 99 88 95 22 40 5C 
	47 BF 16 DF 96 66 0A 41 29 8C B4 30 7F 7E B6 6E 
	5D E6 11 38 8A 4B 8A 82 11 33 4A C7 D3 7E CB 52 
	A3 87 D2 57 E6 DB 3C 2A 93 DF 21 FF 3A FF C8 30 
	0A 06 08 2A 86 48 CE 3D 04 03 02 03 48 00 30 45 
	02 21 00 8C 32 3A 1F 33 21 38 AA B9 D0 BE AF B8 
	5F 8D 5A 44 07 3C 58 0F 59 5B C5 21 EF 91 3F 6E 
	F4 8D 11 02 20 6C 0A F1 A1 85 A4 E4 DE 06 35 36 
	99 23 1C 73 3A 6E 8D D2 DF 65 13 96 6C 91 30 15 
	2A 07 A2 BE DE 
TMP size: 32
CBOR ENCODE ERROR: 0
Encoded
memcopy1
memcopy2
Input to calculate TH_3/TH_4 (CBOR Sequence) (size 407):
	58 20 0F 07 6A C9 25 F9 80 1A BD F2 62 6B 1F FB 
	69 51 1F 49 66 80 17 64 93 01 7F D8 C3 59 79 AF 
	6D 4E A1 18 22 82 2E 48 EE C7 3F CB B0 16 26 76 
	58 40 67 A9 C6 B8 F8 DA BC 60 8E 15 8A EF 69 13 
	D0 E7 51 F1 D4 B2 DF BD 97 E4 A8 6E DA E6 E7 F9 
	86 6D CB FB D1 36 A1 A3 18 77 9B FD 7B C8 D3 E6 
	DF C0 DC F4 00 F8 FE 97 CE C1 9C AD 31 71 D8 DA 
	AF AA 59 01 22 30 82 01 1E 30 81 C5 A0 03 02 01 
	02 02 04 62 32 EF 6F 30 0A 06 08 2A 86 48 CE 3D 
	04 03 02 30 15 31 13 30 11 06 03 55 04 03 0C 0A 
	45 44 48 4F 43 20 52 6F 6F 74 30 1E 17 0D 32 32 
	30 33 31 37 30 38 32 31 30 33 5A 17 0D 32 39 31 
	32 33 31 32 33 30 30 30 30 5A 30 1A 31 18 30 16 
	06 03 55 04 03 0C 0F 45 44 48 4F 43 20 49 6E 69 
	74 69 61 74 6F 72 30 59 30 13 06 07 2A 86 48 CE 
	3D 02 01 06 08 2A 86 48 CE 3D 03 01 07 03 42 00 
	04 AC 75 E9 EC E3 E5 0B FC 8E D6 03 99 88 95 22 
	40 5C 47 BF 16 DF 96 66 0A 41 29 8C B4 30 7F 7E 
	B6 6E 5D E6 11 38 8A 4B 8A 82 11 33 4A C7 D3 7E 
	CB 52 A3 87 D2 57 E6 DB 3C 2A 93 DF 21 FF 3A FF 
	C8 30 0A 06 08 2A 86 48 CE 3D 04 03 02 03 48 00 
	30 45 02 21 00 8C 32 3A 1F 33 21 38 AA B9 D0 BE 
	AF B8 5F 8D 5A 44 07 3C 58 0F 59 5B C5 21 EF 91 
	3F 6E F4 8D 11 02 20 6C 0A F1 A1 85 A4 E4 DE 06 
	35 36 99 23 1C 73 3A 6E 8D D2 DF 65 13 96 6C 91 
	30 15 2A 07 A2 BE DE 
TH34 (size 32):
	64 08 C4 E5 6C A4 8A 1A 24 87 4D 0C 38 AB 78 7F 
	A7 AF FE E8 30 B6 01 46 7F 6B C6 F7 29 00 81 48 
PRK_out (size 32):
	5D A3 F6 DC 62 05 72 BD D6 92 84 88 65 89 EA 67 
	2C 07 E1 89 B5 D4 42 DC E2 3D D1 46 26 BC CE F7 
prk_exporter (size 32):
	7E DE 60 95 8E 82 74 67 BD 1E 68 F1 3E 9D 4C 1D 
	9A 6C 5B 22 13 58 03 E2 30 2F 4F B2 28 61 DF 7F 
OSCORE Master Secret (size 16):
	A2 36 DD 4C C0 68 5E 56 F2 FA 84 E2 BE D6 E2 72 
OSCORE Master Salt (size 8):
	0A 95 EF 3E 06 2A B0 F0 
