IPv4 server with address 0.0.0.0 started!
test vector number: 2
INITIATOR SUIT kem: 1, signature -7
responder pk size: 65 
responder sk size: 32 
Responder ready to receive EDHOC DH request
seed (size 4):
	6D 14 AB FA 
public ephemeral key (size 32):
	8B 49 3D D3 FE 91 90 45 3A 36 D2 8F D4 4C 6F 12 
	39 6F 8F 17 14 96 5A 13 13 2B 7B E3 0F 1E E3 0B 
secret ephemeral key (size 32):
	A6 BC EC B6 BF 53 BA 79 E1 96 BE 28 2A F2 BB E4 
	79 28 F7 42 50 C4 1F 0A 6C 07 50 C0 5E 71 52 84 
Responder ready to Receive EDHOC PQ request 
__________________
PDU was constructed from buffer of 64 bytes
PDU is 64 bytes long
CoAP Version: 1
Message Type: Confirmable
Token length: 4
Code: 0.02 POST
Message ID: 0
Token of 4 bytes.
   Value: 0x01000000 
2 options:
OPTION (1/2)
   Option number (delta): 11 (11)
   Name: URI_PATH
   Value length: 11
   Value: ".well-known"
OPTION (2/2)
   Option number (delta): 11 (0)
   Name: URI_PATH
   Value length: 5
   Value: "edhoc"
Payload of 37 bytes
   Value: "\00\02X \8a\f6\f40\eb\e1\8d4\18@\17\a9\a1\1b\f5\11\c8\df\f8\f84s\0b\96\c1\b7\c8\db\ca/\c3\b67"
__________________
CoAP message (size 37):
	00 02 58 20 8A F6 F4 30 EB E1 8D 34 18 40 17 A9 
	A1 1B F5 11 C8 DF F8 F8 34 73 0B 96 C1 B7 C8 DB 
	CA 2F C3 B6 37 
message_1 (CBOR Sequence) (size 37):
	00 02 58 20 8A F6 F4 30 EB E1 8D 34 18 40 17 A9 
	A1 1B F5 11 C8 DF F8 F8 34 73 0B 96 C1 B7 C8 DB 
	CA 2F C3 B6 37 
msg1  (size 37):
	00 02 58 20 8A F6 F4 30 EB E1 8D 34 18 40 17 A9 
	A1 1B F5 11 C8 DF F8 F8 34 73 0B 96 C1 B7 C8 DB 
	CA 2F C3 B6 37 
msg1 METHOD: 0
msg1 SUITES_I (size 1):
	02 
g_x len 1216
g_x len message 1 32
msg1 G_X (size 32):
	8A F6 F4 30 EB E1 8D 34 18 40 17 A9 A1 1B F5 11 
	C8 DF F8 F8 34 73 0B 96 C1 B7 C8 DB CA 2F C3 B6 
msg1 C_I_raw (size 1):
	E8 
Suite 2 will be used in this EDHOC run.
PQ/T hybrid declare second array
y  (size 32):
	A6 BC EC B6 BF 53 BA 79 E1 96 BE 28 2A F2 BB E4 
	79 28 F7 42 50 C4 1F 0A 6C 07 50 C0 5E 71 52 84 
gx  (size 32):
	8A F6 F4 30 EB E1 8D 34 18 40 17 A9 A1 1B F5 11 
	C8 DF F8 F8 34 73 0B 96 C1 B7 C8 DB CA 2F C3 B6 
SHARED SECRET DERIVE
P256 in DH
pk_decompressed tinycript (size 64):
	8A F6 F4 30 EB E1 8D 34 18 40 17 A9 A1 1B F5 11 
	C8 DF F8 F8 34 73 0B 96 C1 B7 C8 DB CA 2F C3 B6 
	AE 17 50 92 91 24 87 EA FE 52 E2 63 A0 57 40 85 
	5E A8 E9 39 3F 95 A2 FC 7A FC 39 EB 00 7F 36 4C 
G_XY (ECDH shared secret)  (size 32):
	E0 EE 91 1C E3 90 57 B3 D9 D1 A6 C5 CE F8 35 10 
	4C 05 BB DE 1A 21 CE 15 B1 C5 8F 07 2D B3 36 61 
hash_msg1_raw (size 32):
	C7 93 1F CA 62 16 CA BC B5 A9 AB 7B 17 61 AE 46 
	78 94 6B A4 F6 0B 6D E1 63 14 69 18 2A 4E 67 26 
Input to calculate TH_2 (CBOR Sequence) (size 68):
	58 20 8B 49 3D D3 FE 91 90 45 3A 36 D2 8F D4 4C 
	6F 12 39 6F 8F 17 14 96 5A 13 13 2B 7B E3 0F 1E 
	E3 0B 58 20 C7 93 1F CA 62 16 CA BC B5 A9 AB 7B 
	17 61 AE 46 78 94 6B A4 F6 0B 6D E1 63 14 69 18 
	2A 4E 67 26 
TH2 (size 32):
	6E 6F 46 C3 9F F1 4C 29 69 DE C8 A3 54 C2 5F A2 
	C1 96 47 44 15 30 E7 45 F6 BE 74 F8 7A C3 A4 AC 
PRK_2e (size 32):
	DC 6F D6 11 14 56 B4 97 78 30 84 62 7E 20 58 6F 
	6C D9 C6 87 3D AA B9 69 2E 0B 06 E3 2E 23 10 73 
prk_3e2m (size 32):
	DC 6F D6 11 14 56 B4 97 78 30 84 62 7E 20 58 6F 
	6C D9 C6 87 3D AA B9 69 2E 0B 06 E3 2E 23 10 73 
Signature len 500 - 64
TMP size: 32
CBOR ENCODE ERROR: 0
MAX ID CRED: 400 cred len 14
MAX CRED: 765 cred len 293
PK SIZE: 65
SIGNATURE SIZE: 500
CONTEXT_MAC_SIZE: 1204
CONTEXT_MAC len: 343
CR len: 2
TH enc len: 34
TMP size: 1
CBOR ENCODE ERROR: 0
MAC context (size 343):
	41 27 A1 18 22 82 2E 48 34 80 F5 FA 01 A8 AB F4 
	58 20 6E 6F 46 C3 9F F1 4C 29 69 DE C8 A3 54 C2 
	5F A2 C1 96 47 44 15 30 E7 45 F6 BE 74 F8 7A C3 
	A4 AC 59 01 22 30 82 01 1E 30 81 C5 A0 03 02 01 
	02 02 04 61 E9 98 1E 30 0A 06 08 2A 86 48 CE 3D 
	04 03 02 30 15 31 13 30 11 06 03 55 04 03 0C 0A 
	45 44 48 4F 43 20 52 6F 6F 74 30 1E 17 0D 32 32 
	30 31 32 30 31 37 31 33 30 32 5A 17 0D 32 39 31 
	32 33 31 32 33 30 30 30 30 5A 30 1A 31 18 30 16 
	06 03 55 04 03 0C 0F 45 44 48 4F 43 20 52 65 73 
	70 6F 6E 64 65 72 30 59 30 13 06 07 2A 86 48 CE 
	3D 02 01 06 08 2A 86 48 CE 3D 03 01 07 03 42 00 
	04 BB C3 49 60 52 6E A4 D3 2E 94 0C AD 2A 23 41 
	48 DD C2 17 91 A1 2A FB CB AC 93 62 20 46 DD 44 
	F0 45 19 E2 57 23 6B 2A 0C E2 02 3F 09 31 F1 F3 
	86 CA 7A FD A6 4F CD E0 10 8C 22 4C 51 EA BF 60 
	72 30 0A 06 08 2A 86 48 CE 3D 04 03 02 03 48 00 
	30 45 02 20 30 19 4E F5 FC 65 C8 B7 95 CD CD 0B 
	B4 31 BF 83 EE 67 41 C1 37 0C 22 C8 EB 8E E9 ED 
	D2 A7 05 19 02 21 00 B5 83 0E 9C 89 A6 2A C7 3C 
	E1 EB CE 00 61 70 7D B8 A8 8E 23 70 9B 4A CC 58 
	A1 31 3B 13 3D 05 58 
is not DH, 32
MAC 2/3 (size 32):
	5D B9 F4 4E 52 02 57 DD 51 B9 65 C8 DD FF 4B 19 
	58 53 5D 07 FA 81 24 D4 96 BE 84 20 74 C8 94 3B 
TMP size: 32
CBOR ENCODE ERROR: 0
Signature or mac size: 64Inside the sign
signature_or_mac (is signature) (size 64):
	D1 89 7C 0E 5D 2D D7 97 6C 57 E6 45 73 EF 08 10 
	ED A5 79 E2 8E A2 80 F6 11 3A B1 25 83 5A 58 0C 
	74 79 9C 44 0A 45 80 D7 D6 21 D3 3D 02 50 23 EB 
	B6 32 A9 33 5A BC C6 F3 65 BB 9A 80 7E 9C 9C 72 
TMP size: 64
CBOR ENCODE ERROR: 0
kid (size 0):
KEYSTREAM_2 (size 81):
	3F 93 B9 C5 88 F9 A6 B6 CA 9B 95 8F 7E C9 32 A7 
	3F 81 57 8B 98 C8 AD B2 74 E9 C4 55 B0 8E 10 C2 
	07 02 23 CB E2 4D BF C6 59 61 05 43 80 08 9B 72 
	9A A1 5C 34 5A 66 73 82 95 76 D6 8B 14 FC BE DF 
	4F 32 9A EE DA CA 14 20 3F FC 1E FA E3 FB 07 ED 
	CA 
ciphertext_2/3/4 (size 81):
	18 32 A1 E7 0A D7 EE 82 4A 6E 6F 8E D6 62 C6 FF 
	7F 50 DE F7 96 95 80 65 E3 85 93 B3 F5 FD FF CA 
	17 EF 86 B2 00 C3 1D 46 AF 70 3F F2 A5 8B C1 2A 
	96 D5 25 A8 1E 6C 36 02 42 A0 F7 58 29 FE EE FC 
	A4 84 A8 47 E9 90 A8 E6 CC 99 A5 60 63 85 9B 71 
	B8 
TMP size: 113
CBOR ENCODE ERROR: 0
message_2 (CBOR Sequence) (size 115):
	58 71 8B 49 3D D3 FE 91 90 45 3A 36 D2 8F D4 4C 
	6F 12 39 6F 8F 17 14 96 5A 13 13 2B 7B E3 0F 1E 
	E3 0B 18 32 A1 E7 0A D7 EE 82 4A 6E 6F 8E D6 62 
	C6 FF 7F 50 DE F7 96 95 80 65 E3 85 93 B3 F5 FD 
	FF CA 17 EF 86 B2 00 C3 1D 46 AF 70 3F F2 A5 8B 
	C1 2A 96 D5 25 A8 1E 6C 36 02 42 A0 F7 58 29 FE 
	EE FC A4 84 A8 47 E9 90 A8 E6 CC 99 A5 60 63 85 
	9B 71 B8 
th23 (size 32):
	6E 6F 46 C3 9F F1 4C 29 69 DE C8 A3 54 C2 5F A2 
	C1 96 47 44 15 30 E7 45 F6 BE 74 F8 7A C3 A4 AC 
plaintext_23 (size 81):
	27 A1 18 22 82 2E 48 34 80 F5 FA 01 A8 AB F4 58 
	40 D1 89 7C 0E 5D 2D D7 97 6C 57 E6 45 73 EF 08 
	10 ED A5 79 E2 8E A2 80 F6 11 3A B1 25 83 5A 58 
	0C 74 79 9C 44 0A 45 80 D7 D6 21 D3 3D 02 50 23 
	EB B6 32 A9 33 5A BC C6 F3 65 BB 9A 80 7E 9C 9C 
	72 
cred (size 293):
	59 01 22 30 82 01 1E 30 81 C5 A0 03 02 01 02 02 
	04 61 E9 98 1E 30 0A 06 08 2A 86 48 CE 3D 04 03 
	02 30 15 31 13 30 11 06 03 55 04 03 0C 0A 45 44 
	48 4F 43 20 52 6F 6F 74 30 1E 17 0D 32 32 30 31 
	32 30 31 37 31 33 30 32 5A 17 0D 32 39 31 32 33 
	31 32 33 30 30 30 30 5A 30 1A 31 18 30 16 06 03 
	55 04 03 0C 0F 45 44 48 4F 43 20 52 65 73 70 6F 
	6E 64 65 72 30 59 30 13 06 07 2A 86 48 CE 3D 02 
	01 06 08 2A 86 48 CE 3D 03 01 07 03 42 00 04 BB 
	C3 49 60 52 6E A4 D3 2E 94 0C AD 2A 23 41 48 DD 
	C2 17 91 A1 2A FB CB AC 93 62 20 46 DD 44 F0 45 
	19 E2 57 23 6B 2A 0C E2 02 3F 09 31 F1 F3 86 CA 
	7A FD A6 4F CD E0 10 8C 22 4C 51 EA BF 60 72 30 
	0A 06 08 2A 86 48 CE 3D 04 03 02 03 48 00 30 45 
	02 20 30 19 4E F5 FC 65 C8 B7 95 CD CD 0B B4 31 
	BF 83 EE 67 41 C1 37 0C 22 C8 EB 8E E9 ED D2 A7 
	05 19 02 21 00 B5 83 0E 9C 89 A6 2A C7 3C E1 EB 
	CE 00 61 70 7D B8 A8 8E 23 70 9B 4A CC 58 A1 31 
	3B 13 3D 05 58 
TMP size: 32
CBOR ENCODE ERROR: 0
Encoded
memcopy1
memcopy2
Input to calculate TH_3/TH_4 (CBOR Sequence) (size 408):
	58 20 6E 6F 46 C3 9F F1 4C 29 69 DE C8 A3 54 C2 
	5F A2 C1 96 47 44 15 30 E7 45 F6 BE 74 F8 7A C3 
	A4 AC 27 A1 18 22 82 2E 48 34 80 F5 FA 01 A8 AB 
	F4 58 40 D1 89 7C 0E 5D 2D D7 97 6C 57 E6 45 73 
	EF 08 10 ED A5 79 E2 8E A2 80 F6 11 3A B1 25 83 
	5A 58 0C 74 79 9C 44 0A 45 80 D7 D6 21 D3 3D 02 
	50 23 EB B6 32 A9 33 5A BC C6 F3 65 BB 9A 80 7E 
	9C 9C 72 59 01 22 30 82 01 1E 30 81 C5 A0 03 02 
	01 02 02 04 61 E9 98 1E 30 0A 06 08 2A 86 48 CE 
	3D 04 03 02 30 15 31 13 30 11 06 03 55 04 03 0C 
	0A 45 44 48 4F 43 20 52 6F 6F 74 30 1E 17 0D 32 
	32 30 31 32 30 31 37 31 33 30 32 5A 17 0D 32 39 
	31 32 33 31 32 33 30 30 30 30 5A 30 1A 31 18 30 
	16 06 03 55 04 03 0C 0F 45 44 48 4F 43 20 52 65 
	73 70 6F 6E 64 65 72 30 59 30 13 06 07 2A 86 48 
	CE 3D 02 01 06 08 2A 86 48 CE 3D 03 01 07 03 42 
	00 04 BB C3 49 60 52 6E A4 D3 2E 94 0C AD 2A 23 
	41 48 DD C2 17 91 A1 2A FB CB AC 93 62 20 46 DD 
	44 F0 45 19 E2 57 23 6B 2A 0C E2 02 3F 09 31 F1 
	F3 86 CA 7A FD A6 4F CD E0 10 8C 22 4C 51 EA BF 
	60 72 30 0A 06 08 2A 86 48 CE 3D 04 03 02 03 48 
	00 30 45 02 20 30 19 4E F5 FC 65 C8 B7 95 CD CD 
	0B B4 31 BF 83 EE 67 41 C1 37 0C 22 C8 EB 8E E9 
	ED D2 A7 05 19 02 21 00 B5 83 0E 9C 89 A6 2A C7 
	3C E1 EB CE 00 61 70 7D B8 A8 8E 23 70 9B 4A CC 
	58 A1 31 3B 13 3D 05 58 
TH34 (size 32):
	73 26 DC 16 27 39 70 BB 26 71 4C 6D A8 04 52 AB 
	0C EF 64 C9 6B 21 92 69 55 A2 4A 66 A3 FD A1 B7 
msg2 generated
msg2 (size 115):
	58 71 8B 49 3D D3 FE 91 90 45 3A 36 D2 8F D4 4C 
	6F 12 39 6F 8F 17 14 96 5A 13 13 2B 7B E3 0F 1E 
	E3 0B 18 32 A1 E7 0A D7 EE 82 4A 6E 6F 8E D6 62 
	C6 FF 7F 50 DE F7 96 95 80 65 E3 85 93 B3 F5 FD 
	FF CA 17 EF 86 B2 00 C3 1D 46 AF 70 3F F2 A5 8B 
	C1 2A 96 D5 25 A8 1E 6C 36 02 42 A0 F7 58 29 FE 
	EE FC A4 84 A8 47 E9 90 A8 E6 CC 99 A5 60 63 85 
	9B 71 B8 
ead prcessed
CoAP reply sent!
mesage tx
waiting to receive
__________________
PDU was constructed from buffer of 117 bytes
PDU is 117 bytes long
CoAP Version: 1
Message Type: Confirmable
Token length: 4
Code: 0.02 POST
Message ID: 1
Token of 4 bytes.
   Value: 0x02000000 
2 options:
OPTION (1/2)
   Option number (delta): 11 (11)
   Name: URI_PATH
   Value length: 11
   Value: ".well-known"
OPTION (2/2)
   Option number (delta): 11 (0)
   Name: URI_PATH
   Value length: 5
   Value: "edhoc"
Payload of 90 bytes
   Value: "XX\18\a4[\11\da\9d\ce\88\d1Cs]\ed\b5\beT0z\a29@g\fee\07)\\10\1f\d5b\ec\c5\f2[\9e\86\e1Bu\cf].\1em\d4P\e3z\Sd~\\a6\b7\f3\H\d4\fb.\b5&I\c30=\0b\a2\9c\d3\e7\cb\8eq\bc\cd\13\e1\91(\c3\a3\e5d\fb\c2"
__________________
CoAP message (size 90):
	58 58 18 A4 5B 11 DA 9D CE 88 D1 43 73 5D ED B5 
	BE 54 30 7A A2 39 40 67 FE 65 07 29 5C 10 1F D5 
	62 EC C5 F2 5B 9E 86 E1 42 75 CF 5D 2E 1E 6D D4 
	50 E3 7A 5C 53 64 7E 5C A6 B7 F3 5C 48 D4 FB 2E 
	B5 26 49 C3 30 3D 0B A2 9C D3 E7 CB 8E 71 BC CD 
	13 E1 91 28 C3 A3 E5 64 FB C2 
received
CIPHERTEXT_3 (size 88):
	18 A4 5B 11 DA 9D CE 88 D1 43 73 5D ED B5 BE 54 
	30 7A A2 39 40 67 FE 65 07 29 5C 10 1F D5 62 EC 
	C5 F2 5B 9E 86 E1 42 75 CF 5D 2E 1E 6D D4 50 E3 
	7A 5C 53 64 7E 5C A6 B7 F3 5C 48 D4 FB 2E B5 26 
	49 C3 30 3D 0B A2 9C D3 E7 CB 8E 71 BC CD 13 E1 
	91 28 C3 A3 E5 64 FB C2 
PLAINTEXT3_SIZE: 903
ctxt3.len: 88
K_3 (size 16):
	5C 1C 4D DE A3 45 E2 FF CC 63 11 3E A4 FF 57 17 
IV_3 (size 13):
	4E E8 2F 88 9A 52 4B 92 92 F4 5D AB 4B 
associated_data (size 45):
	83 68 45 6E 63 72 79 70 74 30 40 58 20 73 26 DC 
	16 27 39 70 BB 26 71 4C 6D A8 04 52 AB 0C EF 64 
	C9 6B 21 92 69 55 A2 4A 66 A3 FD A1 B7 
plaintext (size 80):
	A1 18 22 82 2E 48 EE C7 3F CB B0 16 26 76 58 40 
	AF E5 EE 23 16 0C E6 50 92 A9 1F 69 B5 23 87 FA 
	88 1D 04 0A 3B D7 9A 27 A1 14 1E 74 8C A0 70 B3 
	CB E3 AB A9 00 56 EA 33 2F B6 35 06 1E CF B0 82 
	E9 11 D4 7C 6F 12 3F 89 47 61 65 E7 B1 36 DA D9 
ID_CRED (size 14):
	A1 18 22 82 2E 48 EE C7 3F CB B0 16 26 76 
sign_or_mac (size 64):
	AF E5 EE 23 16 0C E6 50 92 A9 1F 69 B5 23 87 FA 
	88 1D 04 0A 3B D7 9A 27 A1 14 1E 74 8C A0 70 B3 
	CB E3 AB A9 00 56 EA 33 2F B6 35 06 1E CF B0 82 
	E9 11 D4 7C 6F 12 3F 89 47 61 65 E7 B1 36 DA D9 
[cred] lookup ID_CRED len=14
A11822822E48EEC73FCBB0162676
[cred] cred_array entries: 1
[cred] candidate[0] len=14 A11822822E48EEC73FCBB0162676
prk_4e3m (size 32):
	DC 6F D6 11 14 56 B4 97 78 30 84 62 7E 20 58 6F 
	6C D9 C6 87 3D AA B9 69 2E 0B 06 E3 2E 23 10 73 
TMP size: 32
CBOR ENCODE ERROR: 0
MAX ID CRED: 400 cred len 14
MAX CRED: 765 cred len 293
PK SIZE: 65
SIGNATURE SIZE: 500
CONTEXT_MAC_SIZE: 1204
CONTEXT_MAC len: 342
CR len: 1
TH enc len: 34
MAC context (size 341):
	A1 18 22 82 2E 48 EE C7 3F CB B0 16 26 76 58 20 
	73 26 DC 16 27 39 70 BB 26 71 4C 6D A8 04 52 AB 
	0C EF 64 C9 6B 21 92 69 55 A2 4A 66 A3 FD A1 B7 
	59 01 22 30 82 01 1E 30 81 C5 A0 03 02 01 02 02 
	04 62 32 EF 6F 30 0A 06 08 2A 86 48 CE 3D 04 03 
	02 30 15 31 13 30 11 06 03 55 04 03 0C 0A 45 44 
	48 4F 43 20 52 6F 6F 74 30 1E 17 0D 32 32 30 33 
	31 37 30 38 32 31 30 33 5A 17 0D 32 39 31 32 33 
	31 32 33 30 30 30 30 5A 30 1A 31 18 30 16 06 03 
	55 04 03 0C 0F 45 44 48 4F 43 20 49 6E 69 74 69 
	61 74 6F 72 30 59 30 13 06 07 2A 86 48 CE 3D 02 
	01 06 08 2A 86 48 CE 3D 03 01 07 03 42 00 04 AC 
	75 E9 EC E3 E5 0B FC 8E D6 03 99 88 95 22 40 5C 
	47 BF 16 DF 96 66 0A 41 29 8C B4 30 7F 7E B6 6E 
	5D E6 11 38 8A 4B 8A 82 11 33 4A C7 D3 7E CB 52 
	A3 87 D2 57 E6 DB 3C 2A 93 DF 21 FF 3A FF C8 30 
	0A 06 08 2A 86 48 CE 3D 04 03 02 03 48 00 30 45 
	02 21 00 8C 32 3A 1F 33 21 38 AA B9 D0 BE AF B8 
	5F 8D 5A 44 07 3C 58 0F 59 5B C5 21 EF 91 3F 6E 
	F4 8D 11 02 20 6C 0A F1 A1 85 A4 E4 DE 06 35 36 
	99 23 1C 73 3A 6E 8D D2 DF 65 13 96 6C 91 30 15 
	2A 07 A2 BE DE 
is not DH, 32
MAC 2/3 (size 32):
	5D C7 C0 99 EB 5A 23 AB DE C7 A3 74 72 64 50 5C 
	B5 FD 99 AD 44 00 96 D8 1D 6D 27 FA D3 8A B4 9B 
TMP size: 32
CBOR ENCODE ERROR: 0
Signature or MAC verification successful!
th23 (size 32):
	73 26 DC 16 27 39 70 BB 26 71 4C 6D A8 04 52 AB 
	0C EF 64 C9 6B 21 92 69 55 A2 4A 66 A3 FD A1 B7 
plaintext_23 (size 80):
	A1 18 22 82 2E 48 EE C7 3F CB B0 16 26 76 58 40 
	AF E5 EE 23 16 0C E6 50 92 A9 1F 69 B5 23 87 FA 
	88 1D 04 0A 3B D7 9A 27 A1 14 1E 74 8C A0 70 B3 
	CB E3 AB A9 00 56 EA 33 2F B6 35 06 1E CF B0 82 
	E9 11 D4 7C 6F 12 3F 89 47 61 65 E7 B1 36 DA D9 
cred (size 293):
	59 01 22 30 82 01 1E 30 81 C5 A0 03 02 01 02 02 
	04 62 32 EF 6F 30 0A 06 08 2A 86 48 CE 3D 04 03 
	02 30 15 31 13 30 11 06 03 55 04 03 0C 0A 45 44 
	48 4F 43 20 52 6F 6F 74 30 1E 17 0D 32 32 30 33 
	31 37 30 38 32 31 30 33 5A 17 0D 32 39 31 32 33 
	31 32 33 30 30 30 30 5A 30 1A 31 18 30 16 06 03 
	55 04 03 0C 0F 45 44 48 4F 43 20 49 6E 69 74 69 
	61 74 6F 72 30 59 30 13 06 07 2A 86 48 CE 3D 02 
	01 06 08 2A 86 48 CE 3D 03 01 07 03 42 00 04 AC 
	75 E9 EC E3 E5 0B FC 8E D6 03 99 88 95 22 40 5C 
	47 BF 16 DF 96 66 0A 41 29 8C B4 30 7F 7E B6 6E 
	5D E6 11 38 8A 4B 8A 82 11 33 4A C7 D3 7E CB 52 
	A3 87 D2 57 E6 DB 3C 2A 93 DF 21 FF 3A FF C8 30 
	0A 06 08 2A 86 48 CE 3D 04 03 02 03 48 00 30 45 
	02 21 00 8C 32 3A 1F 33 21 38 AA B9 D0 BE AF B8 
	5F 8D 5A 44 07 3C 58 0F 59 5B C5 21 EF 91 3F 6E 
	F4 8D 11 02 20 6C 0A F1 A1 85 A4 E4 DE 06 35 36 
	99 23 1C 73 3A 6E 8D D2 DF 65 13 96 6C 91 30 15 
	2A 07 A2 BE DE 
TMP size: 32
CBOR ENCODE ERROR: 0
Encoded
memcopy1
memcopy2
Input to calculate TH_3/TH_4 (CBOR Sequence) (size 407):
	58 20 73 26 DC 16 27 39 70 BB 26 71 4C 6D A8 04 
	52 AB 0C EF 64 C9 6B 21 92 69 55 A2 4A 66 A3 FD 
	A1 B7 A1 18 22 82 2E 48 EE C7 3F CB B0 16 26 76 
	58 40 AF E5 EE 23 16 0C E6 50 92 A9 1F 69 B5 23 
	87 FA 88 1D 04 0A 3B D7 9A 27 A1 14 1E 74 8C A0 
	70 B3 CB E3 AB A9 00 56 EA 33 2F B6 35 06 1E CF 
	B0 82 E9 11 D4 7C 6F 12 3F 89 47 61 65 E7 B1 36 
	DA D9 59 01 22 30 82 01 1E 30 81 C5 A0 03 02 01 
	02 02 04 62 32 EF 6F 30 0A 06 08 2A 86 48 CE 3D 
	04 03 02 30 15 31 13 30 11 06 03 55 04 03 0C 0A 
	45 44 48 4F 43 20 52 6F 6F 74 30 1E 17 0D 32 32 
	30 33 31 37 30 38 32 31 30 33 5A 17 0D 32 39 31 
	32 33 31 32 33 30 30 30 30 5A 30 1A 31 18 30 16 
	06 03 55 04 03 0C 0F 45 44 48 4F 43 20 49 6E 69 
	74 69 61 74 6F 72 30 59 30 13 06 07 2A 86 48 CE 
	3D 02 01 06 08 2A 86 48 CE 3D 03 01 07 03 42 00 
	04 AC 75 E9 EC E3 E5 0B FC 8E D6 03 99 88 95 22 
	40 5C 47 BF 16 DF 96 66 0A 41 29 8C B4 30 7F 7E 
	B6 6E 5D E6 11 38 8A 4B 8A 82 11 33 4A C7 D3 7E 
	CB 52 A3 87 D2 57 E6 DB 3C 2A 93 DF 21 FF 3A FF 
	C8 30 0A 06 08 2A 86 48 CE 3D 04 03 02 03 48 00 
	30 45 02 21 00 8C 32 3A 1F 33 21 38 AA B9 D0 BE 
	AF B8 5F 8D 5A 44 07 3C 58 0F 59 5B C5 21 EF 91 
	3F 6E F4 8D 11 02 20 6C 0A F1 A1 85 A4 E4 DE 06 
	35 36 99 23 1C 73 3A 6E 8D D2 DF 65 13 96 6C 91 
	30 15 2A 07 A2 BE DE 
TH34 (size 32):
	5B 2C B2 15 8E B4 38 A3 B8 39 88 83 49 65 55 02 
	16 E1 0D 4E C3 47 20 40 9C E0 5D 03 3C DF CB ED 
PRK_out (size 32):
	E8 97 BF 9F BB 45 48 77 F4 EA A7 FB 6F 89 2D 8A 
	3E 0E E4 B5 02 E9 B2 6A 16 63 A2 AA 99 45 B6 65 
prk_exporter (size 32):
	2B 56 18 67 B1 B4 FB EE F0 3F 87 62 10 BA A6 6F 
	21 CF 9E AE AC 8A 6E 8B 2D 71 27 BF 9A CD A2 29 
OSCORE Master Secret (size 16):
	A1 17 2