[init] get_suite
[init] suite ready
[init] static DH keygen
[init] static responder pk
[init] ephemeral DH keygen
[init] ephemeral KEM keygen alg -67
IPv4 client to connect to server with address 127.0.0.1 started!
[init] socket ready
[init] starting edhoc_initiator_run
MSG1 gx (size 1216):
	FB B4 6F DD 17 E8 B7 0E C5 98 DE CB B6 C8 4A 15 
	29 B0 DF CF 9E DE D9 C5 F8 D3 BF 64 F5 52 D2 10 
	95 52 58 B2 54 73 D7 B8 36 BC 22 02 3E 84 78 5C 
	13 79 5E A9 BB 41 81 52 14 55 86 D8 8C 4C 52 E9 
	79 7A 44 34 7C 82 41 F8 81 14 33 8C C3 9E 8B 51 
	7A 35 4A 91 94 C9 C6 C1 57 68 50 6C F2 03 B3 D9 
	99 21 DD 4B 40 1F A8 1E 26 B8 AC A6 7B BC 94 88 
	61 95 E0 87 D0 A1 7B D3 4B 5F F6 DC 83 6E 45 83 
	45 05 B1 83 F7 0E 5E 37 C8 50 B1 A2 B0 9B 36 9C 
	37 02 1C C3 57 05 BB C0 36 DC 47 4E FB 8D 0B 92 
	48 49 8C BE 31 43 B7 62 22 6D 29 A3 75 A9 0B 56 
	6F 8A 6E 3C C8 51 A8 60 13 77 57 8F 59 7C 4D A7 
	C3 9B FE 98 62 F7 1C BF 28 1C B4 4D 50 98 ED 3C 
	4C 37 49 BA BF 76 76 4A E3 B6 B8 86 AC 16 E2 77 
	B5 12 3C 6F 88 AA 64 37 8B BB 1C 81 0F C9 49 25 
	F1 3A 83 4C 42 93 AC 96 76 C4 94 71 67 AC 51 6C 
	0D A6 36 18 63 55 28 BF F4 1C 27 4B 84 86 5A 22 
	B2 B5 AF D7 E3 C4 94 95 3E 97 27 1C 91 11 69 1D 
	55 A4 C1 8B 8A 4A 00 A7 8A F0 20 3C 9B 92 E2 16 
	4A 83 B0 8C 0F 1B 18 21 C4 0F 75 48 70 31 A8 62 
	5B F0 0F 96 76 90 73 D1 3E 5B 2A BD 22 1C C8 A4 
	BB AF 92 16 6D E5 89 9F FE 20 08 7B 90 9D C6 B9 
	09 B4 17 61 0E 1A 91 9E 80 0D 9A 33 CC 10 A2 40 
	4C 88 BA 4D 63 22 FD 72 80 47 6C AE 77 CB 22 78 
	D8 07 D2 C3 B7 CF 37 3A 39 25 BD 13 CC 7F 0C 04 
	58 91 C8 7E 3E A6 84 C6 7B 83 61 B1 B2 BB 5A 04 
	25 2B 52 2D C3 5A 8F 65 71 A2 58 71 8C 06 3E 4F 
	81 2C C4 48 17 E3 B3 96 F6 E9 4D E0 27 3F 4E 5A 
	48 32 6B 70 74 F2 3C 9F F5 C2 58 66 56 60 C4 4B 
	33 F1 3B 34 89 BC 10 67 31 15 0A 89 71 6A 13 45 
	BB 75 6D 11 4A 55 94 2B 16 BC 31 A0 D0 82 CF 75 
	19 2B F4 29 69 C9 7D 0A 87 58 ED 3B 07 C6 FB C4 
	53 F2 17 54 35 8A D9 57 51 AA 94 97 1F 64 A8 8D 
	84 A4 1D 11 6A 27 27 B0 8A C9 CA F9 FA 34 2F 76 
	2D 24 1B 8A 1A 07 7A 5E CC 41 C7 B3 CA 40 24 09 
	46 6C B5 8F BB 67 E0 B4 B7 95 04 5F 20 E5 5C 8F 
	07 C4 F1 41 C3 77 EB 73 1F 3A 94 66 C4 97 26 B4 
	89 7E 19 7B 91 1C AB 40 2C 84 B1 98 9F 78 72 3D 
	91 82 A6 12 67 A4 4E 22 95 34 00 9C 45 CA 22 E6 
	C9 A2 D2 63 39 D4 2A 06 D1 BC A2 6D C8 89 D7 32 
	AF 8C 96 5B 58 C2 1D 2B 19 B2 E5 76 95 17 7A 48 
	DC E1 99 F6 B3 3F 0D EB 97 38 C3 97 BA 26 67 6B 
	00 64 94 E8 B6 DD 23 74 20 0A AD AB 41 45 70 D5 
	74 6E E2 A1 89 65 69 14 75 99 47 00 42 E0 0C 5D 
	B8 C1 A0 A6 1A 18 F6 70 7D 43 8A 26 D8 A7 24 98 
	8B 2F 9E 92 CF 7D F9 87 74 F7 BA DB 1B 8A 53 B9 
	90 9F F1 BF E9 7C 6D 26 1A 94 68 5A 1C FA F3 2F 
	21 6C 4E 3D 06 14 94 1A 1B 58 57 2A 06 55 B3 2E 
	90 AE F6 B7 7B 3D 04 AF 2B D7 80 45 D5 71 94 D4 
	BE 42 37 C5 C6 C6 BC 16 F6 13 68 35 A5 02 84 9F 
	0B B0 9C 47 61 34 AE 9C 87 75 40 A1 7D C7 AA A4 
	E1 A9 00 05 35 E7 94 CE 63 E4 59 1D E4 23 98 27 
	88 57 71 3B FE 3B 8D 89 48 08 9E 0B 81 FF 25 6B 
	84 05 31 27 84 BB 30 5A 24 DC 38 B0 27 C5 66 73 
	A1 AF 7A 35 34 0A 44 CF B1 CB 59 5E FB 52 43 77 
	7F BB B7 74 6F 0C B0 A9 AB 4F 11 51 65 75 5C 04 
	AC F7 4A C2 96 BA 8F 66 39 64 FB CC 7B 31 B1 B7 
	92 C2 75 24 83 79 19 28 E6 C8 A6 3F 65 BB 13 A3 
	CB 53 13 7C 77 69 50 A8 00 4C C0 72 64 12 C5 80 
	74 D1 14 12 17 63 0B 84 67 DD D8 41 25 33 A1 ED 
	06 46 57 A2 38 E8 C0 72 F2 B6 BA 40 C3 61 CA 44 
	46 82 28 12 B1 7B 4A C5 A8 38 46 91 21 FB C1 C5 
	65 BC CA 11 51 71 2D 24 61 6A 25 80 DF B4 9A 45 
	14 20 89 F3 AC 4B 07 6F 64 C1 0E 95 E5 8A 8A D9 
	08 90 85 1B 79 73 2C BA E7 69 B9 F4 02 83 01 94 
	6C EB 00 12 74 40 CF 91 6E 5E E8 7C 7F 58 23 D6 
	17 80 EA B9 BD 15 E1 43 F0 74 78 3C E1 4D EE 82 
	72 04 F1 0C CE 9B AC 3F 54 55 4D 15 31 18 36 88 
	CA B8 CA 8F BB 76 C9 2A B0 C4 93 7A 1D E6 57 B0 
	E6 46 AC 36 BA 68 EB 22 41 39 CB 75 04 89 BA 55 
	02 0F 95 02 C8 92 47 F2 66 95 DB 47 8D D2 15 7B 
	CA 9A A5 9F 70 6A 1C 63 14 E8 F6 30 FF 09 A1 8E 
	36 4F 69 4A 44 AD C0 AD A2 EC B8 57 52 09 CB C2 
	31 38 74 2C E1 3B B9 12 63 08 04 C0 49 F0 6C 77 
	2A D3 C9 F7 40 B7 07 E4 2A 4D CC 9D 34 0D 14 64 
	6C 5E AC B6 94 7A 09 EF 02 75 3D 91 60 52 6D 15 
X (eph -rpivate I) (size 2432):
	30 8A EE 3F ED 8C 9D 04 0D 35 A7 FC 1F A7 76 FB 
	31 30 38 33 AA 2D E8 85 35 4D DF 3D 44 D8 FB 69 
	5C 64 C2 A9 89 9D 3B 32 A1 A1 08 15 C7 81 57 C9 
	C3 C0 83 25 1D 11 37 1C A1 40 0D F6 5B CD 5B 22 
	93 CF C1 1E 29 73 35 EE A5 4F 7B BC 97 C0 36 2F 
	53 96 63 31 27 78 03 C4 02 7A 2C 65 9D D0 44 17 
	BA 0C E9 97 52 61 A6 6D 1D F1 CA 9E B5 95 A3 F2 
	89 BA CA 4F 69 DB A9 35 13 CD 7C 8C 62 F6 21 A7 
	23 0C 1E 78 C6 81 62 95 AA 8C 31 3A DC 86 28 59 
	E7 74 5B BB 3C 1E 24 79 BA 41 70 D2 6C 71 4F 39 
	49 75 7B 33 2F 89 A8 B9 B2 13 E4 32 3A 4A A6 43 
	53 6A 84 B8 BC 28 B5 F3 7C F3 44 43 40 68 31 F3 
	93 07 24 1A 3A 98 31 CB AB EC AC 7E A5 75 F9 93 
	21 AD 8B 97 26 D4 32 BA 62 61 22 F8 00 32 D5 53 
	27 A6 5A 99 A7 11 F2 2C C7 E6 FC 4A FB D0 26 79 
	19 B4 DE 12 86 E6 AB 54 BD C1 A6 B9 DC 5A 13 C9 
	71 59 F9 70 9F 01 1A E3 A3 08 CB 83 37 11 B5 7E 
	DC EC CA 2D 41 81 35 87 0F 9C B7 CC 4D B0 04 00 
	FD C6 95 5A 1F 4C 67 B0 68 2B 4A 8F 6C 88 9F 25 
	1E B9 63 43 20 E8 76 32 D2 B1 F1 69 18 50 56 88 
	51 68 62 C9 52 9F 62 B1 9C 43 D0 80 FC C1 0E 2C 
	80 3A D6 FC 82 A3 6B 8D B6 F1 4B 77 84 1F 4A 4B 
	10 C1 A2 35 22 A9 01 39 E0 1D BF B5 91 53 AC 45 
	77 90 54 D2 18 03 60 33 8E 23 A6 BF DB 67 6D DA 
	B9 70 32 1B 35 A7 83 92 C3 6A BC 71 68 9D D7 82 
	07 C0 54 C5 0C 01 21 24 8B CD D5 21 8A 96 D8 A6 
	F7 57 90 5B 15 37 F5 BB 05 BE C4 48 76 F7 34 C8 
	12 2C 26 03 52 3A 13 11 4E 80 52 BC 75 82 02 E5 
	3D 13 18 6C 1A 40 2A A4 DA 92 8A B2 87 0F F6 61 
	6B 1B 01 14 BA 3D 48 84 C2 6B 40 42 26 4C 49 5D 
	A4 1F 11 2B A6 8C 4B 4E F2 B4 55 5C 75 58 A8 96 
	85 41 66 CD 16 8B 3C D3 61 A8 A9 A9 27 EB 9B 89 
	D9 E6 87 16 74 02 66 67 1F 91 88 1A 84 52 26 43 
	20 33 74 3C B1 EF 4C 3A 94 69 4B 92 55 B8 D4 A5 
	97 41 39 8D 72 50 60 A5 F1 8B 94 12 5F 16 C0 03 
	46 06 6C C1 B8 B3 7D 53 15 07 A6 4A 24 8A 16 FB 
	A3 2B 3D F2 A0 7B 12 18 8C 67 8F 30 84 37 DF 5A 
	17 E7 B3 A8 84 F6 5E D8 2C 44 7C 50 C5 56 D5 9F 
	A0 C9 34 61 32 7E 49 BC 6A 68 41 B4 84 97 90 5D 
	27 9C 73 98 03 FA 4A 4F D2 11 99 9B C6 5E D4 32 
	67 40 A7 50 5B A1 06 50 11 C7 D6 15 0D 5A FB 7A 
	4B CB CD 9F D3 C0 41 B6 8E 3B 20 5A 4A D8 16 5F 
	96 2D 20 89 A2 2E 22 1B 2B 73 12 4F B5 53 C9 96 
	22 37 3B BB C1 33 CC AD 54 0C FC 44 04 FB 53 C0 
	70 81 73 BB 54 CD 9A F0 65 DC E1 2B 68 D0 2B CA 
	24 5E 82 77 B0 CD A5 84 9E EC 2C 0C B3 6F CB 9B 
	21 9B 24 75 BE 22 B5 7C 97 5A 89 90 49 86 20 89 
	D6 3A B8 A7 79 9A FA 81 A9 4A 8B 5F 68 54 66 26 
	D3 91 2B B5 69 A5 D7 40 06 47 3B BD F7 B9 42 89 
	20 99 C0 04 FE 06 20 65 89 9F AA 42 8A 20 53 47 
	5C 69 92 64 32 A7 D7 D1 67 12 A5 70 38 1A 16 53 
	87 CE 95 4B 1D 77 21 9E 3A 18 C7 D2 D0 BF DE 97 
	47 FE 85 9A 1E EC 7E 4E 08 41 9D EB 0E 53 A8 C9 
	33 41 63 18 85 69 8C 24 19 CE D3 B8 26 F1 1E 72 
	39 8A F1 F3 65 AB 39 51 5D 92 7E D3 D0 91 77 2B 
	B9 2E 76 0E CB 65 37 23 D4 B0 75 53 C1 03 29 C9 
	CA 3A 0C D3 A0 7A 50 B1 63 C7 13 92 27 F8 6B 05 
	D5 2C 81 43 5C 01 90 CD 67 06 BD F2 12 80 C9 AA 
	4C B5 28 C5 86 F1 A4 20 5C BB 3E 44 39 D9 EC 1D 
	B8 C7 48 87 13 97 2E 16 78 02 89 BE 55 5B 36 5C 
	A4 BC DC 29 41 2F A0 49 78 16 31 FA 20 B8 12 93 
	A6 C4 76 53 64 19 AB A6 8A 0A C1 C5 05 33 94 01 
	D2 42 AA 72 31 9F 05 D4 CA A5 60 B7 66 A2 1E 7E 
	DA A2 B4 F1 3A 3F E8 3F E6 70 7E AF A6 77 16 D0 
	C3 C8 30 A0 79 10 AF 8C 28 99 2B 00 C9 04 04 4F 
	5F 55 BA 6E F8 4B A6 C2 C4 7C 17 07 A0 65 2A D1 
	27 95 DF 51 39 CE 5A CE A2 28 26 CE 34 12 F1 EB 
	2D 08 E6 42 34 97 64 04 0C AB AB 84 C7 F0 AC 94 
	4D 3B A1 C5 8C 9A 50 B6 9D DC C9 58 80 9C 7B 82 
	A6 1D 7C 04 4D 8F 1A 98 4C C7 2A 2E 7C 0F 46 23 
	2E 73 EC 05 E8 30 0A 7F E6 A4 B8 06 69 0B E0 C3 
	1C 30 5B 55 B3 AC D6 BA B0 0D 86 10 07 26 27 ED 
	68 43 CB A9 57 B2 54 96 B5 1B 05 88 70 A7 17 87 
	61 DF 98 BA FB B6 4C 02 73 31 B4 05 14 37 64 BF 
	95 52 58 B2 54 73 D7 B8 36 BC 22 02 3E 84 78 5C 
	13 79 5E A9 BB 41 81 52 14 55 86 D8 8C 4C 52 E9 
	79 7A 44 34 7C 82 41 F8 81 14 33 8C C3 9E 8B 51 
	7A 35 4A 91 94 C9 C6 C1 57 68 50 6C F2 03 B3 D9 
	99 21 DD 4B 40 1F A8 1E 26 B8 AC A6 7B BC 94 88 
	61 95 E0 87 D0 A1 7B D3 4B 5F F6 DC 83 6E 45 83 
	45 05 B1 83 F7 0E 5E 37 C8 50 B1 A2 B0 9B 36 9C 
	37 02 1C C3 57 05 BB C0 36 DC 47 4E FB 8D 0B 92 
	48 49 8C BE 31 43 B7 62 22 6D 29 A3 75 A9 0B 56 
	6F 8A 6E 3C C8 51 A8 60 13 77 57 8F 59 7C 4D A7 
	C3 9B FE 98 62 F7 1C BF 28 1C B4 4D 50 98 ED 3C 
	4C 37 49 BA BF 76 76 4A E3 B6 B8 86 AC 16 E2 77 
	B5 12 3C 6F 88 AA 64 37 8B BB 1C 81 0F C9 49 25 
	F1 3A 83 4C 42 93 AC 96 76 C4 94 71 67 AC 51 6C 
	0D A6 36 18 63 55 28 BF F4 1C 27 4B 84 86 5A 22 
	B2 B5 AF D7 E3 C4 94 95 3E 97 27 1C 91 11 69 1D 
	55 A4 C1 8B 8A 4A 00 A7 8A F0 20 3C 9B 92 E2 16 
	4A 83 B0 8C 0F 1B 18 21 C4 0F 75 48 70 31 A8 62 
	5B F0 0F 96 76 90 73 D1 3E 5B 2A BD 22 1C C8 A4 
	BB AF 92 16 6D E5 89 9F FE 20 08 7B 90 9D C6 B9 
	09 B4 17 61 0E 1A 91 9E 80 0D 9A 33 CC 10 A2 40 
	4C 88 BA 4D 63 22 FD 72 80 47 6C AE 77 CB 22 78 
	D8 07 D2 C3 B7 CF 37 3A 39 25 BD 13 CC 7F 0C 04 
	58 91 C8 7E 3E A6 84 C6 7B 83 61 B1 B2 BB 5A 04 
	25 2B 52 2D C3 5A 8F 65 71 A2 58 71 8C 06 3E 4F 
	81 2C C4 48 17 E3 B3 96 F6 E9 4D E0 27 3F 4E 5A 
	48 32 6B 70 74 F2 3C 9F F5 C2 58 66 56 60 C4 4B 
	33 F1 3B 34 89 BC 10 67 31 15 0A 89 71 6A 13 45 
	BB 75 6D 11 4A 55 94 2B 16 BC 31 A0 D0 82 CF 75 
	19 2B F4 29 69 C9 7D 0A 87 58 ED 3B 07 C6 FB C4 
	53 F2 17 54 35 8A D9 57 51 AA 94 97 1F 64 A8 8D 
	84 A4 1D 11 6A 27 27 B0 8A C9 CA F9 FA 34 2F 76 
	2D 24 1B 8A 1A 07 7A 5E CC 41 C7 B3 CA 40 24 09 
	46 6C B5 8F BB 67 E0 B4 B7 95 04 5F 20 E5 5C 8F 
	07 C4 F1 41 C3 77 EB 73 1F 3A 94 66 C4 97 26 B4 
	89 7E 19 7B 91 1C AB 40 2C 84 B1 98 9F 78 72 3D 
	91 82 A6 12 67 A4 4E 22 95 34 00 9C 45 CA 22 E6 
	C9 A2 D2 63 39 D4 2A 06 D1 BC A2 6D C8 89 D7 32 
	AF 8C 96 5B 58 C2 1D 2B 19 B2 E5 76 95 17 7A 48 
	DC E1 99 F6 B3 3F 0D EB 97 38 C3 97 BA 26 67 6B 
	00 64 94 E8 B6 DD 23 74 20 0A AD AB 41 45 70 D5 
	74 6E E2 A1 89 65 69 14 75 99 47 00 42 E0 0C 5D 
	B8 C1 A0 A6 1A 18 F6 70 7D 43 8A 26 D8 A7 24 98 
	8B 2F 9E 92 CF 7D F9 87 74 F7 BA DB 1B 8A 53 B9 
	90 9F F1 BF E9 7C 6D 26 1A 94 68 5A 1C FA F3 2F 
	21 6C 4E 3D 06 14 94 1A 1B 58 57 2A 06 55 B3 2E 
	90 AE F6 B7 7B 3D 04 AF 2B D7 80 45 D5 71 94 D4 
	BE 42 37 C5 C6 C6 BC 16 F6 13 68 35 A5 02 84 9F 
	0B B0 9C 47 61 34 AE 9C 87 75 40 A1 7D C7 AA A4 
	E1 A9 00 05 35 E7 94 CE 63 E4 59 1D E4 23 98 27 
	88 57 71 3B FE 3B 8D 89 48 08 9E 0B 81 FF 25 6B 
	84 05 31 27 84 BB 30 5A 24 DC 38 B0 27 C5 66 73 
	A1 AF 7A 35 34 0A 44 CF B1 CB 59 5E FB 52 43 77 
	7F BB B7 74 6F 0C B0 A9 AB 4F 11 51 65 75 5C 04 
	AC F7 4A C2 96 BA 8F 66 39 64 FB CC 7B 31 B1 B7 
	92 C2 75 24 83 79 19 28 E6 C8 A6 3F 65 BB 13 A3 
	CB 53 13 7C 77 69 50 A8 00 4C C0 72 64 12 C5 80 
	74 D1 14 12 17 63 0B 84 67 DD D8 41 25 33 A1 ED 
	06 46 57 A2 38 E8 C0 72 F2 B6 BA 40 C3 61 CA 44 
	46 82 28 12 B1 7B 4A C5 A8 38 46 91 21 FB C1 C5 
	65 BC CA 11 51 71 2D 24 61 6A 25 80 DF B4 9A 45 
	14 20 89 F3 AC 4B 07 6F 64 C1 0E 95 E5 8A 8A D9 
	08 90 85 1B 79 73 2C BA E7 69 B9 F4 02 83 01 94 
	6C EB 00 12 74 40 CF 91 6E 5E E8 7C 7F 58 23 D6 
	17 80 EA B9 BD 15 E1 43 F0 74 78 3C E1 4D EE 82 
	72 04 F1 0C CE 9B AC 3F 54 55 4D 15 31 18 36 88 
	CA B8 CA 8F BB 76 C9 2A B0 C4 93 7A 1D E6 57 B0 
	E6 46 AC 36 BA 68 EB 22 41 39 CB 75 04 89 BA 55 
	02 0F 95 02 C8 92 47 F2 66 95 DB 47 8D D2 15 7B 
	CA 9A A5 9F 70 6A 1C 63 14 E8 F6 30 FF 09 A1 8E 
	36 4F 69 4A 44 AD C0 AD A2 EC B8 57 52 09 CB C2 
	31 38 74 2C E1 3B B9 12 63 08 04 C0 49 F0 6C 77 
	2A D3 C9 F7 40 B7 07 E4 2A 4D CC 9D 34 0D 14 64 
	6C 5E AC B6 94 7A 09 EF 02 75 3D 91 60 52 6D 15 
	A0 99 F2 38 37 25 EA 5F 5E FF 8E 0B 2F 59 4E AA 
	F6 07 AB 40 BC D6 48 4C E8 0A 12 94 7B 36 7B AD 
	AC 6B 10 FA AD 1D 2C E9 E6 C0 4B 3C A7 9F B2 25 
	C8 B5 66 A7 47 FA 2A 15 75 67 5D 9C E6 4B 4C EE 
C_I (size 1):
	49 
message_1 (CBOR Sequence) (size 1223):
	03 15 59 04 C0 FB B4 6F DD 17 E8 B7 0E C5 98 DE 
	CB B6 C8 4A 15 29 B0 DF CF 9E DE D9 C5 F8 D3 BF 
	64 F5 52 D2 10 95 52 58 B2 54 73 D7 B8 36 BC 22 
	02 3E 84 78 5C 13 79 5E A9 BB 41 81 52 14 55 86 
	D8 8C 4C 52 E9 79 7A 44 34 7C 82 41 F8 81 14 33 
	8C C3 9E 8B 51 7A 35 4A 91 94 C9 C6 C1 57 68 50 
	6C F2 03 B3 D9 99 21 DD 4B 40 1F A8 1E 26 B8 AC 
	A6 7B BC 94 88 61 95 E0 87 D0 A1 7B D3 4B 5F F6 
	DC 83 6E 45 83 45 05 B1 83 F7 0E 5E 37 C8 50 B1 
	A2 B0 9B 36 9C 37 02 1C C3 57 05 BB C0 36 DC 47 
	4E FB 8D 0B 92 48 49 8C BE 31 43 B7 62 22 6D 29 
	A3 75 A9 0B 56 6F 8A 6E 3C C8 51 A8 60 13 77 57 
	8F 59 7C 4D A7 C3 9B FE 98 62 F7 1C BF 28 1C B4 
	4D 50 98 ED 3C 4C 37 49 BA BF 76 76 4A E3 B6 B8 
	86 AC 16 E2 77 B5 12 3C 6F 88 AA 64 37 8B BB 1C 
	81 0F C9 49 25 F1 3A 83 4C 42 93 AC 96 76 C4 94 
	71 67 AC 51 6C 0D A6 36 18 63 55 28 BF F4 1C 27 
	4B 84 86 5A 22 B2 B5 AF D7 E3 C4 94 95 3E 97 27 
	1C 91 11 69 1D 55 A4 C1 8B 8A 4A 00 A7 8A F0 20 
	3C 9B 92 E2 16 4A 83 B0 8C 0F 1B 18 21 C4 0F 75 
	48 70 31 A8 62 5B F0 0F 96 76 90 73 D1 3E 5B 2A 
	BD 22 1C C8 A4 BB AF 92 16 6D E5 89 9F FE 20 08 
	7B 90 9D C6 B9 09 B4 17 61 0E 1A 91 9E 80 0D 9A 
	33 CC 10 A2 40 4C 88 BA 4D 63 22 FD 72 80 47 6C 
	AE 77 CB 22 78 D8 07 D2 C3 B7 CF 37 3A 39 25 BD 
	13 CC 7F 0C 04 58 91 C8 7E 3E A6 84 C6 7B 83 61 
	B1 B2 BB 5A 04 25 2B 52 2D C3 5A 8F 65 71 A2 58 
	71 8C 06 3E 4F 81 2C C4 48 17 E3 B3 96 F6 E9 4D 
	E0 27 3F 4E 5A 48 32 6B 70 74 F2 3C 9F F5 C2 58 
	66 56 60 C4 4B 33 F1 3B 34 89 BC 10 67 31 15 0A 
	89 71 6A 13 45 BB 75 6D 11 4A 55 94 2B 16 BC 31 
	A0 D0 82 CF 75 19 2B F4 29 69 C9 7D 0A 87 58 ED 
	3B 07 C6 FB C4 53 F2 17 54 35 8A D9 57 51 AA 94 
	97 1F 64 A8 8D 84 A4 1D 11 6A 27 27 B0 8A C9 CA 
	F9 FA 34 2F 76 2D 24 1B 8A 1A 07 7A 5E CC 41 C7 
	B3 CA 40 24 09 46 6C B5 8F BB 67 E0 B4 B7 95 04 
	5F 20 E5 5C 8F 07 C4 F1 41 C3 77 EB 73 1F 3A 94 
	66 C4 97 26 B4 89 7E 19 7B 91 1C AB 40 2C 84 B1 
	98 9F 78 72 3D 91 82 A6 12 67 A4 4E 22 95 34 00 
	9C 45 CA 22 E6 C9 A2 D2 63 39 D4 2A 06 D1 BC A2 
	6D C8 89 D7 32 AF 8C 96 5B 58 C2 1D 2B 19 B2 E5 
	76 95 17 7A 48 DC E1 99 F6 B3 3F 0D EB 97 38 C3 
	97 BA 26 67 6B 00 64 94 E8 B6 DD 23 74 20 0A AD 
	AB 41 45 70 D5 74 6E E2 A1 89 65 69 14 75 99 47 
	00 42 E0 0C 5D B8 C1 A0 A6 1A 18 F6 70 7D 43 8A 
	26 D8 A7 24 98 8B 2F 9E 92 CF 7D F9 87 74 F7 BA 
	DB 1B 8A 53 B9 90 9F F1 BF E9 7C 6D 26 1A 94 68 
	5A 1C FA F3 2F 21 6C 4E 3D 06 14 94 1A 1B 58 57 
	2A 06 55 B3 2E 90 AE F6 B7 7B 3D 04 AF 2B D7 80 
	45 D5 71 94 D4 BE 42 37 C5 C6 C6 BC 16 F6 13 68 
	35 A5 02 84 9F 0B B0 9C 47 61 34 AE 9C 87 75 40 
	A1 7D C7 AA A4 E1 A9 00 05 35 E7 94 CE 63 E4 59 
	1D E4 23 98 27 88 57 71 3B FE 3B 8D 89 48 08 9E 
	0B 81 FF 25 6B 84 05 31 27 84 BB 30 5A 24 DC 38 
	B0 27 C5 66 73 A1 AF 7A 35 34 0A 44 CF B1 CB 59 
	5E FB 52 43 77 7F BB B7 74 6F 0C B0 A9 AB 4F 11 
	51 65 75 5C 04 AC F7 4A C2 96 BA 8F 66 39 64 FB 
	CC 7B 31 B1 B7 92 C2 75 24 83 79 19 28 E6 C8 A6 
	3F 65 BB 13 A3 CB 53 13 7C 77 69 50 A8 00 4C C0 
	72 64 12 C5 80 74 D1 14 12 17 63 0B 84 67 DD D8 
	41 25 33 A1 ED 06 46 57 A2 38 E8 C0 72 F2 B6 BA 
	40 C3 61 CA 44 46 82 28 12 B1 7B 4A C5 A8 38 46 
	91 21 FB C1 C5 65 BC CA 11 51 71 2D 24 61 6A 25 
	80 DF B4 9A 45 14 20 89 F3 AC 4B 07 6F 64 C1 0E 
	95 E5 8A 8A D9 08 90 85 1B 79 73 2C BA E7 69 B9 
	F4 02 83 01 94 6C EB 00 12 74 40 CF 91 6E 5E E8 
	7C 7F 58 23 D6 17 80 EA B9 BD 15 E1 43 F0 74 78 
	3C E1 4D EE 82 72 04 F1 0C CE 9B AC 3F 54 55 4D 
	15 31 18 36 88 CA B8 CA 8F BB 76 C9 2A B0 C4 93 
	7A 1D E6 57 B0 E6 46 AC 36 BA 68 EB 22 41 39 CB 
	75 04 89 BA 55 02 0F 95 02 C8 92 47 F2 66 95 DB 
	47 8D D2 15 7B CA 9A A5 9F 70 6A 1C 63 14 E8 F6 
	30 FF 09 A1 8E 36 4F 69 4A 44 AD C0 AD A2 EC B8 
	57 52 09 CB C2 31 38 74 2C E1 3B B9 12 63 08 04 
	C0 49 F0 6C 77 2A D3 C9 F7 40 B7 07 E4 2A 4D CC 
	9D 34 0D 14 64 6C 5E AC B6 94 7A 09 EF 02 75 3D 
	91 60 52 6D 15 41 49 
MSG: (size 1223):
	03 15 59 04 C0 FB B4 6F DD 17 E8 B7 0E C5 98 DE 
	CB B6 C8 4A 15 29 B0 DF CF 9E DE D9 C5 F8 D3 BF 
	64 F5 52 D2 10 95 52 58 B2 54 73 D7 B8 36 BC 22 
	02 3E 84 78 5C 13 79 5E A9 BB 41 81 52 14 55 86 
	D8 8C 4C 52 E9 79 7A 44 34 7C 82 41 F8 81 14 33 
	8C C3 9E 8B 51 7A 35 4A 91 94 C9 C6 C1 57 68 50 
	6C F2 03 B3 D9 99 21 DD 4B 40 1F A8 1E 26 B8 AC 
	A6 7B BC 94 88 61 95 E0 87 D0 A1 7B D3 4B 5F F6 
	DC 83 6E 45 83 45 05 B1 83 F7 0E 5E 37 C8 50 B1 
	A2 B0 9B 36 9C 37 02 1C C3 57 05 BB C0 36 DC 47 
	4E FB 8D 0B 92 48 49 8C BE 31 43 B7 62 22 6D 29 
	A3 75 A9 0B 56 6F 8A 6E 3C C8 51 A8 60 13 77 57 
	8F 59 7C 4D A7 C3 9B FE 98 62 F7 1C BF 28 1C B4 
	4D 50 98 ED 3C 4C 37 49 BA BF 76 76 4A E3 B6 B8 
	86 AC 16 E2 77 B5 12 3C 6F 88 AA 64 37 8B BB 1C 
	81 0F C9 49 25 F1 3A 83 4C 42 93 AC 96 76 C4 94 
	71 67 AC 51 6C 0D A6 36 18 63 55 28 BF F4 1C 27 
	4B 84 86 5A 22 B2 B5 AF D7 E3 C4 94 95 3E 97 27 
	1C 91 11 69 1D 55 A4 C1 8B 8A 4A 00 A7 8A F0 20 
	3C 9B 92 E2 16 4A 83 B0 8C 0F 1B 18 21 C4 0F 75 
	48 70 31 A8 62 5B F0 0F 96 76 90 73 D1 3E 5B 2A 
	BD 22 1C C8 A4 BB AF 92 16 6D E5 89 9F FE 20 08 
	7B 90 9D C6 B9 09 B4 17 61 0E 1A 91 9E 80 0D 9A 
	33 CC 10 A2 40 4C 88 BA 4D 63 22 FD 72 80 47 6C 
	AE 77 CB 22 78 D8 07 D2 C3 B7 CF 37 3A 39 25 BD 
	13 CC 7F 0C 04 58 91 C8 7E 3E A6 84 C6 7B 83 61 
	B1 B2 BB 5A 04 25 2B 52 2D C3 5A 8F 65 71 A2 58 
	71 8C 06 3E 4F 81 2C C4 48 17 E3 B3 96 F6 E9 4D 
	E0 27 3F 4E 5A 48 32 6B 70 74 F2 3C 9F F5 C2 58 
	66 56 60 C4 4B 33 F1 3B 34 89 BC 10 67 31 15 0A 
	89 71 6A 13 45 BB 75 6D 11 4A 55 94 2B 16 BC 31 
	A0 D0 82 CF 75 19 2B F4 29 69 C9 7D 0A 87 58 ED 
	3B 07 C6 FB C4 53 F2 17 54 35 8A D9 57 51 AA 94 
	97 1F 64 A8 8D 84 A4 1D 11 6A 27 27 B0 8A C9 CA 
	F9 FA 34 2F 76 2D 24 1B 8A 1A 07 7A 5E CC 41 C7 
	B3 CA 40 24 09 46 6C B5 8F BB 67 E0 B4 B7 95 04 
	5F 20 E5 5C 8F 07 C4 F1 41 C3 77 EB 73 1F 3A 94 
	66 C4 97 26 B4 89 7E 19 7B 91 1C AB 40 2C 84 B1 
	98 9F 78 72 3D 91 82 A6 12 67 A4 4E 22 95 34 00 
	9C 45 CA 22 E6 C9 A2 D2 63 39 D4 2A 06 D1 BC A2 
	6D C8 89 D7 32 AF 8C 96 5B 58 C2 1D 2B 19 B2 E5 
	76 95 17 7A 48 DC E1 99 F6 B3 3F 0D EB 97 38 C3 
	97 BA 26 67 6B 00 64 94 E8 B6 DD 23 74 20 0A AD 
	AB 41 45 70 D5 74 6E E2 A1 89 65 69 14 75 99 47 
	00 42 E0 0C 5D B8 C1 A0 A6 1A 18 F6 70 7D 43 8A 
	26 D8 A7 24 98 8B 2F 9E 92 CF 7D F9 87 74 F7 BA 
	DB 1B 8A 53 B9 90 9F F1 BF E9 7C 6D 26 1A 94 68 
	5A 1C FA F3 2F 21 6C 4E 3D 06 14 94 1A 1B 58 57 
	2A 06 55 B3 2E 90 AE F6 B7 7B 3D 04 AF 2B D7 80 
	45 D5 71 94 D4 BE 42 37 C5 C6 C6 BC 16 F6 13 68 
	35 A5 02 84 9F 0B B0 9C 47 61 34 AE 9C 87 75 40 
	A1 7D C7 AA A4 E1 A9 00 05 35 E7 94 CE 63 E4 59 
	1D E4 23 98 27 88 57 71 3B FE 3B 8D 89 48 08 9E 
	0B 81 FF 25 6B 84 05 31 27 84 BB 30 5A 24 DC 38 
	B0 27 C5 66 73 A1 AF 7A 35 34 0A 44 CF B1 CB 59 
	5E FB 52 43 77 7F BB B7 74 6F 0C B0 A9 AB 4F 11 
	51 65 75 5C 04 AC F7 4A C2 96 BA 8F 66 39 64 FB 
	CC 7B 31 B1 B7 92 C2 75 24 83 79 19 28 E6 C8 A6 
	3F 65 BB 13 A3 CB 53 13 7C 77 69 50 A8 00 4C C0 
	72 64 12 C5 80 74 D1 14 12 17 63 0B 84 67 DD D8 
	41 25 33 A1 ED 06 46 57 A2 38 E8 C0 72 F2 B6 BA 
	40 C3 61 CA 44 46 82 28 12 B1 7B 4A C5 A8 38 46 
	91 21 FB C1 C5 65 BC CA 11 51 71 2D 24 61 6A 25 
	80 DF B4 9A 45 14 20 89 F3 AC 4B 07 6F 64 C1 0E 
	95 E5 8A 8A D9 08 90 85 1B 79 73 2C BA E7 69 B9 
	F4 02 83 01 94 6C EB 00 12 74 40 CF 91 6E 5E E8 
	7C 7F 58 23 D6 17 80 EA B9 BD 15 E1 43 F0 74 78 
	3C E1 4D EE 82 72 04 F1 0C CE 9B AC 3F 54 55 4D 
	15 31 18 36 88 CA B8 CA 8F BB 76 C9 2A B0 C4 93 
	7A 1D E6 57 B0 E6 46 AC 36 BA 68 EB 22 41 39 CB 
	75 04 89 BA 55 02 0F 95 02 C8 92 47 F2 66 95 DB 
	47 8D D2 15 7B CA 9A A5 9F 70 6A 1C 63 14 E8 F6 
	30 FF 09 A1 8E 36 4F 69 4A 44 AD C0 AD A2 EC B8 
	57 52 09 CB C2 31 38 74 2C E1 3B B9 12 63 08 04 
	C0 49 F0 6C 77 2A D3 C9 F7 40 B7 07 E4 2A 4D CC 
	9D 34 0D 14 64 6C 5E AC B6 94 7A 09 EF 02 75 3D 
	91 60 52 6D 15 41 49 
[init] tx sent 1223 bytes
[init] rx got 1135 bytes
Max MSG2 size 2027
PQ/T Hybrid Suit:-67
PQ/T Hybrid g_y size:1120message_2 (CBOR Sequence) (size 1135):
	59 04 6C 27 B1 D6 35 A6 63 38 2D 99 E0 31 B3 E9 
	A5 D6 82 A0 95 45 04 93 56 AF 6F 13 54 DE D1 3E 
	D2 9C 72 51 9D 73 6B 64 9C 19 C8 9D E1 6A 28 4D 
	D2 BC EB 5A 1B A5 B8 C4 59 A7 86 7F 02 73 A1 01 
	7B 2C 7F 5A F5 0E 0C 2A F1 C1 14 81 C4 E2 0D 8D 
	F4 36 14 87 58 41 95 4C 18 28 7B A2 47 A0 C2 AD 
	75 BC 73 4C BD BA 3A B1 00 8A 79 C6 28 E1 AE FD 
	3F 53 74 AB B0 D8 1F 69 52 6C 55 25 91 49 8B F0 
	7B 6E 73 9C 48 F9 39 35 5D EB 89 4B B4 14 15 1B 
	83 47 5D 6D 17 63 C1 D1 7A B2 44 50 E0 1D D0 25 
	64 D3 82 03 6C 35 4F 10 C5 CE 3B 5A 25 40 22 78 
	52 0D 43 14 53 00 E2 B9 F2 D5 4C 24 02 8E 50 62 
	37 88 71 D5 5D 0B A5 E6 D1 26 6B C9 D9 57 DB DA 
	59 42 03 8B 18 96 A8 C2 B3 09 94 44 E1 9F AC E9 
	C4 F1 26 D3 10 0C BC 51 B3 27 97 F9 5E B9 A9 04 
	75 4D 9E 2B 5E 65 8B 2E B0 96 A8 85 62 3F 5F E6 
	04 43 97 16 21 4C A7 B6 19 3C 0D 60 40 85 A2 FB 
	39 17 C8 C3 F4 7F F9 91 BF B4 C7 9A 27 8E FC 31 
	03 71 FF 37 ED 84 B6 13 C9 20 18 D1 A6 33 5C 67 
	38 DC 3F 26 37 7F AC 35 9E 3F C4 34 9B 54 67 90 
	47 28 39 CF D0 F3 0A 87 22 ED 1A 60 E4 B8 7A D5 
	AB 25 9B 7E E4 49 A5 F0 CB 54 FA 84 DA CE 74 04 
	A5 76 66 13 7B 68 DF 80 6D 21 C5 1F F6 F1 D7 6A 
	AB 6A C2 B4 F4 3F DB 0C 32 12 1A 1E B9 0C 92 85 
	16 9D 68 BE 33 9D 50 0E 97 D1 33 1B 84 85 EE 6B 
	D4 F0 C8 8C 10 48 72 2D BC F1 8A D0 18 74 F5 9D 
	9E 24 8D A6 D0 C8 BF 33 8A E6 2A 95 98 E8 BC 74 
	01 A9 D3 C4 D1 1B F5 74 B6 82 C4 24 E9 6E 6E 8A 
	0A B3 AC D9 92 EB 65 E8 26 46 5E 10 16 27 32 33 
	44 BD 6F 1D 27 72 50 72 D5 EF FA 47 F2 F0 DB 05 
	47 BD 98 0A DB C1 60 B6 FE 48 0C E6 85 99 DC FC 
	F0 41 EA 66 42 11 77 1B A9 A8 F4 3A 25 66 05 1E 
	06 5D 49 B7 DC B8 AA 5A A4 FF F4 9F B6 83 DA 02 
	DC 05 97 7A F5 A5 42 8C 78 D1 D5 18 70 C6 D2 A5 
	1E 24 BE E8 B8 85 4A 50 3E 68 87 DF B8 81 59 2F 
	AD BA 89 D6 43 DE ED 1B D6 69 D0 2B F6 08 02 E9 
	11 E0 2F D8 77 9A 6B 2C F5 3B 02 A4 BC 18 B4 C2 
	58 94 CB 6D A6 6A B3 97 A7 40 56 46 ED 9D 82 57 
	8F C3 55 7C 40 79 93 0A 6C 38 E3 3C 61 E6 78 DB 
	FA 8E 23 57 48 A9 7F 0D 36 D2 7F 74 C6 73 2B C5 
	C1 5F 7B 48 4A B2 2F CA A4 86 98 77 66 36 75 A7 
	7E 4A C1 C8 E1 AC DC B5 CA 39 B6 02 E7 15 76 4C 
	C5 29 9A 57 A4 C5 DB E4 20 E9 7E 01 67 8C 50 5A 
	40 E3 86 83 75 2D 92 90 29 E0 D7 70 7D A7 D0 89 
	81 84 36 AA FC 3E 04 36 94 DB 2E F8 B9 1E 59 38 
	E6 B4 23 59 DC 65 73 07 42 3E 1E EA 66 78 FB 52 
	64 85 6B 3A 21 68 B0 F3 CA 60 38 C1 82 0C 8A C4 
	24 49 DF 5E 55 AF 8C A5 F5 4B F3 01 90 68 CA 7E 
	CB 57 84 12 ED F8 7B 23 23 D8 45 A2 E6 06 BA AE 
	F1 4B 62 08 EC F3 2E FA 18 88 0C 78 8D 22 61 21 
	53 EA FF A8 8B AC 9A F2 C0 7F 5D 36 D4 A8 93 1C 
	4D EA B7 6F CF 02 C7 D6 86 60 1F 50 27 61 0B E6 
	FE 3A 7D 86 68 D0 DE D9 8D 96 F4 ED F3 18 4B 9F 
	7A 90 C2 E1 4E 0A 13 53 16 78 52 E9 71 02 94 C2 
	CE 90 24 21 71 A1 7E 93 97 37 62 F5 40 EE F2 D2 
	38 71 80 00 7F 73 2E 32 9C 67 E4 41 57 ED 64 D8 
	5D DF 23 67 DB 9C E1 2A 18 54 59 10 D7 B2 2C 2B 
	45 C0 F2 E4 CC C2 5B 6A E0 58 7B 57 BE 09 E0 16 
	ED 18 F3 72 38 52 7E 27 DC 4D 60 4B D0 5E D3 C2 
	8B 9E 65 60 98 F3 02 A7 F0 87 7A B0 7D ED E3 42 
	3D 4A CC A0 B0 8F 0E 09 74 D6 CC A1 96 D0 B2 E3 
	03 58 D9 29 65 8C EC C5 9E 12 F5 A4 1B 25 E7 B4 
	CA B2 4D 9A 7C 89 3E B8 53 DA A9 EA 4C D2 8E 6B 
	D9 7F 53 15 9F 2F 44 92 93 B9 24 46 C5 E8 D1 4E 
	94 45 F5 C0 AA C2 35 09 C7 28 39 F1 18 CC 71 3B 
	A4 75 DA 5E 36 3C B8 63 17 35 8A BA 22 5E 05 14 
	95 3D EA 61 B8 18 BD 7C 6F A4 E7 73 BD AB 7B 89 
	18 B1 91 51 E7 34 D2 DD 5A 08 E9 6E CE 07 11 77 
	27 A5 B1 9D 39 54 3A C7 E7 83 CE 32 B1 BC BB 84 
	C3 6A B4 B4 6D C0 E5 E7 B5 4A B4 C5 BF 43 37 B9 
	AA BB 34 4B 75 12 1A 7F C4 12 97 97 80 04 DA 
g_y (size 1120):
	27 B1 D6 35 A6 63 38 2D 99 E0 31 B3 E9 A5 D6 82 
	A0 95 45 04 93 56 AF 6F 13 54 DE D1 3E D2 9C 72 
	51 9D 73 6B 64 9C 19 C8 9D E1 6A 28 4D D2 BC EB 
	5A 1B A5 B8 C4 59 A7 86 7F 02 73 A1 01 7B 2C 7F 
	5A F5 0E 0C 2A F1 C1 14 81 C4 E2 0D 8D F4 36 14 
	87 58 41 95 4C 18 28 7B A2 47 A0 C2 AD 75 BC 73 
	4C BD BA 3A B1 00 8A 79 C6 28 E1 AE FD 3F 53 74 
	AB B0 D8 1F 69 52 6C 55 25 91 49 8B F0 7B 6E 73 
	9C 48 F9 39 35 5D EB 89 4B B4 14 15 1B 83 47 5D 
	6D 17 63 C1 D1 7A B2 44 50 E0 1D D0 25 64 D3 82 
	03 6C 35 4F 10 C5 CE 3B 5A 25 40 22 78 52 0D 43 
	14 53 00 E2 B9 F2 D5 4C 24 02 8E 50 62 37 88 71 
	D5 5D 0B A5 E6 D1 26 6B C9 D9 57 DB DA 59 42 03 
	8B 18 96 A8 C2 B3 09 94 44 E1 9F AC E9 C4 F1 26 
	D3 10 0C BC 51 B3 27 97 F9 5E B9 A9 04 75 4D 9E 
	2B 5E 65 8B 2E B0 96 A8 85 62 3F 5F E6 04 43 97 
	16 21 4C A7 B6 19 3C 0D 60 40 85 A2 FB 39 17 C8 
	C3 F4 7F F9 91 BF B4 C7 9A 27 8E FC 31 03 71 FF 
	37 ED 84 B6 13 C9 20 18 D1 A6 33 5C 67 38 DC 3F 
	26 37 7F AC 35 9E 3F C4 34 9B 54 67 90 47 28 39 
	CF D0 F3 0A 87 22 ED 1A 60 E4 B8 7A D5 AB 25 9B 
	7E E4 49 A5 F0 CB 54 FA 84 DA CE 74 04 A5 76 66 
	13 7B 68 DF 80 6D 21 C5 1F F6 F1 D7 6A AB 6A C2 
	B4 F4 3F DB 0C 32 12 1A 1E B9 0C 92 85 16 9D 68 
	BE 33 9D 50 0E 97 D1 33 1B 84 85 EE 6B D4 F0 C8 
	8C 10 48 72 2D BC F1 8A D0 18 74 F5 9D 9E 24 8D 
	A6 D0 C8 BF 33 8A E6 2A 95 98 E8 BC 74 01 A9 D3 
	C4 D1 1B F5 74 B6 82 C4 24 E9 6E 6E 8A 0A B3 AC 
	D9 92 EB 65 E8 26 46 5E 10 16 27 32 33 44 BD 6F 
	1D 27 72 50 72 D5 EF FA 47 F2 F0 DB 05 47 BD 98 
	0A DB C1 60 B6 FE 48 0C E6 85 99 DC FC F0 41 EA 
	66 42 11 77 1B A9 A8 F4 3A 25 66 05 1E 06 5D 49 
	B7 DC B8 AA 5A A4 FF F4 9F B6 83 DA 02 DC 05 97 
	7A F5 A5 42 8C 78 D1 D5 18 70 C6 D2 A5 1E 24 BE 
	E8 B8 85 4A 50 3E 68 87 DF B8 81 59 2F AD BA 89 
	D6 43 DE ED 1B D6 69 D0 2B F6 08 02 E9 11 E0 2F 
	D8 77 9A 6B 2C F5 3B 02 A4 BC 18 B4 C2 58 94 CB 
	6D A6 6A B3 97 A7 40 56 46 ED 9D 82 57 8F C3 55 
	7C 40 79 93 0A 6C 38 E3 3C 61 E6 78 DB FA 8E 23 
	57 48 A9 7F 0D 36 D2 7F 74 C6 73 2B C5 C1 5F 7B 
	48 4A B2 2F CA A4 86 98 77 66 36 75 A7 7E 4A C1 
	C8 E1 AC DC B5 CA 39 B6 02 E7 15 76 4C C5 29 9A 
	57 A4 C5 DB E4 20 E9 7E 01 67 8C 50 5A 40 E3 86 
	83 75 2D 92 90 29 E0 D7 70 7D A7 D0 89 81 84 36 
	AA FC 3E 04 36 94 DB 2E F8 B9 1E 59 38 E6 B4 23 
	59 DC 65 73 07 42 3E 1E EA 66 78 FB 52 64 85 6B 
	3A 21 68 B0 F3 CA 60 38 C1 82 0C 8A C4 24 49 DF 
	5E 55 AF 8C A5 F5 4B F3 01 90 68 CA 7E CB 57 84 
	12 ED F8 7B 23 23 D8 45 A2 E6 06 BA AE F1 4B 62 
	08 EC F3 2E FA 18 88 0C 78 8D 22 61 21 53 EA FF 
	A8 8B AC 9A F2 C0 7F 5D 36 D4 A8 93 1C 4D EA B7 
	6F CF 02 C7 D6 86 60 1F 50 27 61 0B E6 FE 3A 7D 
	86 68 D0 DE D9 8D 96 F4 ED F3 18 4B 9F 7A 90 C2 
	E1 4E 0A 13 53 16 78 52 E9 71 02 94 C2 CE 90 24 
	21 71 A1 7E 93 97 37 62 F5 40 EE F2 D2 38 71 80 
	00 7F 73 2E 32 9C 67 E4 41 57 ED 64 D8 5D DF 23 
	67 DB 9C E1 2A 18 54 59 10 D7 B2 2C 2B 45 C0 F2 
	E4 CC C2 5B 6A E0 58 7B 57 BE 09 E0 16 ED 18 F3 
	72 38 52 7E 27 DC 4D 60 4B D0 5E D3 C2 8B 9E 65 
	60 98 F3 02 A7 F0 87 7A B0 7D ED E3 42 3D 4A CC 
	A0 B0 8F 0E 09 74 D6 CC A1 96 D0 B2 E3 03 58 D9 
	29 65 8C EC C5 9E 12 F5 A4 1B 25 E7 B4 CA B2 4D 
	9A 7C 89 3E B8 53 DA A9 EA 4C D2 8E 6B D9 7F 53 
	15 9F 2F 44 92 93 B9 24 46 C5 E8 D1 4E 94 45 F5 
	C0 AA C2 35 09 C7 28 39 F1 18 CC 71 3B A4 75 DA 
	5E 36 3C B8 63 17 35 8A BA 22 5E 05 14 95 3D EA 
	61 B8 18 BD 7C 6F A4 E7 73 BD AB 7B 89 18 B1 91 
	51 E7 34 D2 DD 5A 08 E9 6E CE 07 11 77 27 A5 B1 
	9D 39 54 3A C7 E7 83 CE 32 B1 BC BB 84 C3 6A B4 
	B4 6D C0 E5 E7 B5 4A B4 C5 BF 43 37 B9 AA BB 34 
ciphertext2 (size 12):
	4B 75 12 1A 7F C4 12 97 97 80 04 DA 
PQ/T Hybrid array foe g_xy_KEM
PQ/T Hybrid compute shared secret (Suit:-67)
x PQ/T  (size 2432):
	30 8A EE 3F ED 8C 9D 04 0D 35 A7 FC 1F A7 76 FB 
	31 30 38 33 AA 2D E8 85 35 4D DF 3D 44 D8 FB 69 
	5C 64 C2 A9 89 9D 3B 32 A1 A1 08 15 C7 81 57 C9 
	C3 C0 83 25 1D 11 37 1C A1 40 0D F6 5B CD 5B 22 
	93 CF C1 1E 29 73 35 EE A5 4F 7B BC 97 C0 36 2F 
	53 96 63 31 27 78 03 C4 02 7A 2C 65 9D D0 44 17 
	BA 0C E9 97 52 61 A6 6D 1D F1 CA 9E B5 95 A3 F2 
	89 BA CA 4F 69 DB A9 35 13 CD 7C 8C 62 F6 21 A7 
	23 0C 1E 78 C6 81 62 95 AA 8C 31 3A DC 86 28 59 
	E7 74 5B BB 3C 1E 24 79 BA 41 70 D2 6C 71 4F 39 
	49 75 7B 33 2F 89 A8 B9 B2 13 E4 32 3A 4A A6 43 
	53 6A 84 B8 BC 28 B5 F3 7C F3 44 43 40 68 31 F3 
	93 07 24 1A 3A 98 31 CB AB EC AC 7E A5 75 F9 93 
	21 AD 8B 97 26 D4 32 BA 62 61 22 F8 00 32 D5 53 
	27 A6 5A 99 A7 11 F2 2C C7 E6 FC 4A FB D0 26 79 
	19 B4 DE 12 86 E6 AB 54 BD C1 A6 B9 DC 5A 13 C9 
	71 59 F9 70 9F 01 1A E3 A3 08 CB 83 37 11 B5 7E 
	DC EC CA 2D 41 81 35 87 0F 9C B7 CC 4D B0 04 00 
	FD C6 95 5A 1F 4C 67 B0 68 2B 4A 8F 6C 88 9F 25 
	1E B9 63 43 20 E8 76 32 D2 B1 F1 69 18 50 56 88 
	51 68 62 C9 52 9F 62 B1 9C 43 D0 80 FC C1 0E 2C 
	80 3A D6 FC 82 A3 6B 8D B6 F1 4B 77 84 1F 4A 4B 
	10 C1 A2 35 22 A9 01 39 E0 1D BF B5 91 53 AC 45 
	77 90 54 D2 18 03 60 33 8E 23 A6 BF DB 67 6D DA 
	B9 70 32 1B 35 A7 83 92 C3 6A BC 71 68 9D D7 82 
	07 C0 54 C5 0C 01 21 24 8B CD D5 21 8A 96 D8 A6 
	F7 57 90 5B 15 37 F5 BB 05 BE C4 48 76 F7 34 C8 
	12 2C 26 03 52 3A 13 11 4E 80 52 BC 75 82 02 E5 
	3D 13 18 6C 1A 40 2A A4 DA 92 8A B2 87 0F F6 61 
	6B 1B 01 14 BA 3D 48 84 C2 6B 40 42 26 4C 49 5D 
	A4 1F 11 2B A6 8C 4B 4E F2 B4 55 5C 75 58 A8 96 
	85 41 66 CD 16 8B 3C D3 61 A8 A9 A9 27 EB 9B 89 
	D9 E6 87 16 74 02 66 67 1F 91 88 1A 84 52 26 43 
	20 33 74 3C B1 EF 4C 3A 94 69 4B 92 55 B8 D4 A5 
	97 41 39 8D 72 50 60 A5 F1 8B 94 12 5F 16 C0 03 
	46 06 6C C1 B8 B3 7D 53 15 07 A6 4A 24 8A 16 FB 
	A3 2B 3D F2 A0 7B 12 18 8C 67 8F 30 84 37 DF 5A 
	17 E7 B3 A8 84 F6 5E D8 2C 44 7C 50 C5 56 D5 9F 
	A0 C9 34 61 32 7E 49 BC 6A 68 41 B4 84 97 90 5D 
	27 9C 73 98 03 FA 4A 4F D2 11 99 9B C6 5E D4 32 
	67 40 A7 50 5B A1 06 50 11 C7 D6 15 0D 5A FB 7A 
	4B CB CD 9F D3 C0 41 B6 8E 3B 20 5A 4A D8 16 5F 
	96 2D 20 89 A2 2E 22 1B 2B 73 12 4F B5 53 C9 96 
	22 37 3B BB C1 33 CC AD 54 0C FC 44 04 FB 53 C0 
	70 81 73 BB 54 CD 9A F0 65 DC E1 2B 68 D0 2B CA 
	24 5E 82 77 B0 CD A5 84 9E EC 2C 0C B3 6F CB 9B 
	21 9B 24 75 BE 22 B5 7C 97 5A 89 90 49 86 20 89 
	D6 3A B8 A7 79 9A FA 81 A9 4A 8B 5F 68 54 66 26 
	D3 91 2B B5 69 A5 D7 40 06 47 3B BD F7 B9 42 89 
	20 99 C0 04 FE 06 20 65 89 9F AA 42 8A 20 53 47 
	5C 69 92 64 32 A7 D7 D1 67 12 A5 70 38 1A 16 53 
	87 CE 95 4B 1D 77 21 9E 3A 18 C7 D2 D0 BF DE 97 
	47 FE 85 9A 1E EC 7E 4E 08 41 9D EB 0E 53 A8 C9 
	33 41 63 18 85 69 8C 24 19 CE D3 B8 26 F1 1E 72 
	39 8A F1 F3 65 AB 39 51 5D 92 7E D3 D0 91 77 2B 
	B9 2E 76 0E CB 65 37 23 D4 B0 75 53 C1 03 29 C9 
	CA 3A 0C D3 A0 7A 50 B1 63 C7 13 92 27 F8 6B 05 
	D5 2C 81 43 5C 01 90 CD 67 06 BD F2 12 80 C9 AA 
	4C B5 28 C5 86 F1 A4 20 5C BB 3E 44 39 D9 EC 1D 
	B8 C7 48 87 13 97 2E 16 78 02 89 BE 55 5B 36 5C 
	A4 BC DC 29 41 2F A0 49 78 16 31 FA 20 B8 12 93 
	A6 C4 76 53 64 19 AB A6 8A 0A C1 C5 05 33 94 01 
	D2 42 AA 72 31 9F 05 D4 CA A5 60 B7 66 A2 1E 7E 
	DA A2 B4 F1 3A 3F E8 3F E6 70 7E AF A6 77 16 D0 
	C3 C8 30 A0 79 10 AF 8C 28 99 2B 00 C9 04 04 4F 
	5F 55 BA 6E F8 4B A6 C2 C4 7C 17 07 A0 65 2A D1 
	27 95 DF 51 39 CE 5A CE A2 28 26 CE 34 12 F1 EB 
	2D 08 E6 42 34 97 64 04 0C AB AB 84 C7 F0 AC 94 
	4D 3B A1 C5 8C 9A 50 B6 9D DC C9 58 80 9C 7B 82 
	A6 1D 7C 04 4D 8F 1A 98 4C C7 2A 2E 7C 0F 46 23 
	2E 73 EC 05 E8 30 0A 7F E6 A4 B8 06 69 0B E0 C3 
	1C 30 5B 55 B3 AC D6 BA B0 0D 86 10 07 26 27 ED 
	68 43 CB A9 57 B2 54 96 B5 1B 05 88 70 A7 17 87 
	61 DF 98 BA FB B6 4C 02 73 31 B4 05 14 37 64 BF 
	95 52 58 B2 54 73 D7 B8 36 BC 22 02 3E 84 78 5C 
	13 79 5E A9 BB 41 81 52 14 55 86 D8 8C 4C 52 E9 
	79 7A 44 34 7C 82 41 F8 81 14 33 8C C3 9E 8B 51 
	7A 35 4A 91 94 C9 C6 C1 57 68 50 6C F2 03 B3 D9 
	99 21 DD 4B 40 1F A8 1E 26 B8 AC A6 7B BC 94 88 
	61 95 E0 87 D0 A1 7B D3 4B 5F F6 DC 83 6E 45 83 
	45 05 B1 83 F7 0E 5E 37 C8 50 B1 A2 B0 9B 36 9C 
	37 02 1C C3 57 05 BB C0 36 DC 47 4E FB 8D 0B 92 
	48 49 8C BE 31 43 B7 62 22 6D 29 A3 75 A9 0B 56 
	6F 8A 6E 3C C8 51 A8 60 13 77 57 8F 59 7C 4D A7 
	C3 9B FE 98 62 F7 1C BF 28 1C B4 4D 50 98 ED 3C 
	4C 37 49 BA BF 76 76 4A E3 B6 B8 86 AC 16 E2 77 
	B5 12 3C 6F 88 AA 64 37 8B BB 1C 81 0F C9 49 25 
	F1 3A 83 4C 42 93 AC 96 76 C4 94 71 67 AC 51 6C 
	0D A6 36 18 63 55 28 BF F4 1C 27 4B 84 86 5A 22 
	B2 B5 AF D7 E3 C4 94 95 3E 97 27 1C 91 11 69 1D 
	55 A4 C1 8B 8A 4A 00 A7 8A F0 20 3C 9B 92 E2 16 
	4A 83 B0 8C 0F 1B 18 21 C4 0F 75 48 70 31 A8 62 
	5B F0 0F 96 76 90 73 D1 3E 5B 2A BD 22 1C C8 A4 
	BB AF 92 16 6D E5 89 9F FE 20 08 7B 90 9D C6 B9 
	09 B4 17 61 0E 1A 91 9E 80 0D 9A 33 CC 10 A2 40 
	4C 88 BA 4D 63 22 FD 72 80 47 6C AE 77 CB 22 78 
	D8 07 D2 C3 B7 CF 37 3A 39 25 BD 13 CC 7F 0C 04 
	58 91 C8 7E 3E A6 84 C6 7B 83 61 B1 B2 BB 5A 04 
	25 2B 52 2D C3 5A 8F 65 71 A2 58 71 8C 06 3E 4F 
	81 2C C4 48 17 E3 B3 96 F6 E9 4D E0 27 3F 4E 5A 
	48 32 6B 70 74 F2 3C 9F F5 C2 58 66 56 60 C4 4B 
	33 F1 3B 34 89 BC 10 67 31 15 0A 89 71 6A 13 45 
	BB 75 6D 11 4A 55 94 2B 16 BC 31 A0 D0 82 CF 75 
	19 2B F4 29 69 C9 7D 0A 87 58 ED 3B 07 C6 FB C4 
	53 F2 17 54 35 8A D9 57 51 AA 94 97 1F 64 A8 8D 
	84 A4 1D 11 6A 27 27 B0 8A C9 CA F9 FA 34 2F 76 
	2D 24 1B 8A 1A 07 7A 5E CC 41 C7 B3 CA 40 24 09 
	46 6C B5 8F BB 67 E0 B4 B7 95 04 5F 20 E5 5C 8F 
	07 C4 F1 41 C3 77 EB 73 1F 3A 94 66 C4 97 26 B4 
	89 7E 19 7B 91 1C AB 40 2C 84 B1 98 9F 78 72 3D 
	91 82 A6 12 67 A4 4E 22 95 34 00 9C 45 CA 22 E6 
	C9 A2 D2 63 39 D4 2A 06 D1 BC A2 6D C8 89 D7 32 
	AF 8C 96 5B 58 C2 1D 2B 19 B2 E5 76 95 17 7A 48 
	DC E1 99 F6 B3 3F 0D EB 97 38 C3 97 BA 26 67 6B 
	00 64 94 E8 B6 DD 23 74 20 0A AD AB 41 45 70 D5 
	74 6E E2 A1 89 65 69 14 75 99 47 00 42 E0 0C 5D 
	B8 C1 A0 A6 1A 18 F6 70 7D 43 8A 26 D8 A7 24 98 
	8B 2F 9E 92 CF 7D F9 87 74 F7 BA DB 1B 8A 53 B9 
	90 9F F1 BF E9 7C 6D 26 1A 94 68 5A 1C FA F3 2F 
	21 6C 4E 3D 06 14 94 1A 1B 58 57 2A 06 55 B3 2E 
	90 AE F6 B7 7B 3D 04 AF 2B D7 80 45 D5 71 94 D4 
	BE 42 37 C5 C6 C6 BC 16 F6 13 68 35 A5 02 84 9F 
	0B B0 9C 47 61 34 AE 9C 87 75 40 A1 7D C7 AA A4 
	E1 A9 00 05 35 E7 94 CE 63 E4 59 1D E4 23 98 27 
	88 57 71 3B FE 3B 8D 89 48 08 9E 0B 81 FF 25 6B 
	84 05 31 27 84 BB 30 5A 24 DC 38 B0 27 C5 66 73 
	A1 AF 7A 35 34 0A 44 CF B1 CB 59 5E FB 52 43 77 
	7F BB B7 74 6F 0C B0 A9 AB 4F 11 51 65 75 5C 04 
	AC F7 4A C2 96 BA 8F 66 39 64 FB CC 7B 31 B1 B7 
	92 C2 75 24 83 79 19 28 E6 C8 A6 3F 65 BB 13 A3 
	CB 53 13 7C 77 69 50 A8 00 4C C0 72 64 12 C5 80 
	74 D1 14 12 17 63 0B 84 67 DD D8 41 25 33 A1 ED 
	06 46 57 A2 38 E8 C0 72 F2 B6 BA 40 C3 61 CA 44 
	46 82 28 12 B1 7B 4A C5 A8 38 46 91 21 FB C1 C5 
	65 BC CA 11 51 71 2D 24 61 6A 25 80 DF B4 9A 45 
	14 20 89 F3 AC 4B 07 6F 64 C1 0E 95 E5 8A 8A D9 
	08 90 85 1B 79 73 2C BA E7 69 B9 F4 02 83 01 94 
	6C EB 00 12 74 40 CF 91 6E 5E E8 7C 7F 58 23 D6 
	17 80 EA B9 BD 15 E1 43 F0 74 78 3C E1 4D EE 82 
	72 04 F1 0C CE 9B AC 3F 54 55 4D 15 31 18 36 88 
	CA B8 CA 8F BB 76 C9 2A B0 C4 93 7A 1D E6 57 B0 
	E6 46 AC 36 BA 68 EB 22 41 39 CB 75 04 89 BA 55 
	02 0F 95 02 C8 92 47 F2 66 95 DB 47 8D D2 15 7B 
	CA 9A A5 9F 70 6A 1C 63 14 E8 F6 30 FF 09 A1 8E 
	36 4F 69 4A 44 AD C0 AD A2 EC B8 57 52 09 CB C2 
	31 38 74 2C E1 3B B9 12 63 08 04 C0 49 F0 6C 77 
	2A D3 C9 F7 40 B7 07 E4 2A 4D CC 9D 34 0D 14 64 
	6C 5E AC B6 94 7A 09 EF 02 75 3D 91 60 52 6D 15 
	A0 99 F2 38 37 25 EA 5F 5E FF 8E 0B 2F 59 4E AA 
	F6 07 AB 40 BC D6 48 4C E8 0A 12 94 7B 36 7B AD 
	AC 6B 10 FA AD 1D 2C E9 E6 C0 4B 3C A7 9F B2 25 
	C8 B5 66 A7 47 FA 2A 15 75 67 5D 9C E6 4B 4C EE 
gy PQ/T (size 1120):
	27 B1 D6 35 A6 63 38 2D 99 E0 31 B3 E9 A5 D6 82 
	A0 95 45 04 93 56 AF 6F 13 54 DE D1 3E D2 9C 72 
	51 9D 73 6B 64 9C 19 C8 9D E1 6A 28 4D D2 BC EB 
	5A 1B A5 B8 C4 59 A7 86 7F 02 73 A1 01 7B 2C 7F 
	5A F5 0E 0C 2A F1 C1 14 81 C4 E2 0D 8D F4 36 14 
	87 58 41 95 4C 18 28 7B A2 47 A0 C2 AD 75 BC 73 
	4C BD BA 3A B1 00 8A 79 C6 28 E1 AE FD 3F 53 74 
	AB B0 D8 1F 69 52 6C 55 25 91 49 8B F0 7B 6E 73 
	9C 48 F9 39 35 5D EB 89 4B B4 14 15 1B 83 47 5D 
	6D 17 63 C1 D1 7A B2 44 50 E0 1D D0 25 64 D3 82 
	03 6C 35 4F 10 C5 CE 3B 5A 25 40 22 78 52 0D 43 
	14 53 00 E2 B9 F2 D5 4C 24 02 8E 50 62 37 88 71 
	D5 5D 0B A5 E6 D1 26 6B C9 D9 57 DB DA 59 42 03 
	8B 18 96 A8 C2 B3 09 94 44 E1 9F AC E9 C4 F1 26 
	D3 10 0C BC 51 B3 27 97 F9 5E B9 A9 04 75 4D 9E 
	2B 5E 65 8B 2E B0 96 A8 85 62 3F 5F E6 04 43 97 
	16 21 4C A7 B6 19 3C 0D 60 40 85 A2 FB 39 17 C8 
	C3 F4 7F F9 91 BF B4 C7 9A 27 8E FC 31 03 71 FF 
	37 ED 84 B6 13 C9 20 18 D1 A6 33 5C 67 38 DC 3F 
	26 37 7F AC 35 9E 3F C4 34 9B 54 67 90 47 28 39 
	CF D0 F3 0A 87 22 ED 1A 60 E4 B8 7A D5 AB 25 9B 
	7E E4 49 A5 F0 CB 54 FA 84 DA CE 74 04 A5 76 66 
	13 7B 68 DF 80 6D 21 C5 1F F6 F1 D7 6A AB 6A C2 
	B4 F4 3F DB 0C 32 12 1A 1E B9 0C 92 85 16 9D 68 
	BE 33 9D 50 0E 97 D1 33 1B 84 85 EE 6B D4 F0 C8 
	8C 10 48 72 2D BC F1 8A D0 18 74 F5 9D 9E 24 8D 
	A6 D0 C8 BF 33 8A E6 2A 95 98 E8 BC 74 01 A9 D3 
	C4 D1 1B F5 74 B6 82 C4 24 E9 6E 6E 8A 0A B3 AC 
	D9 92 EB 65 E8 26 46 5E 10 16 27 32 33 44 BD 6F 
	1D 27 72 50 72 D5 EF FA 47 F2 F0 DB 05 47 BD 98 
	0A DB C1 60 B6 FE 48 0C E6 85 99 DC FC F0 41 EA 
	66 42 11 77 1B A9 A8 F4 3A 25 66 05 1E 06 5D 49 
	B7 DC B8 AA 5A A4 FF F4 9F B6 83 DA 02 DC 05 97 
	7A F5 A5 42 8C 78 D1 D5 18 70 C6 D2 A5 1E 24 BE 
	E8 B8 85 4A 50 3E 68 87 DF B8 81 59 2F AD BA 89 
	D6 43 DE ED 1B D6 69 D0 2B F6 08 02 E9 11 E0 2F 
	D8 77 9A 6B 2C F5 3B 02 A4 BC 18 B4 C2 58 94 CB 
	6D A6 6A B3 97 A7 40 56 46 ED 9D 82 57 8F C3 55 
	7C 40 79 93 0A 6C 38 E3 3C 61 E6 78 DB FA 8E 23 
	57 48 A9 7F 0D 36 D2 7F 74 C6 73 2B C5 C1 5F 7B 
	48 4A B2 2F CA A4 86 98 77 66 36 75 A7 7E 4A C1 
	C8 E1 AC DC B5 CA 39 B6 02 E7 15 76 4C C5 29 9A 
	57 A4 C5 DB E4 20 E9 7E 01 67 8C 50 5A 40 E3 86 
	83 75 2D 92 90 29 E0 D7 70 7D A7 D0 89 81 84 36 
	AA FC 3E 04 36 94 DB 2E F8 B9 1E 59 38 E6 B4 23 
	59 DC 65 73 07 42 3E 1E EA 66 78 FB 52 64 85 6B 
	3A 21 68 B0 F3 CA 60 38 C1 82 0C 8A C4 24 49 DF 
	5E 55 AF 8C A5 F5 4B F3 01 90 68 CA 7E CB 57 84 
	12 ED F8 7B 23 23 D8 45 A2 E6 06 BA AE F1 4B 62 
	08 EC F3 2E FA 18 88 0C 78 8D 22 61 21 53 EA FF 
	A8 8B AC 9A F2 C0 7F 5D 36 D4 A8 93 1C 4D EA B7 
	6F CF 02 C7 D6 86 60 1F 50 27 61 0B E6 FE 3A 7D 
	86 68 D0 DE D9 8D 96 F4 ED F3 18 4B 9F 7A 90 C2 
	E1 4E 0A 13 53 16 78 52 E9 71 02 94 C2 CE 90 24 
	21 71 A1 7E 93 97 37 62 F5 40 EE F2 D2 38 71 80 
	00 7F 73 2E 32 9C 67 E4 41 57 ED 64 D8 5D DF 23 
	67 DB 9C E1 2A 18 54 59 10 D7 B2 2C 2B 45 C0 F2 
	E4 CC C2 5B 6A E0 58 7B 57 BE 09 E0 16 ED 18 F3 
	72 38 52 7E 27 DC 4D 60 4B D0 5E D3 C2 8B 9E 65 
	60 98 F3 02 A7 F0 87 7A B0 7D ED E3 42 3D 4A CC 
	A0 B0 8F 0E 09 74 D6 CC A1 96 D0 B2 E3 03 58 D9 
	29 65 8C EC C5 9E 12 F5 A4 1B 25 E7 B4 CA B2 4D 
	9A 7C 89 3E B8 53 DA A9 EA 4C D2 8E 6B D9 7F 53 
	15 9F 2F 44 92 93 B9 24 46 C5 E8 D1 4E 94 45 F5 
	C0 AA C2 35 09 C7 28 39 F1 18 CC 71 3B A4 75 DA 
	5E 36 3C B8 63 17 35 8A BA 22 5E 05 14 95 3D EA 
	61 B8 18 BD 7C 6F A4 E7 73 BD AB 7B 89 18 B1 91 
	51 E7 34 D2 DD 5A 08 E9 6E CE 07 11 77 27 A5 B1 
	9D 39 54 3A C7 E7 83 CE 32 B1 BC BB 84 C3 6A B4 
	B4 6D C0 E5 E7 B5 4A B4 C5 BF 43 37 B9 AA BB 34 
x DH  (size 32):
	30 8A EE 3F ED 8C 9D 04 0D 35 A7 FC 1F A7 76 FB 
	31 30 38 33 AA 2D E8 85 35 4D DF 3D 44 D8 FB 69 
gy DH (size 32):
	27 B1 D6 35 A6 63 38 2D 99 E0 31 B3 E9 A5 D6 82 
	A0 95 45 04 93 56 AF 6F 13 54 DE D1 3E D2 9C 72 
SHARED SECRET DERIVE
G_XY (ECDH shared secret)  (size 32):
	23 42 DA 3A 44 A9 28 77 02 7E D4 DE 6D 1E 8E A1 
	6A 64 F6 60 1A CF 0D 09 79 E2 32 07 86 54 F8 6D 
KEM decapsulation
x KEM  (size 2400):
	5C 64 C2 A9 89 9D 3B 32 A1 A1 08 15 C7 81 57 C9 
	C3 C0 83 25 1D 11 37 1C A1 40 0D F6 5B CD 5B 22 
	93 CF C1 1E 29 73 35 EE A5 4F 7B BC 97 C0 36 2F 
	53 96 63 31 27 78 03 C4 02 7A 2C 65 9D D0 44 17 
	BA 0C E9 97 52 61 A6 6D 1D F1 CA 9E B5 95 A3 F2 
	89 BA CA 4F 69 DB A9 35 13 CD 7C 8C 62 F6 21 A7 
	23 0C 1E 78 C6 81 62 95 AA 8C 31 3A DC 86 28 59 
	E7 74 5B BB 3C 1E 24 79 BA 41 70 D2 6C 71 4F 39 
	49 75 7B 33 2F 89 A8 B9 B2 13 E4 32 3A 4A A6 43 
	53 6A 84 B8 BC 28 B5 F3 7C F3 44 43 40 68 31 F3 
	93 07 24 1A 3A 98 31 CB AB EC AC 7E A5 75 F9 93 
	21 AD 8B 97 26 D4 32 BA 62 61 22 F8 00 32 D5 53 
	27 A6 5A 99 A7 11 F2 2C C7 E6 FC 4A FB D0 26 79 
	19 B4 DE 12 86 E6 AB 54 BD C1 A6 B9 DC 5A 13 C9 
	71 59 F9 70 9F 01 1A E3 A3 08 CB 83 37 11 B5 7E 
	DC EC CA 2D 41 81 35 87 0F 9C B7 CC 4D B0 04 00 
	FD C6 95 5A 1F 4C 67 B0 68 2B 4A 8F 6C 88 9F 25 
	1E B9 63 43 20 E8 76 32 D2 B1 F1 69 18 50 56 88 
	51 68 62 C9 52 9F 62 B1 9C 43 D0 80 FC C1 0E 2C 
	80 3A D6 FC 82 A3 6B 8D B6 F1 4B 77 84 1F 4A 4B 
	10 C1 A2 35 22 A9 01 39 E0 1D BF B5 91 53 AC 45 
	77 90 54 D2 18 03 60 33 8E 23 A6 BF DB 67 6D DA 
	B9 70 32 1B 35 A7 83 92 C3 6A BC 71 68 9D D7 82 
	07 C0 54 C5 0C 01 21 24 8B CD D5 21 8A 96 D8 A6 
	F7 57 90 5B 15 37 F5 BB 05 BE C4 48 76 F7 34 C8 
	12 2C 26 03 52 3A 13 11 4E 80 52 BC 75 82 02 E5 
	3D 13 18 6C 1A 40 2A A4 DA 92 8A B2 87 0F F6 61 
	6B 1B 01 14 BA 3D 48 84 C2 6B 40 42 26 4C 49 5D 
	A4 1F 11 2B A6 8C 4B 4E F2 B4 55 5C 75 58 A8 96 
	85 41 66 CD 16 8B 3C D3 61 A8 A9 A9 27 EB 9B 89 
	D9 E6 87 16 74 02 66 67 1F 91 88 1A 84 52 26 43 
	20 33 74 3C B1 EF 4C 3A 94 69 4B 92 55 B8 D4 A5 
	97 41 39 8D 72 50 60 A5 F1 8B 94 12 5F 16 C0 03 
	46 06 6C C1 B8 B3 7D 53 15 07 A6 4A 24 8A 16 FB 
	A3 2B 3D F2 A0 7B 12 18 8C 67 8F 30 84 37 DF 5A 
	17 E7 B3 A8 84 F6 5E D8 2C 44 7C 50 C5 56 D5 9F 
	A0 C9 34 61 32 7E 49 BC 6A 68 41 B4 84 97 90 5D 
	27 9C 73 98 03 FA 4A 4F D2 11 99 9B C6 5E D4 32 
	67 40 A7 50 5B A1 06 50 11 C7 D6 15 0D 5A FB 7A 
	4B CB CD 9F D3 C0 41 B6 8E 3B 20 5A 4A D8 16 5F 
	96 2D 20 89 A2 2E 22 1B 2B 73 12 4F B5 53 C9 96 
	22 37 3B BB C1 33 CC AD 54 0C FC 44 04 FB 53 C0 
	70 81 73 BB 54 CD 9A F0 65 DC E1 2B 68 D0 2B CA 
	24 5E 82 77 B0 CD A5 84 9E EC 2C 0C B3 6F CB 9B 
	21 9B 24 75 BE 22 B5 7C 97 5A 89 90 49 86 20 89 
	D6 3A B8 A7 79 9A FA 81 A9 4A 8B 5F 68 54 66 26 
	D3 91 2B B5 69 A5 D7 40 06 47 3B BD F7 B9 42 89 
	20 99 C0 04 FE 06 20 65 89 9F AA 42 8A 20 53 47 
	5C 69 92 64 32 A7 D7 D1 67 12 A5 70 38 1A 16 53 
	87 CE 95 4B 1D 77 21 9E 3A 18 C7 D2 D0 BF DE 97 
	47 FE 85 9A 1E EC 7E 4E 08 41 9D EB 0E 53 A8 C9 
	33 41 63 18 85 69 8C 24 19 CE D3 B8 26 F1 1E 72 
	39 8A F1 F3 65 AB 39 51 5D 92 7E D3 D0 91 77 2B 
	B9 2E 76 0E CB 65 37 23 D4 B0 75 53 C1 03 29 C9 
	CA 3A 0C D3 A0 7A 50 B1 63 C7 13 92 27 F8 6B 05 
	D5 2C 81 43 5C 01 90 CD 67 06 BD F2 12 80 C9 AA 
	4C B5 28 C5 86 F1 A4 20 5C BB 3E 44 39 D9 EC 1D 
	B8 C7 48 87 13 97 2E 16 78 02 89 BE 55 5B 36 5C 
	A4 BC DC 29 41 2F A0 49 78 16 31 FA 20 B8 12 93 
	A6 C4 76 53 64 19 AB A6 8A 0A C1 C5 05 33 94 01 
	D2 42 AA 72 31 9F 05 D4 CA A5 60 B7 66 A2 1E 7E 
	DA A2 B4 F1 3A 3F E8 3F E6 70 7E AF A6 77 16 D0 
	C3 C8 30 A0 79 10 AF 8C 28 99 2B 00 C9 04 04 4F 
	5F 55 BA 6E F8 4B A6 C2 C4 7C 17 07 A0 65 2A D1 
	27 95 DF 51 39 CE 5A CE A2 28 26 CE 34 12 F1 EB 
	2D 08 E6 42 34 97 64 04 0C AB AB 84 C7 F0 AC 94 
	4D 3B A1 C5 8C 9A 50 B6 9D DC C9 58 80 9C 7B 82 
	A6 1D 7C 04 4D 8F 1A 98 4C C7 2A 2E 7C 0F 46 23 
	2E 73 EC 05 E8 30 0A 7F E6 A4 B8 06 69 0B E0 C3 
	1C 30 5B 55 B3 AC D6 BA B0 0D 86 10 07 26 27 ED 
	68 43 CB A9 57 B2 54 96 B5 1B 05 88 70 A7 17 87 
	61 DF 98 BA FB B6 4C 02 73 31 B4 05 14 37 64 BF 
	95 52 58 B2 54 73 D7 B8 36 BC 22 02 3E 84 78 5C 
	13 79 5E A9 BB 41 81 52 14 55 86 D8 8C 4C 52 E9 
	79 7A 44 34 7C 82 41 F8 81 14 33 8C C3 9E 8B 51 
	7A 35 4A 91 94 C9 C6 C1 57 68 50 6C F2 03 B3 D9 
	99 21 DD 4B 40 1F A8 1E 26 B8 AC A6 7B BC 94 88 
	61 95 E0 87 D0 A1 7B D3 4B 5F F6 DC 83 6E 45 83 
	45 05 B1 83 F7 0E 5E 37 C8 50 B1 A2 B0 9B 36 9C 
	37 02 1C C3 57 05 BB C0 36 DC 47 4E FB 8D 0B 92 
	48 49 8C BE 31 43 B7 62 22 6D 29 A3 75 A9 0B 56 
	6F 8A 6E 3C C8 51 A8 60 13 77 57 8F 59 7C 4D A7 
	C3 9B FE 98 62 F7 1C BF 28 1C B4 4D 50 98 ED 3C 
	4C 37 49 BA BF 76 76 4A E3 B6 B8 86 AC 16 E2 77 
	B5 12 3C 6F 88 AA 64 37 8B BB 1C 81 0F C9 49 25 
	F1 3A 83 4C 42 93 AC 96 76 C4 94 71 67 AC 51 6C 
	0D A6 36 18 63 55 28 BF F4 1C 27 4B 84 86 5A 22 
	B2 B5 AF D7 E3 C4 94 95 3E 97 27 1C 91 11 69 1D 
	55 A4 C1 8B 8A 4A 00 A7 8A F0 20 3C 9B 92 E2 16 
	4A 83 B0 8C 0F 1B 18 21 C4 0F 75 48 70 31 A8 62 
	5B F0 0F 96 76 90 73 D1 3E 5B 2A BD 22 1C C8 A4 
	BB AF 92 16 6D E5 89 9F FE 20 08 7B 90 9D C6 B9 
	09 B4 17 61 0E 1A 91 9E 80 0D 9A 33 CC 10 A2 40 
	4C 88 BA 4D 63 22 FD 72 80 47 6C AE 77 CB 22 78 
	D8 07 D2 C3 B7 CF 37 3A 39 25 BD 13 CC 7F 0C 04 
	58 91 C8 7E 3E A6 84 C6 7B 83 61 B1 B2 BB 5A 04 
	25 2B 52 2D C3 5A 8F 65 71 A2 58 71 8C 06 3E 4F 
	81 2C C4 48 17 E3 B3 96 F6 E9 4D E0 27 3F 4E 5A 
	48 32 6B 70 74 F2 3C 9F F5 C2 58 66 56 60 C4 4B 
	33 F1 3B 34 89 BC 10 67 31 15 0A 89 71 6A 13 45 
	BB 75 6D 11 4A 55 94 2B 16 BC 31 A0 D0 82 CF 75 
	19 2B F4 29 69 C9 7D 0A 87 58 ED 3B 07 C6 FB C4 
	53 F2 17 54 35 8A D9 57 51 AA 94 97 1F 64 A8 8D 
	84 A4 1D 11 6A 27 27 B0 8A C9 CA F9 FA 34 2F 76 
	2D 24 1B 8A 1A 07 7A 5E CC 41 C7 B3 CA 40 24 09 
	46 6C B5 8F BB 67 E0 B4 B7 95 04 5F 20 E5 5C 8F 
	07 C4 F1 41 C3 77 EB 73 1F 3A 94 66 C4 97 26 B4 
	89 7E 19 7B 91 1C AB 40 2C 84 B1 98 9F 78 72 3D 
	91 82 A6 12 67 A4 4E 22 95 34 00 9C 45 CA 22 E6 
	C9 A2 D2 63 39 D4 2A 06 D1 BC A2 6D C8 89 D7 32 
	AF 8C 96 5B 58 C2 1D 2B 19 B2 E5 76 95 17 7A 48 
	DC E1 99 F6 B3 3F 0D EB 97 38 C3 97 BA 26 67 6B 
	00 64 94 E8 B6 DD 23 74 20 0A AD AB 41 45 70 D5 
	74 6E E2 A1 89 65 69 14 75 99 47 00 42 E0 0C 5D 
	B8 C1 A0 A6 1A 18 F6 70 7D 43 8A 26 D8 A7 24 98 
	8B 2F 9E 92 CF 7D F9 87 74 F7 BA DB 1B 8A 53 B9 
	90 9F F1 BF E9 7C 6D 26 1A 94 68 5A 1C FA F3 2F 
	21 6C 4E 3D 06 14 94 1A 1B 58 57 2A 06 55 B3 2E 
	90 AE F6 B7 7B 3D 04 AF 2B D7 80 45 D5 71 94 D4 
	BE 42 37 C5 C6 C6 BC 16 F6 13 68 35 A5 02 84 9F 
	0B B0 9C 47 61 34 AE 9C 87 75 40 A1 7D C7 AA A4 
	E1 A9 00 05 35 E7 94 CE 63 E4 59 1D E4 23 98 27 
	88 57 71 3B FE 3B 8D 89 48 08 9E 0B 81 FF 25 6B 
	84 05 31 27 84 BB 30 5A 24 DC 38 B0 27 C5 66 73 
	A1 AF 7A 35 34 0A 44 CF B1 CB 59 5E FB 52 43 77 
	7F BB B7 74 6F 0C B0 A9 AB 4F 11 51 65 75 5C 04 
	AC F7 4A C2 96 BA 8F 66 39 64 FB CC 7B 31 B1 B7 
	92 C2 75 24 83 79 19 28 E6 C8 A6 3F 65 BB 13 A3 
	CB 53 13 7C 77 69 50 A8 00 4C C0 72 64 12 C5 80 
	74 D1 14 12 17 63 0B 84 67 DD D8 41 25 33 A1 ED 
	06 46 57 A2 38 E8 C0 72 F2 B6 BA 40 C3 61 CA 44 
	46 82 28 12 B1 7B 4A C5 A8 38 46 91 21 FB C1 C5 
	65 BC CA 11 51 71 2D 24 61 6A 25 80 DF B4 9A 45 
	14 20 89 F3 AC 4B 07 6F 64 C1 0E 95 E5 8A 8A D9 
	08 90 85 1B 79 73 2C BA E7 69 B9 F4 02 83 01 94 
	6C EB 00 12 74 40 CF 91 6E 5E E8 7C 7F 58 23 D6 
	17 80 EA B9 BD 15 E1 43 F0 74 78 3C E1 4D EE 82 
	72 04 F1 0C CE 9B AC 3F 54 55 4D 15 31 18 36 88 
	CA B8 CA 8F BB 76 C9 2A B0 C4 93 7A 1D E6 57 B0 
	E6 46 AC 36 BA 68 EB 22 41 39 CB 75 04 89 BA 55 
	02 0F 95 02 C8 92 47 F2 66 95 DB 47 8D D2 15 7B 
	CA 9A A5 9F 70 6A 1C 63 14 E8 F6 30 FF 09 A1 8E 
	36 4F 69 4A 44 AD C0 AD A2 EC B8 57 52 09 CB C2 
	31 38 74 2C E1 3B B9 12 63 08 04 C0 49 F0 6C 77 
	2A D3 C9 F7 40 B7 07 E4 2A 4D CC 9D 34 0D 14 64 
	6C 5E AC B6 94 7A 09 EF 02 75 3D 91 60 52 6D 15 
	A0 99 F2 38 37 25 EA 5F 5E FF 8E 0B 2F 59 4E AA 
	F6 07 AB 40 BC D6 48 4C E8 0A 12 94 7B 36 7B AD 
	AC 6B 10 FA AD 1D 2C E9 E6 C0 4B 3C A7 9F B2 25 
	C8 B5 66 A7 47 FA 2A 15 75 67 5D 9C E6 4B 4C EE 
gy KEM: (PQ CC) (size 1088):
	51 9D 73 6B 64 9C 19 C8 9D E1 6A 28 4D D2 BC EB 
	5A 1B A5 B8 C4 59 A7 86 7F 02 73 A1 01 7B 2C 7F 
	5A F5 0E 0C 2A F1 C1 14 81 C4 E2 0D 8D F4 36 14 
	87 58 41 95 4C 18 28 7B A2 47 A0 C2 AD 75 BC 73 
	4C BD BA 3A B1 00 8A 79 C6 28 E1 AE FD 3F 53 74 
	AB B0 D8 1F 69 52 6C 55 25 91 49 8B F0 7B 6E 73 
	9C 48 F9 39 35 5D EB 89 4B B4 14 15 1B 83 47 5D 
	6D 17 63 C1 D1 7A B2 44 50 E0 1D D0 25 64 D3 82 
	03 6C 35 4F 10 C5 CE 3B 5A 25 40 22 78 52 0D 43 
	14 53 00 E2 B9 F2 D5 4C 24 02 8E 50 62 37 88 71 
	D5 5D 0B A5 E6 D1 26 6B C9 D9 57 DB DA 59 42 03 
	8B 18 96 A8 C2 B3 09 94 44 E1 9F AC E9 C4 F1 26 
	D3 10 0C BC 51 B3 27 97 F9 5E B9 A9 04 75 4D 9E 
	2B 5E 65 8B 2E B0 96 A8 85 62 3F 5F E6 04 43 97 
	16 21 4C A7 B6 19 3C 0D 60 40 85 A2 FB 39 17 C8 
	C3 F4 7F F9 91 BF B4 C7 9A 27 8E FC 31 03 71 FF 
	37 ED 84 B6 13 C9 20 18 D1 A6 33 5C 67 38 DC 3F 
	26 37 7F AC 35 9E 3F C4 34 9B 54 67 90 47 28 39 
	CF D0 F3 0A 87 22 ED 1A 60 E4 B8 7A D5 AB 25 9B 
	7E E4 49 A5 F0 CB 54 FA 84 DA CE 74 04 A5 76 66 
	13 7B 68 DF 80 6D 21 C5 1F F6 F1 D7 6A AB 6A C2 
	B4 F4 3F DB 0C 32 12 1A 1E B9 0C 92 85 16 9D 68 
	BE 33 9D 50 0E 97 D1 33 1B 84 85 EE 6B D4 F0 C8 
	8C 10 48 72 2D BC F1 8A D0 18 74 F5 9D 9E 24 8D 
	A6 D0 C8 BF 33 8A E6 2A 95 98 E8 BC 74 01 A9 D3 
	C4 D1 1B F5 74 B6 82 C4 24 E9 6E 6E 8A 0A B3 AC 
	D9 92 EB 65 E8 26 46 5E 10 16 27 32 33 44 BD 6F 
	1D 27 72 50 72 D5 EF FA 47 F2 F0 DB 05 47 BD 98 
	0A DB C1 60 B6 FE 48 0C E6 85 99 DC FC F0 41 EA 
	66 42 11 77 1B A9 A8 F4 3A 25 66 05 1E 06 5D 49 
	B7 DC B8 AA 5A A4 FF F4 9F B6 83 DA 02 DC 05 97 
	7A F5 A5 42 8C 78 D1 D5 18 70 C6 D2 A5 1E 24 BE 
	E8 B8 85 4A 50 3E 68 87 DF B8 81 59 2F AD BA 89 
	D6 43 DE ED 1B D6 69 D0 2B F6 08 02 E9 11 E0 2F 
	D8 77 9A 6B 2C F5 3B 02 A4 BC 18 B4 C2 58 94 CB 
	6D A6 6A B3 97 A7 40 56 46 ED 9D 82 57 8F C3 55 
	7C 40 79 93 0A 6C 38 E3 3C 61 E6 78 DB FA 8E 23 
	57 48 A9 7F 0D 36 D2 7F 74 C6 73 2B C5 C1 5F 7B 
	48 4A B2 2F CA A4 86 98 77 66 36 75 A7 7E 4A C1 
	C8 E1 AC DC B5 CA 39 B6 02 E7 15 76 4C C5 29 9A 
	57 A4 C5 DB E4 20 E9 7E 01 67 8C 50 5A 40 E3 86 
	83 75 2D 92 90 29 E0 D7 70 7D A7 D0 89 81 84 36 
	AA FC 3E 04 36 94 DB 2E F8 B9 1E 59 38 E6 B4 23 
	59 DC 65 73 07 42 3E 1E EA 66 78 FB 52 64 85 6B 
	3A 21 68 B0 F3 CA 60 38 C1 82 0C 8A C4 24 49 DF 
	5E 55 AF 8C A5 F5 4B F3 01 90 68 CA 7E CB 57 84 
	12 ED F8 7B 23 23 D8 45 A2 E6 06 BA AE F1 4B 62 
	08 EC F3 2E FA 18 88 0C 78 8D 22 61 21 53 EA FF 
	A8 8B AC 9A F2 C0 7F 5D 36 D4 A8 93 1C 4D EA B7 
	6F CF 02 C7 D6 86 60 1F 50 27 61 0B E6 FE 3A 7D 
	86 68 D0 DE D9 8D 96 F4 ED F3 18 4B 9F 7A 90 C2 
	E1 4E 0A 13 53 16 78 52 E9 71 02 94 C2 CE 90 24 
	21 71 A1 7E 93 97 37 62 F5 40 EE F2 D2 38 71 80 
	00 7F 73 2E 32 9C 67 E4 41 57 ED 64 D8 5D DF 23 
	67 DB 9C E1 2A 18 54 59 10 D7 B2 2C 2B 45 C0 F2 
	E4 CC C2 5B 6A E0 58 7B 57 BE 09 E0 16 ED 18 F3 
	72 38 52 7E 27 DC 4D 60 4B D0 5E D3 C2 8B 9E 65 
	60 98 F3 02 A7 F0 87 7A B0 7D ED E3 42 3D 4A CC 
	A0 B0 8F 0E 09 74 D6 CC A1 96 D0 B2 E3 03 58 D9 
	29 65 8C EC C5 9E 12 F5 A4 1B 25 E7 B4 CA B2 4D 
	9A 7C 89 3E B8 53 DA A9 EA 4C D2 8E 6B D9 7F 53 
	15 9F 2F 44 92 93 B9 24 46 C5 E8 D1 4E 94 45 F5 
	C0 AA C2 35 09 C7 28 39 F1 18 CC 71 3B A4 75 DA 
	5E 36 3C B8 63 17 35 8A BA 22 5E 05 14 95 3D EA 
	61 B8 18 BD 7C 6F A4 E7 73 BD AB 7B 89 18 B1 91 
	51 E7 34 D2 DD 5A 08 E9 6E CE 07 11 77 27 A5 B1 
	9D 39 54 3A C7 E7 83 CE 32 B1 BC BB 84 C3 6A B4 
	B4 6D C0 E5 E7 B5 4A B4 C5 BF 43 37 B9 AA BB 34 
G_XY (PQ SS)  (size 32):
	6A 13 E5 6A A5 98 12 4A C0 84 33 1E D4 69 D1 81 
	C2 4E 3A CC 04 71 7C 9B A0 9F 7A 2D 83 F6 1D D6 
hash_msg1_raw (size 32):
	17 83 E6 A1 0B 6C 70 91 E7 C5 FC 20 08 5C 4A 96 
	F2 4C 14 C1 41 38 C5 ED A3 C9 05 3C 2E A9 79 B0 
Input to calculate TH_2 (CBOR Sequence) (size 1157):
	59 04 60 27 B1 D6 35 A6 63 38 2D 99 E0 31 B3 E9 
	A5 D6 82 A0 95 45 04 93 56 AF 6F 13 54 DE D1 3E 
	D2 9C 72 51 9D 73 6B 64 9C 19 C8 9D E1 6A 28 4D 
	D2 BC EB 5A 1B A5 B8 C4 59 A7 86 7F 02 73 A1 01 
	7B 2C 7F 5A F5 0E 0C 2A F1 C1 14 81 C4 E2 0D 8D 
	F4 36 14 87 58 41 95 4C 18 28 7B A2 47 A0 C2 AD 
	75 BC 73 4C BD BA 3A B1 00 8A 79 C6 28 E1 AE FD 
	3F 53 74 AB B0 D8 1F 69 52 6C 55 25 91 49 8B F0 
	7B 6E 73 9C 48 F9 39 35 5D EB 89 4B B4 14 15 1B 
	83 47 5D 6D 17 63 C1 D1 7A B2 44 50 E0 1D D0 25 
	64 D3 82 03 6C 35 4F 10 C5 CE 3B 5A 25 40 22 78 
	52 0D 43 14 53 00 E2 B9 F2 D5 4C 24 02 8E 50 62 
	37 88 71 D5 5D 0B A5 E6 D1 26 6B C9 D9 57 DB DA 
	59 42 03 8B 18 96 A8 C2 B3 09 94 44 E1 9F AC E9 
	C4 F1 26 D3 10 0C BC 51 B3 27 97 F9 5E B9 A9 04 
	75 4D 9E 2B 5E 65 8B 2E B0 96 A8 85 62 3F 5F E6 
	04 43 97 16 21 4C A7 B6 19 3C 0D 60 40 85 A2 FB 
	39 17 C8 C3 F4 7F F9 91 BF B4 C7 9A 27 8E FC 31 
	03 71 FF 37 ED 84 B6 13 C9 20 18 D1 A6 33 5C 67 
	38 DC 3F 26 37 7F AC 35 9E 3F C4 34 9B 54 67 90 
	47 28 39 CF D0 F3 0A 87 22 ED 1A 60 E4 B8 7A D5 
	AB 25 9B 7E E4 49 A5 F0 CB 54 FA 84 DA CE 74 04 
	A5 76 66 13 7B 68 DF 80 6D 21 C5 1F F6 F1 D7 6A 
	AB 6A C2 B4 F4 3F DB 0C 32 12 1A 1E B9 0C 92 85 
	16 9D 68 BE 33 9D 50 0E 97 D1 33 1B 84 85 EE 6B 
	D4 F0 C8 8C 10 48 72 2D BC F1 8A D0 18 74 F5 9D 
	9E 24 8D A6 D0 C8 BF 33 8A E6 2A 95 98 E8 BC 74 
	01 A9 D3 C4 D1 1B F5 74 B6 82 C4 24 E9 6E 6E 8A 
	0A B3 AC D9 92 EB 65 E8 26 46 5E 10 16 27 32 33 
	44 BD 6F 1D 27 72 50 72 D5 EF FA 47 F2 F0 DB 05 
	47 BD 98 0A DB C1 60 B6 FE 48 0C E6 85 99 DC FC 
	F0 41 EA 66 42 11 77 1B A9 A8 F4 3A 25 66 05 1E 
	06 5D 49 B7 DC B8 AA 5A A4 FF F4 9F B6 83 DA 02 
	DC 05 97 7A F5 A5 42 8C 78 D1 D5 18 70 C6 D2 A5 
	1E 24 BE E8 B8 85 4A 50 3E 68 87 DF B8 81 59 2F 
	AD BA 89 D6 43 DE ED 1B D6 69 D0 2B F6 08 02 E9 
	11 E0 2F D8 77 9A 6B 2C F5 3B 02 A4 BC 18 B4 C2 
	58 94 CB 6D A6 6A B3 97 A7 40 56 46 ED 9D 82 57 
	8F C3 55 7C 40 79 93 0A 6C 38 E3 3C 61 E6 78 DB 
	FA 8E 23 57 48 A9 7F 0D 36 D2 7F 74 C6 73 2B C5 
	C1 5F 7B 48 4A B2 2F CA A4 86 98 77 66 36 75 A7 
	7E 4A C1 C8 E1 AC DC B5 CA 39 B6 02 E7 15 76 4C 
	C5 29 9A 57 A4 C5 DB E4 20 E9 7E 01 67 8C 50 5A 
	40 E3 86 83 75 2D 92 90 29 E0 D7 70 7D A7 D0 89 
	81 84 36 AA FC 3E 04 36 94 DB 2E F8 B9 1E 59 38 
	E6 B4 23 59 DC 65 73 07 42 3E 1E EA 66 78 FB 52 
	64 85 6B 3A 21 68 B0 F3 CA 60 38 C1 82 0C 8A C4 
	24 49 DF 5E 55 AF 8C A5 F5 4B F3 01 90 68 CA 7E 
	CB 57 84 12 ED F8 7B 23 23 D8 45 A2 E6 06 BA AE 
	F1 4B 62 08 EC F3 2E FA 18 88 0C 78 8D 22 61 21 
	53 EA FF A8 8B AC 9A F2 C0 7F 5D 36 D4 A8 93 1C 
	4D EA B7 6F CF 02 C7 D6 86 60 1F 50 27 61 0B E6 
	FE 3A 7D 86 68 D0 DE D9 8D 96 F4 ED F3 18 4B 9F 
	7A 90 C2 E1 4E 0A 13 53 16 78 52 E9 71 02 94 C2 
	CE 90 24 21 71 A1 7E 93 97 37 62 F5 40 EE F2 D2 
	38 71 80 00 7F 73 2E 32 9C 67 E4 41 57 ED 64 D8 
	5D DF 23 67 DB 9C E1 2A 18 54 59 10 D7 B2 2C 2B 
	45 C0 F2 E4 CC C2 5B 6A E0 58 7B 57 BE 09 E0 16 
	ED 18 F3 72 38 52 7E 27 DC 4D 60 4B D0 5E D3 C2 
	8B 9E 65 60 98 F3 02 A7 F0 87 7A B0 7D ED E3 42 
	3D 4A CC A0 B0 8F 0E 09 74 D6 CC A1 96 D0 B2 E3 
	03 58 D9 29 65 8C EC C5 9E 12 F5 A4 1B 25 E7 B4 
	CA B2 4D 9A 7C 89 3E B8 53 DA A9 EA 4C D2 8E 6B 
	D9 7F 53 15 9F 2F 44 92 93 B9 24 46 C5 E8 D1 4E 
	94 45 F5 C0 AA C2 35 09 C7 28 39 F1 18 CC 71 3B 
	A4 75 DA 5E 36 3C B8 63 17 35 8A BA 22 5E 05 14 
	95 3D EA 61 B8 18 BD 7C 6F A4 E7 73 BD AB 7B 89 
	18 B1 91 51 E7 34 D2 DD 5A 08 E9 6E CE 07 11 77 
	27 A5 B1 9D 39 54 3A C7 E7 83 CE 32 B1 BC BB 84 
	C3 6A B4 B4 6D C0 E5 E7 B5 4A B4 C5 BF 43 37 B9 
	AA BB 34 58 20 17 83 E6 A1 0B 6C 70 91 E7 C5 FC 
	20 08 5C 4A 96 F2 4C 14 C1 41 38 C5 ED A3 C9 05 
	3C 2E A9 79 B0 
TH2 (size 32):
	85 6A 3E 5B 13 7B 00 97 AC 66 87 B7 E6 5B A4 EB 
	AF 8C 88 4D 14 09 1C 37 1A 2E FA 60 A7 10 4C 1C 
TH_2 (size 32):
	85 6A 3E 5B 13 7B 00 97 AC 66 87 B7 E6 5B A4 EB 
	AF 8C 88 4D 14 09 1C 37 1A 2E FA 60 A7 10 4C 1C 
GX_Y (for prk_2e) (size 32):
	23 42 DA 3A 44 A9 28 77 02 7E D4 DE 6D 1E 8E A1 
	6A 64 F6 60 1A CF 0D 09 79 E2 32 07 86 54 F8 6D 
PRK_2e (first DH derivation) (size 32):
	F6 D8 EF 37 E7 A2 29 CD E6 7B 14 04 AE E1 C8 22 
	02 A7 F8 4B 4E 66 EF 76 BF E7 26 AA 5C 4E 3A 8A 
PRK_2e_b (second KEM DH) (size 32):
	30 3F 20 10 C2 97 29 64 8E E3 9E C2 DD 09 86 1A 
	11 80 D1 CE 62 60 D7 4A EF 67 55 9C BC E7 65 FD 
PRK_2e (size 32):
	30 3F 20 10 C2 97 29 64 8E E3 9E C2 DD 09 86 1A 
	11 80 D1 CE 62 60 D7 4A EF 67 55 9C BC E7 65 FD 
KEYSTREAM_2 (size 12):
	0A D4 13 52 61 21 E1 20 A0 31 4E E0 
associated_data (size 45):
	83 68 45 6E 63 72 79 70 74 30 40 58 20 85 6A 3E 
	5B 13 7B 00 97 AC 66 87 B7 E6 5B A4 EB AF 8C 88 
	4D 14 09 1C 37 1A 2E FA 60 A7 10 4C 1C 
plaintext (size 12):
	41 A1 01 48 1E E5 F3 B7 37 B1 4A 3A 
C_R (raw) (size 1):
	A1 
ID_CRED (size 3):
	A1 04 01 
sign_or_mac (size 8):
	1E E5 F3 B7 37 B1 4A 3A 
[cred] lookup ID_CRED len=3
A10401
[cred] cred_array entries: 5
[cred] candidate[0] len=3 A10401
[cred] candidate[1] len=3 A10401
[cred] candidate[2] len=7 A1043A271CE614
[cred] candidate[3] len=7 A1043A39D0E614
[cred] candidate[4] len=7 A1041A0BD419EB
SHARED SECRET DERIVE
dh_secret (size 32):
	16 97 10 01 99 18 A8 54 1B A3 52 5C 8E 48 5B E2 
	43 22 F8 E6 D1 35 A8 7C 69 E0 DF CC 76 8E ED 5B 
SALT_3e2m or SALT4e3m (size 32):
	76 45 95 70 7A CF 8F 68 10 66 BF E4 35 16 59 26 
	31 B7 0B AC 08 3D 9A F4 05 C1 73 EF 10 7D A2 8D 
prk_3e2m (size 32):
	B1 2F EF D2 95 1A 84 9E 75 C2 D2 47 9C 0B 22 54 
	02 0B 74 6C 42 EB 7E 1C 23 54 3F 6C E9 29 CE 36 
TMP size: 32
CBOR ENCODE ERROR: 0
MAX ID CRED: 400 cred len 3
MAX CRED: 765 cred len 3
PK SIZE: 65
SIGNATURE SIZE: 500
CONTEXT_MAC_SIZE: 1204
CONTEXT_MAC len: 42
CR len: 2
TH enc len: 34
TMP size: 1
CBOR ENCODE ERROR: 0
MAC context (size 42):
	41 A1 A1 04 01 58 20 85 6A 3E 5B 13 7B 00 97 AC 
	66 87 B7 E6 5B A4 EB AF 8C 88 4D 14 09 1C 37 1A 
	2E FA 60 A7 10 4C 1C A1 04 01 
MAC 2/3 (size 8):
	1E E5 F3 B7 37 B1 4A 3A 
th23 (size 32):
	85 6A 3E 5B 13 7B 00 97 AC 66 87 B7 E6 5B A4 EB 
	AF 8C 88 4D 14 09 1C 37 1A 2E FA 60 A7 10 4C 1C 
plaintext_23 (size 12):
	41 A1 01 48 1E E5 F3 B7 37 B1 4A 3A 
cred (size 3):
	A1 04 01 
TMP size: 32
CBOR ENCODE ERROR: 0
Encoded
memcopy1
memcopy2
Input to calculate TH_3/TH_4 (CBOR Sequence) (size 49):
	58 20 85 6A 3E 5B 13 7B 00 97 AC 66 87 B7 E6 5B 
	A4 EB AF 8C 88 4D 14 09 1C 37 1A 2E FA 60 A7 10 
	4C 1C 41 A1 01 48 1E E5 F3 B7 37 B1 4A 3A A1 04 
	01 
TH34 (size 32):
	EC 5B 41 32 6F A3 3B 52 BE 05 0D 10 7E 92 49 D8 
	E6 D5 DE F8 4C A9 CE 1D 9E BE 87 A4 44 00 B3 11 
SHARED SECRET DERIVE
dh_secret (size 32):
	6C AA 7E E1 BA D2 D5 D5 C3 6D 15 AA 95 09 CF D4 
	84 71 E2 B0 43 B8 D2 92 C7 78 9F 3C 1B 1B 6C 3F 
SALT_3e2m or SALT4e3m (size 32):
	DA 9C B7 CE C8 73 42 49 25 CF 4D 37 44 6A 00 37 
	61 DC D5 4F 0F 6E 29 3B 17 3C 89 F0 E5 70 E6 71 
prk_4e3m (size 32):
	22 62 15 0C A9 64 32 66 2A 00 11 D7 29 EF D9 40 
	85 68 6C 32 BB C9 84 99 43 72 BE A6 0E 94 8E 68 
TMP size: 32
CBOR ENCODE ERROR: 0
MAX ID CRED: 400 cred len 3
MAX CRED: 765 cred len 3
PK SIZE: 65
SIGNATURE SIZE: 500
CONTEXT_MAC_SIZE: 1204
CONTEXT_MAC len: 41
CR len: 1
TH enc len: 34
MAC context (size 40):
	A1 04 00 58 20 EC 5B 41 32 6F A3 3B 52 BE 05 0D 
	10 7E 92 49 D8 E6 D5 DE F8 4C A9 CE 1D 9E BE 87 
	A4 44 00 B3 11 A1 04 00 
MAC 2/3 (size 8):
	23 94 76 BA 39 9E 56 A7 
TMP size: 8
CBOR ENCODE ERROR: 0
kid (size 1):
	00 
K_3 (size 16):
	98 F3 D8 F8 25 E0 F8 13 50 D3 29 56 F6 08 8F 82 
IV_3 (size 13):
	02 05 5B 01 86 69 F4 09 50 33 20 BD 24 
aad_data (size 45):
	83 68 45 6E 63 72 79 70 74 30 40 58 20 EC 5B 41 
	32 6F A3 3B 52 BE 05 0D 10 7E 92 49 D8 E6 D5 DE 
	F8 4C A9 CE 1D 9E BE 87 A4 44 00 B3 11 
ciphertext_2/3/4 (size 20):
	AF CD 26 D0 EC BC 86 28 74 51 99 EE 13 28 E7 B2 
	60 4B 96 2C 
CIPHERTEXT: (size 20):
	AF CD 26 D0 EC BC 86 28 74 51 99 EE 13 28 E7 B2 
	60 4B 96 2C 
MSG out size:24
TMP size: 20
CBOR ENCODE ERROR: 0
msg3 (size 21):
	54 AF CD 26 D0 EC BC 86 28 74 51 99 EE 13 28 E7 
	B2 60 4B 96 2C 
th23 (size 32):
	EC 5B 41 32 6F A3 3B 52 BE 05 0D 10 7E 92 49 D8 
	E6 D5 DE F8 4C A9 CE 1D 9E BE 87 A4 44 00 B3 11 
plaintext_23 (size 12):
	A1 04 00 48 23 94 76 BA 39 9E 56 A7 
cred (size 3):
	A1 04 00 
TMP size: 32
CBOR ENCODE ERROR: 0
Encoded
memcopy1
memcopy2
Input to calculate TH_3/TH_4 (CBOR Sequence) (size 49):
	58 20 EC 5B 41 32 6F A3 3B 52 BE 05 0D 10 7E 92 
	49 D8 E6 D5 DE F8 4C A9 CE 1D 9E BE 87 A4 44 00 
	B3 11 A1 04 00 48 23 94 76 BA 39 9E 56 A7 A1 04 
	00 
TH34 (size 32):
	F6 8F 8A 0A 35 A6 F0 18 0F 81 79 4C B8 59 5D 0F 
	09 B5 82 8F E8 4B 03 AB 63 ED A0 3F 33 31 CE 9F 
[init] tx sent 21 bytes
[init] edhoc_initiator_run completed
PRK_out (size 32):
	C7 C0 BA D7 EE EF 23 86 D0 32 B4 63 9B 5D 1E BE 
	32 DD BB 74 07 AF FA D9 B4 8D C7 D8 38 2F 19 DA 
prk_exporter (size 32):
	4E 81 BD FC 76 0F 84 9A 45 8C EC 10 E3 65 C0 64 
	8F 74 34 A4 3C 2D D7 E4 C2 08 C8 82 0B 56 4D F8 
OSCORE Master Secret (size 16):
	A0 A5 C7 47 AE CD 1B B8 57 4C B1 1D CF 80 8C AB 
OSCORE Master Salt (size 8):
	EB 1C 25 EE 94 18 C4 FA 
