[resp] get_suite
[resp] suite ready
IPv4 server with address 0.0.0.0 started!
[resp] socket ready
[resp] static DH keygen
[resp] static initiator pk
[resp] ephemeral DH keygen
[resp] starting edhoc_responder_run
[resp] rx got 1223 bytes
message_1 (CBOR Sequence) (size 1223):
	03 15 59 04 C0 FB B4 6F DD 17 E8 B7 0E C5 98 DE 
	CB B6 C8 4A 15 29 B0 DF CF 9E DE D9 C5 F8 D3 BF 
	64 F5 52 D2 10 D2 E0 2A 30 53 30 A6 71 59 DA 61 
	6B E6 B4 72 7B 93 42 10 F5 C4 69 DA 1B 90 AA 27 
	0F 34 85 8F 2C 7A 19 12 41 58 E1 31 79 A9 33 DC 
	39 3B D6 13 B6 90 A9 07 A2 99 C7 C5 C4 83 6A 80 
	CA CC 08 BB BC 16 00 39 57 7C 52 86 4D 1D 38 59 
	9F A6 26 CE 44 59 C9 24 08 B5 E4 54 BB 5C 35 7C 
	88 44 BC 06 0B A0 A5 44 8E E4 60 0F 84 C3 85 DB 
	99 87 11 CF 62 AA 0E 40 40 C6 8D FB 3F FD B4 7F 
	81 E1 CC 47 42 6E 17 CA A3 71 E3 4F 9B C8 15 7E 
	0A 57 52 D5 79 C6 D1 00 48 97 45 66 48 B8 EF 22 
	82 63 1B AF EC 29 0A 61 BC 52 F9 FC CC A6 7B 62 
	0B 19 B4 26 82 62 A6 19 64 80 24 06 38 D0 01 83 
	11 16 3A 80 74 B5 5C AB 26 91 04 C2 D4 BC 66 AB 
	40 05 9C 9A CA 6A AA 93 DC A1 F5 B7 CD 5E B6 21 
	DF A6 6B 57 E6 36 9C 21 94 69 D0 77 0F 91 75 CB 
	04 01 4F 64 86 EF 63 5C 0E 6A A2 F7 90 48 95 93 
	14 7B 02 77 F7 4B 4F 42 0A CB B0 61 6F FC 9B 53 
	E9 6B CD C6 99 25 CF 87 7B 19 43 9B 9D 16 80 F0 
	60 78 2C 4A 79 D5 89 1C 0A 28 A9 87 88 A5 73 2C 
	CF 89 1C A4 C0 D2 A1 89 AA 3A DD D0 8C E1 17 16 
	6D C6 06 E3 2C 8B 93 D6 06 3C EC 08 D6 B2 C0 70 
	F8 1B 66 4C 66 6D C5 9F 64 4B 9A 61 F1 31 C3 0C 
	56 7C C9 15 2A 51 BA BA 62 55 F9 52 56 8C D3 0F 
	BC DB 42 B8 56 B1 1F F2 9C FF A4 32 BC 75 A2 DB 
	34 40 D8 C2 42 E0 A3 23 2E 17 9E ED 83 0D 77 F2 
	C8 44 B7 BD 0A 5B 2D 9E 6C 95 EE 2A 2A 3C 54 4D 
	C2 69 C1 63 D3 0E 03 5A 2F 3B 13 29 35 56 24 61 
	A6 C1 E2 B8 15 13 A0 6C 60 4C 27 E3 A8 CF 98 75 
	3C 36 17 46 AD 44 AD A0 1B 44 D1 85 24 B1 D3 79 
	57 2A BF FD 19 89 BB 69 C9 9F E5 78 8F FA BF BE 
	64 4F 16 58 5B 21 51 02 59 6B 0F 90 63 00 8D D4 
	A8 B4 99 3F E0 22 92 B5 0A 57 81 0C 44 16 B5 8A 
	A7 F6 40 E8 6A 3E 17 E3 BB 32 69 A6 C4 D7 C7 1C 
	F2 B9 0A C2 B1 F1 A0 CD D8 C6 04 F5 72 3D 3B 63 
	34 7E 19 8E 25 A4 C3 0E 86 C1 05 A4 10 CC BC 56 
	AE 11 A7 2C 04 96 BD B5 9D E1 82 B3 60 35 C4 EA 
	17 A0 C4 3C 4E D4 4A 8A 17 70 4D D7 EA 52 44 27 
	0C EC 13 19 25 30 4A 39 73 5B FA 5C 0F 77 B4 CA 
	D6 70 CA 69 93 C7 EA AA 6F FA 4A C2 7E D0 90 98 
	E0 05 83 E9 6F 3B A3 0B 9A 05 1A 83 E8 CD F3 42 
	BE C5 84 94 2D 96 0C 7F 21 C7 8B C9 A7 06 66 64 
	8E 27 03 DC AB 84 3B B4 18 16 61 A7 81 B8 22 CC 
	82 6C 12 E0 6D 13 A5 BA 48 63 50 FE E0 67 4E 61 
	0A C2 51 73 59 17 98 C7 D0 21 60 B9 21 47 0A 76 
	E1 EB CE 13 D5 95 CD 81 53 A6 B4 23 A5 13 AA E9 
	B9 8D D5 44 B1 B3 BA 7C 96 F9 9A 21 83 9E A0 EB 
	32 BE 34 85 EE 2B 57 31 46 A9 69 A5 53 C9 52 46 
	7F E0 65 FF CC 39 7B 58 BB 86 C3 BF 17 07 89 3F 
	06 91 37 19 64 E2 03 1E F1 1A 44 24 1B 36 F5 E7 
	28 28 68 9A 37 51 80 2A 77 80 1B D2 61 CF B0 0D 
	FD D6 02 E5 44 65 F8 9A 4F 64 84 87 CD 22 10 94 
	21 08 66 A7 47 23 AC 45 C2 EC 25 5B C0 1F 72 01 
	07 21 0A C5 31 0C 02 C4 01 66 35 83 3F E9 43 2F 
	BB 7A 93 A7 96 B8 FE 3B 78 DD 78 72 C6 0A 71 AC 
	DB CD 75 DB 62 BF 39 34 3C 55 CC 82 B7 55 8F DC 
	52 F8 08 11 72 A0 C5 5A E0 89 44 61 5D 36 86 14 
	C0 08 5D 54 C3 B1 21 15 2B 68 7B 90 0B 22 67 0B 
	F0 0B 13 C6 26 B0 AA C9 21 22 96 04 D7 48 C5 59 
	80 F9 53 5C BD 25 7F 12 3C 34 80 C2 C1 2F 81 88 
	B2 76 01 99 5C 76 8E 76 1F 11 82 72 22 F7 C1 63 
	96 CD B4 BB B5 F6 17 A6 D3 C1 4E 5A 91 CB 30 A3 
	C8 EF 9C B9 90 47 91 CA 25 7E 56 F3 CB 42 A1 AA 
	4D 4C CF 7A 5A 2B 4B EB 93 BB 76 4C A3 34 78 F9 
	FC 03 C4 85 C3 F1 D5 1B 88 A9 7E 9D 37 18 F7 90 
	8D A2 74 B2 2C 7A C1 87 B6 22 21 B3 38 FC 00 69 
	11 35 17 C0 28 1C 64 7A 11 2B 2C C6 04 76 C1 EF 
	94 A9 86 0C 3D E1 04 A4 13 95 2E 58 DB 18 7C 58 
	90 DF 68 3A 22 69 3D 51 AA 2F 7A 05 5D C2 33 AC 
	43 85 B9 9C 55 64 AE 81 CE 79 04 47 57 37 01 09 
	72 64 16 59 43 C6 5C 46 74 57 A9 02 80 5C 8D 58 
	B6 5D 2A 3D F4 59 1F 89 9A B8 06 24 07 7E 89 2F 
	4B F8 9D 67 D3 81 82 6A 7D 83 98 99 A0 80 6A 43 
	C4 02 23 14 2E 26 AB 87 22 3B 25 B7 66 16 CA B2 
	3E F5 01 1E BA B3 40 4C C0 E5 6E A7 39 52 F0 8F 
	93 A9 35 DA 41 41 49 
msg1  (size 1223):
	03 15 59 04 C0 FB B4 6F DD 17 E8 B7 0E C5 98 DE 
	CB B6 C8 4A 15 29 B0 DF CF 9E DE D9 C5 F8 D3 BF 
	64 F5 52 D2 10 D2 E0 2A 30 53 30 A6 71 59 DA 61 
	6B E6 B4 72 7B 93 42 10 F5 C4 69 DA 1B 90 AA 27 
	0F 34 85 8F 2C 7A 19 12 41 58 E1 31 79 A9 33 DC 
	39 3B D6 13 B6 90 A9 07 A2 99 C7 C5 C4 83 6A 80 
	CA CC 08 BB BC 16 00 39 57 7C 52 86 4D 1D 38 59 
	9F A6 26 CE 44 59 C9 24 08 B5 E4 54 BB 5C 35 7C 
	88 44 BC 06 0B A0 A5 44 8E E4 60 0F 84 C3 85 DB 
	99 87 11 CF 62 AA 0E 40 40 C6 8D FB 3F FD B4 7F 
	81 E1 CC 47 42 6E 17 CA A3 71 E3 4F 9B C8 15 7E 
	0A 57 52 D5 79 C6 D1 00 48 97 45 66 48 B8 EF 22 
	82 63 1B AF EC 29 0A 61 BC 52 F9 FC CC A6 7B 62 
	0B 19 B4 26 82 62 A6 19 64 80 24 06 38 D0 01 83 
	11 16 3A 80 74 B5 5C AB 26 91 04 C2 D4 BC 66 AB 
	40 05 9C 9A CA 6A AA 93 DC A1 F5 B7 CD 5E B6 21 
	DF A6 6B 57 E6 36 9C 21 94 69 D0 77 0F 91 75 CB 
	04 01 4F 64 86 EF 63 5C 0E 6A A2 F7 90 48 95 93 
	14 7B 02 77 F7 4B 4F 42 0A CB B0 61 6F FC 9B 53 
	E9 6B CD C6 99 25 CF 87 7B 19 43 9B 9D 16 80 F0 
	60 78 2C 4A 79 D5 89 1C 0A 28 A9 87 88 A5 73 2C 
	CF 89 1C A4 C0 D2 A1 89 AA 3A DD D0 8C E1 17 16 
	6D C6 06 E3 2C 8B 93 D6 06 3C EC 08 D6 B2 C0 70 
	F8 1B 66 4C 66 6D C5 9F 64 4B 9A 61 F1 31 C3 0C 
	56 7C C9 15 2A 51 BA BA 62 55 F9 52 56 8C D3 0F 
	BC DB 42 B8 56 B1 1F F2 9C FF A4 32 BC 75 A2 DB 
	34 40 D8 C2 42 E0 A3 23 2E 17 9E ED 83 0D 77 F2 
	C8 44 B7 BD 0A 5B 2D 9E 6C 95 EE 2A 2A 3C 54 4D 
	C2 69 C1 63 D3 0E 03 5A 2F 3B 13 29 35 56 24 61 
	A6 C1 E2 B8 15 13 A0 6C 60 4C 27 E3 A8 CF 98 75 
	3C 36 17 46 AD 44 AD A0 1B 44 D1 85 24 B1 D3 79 
	57 2A BF FD 19 89 BB 69 C9 9F E5 78 8F FA BF BE 
	64 4F 16 58 5B 21 51 02 59 6B 0F 90 63 00 8D D4 
	A8 B4 99 3F E0 22 92 B5 0A 57 81 0C 44 16 B5 8A 
	A7 F6 40 E8 6A 3E 17 E3 BB 32 69 A6 C4 D7 C7 1C 
	F2 B9 0A C2 B1 F1 A0 CD D8 C6 04 F5 72 3D 3B 63 
	34 7E 19 8E 25 A4 C3 0E 86 C1 05 A4 10 CC BC 56 
	AE 11 A7 2C 04 96 BD B5 9D E1 82 B3 60 35 C4 EA 
	17 A0 C4 3C 4E D4 4A 8A 17 70 4D D7 EA 52 44 27 
	0C EC 13 19 25 30 4A 39 73 5B FA 5C 0F 77 B4 CA 
	D6 70 CA 69 93 C7 EA AA 6F FA 4A C2 7E D0 90 98 
	E0 05 83 E9 6F 3B A3 0B 9A 05 1A 83 E8 CD F3 42 
	BE C5 84 94 2D 96 0C 7F 21 C7 8B C9 A7 06 66 64 
	8E 27 03 DC AB 84 3B B4 18 16 61 A7 81 B8 22 CC 
	82 6C 12 E0 6D 13 A5 BA 48 63 50 FE E0 67 4E 61 
	0A C2 51 73 59 17 98 C7 D0 21 60 B9 21 47 0A 76 
	E1 EB CE 13 D5 95 CD 81 53 A6 B4 23 A5 13 AA E9 
	B9 8D D5 44 B1 B3 BA 7C 96 F9 9A 21 83 9E A0 EB 
	32 BE 34 85 EE 2B 57 31 46 A9 69 A5 53 C9 52 46 
	7F E0 65 FF CC 39 7B 58 BB 86 C3 BF 17 07 89 3F 
	06 91 37 19 64 E2 03 1E F1 1A 44 24 1B 36 F5 E7 
	28 28 68 9A 37 51 80 2A 77 80 1B D2 61 CF B0 0D 
	FD D6 02 E5 44 65 F8 9A 4F 64 84 87 CD 22 10 94 
	21 08 66 A7 47 23 AC 45 C2 EC 25 5B C0 1F 72 01 
	07 21 0A C5 31 0C 02 C4 01 66 35 83 3F E9 43 2F 
	BB 7A 93 A7 96 B8 FE 3B 78 DD 78 72 C6 0A 71 AC 
	DB CD 75 DB 62 BF 39 34 3C 55 CC 82 B7 55 8F DC 
	52 F8 08 11 72 A0 C5 5A E0 89 44 61 5D 36 86 14 
	C0 08 5D 54 C3 B1 21 15 2B 68 7B 90 0B 22 67 0B 
	F0 0B 13 C6 26 B0 AA C9 21 22 96 04 D7 48 C5 59 
	80 F9 53 5C BD 25 7F 12 3C 34 80 C2 C1 2F 81 88 
	B2 76 01 99 5C 76 8E 76 1F 11 82 72 22 F7 C1 63 
	96 CD B4 BB B5 F6 17 A6 D3 C1 4E 5A 91 CB 30 A3 
	C8 EF 9C B9 90 47 91 CA 25 7E 56 F3 CB 42 A1 AA 
	4D 4C CF 7A 5A 2B 4B EB 93 BB 76 4C A3 34 78 F9 
	FC 03 C4 85 C3 F1 D5 1B 88 A9 7E 9D 37 18 F7 90 
	8D A2 74 B2 2C 7A C1 87 B6 22 21 B3 38 FC 00 69 
	11 35 17 C0 28 1C 64 7A 11 2B 2C C6 04 76 C1 EF 
	94 A9 86 0C 3D E1 04 A4 13 95 2E 58 DB 18 7C 58 
	90 DF 68 3A 22 69 3D 51 AA 2F 7A 05 5D C2 33 AC 
	43 85 B9 9C 55 64 AE 81 CE 79 04 47 57 37 01 09 
	72 64 16 59 43 C6 5C 46 74 57 A9 02 80 5C 8D 58 
	B6 5D 2A 3D F4 59 1F 89 9A B8 06 24 07 7E 89 2F 
	4B F8 9D 67 D3 81 82 6A 7D 83 98 99 A0 80 6A 43 
	C4 02 23 14 2E 26 AB 87 22 3B 25 B7 66 16 CA B2 
	3E F5 01 1E BA B3 40 4C C0 E5 6E A7 39 52 F0 8F 
	93 A9 35 DA 41 41 49 
msg1 METHOD: 3
msg1 SUITES_I (size 1):
	15 
g_x len 1216
g_x len message 1 1216
msg1 G_X (size 1216):
	FB B4 6F DD 17 E8 B7 0E C5 98 DE CB B6 C8 4A 15 
	29 B0 DF CF 9E DE D9 C5 F8 D3 BF 64 F5 52 D2 10 
	D2 E0 2A 30 53 30 A6 71 59 DA 61 6B E6 B4 72 7B 
	93 42 10 F5 C4 69 DA 1B 90 AA 27 0F 34 85 8F 2C 
	7A 19 12 41 58 E1 31 79 A9 33 DC 39 3B D6 13 B6 
	90 A9 07 A2 99 C7 C5 C4 83 6A 80 CA CC 08 BB BC 
	16 00 39 57 7C 52 86 4D 1D 38 59 9F A6 26 CE 44 
	59 C9 24 08 B5 E4 54 BB 5C 35 7C 88 44 BC 06 0B 
	A0 A5 44 8E E4 60 0F 84 C3 85 DB 99 87 11 CF 62 
	AA 0E 40 40 C6 8D FB 3F FD B4 7F 81 E1 CC 47 42 
	6E 17 CA A3 71 E3 4F 9B C8 15 7E 0A 57 52 D5 79 
	C6 D1 00 48 97 45 66 48 B8 EF 22 82 63 1B AF EC 
	29 0A 61 BC 52 F9 FC CC A6 7B 62 0B 19 B4 26 82 
	62 A6 19 64 80 24 06 38 D0 01 83 11 16 3A 80 74 
	B5 5C AB 26 91 04 C2 D4 BC 66 AB 40 05 9C 9A CA 
	6A AA 93 DC A1 F5 B7 CD 5E B6 21 DF A6 6B 57 E6 
	36 9C 21 94 69 D0 77 0F 91 75 CB 04 01 4F 64 86 
	EF 63 5C 0E 6A A2 F7 90 48 95 93 14 7B 02 77 F7 
	4B 4F 42 0A CB B0 61 6F FC 9B 53 E9 6B CD C6 99 
	25 CF 87 7B 19 43 9B 9D 16 80 F0 60 78 2C 4A 79 
	D5 89 1C 0A 28 A9 87 88 A5 73 2C CF 89 1C A4 C0 
	D2 A1 89 AA 3A DD D0 8C E1 17 16 6D C6 06 E3 2C 
	8B 93 D6 06 3C EC 08 D6 B2 C0 70 F8 1B 66 4C 66 
	6D C5 9F 64 4B 9A 61 F1 31 C3 0C 56 7C C9 15 2A 
	51 BA BA 62 55 F9 52 56 8C D3 0F BC DB 42 B8 56 
	B1 1F F2 9C FF A4 32 BC 75 A2 DB 34 40 D8 C2 42 
	E0 A3 23 2E 17 9E ED 83 0D 77 F2 C8 44 B7 BD 0A 
	5B 2D 9E 6C 95 EE 2A 2A 3C 54 4D C2 69 C1 63 D3 
	0E 03 5A 2F 3B 13 29 35 56 24 61 A6 C1 E2 B8 15 
	13 A0 6C 60 4C 27 E3 A8 CF 98 75 3C 36 17 46 AD 
	44 AD A0 1B 44 D1 85 24 B1 D3 79 57 2A BF FD 19 
	89 BB 69 C9 9F E5 78 8F FA BF BE 64 4F 16 58 5B 
	21 51 02 59 6B 0F 90 63 00 8D D4 A8 B4 99 3F E0 
	22 92 B5 0A 57 81 0C 44 16 B5 8A A7 F6 40 E8 6A 
	3E 17 E3 BB 32 69 A6 C4 D7 C7 1C F2 B9 0A C2 B1 
	F1 A0 CD D8 C6 04 F5 72 3D 3B 63 34 7E 19 8E 25 
	A4 C3 0E 86 C1 05 A4 10 CC BC 56 AE 11 A7 2C 04 
	96 BD B5 9D E1 82 B3 60 35 C4 EA 17 A0 C4 3C 4E 
	D4 4A 8A 17 70 4D D7 EA 52 44 27 0C EC 13 19 25 
	30 4A 39 73 5B FA 5C 0F 77 B4 CA D6 70 CA 69 93 
	C7 EA AA 6F FA 4A C2 7E D0 90 98 E0 05 83 E9 6F 
	3B A3 0B 9A 05 1A 83 E8 CD F3 42 BE C5 84 94 2D 
	96 0C 7F 21 C7 8B C9 A7 06 66 64 8E 27 03 DC AB 
	84 3B B4 18 16 61 A7 81 B8 22 CC 82 6C 12 E0 6D 
	13 A5 BA 48 63 50 FE E0 67 4E 61 0A C2 51 73 59 
	17 98 C7 D0 21 60 B9 21 47 0A 76 E1 EB CE 13 D5 
	95 CD 81 53 A6 B4 23 A5 13 AA E9 B9 8D D5 44 B1 
	B3 BA 7C 96 F9 9A 21 83 9E A0 EB 32 BE 34 85 EE 
	2B 57 31 46 A9 69 A5 53 C9 52 46 7F E0 65 FF CC 
	39 7B 58 BB 86 C3 BF 17 07 89 3F 06 91 37 19 64 
	E2 03 1E F1 1A 44 24 1B 36 F5 E7 28 28 68 9A 37 
	51 80 2A 77 80 1B D2 61 CF B0 0D FD D6 02 E5 44 
	65 F8 9A 4F 64 84 87 CD 22 10 94 21 08 66 A7 47 
	23 AC 45 C2 EC 25 5B C0 1F 72 01 07 21 0A C5 31 
	0C 02 C4 01 66 35 83 3F E9 43 2F BB 7A 93 A7 96 
	B8 FE 3B 78 DD 78 72 C6 0A 71 AC DB CD 75 DB 62 
	BF 39 34 3C 55 CC 82 B7 55 8F DC 52 F8 08 11 72 
	A0 C5 5A E0 89 44 61 5D 36 86 14 C0 08 5D 54 C3 
	B1 21 15 2B 68 7B 90 0B 22 67 0B F0 0B 13 C6 26 
	B0 AA C9 21 22 96 04 D7 48 C5 59 80 F9 53 5C BD 
	25 7F 12 3C 34 80 C2 C1 2F 81 88 B2 76 01 99 5C 
	76 8E 76 1F 11 82 72 22 F7 C1 63 96 CD B4 BB B5 
	F6 17 A6 D3 C1 4E 5A 91 CB 30 A3 C8 EF 9C B9 90 
	47 91 CA 25 7E 56 F3 CB 42 A1 AA 4D 4C CF 7A 5A 
	2B 4B EB 93 BB 76 4C A3 34 78 F9 FC 03 C4 85 C3 
	F1 D5 1B 88 A9 7E 9D 37 18 F7 90 8D A2 74 B2 2C 
	7A C1 87 B6 22 21 B3 38 FC 00 69 11 35 17 C0 28 
	1C 64 7A 11 2B 2C C6 04 76 C1 EF 94 A9 86 0C 3D 
	E1 04 A4 13 95 2E 58 DB 18 7C 58 90 DF 68 3A 22 
	69 3D 51 AA 2F 7A 05 5D C2 33 AC 43 85 B9 9C 55 
	64 AE 81 CE 79 04 47 57 37 01 09 72 64 16 59 43 
	C6 5C 46 74 57 A9 02 80 5C 8D 58 B6 5D 2A 3D F4 
	59 1F 89 9A B8 06 24 07 7E 89 2F 4B F8 9D 67 D3 
	81 82 6A 7D 83 98 99 A0 80 6A 43 C4 02 23 14 2E 
	26 AB 87 22 3B 25 B7 66 16 CA B2 3E F5 01 1E BA 
	B3 40 4C C0 E5 6E A7 39 52 F0 8F 93 A9 35 DA 41 
msg1 C_I_raw (size 1):
	49 
Suite 21 will be used in this EDHOC run.
PQ/T hybrid declare second array
PQ/T hybrid suit
PQ/T y  (size 32):
	38 89 C4 E0 B5 3B 03 FA 44 FB A6 AF 89 EE AA 5F 
	43 47 E8 49 6E 93 4C E8 13 64 E1 32 CF CA 25 6D 
PQ/T gx  (size 1216):
	FB B4 6F DD 17 E8 B7 0E C5 98 DE CB B6 C8 4A 15 
	29 B0 DF CF 9E DE D9 C5 F8 D3 BF 64 F5 52 D2 10 
	D2 E0 2A 30 53 30 A6 71 59 DA 61 6B E6 B4 72 7B 
	93 42 10 F5 C4 69 DA 1B 90 AA 27 0F 34 85 8F 2C 
	7A 19 12 41 58 E1 31 79 A9 33 DC 39 3B D6 13 B6 
	90 A9 07 A2 99 C7 C5 C4 83 6A 80 CA CC 08 BB BC 
	16 00 39 57 7C 52 86 4D 1D 38 59 9F A6 26 CE 44 
	59 C9 24 08 B5 E4 54 BB 5C 35 7C 88 44 BC 06 0B 
	A0 A5 44 8E E4 60 0F 84 C3 85 DB 99 87 11 CF 62 
	AA 0E 40 40 C6 8D FB 3F FD B4 7F 81 E1 CC 47 42 
	6E 17 CA A3 71 E3 4F 9B C8 15 7E 0A 57 52 D5 79 
	C6 D1 00 48 97 45 66 48 B8 EF 22 82 63 1B AF EC 
	29 0A 61 BC 52 F9 FC CC A6 7B 62 0B 19 B4 26 82 
	62 A6 19 64 80 24 06 38 D0 01 83 11 16 3A 80 74 
	B5 5C AB 26 91 04 C2 D4 BC 66 AB 40 05 9C 9A CA 
	6A AA 93 DC A1 F5 B7 CD 5E B6 21 DF A6 6B 57 E6 
	36 9C 21 94 69 D0 77 0F 91 75 CB 04 01 4F 64 86 
	EF 63 5C 0E 6A A2 F7 90 48 95 93 14 7B 02 77 F7 
	4B 4F 42 0A CB B0 61 6F FC 9B 53 E9 6B CD C6 99 
	25 CF 87 7B 19 43 9B 9D 16 80 F0 60 78 2C 4A 79 
	D5 89 1C 0A 28 A9 87 88 A5 73 2C CF 89 1C A4 C0 
	D2 A1 89 AA 3A DD D0 8C E1 17 16 6D C6 06 E3 2C 
	8B 93 D6 06 3C EC 08 D6 B2 C0 70 F8 1B 66 4C 66 
	6D C5 9F 64 4B 9A 61 F1 31 C3 0C 56 7C C9 15 2A 
	51 BA BA 62 55 F9 52 56 8C D3 0F BC DB 42 B8 56 
	B1 1F F2 9C FF A4 32 BC 75 A2 DB 34 40 D8 C2 42 
	E0 A3 23 2E 17 9E ED 83 0D 77 F2 C8 44 B7 BD 0A 
	5B 2D 9E 6C 95 EE 2A 2A 3C 54 4D C2 69 C1 63 D3 
	0E 03 5A 2F 3B 13 29 35 56 24 61 A6 C1 E2 B8 15 
	13 A0 6C 60 4C 27 E3 A8 CF 98 75 3C 36 17 46 AD 
	44 AD A0 1B 44 D1 85 24 B1 D3 79 57 2A BF FD 19 
	89 BB 69 C9 9F E5 78 8F FA BF BE 64 4F 16 58 5B 
	21 51 02 59 6B 0F 90 63 00 8D D4 A8 B4 99 3F E0 
	22 92 B5 0A 57 81 0C 44 16 B5 8A A7 F6 40 E8 6A 
	3E 17 E3 BB 32 69 A6 C4 D7 C7 1C F2 B9 0A C2 B1 
	F1 A0 CD D8 C6 04 F5 72 3D 3B 63 34 7E 19 8E 25 
	A4 C3 0E 86 C1 05 A4 10 CC BC 56 AE 11 A7 2C 04 
	96 BD B5 9D E1 82 B3 60 35 C4 EA 17 A0 C4 3C 4E 
	D4 4A 8A 17 70 4D D7 EA 52 44 27 0C EC 13 19 25 
	30 4A 39 73 5B FA 5C 0F 77 B4 CA D6 70 CA 69 93 
	C7 EA AA 6F FA 4A C2 7E D0 90 98 E0 05 83 E9 6F 
	3B A3 0B 9A 05 1A 83 E8 CD F3 42 BE C5 84 94 2D 
	96 0C 7F 21 C7 8B C9 A7 06 66 64 8E 27 03 DC AB 
	84 3B B4 18 16 61 A7 81 B8 22 CC 82 6C 12 E0 6D 
	13 A5 BA 48 63 50 FE E0 67 4E 61 0A C2 51 73 59 
	17 98 C7 D0 21 60 B9 21 47 0A 76 E1 EB CE 13 D5 
	95 CD 81 53 A6 B4 23 A5 13 AA E9 B9 8D D5 44 B1 
	B3 BA 7C 96 F9 9A 21 83 9E A0 EB 32 BE 34 85 EE 
	2B 57 31 46 A9 69 A5 53 C9 52 46 7F E0 65 FF CC 
	39 7B 58 BB 86 C3 BF 17 07 89 3F 06 91 37 19 64 
	E2 03 1E F1 1A 44 24 1B 36 F5 E7 28 28 68 9A 37 
	51 80 2A 77 80 1B D2 61 CF B0 0D FD D6 02 E5 44 
	65 F8 9A 4F 64 84 87 CD 22 10 94 21 08 66 A7 47 
	23 AC 45 C2 EC 25 5B C0 1F 72 01 07 21 0A C5 31 
	0C 02 C4 01 66 35 83 3F E9 43 2F BB 7A 93 A7 96 
	B8 FE 3B 78 DD 78 72 C6 0A 71 AC DB CD 75 DB 62 
	BF 39 34 3C 55 CC 82 B7 55 8F DC 52 F8 08 11 72 
	A0 C5 5A E0 89 44 61 5D 36 86 14 C0 08 5D 54 C3 
	B1 21 15 2B 68 7B 90 0B 22 67 0B F0 0B 13 C6 26 
	B0 AA C9 21 22 96 04 D7 48 C5 59 80 F9 53 5C BD 
	25 7F 12 3C 34 80 C2 C1 2F 81 88 B2 76 01 99 5C 
	76 8E 76 1F 11 82 72 22 F7 C1 63 96 CD B4 BB B5 
	F6 17 A6 D3 C1 4E 5A 91 CB 30 A3 C8 EF 9C B9 90 
	47 91 CA 25 7E 56 F3 CB 42 A1 AA 4D 4C CF 7A 5A 
	2B 4B EB 93 BB 76 4C A3 34 78 F9 FC 03 C4 85 C3 
	F1 D5 1B 88 A9 7E 9D 37 18 F7 90 8D A2 74 B2 2C 
	7A C1 87 B6 22 21 B3 38 FC 00 69 11 35 17 C0 28 
	1C 64 7A 11 2B 2C C6 04 76 C1 EF 94 A9 86 0C 3D 
	E1 04 A4 13 95 2E 58 DB 18 7C 58 90 DF 68 3A 22 
	69 3D 51 AA 2F 7A 05 5D C2 33 AC 43 85 B9 9C 55 
	64 AE 81 CE 79 04 47 57 37 01 09 72 64 16 59 43 
	C6 5C 46 74 57 A9 02 80 5C 8D 58 B6 5D 2A 3D F4 
	59 1F 89 9A B8 06 24 07 7E 89 2F 4B F8 9D 67 D3 
	81 82 6A 7D 83 98 99 A0 80 6A 43 C4 02 23 14 2E 
	26 AB 87 22 3B 25 B7 66 16 CA B2 3E F5 01 1E BA 
	B3 40 4C C0 E5 6E A7 39 52 F0 8F 93 A9 35 DA 41 
DH y  (size 32):
	38 89 C4 E0 B5 3B 03 FA 44 FB A6 AF 89 EE AA 5F 
	43 47 E8 49 6E 93 4C E8 13 64 E1 32 CF CA 25 6D 
DH gx  (size 32):
	FB B4 6F DD 17 E8 B7 0E C5 98 DE CB B6 C8 4A 15 
	29 B0 DF CF 9E DE D9 C5 F8 D3 BF 64 F5 52 D2 10 
SHARED SECRET DERIVE
G_XY (ECDH shared secret)  (size 32):
	23 42 DA 3A 44 A9 28 77 02 7E D4 DE 6D 1E 8E A1 
	6A 64 F6 60 1A CF 0D 09 79 E2 32 07 86 54 F8 6D 
KEM mechanism
KEM - g_x  (size 1184):
	D2 E0 2A 30 53 30 A6 71 59 DA 61 6B E6 B4 72 7B 
	93 42 10 F5 C4 69 DA 1B 90 AA 27 0F 34 85 8F 2C 
	7A 19 12 41 58 E1 31 79 A9 33 DC 39 3B D6 13 B6 
	90 A9 07 A2 99 C7 C5 C4 83 6A 80 CA CC 08 BB BC 
	16 00 39 57 7C 52 86 4D 1D 38 59 9F A6 26 CE 44 
	59 C9 24 08 B5 E4 54 BB 5C 35 7C 88 44 BC 06 0B 
	A0 A5 44 8E E4 60 0F 84 C3 85 DB 99 87 11 CF 62 
	AA 0E 40 40 C6 8D FB 3F FD B4 7F 81 E1 CC 47 42 
	6E 17 CA A3 71 E3 4F 9B C8 15 7E 0A 57 52 D5 79 
	C6 D1 00 48 97 45 66 48 B8 EF 22 82 63 1B AF EC 
	29 0A 61 BC 52 F9 FC CC A6 7B 62 0B 19 B4 26 82 
	62 A6 19 64 80 24 06 38 D0 01 83 11 16 3A 80 74 
	B5 5C AB 26 91 04 C2 D4 BC 66 AB 40 05 9C 9A CA 
	6A AA 93 DC A1 F5 B7 CD 5E B6 21 DF A6 6B 57 E6 
	36 9C 21 94 69 D0 77 0F 91 75 CB 04 01 4F 64 86 
	EF 63 5C 0E 6A A2 F7 90 48 95 93 14 7B 02 77 F7 
	4B 4F 42 0A CB B0 61 6F FC 9B 53 E9 6B CD C6 99 
	25 CF 87 7B 19 43 9B 9D 16 80 F0 60 78 2C 4A 79 
	D5 89 1C 0A 28 A9 87 88 A5 73 2C CF 89 1C A4 C0 
	D2 A1 89 AA 3A DD D0 8C E1 17 16 6D C6 06 E3 2C 
	8B 93 D6 06 3C EC 08 D6 B2 C0 70 F8 1B 66 4C 66 
	6D C5 9F 64 4B 9A 61 F1 31 C3 0C 56 7C C9 15 2A 
	51 BA BA 62 55 F9 52 56 8C D3 0F BC DB 42 B8 56 
	B1 1F F2 9C FF A4 32 BC 75 A2 DB 34 40 D8 C2 42 
	E0 A3 23 2E 17 9E ED 83 0D 77 F2 C8 44 B7 BD 0A 
	5B 2D 9E 6C 95 EE 2A 2A 3C 54 4D C2 69 C1 63 D3 
	0E 03 5A 2F 3B 13 29 35 56 24 61 A6 C1 E2 B8 15 
	13 A0 6C 60 4C 27 E3 A8 CF 98 75 3C 36 17 46 AD 
	44 AD A0 1B 44 D1 85 24 B1 D3 79 57 2A BF FD 19 
	89 BB 69 C9 9F E5 78 8F FA BF BE 64 4F 16 58 5B 
	21 51 02 59 6B 0F 90 63 00 8D D4 A8 B4 99 3F E0 
	22 92 B5 0A 57 81 0C 44 16 B5 8A A7 F6 40 E8 6A 
	3E 17 E3 BB 32 69 A6 C4 D7 C7 1C F2 B9 0A C2 B1 
	F1 A0 CD D8 C6 04 F5 72 3D 3B 63 34 7E 19 8E 25 
	A4 C3 0E 86 C1 05 A4 10 CC BC 56 AE 11 A7 2C 04 
	96 BD B5 9D E1 82 B3 60 35 C4 EA 17 A0 C4 3C 4E 
	D4 4A 8A 17 70 4D D7 EA 52 44 27 0C EC 13 19 25 
	30 4A 39 73 5B FA 5C 0F 77 B4 CA D6 70 CA 69 93 
	C7 EA AA 6F FA 4A C2 7E D0 90 98 E0 05 83 E9 6F 
	3B A3 0B 9A 05 1A 83 E8 CD F3 42 BE C5 84 94 2D 
	96 0C 7F 21 C7 8B C9 A7 06 66 64 8E 27 03 DC AB 
	84 3B B4 18 16 61 A7 81 B8 22 CC 82 6C 12 E0 6D 
	13 A5 BA 48 63 50 FE E0 67 4E 61 0A C2 51 73 59 
	17 98 C7 D0 21 60 B9 21 47 0A 76 E1 EB CE 13 D5 
	95 CD 81 53 A6 B4 23 A5 13 AA E9 B9 8D D5 44 B1 
	B3 BA 7C 96 F9 9A 21 83 9E A0 EB 32 BE 34 85 EE 
	2B 57 31 46 A9 69 A5 53 C9 52 46 7F E0 65 FF CC 
	39 7B 58 BB 86 C3 BF 17 07 89 3F 06 91 37 19 64 
	E2 03 1E F1 1A 44 24 1B 36 F5 E7 28 28 68 9A 37 
	51 80 2A 77 80 1B D2 61 CF B0 0D FD D6 02 E5 44 
	65 F8 9A 4F 64 84 87 CD 22 10 94 21 08 66 A7 47 
	23 AC 45 C2 EC 25 5B C0 1F 72 01 07 21 0A C5 31 
	0C 02 C4 01 66 35 83 3F E9 43 2F BB 7A 93 A7 96 
	B8 FE 3B 78 DD 78 72 C6 0A 71 AC DB CD 75 DB 62 
	BF 39 34 3C 55 CC 82 B7 55 8F DC 52 F8 08 11 72 
	A0 C5 5A E0 89 44 61 5D 36 86 14 C0 08 5D 54 C3 
	B1 21 15 2B 68 7B 90 0B 22 67 0B F0 0B 13 C6 26 
	B0 AA C9 21 22 96 04 D7 48 C5 59 80 F9 53 5C BD 
	25 7F 12 3C 34 80 C2 C1 2F 81 88 B2 76 01 99 5C 
	76 8E 76 1F 11 82 72 22 F7 C1 63 96 CD B4 BB B5 
	F6 17 A6 D3 C1 4E 5A 91 CB 30 A3 C8 EF 9C B9 90 
	47 91 CA 25 7E 56 F3 CB 42 A1 AA 4D 4C CF 7A 5A 
	2B 4B EB 93 BB 76 4C A3 34 78 F9 FC 03 C4 85 C3 
	F1 D5 1B 88 A9 7E 9D 37 18 F7 90 8D A2 74 B2 2C 
	7A C1 87 B6 22 21 B3 38 FC 00 69 11 35 17 C0 28 
	1C 64 7A 11 2B 2C C6 04 76 C1 EF 94 A9 86 0C 3D 
	E1 04 A4 13 95 2E 58 DB 18 7C 58 90 DF 68 3A 22 
	69 3D 51 AA 2F 7A 05 5D C2 33 AC 43 85 B9 9C 55 
	64 AE 81 CE 79 04 47 57 37 01 09 72 64 16 59 43 
	C6 5C 46 74 57 A9 02 80 5C 8D 58 B6 5D 2A 3D F4 
	59 1F 89 9A B8 06 24 07 7E 89 2F 4B F8 9D 67 D3 
	81 82 6A 7D 83 98 99 A0 80 6A 43 C4 02 23 14 2E 
	26 AB 87 22 3B 25 B7 66 16 CA B2 3E F5 01 1E BA 
	B3 40 4C C0 E5 6E A7 39 52 F0 8F 93 A9 35 DA 41 
gx PQ/T size: 1216 - KEM size 1184
PQ/T g_y  (size 1120):
	27 B1 D6 35 A6 63 38 2D 99 E0 31 B3 E9 A5 D6 82 
	A0 95 45 04 93 56 AF 6F 13 54 DE D1 3E D2 9C 72 
	00 00 00 00 00 00 00 00 00 00 00 00 00 00 00 00 
	00 00 00 00 00 00 00 00 00 00 00 00 00 00 00 00 
	00 00 00 00 00 00 00 00 00 00 00 00 00 00 00 00 
	00 00 00 00 00 00 00 00 00 00 00 00 00 00 00 00 
	00 00 00 00 00 00 00 00 00 00 00 00 00 00 00 00 
	00 00 00 00 00 00 00 00 00 00 00 00 00 00 00 00 
	00 00 00 00 00 00 00 00 00 00 00 00 00 00 00 00 
	00 00 00 00 00 00 00 00 00 00 00 00 00 00 00 00 
	00 00 00 00 00 00 00 00 00 00 00 00 00 00 00 00 
	00 00 00 00 00 00 00 00 00 00 00 00 00 00 00 00 
	00 00 00 00 00 00 00 00 00 00 00 00 00 00 00 00 
	00 00 00 00 00 00 00 00 00 00 00 00 00 00 00 00 
	00 00 00 00 00 00 00 00 00 00 00 00 00 00 00 00 
	00 00 00 00 00 00 00 00 00 00 00 00 00 00 00 00 
	00 00 00 00 00 00 00 00 00 00 00 00 00 00 00 00 
	00 00 00 00 00 00 00 00 00 00 00 00 00 00 00 00 
	00 00 00 00 00 00 00 00 00 00 00 00 00 00 00 00 
	00 00 00 00 00 00 00 00 00 00 00 00 00 00 00 00 
	00 00 00 00 00 00 00 00 00 00 00 00 00 00 00 00 
	00 00 00 00 00 00 00 00 00 00 00 00 00 00 00 00 
	00 00 00 00 00 00 00 00 00 00 00 00 00 00 00 00 
	00 00 00 00 00 00 00 00 00 00 00 00 00 00 00 00 
	00 00 00 00 00 00 00 00 00 00 00 00 00 00 00 00 
	00 00 00 00 00 00 00 00 00 00 00 00 00 00 00 00 
	00 00 00 00 00 00 00 00 00 00 00 00 00 00 00 00 
	00 00 00 00 00 00 00 00 00 00 00 00 00 00 00 00 
	00 00 00 00 00 00 00 00 00 00 00 00 00 00 00 00 
	00 00 00 00 00 00 00 00 00 00 00 00 00 00 00 00 
	00 00 00 00 00 00 00 00 00 00 00 00 00 00 00 00 
	00 00 00 00 00 00 00 00 00 00 00 00 00 00 00 00 
	00 00 00 00 00 00 00 00 00 00 00 00 00 00 00 00 
	00 00 00 00 00 00 00 00 00 00 00 00 00 00 00 00 
	00 00 00 00 00 00 00 00 00 00 00 00 00 00 00 00 
	00 00 00 00 00 00 00 00 00 00 00 00 00 00 00 00 
	00 00 00 00 00 00 00 00 00 00 00 00 00 00 00 00 
	00 00 00 00 00 00 00 00 00 00 00 00 00 00 00 00 
	00 00 00 00 00 00 00 00 00 00 00 00 00 00 00 00 
	00 00 00 00 00 00 00 00 00 00 00 00 00 00 00 00 
	00 00 00 00 00 00 00 00 00 00 00 00 00 00 00 00 
	00 00 00 00 00 00 00 00 00 00 00 00 00 00 00 00 
	00 00 00 00 00 00 00 00 00 00 00 00 00 00 00 00 
	00 00 00 00 00 00 00 00 00 00 00 00 00 00 00 00 
	00 00 00 00 00 00 00 00 00 00 00 00 00 00 00 00 
	00 00 00 00 00 00 00 00 00 00 00 00 00 00 00 00 
	00 00 00 00 00 00 00 00 00 00 00 00 00 00 00 00 
	00 00 00 00 00 00 00 00 00 00 00 00 00 00 00 00 
	00 00 00 00 00 00 00 00 00 00 00 00 00 00 00 00 
	00 00 00 00 00 00 00 00 00 00 00 00 00 00 00 00 
	00 00 00 00 00 00 00 00 00 00 00 00 00 00 00 00 
	00 00 00 00 00 00 00 00 00 00 00 00 00 00 00 00 
	00 00 00 00 00 00 00 00 00 00 00 00 00 00 00 00 
	00 00 00 00 00 00 00 00 00 00 00 00 00 00 00 00 
	00 00 00 00 00 00 00 00 00 00 00 00 00 00 00 00 
	00 00 00 00 00 00 00 00 00 00 00 00 00 00 00 00 
	00 00 00 00 00 00 00 00 00 00 00 00 00 00 00 00 
	00 00 00 00 00 00 00 00 00 00 00 00 00 00 00 00 
	00 00 00 00 00 00 00 00 00 00 00 00 00 00 00 00 
	00 00 00 00 00 00 00 00 00 00 00 00 00 00 00 00 
	00 00 00 00 00 00 00 00 00 00 00 00 00 00 00 00 
	00 00 00 00 00 00 00 00 00 00 00 00 00 00 00 00 
	00 00 00 00 00 00 00 00 00 00 00 00 00 00 00 00 
	00 00 00 00 00 00 00 00 00 00 00 00 00 00 00 00 
	00 00 00 00 00 00 00 00 00 00 00 00 00 00 00 00 
	00 00 00 00 00 00 00 00 00 00 00 00 00 00 00 00 
	00 00 00 00 00 00 00 00 00 00 00 00 00 00 00 00 
	00 00 00 00 00 00 00 00 00 00 00 00 00 00 00 00 
	00 00 00 00 00 00 00 00 00 00 00 00 00 00 00 00 
	00 00 00 00 00 00 00 00 00 00 00 00 00 00 00 00 
KEM - g_y  (size 1088):
	00 00 00 00 00 00 00 00 00 00 00 00 00 00 00 00 
	00 00 00 00 00 00 00 00 00 00 00 00 00 00 00 00 
	00 00 00 00 00 00 00 00 00 00 00 00 00 00 00 00 
	00 00 00 00 00 00 00 00 00 00 00 00 00 00 00 00 
	00 00 00 00 00 00 00 00 00 00 00 00 00 00 00 00 
	00 00 00 00 00 00 00 00 00 00 00 00 00 00 00 00 
	00 00 00 00 00 00 00 00 00 00 00 00 00 00 00 00 
	00 00 00 00 00 00 00 00 00 00 00 00 00 00 00 00 
	00 00 00 00 00 00 00 00 00 00 00 00 00 00 00 00 
	00 00 00 00 00 00 00 00 00 00 00 00 00 00 00 00 
	00 00 00 00 00 00 00 00 00 00 00 00 00 00 00 00 
	00 00 00 00 00 00 00 00 00 00 00 00 00 00 00 00 
	00 00 00 00 00 00 00 00 00 00 00 00 00 00 00 00 
	00 00 00 00 00 00 00 00 00 00 00 00 00 00 00 00 
	00 00 00 00 00 00 00 00 00 00 00 00 00 00 00 00 
	00 00 00 00 00 00 00 00 00 00 00 00 00 00 00 00 
	00 00 00 00 00 00 00 00 00 00 00 00 00 00 00 00 
	00 00 00 00 00 00 00 00 00 00 00 00 00 00 00 00 
	00 00 00 00 00 00 00 00 00 00 00 00 00 00 00 00 
	00 00 00 00 00 00 00 00 00 00 00 00 00 00 00 00 
	00 00 00 00 00 00 00 00 00 00 00 00 00 00 00 00 
	00 00 00 00 00 00 00 00 00 00 00 00 00 00 00 00 
	00 00 00 00 00 00 00 00 00 00 00 00 00 00 00 00 
	00 00 00 00 00 00 00 00 00 00 00 00 00 00 00 00 
	00 00 00 00 00 00 00 00 00 00 00 00 00 00 00 00 
	00 00 00 00 00 00 00 00 00 00 00 00 00 00 00 00 
	00 00 00 00 00 00 00 00 00 00 00 00 00 00 00 00 
	00 00 00 00 00 00 00 00 00 00 00 00 00 00 00 00 
	00 00 00 00 00 00 00 00 00 00 00 00 00 00 00 00 
	00 00 00 00 00 00 00 00 00 00 00 00 00 00 00 00 
	00 00 00 00 00 00 00 00 00 00 00 00 00 00 00 00 
	00 00 00 00 00 00 00 00 00 00 00 00 00 00 00 00 
	00 00 00 00 00 00 00 00 00 00 00 00 00 00 00 00 
	00 00 00 00 00 00 00 00 00 00 00 00 00 00 00 00 
	00 00 00 00 00 00 00 00 00 00 00 00 00 00 00 00 
	00 00 00 00 00 00 00 00 00 00 00 00 00 00 00 00 
	00 00 00 00 00 00 00 00 00 00 00 00 00 00 00 00 
	00 00 00 00 00 00 00 00 00 00 00 00 00 00 00 00 
	00 00 00 00 00 00 00 00 00 00 00 00 00 00 00 00 
	00 00 00 00 00 00 00 00 00 00 00 00 00 00 00 00 
	00 00 00 00 00 00 00 00 00 00 00 00 00 00 00 00 
	00 00 00 00 00 00 00 00 00 00 00 00 00 00 00 00 
	00 00 00 00 00 00 00 00 00 00 00 00 00 00 00 00 
	00 00 00 00 00 00 00 00 00 00 00 00 00 00 00 00 
	00 00 00 00 00 00 00 00 00 00 00 00 00 00 00 00 
	00 00 00 00 00 00 00 00 00 00 00 00 00 00 00 00 
	00 00 00 00 00 00 00 00 00 00 00 00 00 00 00 00 
	00 00 00 00 00 00 00 00 00 00 00 00 00 00 00 00 
	00 00 00 00 00 00 00 00 00 00 00 00 00 00 00 00 
	00 00 00 00 00 00 00 00 00 00 00 00 00 00 00 00 
	00 00 00 00 00 00 00 00 00 00 00 00 00 00 00 00 
	00 00 00 00 00 00 00 00 00 00 00 00 00 00 00 00 
	00 00 00 00 00 00 00 00 00 00 00 00 00 00 00 00 
	00 00 00 00 00 00 00 00 00 00 00 00 00 00 00 00 
	00 00 00 00 00 00 00 00 00 00 00 00 00 00 00 00 
	00 00 00 00 00 00 00 00 00 00 00 00 00 00 00 00 
	00 00 00 00 00 00 00 00 00 00 00 00 00 00 00 00 
	00 00 00 00 00 00 00 00 00 00 00 00 00 00 00 00 
	00 00 00 00 00 00 00 00 00 00 00 00 00 00 00 00 
	00 00 00 00 00 00 00 00 00 00 00 00 00 00 00 00 
	00 00 00 00 00 00 00 00 00 00 00 00 00 00 00 00 
	00 00 00 00 00 00 00 00 00 00 00 00 00 00 00 00 
	00 00 00 00 00 00 00 00 00 00 00 00 00 00 00 00 
	00 00 00 00 00 00 00 00 00 00 00 00 00 00 00 00 
	00 00 00 00 00 00 00 00 00 00 00 00 00 00 00 00 
	00 00 00 00 00 00 00 00 00 00 00 00 00 00 00 00 
	00 00 00 00 00 00 00 00 00 00 00 00 00 00 00 00 
	00 00 00 00 00 00 00 00 00 00 00 00 00 00 00 00 
Encapsulate correct
G_XY (PQ SS) (size 32):
	FF 1B 1F ED E4 61 F5 BC D0 39 C3 3F A8 5C B2 CD 
	DD 7B EE BD 99 EB 4F 14 99 1B 36 AD 80 54 02 80 
G_Y (PQ CC) (size 1088):
	68 8A 6C 8C 8B 34 3D 4D AE 78 27 B3 F1 55 1F 33 
	92 22 F6 A7 2C 00 8A 77 4D D1 54 38 FD 9F 17 60 
	D7 C7 84 E7 08 3D EE E2 91 5A 1F C9 6A 3A 5A 1D 
	B2 76 87 4C 64 B8 27 EE 20 62 C3 07 EF 24 11 0D 
	63 25 0F 79 3A 31 29 00 EC D4 10 4A 34 1D 3F 66 
	9E 28 9E 14 60 DC 67 DC 09 30 E4 75 77 DC CD 29 
	E5 F1 6E 53 91 E5 79 E0 34 73 F2 C1 CA C1 0C F5 
	93 D8 55 4D 50 3D D1 BE C8 5B 4B 2B BA FA D8 AE 
	3D 9E 67 63 E4 88 19 D6 D1 5E 87 29 86 39 B9 37 
	E1 98 CD 93 36 C6 B3 45 4E 26 D9 21 F0 8B 0C DF 
	77 45 F8 28 AE 57 1F 9D 75 AC A6 D3 51 2E 6D 52 
	B9 8E 68 AD EC FA BB 9E 0A 14 D0 97 A0 F4 48 41 
	7B 27 47 4B 80 44 EA 98 6A BB 41 8A 21 64 E2 30 
	77 3D 20 CD 5C D1 73 71 01 25 EE D5 FA 35 AC 8B 
	5B 8F 76 02 AD F4 EE 6C 53 BD F3 BE A7 78 AA D9 
	4E C4 2D 66 FB 58 D0 95 F2 EB 69 2A 87 59 5B 0A 
	6C A3 E9 37 C7 BB 8E 37 9D 45 74 05 CA 13 60 7F 
	6A 95 1A CC 28 DA D3 8C C6 7F 4F 04 7E DF 0C 08 
	95 04 FB 06 98 93 86 27 08 C0 DA 2C B3 21 1E B0 
	CF A5 BC B1 A4 44 76 D0 A4 38 2F 63 3C 13 FD 2A 
	A3 B6 7D 9D 84 82 BA B2 1D FC 8C 6D AD A7 33 FA 
	22 81 92 D0 09 2F 78 F1 6F 6D B0 49 80 E1 43 80 
	57 35 61 65 3F C7 52 49 9F DC 31 FF 2F 08 97 59 
	D5 0C 47 ED 1E 41 AA E1 58 53 CC BF 65 4D 09 35 
	BC A4 BE 39 73 38 23 D3 FA 07 77 05 71 70 CD 9A 
	BF D8 7B 4C 5B 90 CA 65 3B E8 76 5D 1B 19 6A 20 
	60 20 27 C5 26 E5 DC 2C 0E 5A 28 B1 6C 6B EE 8E 
	3F 65 AD 88 BD DA 84 CB 6A 18 4B 95 AC 07 1E 5C 
	CE 92 97 B1 D3 71 72 59 06 DB C8 0C D9 3A 24 D9 
	49 9A 00 25 F4 77 86 5F 2F 05 56 8E 3E F3 6C 25 
	1F AC 82 FF BE BC B3 81 A7 34 A9 2B 40 9E 1F 12 
	DC 52 0F 61 74 75 AF 33 A6 CE 91 2E 83 33 D5 51 
	84 64 31 74 43 12 D8 6F BD 38 0E C1 CB 8B 2D 6D 
	AF B6 5D EC 22 7A 9A 03 76 87 50 7E 85 C0 62 62 
	90 C9 91 D5 9D 49 18 5D 5C 06 2C D6 EB A7 C7 EF 
	03 4F D2 13 93 36 BD AD FB C4 5A 74 B0 37 B5 58 
	7B 74 D4 2E E8 54 21 D6 46 C8 0D E7 04 2D 91 2D 
	36 C3 94 E6 93 F3 D4 1B 8A 53 E6 34 70 97 56 42 
	CC 36 20 1E 32 26 8B 29 A2 F6 17 F5 44 3F 9D 24 
	0B 72 97 D7 99 59 C5 B8 15 0E 31 1E 6A 26 C1 8F 
	52 C6 AC 88 B1 10 1C 39 22 B0 5B AC F3 50 2B 00 
	6A 8B 2E 3A 61 DA D1 4F 90 46 DF 10 96 52 BF CD 
	E9 EE B6 49 26 2C 64 4F 73 6D C8 BC 59 45 A8 DE 
	E9 FD 93 09 C8 DD DE AF 9A 8D 9D AF E5 B0 A7 E9 
	AA 8F 21 62 85 30 51 49 3E A1 D0 1B 3E A1 38 AE 
	BC 98 79 ED 99 D1 E6 B0 59 39 37 9C ED 4A FD 60 
	1B 01 2D 8B 38 99 25 CF 97 66 97 72 B5 FC 7D 80 
	16 5A 5F 8C 11 07 10 AF D5 54 44 8E CB 14 B7 65 
	B2 B5 5F 34 A3 5A 90 A1 8D 08 24 66 D6 E5 43 EB 
	DC 7D 33 18 67 42 97 61 25 2E 03 7E 04 A6 57 4E 
	D6 87 62 F7 80 81 41 D7 D6 CD 82 54 79 58 28 9C 
	5D FD AD BF B4 97 EF 0A 22 D2 91 D5 9A 11 58 87 
	04 75 F8 A1 C7 8E 82 CC E7 FF 52 24 9B 15 4A C9 
	4B E8 CF F3 E9 16 EE D9 30 AC 8C 1C A9 2F 95 81 
	E7 F0 29 9E C2 4A 8F 11 5F F3 97 95 3C 17 B8 97 
	B0 10 74 4C C4 26 A6 33 F0 0D EE 57 73 FB 96 7B 
	4F 9A 93 27 C3 56 B7 2E FE CE 5F 5A F7 58 6A A5 
	44 4C 56 EA C2 A0 FF 16 BF 53 5D 34 08 9B B8 86 
	5F 32 12 6A 02 DD CD 11 8D E6 1E 47 54 5B BB 53 
	58 8C 2F 2C 4D A8 50 1E 87 68 6A A2 73 EF 36 4C 
	81 EA 7F C4 42 2C 68 FB CF 45 BF D2 28 F7 FD 4C 
	F8 F5 C3 16 02 A9 A4 42 46 FA 2D CF 13 30 12 AD 
	80 3C 6F 12 9F D8 08 C5 17 B6 BB E3 A3 83 99 50 
	59 97 5A 9E 62 0D B3 BA CD 7F E7 CC DA FB 41 DC 
	20 FB 77 89 FD 96 30 96 A4 BF 48 42 94 2A 4F 41 
	3F 66 46 2E F1 4D 41 9B EE 26 08 32 1B C6 C6 26 
	40 AA 0E 8A FA F3 14 1A A0 80 C3 CC 5B 1F DF CF 
	AA A1 A0 C7 61 3A A8 A7 DF B7 7B 84 AB DD 38 B9 
G_Y (PQ/T) (size 1120):
	27 B1 D6 35 A6 63 38 2D 99 E0 31 B3 E9 A5 D6 82 
	A0 95 45 04 93 56 AF 6F 13 54 DE D1 3E D2 9C 72 
	68 8A 6C 8C 8B 34 3D 4D AE 78 27 B3 F1 55 1F 33 
	92 22 F6 A7 2C 00 8A 77 4D D1 54 38 FD 9F 17 60 
	D7 C7 84 E7 08 3D EE E2 91 5A 1F C9 6A 3A 5A 1D 
	B2 76 87 4C 64 B8 27 EE 20 62 C3 07 EF 24 11 0D 
	63 25 0F 79 3A 31 29 00 EC D4 10 4A 34 1D 3F 66 
	9E 28 9E 14 60 DC 67 DC 09 30 E4 75 77 DC CD 29 
	E5 F1 6E 53 91 E5 79 E0 34 73 F2 C1 CA C1 0C F5 
	93 D8 55 4D 50 3D D1 BE C8 5B 4B 2B BA FA D8 AE 
	3D 9E 67 63 E4 88 19 D6 D1 5E 87 29 86 39 B9 37 
	E1 98 CD 93 36 C6 B3 45 4E 26 D9 21 F0 8B 0C DF 
	77 45 F8 28 AE 57 1F 9D 75 AC A6 D3 51 2E 6D 52 
	B9 8E 68 AD EC FA BB 9E 0A 14 D0 97 A0 F4 48 41 
	7B 27 47 4B 80 44 EA 98 6A BB 41 8A 21 64 E2 30 
	77 3D 20 CD 5C D1 73 71 01 25 EE D5 FA 35 AC 8B 
	5B 8F 76 02 AD F4 EE 6C 53 BD F3 BE A7 78 AA D9 
	4E C4 2D 66 FB 58 D0 95 F2 EB 69 2A 87 59 5B 0A 
	6C A3 E9 37 C7 BB 8E 37 9D 45 74 05 CA 13 60 7F 
	6A 95 1A CC 28 DA D3 8C C6 7F 4F 04 7E DF 0C 08 
	95 04 FB 06 98 93 86 27 08 C0 DA 2C B3 21 1E B0 
	CF A5 BC B1 A4 44 76 D0 A4 38 2F 63 3C 13 FD 2A 
	A3 B6 7D 9D 84 82 BA B2 1D FC 8C 6D AD A7 33 FA 
	22 81 92 D0 09 2F 78 F1 6F 6D B0 49 80 E1 43 80 
	57 35 61 65 3F C7 52 49 9F DC 31 FF 2F 08 97 59 
	D5 0C 47 ED 1E 41 AA E1 58 53 CC BF 65 4D 09 35 
	BC A4 BE 39 73 38 23 D3 FA 07 77 05 71 70 CD 9A 
	BF D8 7B 4C 5B 90 CA 65 3B E8 76 5D 1B 19 6A 20 
	60 20 27 C5 26 E5 DC 2C 0E 5A 28 B1 6C 6B EE 8E 
	3F 65 AD 88 BD DA 84 CB 6A 18 4B 95 AC 07 1E 5C 
	CE 92 97 B1 D3 71 72 59 06 DB C8 0C D9 3A 24 D9 
	49 9A 00 25 F4 77 86 5F 2F 05 56 8E 3E F3 6C 25 
	1F AC 82 FF BE BC B3 81 A7 34 A9 2B 40 9E 1F 12 
	DC 52 0F 61 74 75 AF 33 A6 CE 91 2E 83 33 D5 51 
	84 64 31 74 43 12 D8 6F BD 38 0E C1 CB 8B 2D 6D 
	AF B6 5D EC 22 7A 9A 03 76 87 50 7E 85 C0 62 62 
	90 C9 91 D5 9D 49 18 5D 5C 06 2C D6 EB A7 C7 EF 
	03 4F D2 13 93 36 BD AD FB C4 5A 74 B0 37 B5 58 
	7B 74 D4 2E E8 54 21 D6 46 C8 0D E7 04 2D 91 2D 
	36 C3 94 E6 93 F3 D4 1B 8A 53 E6 34 70 97 56 42 
	CC 36 20 1E 32 26 8B 29 A2 F6 17 F5 44 3F 9D 24 
	0B 72 97 D7 99 59 C5 B8 15 0E 31 1E 6A 26 C1 8F 
	52 C6 AC 88 B1 10 1C 39 22 B0 5B AC F3 50 2B 00 
	6A 8B 2E 3A 61 DA D1 4F 90 46 DF 10 96 52 BF CD 
	E9 EE B6 49 26 2C 64 4F 73 6D C8 BC 59 45 A8 DE 
	E9 FD 93 09 C8 DD DE AF 9A 8D 9D AF E5 B0 A7 E9 
	AA 8F 21 62 85 30 51 49 3E A1 D0 1B 3E A1 38 AE 
	BC 98 79 ED 99 D1 E6 B0 59 39 37 9C ED 4A FD 60 
	1B 01 2D 8B 38 99 25 CF 97 66 97 72 B5 FC 7D 80 
	16 5A 5F 8C 11 07 10 AF D5 54 44 8E CB 14 B7 65 
	B2 B5 5F 34 A3 5A 90 A1 8D 08 24 66 D6 E5 43 EB 
	DC 7D 33 18 67 42 97 61 25 2E 03 7E 04 A6 57 4E 
	D6 87 62 F7 80 81 41 D7 D6 CD 82 54 79 58 28 9C 
	5D FD AD BF B4 97 EF 0A 22 D2 91 D5 9A 11 58 87 
	04 75 F8 A1 C7 8E 82 CC E7 FF 52 24 9B 15 4A C9 
	4B E8 CF F3 E9 16 EE D9 30 AC 8C 1C A9 2F 95 81 
	E7 F0 29 9E C2 4A 8F 11 5F F3 97 95 3C 17 B8 97 
	B0 10 74 4C C4 26 A6 33 F0 0D EE 57 73 FB 96 7B 
	4F 9A 93 27 C3 56 B7 2E FE CE 5F 5A F7 58 6A A5 
	44 4C 56 EA C2 A0 FF 16 BF 53 5D 34 08 9B B8 86 
	5F 32 12 6A 02 DD CD 11 8D E6 1E 47 54 5B BB 53 
	58 8C 2F 2C 4D A8 50 1E 87 68 6A A2 73 EF 36 4C 
	81 EA 7F C4 42 2C 68 FB CF 45 BF D2 28 F7 FD 4C 
	F8 F5 C3 16 02 A9 A4 42 46 FA 2D CF 13 30 12 AD 
	80 3C 6F 12 9F D8 08 C5 17 B6 BB E3 A3 83 99 50 
	59 97 5A 9E 62 0D B3 BA CD 7F E7 CC DA FB 41 DC 
	20 FB 77 89 FD 96 30 96 A4 BF 48 42 94 2A 4F 41 
	3F 66 46 2E F1 4D 41 9B EE 26 08 32 1B C6 C6 26 
	40 AA 0E 8A FA F3 14 1A A0 80 C3 CC 5B 1F DF CF 
	AA A1 A0 C7 61 3A A8 A7 DF B7 7B 84 AB DD 38 B9 
hash_msg1_raw (size 32):
	38 C8 73 51 34 A0 E2 9B 03 20 38 D3 F3 33 70 81 
	6D 0F 2A A9 8A 97 86 E9 34 19 C0 5A 11 01 63 33 
Input to calculate TH_2 (CBOR Sequence) (size 1157):
	59 04 60 27 B1 D6 35 A6 63 38 2D 99 E0 31 B3 E9 
	A5 D6 82 A0 95 45 04 93 56 AF 6F 13 54 DE D1 3E 
	D2 9C 72 68 8A 6C 8C 8B 34 3D 4D AE 78 27 B3 F1 
	55 1F 33 92 22 F6 A7 2C 00 8A 77 4D D1 54 38 FD 
	9F 17 60 D7 C7 84 E7 08 3D EE E2 91 5A 1F C9 6A 
	3A 5A 1D B2 76 87 4C 64 B8 27 EE 20 62 C3 07 EF 
	24 11 0D 63 25 0F 79 3A 31 29 00 EC D4 10 4A 34 
	1D 3F 66 9E 28 9E 14 60 DC 67 DC 09 30 E4 75 77 
	DC CD 29 E5 F1 6E 53 91 E5 79 E0 34 73 F2 C1 CA 
	C1 0C F5 93 D8 55 4D 50 3D D1 BE C8 5B 4B 2B BA 
	FA D8 AE 3D 9E 67 63 E4 88 19 D6 D1 5E 87 29 86 
	39 B9 37 E1 98 CD 93 36 C6 B3 45 4E 26 D9 21 F0 
	8B 0C DF 77 45 F8 28 AE 57 1F 9D 75 AC A6 D3 51 
	2E 6D 52 B9 8E 68 AD EC FA BB 9E 0A 14 D0 97 A0 
	F4 48 41 7B 27 47 4B 80 44 EA 98 6A BB 41 8A 21 
	64 E2 30 77 3D 20 CD 5C D1 73 71 01 25 EE D5 FA 
	35 AC 8B 5B 8F 76 02 AD F4 EE 6C 53 BD F3 BE A7 
	78 AA D9 4E C4 2D 66 FB 58 D0 95 F2 EB 69 2A 87 
	59 5B 0A 6C A3 E9 37 C7 BB 8E 37 9D 45 74 05 CA 
	13 60 7F 6A 95 1A CC 28 DA D3 8C C6 7F 4F 04 7E 
	DF 0C 08 95 04 FB 06 98 93 86 27 08 C0 DA 2C B3 
	21 1E B0 CF A5 BC B1 A4 44 76 D0 A4 38 2F 63 3C 
	13 FD 2A A3 B6 7D 9D 84 82 BA B2 1D FC 8C 6D AD 
	A7 33 FA 22 81 92 D0 09 2F 78 F1 6F 6D B0 49 80 
	E1 43 80 57 35 61 65 3F C7 52 49 9F DC 31 FF 2F 
	08 97 59 D5 0C 47 ED 1E 41 AA E1 58 53 CC BF 65 
	4D 09 35 BC A4 BE 39 73 38 23 D3 FA 07 77 05 71 
	70 CD 9A BF D8 7B 4C 5B 90 CA 65 3B E8 76 5D 1B 
	19 6A 20 60 20 27 C5 26 E5 DC 2C 0E 5A 28 B1 6C 
	6B EE 8E 3F 65 AD 88 BD DA 84 CB 6A 18 4B 95 AC 
	07 1E 5C CE 92 97 B1 D3 71 72 59 06 DB C8 0C D9 
	3A 24 D9 49 9A 00 25 F4 77 86 5F 2F 05 56 8E 3E 
	F3 6C 25 1F AC 82 FF BE BC B3 81 A7 34 A9 2B 40 
	9E 1F 12 DC 52 0F 61 74 75 AF 33 A6 CE 91 2E 83 
	33 D5 51 84 64 31 74 43 12 D8 6F BD 38 0E C1 CB 
	8B 2D 6D AF B6 5D EC 22 7A 9A 03 76 87 50 7E 85 
	C0 62 62 90 C9 91 D5 9D 49 18 5D 5C 06 2C D6 EB 
	A7 C7 EF 03 4F D2 13 93 36 BD AD FB C4 5A 74 B0 
	37 B5 58 7B 74 D4 2E E8 54 21 D6 46 C8 0D E7 04 
	2D 91 2D 36 C3 94 E6 93 F3 D4 1B 8A 53 E6 34 70 
	97 56 42 CC 36 20 1E 32 26 8B 29 A2 F6 17 F5 44 
	3F 9D 24 0B 72 97 D7 99 59 C5 B8 15 0E 31 1E 6A 
	26 C1 8F 52 C6 AC 88 B1 10 1C 39 22 B0 5B AC F3 
	50 2B 00 6A 8B 2E 3A 61 DA D1 4F 90 46 DF 10 96 
	52 BF CD E9 EE B6 49 26 2C 64 4F 73 6D C8 BC 59 
	45 A8 DE E9 FD 93 09 C8 DD DE AF 9A 8D 9D AF E5 
	B0 A7 E9 AA 8F 21 62 85 30 51 49 3E A1 D0 1B 3E 
	A1 38 AE BC 98 79 ED 99 D1 E6 B0 59 39 37 9C ED 
	4A FD 60 1B 01 2D 8B 38 99 25 CF 97 66 97 72 B5 
	FC 7D 80 16 5A 5F 8C 11 07 10 AF D5 54 44 8E CB 
	14 B7 65 B2 B5 5F 34 A3 5A 90 A1 8D 08 24 66 D6 
	E5 43 EB DC 7D 33 18 67 42 97 61 25 2E 03 7E 04 
	A6 57 4E D6 87 62 F7 80 81 41 D7 D6 CD 82 54 79 
	58 28 9C 5D FD AD BF B4 97 EF 0A 22 D2 91 D5 9A 
	11 58 87 04 75 F8 A1 C7 8E 82 CC E7 FF 52 24 9B 
	15 4A C9 4B E8 CF F3 E9 16 EE D9 30 AC 8C 1C A9 
	2F 95 81 E7 F0 29 9E C2 4A 8F 11 5F F3 97 95 3C 
	17 B8 97 B0 10 74 4C C4 26 A6 33 F0 0D EE 57 73 
	FB 96 7B 4F 9A 93 27 C3 56 B7 2E FE CE 5F 5A F7 
	58 6A A5 44 4C 56 EA C2 A0 FF 16 BF 53 5D 34 08 
	9B B8 86 5F 32 12 6A 02 DD CD 11 8D E6 1E 47 54 
	5B BB 53 58 8C 2F 2C 4D A8 50 1E 87 68 6A A2 73 
	EF 36 4C 81 EA 7F C4 42 2C 68 FB CF 45 BF D2 28 
	F7 FD 4C F8 F5 C3 16 02 A9 A4 42 46 FA 2D CF 13 
	30 12 AD 80 3C 6F 12 9F D8 08 C5 17 B6 BB E3 A3 
	83 99 50 59 97 5A 9E 62 0D B3 BA CD 7F E7 CC DA 
	FB 41 DC 20 FB 77 89 FD 96 30 96 A4 BF 48 42 94 
	2A 4F 41 3F 66 46 2E F1 4D 41 9B EE 26 08 32 1B 
	C6 C6 26 40 AA 0E 8A FA F3 14 1A A0 80 C3 CC 5B 
	1F DF CF AA A1 A0 C7 61 3A A8 A7 DF B7 7B 84 AB 
	DD 38 B9 58 20 38 C8 73 51 34 A0 E2 9B 03 20 38 
	D3 F3 33 70 81 6D 0F 2A A9 8A 97 86 E9 34 19 C0 
	5A 11 01 63 33 
TH2 (size 32):
	33 9E FB 5A B8 FA 29 EB BC 7E 49 EF 32 1A E5 79 
	C6 03 E0 1A C6 30 5F 86 B2 83 AD C1 D9 44 98 9C 
TH_2 (size 32):
	33 9E FB 5A B8 FA 29 EB BC 7E 49 EF 32 1A E5 79 
	C6 03 E0 1A C6 30 5F 86 B2 83 AD C1 D9 44 98 9C 
PRK_2e (first DH derivation) (size 32):
	6B 20 C9 21 FF 6E 46 E2 35 D7 75 B6 99 F5 11 C5 
	92 9A 13 5A 06 63 47 93 06 31 A8 C9 86 6D 13 2D 
PRK_2e_b (second KEM derivation) (size 32):
	74 72 5C FE 26 70 C5 49 22 20 A2 A4 77 20 19 17 
	8A DB EA 5C 65 A9 0D 42 E8 AB 82 77 6A 3B BC D6 
PRK_2e final (size 32):
	74 72 5C FE 26 70 C5 49 22 20 A2 A4 77 20 19 17 
	8A DB EA 5C 65 A9 0D 42 E8 AB 82 77 6A 3B BC D6 
SHARED SECRET DERIVE
dh_secret (size 32):
	16 97 10 01 99 18 A8 54 1B A3 52 5C 8E 48 5B E2 
	43 22 F8 E6 D1 35 A8 7C 69 E0 DF CC 76 8E ED 5B 
SALT_3e2m or SALT4e3m (size 32):
	E8 5F 5F 24 8D C7 20 38 21 DE 45 7F 34 D7 F7 F9 
	E7 5F C3 4D 2B 41 0E B4 EA F5 48 81 A1 52 53 49 
prk_3e2m (size 32):
	0E 01 EA 1F FD A6 95 4E 4A 81 2F E1 B1 CB D6 CB 
	2B 50 4B 58 A3 FF 7E 14 E3 94 68 C5 6F B9 93 4C 
Signature len 500 - 64
TMP size: 32
CBOR ENCODE ERROR: 0
MAX ID CRED: 400 cred len 3
MAX CRED: 765 cred len 3
PK SIZE: 65
SIGNATURE SIZE: 500
CONTEXT_MAC_SIZE: 1204
CONTEXT_MAC len: 42
CR len: 2
TH enc len: 34
TMP size: 1
CBOR ENCODE ERROR: 0
MAC context (size 42):
	41 A1 A1 04 01 58 20 33 9E FB 5A B8 FA 29 EB BC 
	7E 49 EF 32 1A E5 79 C6 03 E0 1A C6 30 5F 86 B2 
	83 AD C1 D9 44 98 9C A1 04 01 
MAC 2/3 (size 8):
	48 DB 6D D6 F1 FD 8A 69 
TMP size: 8
CBOR ENCODE ERROR: 0
TMP size: 1
CBOR ENCODE ERROR: 0
kid (size 1):
	01 
KEYSTREAM_2 (size 12):
	F5 54 F4 DB 0D 43 36 BC 49 A6 30 5F 
ciphertext_2/3/4 (size 12):
	B4 F5 F5 93 45 98 5B 6A B8 5B BA 36 
TMP size: 1132
CBOR ENCODE ERROR: 0
message_2 (CBOR Sequence) (size 1135):
	59 04 6C 27 B1 D6 35 A6 63 38 2D 99 E0 31 B3 E9 
	A5 D6 82 A0 95 45 04 93 56 AF 6F 13 54 DE D1 3E 
	D2 9C 72 68 8A 6C 8C 8B 34 3D 4D AE 78 27 B3 F1 
	55 1F 33 92 22 F6 A7 2C 00 8A 77 4D D1 54 38 FD 
	9F 17 60 D7 C7 84 E7 08 3D EE E2 91 5A 1F C9 6A 
	3A 5A 1D B2 76 87 4C 64 B8 27 EE 20 62 C3 07 EF 
	24 11 0D 63 25 0F 79 3A 31 29 00 EC D4 10 4A 34 
	1D 3F 66 9E 28 9E 14 60 DC 67 DC 09 30 E4 75 77 
	DC CD 29 E5 F1 6E 53 91 E5 79 E0 34 73 F2 C1 CA 
	C1 0C F5 93 D8 55 4D 50 3D D1 BE C8 5B 4B 2B BA 
	FA D8 AE 3D 9E 67 63 E4 88 19 D6 D1 5E 87 29 86 
	39 B9 37 E1 98 CD 93 36 C6 B3 45 4E 26 D9 21 F0 
	8B 0C DF 77 45 F8 28 AE 57 1F 9D 75 AC A6 D3 51 
	2E 6D 52 B9 8E 68 AD EC FA BB 9E 0A 14 D0 97 A0 
	F4 48 41 7B 27 47 4B 80 44 EA 98 6A BB 41 8A 21 
	64 E2 30 77 3D 20 CD 5C D1 73 71 01 25 EE D5 FA 
	35 AC 8B 5B 8F 76 02 AD F4 EE 6C 53 BD F3 BE A7 
	78 AA D9 4E C4 2D 66 FB 58 D0 95 F2 EB 69 2A 87 
	59 5B 0A 6C A3 E9 37 C7 BB 8E 37 9D 45 74 05 CA 
	13 60 7F 6A 95 1A CC 28 DA D3 8C C6 7F 4F 04 7E 
	DF 0C 08 95 04 FB 06 98 93 86 27 08 C0 DA 2C B3 
	21 1E B0 CF A5 BC B1 A4 44 76 D0 A4 38 2F 63 3C 
	13 FD 2A A3 B6 7D 9D 84 82 BA B2 1D FC 8C 6D AD 
	A7 33 FA 22 81 92 D0 09 2F 78 F1 6F 6D B0 49 80 
	E1 43 80 57 35 61 65 3F C7 52 49 9F DC 31 FF 2F 
	08 97 59 D5 0C 47 ED 1E 41 AA E1 58 53 CC BF 65 
	4D 09 35 BC A4 BE 39 73 38 23 D3 FA 07 77 05 71 
	70 CD 9A BF D8 7B 4C 5B 90 CA 65 3B E8 76 5D 1B 
	19 6A 20 60 20 27 C5 26 E5 DC 2C 0E 5A 28 B1 6C 
	6B EE 8E 3F 65 AD 88 BD DA 84 CB 6A 18 4B 95 AC 
	07 1E 5C CE 92 97 B1 D3 71 72 59 06 DB C8 0C D9 
	3A 24 D9 49 9A 00 25 F4 77 86 5F 2F 05 56 8E 3E 
	F3 6C 25 1F AC 82 FF BE BC B3 81 A7 34 A9 2B 40 
	9E 1F 12 DC 52 0F 61 74 75 AF 33 A6 CE 91 2E 83 
	33 D5 51 84 64 31 74 43 12 D8 6F BD 38 0E C1 CB 
	8B 2D 6D AF B6 5D EC 22 7A 9A 03 76 87 50 7E 85 
	C0 62 62 90 C9 91 D5 9D 49 18 5D 5C 06 2C D6 EB 
	A7 C7 EF 03 4F D2 13 93 36 BD AD FB C4 5A 74 B0 
	37 B5 58 7B 74 D4 2E E8 54 21 D6 46 C8 0D E7 04 
	2D 91 2D 36 C3 94 E6 93 F3 D4 1B 8A 53 E6 34 70 
	97 56 42 CC 36 20 1E 32 26 8B 29 A2 F6 17 F5 44 
	3F 9D 24 0B 72 97 D7 99 59 C5 B8 15 0E 31 1E 6A 
	26 C1 8F 52 C6 AC 88 B1 10 1C 39 22 B0 5B AC F3 
	50 2B 00 6A 8B 2E 3A 61 DA D1 4F 90 46 DF 10 96 
	52 BF CD E9 EE B6 49 26 2C 64 4F 73 6D C8 BC 59 
	45 A8 DE E9 FD 93 09 C8 DD DE AF 9A 8D 9D AF E5 
	B0 A7 E9 AA 8F 21 62 85 30 51 49 3E A1 D0 1B 3E 
	A1 38 AE BC 98 79 ED 99 D1 E6 B0 59 39 37 9C ED 
	4A FD 60 1B 01 2D 8B 38 99 25 CF 97 66 97 72 B5 
	FC 7D 80 16 5A 5F 8C 11 07 10 AF D5 54 44 8E CB 
	14 B7 65 B2 B5 5F 34 A3 5A 90 A1 8D 08 24 66 D6 
	E5 43 EB DC 7D 33 18 67 42 97 61 25 2E 03 7E 04 
	A6 57 4E D6 87 62 F7 80 81 41 D7 D6 CD 82 54 79 
	58 28 9C 5D FD AD BF B4 97 EF 0A 22 D2 91 D5 9A 
	11 58 87 04 75 F8 A1 C7 8E 82 CC E7 FF 52 24 9B 
	15 4A C9 4B E8 CF F3 E9 16 EE D9 30 AC 8C 1C A9 
	2F 95 81 E7 F0 29 9E C2 4A 8F 11 5F F3 97 95 3C 
	17 B8 97 B0 10 74 4C C4 26 A6 33 F0 0D EE 57 73 
	FB 96 7B 4F 9A 93 27 C3 56 B7 2E FE CE 5F 5A F7 
	58 6A A5 44 4C 56 EA C2 A0 FF 16 BF 53 5D 34 08 
	9B B8 86 5F 32 12 6A 02 DD CD 11 8D E6 1E 47 54 
	5B BB 53 58 8C 2F 2C 4D A8 50 1E 87 68 6A A2 73 
	EF 36 4C 81 EA 7F C4 42 2C 68 FB CF 45 BF D2 28 
	F7 FD 4C F8 F5 C3 16 02 A9 A4 42 46 FA 2D CF 13 
	30 12 AD 80 3C 6F 12 9F D8 08 C5 17 B6 BB E3 A3 
	83 99 50 59 97 5A 9E 62 0D B3 BA CD 7F E7 CC DA 
	FB 41 DC 20 FB 77 89 FD 96 30 96 A4 BF 48 42 94 
	2A 4F 41 3F 66 46 2E F1 4D 41 9B EE 26 08 32 1B 
	C6 C6 26 40 AA 0E 8A FA F3 14 1A A0 80 C3 CC 5B 
	1F DF CF AA A1 A0 C7 61 3A A8 A7 DF B7 7B 84 AB 
	DD 38 B9 B4 F5 F5 93 45 98 5B 6A B8 5B BA 36 
th23 (size 32):
	33 9E FB 5A B8 FA 29 EB BC 7E 49 EF 32 1A E5 79 
	C6 03 E0 1A C6 30 5F 86 B2 83 AD C1 D9 44 98 9C 
plaintext_23 (size 12):
	41 A1 01 48 48 DB 6D D6 F1 FD 8A 69 
cred (size 3):
	A1 04 01 
TMP size: 32
CBOR ENCODE ERROR: 0
Encoded
memcopy1
memcopy2
Input to calculate TH_3/TH_4 (CBOR Sequence) (size 49):
	58 20 33 9E FB 5A B8 FA 29 EB BC 7E 49 EF 32 1A 
	E5 79 C6 03 E0 1A C6 30 5F 86 B2 83 AD C1 D9 44 
	98 9C 41 A1 01 48 48 DB 6D D6 F1 FD 8A 69 A1 04 
	01 
TH34 (size 32):
	47 47 37 F4 66 42 63 4A 6D 30 BF 1B A4 8D A4 BC 
	D2 6D BE CC C1 FD BA 39 F6 1E 58 56 29 3E 25 03 
msg2 generated
msg2 (size 1135):
	59 04 6C 27 B1 D6 35 A6 63 38 2D 99 E0 31 B3 E9 
	A5 D6 82 A0 95 45 04 93 56 AF 6F 13 54 DE D1 3E 
	D2 9C 72 68 8A 6C 8C 8B 34 3D 4D AE 78 27 B3 F1 
	55 1F 33 92 22 F6 A7 2C 00 8A 77 4D D1 54 38 FD 
	9F 17 60 D7 C7 84 E7 08 3D EE E2 91 5A 1F C9 6A 
	3A 5A 1D B2 76 87 4C 64 B8 27 EE 20 62 C3 07 EF 
	24 11 0D 63 25 0F 79 3A 31 29 00 EC D4 10 4A 34 
	1D 3F 66 9E 28 9E 14 60 DC 67 DC 09 30 E4 75 77 
	DC CD 29 E5 F1 6E 53 91 E5 79 E0 34 73 F2 C1 CA 
	C1 0C F5 93 D8 55 4D 50 3D D1 BE C8 5B 4B 2B BA 
	FA D8 AE 3D 9E 67 63 E4 88 19 D6 D1 5E 87 29 86 
	39 B9 37 E1 98 CD 93 36 C6 B3 45 4E 26 D9 21 F0 
	8B 0C DF 77 45 F8 28 AE 57 1F 9D 75 AC A6 D3 51 
	2E 6D 52 B9 8E 68 AD EC FA BB 9E 0A 14 D0 97 A0 
	F4 48 41 7B 27 47 4B 80 44 EA 98 6A BB 41 8A 21 
	64 E2 30 77 3D 20 CD 5C D1 73 71 01 25 EE D5 FA 
	35 AC 8B 5B 8F 76 02 AD F4 EE 6C 53 BD F3 BE A7 
	78 AA D9 4E C4 2D 66 FB 58 D0 95 F2 EB 69 2A 87 
	59 5B 0A 6C A3 E9 37 C7 BB 8E 37 9D 45 74 05 CA 
	13 60 7F 6A 95 1A CC 28 DA D3 8C C6 7F 4F 04 7E 
	DF 0C 08 95 04 FB 06 98 93 86 27 08 C0 DA 2C B3 
	21 1E B0 CF A5 BC B1 A4 44 76 D0 A4 38 2F 63 3C 
	13 FD 2A A3 B6 7D 9D 84 82 BA B2 1D FC 8C 6D AD 
	A7 33 FA 22 81 92 D0 09 2F 78 F1 6F 6D B0 49 80 
	E1 43 80 57 35 61 65 3F C7 52 49 9F DC 31 FF 2F 
	08 97 59 D5 0C 47 ED 1E 41 AA E1 58 53 CC BF 65 
	4D 09 35 BC A4 BE 39 73 38 23 D3 FA 07 77 05 71 
	70 CD 9A BF D8 7B 4C 5B 90 CA 65 3B E8 76 5D 1B 
	19 6A 20 60 20 27 C5 26 E5 DC 2C 0E 5A 28 B1 6C 
	6B EE 8E 3F 65 AD 88 BD DA 84 CB 6A 18 4B 95 AC 
	07 1E 5C CE 92 97 B1 D3 71 72 59 06 DB C8 0C D9 
	3A 24 D9 49 9A 00 25 F4 77 86 5F 2F 05 56 8E 3E 
	F3 6C 25 1F AC 82 FF BE BC B3 81 A7 34 A9 2B 40 
	9E 1F 12 DC 52 0F 61 74 75 AF 33 A6 CE 91 2E 83 
	33 D5 51 84 64 31 74 43 12 D8 6F BD 38 0E C1 CB 
	8B 2D 6D AF B6 5D EC 22 7A 9A 03 76 87 50 7E 85 
	C0 62 62 90 C9 91 D5 9D 49 18 5D 5C 06 2C D6 EB 
	A7 C7 EF 03 4F D2 13 93 36 BD AD FB C4 5A 74 B0 
	37 B5 58 7B 74 D4 2E E8 54 21 D6 46 C8 0D E7 04 
	2D 91 2D 36 C3 94 E6 93 F3 D4 1B 8A 53 E6 34 70 
	97 56 42 CC 36 20 1E 32 26 8B 29 A2 F6 17 F5 44 
	3F 9D 24 0B 72 97 D7 99 59 C5 B8 15 0E 31 1E 6A 
	26 C1 8F 52 C6 AC 88 B1 10 1C 39 22 B0 5B AC F3 
	50 2B 00 6A 8B 2E 3A 61 DA D1 4F 90 46 DF 10 96 
	52 BF CD E9 EE B6 49 26 2C 64 4F 73 6D C8 BC 59 
	45 A8 DE E9 FD 93 09 C8 DD DE AF 9A 8D 9D AF E5 
	B0 A7 E9 AA 8F 21 62 85 30 51 49 3E A1 D0 1B 3E 
	A1 38 AE BC 98 79 ED 99 D1 E6 B0 59 39 37 9C ED 
	4A FD 60 1B 01 2D 8B 38 99 25 CF 97 66 97 72 B5 
	FC 7D 80 16 5A 5F 8C 11 07 10 AF D5 54 44 8E CB 
	14 B7 65 B2 B5 5F 34 A3 5A 90 A1 8D 08 24 66 D6 
	E5 43 EB DC 7D 33 18 67 42 97 61 25 2E 03 7E 04 
	A6 57 4E D6 87 62 F7 80 81 41 D7 D6 CD 82 54 79 
	58 28 9C 5D FD AD BF B4 97 EF 0A 22 D2 91 D5 9A 
	11 58 87 04 75 F8 A1 C7 8E 82 CC E7 FF 52 24 9B 
	15 4A C9 4B E8 CF F3 E9 16 EE D9 30 AC 8C 1C A9 
	2F 95 81 E7 F0 29 9E C2 4A 8F 11 5F F3 97 95 3C 
	17 B8 97 B0 10 74 4C C4 26 A6 33 F0 0D EE 57 73 
	FB 96 7B 4F 9A 93 27 C3 56 B7 2E FE CE 5F 5A F7 
	58 6A A5 44 4C 56 EA C2 A0 FF 16 BF 53 5D 34 08 
	9B B8 86 5F 32 12 6A 02 DD CD 11 8D E6 1E 47 54 
	5B BB 53 58 8C 2F 2C 4D A8 50 1E 87 68 6A A2 73 
	EF 36 4C 81 EA 7F C4 42 2C 68 FB CF 45 BF D2 28 
	F7 FD 4C F8 F5 C3 16 02 A9 A4 42 46 FA 2D CF 13 
	30 12 AD 80 3C 6F 12 9F D8 08 C5 17 B6 BB E3 A3 
	83 99 50 59 97 5A 9E 62 0D B3 BA CD 7F E7 CC DA 
	FB 41 DC 20 FB 77 89 FD 96 30 96 A4 BF 48 42 94 
	2A 4F 41 3F 66 46 2E F1 4D 41 9B EE 26 08 32 1B 
	C6 C6 26 40 AA 0E 8A FA F3 14 1A A0 80 C3 CC 5B 
	1F DF CF AA A1 A0 C7 61 3A A8 A7 DF B7 7B 84 AB 
	DD 38 B9 B4 F5 F5 93 45 98 5B 6A B8 5B BA 36 
ead prcessed
[resp] tx sent 1135 bytes
mesage tx
waiting to receive
[resp] rx got 21 bytes
received
CIPHERTEXT_3 (size 20):
	3B 46 55 D6 0D 7B 93 4B 83 64 1B 22 E0 83 23 3F 
	32 6C 29 10 
PLAINTEXT3_SIZE: 903
ctxt3.len: 20
K_3 (size 16):
	C9 BC D3 55 42 CE 8B 48 FC 97 EC DC 8E B9 86 15 
IV_3 (size 13):
	F4 32 37 4D 7F 3B A7 7D F1 D7 E5 C7 34 
associated_data (size 45):
	83 68 45 6E 63 72 79 70 74 30 40 58 20 47 47 37 
	F4 66 42 63 4A 6D 30 BF 1B A4 8D A4 BC D2 6D BE 
	CC C1 FD BA 39 F6 1E 58 56 29 3E 25 03 
plaintext (size 12):
	A1 04 00 48 B8 F5 98 80 DD DE 8E 95 
ID_CRED (size 3):
	A1 04 00 
sign_or_mac (size 8):
	B8 F5 98 80 DD DE 8E 95 
[cred] lookup ID_CRED len=3
A10400
[cred] cred_array entries: 1
[cred] candidate[0] len=3 A10400
SHARED SECRET DERIVE
dh_secret (size 32):
	6C AA 7E E1 BA D2 D5 D5 C3 6D 15 AA 95 09 CF D4 
	84 71 E2 B0 43 B8 D2 92 C7 78 9F 3C 1B 1B 6C 3F 
SALT_3e2m or SALT4e3m (size 32):
	7F 01 6C 21 0C F4 0E 41 55 02 FE 30 9D F4 FC B7 
	37 1B 01 E2 58 20 03 0C 08 E9 0D 2A C7 59 F6 61 
prk_4e3m (size 32):
	18 D2 88 2A 1C 54 E2 DA F8 54 F9 E2 5C 4A AF FB 
	95 C4 7F C0 48 A3 58 48 01 B2 F5 B5 57 11 AE B3 
TMP size: 32
CBOR ENCODE ERROR: 0
MAX ID CRED: 400 cred len 3
MAX CRED: 765 cred len 3
PK SIZE: 65
SIGNATURE SIZE: 500
CONTEXT_MAC_SIZE: 1204
CONTEXT_MAC len: 41
CR len: 1
TH enc len: 34
MAC context (size 40):
	A1 04 00 58 20 47 47 37 F4 66 42 63 4A 6D 30 BF 
	1B A4 8D A4 BC D2 6D BE CC C1 FD BA 39 F6 1E 58 
	56 29 3E 25 03 A1 04 00 
MAC 2/3 (size 8):
	B8 F5 98 80 DD DE 8E 95 
th23 (size 32):
	47 47 37 F4 66 42 63 4A 6D 30 BF 1B A4 8D A4 BC 
	D2 6D BE CC C1 FD BA 39 F6 1E 58 56 29 3E 25 03 
plaintext_23 (size 12):
	A1 04 00 48 B8 F5 98 80 DD DE 8E 95 
cred (size 3):
	A1 04 00 
TMP size: 32
CBOR ENCODE ERROR: 0
Encoded
memcopy1
memcopy2
Input to calculate TH_3/TH_4 (CBOR Sequence) (size 49):
	58 20 47 47 37 F4 66 42 63 4A 6D 30 BF 1B A4 8D 
	A4 BC D2 6D BE CC C1 FD BA 39 F6 1E 58 56 29 3E 
	25 03 A1 04 00 48 B8 F5 98 80 DD DE 8E 95 A1 04 
	00 
TH34 (size 32):
	3C 25 56 E8 D0 6F 4A F0 9F 52 AA E4 C8 6C CD B6 
	45 05 4C 89 DB D0 C8 0C 5D 1B 86 E8 29 AD 46 02 
[resp] edhoc_responder_run completed
PRK_out (size 32):
	BB 0E 6C 8C B0 58 67 95 50 66 AB 81 F4 FE 4B 5F 
	89 5A 95 99 EB 31 AE 85 CE 2B A9 68 85 86 8A 3F 
prk_exporter (size 32):
	F2 A4 76 A2 D7 B1 3F C5 78 F4 86 9C 08 C0 04 EE 
	A8 1E 69 2E BA 51 66 C1 C7 D9 F2 F3 70 12 21 90 
OSCORE Master Secret (size 16):
	4F 93 48 11 0E AE 9A C3 49 9E 34 32 C0 CD DB 83 
OSCORE Master Salt (size 8):
	DC 47 01 16 B5 83 D3 4C 
