[resp] get_suite
[resp] suite ready
IPv4 server with address 0.0.0.0 started!
[resp] socket ready
[resp] static DH keygen
[resp] static initiator pk
[resp] ephemeral DH keygen
[resp] starting edhoc_responder_run
[resp] rx got 1223 bytes
message_1 (CBOR Sequence) (size 1223):
	03 15 59 04 C0 FB B4 6F DD 17 E8 B7 0E C5 98 DE 
	CB B6 C8 4A 15 29 B0 DF CF 9E DE D9 C5 F8 D3 BF 
	64 F5 52 D2 10 87 30 C3 AB 20 5C FE 69 7E 5F A4 
	8F DE 29 68 49 01 35 05 41 31 D8 22 1C 25 C3 60 
	41 88 78 53 19 63 AB 09 0A C0 D9 7D 0A 1B 7D 00 
	55 76 51 A7 6F DC 04 4F B0 8B 3B 03 6C 91 5C 21 
	9D 7F 4B 4C 80 D1 6B D8 82 C9 24 E8 50 8D 15 31 
	4C D3 89 18 D7 BC 40 D7 37 3F 29 7B C5 04 62 48 
	35 9D 65 58 80 97 15 72 5D F6 A1 B0 A3 31 14 DC 
	42 C6 13 0A C1 CC 78 1A C1 9E 59 6B 21 22 63 7B 
	9C F7 CB AD BB 43 B0 EB 56 5F CA 74 EE 6B 55 C0 
	18 3E D6 66 C6 03 53 78 2A FC 7E 54 03 97 70 B1 
	5F 25 32 7F AF 9A 53 A6 D6 CE CA 0A 78 4B D4 4F 
	37 E5 2E F8 72 34 A7 D5 C7 AB 04 3F 30 20 44 61 
	23 28 B8 E7 6F 4B 85 22 C1 C9 8A 88 DB 5E F4 A5 
	8D EE BC A3 BE CB 5F A0 A9 63 56 9B 8F EE F1 93 
	EB 8A BF 8F 19 68 2E C6 B1 48 34 46 48 B2 4A 80 
	D9 01 EF E7 94 44 35 AC 54 A6 2B 0A D1 43 39 A4 
	15 F5 95 10 83 87 B6 59 A1 97 7D C7 26 64 50 6D 
	5D 54 6E 32 52 44 E9 F7 0A 44 E2 C8 08 3B C7 06 
	36 95 0B 2C B9 E0 8A 53 D3 72 15 3C A5 61 FB 5C 
	C5 E4 26 80 D2 8C 90 DF 29 24 76 18 5F 22 85 BC 
	C0 15 73 76 00 AD 6D CB 20 0C 90 54 A0 99 A9 C1 
	BA 65 B6 38 A1 2C C5 73 CA 4C CE B8 B8 72 94 AB 
	CC 24 69 48 12 A7 35 5D 54 5E D9 6B 10 F7 71 CC 
	B4 15 3F A2 51 78 99 C9 12 BA EB 0F 77 FA A5 C4 
	40 C8 8A 31 23 9E 05 AA 02 56 47 19 46 AC 9B FB 
	89 64 24 13 C4 46 73 E2 51 42 B3 4B A0 8D 96 37 
	B3 67 66 CD E7 5E 41 69 97 95 5B 40 10 73 1D 01 
	46 79 F8 70 32 8B 9A 55 CC AB 92 FD D6 9B 91 CA 
	7E CE C5 2F 88 17 5D 38 B5 0D 5B B3 2F E3 16 3E 
	DD 96 5F 39 B2 6C C4 E5 60 14 7C 40 75 3B CF 67 
	90 B7 53 32 07 20 28 C8 47 88 7F 5A 41 22 DE A6 
	A7 2F 4B 2D 91 29 0A 35 F4 48 79 DC 59 BB D9 B9 
	84 2B 9E B3 61 3B AF 17 97 E5 55 82 02 97 2D 1F 
	FB 61 0B 06 91 6A 01 49 37 97 CE 2C D1 00 CC 13 
	71 17 34 1D 15 BA 2F 22 2C 41 FB 08 8A 7D CB A8 
	C9 65 AC 27 89 A2 BC 98 7F 7F 20 87 28 BA A3 F0 
	03 68 0A 55 92 55 19 B0 C6 56 57 B9 1A 20 14 DB 
	1B 1B E7 CC 3C 97 94 BA 25 A3 E0 25 C9 A6 33 54 
	1A 42 70 5B E6 9D 72 63 57 75 E4 4A 31 36 74 55 
	DA 95 2F A8 9C 2B 1B 4C 5F EB 81 06 EA 5C FA D4 
	1E 69 3A AF F8 0B C9 4E 24 09 47 63 A6 E6 E5 0A 
	13 8C B0 F8 21 8F 73 B3 5A C2 6A 75 9D B6 8D 0F 
	42 59 45 E6 34 FB 17 18 9F 0B CD 69 B9 C6 A2 D0 
	B5 0E 18 08 B5 3C 01 A4 3C 48 EC B8 5A D2 A5 69 
	7B 5B 64 76 98 1E 1B 9A 30 7A 69 1D A0 C8 63 CF 
	22 2A CA D5 4B 56 F8 17 D6 F1 C5 DC CC 57 B9 E4 
	45 6D 81 62 64 67 59 BE 51 01 AE D2 02 E3 E0 CF 
	69 D7 8E 93 72 7E 82 A5 57 F4 2A 7E 6C 4B 1C 3C 
	E5 BD FD C1 50 88 D3 43 1B A1 11 54 75 A6 0A EB 
	62 DB 76 CB BA AB 10 26 F7 6F 39 BB 0C BD C4 91 
	AB 94 40 39 04 B0 34 24 B6 03 37 16 5E 94 25 C0 
	96 3B B5 60 55 A1 86 89 91 64 C2 92 C0 CA 1E E0 
	06 2B B1 80 B8 26 09 DF 41 38 53 2A 71 C8 C7 41 
	EE 63 92 D3 57 A7 F8 22 6F E7 4B 7C 38 8A 29 D5 
	B4 44 40 FC 80 B1 6B 5C 7B A7 AF CD 76 22 E9 FA 
	8D FC A5 42 BF 67 8A FE 30 08 90 F2 5F 14 4B 71 
	08 F8 42 84 82 3F 2C 96 75 53 E1 4A D3 57 56 F9 
	CC 66 74 D6 18 F4 40 86 30 DB 25 5A 82 5C E7 F3 
	04 21 35 5F 51 67 A3 05 E5 B6 8B A7 21 AC B8 94 
	B7 EB C3 88 81 B8 54 55 2A C1 06 89 CA 29 8C F6 
	C4 4E 7D F3 62 25 A1 92 83 A4 6E BB 13 88 CC 02 
	2A 3D D0 BC F3 B5 42 19 85 43 F0 2B 5D A6 89 C0 
	3F 45 3D 5A A2 74 5E 19 2A 3D B7 CA 28 A1 46 D5 
	D4 C6 9F 63 B1 A4 BA B5 0A 6A 3B 95 A9 73 A1 96 
	75 B5 FA 86 7D C8 C8 41 F1 36 A1 E2 30 A1 45 7E 
	2E FB C3 65 D1 4C A9 B8 C9 8D 65 30 89 1B 23 F1 
	B7 3A C4 C9 62 51 77 CC E3 DA 1E C5 F4 11 30 57 
	01 28 4A 36 AF 88 2C 56 E3 40 E7 17 B2 ED AB 78 
	C6 01 75 8D 7C 6B 50 55 A2 62 29 A1 41 E1 3B CD 
	52 C2 33 83 85 E5 B0 26 1E 8C 9F 76 5A 3B E1 45 
	26 2A D1 88 0E 98 C7 EA 42 9D 25 28 80 4B 0C 2C 
	6C 57 17 83 15 28 D8 A3 46 CA 27 1C 6B 61 9E 7B 
	10 B8 8A 47 70 BB DE DF 65 55 E0 DD 06 BD C0 2A 
	5D 3B B0 3F 73 92 59 30 57 21 ED 86 AA 71 30 DB 
	68 5F F1 CC FE 41 49 
msg1  (size 1223):
	03 15 59 04 C0 FB B4 6F DD 17 E8 B7 0E C5 98 DE 
	CB B6 C8 4A 15 29 B0 DF CF 9E DE D9 C5 F8 D3 BF 
	64 F5 52 D2 10 87 30 C3 AB 20 5C FE 69 7E 5F A4 
	8F DE 29 68 49 01 35 05 41 31 D8 22 1C 25 C3 60 
	41 88 78 53 19 63 AB 09 0A C0 D9 7D 0A 1B 7D 00 
	55 76 51 A7 6F DC 04 4F B0 8B 3B 03 6C 91 5C 21 
	9D 7F 4B 4C 80 D1 6B D8 82 C9 24 E8 50 8D 15 31 
	4C D3 89 18 D7 BC 40 D7 37 3F 29 7B C5 04 62 48 
	35 9D 65 58 80 97 15 72 5D F6 A1 B0 A3 31 14 DC 
	42 C6 13 0A C1 CC 78 1A C1 9E 59 6B 21 22 63 7B 
	9C F7 CB AD BB 43 B0 EB 56 5F CA 74 EE 6B 55 C0 
	18 3E D6 66 C6 03 53 78 2A FC 7E 54 03 97 70 B1 
	5F 25 32 7F AF 9A 53 A6 D6 CE CA 0A 78 4B D4 4F 
	37 E5 2E F8 72 34 A7 D5 C7 AB 04 3F 30 20 44 61 
	23 28 B8 E7 6F 4B 85 22 C1 C9 8A 88 DB 5E F4 A5 
	8D EE BC A3 BE CB 5F A0 A9 63 56 9B 8F EE F1 93 
	EB 8A BF 8F 19 68 2E C6 B1 48 34 46 48 B2 4A 80 
	D9 01 EF E7 94 44 35 AC 54 A6 2B 0A D1 43 39 A4 
	15 F5 95 10 83 87 B6 59 A1 97 7D C7 26 64 50 6D 
	5D 54 6E 32 52 44 E9 F7 0A 44 E2 C8 08 3B C7 06 
	36 95 0B 2C B9 E0 8A 53 D3 72 15 3C A5 61 FB 5C 
	C5 E4 26 80 D2 8C 90 DF 29 24 76 18 5F 22 85 BC 
	C0 15 73 76 00 AD 6D CB 20 0C 90 54 A0 99 A9 C1 
	BA 65 B6 38 A1 2C C5 73 CA 4C CE B8 B8 72 94 AB 
	CC 24 69 48 12 A7 35 5D 54 5E D9 6B 10 F7 71 CC 
	B4 15 3F A2 51 78 99 C9 12 BA EB 0F 77 FA A5 C4 
	40 C8 8A 31 23 9E 05 AA 02 56 47 19 46 AC 9B FB 
	89 64 24 13 C4 46 73 E2 51 42 B3 4B A0 8D 96 37 
	B3 67 66 CD E7 5E 41 69 97 95 5B 40 10 73 1D 01 
	46 79 F8 70 32 8B 9A 55 CC AB 92 FD D6 9B 91 CA 
	7E CE C5 2F 88 17 5D 38 B5 0D 5B B3 2F E3 16 3E 
	DD 96 5F 39 B2 6C C4 E5 60 14 7C 40 75 3B CF 67 
	90 B7 53 32 07 20 28 C8 47 88 7F 5A 41 22 DE A6 
	A7 2F 4B 2D 91 29 0A 35 F4 48 79 DC 59 BB D9 B9 
	84 2B 9E B3 61 3B AF 17 97 E5 55 82 02 97 2D 1F 
	FB 61 0B 06 91 6A 01 49 37 97 CE 2C D1 00 CC 13 
	71 17 34 1D 15 BA 2F 22 2C 41 FB 08 8A 7D CB A8 
	C9 65 AC 27 89 A2 BC 98 7F 7F 20 87 28 BA A3 F0 
	03 68 0A 55 92 55 19 B0 C6 56 57 B9 1A 20 14 DB 
	1B 1B E7 CC 3C 97 94 BA 25 A3 E0 25 C9 A6 33 54 
	1A 42 70 5B E6 9D 72 63 57 75 E4 4A 31 36 74 55 
	DA 95 2F A8 9C 2B 1B 4C 5F EB 81 06 EA 5C FA D4 
	1E 69 3A AF F8 0B C9 4E 24 09 47 63 A6 E6 E5 0A 
	13 8C B0 F8 21 8F 73 B3 5A C2 6A 75 9D B6 8D 0F 
	42 59 45 E6 34 FB 17 18 9F 0B CD 69 B9 C6 A2 D0 
	B5 0E 18 08 B5 3C 01 A4 3C 48 EC B8 5A D2 A5 69 
	7B 5B 64 76 98 1E 1B 9A 30 7A 69 1D A0 C8 63 CF 
	22 2A CA D5 4B 56 F8 17 D6 F1 C5 DC CC 57 B9 E4 
	45 6D 81 62 64 67 59 BE 51 01 AE D2 02 E3 E0 CF 
	69 D7 8E 93 72 7E 82 A5 57 F4 2A 7E 6C 4B 1C 3C 
	E5 BD FD C1 50 88 D3 43 1B A1 11 54 75 A6 0A EB 
	62 DB 76 CB BA AB 10 26 F7 6F 39 BB 0C BD C4 91 
	AB 94 40 39 04 B0 34 24 B6 03 37 16 5E 94 25 C0 
	96 3B B5 60 55 A1 86 89 91 64 C2 92 C0 CA 1E E0 
	06 2B B1 80 B8 26 09 DF 41 38 53 2A 71 C8 C7 41 
	EE 63 92 D3 57 A7 F8 22 6F E7 4B 7C 38 8A 29 D5 
	B4 44 40 FC 80 B1 6B 5C 7B A7 AF CD 76 22 E9 FA 
	8D FC A5 42 BF 67 8A FE 30 08 90 F2 5F 14 4B 71 
	08 F8 42 84 82 3F 2C 96 75 53 E1 4A D3 57 56 F9 
	CC 66 74 D6 18 F4 40 86 30 DB 25 5A 82 5C E7 F3 
	04 21 35 5F 51 67 A3 05 E5 B6 8B A7 21 AC B8 94 
	B7 EB C3 88 81 B8 54 55 2A C1 06 89 CA 29 8C F6 
	C4 4E 7D F3 62 25 A1 92 83 A4 6E BB 13 88 CC 02 
	2A 3D D0 BC F3 B5 42 19 85 43 F0 2B 5D A6 89 C0 
	3F 45 3D 5A A2 74 5E 19 2A 3D B7 CA 28 A1 46 D5 
	D4 C6 9F 63 B1 A4 BA B5 0A 6A 3B 95 A9 73 A1 96 
	75 B5 FA 86 7D C8 C8 41 F1 36 A1 E2 30 A1 45 7E 
	2E FB C3 65 D1 4C A9 B8 C9 8D 65 30 89 1B 23 F1 
	B7 3A C4 C9 62 51 77 CC E3 DA 1E C5 F4 11 30 57 
	01 28 4A 36 AF 88 2C 56 E3 40 E7 17 B2 ED AB 78 
	C6 01 75 8D 7C 6B 50 55 A2 62 29 A1 41 E1 3B CD 
	52 C2 33 83 85 E5 B0 26 1E 8C 9F 76 5A 3B E1 45 
	26 2A D1 88 0E 98 C7 EA 42 9D 25 28 80 4B 0C 2C 
	6C 57 17 83 15 28 D8 A3 46 CA 27 1C 6B 61 9E 7B 
	10 B8 8A 47 70 BB DE DF 65 55 E0 DD 06 BD C0 2A 
	5D 3B B0 3F 73 92 59 30 57 21 ED 86 AA 71 30 DB 
	68 5F F1 CC FE 41 49 
msg1 METHOD: 3
msg1 SUITES_I (size 1):
	15 
g_x len 1216
g_x len message 1 1216
msg1 G_X (size 1216):
	FB B4 6F DD 17 E8 B7 0E C5 98 DE CB B6 C8 4A 15 
	29 B0 DF CF 9E DE D9 C5 F8 D3 BF 64 F5 52 D2 10 
	87 30 C3 AB 20 5C FE 69 7E 5F A4 8F DE 29 68 49 
	01 35 05 41 31 D8 22 1C 25 C3 60 41 88 78 53 19 
	63 AB 09 0A C0 D9 7D 0A 1B 7D 00 55 76 51 A7 6F 
	DC 04 4F B0 8B 3B 03 6C 91 5C 21 9D 7F 4B 4C 80 
	D1 6B D8 82 C9 24 E8 50 8D 15 31 4C D3 89 18 D7 
	BC 40 D7 37 3F 29 7B C5 04 62 48 35 9D 65 58 80 
	97 15 72 5D F6 A1 B0 A3 31 14 DC 42 C6 13 0A C1 
	CC 78 1A C1 9E 59 6B 21 22 63 7B 9C F7 CB AD BB 
	43 B0 EB 56 5F CA 74 EE 6B 55 C0 18 3E D6 66 C6 
	03 53 78 2A FC 7E 54 03 97 70 B1 5F 25 32 7F AF 
	9A 53 A6 D6 CE CA 0A 78 4B D4 4F 37 E5 2E F8 72 
	34 A7 D5 C7 AB 04 3F 30 20 44 61 23 28 B8 E7 6F 
	4B 85 22 C1 C9 8A 88 DB 5E F4 A5 8D EE BC A3 BE 
	CB 5F A0 A9 63 56 9B 8F EE F1 93 EB 8A BF 8F 19 
	68 2E C6 B1 48 34 46 48 B2 4A 80 D9 01 EF E7 94 
	44 35 AC 54 A6 2B 0A D1 43 39 A4 15 F5 95 10 83 
	87 B6 59 A1 97 7D C7 26 64 50 6D 5D 54 6E 32 52 
	44 E9 F7 0A 44 E2 C8 08 3B C7 06 36 95 0B 2C B9 
	E0 8A 53 D3 72 15 3C A5 61 FB 5C C5 E4 26 80 D2 
	8C 90 DF 29 24 76 18 5F 22 85 BC C0 15 73 76 00 
	AD 6D CB 20 0C 90 54 A0 99 A9 C1 BA 65 B6 38 A1 
	2C C5 73 CA 4C CE B8 B8 72 94 AB CC 24 69 48 12 
	A7 35 5D 54 5E D9 6B 10 F7 71 CC B4 15 3F A2 51 
	78 99 C9 12 BA EB 0F 77 FA A5 C4 40 C8 8A 31 23 
	9E 05 AA 02 56 47 19 46 AC 9B FB 89 64 24 13 C4 
	46 73 E2 51 42 B3 4B A0 8D 96 37 B3 67 66 CD E7 
	5E 41 69 97 95 5B 40 10 73 1D 01 46 79 F8 70 32 
	8B 9A 55 CC AB 92 FD D6 9B 91 CA 7E CE C5 2F 88 
	17 5D 38 B5 0D 5B B3 2F E3 16 3E DD 96 5F 39 B2 
	6C C4 E5 60 14 7C 40 75 3B CF 67 90 B7 53 32 07 
	20 28 C8 47 88 7F 5A 41 22 DE A6 A7 2F 4B 2D 91 
	29 0A 35 F4 48 79 DC 59 BB D9 B9 84 2B 9E B3 61 
	3B AF 17 97 E5 55 82 02 97 2D 1F FB 61 0B 06 91 
	6A 01 49 37 97 CE 2C D1 00 CC 13 71 17 34 1D 15 
	BA 2F 22 2C 41 FB 08 8A 7D CB A8 C9 65 AC 27 89 
	A2 BC 98 7F 7F 20 87 28 BA A3 F0 03 68 0A 55 92 
	55 19 B0 C6 56 57 B9 1A 20 14 DB 1B 1B E7 CC 3C 
	97 94 BA 25 A3 E0 25 C9 A6 33 54 1A 42 70 5B E6 
	9D 72 63 57 75 E4 4A 31 36 74 55 DA 95 2F A8 9C 
	2B 1B 4C 5F EB 81 06 EA 5C FA D4 1E 69 3A AF F8 
	0B C9 4E 24 09 47 63 A6 E6 E5 0A 13 8C B0 F8 21 
	8F 73 B3 5A C2 6A 75 9D B6 8D 0F 42 59 45 E6 34 
	FB 17 18 9F 0B CD 69 B9 C6 A2 D0 B5 0E 18 08 B5 
	3C 01 A4 3C 48 EC B8 5A D2 A5 69 7B 5B 64 76 98 
	1E 1B 9A 30 7A 69 1D A0 C8 63 CF 22 2A CA D5 4B 
	56 F8 17 D6 F1 C5 DC CC 57 B9 E4 45 6D 81 62 64 
	67 59 BE 51 01 AE D2 02 E3 E0 CF 69 D7 8E 93 72 
	7E 82 A5 57 F4 2A 7E 6C 4B 1C 3C E5 BD FD C1 50 
	88 D3 43 1B A1 11 54 75 A6 0A EB 62 DB 76 CB BA 
	AB 10 26 F7 6F 39 BB 0C BD C4 91 AB 94 40 39 04 
	B0 34 24 B6 03 37 16 5E 94 25 C0 96 3B B5 60 55 
	A1 86 89 91 64 C2 92 C0 CA 1E E0 06 2B B1 80 B8 
	26 09 DF 41 38 53 2A 71 C8 C7 41 EE 63 92 D3 57 
	A7 F8 22 6F E7 4B 7C 38 8A 29 D5 B4 44 40 FC 80 
	B1 6B 5C 7B A7 AF CD 76 22 E9 FA 8D FC A5 42 BF 
	67 8A FE 30 08 90 F2 5F 14 4B 71 08 F8 42 84 82 
	3F 2C 96 75 53 E1 4A D3 57 56 F9 CC 66 74 D6 18 
	F4 40 86 30 DB 25 5A 82 5C E7 F3 04 21 35 5F 51 
	67 A3 05 E5 B6 8B A7 21 AC B8 94 B7 EB C3 88 81 
	B8 54 55 2A C1 06 89 CA 29 8C F6 C4 4E 7D F3 62 
	25 A1 92 83 A4 6E BB 13 88 CC 02 2A 3D D0 BC F3 
	B5 42 19 85 43 F0 2B 5D A6 89 C0 3F 45 3D 5A A2 
	74 5E 19 2A 3D B7 CA 28 A1 46 D5 D4 C6 9F 63 B1 
	A4 BA B5 0A 6A 3B 95 A9 73 A1 96 75 B5 FA 86 7D 
	C8 C8 41 F1 36 A1 E2 30 A1 45 7E 2E FB C3 65 D1 
	4C A9 B8 C9 8D 65 30 89 1B 23 F1 B7 3A C4 C9 62 
	51 77 CC E3 DA 1E C5 F4 11 30 57 01 28 4A 36 AF 
	88 2C 56 E3 40 E7 17 B2 ED AB 78 C6 01 75 8D 7C 
	6B 50 55 A2 62 29 A1 41 E1 3B CD 52 C2 33 83 85 
	E5 B0 26 1E 8C 9F 76 5A 3B E1 45 26 2A D1 88 0E 
	98 C7 EA 42 9D 25 28 80 4B 0C 2C 6C 57 17 83 15 
	28 D8 A3 46 CA 27 1C 6B 61 9E 7B 10 B8 8A 47 70 
	BB DE DF 65 55 E0 DD 06 BD C0 2A 5D 3B B0 3F 73 
	92 59 30 57 21 ED 86 AA 71 30 DB 68 5F F1 CC FE 
msg1 C_I_raw (size 1):
	49 
Suite 21 will be used in this EDHOC run.
PQ/T hybrid declare second array
PQ/T hybrid suit
PQ/T y  (size 32):
	38 89 C4 E0 B5 3B 03 FA 44 FB A6 AF 89 EE AA 5F 
	43 47 E8 49 6E 93 4C E8 13 64 E1 32 CF CA 25 6D 
PQ/T gx  (size 1216):
	FB B4 6F DD 17 E8 B7 0E C5 98 DE CB B6 C8 4A 15 
	29 B0 DF CF 9E DE D9 C5 F8 D3 BF 64 F5 52 D2 10 
	87 30 C3 AB 20 5C FE 69 7E 5F A4 8F DE 29 68 49 
	01 35 05 41 31 D8 22 1C 25 C3 60 41 88 78 53 19 
	63 AB 09 0A C0 D9 7D 0A 1B 7D 00 55 76 51 A7 6F 
	DC 04 4F B0 8B 3B 03 6C 91 5C 21 9D 7F 4B 4C 80 
	D1 6B D8 82 C9 24 E8 50 8D 15 31 4C D3 89 18 D7 
	BC 40 D7 37 3F 29 7B C5 04 62 48 35 9D 65 58 80 
	97 15 72 5D F6 A1 B0 A3 31 14 DC 42 C6 13 0A C1 
	CC 78 1A C1 9E 59 6B 21 22 63 7B 9C F7 CB AD BB 
	43 B0 EB 56 5F CA 74 EE 6B 55 C0 18 3E D6 66 C6 
	03 53 78 2A FC 7E 54 03 97 70 B1 5F 25 32 7F AF 
	9A 53 A6 D6 CE CA 0A 78 4B D4 4F 37 E5 2E F8 72 
	34 A7 D5 C7 AB 04 3F 30 20 44 61 23 28 B8 E7 6F 
	4B 85 22 C1 C9 8A 88 DB 5E F4 A5 8D EE BC A3 BE 
	CB 5F A0 A9 63 56 9B 8F EE F1 93 EB 8A BF 8F 19 
	68 2E C6 B1 48 34 46 48 B2 4A 80 D9 01 EF E7 94 
	44 35 AC 54 A6 2B 0A D1 43 39 A4 15 F5 95 10 83 
	87 B6 59 A1 97 7D C7 26 64 50 6D 5D 54 6E 32 52 
	44 E9 F7 0A 44 E2 C8 08 3B C7 06 36 95 0B 2C B9 
	E0 8A 53 D3 72 15 3C A5 61 FB 5C C5 E4 26 80 D2 
	8C 90 DF 29 24 76 18 5F 22 85 BC C0 15 73 76 00 
	AD 6D CB 20 0C 90 54 A0 99 A9 C1 BA 65 B6 38 A1 
	2C C5 73 CA 4C CE B8 B8 72 94 AB CC 24 69 48 12 
	A7 35 5D 54 5E D9 6B 10 F7 71 CC B4 15 3F A2 51 
	78 99 C9 12 BA EB 0F 77 FA A5 C4 40 C8 8A 31 23 
	9E 05 AA 02 56 47 19 46 AC 9B FB 89 64 24 13 C4 
	46 73 E2 51 42 B3 4B A0 8D 96 37 B3 67 66 CD E7 
	5E 41 69 97 95 5B 40 10 73 1D 01 46 79 F8 70 32 
	8B 9A 55 CC AB 92 FD D6 9B 91 CA 7E CE C5 2F 88 
	17 5D 38 B5 0D 5B B3 2F E3 16 3E DD 96 5F 39 B2 
	6C C4 E5 60 14 7C 40 75 3B CF 67 90 B7 53 32 07 
	20 28 C8 47 88 7F 5A 41 22 DE A6 A7 2F 4B 2D 91 
	29 0A 35 F4 48 79 DC 59 BB D9 B9 84 2B 9E B3 61 
	3B AF 17 97 E5 55 82 02 97 2D 1F FB 61 0B 06 91 
	6A 01 49 37 97 CE 2C D1 00 CC 13 71 17 34 1D 15 
	BA 2F 22 2C 41 FB 08 8A 7D CB A8 C9 65 AC 27 89 
	A2 BC 98 7F 7F 20 87 28 BA A3 F0 03 68 0A 55 92 
	55 19 B0 C6 56 57 B9 1A 20 14 DB 1B 1B E7 CC 3C 
	97 94 BA 25 A3 E0 25 C9 A6 33 54 1A 42 70 5B E6 
	9D 72 63 57 75 E4 4A 31 36 74 55 DA 95 2F A8 9C 
	2B 1B 4C 5F EB 81 06 EA 5C FA D4 1E 69 3A AF F8 
	0B C9 4E 24 09 47 63 A6 E6 E5 0A 13 8C B0 F8 21 
	8F 73 B3 5A C2 6A 75 9D B6 8D 0F 42 59 45 E6 34 
	FB 17 18 9F 0B CD 69 B9 C6 A2 D0 B5 0E 18 08 B5 
	3C 01 A4 3C 48 EC B8 5A D2 A5 69 7B 5B 64 76 98 
	1E 1B 9A 30 7A 69 1D A0 C8 63 CF 22 2A CA D5 4B 
	56 F8 17 D6 F1 C5 DC CC 57 B9 E4 45 6D 81 62 64 
	67 59 BE 51 01 AE D2 02 E3 E0 CF 69 D7 8E 93 72 
	7E 82 A5 57 F4 2A 7E 6C 4B 1C 3C E5 BD FD C1 50 
	88 D3 43 1B A1 11 54 75 A6 0A EB 62 DB 76 CB BA 
	AB 10 26 F7 6F 39 BB 0C BD C4 91 AB 94 40 39 04 
	B0 34 24 B6 03 37 16 5E 94 25 C0 96 3B B5 60 55 
	A1 86 89 91 64 C2 92 C0 CA 1E E0 06 2B B1 80 B8 
	26 09 DF 41 38 53 2A 71 C8 C7 41 EE 63 92 D3 57 
	A7 F8 22 6F E7 4B 7C 38 8A 29 D5 B4 44 40 FC 80 
	B1 6B 5C 7B A7 AF CD 76 22 E9 FA 8D FC A5 42 BF 
	67 8A FE 30 08 90 F2 5F 14 4B 71 08 F8 42 84 82 
	3F 2C 96 75 53 E1 4A D3 57 56 F9 CC 66 74 D6 18 
	F4 40 86 30 DB 25 5A 82 5C E7 F3 04 21 35 5F 51 
	67 A3 05 E5 B6 8B A7 21 AC B8 94 B7 EB C3 88 81 
	B8 54 55 2A C1 06 89 CA 29 8C F6 C4 4E 7D F3 62 
	25 A1 92 83 A4 6E BB 13 88 CC 02 2A 3D D0 BC F3 
	B5 42 19 85 43 F0 2B 5D A6 89 C0 3F 45 3D 5A A2 
	74 5E 19 2A 3D B7 CA 28 A1 46 D5 D4 C6 9F 63 B1 
	A4 BA B5 0A 6A 3B 95 A9 73 A1 96 75 B5 FA 86 7D 
	C8 C8 41 F1 36 A1 E2 30 A1 45 7E 2E FB C3 65 D1 
	4C A9 B8 C9 8D 65 30 89 1B 23 F1 B7 3A C4 C9 62 
	51 77 CC E3 DA 1E C5 F4 11 30 57 01 28 4A 36 AF 
	88 2C 56 E3 40 E7 17 B2 ED AB 78 C6 01 75 8D 7C 
	6B 50 55 A2 62 29 A1 41 E1 3B CD 52 C2 33 83 85 
	E5 B0 26 1E 8C 9F 76 5A 3B E1 45 26 2A D1 88 0E 
	98 C7 EA 42 9D 25 28 80 4B 0C 2C 6C 57 17 83 15 
	28 D8 A3 46 CA 27 1C 6B 61 9E 7B 10 B8 8A 47 70 
	BB DE DF 65 55 E0 DD 06 BD C0 2A 5D 3B B0 3F 73 
	92 59 30 57 21 ED 86 AA 71 30 DB 68 5F F1 CC FE 
DH y  (size 32):
	38 89 C4 E0 B5 3B 03 FA 44 FB A6 AF 89 EE AA 5F 
	43 47 E8 49 6E 93 4C E8 13 64 E1 32 CF CA 25 6D 
DH gx  (size 32):
	FB B4 6F DD 17 E8 B7 0E C5 98 DE CB B6 C8 4A 15 
	29 B0 DF CF 9E DE D9 C5 F8 D3 BF 64 F5 52 D2 10 
SHARED SECRET DERIVE
G_XY (ECDH shared secret)  (size 32):
	23 42 DA 3A 44 A9 28 77 02 7E D4 DE 6D 1E 8E A1 
	6A 64 F6 60 1A CF 0D 09 79 E2 32 07 86 54 F8 6D 
KEM mechanism
KEM - g_x  (size 1184):
	87 30 C3 AB 20 5C FE 69 7E 5F A4 8F DE 29 68 49 
	01 35 05 41 31 D8 22 1C 25 C3 60 41 88 78 53 19 
	63 AB 09 0A C0 D9 7D 0A 1B 7D 00 55 76 51 A7 6F 
	DC 04 4F B0 8B 3B 03 6C 91 5C 21 9D 7F 4B 4C 80 
	D1 6B D8 82 C9 24 E8 50 8D 15 31 4C D3 89 18 D7 
	BC 40 D7 37 3F 29 7B C5 04 62 48 35 9D 65 58 80 
	97 15 72 5D F6 A1 B0 A3 31 14 DC 42 C6 13 0A C1 
	CC 78 1A C1 9E 59 6B 21 22 63 7B 9C F7 CB AD BB 
	43 B0 EB 56 5F CA 74 EE 6B 55 C0 18 3E D6 66 C6 
	03 53 78 2A FC 7E 54 03 97 70 B1 5F 25 32 7F AF 
	9A 53 A6 D6 CE CA 0A 78 4B D4 4F 37 E5 2E F8 72 
	34 A7 D5 C7 AB 04 3F 30 20 44 61 23 28 B8 E7 6F 
	4B 85 22 C1 C9 8A 88 DB 5E F4 A5 8D EE BC A3 BE 
	CB 5F A0 A9 63 56 9B 8F EE F1 93 EB 8A BF 8F 19 
	68 2E C6 B1 48 34 46 48 B2 4A 80 D9 01 EF E7 94 
	44 35 AC 54 A6 2B 0A D1 43 39 A4 15 F5 95 10 83 
	87 B6 59 A1 97 7D C7 26 64 50 6D 5D 54 6E 32 52 
	44 E9 F7 0A 44 E2 C8 08 3B C7 06 36 95 0B 2C B9 
	E0 8A 53 D3 72 15 3C A5 61 FB 5C C5 E4 26 80 D2 
	8C 90 DF 29 24 76 18 5F 22 85 BC C0 15 73 76 00 
	AD 6D CB 20 0C 90 54 A0 99 A9 C1 BA 65 B6 38 A1 
	2C C5 73 CA 4C CE B8 B8 72 94 AB CC 24 69 48 12 
	A7 35 5D 54 5E D9 6B 10 F7 71 CC B4 15 3F A2 51 
	78 99 C9 12 BA EB 0F 77 FA A5 C4 40 C8 8A 31 23 
	9E 05 AA 02 56 47 19 46 AC 9B FB 89 64 24 13 C4 
	46 73 E2 51 42 B3 4B A0 8D 96 37 B3 67 66 CD E7 
	5E 41 69 97 95 5B 40 10 73 1D 01 46 79 F8 70 32 
	8B 9A 55 CC AB 92 FD D6 9B 91 CA 7E CE C5 2F 88 
	17 5D 38 B5 0D 5B B3 2F E3 16 3E DD 96 5F 39 B2 
	6C C4 E5 60 14 7C 40 75 3B CF 67 90 B7 53 32 07 
	20 28 C8 47 88 7F 5A 41 22 DE A6 A7 2F 4B 2D 91 
	29 0A 35 F4 48 79 DC 59 BB D9 B9 84 2B 9E B3 61 
	3B AF 17 97 E5 55 82 02 97 2D 1F FB 61 0B 06 91 
	6A 01 49 37 97 CE 2C D1 00 CC 13 71 17 34 1D 15 
	BA 2F 22 2C 41 FB 08 8A 7D CB A8 C9 65 AC 27 89 
	A2 BC 98 7F 7F 20 87 28 BA A3 F0 03 68 0A 55 92 
	55 19 B0 C6 56 57 B9 1A 20 14 DB 1B 1B E7 CC 3C 
	97 94 BA 25 A3 E0 25 C9 A6 33 54 1A 42 70 5B E6 
	9D 72 63 57 75 E4 4A 31 36 74 55 DA 95 2F A8 9C 
	2B 1B 4C 5F EB 81 06 EA 5C FA D4 1E 69 3A AF F8 
	0B C9 4E 24 09 47 63 A6 E6 E5 0A 13 8C B0 F8 21 
	8F 73 B3 5A C2 6A 75 9D B6 8D 0F 42 59 45 E6 34 
	FB 17 18 9F 0B CD 69 B9 C6 A2 D0 B5 0E 18 08 B5 
	3C 01 A4 3C 48 EC B8 5A D2 A5 69 7B 5B 64 76 98 
	1E 1B 9A 30 7A 69 1D A0 C8 63 CF 22 2A CA D5 4B 
	56 F8 17 D6 F1 C5 DC CC 57 B9 E4 45 6D 81 62 64 
	67 59 BE 51 01 AE D2 02 E3 E0 CF 69 D7 8E 93 72 
	7E 82 A5 57 F4 2A 7E 6C 4B 1C 3C E5 BD FD C1 50 
	88 D3 43 1B A1 11 54 75 A6 0A EB 62 DB 76 CB BA 
	AB 10 26 F7 6F 39 BB 0C BD C4 91 AB 94 40 39 04 
	B0 34 24 B6 03 37 16 5E 94 25 C0 96 3B B5 60 55 
	A1 86 89 91 64 C2 92 C0 CA 1E E0 06 2B B1 80 B8 
	26 09 DF 41 38 53 2A 71 C8 C7 41 EE 63 92 D3 57 
	A7 F8 22 6F E7 4B 7C 38 8A 29 D5 B4 44 40 FC 80 
	B1 6B 5C 7B A7 AF CD 76 22 E9 FA 8D FC A5 42 BF 
	67 8A FE 30 08 90 F2 5F 14 4B 71 08 F8 42 84 82 
	3F 2C 96 75 53 E1 4A D3 57 56 F9 CC 66 74 D6 18 
	F4 40 86 30 DB 25 5A 82 5C E7 F3 04 21 35 5F 51 
	67 A3 05 E5 B6 8B A7 21 AC B8 94 B7 EB C3 88 81 
	B8 54 55 2A C1 06 89 CA 29 8C F6 C4 4E 7D F3 62 
	25 A1 92 83 A4 6E BB 13 88 CC 02 2A 3D D0 BC F3 
	B5 42 19 85 43 F0 2B 5D A6 89 C0 3F 45 3D 5A A2 
	74 5E 19 2A 3D B7 CA 28 A1 46 D5 D4 C6 9F 63 B1 
	A4 BA B5 0A 6A 3B 95 A9 73 A1 96 75 B5 FA 86 7D 
	C8 C8 41 F1 36 A1 E2 30 A1 45 7E 2E FB C3 65 D1 
	4C A9 B8 C9 8D 65 30 89 1B 23 F1 B7 3A C4 C9 62 
	51 77 CC E3 DA 1E C5 F4 11 30 57 01 28 4A 36 AF 
	88 2C 56 E3 40 E7 17 B2 ED AB 78 C6 01 75 8D 7C 
	6B 50 55 A2 62 29 A1 41 E1 3B CD 52 C2 33 83 85 
	E5 B0 26 1E 8C 9F 76 5A 3B E1 45 26 2A D1 88 0E 
	98 C7 EA 42 9D 25 28 80 4B 0C 2C 6C 57 17 83 15 
	28 D8 A3 46 CA 27 1C 6B 61 9E 7B 10 B8 8A 47 70 
	BB DE DF 65 55 E0 DD 06 BD C0 2A 5D 3B B0 3F 73 
	92 59 30 57 21 ED 86 AA 71 30 DB 68 5F F1 CC FE 
gx PQ/T size: 1216 - KEM size 1184
PQ/T g_y  (size 1120):
	27 B1 D6 35 A6 63 38 2D 99 E0 31 B3 E9 A5 D6 82 
	A0 95 45 04 93 56 AF 6F 13 54 DE D1 3E D2 9C 72 
	00 00 00 00 00 00 00 00 00 00 00 00 00 00 00 00 
	00 00 00 00 00 00 00 00 00 00 00 00 00 00 00 00 
	00 00 00 00 00 00 00 00 00 00 00 00 00 00 00 00 
	00 00 00 00 00 00 00 00 00 00 00 00 00 00 00 00 
	00 00 00 00 00 00 00 00 00 00 00 00 00 00 00 00 
	00 00 00 00 00 00 00 00 00 00 00 00 00 00 00 00 
	00 00 00 00 00 00 00 00 00 00 00 00 00 00 00 00 
	00 00 00 00 00 00 00 00 00 00 00 00 00 00 00 00 
	00 00 00 00 00 00 00 00 00 00 00 00 00 00 00 00 
	00 00 00 00 00 00 00 00 00 00 00 00 00 00 00 00 
	00 00 00 00 00 00 00 00 00 00 00 00 00 00 00 00 
	00 00 00 00 00 00 00 00 00 00 00 00 00 00 00 00 
	00 00 00 00 00 00 00 00 00 00 00 00 00 00 00 00 
	00 00 00 00 00 00 00 00 00 00 00 00 00 00 00 00 
	00 00 00 00 00 00 00 00 00 00 00 00 00 00 00 00 
	00 00 00 00 00 00 00 00 00 00 00 00 00 00 00 00 
	00 00 00 00 00 00 00 00 00 00 00 00 00 00 00 00 
	00 00 00 00 00 00 00 00 00 00 00 00 00 00 00 00 
	00 00 00 00 00 00 00 00 00 00 00 00 00 00 00 00 
	00 00 00 00 00 00 00 00 00 00 00 00 00 00 00 00 
	00 00 00 00 00 00 00 00 00 00 00 00 00 00 00 00 
	00 00 00 00 00 00 00 00 00 00 00 00 00 00 00 00 
	00 00 00 00 00 00 00 00 00 00 00 00 00 00 00 00 
	00 00 00 00 00 00 00 00 00 00 00 00 00 00 00 00 
	00 00 00 00 00 00 00 00 00 00 00 00 00 00 00 00 
	00 00 00 00 00 00 00 00 00 00 00 00 00 00 00 00 
	00 00 00 00 00 00 00 00 00 00 00 00 00 00 00 00 
	00 00 00 00 00 00 00 00 00 00 00 00 00 00 00 00 
	00 00 00 00 00 00 00 00 00 00 00 00 00 00 00 00 
	00 00 00 00 00 00 00 00 00 00 00 00 00 00 00 00 
	00 00 00 00 00 00 00 00 00 00 00 00 00 00 00 00 
	00 00 00 00 00 00 00 00 00 00 00 00 00 00 00 00 
	00 00 00 00 00 00 00 00 00 00 00 00 00 00 00 00 
	00 00 00 00 00 00 00 00 00 00 00 00 00 00 00 00 
	00 00 00 00 00 00 00 00 00 00 00 00 00 00 00 00 
	00 00 00 00 00 00 00 00 00 00 00 00 00 00 00 00 
	00 00 00 00 00 00 00 00 00 00 00 00 00 00 00 00 
	00 00 00 00 00 00 00 00 00 00 00 00 00 00 00 00 
	00 00 00 00 00 00 00 00 00 00 00 00 00 00 00 00 
	00 00 00 00 00 00 00 00 00 00 00 00 00 00 00 00 
	00 00 00 00 00 00 00 00 00 00 00 00 00 00 00 00 
	00 00 00 00 00 00 00 00 00 00 00 00 00 00 00 00 
	00 00 00 00 00 00 00 00 00 00 00 00 00 00 00 00 
	00 00 00 00 00 00 00 00 00 00 00 00 00 00 00 00 
	00 00 00 00 00 00 00 00 00 00 00 00 00 00 00 00 
	00 00 00 00 00 00 00 00 00 00 00 00 00 00 00 00 
	00 00 00 00 00 00 00 00 00 00 00 00 00 00 00 00 
	00 00 00 00 00 00 00 00 00 00 00 00 00 00 00 00 
	00 00 00 00 00 00 00 00 00 00 00 00 00 00 00 00 
	00 00 00 00 00 00 00 00 00 00 00 00 00 00 00 00 
	00 00 00 00 00 00 00 00 00 00 00 00 00 00 00 00 
	00 00 00 00 00 00 00 00 00 00 00 00 00 00 00 00 
	00 00 00 00 00 00 00 00 00 00 00 00 00 00 00 00 
	00 00 00 00 00 00 00 00 00 00 00 00 00 00 00 00 
	00 00 00 00 00 00 00 00 00 00 00 00 00 00 00 00 
	00 00 00 00 00 00 00 00 00 00 00 00 00 00 00 00 
	00 00 00 00 00 00 00 00 00 00 00 00 00 00 00 00 
	00 00 00 00 00 00 00 00 00 00 00 00 00 00 00 00 
	00 00 00 00 00 00 00 00 00 00 00 00 00 00 00 00 
	00 00 00 00 00 00 00 00 00 00 00 00 00 00 00 00 
	00 00 00 00 00 00 00 00 00 00 00 00 00 00 00 00 
	00 00 00 00 00 00 00 00 00 00 00 00 00 00 00 00 
	00 00 00 00 00 00 00 00 00 00 00 00 00 00 00 00 
	00 00 00 00 00 00 00 00 00 00 00 00 00 00 00 00 
	00 00 00 00 00 00 00 00 00 00 00 00 00 00 00 00 
	00 00 00 00 00 00 00 00 00 00 00 00 00 00 00 00 
	00 00 00 00 00 00 00 00 00 00 00 00 00 00 00 00 
	00 00 00 00 00 00 00 00 00 00 00 00 00 00 00 00 
KEM - g_y  (size 1088):
	00 00 00 00 00 00 00 00 00 00 00 00 00 00 00 00 
	00 00 00 00 00 00 00 00 00 00 00 00 00 00 00 00 
	00 00 00 00 00 00 00 00 00 00 00 00 00 00 00 00 
	00 00 00 00 00 00 00 00 00 00 00 00 00 00 00 00 
	00 00 00 00 00 00 00 00 00 00 00 00 00 00 00 00 
	00 00 00 00 00 00 00 00 00 00 00 00 00 00 00 00 
	00 00 00 00 00 00 00 00 00 00 00 00 00 00 00 00 
	00 00 00 00 00 00 00 00 00 00 00 00 00 00 00 00 
	00 00 00 00 00 00 00 00 00 00 00 00 00 00 00 00 
	00 00 00 00 00 00 00 00 00 00 00 00 00 00 00 00 
	00 00 00 00 00 00 00 00 00 00 00 00 00 00 00 00 
	00 00 00 00 00 00 00 00 00 00 00 00 00 00 00 00 
	00 00 00 00 00 00 00 00 00 00 00 00 00 00 00 00 
	00 00 00 00 00 00 00 00 00 00 00 00 00 00 00 00 
	00 00 00 00 00 00 00 00 00 00 00 00 00 00 00 00 
	00 00 00 00 00 00 00 00 00 00 00 00 00 00 00 00 
	00 00 00 00 00 00 00 00 00 00 00 00 00 00 00 00 
	00 00 00 00 00 00 00 00 00 00 00 00 00 00 00 00 
	00 00 00 00 00 00 00 00 00 00 00 00 00 00 00 00 
	00 00 00 00 00 00 00 00 00 00 00 00 00 00 00 00 
	00 00 00 00 00 00 00 00 00 00 00 00 00 00 00 00 
	00 00 00 00 00 00 00 00 00 00 00 00 00 00 00 00 
	00 00 00 00 00 00 00 00 00 00 00 00 00 00 00 00 
	00 00 00 00 00 00 00 00 00 00 00 00 00 00 00 00 
	00 00 00 00 00 00 00 00 00 00 00 00 00 00 00 00 
	00 00 00 00 00 00 00 00 00 00 00 00 00 00 00 00 
	00 00 00 00 00 00 00 00 00 00 00 00 00 00 00 00 
	00 00 00 00 00 00 00 00 00 00 00 00 00 00 00 00 
	00 00 00 00 00 00 00 00 00 00 00 00 00 00 00 00 
	00 00 00 00 00 00 00 00 00 00 00 00 00 00 00 00 
	00 00 00 00 00 00 00 00 00 00 00 00 00 00 00 00 
	00 00 00 00 00 00 00 00 00 00 00 00 00 00 00 00 
	00 00 00 00 00 00 00 00 00 00 00 00 00 00 00 00 
	00 00 00 00 00 00 00 00 00 00 00 00 00 00 00 00 
	00 00 00 00 00 00 00 00 00 00 00 00 00 00 00 00 
	00 00 00 00 00 00 00 00 00 00 00 00 00 00 00 00 
	00 00 00 00 00 00 00 00 00 00 00 00 00 00 00 00 
	00 00 00 00 00 00 00 00 00 00 00 00 00 00 00 00 
	00 00 00 00 00 00 00 00 00 00 00 00 00 00 00 00 
	00 00 00 00 00 00 00 00 00 00 00 00 00 00 00 00 
	00 00 00 00 00 00 00 00 00 00 00 00 00 00 00 00 
	00 00 00 00 00 00 00 00 00 00 00 00 00 00 00 00 
	00 00 00 00 00 00 00 00 00 00 00 00 00 00 00 00 
	00 00 00 00 00 00 00 00 00 00 00 00 00 00 00 00 
	00 00 00 00 00 00 00 00 00 00 00 00 00 00 00 00 
	00 00 00 00 00 00 00 00 00 00 00 00 00 00 00 00 
	00 00 00 00 00 00 00 00 00 00 00 00 00 00 00 00 
	00 00 00 00 00 00 00 00 00 00 00 00 00 00 00 00 
	00 00 00 00 00 00 00 00 00 00 00 00 00 00 00 00 
	00 00 00 00 00 00 00 00 00 00 00 00 00 00 00 00 
	00 00 00 00 00 00 00 00 00 00 00 00 00 00 00 00 
	00 00 00 00 00 00 00 00 00 00 00 00 00 00 00 00 
	00 00 00 00 00 00 00 00 00 00 00 00 00 00 00 00 
	00 00 00 00 00 00 00 00 00 00 00 00 00 00 00 00 
	00 00 00 00 00 00 00 00 00 00 00 00 00 00 00 00 
	00 00 00 00 00 00 00 00 00 00 00 00 00 00 00 00 
	00 00 00 00 00 00 00 00 00 00 00 00 00 00 00 00 
	00 00 00 00 00 00 00 00 00 00 00 00 00 00 00 00 
	00 00 00 00 00 00 00 00 00 00 00 00 00 00 00 00 
	00 00 00 00 00 00 00 00 00 00 00 00 00 00 00 00 
	00 00 00 00 00 00 00 00 00 00 00 00 00 00 00 00 
	00 00 00 00 00 00 00 00 00 00 00 00 00 00 00 00 
	00 00 00 00 00 00 00 00 00 00 00 00 00 00 00 00 
	00 00 00 00 00 00 00 00 00 00 00 00 00 00 00 00 
	00 00 00 00 00 00 00 00 00 00 00 00 00 00 00 00 
	00 00 00 00 00 00 00 00 00 00 00 00 00 00 00 00 
	00 00 00 00 00 00 00 00 00 00 00 00 00 00 00 00 
	00 00 00 00 00 00 00 00 00 00 00 00 00 00 00 00 
Encapsulate correct
G_XY (PQ SS) (size 32):
	05 C6 EB 69 8E 0C F6 30 87 FC 85 81 ED F8 A3 2B 
	AA 05 85 C1 3C 04 2E 4B 11 01 14 44 99 17 F3 32 
G_Y (PQ CC) (size 1088):
	87 BB 33 94 C7 59 0F EA 4E 45 20 51 28 1C 8B E1 
	28 5D AD 34 E2 90 D1 73 7F 91 8B 9F 7C CA 9C F0 
	A2 50 D0 B0 A2 10 79 EE D1 9F B6 13 35 24 59 9F 
	8F EE 97 0D 81 92 26 C8 F0 41 1E 16 49 C9 9E 95 
	CB D0 79 79 19 06 6F CB 46 A4 F5 36 48 AE FE FB 
	2E EB 9D AF E1 E4 86 01 AC A6 B1 FB 6C F8 B3 94 
	C9 B1 CD DC 0B 38 D3 46 E2 F1 27 B7 83 FF 73 CC 
	F4 47 E8 F4 95 51 81 DA AB 2E EB 66 F2 22 E0 10 
	C9 31 B5 05 A6 5A 6F 5F A7 76 23 D3 22 8B D3 BC 
	9C 19 84 4E CD 4F E9 11 3D 2C 1E 93 FF FB 02 0F 
	2A F5 20 25 CC C6 A4 A3 F1 AB 91 C9 B6 35 A1 7B 
	29 60 C6 E8 EC 06 37 D2 83 36 E3 61 3A B7 7A 3E 
	4B C0 E2 B2 55 27 22 17 3E AB 5E 93 CD 44 47 3B 
	20 AD B9 00 FD 7D 1F 78 B8 D3 3A BA 22 43 1E 8F 
	A6 42 85 F8 31 63 10 94 09 18 A6 C9 A3 D7 A7 28 
	D0 7C 57 C1 34 7B E3 37 C7 A4 A3 11 5A 52 20 9C 
	F7 50 BC 64 45 09 39 0D 4C DD 55 7A C5 F2 B0 36 
	73 45 08 DD 6C DF CC 96 45 E1 A3 7E 0E FA 4C EB 
	03 DE 3A F9 0B E9 A8 9A 9E F3 81 24 2B 7C 0F 1B 
	C9 48 B2 8A 7D 6C CC B6 4B 7B E3 A0 71 AD FD CB 
	6E 0A 3C 30 BB 12 CF 1E 2A 39 12 5E 75 6A 9B 5A 
	4E 62 7F AF C5 D3 28 48 7A 1A 6D F7 03 F5 D2 CE 
	0B EB 0C F2 06 7B D1 F4 89 A0 C5 9F 07 16 50 D6 
	73 50 AA 88 F8 93 DB 0B 99 FF F2 AF 42 F2 F3 FB 
	84 FC FD F6 C1 3B 95 D5 6A 8A 8B B6 F3 61 DC 07 
	5F 1A 75 5F 9A 12 21 D8 A6 0C 64 06 0D 7B BC C4 
	F9 F2 49 19 A1 7D A4 7F FD DF 2D 99 BF C0 CE 67 
	2B BA 6A D6 7F 0F 3F 80 B5 95 31 31 01 A2 D7 E4 
	13 8A 9F 9B 50 4C 2B 67 77 E4 C1 75 24 2D E7 0A 
	A9 86 1A 1A 31 7B BF 82 54 0C 26 48 4D 1B 96 39 
	09 2D F4 F2 A7 D9 D3 EC A1 5D 74 DF 8F 62 27 44 
	90 81 E1 AC 70 30 C8 2B E7 B7 A7 79 38 F9 60 50 
	3B 20 0C 7D 32 4B B8 8E A9 FF 12 61 EC 18 6A 1A 
	CF BC 90 87 F5 C8 DC AC 9F 8E 34 2C 18 56 93 B3 
	DD 72 58 D7 A0 0B B6 8B 75 37 A2 6C A7 51 8B 45 
	16 69 39 7C BE A1 F7 CE 05 64 95 07 43 0F 55 6F 
	AB B7 33 CA 0F D8 EB 2E 19 F3 2F A5 35 85 E7 74 
	20 08 70 07 D4 DC 4F 8D 40 12 7C BA C8 B7 DB 60 
	0A E0 50 3C 90 6C FA 01 AB 6F 54 3D FC 8B 7F 32 
	9E 66 E3 8D 85 6B DB A6 49 67 7A 57 7F F1 55 F3 
	8E AF 54 55 98 ED 0E D8 A9 2B 35 1F DB 20 6C 8E 
	FD C8 49 E7 8A 56 CC 09 78 21 46 37 C9 DD 69 12 
	9B 8D 8E D0 A4 62 68 9D 6C 70 6A 6A 47 F7 83 64 
	2F 0E 33 CB 85 7E 59 5A D5 D5 B2 11 74 5B 88 78 
	D9 10 A5 69 8B C6 CB 92 F8 64 1C A5 D7 13 7B 8C 
	C1 D8 CC 54 FA A6 AB F5 1C 2D E9 41 49 78 8B AD 
	30 21 06 BB F3 63 F7 0B 59 02 AD C4 7C A1 4A 6E 
	2B 4C C0 CB 78 42 23 C5 7C D7 7B EB B8 1B 5A C3 
	92 6B 17 A6 AB 18 09 EE F7 9B C2 D0 5B E2 BA 70 
	8C B2 68 EB 59 48 8C 21 C8 18 40 62 1B 58 73 A2 
	C1 8C 7D AE 0D 26 60 80 D7 6E 2D 9C DA 55 15 72 
	02 8A B8 6F 5E C9 1A 61 4F 73 3E BC 6A AA 37 6D 
	33 99 F4 77 A9 B3 C0 C6 26 28 8A DD 9E 64 C3 54 
	65 81 FE D9 A9 B8 F0 87 21 E8 AB F4 DC CB 43 65 
	FE 7A E8 34 CC 12 AB 3A A8 40 36 3A 97 4B BD CA 
	9F AA 38 94 7D FB 0B 7E A4 F5 90 DA ED ED BD A0 
	FB 81 6F 4B 0A B3 EB 48 9F 2D F1 B2 0E E3 11 AC 
	09 96 E5 7D 31 C9 A7 ED AE DA 19 B4 A7 39 7C 02 
	4E 62 97 EE 88 7B 63 AC 25 23 88 A6 46 69 F4 B4 
	8F 87 5A BE B9 CF 42 43 FA 88 E9 C7 F3 5B AE 12 
	25 ED 51 D3 10 97 91 2D FC 8D 3E 76 E4 4C CF 42 
	22 E5 12 4C F4 8D 53 76 D0 0E 6B C7 16 5D DC 9C 
	9A 5B 54 63 2D C4 27 2E 9F C7 FD 73 63 B9 80 26 
	D1 E2 7C CB 23 16 CE 69 C8 37 29 D6 79 FA 22 89 
	A7 FB 7B A3 65 00 90 1C FD F7 0E C9 4F BF D2 6A 
	FC EB D9 ED FD EF 55 E1 49 A4 E6 E0 23 32 FA E3 
	58 F4 27 37 37 DA 75 2E ED 48 53 88 ED 29 4E 9C 
	B5 9E EE E8 F7 DC 7B B3 CE F9 FD 89 5A CA CE 48 
G_Y (PQ/T) (size 1120):
	27 B1 D6 35 A6 63 38 2D 99 E0 31 B3 E9 A5 D6 82 
	A0 95 45 04 93 56 AF 6F 13 54 DE D1 3E D2 9C 72 
	87 BB 33 94 C7 59 0F EA 4E 45 20 51 28 1C 8B E1 
	28 5D AD 34 E2 90 D1 73 7F 91 8B 9F 7C CA 9C F0 
	A2 50 D0 B0 A2 10 79 EE D1 9F B6 13 35 24 59 9F 
	8F EE 97 0D 81 92 26 C8 F0 41 1E 16 49 C9 9E 95 
	CB D0 79 79 19 06 6F CB 46 A4 F5 36 48 AE FE FB 
	2E EB 9D AF E1 E4 86 01 AC A6 B1 FB 6C F8 B3 94 
	C9 B1 CD DC 0B 38 D3 46 E2 F1 27 B7 83 FF 73 CC 
	F4 47 E8 F4 95 51 81 DA AB 2E EB 66 F2 22 E0 10 
	C9 31 B5 05 A6 5A 6F 5F A7 76 23 D3 22 8B D3 BC 
	9C 19 84 4E CD 4F E9 11 3D 2C 1E 93 FF FB 02 0F 
	2A F5 20 25 CC C6 A4 A3 F1 AB 91 C9 B6 35 A1 7B 
	29 60 C6 E8 EC 06 37 D2 83 36 E3 61 3A B7 7A 3E 
	4B C0 E2 B2 55 27 22 17 3E AB 5E 93 CD 44 47 3B 
	20 AD B9 00 FD 7D 1F 78 B8 D3 3A BA 22 43 1E 8F 
	A6 42 85 F8 31 63 10 94 09 18 A6 C9 A3 D7 A7 28 
	D0 7C 57 C1 34 7B E3 37 C7 A4 A3 11 5A 52 20 9C 
	F7 50 BC 64 45 09 39 0D 4C DD 55 7A C5 F2 B0 36 
	73 45 08 DD 6C DF CC 96 45 E1 A3 7E 0E FA 4C EB 
	03 DE 3A F9 0B E9 A8 9A 9E F3 81 24 2B 7C 0F 1B 
	C9 48 B2 8A 7D 6C CC B6 4B 7B E3 A0 71 AD FD CB 
	6E 0A 3C 30 BB 12 CF 1E 2A 39 12 5E 75 6A 9B 5A 
	4E 62 7F AF C5 D3 28 48 7A 1A 6D F7 03 F5 D2 CE 
	0B EB 0C F2 06 7B D1 F4 89 A0 C5 9F 07 16 50 D6 
	73 50 AA 88 F8 93 DB 0B 99 FF F2 AF 42 F2 F3 FB 
	84 FC FD F6 C1 3B 95 D5 6A 8A 8B B6 F3 61 DC 07 
	5F 1A 75 5F 9A 12 21 D8 A6 0C 64 06 0D 7B BC C4 
	F9 F2 49 19 A1 7D A4 7F FD DF 2D 99 BF C0 CE 67 
	2B BA 6A D6 7F 0F 3F 80 B5 95 31 31 01 A2 D7 E4 
	13 8A 9F 9B 50 4C 2B 67 77 E4 C1 75 24 2D E7 0A 
	A9 86 1A 1A 31 7B BF 82 54 0C 26 48 4D 1B 96 39 
	09 2D F4 F2 A7 D9 D3 EC A1 5D 74 DF 8F 62 27 44 
	90 81 E1 AC 70 30 C8 2B E7 B7 A7 79 38 F9 60 50 
	3B 20 0C 7D 32 4B B8 8E A9 FF 12 61 EC 18 6A 1A 
	CF BC 90 87 F5 C8 DC AC 9F 8E 34 2C 18 56 93 B3 
	DD 72 58 D7 A0 0B B6 8B 75 37 A2 6C A7 51 8B 45 
	16 69 39 7C BE A1 F7 CE 05 64 95 07 43 0F 55 6F 
	AB B7 33 CA 0F D8 EB 2E 19 F3 2F A5 35 85 E7 74 
	20 08 70 07 D4 DC 4F 8D 40 12 7C BA C8 B7 DB 60 
	0A E0 50 3C 90 6C FA 01 AB 6F 54 3D FC 8B 7F 32 
	9E 66 E3 8D 85 6B DB A6 49 67 7A 57 7F F1 55 F3 
	8E AF 54 55 98 ED 0E D8 A9 2B 35 1F DB 20 6C 8E 
	FD C8 49 E7 8A 56 CC 09 78 21 46 37 C9 DD 69 12 
	9B 8D 8E D0 A4 62 68 9D 6C 70 6A 6A 47 F7 83 64 
	2F 0E 33 CB 85 7E 59 5A D5 D5 B2 11 74 5B 88 78 
	D9 10 A5 69 8B C6 CB 92 F8 64 1C A5 D7 13 7B 8C 
	C1 D8 CC 54 FA A6 AB F5 1C 2D E9 41 49 78 8B AD 
	30 21 06 BB F3 63 F7 0B 59 02 AD C4 7C A1 4A 6E 
	2B 4C C0 CB 78 42 23 C5 7C D7 7B EB B8 1B 5A C3 
	92 6B 17 A6 AB 18 09 EE F7 9B C2 D0 5B E2 BA 70 
	8C B2 68 EB 59 48 8C 21 C8 18 40 62 1B 58 73 A2 
	C1 8C 7D AE 0D 26 60 80 D7 6E 2D 9C DA 55 15 72 
	02 8A B8 6F 5E C9 1A 61 4F 73 3E BC 6A AA 37 6D 
	33 99 F4 77 A9 B3 C0 C6 26 28 8A DD 9E 64 C3 54 
	65 81 FE D9 A9 B8 F0 87 21 E8 AB F4 DC CB 43 65 
	FE 7A E8 34 CC 12 AB 3A A8 40 36 3A 97 4B BD CA 
	9F AA 38 94 7D FB 0B 7E A4 F5 90 DA ED ED BD A0 
	FB 81 6F 4B 0A B3 EB 48 9F 2D F1 B2 0E E3 11 AC 
	09 96 E5 7D 31 C9 A7 ED AE DA 19 B4 A7 39 7C 02 
	4E 62 97 EE 88 7B 63 AC 25 23 88 A6 46 69 F4 B4 
	8F 87 5A BE B9 CF 42 43 FA 88 E9 C7 F3 5B AE 12 
	25 ED 51 D3 10 97 91 2D FC 8D 3E 76 E4 4C CF 42 
	22 E5 12 4C F4 8D 53 76 D0 0E 6B C7 16 5D DC 9C 
	9A 5B 54 63 2D C4 27 2E 9F C7 FD 73 63 B9 80 26 
	D1 E2 7C CB 23 16 CE 69 C8 37 29 D6 79 FA 22 89 
	A7 FB 7B A3 65 00 90 1C FD F7 0E C9 4F BF D2 6A 
	FC EB D9 ED FD EF 55 E1 49 A4 E6 E0 23 32 FA E3 
	58 F4 27 37 37 DA 75 2E ED 48 53 88 ED 29 4E 9C 
	B5 9E EE E8 F7 DC 7B B3 CE F9 FD 89 5A CA CE 48 
hash_msg1_raw (size 32):
	C9 01 8A 8A 7E 20 F1 90 25 B0 DB 5E 77 99 D8 D9 
	0F 7A 5E D5 E1 71 DC D7 DB 73 80 B7 AB FC 47 8C 
Input to calculate TH_2 (CBOR Sequence) (size 1157):
	59 04 60 27 B1 D6 35 A6 63 38 2D 99 E0 31 B3 E9 
	A5 D6 82 A0 95 45 04 93 56 AF 6F 13 54 DE D1 3E 
	D2 9C 72 87 BB 33 94 C7 59 0F EA 4E 45 20 51 28 
	1C 8B E1 28 5D AD 34 E2 90 D1 73 7F 91 8B 9F 7C 
	CA 9C F0 A2 50 D0 B0 A2 10 79 EE D1 9F B6 13 35 
	24 59 9F 8F EE 97 0D 81 92 26 C8 F0 41 1E 16 49 
	C9 9E 95 CB D0 79 79 19 06 6F CB 46 A4 F5 36 48 
	AE FE FB 2E EB 9D AF E1 E4 86 01 AC A6 B1 FB 6C 
	F8 B3 94 C9 B1 CD DC 0B 38 D3 46 E2 F1 27 B7 83 
	FF 73 CC F4 47 E8 F4 95 51 81 DA AB 2E EB 66 F2 
	22 E0 10 C9 31 B5 05 A6 5A 6F 5F A7 76 23 D3 22 
	8B D3 BC 9C 19 84 4E CD 4F E9 11 3D 2C 1E 93 FF 
	FB 02 0F 2A F5 20 25 CC C6 A4 A3 F1 AB 91 C9 B6 
	35 A1 7B 29 60 C6 E8 EC 06 37 D2 83 36 E3 61 3A 
	B7 7A 3E 4B C0 E2 B2 55 27 22 17 3E AB 5E 93 CD 
	44 47 3B 20 AD B9 00 FD 7D 1F 78 B8 D3 3A BA 22 
	43 1E 8F A6 42 85 F8 31 63 10 94 09 18 A6 C9 A3 
	D7 A7 28 D0 7C 57 C1 34 7B E3 37 C7 A4 A3 11 5A 
	52 20 9C F7 50 BC 64 45 09 39 0D 4C DD 55 7A C5 
	F2 B0 36 73 45 08 DD 6C DF CC 96 45 E1 A3 7E 0E 
	FA 4C EB 03 DE 3A F9 0B E9 A8 9A 9E F3 81 24 2B 
	7C 0F 1B C9 48 B2 8A 7D 6C CC B6 4B 7B E3 A0 71 
	AD FD CB 6E 0A 3C 30 BB 12 CF 1E 2A 39 12 5E 75 
	6A 9B 5A 4E 62 7F AF C5 D3 28 48 7A 1A 6D F7 03 
	F5 D2 CE 0B EB 0C F2 06 7B D1 F4 89 A0 C5 9F 07 
	16 50 D6 73 50 AA 88 F8 93 DB 0B 99 FF F2 AF 42 
	F2 F3 FB 84 FC FD F6 C1 3B 95 D5 6A 8A 8B B6 F3 
	61 DC 07 5F 1A 75 5F 9A 12 21 D8 A6 0C 64 06 0D 
	7B BC C4 F9 F2 49 19 A1 7D A4 7F FD DF 2D 99 BF 
	C0 CE 67 2B BA 6A D6 7F 0F 3F 80 B5 95 31 31 01 
	A2 D7 E4 13 8A 9F 9B 50 4C 2B 67 77 E4 C1 75 24 
	2D E7 0A A9 86 1A 1A 31 7B BF 82 54 0C 26 48 4D 
	1B 96 39 09 2D F4 F2 A7 D9 D3 EC A1 5D 74 DF 8F 
	62 27 44 90 81 E1 AC 70 30 C8 2B E7 B7 A7 79 38 
	F9 60 50 3B 20 0C 7D 32 4B B8 8E A9 FF 12 61 EC 
	18 6A 1A CF BC 90 87 F5 C8 DC AC 9F 8E 34 2C 18 
	56 93 B3 DD 72 58 D7 A0 0B B6 8B 75 37 A2 6C A7 
	51 8B 45 16 69 39 7C BE A1 F7 CE 05 64 95 07 43 
	0F 55 6F AB B7 33 CA 0F D8 EB 2E 19 F3 2F A5 35 
	85 E7 74 20 08 70 07 D4 DC 4F 8D 40 12 7C BA C8 
	B7 DB 60 0A E0 50 3C 90 6C FA 01 AB 6F 54 3D FC 
	8B 7F 32 9E 66 E3 8D 85 6B DB A6 49 67 7A 57 7F 
	F1 55 F3 8E AF 54 55 98 ED 0E D8 A9 2B 35 1F DB 
	20 6C 8E FD C8 49 E7 8A 56 CC 09 78 21 46 37 C9 
	DD 69 12 9B 8D 8E D0 A4 62 68 9D 6C 70 6A 6A 47 
	F7 83 64 2F 0E 33 CB 85 7E 59 5A D5 D5 B2 11 74 
	5B 88 78 D9 10 A5 69 8B C6 CB 92 F8 64 1C A5 D7 
	13 7B 8C C1 D8 CC 54 FA A6 AB F5 1C 2D E9 41 49 
	78 8B AD 30 21 06 BB F3 63 F7 0B 59 02 AD C4 7C 
	A1 4A 6E 2B 4C C0 CB 78 42 23 C5 7C D7 7B EB B8 
	1B 5A C3 92 6B 17 A6 AB 18 09 EE F7 9B C2 D0 5B 
	E2 BA 70 8C B2 68 EB 59 48 8C 21 C8 18 40 62 1B 
	58 73 A2 C1 8C 7D AE 0D 26 60 80 D7 6E 2D 9C DA 
	55 15 72 02 8A B8 6F 5E C9 1A 61 4F 73 3E BC 6A 
	AA 37 6D 33 99 F4 77 A9 B3 C0 C6 26 28 8A DD 9E 
	64 C3 54 65 81 FE D9 A9 B8 F0 87 21 E8 AB F4 DC 
	CB 43 65 FE 7A E8 34 CC 12 AB 3A A8 40 36 3A 97 
	4B BD CA 9F AA 38 94 7D FB 0B 7E A4 F5 90 DA ED 
	ED BD A0 FB 81 6F 4B 0A B3 EB 48 9F 2D F1 B2 0E 
	E3 11 AC 09 96 E5 7D 31 C9 A7 ED AE DA 19 B4 A7 
	39 7C 02 4E 62 97 EE 88 7B 63 AC 25 23 88 A6 46 
	69 F4 B4 8F 87 5A BE B9 CF 42 43 FA 88 E9 C7 F3 
	5B AE 12 25 ED 51 D3 10 97 91 2D FC 8D 3E 76 E4 
	4C CF 42 22 E5 12 4C F4 8D 53 76 D0 0E 6B C7 16 
	5D DC 9C 9A 5B 54 63 2D C4 27 2E 9F C7 FD 73 63 
	B9 80 26 D1 E2 7C CB 23 16 CE 69 C8 37 29 D6 79 
	FA 22 89 A7 FB 7B A3 65 00 90 1C FD F7 0E C9 4F 
	BF D2 6A FC EB D9 ED FD EF 55 E1 49 A4 E6 E0 23 
	32 FA E3 58 F4 27 37 37 DA 75 2E ED 48 53 88 ED 
	29 4E 9C B5 9E EE E8 F7 DC 7B B3 CE F9 FD 89 5A 
	CA CE 48 58 20 C9 01 8A 8A 7E 20 F1 90 25 B0 DB 
	5E 77 99 D8 D9 0F 7A 5E D5 E1 71 DC D7 DB 73 80 
	B7 AB FC 47 8C 
TH2 (size 32):
	79 07 17 C3 09 99 24 A9 75 58 A2 AD A0 07 B5 8C 
	CB 48 8F 87 C2 C3 B2 CC 88 67 ED FB C9 A1 EA 83 
TH_2 (size 32):
	79 07 17 C3 09 99 24 A9 75 58 A2 AD A0 07 B5 8C 
	CB 48 8F 87 C2 C3 B2 CC 88 67 ED FB C9 A1 EA 83 
PRK_2e (first DH derivation) (size 32):
	5A C4 B0 10 B6 B7 59 A4 A9 FE FC 6C 7B 5B F8 A8 
	C4 7C A7 72 49 9A F1 8F B4 6D A4 09 6A 0E 52 8D 
PRK_2e_b (second KEM derivation) (size 32):
	7D A4 DE EA 61 FE F9 3F E8 2B EF E0 E4 00 56 7F 
	BC 3C F7 5F 3E 80 4F D5 46 ED 61 96 A0 F0 54 EE 
PRK_2e final (size 32):
	7D A4 DE EA 61 FE F9 3F E8 2B EF E0 E4 00 56 7F 
	BC 3C F7 5F 3E 80 4F D5 46 ED 61 96 A0 F0 54 EE 
SHARED SECRET DERIVE
dh_secret (size 32):
	16 97 10 01 99 18 A8 54 1B A3 52 5C 8E 48 5B E2 
	43 22 F8 E6 D1 35 A8 7C 69 E0 DF CC 76 8E ED 5B 
SALT_3e2m or SALT4e3m (size 32):
	6E 00 9D 09 4F 58 AB C1 3C 5E B4 E4 8F EA 19 0F 
	2F 1D A7 64 39 55 46 34 00 77 60 3F DB 23 25 6C 
prk_3e2m (size 32):
	12 2E 89 63 F8 2E 43 5E 97 E3 48 EF 7A 6E 4C 23 
	30 EF D4 DD 87 BF 7F 6B E5 96 44 07 38 10 09 7F 
Signature len 500 - 64
TMP size: 32
CBOR ENCODE ERROR: 0
MAX ID CRED: 400 cred len 3
MAX CRED: 765 cred len 3
PK SIZE: 65
SIGNATURE SIZE: 500
CONTEXT_MAC_SIZE: 1204
CONTEXT_MAC len: 42
CR len: 2
TH enc len: 34
TMP size: 1
CBOR ENCODE ERROR: 0
MAC context (size 42):
	41 A1 A1 04 01 58 20 79 07 17 C3 09 99 24 A9 75 
	58 A2 AD A0 07 B5 8C CB 48 8F 87 C2 C3 B2 CC 88 
	67 ED FB C9 A1 EA 83 A1 04 01 
MAC 2/3 (size 8):
	76 0E 91 95 67 60 CE B4 
TMP size: 8
CBOR ENCODE ERROR: 0
TMP size: 1
CBOR ENCODE ERROR: 0
kid (size 1):
	01 
KEYSTREAM_2 (size 12):
	73 F8 89 82 DA 18 60 5C CF B9 CF 64 
ciphertext_2/3/4 (size 12):
	32 59 88 CA AC 16 F1 C9 A8 D9 01 D0 
TMP size: 1132
CBOR ENCODE ERROR: 0
message_2 (CBOR Sequence) (size 1135):
	59 04 6C 27 B1 D6 35 A6 63 38 2D 99 E0 31 B3 E9 
	A5 D6 82 A0 95 45 04 93 56 AF 6F 13 54 DE D1 3E 
	D2 9C 72 87 BB 33 94 C7 59 0F EA 4E 45 20 51 28 
	1C 8B E1 28 5D AD 34 E2 90 D1 73 7F 91 8B 9F 7C 
	CA 9C F0 A2 50 D0 B0 A2 10 79 EE D1 9F B6 13 35 
	24 59 9F 8F EE 97 0D 81 92 26 C8 F0 41 1E 16 49 
	C9 9E 95 CB D0 79 79 19 06 6F CB 46 A4 F5 36 48 
	AE FE FB 2E EB 9D AF E1 E4 86 01 AC A6 B1 FB 6C 
	F8 B3 94 C9 B1 CD DC 0B 38 D3 46 E2 F1 27 B7 83 
	FF 73 CC F4 47 E8 F4 95 51 81 DA AB 2E EB 66 F2 
	22 E0 10 C9 31 B5 05 A6 5A 6F 5F A7 76 23 D3 22 
	8B D3 BC 9C 19 84 4E CD 4F E9 11 3D 2C 1E 93 FF 
	FB 02 0F 2A F5 20 25 CC C6 A4 A3 F1 AB 91 C9 B6 
	35 A1 7B 29 60 C6 E8 EC 06 37 D2 83 36 E3 61 3A 
	B7 7A 3E 4B C0 E2 B2 55 27 22 17 3E AB 5E 93 CD 
	44 47 3B 20 AD B9 00 FD 7D 1F 78 B8 D3 3A BA 22 
	43 1E 8F A6 42 85 F8 31 63 10 94 09 18 A6 C9 A3 
	D7 A7 28 D0 7C 57 C1 34 7B E3 37 C7 A4 A3 11 5A 
	52 20 9C F7 50 BC 64 45 09 39 0D 4C DD 55 7A C5 
	F2 B0 36 73 45 08 DD 6C DF CC 96 45 E1 A3 7E 0E 
	FA 4C EB 03 DE 3A F9 0B E9 A8 9A 9E F3 81 24 2B 
	7C 0F 1B C9 48 B2 8A 7D 6C CC B6 4B 7B E3 A0 71 
	AD FD CB 6E 0A 3C 30 BB 12 CF 1E 2A 39 12 5E 75 
	6A 9B 5A 4E 62 7F AF C5 D3 28 48 7A 1A 6D F7 03 
	F5 D2 CE 0B EB 0C F2 06 7B D1 F4 89 A0 C5 9F 07 
	16 50 D6 73 50 AA 88 F8 93 DB 0B 99 FF F2 AF 42 
	F2 F3 FB 84 FC FD F6 C1 3B 95 D5 6A 8A 8B B6 F3 
	61 DC 07 5F 1A 75 5F 9A 12 21 D8 A6 0C 64 06 0D 
	7B BC C4 F9 F2 49 19 A1 7D A4 7F FD DF 2D 99 BF 
	C0 CE 67 2B BA 6A D6 7F 0F 3F 80 B5 95 31 31 01 
	A2 D7 E4 13 8A 9F 9B 50 4C 2B 67 77 E4 C1 75 24 
	2D E7 0A A9 86 1A 1A 31 7B BF 82 54 0C 26 48 4D 
	1B 96 39 09 2D F4 F2 A7 D9 D3 EC A1 5D 74 DF 8F 
	62 27 44 90 81 E1 AC 70 30 C8 2B E7 B7 A7 79 38 
	F9 60 50 3B 20 0C 7D 32 4B B8 8E A9 FF 12 61 EC 
	18 6A 1A CF BC 90 87 F5 C8 DC AC 9F 8E 34 2C 18 
	56 93 B3 DD 72 58 D7 A0 0B B6 8B 75 37 A2 6C A7 
	51 8B 45 16 69 39 7C BE A1 F7 CE 05 64 95 07 43 
	0F 55 6F AB B7 33 CA 0F D8 EB 2E 19 F3 2F A5 35 
	85 E7 74 20 08 70 07 D4 DC 4F 8D 40 12 7C BA C8 
	B7 DB 60 0A E0 50 3C 90 6C FA 01 AB 6F 54 3D FC 
	8B 7F 32 9E 66 E3 8D 85 6B DB A6 49 67 7A 57 7F 
	F1 55 F3 8E AF 54 55 98 ED 0E D8 A9 2B 35 1F DB 
	20 6C 8E FD C8 49 E7 8A 56 CC 09 78 21 46 37 C9 
	DD 69 12 9B 8D 8E D0 A4 62 68 9D 6C 70 6A 6A 47 
	F7 83 64 2F 0E 33 CB 85 7E 59 5A D5 D5 B2 11 74 
	5B 88 78 D9 10 A5 69 8B C6 CB 92 F8 64 1C A5 D7 
	13 7B 8C C1 D8 CC 54 FA A6 AB F5 1C 2D E9 41 49 
	78 8B AD 30 21 06 BB F3 63 F7 0B 59 02 AD C4 7C 
	A1 4A 6E 2B 4C C0 CB 78 42 23 C5 7C D7 7B EB B8 
	1B 5A C3 92 6B 17 A6 AB 18 09 EE F7 9B C2 D0 5B 
	E2 BA 70 8C B2 68 EB 59 48 8C 21 C8 18 40 62 1B 
	58 73 A2 C1 8C 7D AE 0D 26 60 80 D7 6E 2D 9C DA 
	55 15 72 02 8A B8 6F 5E C9 1A 61 4F 73 3E BC 6A 
	AA 37 6D 33 99 F4 77 A9 B3 C0 C6 26 28 8A DD 9E 
	64 C3 54 65 81 FE D9 A9 B8 F0 87 21 E8 AB F4 DC 
	CB 43 65 FE 7A E8 34 CC 12 AB 3A A8 40 36 3A 97 
	4B BD CA 9F AA 38 94 7D FB 0B 7E A4 F5 90 DA ED 
	ED BD A0 FB 81 6F 4B 0A B3 EB 48 9F 2D F1 B2 0E 
	E3 11 AC 09 96 E5 7D 31 C9 A7 ED AE DA 19 B4 A7 
	39 7C 02 4E 62 97 EE 88 7B 63 AC 25 23 88 A6 46 
	69 F4 B4 8F 87 5A BE B9 CF 42 43 FA 88 E9 C7 F3 
	5B AE 12 25 ED 51 D3 10 97 91 2D FC 8D 3E 76 E4 
	4C CF 42 22 E5 12 4C F4 8D 53 76 D0 0E 6B C7 16 
	5D DC 9C 9A 5B 54 63 2D C4 27 2E 9F C7 FD 73 63 
	B9 80 26 D1 E2 7C CB 23 16 CE 69 C8 37 29 D6 79 
	FA 22 89 A7 FB 7B A3 65 00 90 1C FD F7 0E C9 4F 
	BF D2 6A FC EB D9 ED FD EF 55 E1 49 A4 E6 E0 23 
	32 FA E3 58 F4 27 37 37 DA 75 2E ED 48 53 88 ED 
	29 4E 9C B5 9E EE E8 F7 DC 7B B3 CE F9 FD 89 5A 
	CA CE 48 32 59 88 CA AC 16 F1 C9 A8 D9 01 D0 
th23 (size 32):
	79 07 17 C3 09 99 24 A9 75 58 A2 AD A0 07 B5 8C 
	CB 48 8F 87 C2 C3 B2 CC 88 67 ED FB C9 A1 EA 83 
plaintext_23 (size 12):
	41 A1 01 48 76 0E 91 95 67 60 CE B4 
cred (size 3):
	A1 04 01 
TMP size: 32
CBOR ENCODE ERROR: 0
Encoded
memcopy1
memcopy2
Input to calculate TH_3/TH_4 (CBOR Sequence) (size 49):
	58 20 79 07 17 C3 09 99 24 A9 75 58 A2 AD A0 07 
	B5 8C CB 48 8F 87 C2 C3 B2 CC 88 67 ED FB C9 A1 
	EA 83 41 A1 01 48 76 0E 91 95 67 60 CE B4 A1 04 
	01 
TH34 (size 32):
	63 6C C8 CC 4F 88 D0 C8 BB F9 A4 4D 37 1F 1B 77 
	47 A8 5D B6 70 CD 3A 7A 8D 30 FD C1 1A 79 2C 21 
msg2 generated
msg2 (size 1135):
	59 04 6C 27 B1 D6 35 A6 63 38 2D 99 E0 31 B3 E9 
	A5 D6 82 A0 95 45 04 93 56 AF 6F 13 54 DE D1 3E 
	D2 9C 72 87 BB 33 94 C7 59 0F EA 4E 45 20 51 28 
	1C 8B E1 28 5D AD 34 E2 90 D1 73 7F 91 8B 9F 7C 
	CA 9C F0 A2 50 D0 B0 A2 10 79 EE D1 9F B6 13 35 
	24 59 9F 8F EE 97 0D 81 92 26 C8 F0 41 1E 16 49 
	C9 9E 95 CB D0 79 79 19 06 6F CB 46 A4 F5 36 48 
	AE FE FB 2E EB 9D AF E1 E4 86 01 AC A6 B1 FB 6C 
	F8 B3 94 C9 B1 CD DC 0B 38 D3 46 E2 F1 27 B7 83 
	FF 73 CC F4 47 E8 F4 95 51 81 DA AB 2E EB 66 F2 
	22 E0 10 C9 31 B5 05 A6 5A 6F 5F A7 76 23 D3 22 
	8B D3 BC 9C 19 84 4E CD 4F E9 11 3D 2C 1E 93 FF 
	FB 02 0F 2A F5 20 25 CC C6 A4 A3 F1 AB 91 C9 B6 
	35 A1 7B 29 60 C6 E8 EC 06 37 D2 83 36 E3 61 3A 
	B7 7A 3E 4B C0 E2 B2 55 27 22 17 3E AB 5E 93 CD 
	44 47 3B 20 AD B9 00 FD 7D 1F 78 B8 D3 3A BA 22 
	43 1E 8F A6 42 85 F8 31 63 10 94 09 18 A6 C9 A3 
	D7 A7 28 D0 7C 57 C1 34 7B E3 37 C7 A4 A3 11 5A 
	52 20 9C F7 50 BC 64 45 09 39 0D 4C DD 55 7A C5 
	F2 B0 36 73 45 08 DD 6C DF CC 96 45 E1 A3 7E 0E 
	FA 4C EB 03 DE 3A F9 0B E9 A8 9A 9E F3 81 24 2B 
	7C 0F 1B C9 48 B2 8A 7D 6C CC B6 4B 7B E3 A0 71 
	AD FD CB 6E 0A 3C 30 BB 12 CF 1E 2A 39 12 5E 75 
	6A 9B 5A 4E 62 7F AF C5 D3 28 48 7A 1A 6D F7 03 
	F5 D2 CE 0B EB 0C F2 06 7B D1 F4 89 A0 C5 9F 07 
	16 50 D6 73 50 AA 88 F8 93 DB 0B 99 FF F2 AF 42 
	F2 F3 FB 84 FC FD F6 C1 3B 95 D5 6A 8A 8B B6 F3 
	61 DC 07 5F 1A 75 5F 9A 12 21 D8 A6 0C 64 06 0D 
	7B BC C4 F9 F2 49 19 A1 7D A4 7F FD DF 2D 99 BF 
	C0 CE 67 2B BA 6A D6 7F 0F 3F 80 B5 95 31 31 01 
	A2 D7 E4 13 8A 9F 9B 50 4C 2B 67 77 E4 C1 75 24 
	2D E7 0A A9 86 1A 1A 31 7B BF 82 54 0C 26 48 4D 
	1B 96 39 09 2D F4 F2 A7 D9 D3 EC A1 5D 74 DF 8F 
	62 27 44 90 81 E1 AC 70 30 C8 2B E7 B7 A7 79 38 
	F9 60 50 3B 20 0C 7D 32 4B B8 8E A9 FF 12 61 EC 
	18 6A 1A CF BC 90 87 F5 C8 DC AC 9F 8E 34 2C 18 
	56 93 B3 DD 72 58 D7 A0 0B B6 8B 75 37 A2 6C A7 
	51 8B 45 16 69 39 7C BE A1 F7 CE 05 64 95 07 43 
	0F 55 6F AB B7 33 CA 0F D8 EB 2E 19 F3 2F A5 35 
	85 E7 74 20 08 70 07 D4 DC 4F 8D 40 12 7C BA C8 
	B7 DB 60 0A E0 50 3C 90 6C FA 01 AB 6F 54 3D FC 
	8B 7F 32 9E 66 E3 8D 85 6B DB A6 49 67 7A 57 7F 
	F1 55 F3 8E AF 54 55 98 ED 0E D8 A9 2B 35 1F DB 
	20 6C 8E FD C8 49 E7 8A 56 CC 09 78 21 46 37 C9 
	DD 69 12 9B 8D 8E D0 A4 62 68 9D 6C 70 6A 6A 47 
	F7 83 64 2F 0E 33 CB 85 7E 59 5A D5 D5 B2 11 74 
	5B 88 78 D9 10 A5 69 8B C6 CB 92 F8 64 1C A5 D7 
	13 7B 8C C1 D8 CC 54 FA A6 AB F5 1C 2D E9 41 49 
	78 8B AD 30 21 06 BB F3 63 F7 0B 59 02 AD C4 7C 
	A1 4A 6E 2B 4C C0 CB 78 42 23 C5 7C D7 7B EB B8 
	1B 5A C3 92 6B 17 A6 AB 18 09 EE F7 9B C2 D0 5B 
	E2 BA 70 8C B2 68 EB 59 48 8C 21 C8 18 40 62 1B 
	58 73 A2 C1 8C 7D AE 0D 26 60 80 D7 6E 2D 9C DA 
	55 15 72 02 8A B8 6F 5E C9 1A 61 4F 73 3E BC 6A 
	AA 37 6D 33 99 F4 77 A9 B3 C0 C6 26 28 8A DD 9E 
	64 C3 54 65 81 FE D9 A9 B8 F0 87 21 E8 AB F4 DC 
	CB 43 65 FE 7A E8 34 CC 12 AB 3A A8 40 36 3A 97 
	4B BD CA 9F AA 38 94 7D FB 0B 7E A4 F5 90 DA ED 
	ED BD A0 FB 81 6F 4B 0A B3 EB 48 9F 2D F1 B2 0E 
	E3 11 AC 09 96 E5 7D 31 C9 A7 ED AE DA 19 B4 A7 
	39 7C 02 4E 62 97 EE 88 7B 63 AC 25 23 88 A6 46 
	69 F4 B4 8F 87 5A BE B9 CF 42 43 FA 88 E9 C7 F3 
	5B AE 12 25 ED 51 D3 10 97 91 2D FC 8D 3E 76 E4 
	4C CF 42 22 E5 12 4C F4 8D 53 76 D0 0E 6B C7 16 
	5D DC 9C 9A 5B 54 63 2D C4 27 2E 9F C7 FD 73 63 
	B9 80 26 D1 E2 7C CB 23 16 CE 69 C8 37 29 D6 79 
	FA 22 89 A7 FB 7B A3 65 00 90 1C FD F7 0E C9 4F 
	BF D2 6A FC EB D9 ED FD EF 55 E1 49 A4 E6 E0 23 
	32 FA E3 58 F4 27 37 37 DA 75 2E ED 48 53 88 ED 
	29 4E 9C B5 9E EE E8 F7 DC 7B B3 CE F9 FD 89 5A 
	CA CE 48 32 59 88 CA AC 16 F1 C9 A8 D9 01 D0 
ead prcessed
[resp] tx sent 1135 bytes
mesage tx
waiting to receive
[resp] rx got 21 bytes
received
CIPHERTEXT_3 (size 20):
	D1 71 38 94 E4 B8 88 C7 BD 44 E1 DA AB 8C 97 43 
	48 FA 32 86 
PLAINTEXT3_SIZE: 903
ctxt3.len: 20
K_3 (size 16):
	F6 ED 43 15 3D 61 A2 B9 5B 01 EB 41 76 E2 94 7E 
IV_3 (size 13):
	2A 36 62 F2 15 CE 71 43 77 9B C3 61 10 
associated_data (size 45):
	83 68 45 6E 63 72 79 70 74 30 40 58 20 63 6C C8 
	CC 4F 88 D0 C8 BB F9 A4 4D 37 1F 1B 77 47 A8 5D 
	B6 70 CD 3A 7A 8D 30 FD C1 1A 79 2C 21 
plaintext (size 12):
	A1 04 00 48 C1 95 28 E3 7F E0 A4 1E 
ID_CRED (size 3):
	A1 04 00 
sign_or_mac (size 8):
	C1 95 28 E3 7F E0 A4 1E 
[cred] lookup ID_CRED len=3
A10400
[cred] cred_array entries: 1
[cred] candidate[0] len=3 A10400
SHARED SECRET DERIVE
dh_secret (size 32):
	6C AA 7E E1 BA D2 D5 D5 C3 6D 15 AA 95 09 CF D4 
	84 71 E2 B0 43 B8 D2 92 C7 78 9F 3C 1B 1B 6C 3F 
SALT_3e2m or SALT4e3m (size 32):
	11 F1 EA 14 96 79 3C 14 F1 55 13 9B CA 92 6A 41 
	86 63 9A FC 6D D3 D9 F8 03 E8 93 C8 0B 2E 23 AA 
prk_4e3m (size 32):
	6F 6B 59 7D 46 1C 4B BF 1E 6B 18 0C 1E 18 52 17 
	25 B0 0A 6F EA 69 00 E6 BF 79 6A 4E 2E CD C0 14 
TMP size: 32
CBOR ENCODE ERROR: 0
MAX ID CRED: 400 cred len 3
MAX CRED: 765 cred len 3
PK SIZE: 65
SIGNATURE SIZE: 500
CONTEXT_MAC_SIZE: 1204
CONTEXT_MAC len: 41
CR len: 1
TH enc len: 34
MAC context (size 40):
	A1 04 00 58 20 63 6C C8 CC 4F 88 D0 C8 BB F9 A4 
	4D 37 1F 1B 77 47 A8 5D B6 70 CD 3A 7A 8D 30 FD 
	C1 1A 79 2C 21 A1 04 00 
MAC 2/3 (size 8):
	C1 95 28 E3 7F E0 A4 1E 
th23 (size 32):
	63 6C C8 CC 4F 88 D0 C8 BB F9 A4 4D 37 1F 1B 77 
	47 A8 5D B6 70 CD 3A 7A 8D 30 FD C1 1A 79 2C 21 
plaintext_23 (size 12):
	A1 04 00 48 C1 95 28 E3 7F E0 A4 1E 
cred (size 3):
	A1 04 00 
TMP size: 32
CBOR ENCODE ERROR: 0
Encoded
memcopy1
memcopy2
Input to calculate TH_3/TH_4 (CBOR Sequence) (size 49):
	58 20 63 6C C8 CC 4F 88 D0 C8 BB F9 A4 4D 37 1F 
	1B 77 47 A8 5D B6 70 CD 3A 7A 8D 30 FD C1 1A 79 
	2C 21 A1 04 00 48 C1 95 28 E3 7F E0 A4 1E A1 04 
	00 
TH34 (size 32):
	72 AD B0 68 6A D9 AC 21 23 D2 3D A6 C8 07 26 91 
	27 29 ED 2C CF 7A C2 81 37 AE 7D 44 7A 36 FF F7 
[resp] edhoc_responder_run completed
PRK_out (size 32):
	90 01 AB C0 70 34 97 98 3D E7 44 F7 49 AF DF E0 
	47 CC 49 B0 8F 81 A3 FC 63 D2 DF 21 84 07 2D 39 
prk_exporter (size 32):
	91 76 96 DA CA FA E7 EE 04 31 E2 E9 8E AA 05 0B 
	1F 65 D4 A8 BE 5F 8B E0 DA 06 D8 37 7C CE 8B 66 
OSCORE Master Secret (size 16):
	D8 7E E2 B7 3C 20 EB C2 F4 8A AC AE 5C 73 D1 4B 
OSCORE Master Salt (size 8):
	45 5F 7D 89 3A 1A 92 6D 
