[resp] get_suite
[resp] suite ready
IPv4 server with address 0.0.0.0 started!
[resp] socket ready
[resp] static DH keygen
[resp] static initiator pk
[resp] ephemeral DH keygen
[resp] starting edhoc_responder_run
[resp] rx got 1223 bytes
message_1 (CBOR Sequence) (size 1223):
	03 15 59 04 C0 FB B4 6F DD 17 E8 B7 0E C5 98 DE 
	CB B6 C8 4A 15 29 B0 DF CF 9E DE D9 C5 F8 D3 BF 
	64 F5 52 D2 10 A2 3B BF C2 AB B4 D3 B5 6E B1 B5 
	B0 E5 86 69 D6 E1 A7 6E 9C 06 61 52 5B D1 E4 86 
	38 F9 A7 19 AC 1B 6B 75 6E C7 97 5B 15 05 A9 7C 
	37 A2 C0 E2 13 EF 33 26 53 F1 68 94 F2 C4 8C B2 
	4D 38 5C 0E 10 75 C5 BD 02 65 38 DB 9B A8 3B 5C 
	E0 29 3F E1 17 AA 84 A3 56 EE B7 12 72 A2 76 F5 
	32 BA 65 A8 10 C0 58 10 BA 5A 3D E5 59 5C 6B E7 
	70 B1 76 6E 15 53 5C BC BC 90 46 85 1E B7 73 28 
	8F C1 A7 1E 78 CC 68 97 37 B1 D3 AF 80 E0 6C 6B 
	27 99 FF 58 B4 2B 22 6E 59 94 C9 15 B7 94 86 0A 
	28 03 54 A3 F1 3B 12 14 30 76 B8 54 5C C8 AC 96 
	27 2B 2D B6 81 87 68 73 CF 8E 85 A5 75 D7 15 AD 
	65 B5 72 98 53 D6 F6 0C 0A A4 08 5D 76 38 48 19 
	1D 4F 99 B6 11 18 80 B3 C9 08 34 93 3D 57 2C 75 
	1A C6 4E A2 B6 18 68 7A 5C 46 4A C2 FF 68 CE 7D 
	79 9C 48 A7 83 81 D5 C9 E3 5B CF C6 AA 8D 93 26 
	0F BB E6 96 54 5C AD 59 EA 7E B0 6A 40 B3 C0 A5 
	E8 DA A4 06 B9 98 2D E9 2A 67 13 CF C8 31 10 8E 
	39 24 B1 F2 7D 2B F6 11 FA 78 88 0D 0B AE 59 38 
	A4 C6 F2 9F A3 80 55 1A E4 90 EB 96 50 85 5C A6 
	55 6B 7F F5 C6 05 87 B4 0E 4A 80 72 F8 A8 9D 65 
	60 94 A7 65 30 0E 39 23 B8 32 6D A2 9C 87 02 14 
	63 BB 82 4E 51 C9 55 0B C6 CF ED 59 4F CD 67 66 
	9F 6B 14 4C 49 95 6E 02 23 81 F5 5D 3D F9 11 4F 
	89 72 5D CC 65 61 AA C8 C7 B8 BF 7F 6A AC BB 46 
	2C AE 6B CB EE E5 66 70 CC 66 A4 88 69 D2 10 46 
	E7 04 AD 70 5A 55 88 C8 C4 53 F4 BE 7A 48 03 1E 
	57 CF 50 70 36 1A B8 A9 24 B7 86 5E 93 70 8C 98 
	7F 4B 4C 89 1A B6 1A 82 CA 33 06 EA 00 82 B0 42 
	AD 3A 6E D6 89 CB 00 B1 CE 11 80 C4 13 CA 5F 3D 
	F2 6E CD A3 62 FF E1 56 70 C7 4C 88 F5 74 86 C3 
	A9 73 93 54 10 F1 26 9A 9B 2E 36 02 1F AF 48 56 
	A4 67 40 65 D2 83 BE DB 40 AD D8 57 6F F0 20 D1 
	02 B7 82 22 1F FA 90 40 83 D0 37 17 F7 36 FE 2C 
	AE 18 C1 51 E0 13 7C 3C A3 05 AB 49 36 EA 8C C3 
	4D 4B 02 79 92 57 7E 73 C9 DE 17 3F 1E 87 5A 44 
	9C 5F 57 A7 24 1D EA C2 BE C1 5D 40 E2 18 77 F2 
	C9 58 B9 B6 13 12 49 34 32 40 E6 95 AF 55 27 37 
	0E 76 80 57 05 04 12 64 B0 E8 17 A9 FE 61 72 4C 
	94 8F D6 11 4A 03 74 C5 DA 79 6F 13 F3 21 68 14 
	52 EF E3 A7 04 98 82 F0 C5 54 5F 50 6C 31 63 A3 
	98 15 B3 C7 8B 8D FA 16 1A 1F F9 BD D7 95 CA 97 
	A8 AB 4D 14 4B D8 BC 4A D9 DC BA 0E 22 41 7C 10 
	9C 78 A6 0C 74 38 89 86 C3 64 51 1B AB 32 38 87 
	62 67 0B 85 1C 00 37 22 04 32 F2 91 7A 64 29 B1 
	2A 2F E1 72 69 B2 68 49 00 E4 40 80 F5 42 AF 78 
	BB 67 30 C5 F0 39 97 0F C6 0B CA 48 7C EE EC 33 
	56 76 27 3B 37 7E 6D 63 1F E9 DA 4D 91 02 55 CA 
	05 3B 3D B3 2D E7 8A CF B4 31 65 AC 25 47 78 86 
	1A 48 13 19 FF D3 66 2F 67 87 AB 99 CE 7A 1A 61 
	1C 04 9A 29 74 7B 64 5A CA 12 F2 60 6D E9 2C 90 
	98 2B C6 55 6E 9D 5C 6E DE 08 6B 5A D2 19 E1 15 
	C2 93 A4 07 8C 62 87 C8 32 86 83 52 16 0F C7 64 
	A4 F3 39 4E C0 8E CB C9 18 04 89 B8 C0 47 65 C1 
	E5 7D 26 2A AA 99 9B 7F 77 68 1F 68 9C 7F 95 71 
	0B F2 83 A7 9B 06 08 AA 80 C6 AB 30 5A 85 85 9C 
	A4 A4 24 32 18 58 7E DC C1 E7 77 A8 16 AC 8F 9B 
	E9 44 AA 23 06 33 3A 53 6D CC 48 B5 96 42 4D 5C 
	B1 95 02 2A DE A2 94 5F 54 4D 60 11 14 D0 27 82 
	F6 A8 8D 41 21 8E 80 4B A4 04 48 AA 74 F9 98 57 
	14 6C 8A 16 A3 AA 82 74 A8 72 0E BD 59 28 31 F2 
	2B EA 27 37 D9 D1 44 8C 37 77 07 59 03 02 B0 26 
	10 D4 26 03 25 CC 56 56 21 5F F8 65 D2 22 24 A9 
	04 15 BB E6 5A 2D 77 28 23 A8 BB 4E 79 25 22 36 
	53 DE 7B CF 40 C9 AC 89 DC CB 91 85 AC F0 30 11 
	B6 3B BA 30 41 A5 5A 81 5E 7F 1B 75 95 63 C7 32 
	E3 3D 9E E5 25 2B 30 80 56 B9 5E F3 79 61 9D 39 
	63 6D 05 B7 38 DA 56 60 9B 5F AE EC 9B B2 14 42 
	4C F0 55 A5 8B 6B 8F 79 7A 21 24 B2 54 BA 5F 06 
	D4 0D EF E0 A9 CF B0 BB 7A 00 97 04 07 85 0B C8 
	02 29 D9 01 5B 06 30 83 96 3C 8E 74 B8 F4 18 2F 
	DF 14 3C 48 DB 2C 8D 9A 8B 98 F9 AF A9 D9 39 24 
	43 6D A7 05 12 0C D3 43 9D 1C F7 DC 15 D1 AB A4 
	97 2E 30 DC FD BD 56 00 83 63 FC D5 7B E1 9C 87 
	43 EC F8 39 99 41 49 
msg1  (size 1223):
	03 15 59 04 C0 FB B4 6F DD 17 E8 B7 0E C5 98 DE 
	CB B6 C8 4A 15 29 B0 DF CF 9E DE D9 C5 F8 D3 BF 
	64 F5 52 D2 10 A2 3B BF C2 AB B4 D3 B5 6E B1 B5 
	B0 E5 86 69 D6 E1 A7 6E 9C 06 61 52 5B D1 E4 86 
	38 F9 A7 19 AC 1B 6B 75 6E C7 97 5B 15 05 A9 7C 
	37 A2 C0 E2 13 EF 33 26 53 F1 68 94 F2 C4 8C B2 
	4D 38 5C 0E 10 75 C5 BD 02 65 38 DB 9B A8 3B 5C 
	E0 29 3F E1 17 AA 84 A3 56 EE B7 12 72 A2 76 F5 
	32 BA 65 A8 10 C0 58 10 BA 5A 3D E5 59 5C 6B E7 
	70 B1 76 6E 15 53 5C BC BC 90 46 85 1E B7 73 28 
	8F C1 A7 1E 78 CC 68 97 37 B1 D3 AF 80 E0 6C 6B 
	27 99 FF 58 B4 2B 22 6E 59 94 C9 15 B7 94 86 0A 
	28 03 54 A3 F1 3B 12 14 30 76 B8 54 5C C8 AC 96 
	27 2B 2D B6 81 87 68 73 CF 8E 85 A5 75 D7 15 AD 
	65 B5 72 98 53 D6 F6 0C 0A A4 08 5D 76 38 48 19 
	1D 4F 99 B6 11 18 80 B3 C9 08 34 93 3D 57 2C 75 
	1A C6 4E A2 B6 18 68 7A 5C 46 4A C2 FF 68 CE 7D 
	79 9C 48 A7 83 81 D5 C9 E3 5B CF C6 AA 8D 93 26 
	0F BB E6 96 54 5C AD 59 EA 7E B0 6A 40 B3 C0 A5 
	E8 DA A4 06 B9 98 2D E9 2A 67 13 CF C8 31 10 8E 
	39 24 B1 F2 7D 2B F6 11 FA 78 88 0D 0B AE 59 38 
	A4 C6 F2 9F A3 80 55 1A E4 90 EB 96 50 85 5C A6 
	55 6B 7F F5 C6 05 87 B4 0E 4A 80 72 F8 A8 9D 65 
	60 94 A7 65 30 0E 39 23 B8 32 6D A2 9C 87 02 14 
	63 BB 82 4E 51 C9 55 0B C6 CF ED 59 4F CD 67 66 
	9F 6B 14 4C 49 95 6E 02 23 81 F5 5D 3D F9 11 4F 
	89 72 5D CC 65 61 AA C8 C7 B8 BF 7F 6A AC BB 46 
	2C AE 6B CB EE E5 66 70 CC 66 A4 88 69 D2 10 46 
	E7 04 AD 70 5A 55 88 C8 C4 53 F4 BE 7A 48 03 1E 
	57 CF 50 70 36 1A B8 A9 24 B7 86 5E 93 70 8C 98 
	7F 4B 4C 89 1A B6 1A 82 CA 33 06 EA 00 82 B0 42 
	AD 3A 6E D6 89 CB 00 B1 CE 11 80 C4 13 CA 5F 3D 
	F2 6E CD A3 62 FF E1 56 70 C7 4C 88 F5 74 86 C3 
	A9 73 93 54 10 F1 26 9A 9B 2E 36 02 1F AF 48 56 
	A4 67 40 65 D2 83 BE DB 40 AD D8 57 6F F0 20 D1 
	02 B7 82 22 1F FA 90 40 83 D0 37 17 F7 36 FE 2C 
	AE 18 C1 51 E0 13 7C 3C A3 05 AB 49 36 EA 8C C3 
	4D 4B 02 79 92 57 7E 73 C9 DE 17 3F 1E 87 5A 44 
	9C 5F 57 A7 24 1D EA C2 BE C1 5D 40 E2 18 77 F2 
	C9 58 B9 B6 13 12 49 34 32 40 E6 95 AF 55 27 37 
	0E 76 80 57 05 04 12 64 B0 E8 17 A9 FE 61 72 4C 
	94 8F D6 11 4A 03 74 C5 DA 79 6F 13 F3 21 68 14 
	52 EF E3 A7 04 98 82 F0 C5 54 5F 50 6C 31 63 A3 
	98 15 B3 C7 8B 8D FA 16 1A 1F F9 BD D7 95 CA 97 
	A8 AB 4D 14 4B D8 BC 4A D9 DC BA 0E 22 41 7C 10 
	9C 78 A6 0C 74 38 89 86 C3 64 51 1B AB 32 38 87 
	62 67 0B 85 1C 00 37 22 04 32 F2 91 7A 64 29 B1 
	2A 2F E1 72 69 B2 68 49 00 E4 40 80 F5 42 AF 78 
	BB 67 30 C5 F0 39 97 0F C6 0B CA 48 7C EE EC 33 
	56 76 27 3B 37 7E 6D 63 1F E9 DA 4D 91 02 55 CA 
	05 3B 3D B3 2D E7 8A CF B4 31 65 AC 25 47 78 86 
	1A 48 13 19 FF D3 66 2F 67 87 AB 99 CE 7A 1A 61 
	1C 04 9A 29 74 7B 64 5A CA 12 F2 60 6D E9 2C 90 
	98 2B C6 55 6E 9D 5C 6E DE 08 6B 5A D2 19 E1 15 
	C2 93 A4 07 8C 62 87 C8 32 86 83 52 16 0F C7 64 
	A4 F3 39 4E C0 8E CB C9 18 04 89 B8 C0 47 65 C1 
	E5 7D 26 2A AA 99 9B 7F 77 68 1F 68 9C 7F 95 71 
	0B F2 83 A7 9B 06 08 AA 80 C6 AB 30 5A 85 85 9C 
	A4 A4 24 32 18 58 7E DC C1 E7 77 A8 16 AC 8F 9B 
	E9 44 AA 23 06 33 3A 53 6D CC 48 B5 96 42 4D 5C 
	B1 95 02 2A DE A2 94 5F 54 4D 60 11 14 D0 27 82 
	F6 A8 8D 41 21 8E 80 4B A4 04 48 AA 74 F9 98 57 
	14 6C 8A 16 A3 AA 82 74 A8 72 0E BD 59 28 31 F2 
	2B EA 27 37 D9 D1 44 8C 37 77 07 59 03 02 B0 26 
	10 D4 26 03 25 CC 56 56 21 5F F8 65 D2 22 24 A9 
	04 15 BB E6 5A 2D 77 28 23 A8 BB 4E 79 25 22 36 
	53 DE 7B CF 40 C9 AC 89 DC CB 91 85 AC F0 30 11 
	B6 3B BA 30 41 A5 5A 81 5E 7F 1B 75 95 63 C7 32 
	E3 3D 9E E5 25 2B 30 80 56 B9 5E F3 79 61 9D 39 
	63 6D 05 B7 38 DA 56 60 9B 5F AE EC 9B B2 14 42 
	4C F0 55 A5 8B 6B 8F 79 7A 21 24 B2 54 BA 5F 06 
	D4 0D EF E0 A9 CF B0 BB 7A 00 97 04 07 85 0B C8 
	02 29 D9 01 5B 06 30 83 96 3C 8E 74 B8 F4 18 2F 
	DF 14 3C 48 DB 2C 8D 9A 8B 98 F9 AF A9 D9 39 24 
	43 6D A7 05 12 0C D3 43 9D 1C F7 DC 15 D1 AB A4 
	97 2E 30 DC FD BD 56 00 83 63 FC D5 7B E1 9C 87 
	43 EC F8 39 99 41 49 
msg1 METHOD: 3
msg1 SUITES_I (size 1):
	15 
g_x len 1216
g_x len message 1 1216
msg1 G_X (size 1216):
	FB B4 6F DD 17 E8 B7 0E C5 98 DE CB B6 C8 4A 15 
	29 B0 DF CF 9E DE D9 C5 F8 D3 BF 64 F5 52 D2 10 
	A2 3B BF C2 AB B4 D3 B5 6E B1 B5 B0 E5 86 69 D6 
	E1 A7 6E 9C 06 61 52 5B D1 E4 86 38 F9 A7 19 AC 
	1B 6B 75 6E C7 97 5B 15 05 A9 7C 37 A2 C0 E2 13 
	EF 33 26 53 F1 68 94 F2 C4 8C B2 4D 38 5C 0E 10 
	75 C5 BD 02 65 38 DB 9B A8 3B 5C E0 29 3F E1 17 
	AA 84 A3 56 EE B7 12 72 A2 76 F5 32 BA 65 A8 10 
	C0 58 10 BA 5A 3D E5 59 5C 6B E7 70 B1 76 6E 15 
	53 5C BC BC 90 46 85 1E B7 73 28 8F C1 A7 1E 78 
	CC 68 97 37 B1 D3 AF 80 E0 6C 6B 27 99 FF 58 B4 
	2B 22 6E 59 94 C9 15 B7 94 86 0A 28 03 54 A3 F1 
	3B 12 14 30 76 B8 54 5C C8 AC 96 27 2B 2D B6 81 
	87 68 73 CF 8E 85 A5 75 D7 15 AD 65 B5 72 98 53 
	D6 F6 0C 0A A4 08 5D 76 38 48 19 1D 4F 99 B6 11 
	18 80 B3 C9 08 34 93 3D 57 2C 75 1A C6 4E A2 B6 
	18 68 7A 5C 46 4A C2 FF 68 CE 7D 79 9C 48 A7 83 
	81 D5 C9 E3 5B CF C6 AA 8D 93 26 0F BB E6 96 54 
	5C AD 59 EA 7E B0 6A 40 B3 C0 A5 E8 DA A4 06 B9 
	98 2D E9 2A 67 13 CF C8 31 10 8E 39 24 B1 F2 7D 
	2B F6 11 FA 78 88 0D 0B AE 59 38 A4 C6 F2 9F A3 
	80 55 1A E4 90 EB 96 50 85 5C A6 55 6B 7F F5 C6 
	05 87 B4 0E 4A 80 72 F8 A8 9D 65 60 94 A7 65 30 
	0E 39 23 B8 32 6D A2 9C 87 02 14 63 BB 82 4E 51 
	C9 55 0B C6 CF ED 59 4F CD 67 66 9F 6B 14 4C 49 
	95 6E 02 23 81 F5 5D 3D F9 11 4F 89 72 5D CC 65 
	61 AA C8 C7 B8 BF 7F 6A AC BB 46 2C AE 6B CB EE 
	E5 66 70 CC 66 A4 88 69 D2 10 46 E7 04 AD 70 5A 
	55 88 C8 C4 53 F4 BE 7A 48 03 1E 57 CF 50 70 36 
	1A B8 A9 24 B7 86 5E 93 70 8C 98 7F 4B 4C 89 1A 
	B6 1A 82 CA 33 06 EA 00 82 B0 42 AD 3A 6E D6 89 
	CB 00 B1 CE 11 80 C4 13 CA 5F 3D F2 6E CD A3 62 
	FF E1 56 70 C7 4C 88 F5 74 86 C3 A9 73 93 54 10 
	F1 26 9A 9B 2E 36 02 1F AF 48 56 A4 67 40 65 D2 
	83 BE DB 40 AD D8 57 6F F0 20 D1 02 B7 82 22 1F 
	FA 90 40 83 D0 37 17 F7 36 FE 2C AE 18 C1 51 E0 
	13 7C 3C A3 05 AB 49 36 EA 8C C3 4D 4B 02 79 92 
	57 7E 73 C9 DE 17 3F 1E 87 5A 44 9C 5F 57 A7 24 
	1D EA C2 BE C1 5D 40 E2 18 77 F2 C9 58 B9 B6 13 
	12 49 34 32 40 E6 95 AF 55 27 37 0E 76 80 57 05 
	04 12 64 B0 E8 17 A9 FE 61 72 4C 94 8F D6 11 4A 
	03 74 C5 DA 79 6F 13 F3 21 68 14 52 EF E3 A7 04 
	98 82 F0 C5 54 5F 50 6C 31 63 A3 98 15 B3 C7 8B 
	8D FA 16 1A 1F F9 BD D7 95 CA 97 A8 AB 4D 14 4B 
	D8 BC 4A D9 DC BA 0E 22 41 7C 10 9C 78 A6 0C 74 
	38 89 86 C3 64 51 1B AB 32 38 87 62 67 0B 85 1C 
	00 37 22 04 32 F2 91 7A 64 29 B1 2A 2F E1 72 69 
	B2 68 49 00 E4 40 80 F5 42 AF 78 BB 67 30 C5 F0 
	39 97 0F C6 0B CA 48 7C EE EC 33 56 76 27 3B 37 
	7E 6D 63 1F E9 DA 4D 91 02 55 CA 05 3B 3D B3 2D 
	E7 8A CF B4 31 65 AC 25 47 78 86 1A 48 13 19 FF 
	D3 66 2F 67 87 AB 99 CE 7A 1A 61 1C 04 9A 29 74 
	7B 64 5A CA 12 F2 60 6D E9 2C 90 98 2B C6 55 6E 
	9D 5C 6E DE 08 6B 5A D2 19 E1 15 C2 93 A4 07 8C 
	62 87 C8 32 86 83 52 16 0F C7 64 A4 F3 39 4E C0 
	8E CB C9 18 04 89 B8 C0 47 65 C1 E5 7D 26 2A AA 
	99 9B 7F 77 68 1F 68 9C 7F 95 71 0B F2 83 A7 9B 
	06 08 AA 80 C6 AB 30 5A 85 85 9C A4 A4 24 32 18 
	58 7E DC C1 E7 77 A8 16 AC 8F 9B E9 44 AA 23 06 
	33 3A 53 6D CC 48 B5 96 42 4D 5C B1 95 02 2A DE 
	A2 94 5F 54 4D 60 11 14 D0 27 82 F6 A8 8D 41 21 
	8E 80 4B A4 04 48 AA 74 F9 98 57 14 6C 8A 16 A3 
	AA 82 74 A8 72 0E BD 59 28 31 F2 2B EA 27 37 D9 
	D1 44 8C 37 77 07 59 03 02 B0 26 10 D4 26 03 25 
	CC 56 56 21 5F F8 65 D2 22 24 A9 04 15 BB E6 5A 
	2D 77 28 23 A8 BB 4E 79 25 22 36 53 DE 7B CF 40 
	C9 AC 89 DC CB 91 85 AC F0 30 11 B6 3B BA 30 41 
	A5 5A 81 5E 7F 1B 75 95 63 C7 32 E3 3D 9E E5 25 
	2B 30 80 56 B9 5E F3 79 61 9D 39 63 6D 05 B7 38 
	DA 56 60 9B 5F AE EC 9B B2 14 42 4C F0 55 A5 8B 
	6B 8F 79 7A 21 24 B2 54 BA 5F 06 D4 0D EF E0 A9 
	CF B0 BB 7A 00 97 04 07 85 0B C8 02 29 D9 01 5B 
	06 30 83 96 3C 8E 74 B8 F4 18 2F DF 14 3C 48 DB 
	2C 8D 9A 8B 98 F9 AF A9 D9 39 24 43 6D A7 05 12 
	0C D3 43 9D 1C F7 DC 15 D1 AB A4 97 2E 30 DC FD 
	BD 56 00 83 63 FC D5 7B E1 9C 87 43 EC F8 39 99 
msg1 C_I_raw (size 1):
	49 
Suite 21 will be used in this EDHOC run.
PQ/T hybrid declare second array
PQ/T hybrid suit
PQ/T y  (size 32):
	38 89 C4 E0 B5 3B 03 FA 44 FB A6 AF 89 EE AA 5F 
	43 47 E8 49 6E 93 4C E8 13 64 E1 32 CF CA 25 6D 
PQ/T gx  (size 1216):
	FB B4 6F DD 17 E8 B7 0E C5 98 DE CB B6 C8 4A 15 
	29 B0 DF CF 9E DE D9 C5 F8 D3 BF 64 F5 52 D2 10 
	A2 3B BF C2 AB B4 D3 B5 6E B1 B5 B0 E5 86 69 D6 
	E1 A7 6E 9C 06 61 52 5B D1 E4 86 38 F9 A7 19 AC 
	1B 6B 75 6E C7 97 5B 15 05 A9 7C 37 A2 C0 E2 13 
	EF 33 26 53 F1 68 94 F2 C4 8C B2 4D 38 5C 0E 10 
	75 C5 BD 02 65 38 DB 9B A8 3B 5C E0 29 3F E1 17 
	AA 84 A3 56 EE B7 12 72 A2 76 F5 32 BA 65 A8 10 
	C0 58 10 BA 5A 3D E5 59 5C 6B E7 70 B1 76 6E 15 
	53 5C BC BC 90 46 85 1E B7 73 28 8F C1 A7 1E 78 
	CC 68 97 37 B1 D3 AF 80 E0 6C 6B 27 99 FF 58 B4 
	2B 22 6E 59 94 C9 15 B7 94 86 0A 28 03 54 A3 F1 
	3B 12 14 30 76 B8 54 5C C8 AC 96 27 2B 2D B6 81 
	87 68 73 CF 8E 85 A5 75 D7 15 AD 65 B5 72 98 53 
	D6 F6 0C 0A A4 08 5D 76 38 48 19 1D 4F 99 B6 11 
	18 80 B3 C9 08 34 93 3D 57 2C 75 1A C6 4E A2 B6 
	18 68 7A 5C 46 4A C2 FF 68 CE 7D 79 9C 48 A7 83 
	81 D5 C9 E3 5B CF C6 AA 8D 93 26 0F BB E6 96 54 
	5C AD 59 EA 7E B0 6A 40 B3 C0 A5 E8 DA A4 06 B9 
	98 2D E9 2A 67 13 CF C8 31 10 8E 39 24 B1 F2 7D 
	2B F6 11 FA 78 88 0D 0B AE 59 38 A4 C6 F2 9F A3 
	80 55 1A E4 90 EB 96 50 85 5C A6 55 6B 7F F5 C6 
	05 87 B4 0E 4A 80 72 F8 A8 9D 65 60 94 A7 65 30 
	0E 39 23 B8 32 6D A2 9C 87 02 14 63 BB 82 4E 51 
	C9 55 0B C6 CF ED 59 4F CD 67 66 9F 6B 14 4C 49 
	95 6E 02 23 81 F5 5D 3D F9 11 4F 89 72 5D CC 65 
	61 AA C8 C7 B8 BF 7F 6A AC BB 46 2C AE 6B CB EE 
	E5 66 70 CC 66 A4 88 69 D2 10 46 E7 04 AD 70 5A 
	55 88 C8 C4 53 F4 BE 7A 48 03 1E 57 CF 50 70 36 
	1A B8 A9 24 B7 86 5E 93 70 8C 98 7F 4B 4C 89 1A 
	B6 1A 82 CA 33 06 EA 00 82 B0 42 AD 3A 6E D6 89 
	CB 00 B1 CE 11 80 C4 13 CA 5F 3D F2 6E CD A3 62 
	FF E1 56 70 C7 4C 88 F5 74 86 C3 A9 73 93 54 10 
	F1 26 9A 9B 2E 36 02 1F AF 48 56 A4 67 40 65 D2 
	83 BE DB 40 AD D8 57 6F F0 20 D1 02 B7 82 22 1F 
	FA 90 40 83 D0 37 17 F7 36 FE 2C AE 18 C1 51 E0 
	13 7C 3C A3 05 AB 49 36 EA 8C C3 4D 4B 02 79 92 
	57 7E 73 C9 DE 17 3F 1E 87 5A 44 9C 5F 57 A7 24 
	1D EA C2 BE C1 5D 40 E2 18 77 F2 C9 58 B9 B6 13 
	12 49 34 32 40 E6 95 AF 55 27 37 0E 76 80 57 05 
	04 12 64 B0 E8 17 A9 FE 61 72 4C 94 8F D6 11 4A 
	03 74 C5 DA 79 6F 13 F3 21 68 14 52 EF E3 A7 04 
	98 82 F0 C5 54 5F 50 6C 31 63 A3 98 15 B3 C7 8B 
	8D FA 16 1A 1F F9 BD D7 95 CA 97 A8 AB 4D 14 4B 
	D8 BC 4A D9 DC BA 0E 22 41 7C 10 9C 78 A6 0C 74 
	38 89 86 C3 64 51 1B AB 32 38 87 62 67 0B 85 1C 
	00 37 22 04 32 F2 91 7A 64 29 B1 2A 2F E1 72 69 
	B2 68 49 00 E4 40 80 F5 42 AF 78 BB 67 30 C5 F0 
	39 97 0F C6 0B CA 48 7C EE EC 33 56 76 27 3B 37 
	7E 6D 63 1F E9 DA 4D 91 02 55 CA 05 3B 3D B3 2D 
	E7 8A CF B4 31 65 AC 25 47 78 86 1A 48 13 19 FF 
	D3 66 2F 67 87 AB 99 CE 7A 1A 61 1C 04 9A 29 74 
	7B 64 5A CA 12 F2 60 6D E9 2C 90 98 2B C6 55 6E 
	9D 5C 6E DE 08 6B 5A D2 19 E1 15 C2 93 A4 07 8C 
	62 87 C8 32 86 83 52 16 0F C7 64 A4 F3 39 4E C0 
	8E CB C9 18 04 89 B8 C0 47 65 C1 E5 7D 26 2A AA 
	99 9B 7F 77 68 1F 68 9C 7F 95 71 0B F2 83 A7 9B 
	06 08 AA 80 C6 AB 30 5A 85 85 9C A4 A4 24 32 18 
	58 7E DC C1 E7 77 A8 16 AC 8F 9B E9 44 AA 23 06 
	33 3A 53 6D CC 48 B5 96 42 4D 5C B1 95 02 2A DE 
	A2 94 5F 54 4D 60 11 14 D0 27 82 F6 A8 8D 41 21 
	8E 80 4B A4 04 48 AA 74 F9 98 57 14 6C 8A 16 A3 
	AA 82 74 A8 72 0E BD 59 28 31 F2 2B EA 27 37 D9 
	D1 44 8C 37 77 07 59 03 02 B0 26 10 D4 26 03 25 
	CC 56 56 21 5F F8 65 D2 22 24 A9 04 15 BB E6 5A 
	2D 77 28 23 A8 BB 4E 79 25 22 36 53 DE 7B CF 40 
	C9 AC 89 DC CB 91 85 AC F0 30 11 B6 3B BA 30 41 
	A5 5A 81 5E 7F 1B 75 95 63 C7 32 E3 3D 9E E5 25 
	2B 30 80 56 B9 5E F3 79 61 9D 39 63 6D 05 B7 38 
	DA 56 60 9B 5F AE EC 9B B2 14 42 4C F0 55 A5 8B 
	6B 8F 79 7A 21 24 B2 54 BA 5F 06 D4 0D EF E0 A9 
	CF B0 BB 7A 00 97 04 07 85 0B C8 02 29 D9 01 5B 
	06 30 83 96 3C 8E 74 B8 F4 18 2F DF 14 3C 48 DB 
	2C 8D 9A 8B 98 F9 AF A9 D9 39 24 43 6D A7 05 12 
	0C D3 43 9D 1C F7 DC 15 D1 AB A4 97 2E 30 DC FD 
	BD 56 00 83 63 FC D5 7B E1 9C 87 43 EC F8 39 99 
DH y  (size 32):
	38 89 C4 E0 B5 3B 03 FA 44 FB A6 AF 89 EE AA 5F 
	43 47 E8 49 6E 93 4C E8 13 64 E1 32 CF CA 25 6D 
DH gx  (size 32):
	FB B4 6F DD 17 E8 B7 0E C5 98 DE CB B6 C8 4A 15 
	29 B0 DF CF 9E DE D9 C5 F8 D3 BF 64 F5 52 D2 10 
SHARED SECRET DERIVE
G_XY (ECDH shared secret)  (size 32):
	23 42 DA 3A 44 A9 28 77 02 7E D4 DE 6D 1E 8E A1 
	6A 64 F6 60 1A CF 0D 09 79 E2 32 07 86 54 F8 6D 
KEM mechanism
KEM - g_x  (size 1184):
	A2 3B BF C2 AB B4 D3 B5 6E B1 B5 B0 E5 86 69 D6 
	E1 A7 6E 9C 06 61 52 5B D1 E4 86 38 F9 A7 19 AC 
	1B 6B 75 6E C7 97 5B 15 05 A9 7C 37 A2 C0 E2 13 
	EF 33 26 53 F1 68 94 F2 C4 8C B2 4D 38 5C 0E 10 
	75 C5 BD 02 65 38 DB 9B A8 3B 5C E0 29 3F E1 17 
	AA 84 A3 56 EE B7 12 72 A2 76 F5 32 BA 65 A8 10 
	C0 58 10 BA 5A 3D E5 59 5C 6B E7 70 B1 76 6E 15 
	53 5C BC BC 90 46 85 1E B7 73 28 8F C1 A7 1E 78 
	CC 68 97 37 B1 D3 AF 80 E0 6C 6B 27 99 FF 58 B4 
	2B 22 6E 59 94 C9 15 B7 94 86 0A 28 03 54 A3 F1 
	3B 12 14 30 76 B8 54 5C C8 AC 96 27 2B 2D B6 81 
	87 68 73 CF 8E 85 A5 75 D7 15 AD 65 B5 72 98 53 
	D6 F6 0C 0A A4 08 5D 76 38 48 19 1D 4F 99 B6 11 
	18 80 B3 C9 08 34 93 3D 57 2C 75 1A C6 4E A2 B6 
	18 68 7A 5C 46 4A C2 FF 68 CE 7D 79 9C 48 A7 83 
	81 D5 C9 E3 5B CF C6 AA 8D 93 26 0F BB E6 96 54 
	5C AD 59 EA 7E B0 6A 40 B3 C0 A5 E8 DA A4 06 B9 
	98 2D E9 2A 67 13 CF C8 31 10 8E 39 24 B1 F2 7D 
	2B F6 11 FA 78 88 0D 0B AE 59 38 A4 C6 F2 9F A3 
	80 55 1A E4 90 EB 96 50 85 5C A6 55 6B 7F F5 C6 
	05 87 B4 0E 4A 80 72 F8 A8 9D 65 60 94 A7 65 30 
	0E 39 23 B8 32 6D A2 9C 87 02 14 63 BB 82 4E 51 
	C9 55 0B C6 CF ED 59 4F CD 67 66 9F 6B 14 4C 49 
	95 6E 02 23 81 F5 5D 3D F9 11 4F 89 72 5D CC 65 
	61 AA C8 C7 B8 BF 7F 6A AC BB 46 2C AE 6B CB EE 
	E5 66 70 CC 66 A4 88 69 D2 10 46 E7 04 AD 70 5A 
	55 88 C8 C4 53 F4 BE 7A 48 03 1E 57 CF 50 70 36 
	1A B8 A9 24 B7 86 5E 93 70 8C 98 7F 4B 4C 89 1A 
	B6 1A 82 CA 33 06 EA 00 82 B0 42 AD 3A 6E D6 89 
	CB 00 B1 CE 11 80 C4 13 CA 5F 3D F2 6E CD A3 62 
	FF E1 56 70 C7 4C 88 F5 74 86 C3 A9 73 93 54 10 
	F1 26 9A 9B 2E 36 02 1F AF 48 56 A4 67 40 65 D2 
	83 BE DB 40 AD D8 57 6F F0 20 D1 02 B7 82 22 1F 
	FA 90 40 83 D0 37 17 F7 36 FE 2C AE 18 C1 51 E0 
	13 7C 3C A3 05 AB 49 36 EA 8C C3 4D 4B 02 79 92 
	57 7E 73 C9 DE 17 3F 1E 87 5A 44 9C 5F 57 A7 24 
	1D EA C2 BE C1 5D 40 E2 18 77 F2 C9 58 B9 B6 13 
	12 49 34 32 40 E6 95 AF 55 27 37 0E 76 80 57 05 
	04 12 64 B0 E8 17 A9 FE 61 72 4C 94 8F D6 11 4A 
	03 74 C5 DA 79 6F 13 F3 21 68 14 52 EF E3 A7 04 
	98 82 F0 C5 54 5F 50 6C 31 63 A3 98 15 B3 C7 8B 
	8D FA 16 1A 1F F9 BD D7 95 CA 97 A8 AB 4D 14 4B 
	D8 BC 4A D9 DC BA 0E 22 41 7C 10 9C 78 A6 0C 74 
	38 89 86 C3 64 51 1B AB 32 38 87 62 67 0B 85 1C 
	00 37 22 04 32 F2 91 7A 64 29 B1 2A 2F E1 72 69 
	B2 68 49 00 E4 40 80 F5 42 AF 78 BB 67 30 C5 F0 
	39 97 0F C6 0B CA 48 7C EE EC 33 56 76 27 3B 37 
	7E 6D 63 1F E9 DA 4D 91 02 55 CA 05 3B 3D B3 2D 
	E7 8A CF B4 31 65 AC 25 47 78 86 1A 48 13 19 FF 
	D3 66 2F 67 87 AB 99 CE 7A 1A 61 1C 04 9A 29 74 
	7B 64 5A CA 12 F2 60 6D E9 2C 90 98 2B C6 55 6E 
	9D 5C 6E DE 08 6B 5A D2 19 E1 15 C2 93 A4 07 8C 
	62 87 C8 32 86 83 52 16 0F C7 64 A4 F3 39 4E C0 
	8E CB C9 18 04 89 B8 C0 47 65 C1 E5 7D 26 2A AA 
	99 9B 7F 77 68 1F 68 9C 7F 95 71 0B F2 83 A7 9B 
	06 08 AA 80 C6 AB 30 5A 85 85 9C A4 A4 24 32 18 
	58 7E DC C1 E7 77 A8 16 AC 8F 9B E9 44 AA 23 06 
	33 3A 53 6D CC 48 B5 96 42 4D 5C B1 95 02 2A DE 
	A2 94 5F 54 4D 60 11 14 D0 27 82 F6 A8 8D 41 21 
	8E 80 4B A4 04 48 AA 74 F9 98 57 14 6C 8A 16 A3 
	AA 82 74 A8 72 0E BD 59 28 31 F2 2B EA 27 37 D9 
	D1 44 8C 37 77 07 59 03 02 B0 26 10 D4 26 03 25 
	CC 56 56 21 5F F8 65 D2 22 24 A9 04 15 BB E6 5A 
	2D 77 28 23 A8 BB 4E 79 25 22 36 53 DE 7B CF 40 
	C9 AC 89 DC CB 91 85 AC F0 30 11 B6 3B BA 30 41 
	A5 5A 81 5E 7F 1B 75 95 63 C7 32 E3 3D 9E E5 25 
	2B 30 80 56 B9 5E F3 79 61 9D 39 63 6D 05 B7 38 
	DA 56 60 9B 5F AE EC 9B B2 14 42 4C F0 55 A5 8B 
	6B 8F 79 7A 21 24 B2 54 BA 5F 06 D4 0D EF E0 A9 
	CF B0 BB 7A 00 97 04 07 85 0B C8 02 29 D9 01 5B 
	06 30 83 96 3C 8E 74 B8 F4 18 2F DF 14 3C 48 DB 
	2C 8D 9A 8B 98 F9 AF A9 D9 39 24 43 6D A7 05 12 
	0C D3 43 9D 1C F7 DC 15 D1 AB A4 97 2E 30 DC FD 
	BD 56 00 83 63 FC D5 7B E1 9C 87 43 EC F8 39 99 
gx PQ/T size: 1216 - KEM size 1184
PQ/T g_y  (size 1120):
	27 B1 D6 35 A6 63 38 2D 99 E0 31 B3 E9 A5 D6 82 
	A0 95 45 04 93 56 AF 6F 13 54 DE D1 3E D2 9C 72 
	00 00 00 00 00 00 00 00 00 00 00 00 00 00 00 00 
	00 00 00 00 00 00 00 00 00 00 00 00 00 00 00 00 
	00 00 00 00 00 00 00 00 00 00 00 00 00 00 00 00 
	00 00 00 00 00 00 00 00 00 00 00 00 00 00 00 00 
	00 00 00 00 00 00 00 00 00 00 00 00 00 00 00 00 
	00 00 00 00 00 00 00 00 00 00 00 00 00 00 00 00 
	00 00 00 00 00 00 00 00 00 00 00 00 00 00 00 00 
	00 00 00 00 00 00 00 00 00 00 00 00 00 00 00 00 
	00 00 00 00 00 00 00 00 00 00 00 00 00 00 00 00 
	00 00 00 00 00 00 00 00 00 00 00 00 00 00 00 00 
	00 00 00 00 00 00 00 00 00 00 00 00 00 00 00 00 
	00 00 00 00 00 00 00 00 00 00 00 00 00 00 00 00 
	00 00 00 00 00 00 00 00 00 00 00 00 00 00 00 00 
	00 00 00 00 00 00 00 00 00 00 00 00 00 00 00 00 
	00 00 00 00 00 00 00 00 00 00 00 00 00 00 00 00 
	00 00 00 00 00 00 00 00 00 00 00 00 00 00 00 00 
	00 00 00 00 00 00 00 00 00 00 00 00 00 00 00 00 
	00 00 00 00 00 00 00 00 00 00 00 00 00 00 00 00 
	00 00 00 00 00 00 00 00 00 00 00 00 00 00 00 00 
	00 00 00 00 00 00 00 00 00 00 00 00 00 00 00 00 
	00 00 00 00 00 00 00 00 00 00 00 00 00 00 00 00 
	00 00 00 00 00 00 00 00 00 00 00 00 00 00 00 00 
	00 00 00 00 00 00 00 00 00 00 00 00 00 00 00 00 
	00 00 00 00 00 00 00 00 00 00 00 00 00 00 00 00 
	00 00 00 00 00 00 00 00 00 00 00 00 00 00 00 00 
	00 00 00 00 00 00 00 00 00 00 00 00 00 00 00 00 
	00 00 00 00 00 00 00 00 00 00 00 00 00 00 00 00 
	00 00 00 00 00 00 00 00 00 00 00 00 00 00 00 00 
	00 00 00 00 00 00 00 00 00 00 00 00 00 00 00 00 
	00 00 00 00 00 00 00 00 00 00 00 00 00 00 00 00 
	00 00 00 00 00 00 00 00 00 00 00 00 00 00 00 00 
	00 00 00 00 00 00 00 00 00 00 00 00 00 00 00 00 
	00 00 00 00 00 00 00 00 00 00 00 00 00 00 00 00 
	00 00 00 00 00 00 00 00 00 00 00 00 00 00 00 00 
	00 00 00 00 00 00 00 00 00 00 00 00 00 00 00 00 
	00 00 00 00 00 00 00 00 00 00 00 00 00 00 00 00 
	00 00 00 00 00 00 00 00 00 00 00 00 00 00 00 00 
	00 00 00 00 00 00 00 00 00 00 00 00 00 00 00 00 
	00 00 00 00 00 00 00 00 00 00 00 00 00 00 00 00 
	00 00 00 00 00 00 00 00 00 00 00 00 00 00 00 00 
	00 00 00 00 00 00 00 00 00 00 00 00 00 00 00 00 
	00 00 00 00 00 00 00 00 00 00 00 00 00 00 00 00 
	00 00 00 00 00 00 00 00 00 00 00 00 00 00 00 00 
	00 00 00 00 00 00 00 00 00 00 00 00 00 00 00 00 
	00 00 00 00 00 00 00 00 00 00 00 00 00 00 00 00 
	00 00 00 00 00 00 00 00 00 00 00 00 00 00 00 00 
	00 00 00 00 00 00 00 00 00 00 00 00 00 00 00 00 
	00 00 00 00 00 00 00 00 00 00 00 00 00 00 00 00 
	00 00 00 00 00 00 00 00 00 00 00 00 00 00 00 00 
	00 00 00 00 00 00 00 00 00 00 00 00 00 00 00 00 
	00 00 00 00 00 00 00 00 00 00 00 00 00 00 00 00 
	00 00 00 00 00 00 00 00 00 00 00 00 00 00 00 00 
	00 00 00 00 00 00 00 00 00 00 00 00 00 00 00 00 
	00 00 00 00 00 00 00 00 00 00 00 00 00 00 00 00 
	00 00 00 00 00 00 00 00 00 00 00 00 00 00 00 00 
	00 00 00 00 00 00 00 00 00 00 00 00 00 00 00 00 
	00 00 00 00 00 00 00 00 00 00 00 00 00 00 00 00 
	00 00 00 00 00 00 00 00 00 00 00 00 00 00 00 00 
	00 00 00 00 00 00 00 00 00 00 00 00 00 00 00 00 
	00 00 00 00 00 00 00 00 00 00 00 00 00 00 00 00 
	00 00 00 00 00 00 00 00 00 00 00 00 00 00 00 00 
	00 00 00 00 00 00 00 00 00 00 00 00 00 00 00 00 
	00 00 00 00 00 00 00 00 00 00 00 00 00 00 00 00 
	00 00 00 00 00 00 00 00 00 00 00 00 00 00 00 00 
	00 00 00 00 00 00 00 00 00 00 00 00 00 00 00 00 
	00 00 00 00 00 00 00 00 00 00 00 00 00 00 00 00 
	00 00 00 00 00 00 00 00 00 00 00 00 00 00 00 00 
	00 00 00 00 00 00 00 00 00 00 00 00 00 00 00 00 
KEM - g_y  (size 1088):
	00 00 00 00 00 00 00 00 00 00 00 00 00 00 00 00 
	00 00 00 00 00 00 00 00 00 00 00 00 00 00 00 00 
	00 00 00 00 00 00 00 00 00 00 00 00 00 00 00 00 
	00 00 00 00 00 00 00 00 00 00 00 00 00 00 00 00 
	00 00 00 00 00 00 00 00 00 00 00 00 00 00 00 00 
	00 00 00 00 00 00 00 00 00 00 00 00 00 00 00 00 
	00 00 00 00 00 00 00 00 00 00 00 00 00 00 00 00 
	00 00 00 00 00 00 00 00 00 00 00 00 00 00 00 00 
	00 00 00 00 00 00 00 00 00 00 00 00 00 00 00 00 
	00 00 00 00 00 00 00 00 00 00 00 00 00 00 00 00 
	00 00 00 00 00 00 00 00 00 00 00 00 00 00 00 00 
	00 00 00 00 00 00 00 00 00 00 00 00 00 00 00 00 
	00 00 00 00 00 00 00 00 00 00 00 00 00 00 00 00 
	00 00 00 00 00 00 00 00 00 00 00 00 00 00 00 00 
	00 00 00 00 00 00 00 00 00 00 00 00 00 00 00 00 
	00 00 00 00 00 00 00 00 00 00 00 00 00 00 00 00 
	00 00 00 00 00 00 00 00 00 00 00 00 00 00 00 00 
	00 00 00 00 00 00 00 00 00 00 00 00 00 00 00 00 
	00 00 00 00 00 00 00 00 00 00 00 00 00 00 00 00 
	00 00 00 00 00 00 00 00 00 00 00 00 00 00 00 00 
	00 00 00 00 00 00 00 00 00 00 00 00 00 00 00 00 
	00 00 00 00 00 00 00 00 00 00 00 00 00 00 00 00 
	00 00 00 00 00 00 00 00 00 00 00 00 00 00 00 00 
	00 00 00 00 00 00 00 00 00 00 00 00 00 00 00 00 
	00 00 00 00 00 00 00 00 00 00 00 00 00 00 00 00 
	00 00 00 00 00 00 00 00 00 00 00 00 00 00 00 00 
	00 00 00 00 00 00 00 00 00 00 00 00 00 00 00 00 
	00 00 00 00 00 00 00 00 00 00 00 00 00 00 00 00 
	00 00 00 00 00 00 00 00 00 00 00 00 00 00 00 00 
	00 00 00 00 00 00 00 00 00 00 00 00 00 00 00 00 
	00 00 00 00 00 00 00 00 00 00 00 00 00 00 00 00 
	00 00 00 00 00 00 00 00 00 00 00 00 00 00 00 00 
	00 00 00 00 00 00 00 00 00 00 00 00 00 00 00 00 
	00 00 00 00 00 00 00 00 00 00 00 00 00 00 00 00 
	00 00 00 00 00 00 00 00 00 00 00 00 00 00 00 00 
	00 00 00 00 00 00 00 00 00 00 00 00 00 00 00 00 
	00 00 00 00 00 00 00 00 00 00 00 00 00 00 00 00 
	00 00 00 00 00 00 00 00 00 00 00 00 00 00 00 00 
	00 00 00 00 00 00 00 00 00 00 00 00 00 00 00 00 
	00 00 00 00 00 00 00 00 00 00 00 00 00 00 00 00 
	00 00 00 00 00 00 00 00 00 00 00 00 00 00 00 00 
	00 00 00 00 00 00 00 00 00 00 00 00 00 00 00 00 
	00 00 00 00 00 00 00 00 00 00 00 00 00 00 00 00 
	00 00 00 00 00 00 00 00 00 00 00 00 00 00 00 00 
	00 00 00 00 00 00 00 00 00 00 00 00 00 00 00 00 
	00 00 00 00 00 00 00 00 00 00 00 00 00 00 00 00 
	00 00 00 00 00 00 00 00 00 00 00 00 00 00 00 00 
	00 00 00 00 00 00 00 00 00 00 00 00 00 00 00 00 
	00 00 00 00 00 00 00 00 00 00 00 00 00 00 00 00 
	00 00 00 00 00 00 00 00 00 00 00 00 00 00 00 00 
	00 00 00 00 00 00 00 00 00 00 00 00 00 00 00 00 
	00 00 00 00 00 00 00 00 00 00 00 00 00 00 00 00 
	00 00 00 00 00 00 00 00 00 00 00 00 00 00 00 00 
	00 00 00 00 00 00 00 00 00 00 00 00 00 00 00 00 
	00 00 00 00 00 00 00 00 00 00 00 00 00 00 00 00 
	00 00 00 00 00 00 00 00 00 00 00 00 00 00 00 00 
	00 00 00 00 00 00 00 00 00 00 00 00 00 00 00 00 
	00 00 00 00 00 00 00 00 00 00 00 00 00 00 00 00 
	00 00 00 00 00 00 00 00 00 00 00 00 00 00 00 00 
	00 00 00 00 00 00 00 00 00 00 00 00 00 00 00 00 
	00 00 00 00 00 00 00 00 00 00 00 00 00 00 00 00 
	00 00 00 00 00 00 00 00 00 00 00 00 00 00 00 00 
	00 00 00 00 00 00 00 00 00 00 00 00 00 00 00 00 
	00 00 00 00 00 00 00 00 00 00 00 00 00 00 00 00 
	00 00 00 00 00 00 00 00 00 00 00 00 00 00 00 00 
	00 00 00 00 00 00 00 00 00 00 00 00 00 00 00 00 
	00 00 00 00 00 00 00 00 00 00 00 00 00 00 00 00 
	00 00 00 00 00 00 00 00 00 00 00 00 00 00 00 00 
Encapsulate correct
G_XY (PQ SS) (size 32):
	3F F6 23 BA BA 60 FF B8 6C 74 3E F9 08 07 52 DE 
	0D E2 88 5C 37 48 57 52 87 3F 40 7C 74 21 4C 6A 
G_Y (PQ CC) (size 1088):
	DB 3D 2F A1 45 28 82 41 55 87 95 1C C8 D2 7B 8B 
	4A 15 D4 F2 3F DA 25 3B 81 23 45 F4 48 E4 CF D9 
	EF 7A 79 CE FF D2 C1 87 64 50 D2 4A 09 A6 71 D7 
	11 6D 8C 9F 17 D0 B9 8E 38 1D 0A 22 B9 16 26 51 
	AA 06 04 1E 53 67 AF 1E 9B 85 F1 23 F4 DB 6D 09 
	22 9B 7F 23 AB BB 4E FD 21 4F 95 32 77 A6 46 E6 
	DB 52 A8 94 98 85 07 C6 A6 4D 6A 16 55 2D 69 4B 
	8C 53 20 8F 28 E0 DF D1 04 37 FC DC D4 93 04 35 
	0C 65 B0 E5 DC F2 FC EA 8B 01 A2 FF 7C F1 46 31 
	62 A0 0D 48 92 F3 DA A8 08 59 51 E5 4B 6D 7D 31 
	66 A6 5E F8 AE DA 40 E7 7B 74 59 2C 55 7E 14 42 
	48 AC 5B 39 EE AC E8 A9 B9 F7 EF FA F1 08 17 90 
	79 52 F3 23 AD A1 A3 F5 2C 1B 2E CA 4E A9 FE EE 
	23 CC 1F 6E A7 71 0B 1A DF 72 C4 9D 99 FE 5F 77 
	AA 88 CC A3 C0 27 0A 85 A4 94 22 B9 27 CE F9 72 
	80 AC 9C 9F FD 47 73 A5 2B F6 0B 08 E2 70 6B F6 
	E8 E0 D2 B4 4F 1C FB 71 4B 18 47 CE 23 9B 8F 9A 
	AA F4 FF D3 91 6D D3 66 E0 22 83 AE 1B 6B A9 BA 
	85 A7 3B EB 42 C5 CD 6A 4A 63 FF FB 88 61 5B 31 
	74 39 DC 2F 02 46 D3 E2 6B E5 DB 1D 60 9C 66 FA 
	53 17 DE 58 38 F0 AB 18 E8 4F 9F 6C 1F B1 E3 50 
	71 AD 6B 28 88 A7 E1 F9 4F D1 F8 D1 CE 42 FD 4C 
	9D AF 87 FE 45 A6 F8 48 4B 71 89 AF 1C 59 37 47 
	6E 4A 56 B9 01 E2 DE 44 9B EC 42 A8 77 DE AD 81 
	E4 CB 2A 3B 35 84 97 DA 20 DB 46 E6 3B AC 99 5C 
	AE D0 8D AC E8 E3 33 17 FF 80 C4 60 8F 2C 10 0C 
	78 00 DB 50 75 F3 0F 5A F0 F4 C0 D8 23 BA 98 9F 
	D1 F4 23 61 D3 9D 51 25 28 B6 82 D0 41 66 4C 24 
	A2 7E 70 0C 71 A2 F1 24 E6 FC 2C CE BB BC 50 00 
	6A 2F 4E 8D 01 76 5B DC EC 35 D0 FD 56 C4 5A 4F 
	EF D6 A6 8A A1 93 41 2E C0 1D BE 43 81 47 88 F4 
	AA 97 1C 9F 5A 72 DB 88 57 E7 95 AC 32 25 73 87 
	E5 05 7F 66 30 C0 41 96 52 66 30 F6 BD 65 41 AA 
	C9 72 60 B8 1E C8 41 23 9C FB 14 94 12 BF D6 B8 
	37 18 35 B1 A9 E6 D4 50 EB 95 08 F8 A9 6F 07 9C 
	E6 C6 6D A7 FF 4D 09 2F EF 03 C1 55 BE 86 87 B6 
	A1 E1 F5 53 E0 D4 02 57 C2 8A 11 34 B9 4A CB B0 
	E9 C4 1C 6D ED 10 75 13 44 A1 7E 2C 66 5B B6 13 
	80 00 62 88 C0 09 CC 55 17 E3 73 80 61 7B 0D 09 
	EE EF 2D 48 DC 11 A5 49 49 4B 48 31 21 8B D3 CE 
	11 7B DC 53 53 5A F0 E6 99 8B C8 24 24 C5 74 1D 
	75 CC 7F 81 F5 5A 49 B3 98 CD C6 D2 9D 9C F1 06 
	1D 11 97 79 BA 7E FB D9 CB 54 87 5A C5 18 E8 FA 
	7B B6 14 BD 2C D5 DD 76 9B CD C6 D7 CC 93 85 84 
	17 5E CC AA 13 75 AF DA CC 5C DB 0F B1 A0 77 46 
	71 B4 0C B5 1A C3 B2 D9 D5 57 70 5C EE 21 DD D6 
	75 C6 19 8C 16 81 8C 9D D6 E6 1C AB D1 57 26 FF 
	B5 EA E4 67 FC 6F 8E 64 07 E9 51 6A 88 E4 73 A8 
	35 5C 11 87 EC 50 8C 48 32 22 FE 15 BA DA 28 5C 
	62 44 E8 4C 4C 8E B5 8A C0 61 DE 7F FA 47 1C 2B 
	FC CA 4B D9 DC F5 1F F8 FB 0D D4 4A 41 77 F2 2C 
	29 7E 86 61 4E D9 4F 15 68 53 43 28 D0 23 CB 1F 
	14 B5 47 78 EA 47 E8 9E 9F FD A7 33 94 A9 3D A0 
	7A 19 33 DC DD 03 50 1F 84 73 51 88 EE 64 21 71 
	26 87 E2 E4 86 3F 69 A1 FD 7A 46 24 9F 22 E1 6E 
	15 18 55 0A 7E FA C3 42 0F D5 95 07 FA 9A 3E 61 
	0F CB 45 9C 36 70 A9 6E 62 47 10 1B D1 BF 25 70 
	6A E3 6F E0 CE E3 C7 81 0A 8A 52 2E 56 86 F7 64 
	57 EF 4A 32 DC A3 79 8B 58 39 AE A7 74 C8 70 40 
	93 DB B6 AC 0B 9C 68 50 0D 66 8D B4 58 91 2C A4 
	FF 22 E1 DB BB C1 30 CF A8 F1 1D CF BF DC 58 9E 
	B1 0A 8F 20 A0 57 BA 01 7E 9B 58 10 8F 29 AB EB 
	A0 03 86 FA E5 68 1B 0F E0 88 78 8B 73 40 A0 B2 
	0B C7 59 2F 84 AC 50 28 6E CA 6A B9 EC 93 B0 6D 
	8F E5 D7 E6 9D A5 C9 C7 4B 42 9D D6 98 D0 8C 55 
	DE E9 D7 80 51 6F 85 41 EC 9E F8 0D FA 76 CC 7C 
	2D D6 FB 62 32 9A 14 97 EA D1 F0 35 D7 AE 21 35 
	7F EC E1 86 A2 DF 8F 88 1B 02 35 0C 35 F1 FD 64 
G_Y (PQ/T) (size 1120):
	27 B1 D6 35 A6 63 38 2D 99 E0 31 B3 E9 A5 D6 82 
	A0 95 45 04 93 56 AF 6F 13 54 DE D1 3E D2 9C 72 
	DB 3D 2F A1 45 28 82 41 55 87 95 1C C8 D2 7B 8B 
	4A 15 D4 F2 3F DA 25 3B 81 23 45 F4 48 E4 CF D9 
	EF 7A 79 CE FF D2 C1 87 64 50 D2 4A 09 A6 71 D7 
	11 6D 8C 9F 17 D0 B9 8E 38 1D 0A 22 B9 16 26 51 
	AA 06 04 1E 53 67 AF 1E 9B 85 F1 23 F4 DB 6D 09 
	22 9B 7F 23 AB BB 4E FD 21 4F 95 32 77 A6 46 E6 
	DB 52 A8 94 98 85 07 C6 A6 4D 6A 16 55 2D 69 4B 
	8C 53 20 8F 28 E0 DF D1 04 37 FC DC D4 93 04 35 
	0C 65 B0 E5 DC F2 FC EA 8B 01 A2 FF 7C F1 46 31 
	62 A0 0D 48 92 F3 DA A8 08 59 51 E5 4B 6D 7D 31 
	66 A6 5E F8 AE DA 40 E7 7B 74 59 2C 55 7E 14 42 
	48 AC 5B 39 EE AC E8 A9 B9 F7 EF FA F1 08 17 90 
	79 52 F3 23 AD A1 A3 F5 2C 1B 2E CA 4E A9 FE EE 
	23 CC 1F 6E A7 71 0B 1A DF 72 C4 9D 99 FE 5F 77 
	AA 88 CC A3 C0 27 0A 85 A4 94 22 B9 27 CE F9 72 
	80 AC 9C 9F FD 47 73 A5 2B F6 0B 08 E2 70 6B F6 
	E8 E0 D2 B4 4F 1C FB 71 4B 18 47 CE 23 9B 8F 9A 
	AA F4 FF D3 91 6D D3 66 E0 22 83 AE 1B 6B A9 BA 
	85 A7 3B EB 42 C5 CD 6A 4A 63 FF FB 88 61 5B 31 
	74 39 DC 2F 02 46 D3 E2 6B E5 DB 1D 60 9C 66 FA 
	53 17 DE 58 38 F0 AB 18 E8 4F 9F 6C 1F B1 E3 50 
	71 AD 6B 28 88 A7 E1 F9 4F D1 F8 D1 CE 42 FD 4C 
	9D AF 87 FE 45 A6 F8 48 4B 71 89 AF 1C 59 37 47 
	6E 4A 56 B9 01 E2 DE 44 9B EC 42 A8 77 DE AD 81 
	E4 CB 2A 3B 35 84 97 DA 20 DB 46 E6 3B AC 99 5C 
	AE D0 8D AC E8 E3 33 17 FF 80 C4 60 8F 2C 10 0C 
	78 00 DB 50 75 F3 0F 5A F0 F4 C0 D8 23 BA 98 9F 
	D1 F4 23 61 D3 9D 51 25 28 B6 82 D0 41 66 4C 24 
	A2 7E 70 0C 71 A2 F1 24 E6 FC 2C CE BB BC 50 00 
	6A 2F 4E 8D 01 76 5B DC EC 35 D0 FD 56 C4 5A 4F 
	EF D6 A6 8A A1 93 41 2E C0 1D BE 43 81 47 88 F4 
	AA 97 1C 9F 5A 72 DB 88 57 E7 95 AC 32 25 73 87 
	E5 05 7F 66 30 C0 41 96 52 66 30 F6 BD 65 41 AA 
	C9 72 60 B8 1E C8 41 23 9C FB 14 94 12 BF D6 B8 
	37 18 35 B1 A9 E6 D4 50 EB 95 08 F8 A9 6F 07 9C 
	E6 C6 6D A7 FF 4D 09 2F EF 03 C1 55 BE 86 87 B6 
	A1 E1 F5 53 E0 D4 02 57 C2 8A 11 34 B9 4A CB B0 
	E9 C4 1C 6D ED 10 75 13 44 A1 7E 2C 66 5B B6 13 
	80 00 62 88 C0 09 CC 55 17 E3 73 80 61 7B 0D 09 
	EE EF 2D 48 DC 11 A5 49 49 4B 48 31 21 8B D3 CE 
	11 7B DC 53 53 5A F0 E6 99 8B C8 24 24 C5 74 1D 
	75 CC 7F 81 F5 5A 49 B3 98 CD C6 D2 9D 9C F1 06 
	1D 11 97 79 BA 7E FB D9 CB 54 87 5A C5 18 E8 FA 
	7B B6 14 BD 2C D5 DD 76 9B CD C6 D7 CC 93 85 84 
	17 5E CC AA 13 75 AF DA CC 5C DB 0F B1 A0 77 46 
	71 B4 0C B5 1A C3 B2 D9 D5 57 70 5C EE 21 DD D6 
	75 C6 19 8C 16 81 8C 9D D6 E6 1C AB D1 57 26 FF 
	B5 EA E4 67 FC 6F 8E 64 07 E9 51 6A 88 E4 73 A8 
	35 5C 11 87 EC 50 8C 48 32 22 FE 15 BA DA 28 5C 
	62 44 E8 4C 4C 8E B5 8A C0 61 DE 7F FA 47 1C 2B 
	FC CA 4B D9 DC F5 1F F8 FB 0D D4 4A 41 77 F2 2C 
	29 7E 86 61 4E D9 4F 15 68 53 43 28 D0 23 CB 1F 
	14 B5 47 78 EA 47 E8 9E 9F FD A7 33 94 A9 3D A0 
	7A 19 33 DC DD 03 50 1F 84 73 51 88 EE 64 21 71 
	26 87 E2 E4 86 3F 69 A1 FD 7A 46 24 9F 22 E1 6E 
	15 18 55 0A 7E FA C3 42 0F D5 95 07 FA 9A 3E 61 
	0F CB 45 9C 36 70 A9 6E 62 47 10 1B D1 BF 25 70 
	6A E3 6F E0 CE E3 C7 81 0A 8A 52 2E 56 86 F7 64 
	57 EF 4A 32 DC A3 79 8B 58 39 AE A7 74 C8 70 40 
	93 DB B6 AC 0B 9C 68 50 0D 66 8D B4 58 91 2C A4 
	FF 22 E1 DB BB C1 30 CF A8 F1 1D CF BF DC 58 9E 
	B1 0A 8F 20 A0 57 BA 01 7E 9B 58 10 8F 29 AB EB 
	A0 03 86 FA E5 68 1B 0F E0 88 78 8B 73 40 A0 B2 
	0B C7 59 2F 84 AC 50 28 6E CA 6A B9 EC 93 B0 6D 
	8F E5 D7 E6 9D A5 C9 C7 4B 42 9D D6 98 D0 8C 55 
	DE E9 D7 80 51 6F 85 41 EC 9E F8 0D FA 76 CC 7C 
	2D D6 FB 62 32 9A 14 97 EA D1 F0 35 D7 AE 21 35 
	7F EC E1 86 A2 DF 8F 88 1B 02 35 0C 35 F1 FD 64 
hash_msg1_raw (size 32):
	38 E3 0F 3A E6 25 19 61 19 E7 2A A5 70 F3 36 6C 
	23 19 A4 69 6A 24 80 90 B6 85 AB 96 DD A9 71 56 
Input to calculate TH_2 (CBOR Sequence) (size 1157):
	59 04 60 27 B1 D6 35 A6 63 38 2D 99 E0 31 B3 E9 
	A5 D6 82 A0 95 45 04 93 56 AF 6F 13 54 DE D1 3E 
	D2 9C 72 DB 3D 2F A1 45 28 82 41 55 87 95 1C C8 
	D2 7B 8B 4A 15 D4 F2 3F DA 25 3B 81 23 45 F4 48 
	E4 CF D9 EF 7A 79 CE FF D2 C1 87 64 50 D2 4A 09 
	A6 71 D7 11 6D 8C 9F 17 D0 B9 8E 38 1D 0A 22 B9 
	16 26 51 AA 06 04 1E 53 67 AF 1E 9B 85 F1 23 F4 
	DB 6D 09 22 9B 7F 23 AB BB 4E FD 21 4F 95 32 77 
	A6 46 E6 DB 52 A8 94 98 85 07 C6 A6 4D 6A 16 55 
	2D 69 4B 8C 53 20 8F 28 E0 DF D1 04 37 FC DC D4 
	93 04 35 0C 65 B0 E5 DC F2 FC EA 8B 01 A2 FF 7C 
	F1 46 31 62 A0 0D 48 92 F3 DA A8 08 59 51 E5 4B 
	6D 7D 31 66 A6 5E F8 AE DA 40 E7 7B 74 59 2C 55 
	7E 14 42 48 AC 5B 39 EE AC E8 A9 B9 F7 EF FA F1 
	08 17 90 79 52 F3 23 AD A1 A3 F5 2C 1B 2E CA 4E 
	A9 FE EE 23 CC 1F 6E A7 71 0B 1A DF 72 C4 9D 99 
	FE 5F 77 AA 88 CC A3 C0 27 0A 85 A4 94 22 B9 27 
	CE F9 72 80 AC 9C 9F FD 47 73 A5 2B F6 0B 08 E2 
	70 6B F6 E8 E0 D2 B4 4F 1C FB 71 4B 18 47 CE 23 
	9B 8F 9A AA F4 FF D3 91 6D D3 66 E0 22 83 AE 1B 
	6B A9 BA 85 A7 3B EB 42 C5 CD 6A 4A 63 FF FB 88 
	61 5B 31 74 39 DC 2F 02 46 D3 E2 6B E5 DB 1D 60 
	9C 66 FA 53 17 DE 58 38 F0 AB 18 E8 4F 9F 6C 1F 
	B1 E3 50 71 AD 6B 28 88 A7 E1 F9 4F D1 F8 D1 CE 
	42 FD 4C 9D AF 87 FE 45 A6 F8 48 4B 71 89 AF 1C 
	59 37 47 6E 4A 56 B9 01 E2 DE 44 9B EC 42 A8 77 
	DE AD 81 E4 CB 2A 3B 35 84 97 DA 20 DB 46 E6 3B 
	AC 99 5C AE D0 8D AC E8 E3 33 17 FF 80 C4 60 8F 
	2C 10 0C 78 00 DB 50 75 F3 0F 5A F0 F4 C0 D8 23 
	BA 98 9F D1 F4 23 61 D3 9D 51 25 28 B6 82 D0 41 
	66 4C 24 A2 7E 70 0C 71 A2 F1 24 E6 FC 2C CE BB 
	BC 50 00 6A 2F 4E 8D 01 76 5B DC EC 35 D0 FD 56 
	C4 5A 4F EF D6 A6 8A A1 93 41 2E C0 1D BE 43 81 
	47 88 F4 AA 97 1C 9F 5A 72 DB 88 57 E7 95 AC 32 
	25 73 87 E5 05 7F 66 30 C0 41 96 52 66 30 F6 BD 
	65 41 AA C9 72 60 B8 1E C8 41 23 9C FB 14 94 12 
	BF D6 B8 37 18 35 B1 A9 E6 D4 50 EB 95 08 F8 A9 
	6F 07 9C E6 C6 6D A7 FF 4D 09 2F EF 03 C1 55 BE 
	86 87 B6 A1 E1 F5 53 E0 D4 02 57 C2 8A 11 34 B9 
	4A CB B0 E9 C4 1C 6D ED 10 75 13 44 A1 7E 2C 66 
	5B B6 13 80 00 62 88 C0 09 CC 55 17 E3 73 80 61 
	7B 0D 09 EE EF 2D 48 DC 11 A5 49 49 4B 48 31 21 
	8B D3 CE 11 7B DC 53 53 5A F0 E6 99 8B C8 24 24 
	C5 74 1D 75 CC 7F 81 F5 5A 49 B3 98 CD C6 D2 9D 
	9C F1 06 1D 11 97 79 BA 7E FB D9 CB 54 87 5A C5 
	18 E8 FA 7B B6 14 BD 2C D5 DD 76 9B CD C6 D7 CC 
	93 85 84 17 5E CC AA 13 75 AF DA CC 5C DB 0F B1 
	A0 77 46 71 B4 0C B5 1A C3 B2 D9 D5 57 70 5C EE 
	21 DD D6 75 C6 19 8C 16 81 8C 9D D6 E6 1C AB D1 
	57 26 FF B5 EA E4 67 FC 6F 8E 64 07 E9 51 6A 88 
	E4 73 A8 35 5C 11 87 EC 50 8C 48 32 22 FE 15 BA 
	DA 28 5C 62 44 E8 4C 4C 8E B5 8A C0 61 DE 7F FA 
	47 1C 2B FC CA 4B D9 DC F5 1F F8 FB 0D D4 4A 41 
	77 F2 2C 29 7E 86 61 4E D9 4F 15 68 53 43 28 D0 
	23 CB 1F 14 B5 47 78 EA 47 E8 9E 9F FD A7 33 94 
	A9 3D A0 7A 19 33 DC DD 03 50 1F 84 73 51 88 EE 
	64 21 71 26 87 E2 E4 86 3F 69 A1 FD 7A 46 24 9F 
	22 E1 6E 15 18 55 0A 7E FA C3 42 0F D5 95 07 FA 
	9A 3E 61 0F CB 45 9C 36 70 A9 6E 62 47 10 1B D1 
	BF 25 70 6A E3 6F E0 CE E3 C7 81 0A 8A 52 2E 56 
	86 F7 64 57 EF 4A 32 DC A3 79 8B 58 39 AE A7 74 
	C8 70 40 93 DB B6 AC 0B 9C 68 50 0D 66 8D B4 58 
	91 2C A4 FF 22 E1 DB BB C1 30 CF A8 F1 1D CF BF 
	DC 58 9E B1 0A 8F 20 A0 57 BA 01 7E 9B 58 10 8F 
	29 AB EB A0 03 86 FA E5 68 1B 0F E0 88 78 8B 73 
	40 A0 B2 0B C7 59 2F 84 AC 50 28 6E CA 6A B9 EC 
	93 B0 6D 8F E5 D7 E6 9D A5 C9 C7 4B 42 9D D6 98 
	D0 8C 55 DE E9 D7 80 51 6F 85 41 EC 9E F8 0D FA 
	76 CC 7C 2D D6 FB 62 32 9A 14 97 EA D1 F0 35 D7 
	AE 21 35 7F EC E1 86 A2 DF 8F 88 1B 02 35 0C 35 
	F1 FD 64 58 20 38 E3 0F 3A E6 25 19 61 19 E7 2A 
	A5 70 F3 36 6C 23 19 A4 69 6A 24 80 90 B6 85 AB 
	96 DD A9 71 56 
TH2 (size 32):
	9B 88 18 53 1A 4C 00 E1 5E 54 70 BC 87 F1 4C CD 
	D9 07 59 B0 29 9B 3D B0 82 F0 88 8C 32 84 29 72 
TH_2 (size 32):
	9B 88 18 53 1A 4C 00 E1 5E 54 70 BC 87 F1 4C CD 
	D9 07 59 B0 29 9B 3D B0 82 F0 88 8C 32 84 29 72 
PRK_2e (first DH derivation) (size 32):
	C6 19 DE 98 D2 4B 5D C2 37 D6 17 6A DC E7 38 F5 
	2E A3 63 07 C4 33 8A 73 40 8E C5 96 91 A4 20 54 
PRK_2e_b (second KEM derivation) (size 32):
	CA 9D 3F 24 4D 73 87 03 81 76 EB 4B 1E 91 96 D8 
	45 CC CF A0 C9 0C E4 9B B8 2C 84 27 56 25 6E A1 
PRK_2e final (size 32):
	CA 9D 3F 24 4D 73 87 03 81 76 EB 4B 1E 91 96 D8 
	45 CC CF A0 C9 0C E4 9B B8 2C 84 27 56 25 6E A1 
SHARED SECRET DERIVE
dh_secret (size 32):
	16 97 10 01 99 18 A8 54 1B A3 52 5C 8E 48 5B E2 
	43 22 F8 E6 D1 35 A8 7C 69 E0 DF CC 76 8E ED 5B 
SALT_3e2m or SALT4e3m (size 32):
	65 EE 11 1B B4 00 D0 C1 84 00 3B C3 90 E8 4F 74 
	4D 21 A7 1D 73 60 26 8B B9 57 0B 30 23 F1 18 C2 
prk_3e2m (size 32):
	88 63 C6 B8 CB 0A 90 B6 48 FB FA D6 E1 82 7B F4 
	D7 2E 50 57 BA 22 23 87 9F 75 FA A8 FD 60 4B 23 
Signature len 500 - 64
TMP size: 32
CBOR ENCODE ERROR: 0
MAX ID CRED: 400 cred len 3
MAX CRED: 765 cred len 3
PK SIZE: 65
SIGNATURE SIZE: 500
CONTEXT_MAC_SIZE: 1204
CONTEXT_MAC len: 42
CR len: 2
TH enc len: 34
TMP size: 1
CBOR ENCODE ERROR: 0
MAC context (size 42):
	41 A1 A1 04 01 58 20 9B 88 18 53 1A 4C 00 E1 5E 
	54 70 BC 87 F1 4C CD D9 07 59 B0 29 9B 3D B0 82 
	F0 88 8C 32 84 29 72 A1 04 01 
MAC 2/3 (size 8):
	A5 CA 1D D0 C9 89 1C BF 
TMP size: 8
CBOR ENCODE ERROR: 0
TMP size: 1
CBOR ENCODE ERROR: 0
kid (size 1):
	01 
KEYSTREAM_2 (size 12):
	6E 3C D4 30 6E 87 DB 5B EC E6 B9 41 
ciphertext_2/3/4 (size 12):
	2F 9D D5 78 CB 4D C6 8B 25 6F A5 FE 
TMP size: 1132
CBOR ENCODE ERROR: 0
message_2 (CBOR Sequence) (size 1135):
	59 04 6C 27 B1 D6 35 A6 63 38 2D 99 E0 31 B3 E9 
	A5 D6 82 A0 95 45 04 93 56 AF 6F 13 54 DE D1 3E 
	D2 9C 72 DB 3D 2F A1 45 28 82 41 55 87 95 1C C8 
	D2 7B 8B 4A 15 D4 F2 3F DA 25 3B 81 23 45 F4 48 
	E4 CF D9 EF 7A 79 CE FF D2 C1 87 64 50 D2 4A 09 
	A6 71 D7 11 6D 8C 9F 17 D0 B9 8E 38 1D 0A 22 B9 
	16 26 51 AA 06 04 1E 53 67 AF 1E 9B 85 F1 23 F4 
	DB 6D 09 22 9B 7F 23 AB BB 4E FD 21 4F 95 32 77 
	A6 46 E6 DB 52 A8 94 98 85 07 C6 A6 4D 6A 16 55 
	2D 69 4B 8C 53 20 8F 28 E0 DF D1 04 37 FC DC D4 
	93 04 35 0C 65 B0 E5 DC F2 FC EA 8B 01 A2 FF 7C 
	F1 46 31 62 A0 0D 48 92 F3 DA A8 08 59 51 E5 4B 
	6D 7D 31 66 A6 5E F8 AE DA 40 E7 7B 74 59 2C 55 
	7E 14 42 48 AC 5B 39 EE AC E8 A9 B9 F7 EF FA F1 
	08 17 90 79 52 F3 23 AD A1 A3 F5 2C 1B 2E CA 4E 
	A9 FE EE 23 CC 1F 6E A7 71 0B 1A DF 72 C4 9D 99 
	FE 5F 77 AA 88 CC A3 C0 27 0A 85 A4 94 22 B9 27 
	CE F9 72 80 AC 9C 9F FD 47 73 A5 2B F6 0B 08 E2 
	70 6B F6 E8 E0 D2 B4 4F 1C FB 71 4B 18 47 CE 23 
	9B 8F 9A AA F4 FF D3 91 6D D3 66 E0 22 83 AE 1B 
	6B A9 BA 85 A7 3B EB 42 C5 CD 6A 4A 63 FF FB 88 
	61 5B 31 74 39 DC 2F 02 46 D3 E2 6B E5 DB 1D 60 
	9C 66 FA 53 17 DE 58 38 F0 AB 18 E8 4F 9F 6C 1F 
	B1 E3 50 71 AD 6B 28 88 A7 E1 F9 4F D1 F8 D1 CE 
	42 FD 4C 9D AF 87 FE 45 A6 F8 48 4B 71 89 AF 1C 
	59 37 47 6E 4A 56 B9 01 E2 DE 44 9B EC 42 A8 77 
	DE AD 81 E4 CB 2A 3B 35 84 97 DA 20 DB 46 E6 3B 
	AC 99 5C AE D0 8D AC E8 E3 33 17 FF 80 C4 60 8F 
	2C 10 0C 78 00 DB 50 75 F3 0F 5A F0 F4 C0 D8 23 
	BA 98 9F D1 F4 23 61 D3 9D 51 25 28 B6 82 D0 41 
	66 4C 24 A2 7E 70 0C 71 A2 F1 24 E6 FC 2C CE BB 
	BC 50 00 6A 2F 4E 8D 01 76 5B DC EC 35 D0 FD 56 
	C4 5A 4F EF D6 A6 8A A1 93 41 2E C0 1D BE 43 81 
	47 88 F4 AA 97 1C 9F 5A 72 DB 88 57 E7 95 AC 32 
	25 73 87 E5 05 7F 66 30 C0 41 96 52 66 30 F6 BD 
	65 41 AA C9 72 60 B8 1E C8 41 23 9C FB 14 94 12 
	BF D6 B8 37 18 35 B1 A9 E6 D4 50 EB 95 08 F8 A9 
	6F 07 9C E6 C6 6D A7 FF 4D 09 2F EF 03 C1 55 BE 
	86 87 B6 A1 E1 F5 53 E0 D4 02 57 C2 8A 11 34 B9 
	4A CB B0 E9 C4 1C 6D ED 10 75 13 44 A1 7E 2C 66 
	5B B6 13 80 00 62 88 C0 09 CC 55 17 E3 73 80 61 
	7B 0D 09 EE EF 2D 48 DC 11 A5 49 49 4B 48 31 21 
	8B D3 CE 11 7B DC 53 53 5A F0 E6 99 8B C8 24 24 
	C5 74 1D 75 CC 7F 81 F5 5A 49 B3 98 CD C6 D2 9D 
	9C F1 06 1D 11 97 79 BA 7E FB D9 CB 54 87 5A C5 
	18 E8 FA 7B B6 14 BD 2C D5 DD 76 9B CD C6 D7 CC 
	93 85 84 17 5E CC AA 13 75 AF DA CC 5C DB 0F B1 
	A0 77 46 71 B4 0C B5 1A C3 B2 D9 D5 57 70 5C EE 
	21 DD D6 75 C6 19 8C 16 81 8C 9D D6 E6 1C AB D1 
	57 26 FF B5 EA E4 67 FC 6F 8E 64 07 E9 51 6A 88 
	E4 73 A8 35 5C 11 87 EC 50 8C 48 32 22 FE 15 BA 
	DA 28 5C 62 44 E8 4C 4C 8E B5 8A C0 61 DE 7F FA 
	47 1C 2B FC CA 4B D9 DC F5 1F F8 FB 0D D4 4A 41 
	77 F2 2C 29 7E 86 61 4E D9 4F 15 68 53 43 28 D0 
	23 CB 1F 14 B5 47 78 EA 47 E8 9E 9F FD A7 33 94 
	A9 3D A0 7A 19 33 DC DD 03 50 1F 84 73 51 88 EE 
	64 21 71 26 87 E2 E4 86 3F 69 A1 FD 7A 46 24 9F 
	22 E1 6E 15 18 55 0A 7E FA C3 42 0F D5 95 07 FA 
	9A 3E 61 0F CB 45 9C 36 70 A9 6E 62 47 10 1B D1 
	BF 25 70 6A E3 6F E0 CE E3 C7 81 0A 8A 52 2E 56 
	86 F7 64 57 EF 4A 32 DC A3 79 8B 58 39 AE A7 74 
	C8 70 40 93 DB B6 AC 0B 9C 68 50 0D 66 8D B4 58 
	91 2C A4 FF 22 E1 DB BB C1 30 CF A8 F1 1D CF BF 
	DC 58 9E B1 0A 8F 20 A0 57 BA 01 7E 9B 58 10 8F 
	29 AB EB A0 03 86 FA E5 68 1B 0F E0 88 78 8B 73 
	40 A0 B2 0B C7 59 2F 84 AC 50 28 6E CA 6A B9 EC 
	93 B0 6D 8F E5 D7 E6 9D A5 C9 C7 4B 42 9D D6 98 
	D0 8C 55 DE E9 D7 80 51 6F 85 41 EC 9E F8 0D FA 
	76 CC 7C 2D D6 FB 62 32 9A 14 97 EA D1 F0 35 D7 
	AE 21 35 7F EC E1 86 A2 DF 8F 88 1B 02 35 0C 35 
	F1 FD 64 2F 9D D5 78 CB 4D C6 8B 25 6F A5 FE 
th23 (size 32):
	9B 88 18 53 1A 4C 00 E1 5E 54 70 BC 87 F1 4C CD 
	D9 07 59 B0 29 9B 3D B0 82 F0 88 8C 32 84 29 72 
plaintext_23 (size 12):
	41 A1 01 48 A5 CA 1D D0 C9 89 1C BF 
cred (size 3):
	A1 04 01 
TMP size: 32
CBOR ENCODE ERROR: 0
Encoded
memcopy1
memcopy2
Input to calculate TH_3/TH_4 (CBOR Sequence) (size 49):
	58 20 9B 88 18 53 1A 4C 00 E1 5E 54 70 BC 87 F1 
	4C CD D9 07 59 B0 29 9B 3D B0 82 F0 88 8C 32 84 
	29 72 41 A1 01 48 A5 CA 1D D0 C9 89 1C BF A1 04 
	01 
TH34 (size 32):
	4B 06 DD 1F 6C EE FE DD A3 3D E1 6C E7 58 71 E9 
	13 00 23 41 D7 C0 69 13 63 8D 02 EF B2 1B 53 E0 
msg2 generated
msg2 (size 1135):
	59 04 6C 27 B1 D6 35 A6 63 38 2D 99 E0 31 B3 E9 
	A5 D6 82 A0 95 45 04 93 56 AF 6F 13 54 DE D1 3E 
	D2 9C 72 DB 3D 2F A1 45 28 82 41 55 87 95 1C C8 
	D2 7B 8B 4A 15 D4 F2 3F DA 25 3B 81 23 45 F4 48 
	E4 CF D9 EF 7A 79 CE FF D2 C1 87 64 50 D2 4A 09 
	A6 71 D7 11 6D 8C 9F 17 D0 B9 8E 38 1D 0A 22 B9 
	16 26 51 AA 06 04 1E 53 67 AF 1E 9B 85 F1 23 F4 
	DB 6D 09 22 9B 7F 23 AB BB 4E FD 21 4F 95 32 77 
	A6 46 E6 DB 52 A8 94 98 85 07 C6 A6 4D 6A 16 55 
	2D 69 4B 8C 53 20 8F 28 E0 DF D1 04 37 FC DC D4 
	93 04 35 0C 65 B0 E5 DC F2 FC EA 8B 01 A2 FF 7C 
	F1 46 31 62 A0 0D 48 92 F3 DA A8 08 59 51 E5 4B 
	6D 7D 31 66 A6 5E F8 AE DA 40 E7 7B 74 59 2C 55 
	7E 14 42 48 AC 5B 39 EE AC E8 A9 B9 F7 EF FA F1 
	08 17 90 79 52 F3 23 AD A1 A3 F5 2C 1B 2E CA 4E 
	A9 FE EE 23 CC 1F 6E A7 71 0B 1A DF 72 C4 9D 99 
	FE 5F 77 AA 88 CC A3 C0 27 0A 85 A4 94 22 B9 27 
	CE F9 72 80 AC 9C 9F FD 47 73 A5 2B F6 0B 08 E2 
	70 6B F6 E8 E0 D2 B4 4F 1C FB 71 4B 18 47 CE 23 
	9B 8F 9A AA F4 FF D3 91 6D D3 66 E0 22 83 AE 1B 
	6B A9 BA 85 A7 3B EB 42 C5 CD 6A 4A 63 FF FB 88 
	61 5B 31 74 39 DC 2F 02 46 D3 E2 6B E5 DB 1D 60 
	9C 66 FA 53 17 DE 58 38 F0 AB 18 E8 4F 9F 6C 1F 
	B1 E3 50 71 AD 6B 28 88 A7 E1 F9 4F D1 F8 D1 CE 
	42 FD 4C 9D AF 87 FE 45 A6 F8 48 4B 71 89 AF 1C 
	59 37 47 6E 4A 56 B9 01 E2 DE 44 9B EC 42 A8 77 
	DE AD 81 E4 CB 2A 3B 35 84 97 DA 20 DB 46 E6 3B 
	AC 99 5C AE D0 8D AC E8 E3 33 17 FF 80 C4 60 8F 
	2C 10 0C 78 00 DB 50 75 F3 0F 5A F0 F4 C0 D8 23 
	BA 98 9F D1 F4 23 61 D3 9D 51 25 28 B6 82 D0 41 
	66 4C 24 A2 7E 70 0C 71 A2 F1 24 E6 FC 2C CE BB 
	BC 50 00 6A 2F 4E 8D 01 76 5B DC EC 35 D0 FD 56 
	C4 5A 4F EF D6 A6 8A A1 93 41 2E C0 1D BE 43 81 
	47 88 F4 AA 97 1C 9F 5A 72 DB 88 57 E7 95 AC 32 
	25 73 87 E5 05 7F 66 30 C0 41 96 52 66 30 F6 BD 
	65 41 AA C9 72 60 B8 1E C8 41 23 9C FB 14 94 12 
	BF D6 B8 37 18 35 B1 A9 E6 D4 50 EB 95 08 F8 A9 
	6F 07 9C E6 C6 6D A7 FF 4D 09 2F EF 03 C1 55 BE 
	86 87 B6 A1 E1 F5 53 E0 D4 02 57 C2 8A 11 34 B9 
	4A CB B0 E9 C4 1C 6D ED 10 75 13 44 A1 7E 2C 66 
	5B B6 13 80 00 62 88 C0 09 CC 55 17 E3 73 80 61 
	7B 0D 09 EE EF 2D 48 DC 11 A5 49 49 4B 48 31 21 
	8B D3 CE 11 7B DC 53 53 5A F0 E6 99 8B C8 24 24 
	C5 74 1D 75 CC 7F 81 F5 5A 49 B3 98 CD C6 D2 9D 
	9C F1 06 1D 11 97 79 BA 7E FB D9 CB 54 87 5A C5 
	18 E8 FA 7B B6 14 BD 2C D5 DD 76 9B CD C6 D7 CC 
	93 85 84 17 5E CC AA 13 75 AF DA CC 5C DB 0F B1 
	A0 77 46 71 B4 0C B5 1A C3 B2 D9 D5 57 70 5C EE 
	21 DD D6 75 C6 19 8C 16 81 8C 9D D6 E6 1C AB D1 
	57 26 FF B5 EA E4 67 FC 6F 8E 64 07 E9 51 6A 88 
	E4 73 A8 35 5C 11 87 EC 50 8C 48 32 22 FE 15 BA 
	DA 28 5C 62 44 E8 4C 4C 8E B5 8A C0 61 DE 7F FA 
	47 1C 2B FC CA 4B D9 DC F5 1F F8 FB 0D D4 4A 41 
	77 F2 2C 29 7E 86 61 4E D9 4F 15 68 53 43 28 D0 
	23 CB 1F 14 B5 47 78 EA 47 E8 9E 9F FD A7 33 94 
	A9 3D A0 7A 19 33 DC DD 03 50 1F 84 73 51 88 EE 
	64 21 71 26 87 E2 E4 86 3F 69 A1 FD 7A 46 24 9F 
	22 E1 6E 15 18 55 0A 7E FA C3 42 0F D5 95 07 FA 
	9A 3E 61 0F CB 45 9C 36 70 A9 6E 62 47 10 1B D1 
	BF 25 70 6A E3 6F E0 CE E3 C7 81 0A 8A 52 2E 56 
	86 F7 64 57 EF 4A 32 DC A3 79 8B 58 39 AE A7 74 
	C8 70 40 93 DB B6 AC 0B 9C 68 50 0D 66 8D B4 58 
	91 2C A4 FF 22 E1 DB BB C1 30 CF A8 F1 1D CF BF 
	DC 58 9E B1 0A 8F 20 A0 57 BA 01 7E 9B 58 10 8F 
	29 AB EB A0 03 86 FA E5 68 1B 0F E0 88 78 8B 73 
	40 A0 B2 0B C7 59 2F 84 AC 50 28 6E CA 6A B9 EC 
	93 B0 6D 8F E5 D7 E6 9D A5 C9 C7 4B 42 9D D6 98 
	D0 8C 55 DE E9 D7 80 51 6F 85 41 EC 9E F8 0D FA 
	76 CC 7C 2D D6 FB 62 32 9A 14 97 EA D1 F0 35 D7 
	AE 21 35 7F EC E1 86 A2 DF 8F 88 1B 02 35 0C 35 
	F1 FD 64 2F 9D D5 78 CB 4D C6 8B 25 6F A5 FE 
ead prcessed
[resp] tx sent 1135 bytes
mesage tx
waiting to receive
[resp] rx got 21 bytes
received
CIPHERTEXT_3 (size 20):
	19 62 16 44 2C AD 9A 13 B8 F7 B1 98 78 DD B8 0C 
	13 AD C9 3F 
PLAINTEXT3_SIZE: 903
ctxt3.len: 20
K_3 (size 16):
	4C AB 71 92 5B 0D 7B CC C1 C3 43 9D EF BC CF 68 
IV_3 (size 13):
	BF F8 33 01 9A 7D 1B 1B EA 39 92 A5 48 
associated_data (size 45):
	83 68 45 6E 63 72 79 70 74 30 40 58 20 4B 06 DD 
	1F 6C EE FE DD A3 3D E1 6C E7 58 71 E9 13 00 23 
	41 D7 C0 69 13 63 8D 02 EF B2 1B 53 E0 
plaintext (size 12):
	A1 04 00 48 48 87 DD 52 3A A6 38 6F 
ID_CRED (size 3):
	A1 04 00 
sign_or_mac (size 8):
	48 87 DD 52 3A A6 38 6F 
[cred] lookup ID_CRED len=3
A10400
[cred] cred_array entries: 1
[cred] candidate[0] len=3 A10400
SHARED SECRET DERIVE
dh_secret (size 32):
	6C AA 7E E1 BA D2 D5 D5 C3 6D 15 AA 95 09 CF D4 
	84 71 E2 B0 43 B8 D2 92 C7 78 9F 3C 1B 1B 6C 3F 
SALT_3e2m or SALT4e3m (size 32):
	55 7B 64 3C 25 3A 12 5C 56 42 5A BA 8E E1 0A 75 
	DF 75 81 D3 4A 9D C0 9D 7F 67 D4 74 6B 32 CF 41 
prk_4e3m (size 32):
	C7 3B 4E 98 3F 06 D8 0E E9 A4 EA 3E 9C 78 A7 1B 
	DF C8 97 A7 1D 16 17 B5 15 6E ED D1 4F 1D 29 45 
TMP size: 32
CBOR ENCODE ERROR: 0
MAX ID CRED: 400 cred len 3
MAX CRED: 765 cred len 3
PK SIZE: 65
SIGNATURE SIZE: 500
CONTEXT_MAC_SIZE: 1204
CONTEXT_MAC len: 41
CR len: 1
TH enc len: 34
MAC context (size 40):
	A1 04 00 58 20 4B 06 DD 1F 6C EE FE DD A3 3D E1 
	6C E7 58 71 E9 13 00 23 41 D7 C0 69 13 63 8D 02 
	EF B2 1B 53 E0 A1 04 00 
MAC 2/3 (size 8):
	48 87 DD 52 3A A6 38 6F 
th23 (size 32):
	4B 06 DD 1F 6C EE FE DD A3 3D E1 6C E7 58 71 E9 
	13 00 23 41 D7 C0 69 13 63 8D 02 EF B2 1B 53 E0 
plaintext_23 (size 12):
	A1 04 00 48 48 87 DD 52 3A A6 38 6F 
cred (size 3):
	A1 04 00 
TMP size: 32
CBOR ENCODE ERROR: 0
Encoded
memcopy1
memcopy2
Input to calculate TH_3/TH_4 (CBOR Sequence) (size 49):
	58 20 4B 06 DD 1F 6C EE FE DD A3 3D E1 6C E7 58 
	71 E9 13 00 23 41 D7 C0 69 13 63 8D 02 EF B2 1B 
	53 E0 A1 04 00 48 48 87 DD 52 3A A6 38 6F A1 04 
	00 
TH34 (size 32):
	58 19 B0 BD CF F7 20 2E 0A AF 38 7B 2E DE 92 6F 
	B0 BC 11 7E E8 13 4C 4B 59 92 16 A1 63 88 3D 8B 
[resp] edhoc_responder_run completed
PRK_out (size 32):
	E6 D1 D5 21 07 0C 5C 37 83 D7 16 E1 44 DF 84 B0 
	C3 E3 E3 D4 EF 3F A8 8A CD 45 BD D4 C5 AA 5B 42 
prk_exporter (size 32):
	25 17 67 70 9C FE 5A 1C BB 89 6B 63 CE BC F9 18 
	F7 B6 0D E9 DA 35 B7 25 A0 64 F5 3C 21 FE 29 F6 
OSCORE Master Secret (size 16):
	41 2B 7B A0 CC 24 E7 2D CD 64 61 5E C8 3D 93 26 
OSCORE Master Salt (size 8):
	13 DD CC DE 65 02 56 11 
