IPv4 server with address 0.0.0.0 started!
test vector number: 2
INITIATOR SUIT kem: 1, signature -7
responder pk size: 65 
responder sk size: 32 
Responder ready to receive EDHOC DH request
seed (size 4):
	E4 ED DA 57 
public ephemeral key (size 32):
	EC 67 89 A4 27 38 20 0D E4 6C 76 22 F5 54 89 71 
	9D A3 F8 5A FC 8D C1 DD FD 89 43 89 07 F6 67 36 
secret ephemeral key (size 32):
	9A 23 A3 6C EC 85 B2 29 44 A2 92 E2 6D B4 E7 F4 
	70 9C AA 43 7C 83 B6 AC 2D A1 8F 6E 89 A6 D8 C8 
Responder ready to Receive EDHOC PQ request 
__________________
PDU was constructed from buffer of 64 bytes
PDU is 64 bytes long
CoAP Version: 1
Message Type: Confirmable
Token length: 4
Code: 0.02 POST
Message ID: 0
Token of 4 bytes.
   Value: 0x01000000 
2 options:
OPTION (1/2)
   Option number (delta): 11 (11)
   Name: URI_PATH
   Value length: 11
   Value: ".well-known"
OPTION (2/2)
   Option number (delta): 11 (0)
   Name: URI_PATH
   Value length: 5
   Value: "edhoc"
Payload of 37 bytes
   Value: "\00\02X \8a\f6\f40\eb\e1\8d4\18@\17\a9\a1\1b\f5\11\c8\df\f8\f84s\0b\96\c1\b7\c8\db\ca/\c3\b67"
__________________
CoAP message (size 37):
	00 02 58 20 8A F6 F4 30 EB E1 8D 34 18 40 17 A9 
	A1 1B F5 11 C8 DF F8 F8 34 73 0B 96 C1 B7 C8 DB 
	CA 2F C3 B6 37 
message_1 (CBOR Sequence) (size 37):
	00 02 58 20 8A F6 F4 30 EB E1 8D 34 18 40 17 A9 
	A1 1B F5 11 C8 DF F8 F8 34 73 0B 96 C1 B7 C8 DB 
	CA 2F C3 B6 37 
msg1  (size 37):
	00 02 58 20 8A F6 F4 30 EB E1 8D 34 18 40 17 A9 
	A1 1B F5 11 C8 DF F8 F8 34 73 0B 96 C1 B7 C8 DB 
	CA 2F C3 B6 37 
msg1 METHOD: 0
msg1 SUITES_I (size 1):
	02 
g_x len 1216
g_x len message 1 32
msg1 G_X (size 32):
	8A F6 F4 30 EB E1 8D 34 18 40 17 A9 A1 1B F5 11 
	C8 DF F8 F8 34 73 0B 96 C1 B7 C8 DB CA 2F C3 B6 
msg1 C_I_raw (size 1):
	E8 
Suite 2 will be used in this EDHOC run.
PQ/T hybrid declare second array
y  (size 32):
	9A 23 A3 6C EC 85 B2 29 44 A2 92 E2 6D B4 E7 F4 
	70 9C AA 43 7C 83 B6 AC 2D A1 8F 6E 89 A6 D8 C8 
gx  (size 32):
	8A F6 F4 30 EB E1 8D 34 18 40 17 A9 A1 1B F5 11 
	C8 DF F8 F8 34 73 0B 96 C1 B7 C8 DB CA 2F C3 B6 
SHARED SECRET DERIVE
P256 in DH
pk_decompressed tinycript (size 64):
	8A F6 F4 30 EB E1 8D 34 18 40 17 A9 A1 1B F5 11 
	C8 DF F8 F8 34 73 0B 96 C1 B7 C8 DB CA 2F C3 B6 
	AE 17 50 92 91 24 87 EA FE 52 E2 63 A0 57 40 85 
	5E A8 E9 39 3F 95 A2 FC 7A FC 39 EB 00 7F 36 4C 
G_XY (ECDH shared secret)  (size 32):
	AD C6 83 50 A5 09 C2 4E F7 B0 F1 1D 74 3B A0 0E 
	5C 68 77 04 A6 06 CC E4 FF 02 4C B1 BC E4 BB 9B 
hash_msg1_raw (size 32):
	C7 93 1F CA 62 16 CA BC B5 A9 AB 7B 17 61 AE 46 
	78 94 6B A4 F6 0B 6D E1 63 14 69 18 2A 4E 67 26 
Input to calculate TH_2 (CBOR Sequence) (size 68):
	58 20 EC 67 89 A4 27 38 20 0D E4 6C 76 22 F5 54 
	89 71 9D A3 F8 5A FC 8D C1 DD FD 89 43 89 07 F6 
	67 36 58 20 C7 93 1F CA 62 16 CA BC B5 A9 AB 7B 
	17 61 AE 46 78 94 6B A4 F6 0B 6D E1 63 14 69 18 
	2A 4E 67 26 
TH2 (size 32):
	49 5D D0 2A F7 5E 59 CA 20 B1 87 A3 0A AC A1 A3 
	C2 AA D6 F8 9F 20 A3 44 23 77 C2 A3 D2 8C 1D D1 
PRK_2e (size 32):
	B4 3F AD 7D 77 1E D1 97 3E 7F 0A 10 54 4D 8E 62 
	8D C8 4C A8 0F 49 6C 84 22 06 EE F3 4A 1B E8 57 
prk_3e2m (size 32):
	B4 3F AD 7D 77 1E D1 97 3E 7F 0A 10 54 4D 8E 62 
	8D C8 4C A8 0F 49 6C 84 22 06 EE F3 4A 1B E8 57 
Signature len 500 - 64
TMP size: 32
CBOR ENCODE ERROR: 0
MAX ID CRED: 400 cred len 14
MAX CRED: 765 cred len 293
PK SIZE: 65
SIGNATURE SIZE: 500
CONTEXT_MAC_SIZE: 1204
CONTEXT_MAC len: 343
CR len: 2
TH enc len: 34
TMP size: 1
CBOR ENCODE ERROR: 0
MAC context (size 343):
	41 27 A1 18 22 82 2E 48 34 80 F5 FA 01 A8 AB F4 
	58 20 49 5D D0 2A F7 5E 59 CA 20 B1 87 A3 0A AC 
	A1 A3 C2 AA D6 F8 9F 20 A3 44 23 77 C2 A3 D2 8C 
	1D D1 59 01 22 30 82 01 1E 30 81 C5 A0 03 02 01 
	02 02 04 61 E9 98 1E 30 0A 06 08 2A 86 48 CE 3D 
	04 03 02 30 15 31 13 30 11 06 03 55 04 03 0C 0A 
	45 44 48 4F 43 20 52 6F 6F 74 30 1E 17 0D 32 32 
	30 31 32 30 31 37 31 33 30 32 5A 17 0D 32 39 31 
	32 33 31 32 33 30 30 30 30 5A 30 1A 31 18 30 16 
	06 03 55 04 03 0C 0F 45 44 48 4F 43 20 52 65 73 
	70 6F 6E 64 65 72 30 59 30 13 06 07 2A 86 48 CE 
	3D 02 01 06 08 2A 86 48 CE 3D 03 01 07 03 42 00 
	04 BB C3 49 60 52 6E A4 D3 2E 94 0C AD 2A 23 41 
	48 DD C2 17 91 A1 2A FB CB AC 93 62 20 46 DD 44 
	F0 45 19 E2 57 23 6B 2A 0C E2 02 3F 09 31 F1 F3 
	86 CA 7A FD A6 4F CD E0 10 8C 22 4C 51 EA BF 60 
	72 30 0A 06 08 2A 86 48 CE 3D 04 03 02 03 48 00 
	30 45 02 20 30 19 4E F5 FC 65 C8 B7 95 CD CD 0B 
	B4 31 BF 83 EE 67 41 C1 37 0C 22 C8 EB 8E E9 ED 
	D2 A7 05 19 02 21 00 B5 83 0E 9C 89 A6 2A C7 3C 
	E1 EB CE 00 61 70 7D B8 A8 8E 23 70 9B 4A CC 58 
	A1 31 3B 13 3D 05 58 
is not DH, 32
MAC 2/3 (size 32):
	A4 1F EF 8C 87 A5 72 49 0F 73 EA 76 BC 9D 68 8A 
	A1 B7 05 5A A3 4F 69 18 3E 5A 95 FB 1E 3C 6B B4 
TMP size: 32
CBOR ENCODE ERROR: 0
Signature or mac size: 64Inside the sign
signature_or_mac (is signature) (size 64):
	3D 94 14 06 DB 2F 47 CB 87 5F 15 DF 17 4D 72 3D 
	6D DA 54 F8 DB B5 16 27 F3 52 0A E8 9C 70 4B B0 
	5F A6 12 85 A5 F5 C9 96 DE DE F4 40 3D 49 4F 1A 
	1F 36 19 51 2C DC 2C 5D 47 06 25 40 F8 ED 88 4D 
TMP size: 64
CBOR ENCODE ERROR: 0
kid (size 0):
KEYSTREAM_2 (size 81):
	4E CA CE 8C EA 7D 67 90 94 51 04 A2 9D 22 0C 50 
	59 77 DB DA DA 72 F9 FD 78 80 DE 48 39 92 7C 15 
	34 96 E5 B1 B4 33 5D 14 53 17 F2 B1 E1 32 0D C0 
	C2 D0 1D 8A 92 93 BE C9 43 63 C4 3F 74 93 7E CD 
	10 8B B7 0D 15 1D 52 EC 3A 2F 9F 04 39 4A D2 C7 
	A2 
ciphertext_2/3/4 (size 81):
	69 6B D6 AE 68 53 2F A4 14 A4 FE A3 35 89 F8 08 
	19 4A 4F CE DC A9 D6 BA B3 07 81 5D E6 85 31 67 
	09 FB 3F E5 4C E8 E8 02 74 E4 A0 BB 09 AE 7D 8B 
	72 8F BB 98 17 36 4B 00 D5 BD 1A CB 34 AE 37 82 
	0A 94 81 14 44 31 8E C0 67 68 99 21 79 B2 3F 4F 
	EF 
TMP size: 113
CBOR ENCODE ERROR: 0
message_2 (CBOR Sequence) (size 115):
	58 71 EC 67 89 A4 27 38 20 0D E4 6C 76 22 F5 54 
	89 71 9D A3 F8 5A FC 8D C1 DD FD 89 43 89 07 F6 
	67 36 69 6B D6 AE 68 53 2F A4 14 A4 FE A3 35 89 
	F8 08 19 4A 4F CE DC A9 D6 BA B3 07 81 5D E6 85 
	31 67 09 FB 3F E5 4C E8 E8 02 74 E4 A0 BB 09 AE 
	7D 8B 72 8F BB 98 17 36 4B 00 D5 BD 1A CB 34 AE 
	37 82 0A 94 81 14 44 31 8E C0 67 68 99 21 79 B2 
	3F 4F EF 
th23 (size 32):
	49 5D D0 2A F7 5E 59 CA 20 B1 87 A3 0A AC A1 A3 
	C2 AA D6 F8 9F 20 A3 44 23 77 C2 A3 D2 8C 1D D1 
plaintext_23 (size 81):
	27 A1 18 22 82 2E 48 34 80 F5 FA 01 A8 AB F4 58 
	40 3D 94 14 06 DB 2F 47 CB 87 5F 15 DF 17 4D 72 
	3D 6D DA 54 F8 DB B5 16 27 F3 52 0A E8 9C 70 4B 
	B0 5F A6 12 85 A5 F5 C9 96 DE DE F4 40 3D 49 4F 
	1A 1F 36 19 51 2C DC 2C 5D 47 06 25 40 F8 ED 88 
	4D 
cred (size 293):
	59 01 22 30 82 01 1E 30 81 C5 A0 03 02 01 02 02 
	04 61 E9 98 1E 30 0A 06 08 2A 86 48 CE 3D 04 03 
	02 30 15 31 13 30 11 06 03 55 04 03 0C 0A 45 44 
	48 4F 43 20 52 6F 6F 74 30 1E 17 0D 32 32 30 31 
	32 30 31 37 31 33 30 32 5A 17 0D 32 39 31 32 33 
	31 32 33 30 30 30 30 5A 30 1A 31 18 30 16 06 03 
	55 04 03 0C 0F 45 44 48 4F 43 20 52 65 73 70 6F 
	6E 64 65 72 30 59 30 13 06 07 2A 86 48 CE 3D 02 
	01 06 08 2A 86 48 CE 3D 03 01 07 03 42 00 04 BB 
	C3 49 60 52 6E A4 D3 2E 94 0C AD 2A 23 41 48 DD 
	C2 17 91 A1 2A FB CB AC 93 62 20 46 DD 44 F0 45 
	19 E2 57 23 6B 2A 0C E2 02 3F 09 31 F1 F3 86 CA 
	7A FD A6 4F CD E0 10 8C 22 4C 51 EA BF 60 72 30 
	0A 06 08 2A 86 48 CE 3D 04 03 02 03 48 00 30 45 
	02 20 30 19 4E F5 FC 65 C8 B7 95 CD CD 0B B4 31 
	BF 83 EE 67 41 C1 37 0C 22 C8 EB 8E E9 ED D2 A7 
	05 19 02 21 00 B5 83 0E 9C 89 A6 2A C7 3C E1 EB 
	CE 00 61 70 7D B8 A8 8E 23 70 9B 4A CC 58 A1 31 
	3B 13 3D 05 58 
TMP size: 32
CBOR ENCODE ERROR: 0
Encoded
memcopy1
memcopy2
Input to calculate TH_3/TH_4 (CBOR Sequence) (size 408):
	58 20 49 5D D0 2A F7 5E 59 CA 20 B1 87 A3 0A AC 
	A1 A3 C2 AA D6 F8 9F 20 A3 44 23 77 C2 A3 D2 8C 
	1D D1 27 A1 18 22 82 2E 48 34 80 F5 FA 01 A8 AB 
	F4 58 40 3D 94 14 06 DB 2F 47 CB 87 5F 15 DF 17 
	4D 72 3D 6D DA 54 F8 DB B5 16 27 F3 52 0A E8 9C 
	70 4B B0 5F A6 12 85 A5 F5 C9 96 DE DE F4 40 3D 
	49 4F 1A 1F 36 19 51 2C DC 2C 5D 47 06 25 40 F8 
	ED 88 4D 59 01 22 30 82 01 1E 30 81 C5 A0 03 02 
	01 02 02 04 61 E9 98 1E 30 0A 06 08 2A 86 48 CE 
	3D 04 03 02 30 15 31 13 30 11 06 03 55 04 03 0C 
	0A 45 44 48 4F 43 20 52 6F 6F 74 30 1E 17 0D 32 
	32 30 31 32 30 31 37 31 33 30 32 5A 17 0D 32 39 
	31 32 33 31 32 33 30 30 30 30 5A 30 1A 31 18 30 
	16 06 03 55 04 03 0C 0F 45 44 48 4F 43 20 52 65 
	73 70 6F 6E 64 65 72 30 59 30 13 06 07 2A 86 48 
	CE 3D 02 01 06 08 2A 86 48 CE 3D 03 01 07 03 42 
	00 04 BB C3 49 60 52 6E A4 D3 2E 94 0C AD 2A 23 
	41 48 DD C2 17 91 A1 2A FB CB AC 93 62 20 46 DD 
	44 F0 45 19 E2 57 23 6B 2A 0C E2 02 3F 09 31 F1 
	F3 86 CA 7A FD A6 4F CD E0 10 8C 22 4C 51 EA BF 
	60 72 30 0A 06 08 2A 86 48 CE 3D 04 03 02 03 48 
	00 30 45 02 20 30 19 4E F5 FC 65 C8 B7 95 CD CD 
	0B B4 31 BF 83 EE 67 41 C1 37 0C 22 C8 EB 8E E9 
	ED D2 A7 05 19 02 21 00 B5 83 0E 9C 89 A6 2A C7 
	3C E1 EB CE 00 61 70 7D B8 A8 8E 23 70 9B 4A CC 
	58 A1 31 3B 13 3D 05 58 
TH34 (size 32):
	4A 37 5D C0 E5 92 C9 BF 13 AF E1 7D F5 0B 35 CE 
	3A C6 5C AD 69 EF 45 03 68 23 25 F0 CB 86 4D C2 
msg2 generated
msg2 (size 115):
	58 71 EC 67 89 A4 27 38 20 0D E4 6C 76 22 F5 54 
	89 71 9D A3 F8 5A FC 8D C1 DD FD 89 43 89 07 F6 
	67 36 69 6B D6 AE 68 53 2F A4 14 A4 FE A3 35 89 
	F8 08 19 4A 4F CE DC A9 D6 BA B3 07 81 5D E6 85 
	31 67 09 FB 3F E5 4C E8 E8 02 74 E4 A0 BB 09 AE 
	7D 8B 72 8F BB 98 17 36 4B 00 D5 BD 1A CB 34 AE 
	37 82 0A 94 81 14 44 31 8E C0 67 68 99 21 79 B2 
	3F 4F EF 
ead prcessed
CoAP reply sent!
mesage tx
waiting to receive
__________________
PDU was constructed from buffer of 117 bytes
PDU is 117 bytes long
CoAP Version: 1
Message Type: Confirmable
Token length: 4
Code: 0.02 POST
Message ID: 1
Token of 4 bytes.
   Value: 0x02000000 
2 options:
OPTION (1/2)
   Option number (delta): 11 (11)
   Name: URI_PATH
   Value length: 11
   Value: ".well-known"
OPTION (2/2)
   Option number (delta): 11 (0)
   Name: URI_PATH
   Value length: 5
   Value: "edhoc"
Payload of 90 bytes
   Value: "XX"\bd\14\c8\dc4#\9e\c8\18\884\cc\15\91\e8\f4\d1\d1\92C9\99\8cF(\87\98\9cd\e7\cb\f8\99^\87"\e4\cd44\096\d7A^F\ff\02}\b5\f8\ab\07\0bh\b9Ojt\85\b4\05\7f\1b\cb\a9\fa1\8e\f3\8c\db\8d_\da\d2\f9\0dd\06"#}O\c1@\bf"
__________________
CoAP message (size 90):
	58 58 22 BD 14 C8 DC 34 23 9E C8 18 88 34 CC 15 
	91 E8 F4 D1 D1 92 43 39 99 8C 46 28 87 98 9C 64 
	E7 CB F8 99 5E 87 22 E4 CD 34 34 09 36 D7 41 5E 
	46 FF 02 7D B5 F8 AB 07 0B 68 B9 4F 6A 74 85 B4 
	05 7F 1B CB A9 FA 31 8E F3 8C DB 8D 5F DA D2 F9 
	0D 64 06 22 23 7D 4F C1 40 BF 
received
CIPHERTEXT_3 (size 88):
	22 BD 14 C8 DC 34 23 9E C8 18 88 34 CC 15 91 E8 
	F4 D1 D1 92 43 39 99 8C 46 28 87 98 9C 64 E7 CB 
	F8 99 5E 87 22 E4 CD 34 34 09 36 D7 41 5E 46 FF 
	02 7D B5 F8 AB 07 0B 68 B9 4F 6A 74 85 B4 05 7F 
	1B CB A9 FA 31 8E F3 8C DB 8D 5F DA D2 F9 0D 64 
	06 22 23 7D 4F C1 40 BF 
PLAINTEXT3_SIZE: 903
ctxt3.len: 88
K_3 (size 16):
	7D B2 3F 81 65 36 96 91 FF 7C 23 8A D4 AA 96 E3 
IV_3 (size 13):
	A0 CA F1 E1 E7 2C 3E 43 A4 C7 2F 82 E6 
associated_data (size 45):
	83 68 45 6E 63 72 79 70 74 30 40 58 20 4A 37 5D 
	C0 E5 92 C9 BF 13 AF E1 7D F5 0B 35 CE 3A C6 5C 
	AD 69 EF 45 03 68 23 25 F0 CB 86 4D C2 
plaintext (size 80):
	A1 18 22 82 2E 48 EE C7 3F CB B0 16 26 76 58 40 
	79 12 A1 0C 61 28 03 FB 1C 70 8A 52 67 C8 10 77 
	A3 C8 25 3E E5 ED 73 89 6C 6C D3 93 54 E4 13 37 
	0B 64 AA 88 A3 8F EC C5 5F AE 37 F7 02 95 8F 80 
	B6 89 B2 33 9F 63 8C 53 A9 92 3A E8 3B 4A AD 1C 
ID_CRED (size 14):
	A1 18 22 82 2E 48 EE C7 3F CB B0 16 26 76 
sign_or_mac (size 64):
	79 12 A1 0C 61 28 03 FB 1C 70 8A 52 67 C8 10 77 
	A3 C8 25 3E E5 ED 73 89 6C 6C D3 93 54 E4 13 37 
	0B 64 AA 88 A3 8F EC C5 5F AE 37 F7 02 95 8F 80 
	B6 89 B2 33 9F 63 8C 53 A9 92 3A E8 3B 4A AD 1C 
[cred] lookup ID_CRED len=14
A11822822E48EEC73FCBB0162676
[cred] cred_array entries: 1
[cred] candidate[0] len=14 A11822822E48EEC73FCBB0162676
prk_4e3m (size 32):
	B4 3F AD 7D 77 1E D1 97 3E 7F 0A 10 54 4D 8E 62 
	8D C8 4C A8 0F 49 6C 84 22 06 EE F3 4A 1B E8 57 
TMP size: 32
CBOR ENCODE ERROR: 0
MAX ID CRED: 400 cred len 14
MAX CRED: 765 cred len 293
PK SIZE: 65
SIGNATURE SIZE: 500
CONTEXT_MAC_SIZE: 1204
CONTEXT_MAC len: 342
CR len: 1
TH enc len: 34
MAC context (size 341):
	A1 18 22 82 2E 48 EE C7 3F CB B0 16 26 76 58 20 
	4A 37 5D C0 E5 92 C9 BF 13 AF E1 7D F5 0B 35 CE 
	3A C6 5C AD 69 EF 45 03 68 23 25 F0 CB 86 4D C2 
	59 01 22 30 82 01 1E 30 81 C5 A0 03 02 01 02 02 
	04 62 32 EF 6F 30 0A 06 08 2A 86 48 CE 3D 04 03 
	02 30 15 31 13 30 11 06 03 55 04 03 0C 0A 45 44 
	48 4F 43 20 52 6F 6F 74 30 1E 17 0D 32 32 30 33 
	31 37 30 38 32 31 30 33 5A 17 0D 32 39 31 32 33 
	31 32 33 30 30 30 30 5A 30 1A 31 18 30 16 06 03 
	55 04 03 0C 0F 45 44 48 4F 43 20 49 6E 69 74 69 
	61 74 6F 72 30 59 30 13 06 07 2A 86 48 CE 3D 02 
	01 06 08 2A 86 48 CE 3D 03 01 07 03 42 00 04 AC 
	75 E9 EC E3 E5 0B FC 8E D6 03 99 88 95 22 40 5C 
	47 BF 16 DF 96 66 0A 41 29 8C B4 30 7F 7E B6 6E 
	5D E6 11 38 8A 4B 8A 82 11 33 4A C7 D3 7E CB 52 
	A3 87 D2 57 E6 DB 3C 2A 93 DF 21 FF 3A FF C8 30 
	0A 06 08 2A 86 48 CE 3D 04 03 02 03 48 00 30 45 
	02 21 00 8C 32 3A 1F 33 21 38 AA B9 D0 BE AF B8 
	5F 8D 5A 44 07 3C 58 0F 59 5B C5 21 EF 91 3F 6E 
	F4 8D 11 02 20 6C 0A F1 A1 85 A4 E4 DE 06 35 36 
	99 23 1C 73 3A 6E 8D D2 DF 65 13 96 6C 91 30 15 
	2A 07 A2 BE DE 
is not DH, 32
MAC 2/3 (size 32):
	A4 0E 46 9D F9 C3 DE B8 EB 20 91 83 73 FB C6 C1 
	6B 3C 41 54 8C FD AB ED 12 C7 EE 50 2B AD 30 F7 
TMP size: 32
CBOR ENCODE ERROR: 0
Signature or MAC verification successful!
th23 (size 32):
	4A 37 5D C0 E5 92 C9 BF 13 AF E1 7D F5 0B 35 CE 
	3A C6 5C AD 69 EF 45 03 68 23 25 F0 CB 86 4D C2 
plaintext_23 (size 80):
	A1 18 22 82 2E 48 EE C7 3F CB B0 16 26 76 58 40 
	79 12 A1 0C 61 28 03 FB 1C 70 8A 52 67 C8 10 77 
	A3 C8 25 3E E5 ED 73 89 6C 6C D3 93 54 E4 13 37 
	0B 64 AA 88 A3 8F EC C5 5F AE 37 F7 02 95 8F 80 
	B6 89 B2 33 9F 63 8C 53 A9 92 3A E8 3B 4A AD 1C 
cred (size 293):
	59 01 22 30 82 01 1E 30 81 C5 A0 03 02 01 02 02 
	04 62 32 EF 6F 30 0A 06 08 2A 86 48 CE 3D 04 03 
	02 30 15 31 13 30 11 06 03 55 04 03 0C 0A 45 44 
	48 4F 43 20 52 6F 6F 74 30 1E 17 0D 32 32 30 33 
	31 37 30 38 32 31 30 33 5A 17 0D 32 39 31 32 33 
	31 32 33 30 30 30 30 5A 30 1A 31 18 30 16 06 03 
	55 04 03 0C 0F 45 44 48 4F 43 20 49 6E 69 74 69 
	61 74 6F 72 30 59 30 13 06 07 2A 86 48 CE 3D 02 
	01 06 08 2A 86 48 CE 3D 03 01 07 03 42 00 04 AC 
	75 E9 EC E3 E5 0B FC 8E D6 03 99 88 95 22 40 5C 
	47 BF 16 DF 96 66 0A 41 29 8C B4 30 7F 7E B6 6E 
	5D E6 11 38 8A 4B 8A 82 11 33 4A C7 D3 7E CB 52 
	A3 87 D2 57 E6 DB 3C 2A 93 DF 21 FF 3A FF C8 30 
	0A 06 08 2A 86 48 CE 3D 04 03 02 03 48 00 30 45 
	02 21 00 8C 32 3A 1F 33 21 38 AA B9 D0 BE AF B8 
	5F 8D 5A 44 07 3C 58 0F 59 5B C5 21 EF 91 3F 6E 
	F4 8D 11 02 20 6C 0A F1 A1 85 A4 E4 DE 06 35 36 
	99 23 1C 73 3A 6E 8D D2 DF 65 13 96 6C 91 30 15 
	2A 07 A2 BE DE 
TMP size: 32
CBOR ENCODE ERROR: 0
Encoded
memcopy1
memcopy2
Input to calculate TH_3/TH_4 (CBOR Sequence) (size 407):
	58 20 4A 37 5D C0 E5 92 C9 BF 13 AF E1 7D F5 0B 
	35 CE 3A C6 5C AD 69 EF 45 03 68 23 25 F0 CB 86 
	4D C2 A1 18 22 82 2E 48 EE C7 3F CB B0 16 26 76 
	58 40 79 12 A1 0C 61 28 03 FB 1C 70 8A 52 67 C8 
	10 77 A3 C8 25 3E E5 ED 73 89 6C 6C D3 93 54 E4 
	13 37 0B 64 AA 88 A3 8F EC C5 5F AE 37 F7 02 95 
	8F 80 B6 89 B2 33 9F 63 8C 53 A9 92 3A E8 3B 4A 
	AD 1C 59 01 22 30 82 01 1E 30 81 C5 A0 03 02 01 
	02 02 04 62 32 EF 6F 30 0A 06 08 2A 86 48 CE 3D 
	04 03 02 30 15 31 13 30 11 06 03 55 04 03 0C 0A 
	45 44 48 4F 43 20 52 6F 6F 74 30 1E 17 0D 32 32 
	30 33 31 37 30 38 32 31 30 33 5A 17 0D 32 39 31 
	32 33 31 32 33 30 30 30 30 5A 30 1A 31 18 30 16 
	06 03 55 04 03 0C 0F 45 44 48 4F 43 20 49 6E 69 
	74 69 61 74 6F 72 30 59 30 13 06 07 2A 86 48 CE 
	3D 02 01 06 08 2A 86 48 CE 3D 03 01 07 03 42 00 
	04 AC 75 E9 EC E3 E5 0B FC 8E D6 03 99 88 95 22 
	40 5C 47 BF 16 DF 96 66 0A 41 29 8C B4 30 7F 7E 
	B6 6E 5D E6 11 38 8A 4B 8A 82 11 33 4A C7 D3 7E 
	CB 52 A3 87 D2 57 E6 DB 3C 2A 93 DF 21 FF 3A FF 
	C8 30 0A 06 08 2A 86 48 CE 3D 04 03 02 03 48 00 
	30 45 02 21 00 8C 32 3A 1F 33 21 38 AA B9 D0 BE 
	AF B8 5F 8D 5A 44 07 3C 58 0F 59 5B C5 21 EF 91 
	3F 6E F4 8D 11 02 20 6C 0A F1 A1 85 A4 E4 DE 06 
	35 36 99 23 1C 73 3A 6E 8D D2 DF 65 13 96 6C 91 
	30 15 2A 07 A2 BE DE 
TH34 (size 32):
	B8 30 9F CF 1F 17 77 69 27 E0 4D 5A F8 EC 6E E6 
	D3 B2 C9 DA 21 E7 92 33 99 58 3D C7 12 BC 34 84 
PRK_out (size 32):
	D0 6A A3 E4 50 27 D6 23 46 77 72 EE 4A 59 C6 EA 
	51 ED 71 E0 B1 66 F2 76 C0 57 06 16 69 01 D6 EC 
prk_exporter (size 32):
	E3 BF F7 C5 AD 69 A5 AD 2B 37 8E 55 3C 5E B0 97 
	75 8F 14 28 ED E1 29 43 3E 99 E1 18 2C 5A E1 AD 
OSCORE Master Secret (size