IPv4 server with address 0.0.0.0 started!
test vector number: 2
INITIATOR SUIT kem: 1, signature -7
responder pk size: 65 
responder sk size: 32 
Responder ready to receive EDHOC DH request
seed (size 4):
	68 A5 D4 04 
public ephemeral key (size 32):
	CD 01 F2 9B B2 63 A5 11 25 05 F4 16 17 18 B7 A3 
	B6 3D 03 BB 5E 8A 9A EE FA D5 A2 F1 09 91 20 24 
secret ephemeral key (size 32):
	32 7F 1A 54 50 FD 3E 49 16 16 0F 70 04 8E ED 0C 
	A3 3E DF 44 04 12 2B F0 27 0F 72 72 46 E0 22 75 
Responder ready to Receive EDHOC PQ request 
__________________
PDU was constructed from buffer of 64 bytes
PDU is 64 bytes long
CoAP Version: 1
Message Type: Confirmable
Token length: 4
Code: 0.02 POST
Message ID: 0
Token of 4 bytes.
   Value: 0x01000000 
2 options:
OPTION (1/2)
   Option number (delta): 11 (11)
   Name: URI_PATH
   Value length: 11
   Value: ".well-known"
OPTION (2/2)
   Option number (delta): 11 (0)
   Name: URI_PATH
   Value length: 5
   Value: "edhoc"
Payload of 37 bytes
   Value: "\00\02X \8a\f6\f40\eb\e1\8d4\18@\17\a9\a1\1b\f5\11\c8\df\f8\f84s\0b\96\c1\b7\c8\db\ca/\c3\b67"
__________________
CoAP message (size 37):
	00 02 58 20 8A F6 F4 30 EB E1 8D 34 18 40 17 A9 
	A1 1B F5 11 C8 DF F8 F8 34 73 0B 96 C1 B7 C8 DB 
	CA 2F C3 B6 37 
message_1 (CBOR Sequence) (size 37):
	00 02 58 20 8A F6 F4 30 EB E1 8D 34 18 40 17 A9 
	A1 1B F5 11 C8 DF F8 F8 34 73 0B 96 C1 B7 C8 DB 
	CA 2F C3 B6 37 
msg1  (size 37):
	00 02 58 20 8A F6 F4 30 EB E1 8D 34 18 40 17 A9 
	A1 1B F5 11 C8 DF F8 F8 34 73 0B 96 C1 B7 C8 DB 
	CA 2F C3 B6 37 
msg1 METHOD: 0
msg1 SUITES_I (size 1):
	02 
g_x len 1216
g_x len message 1 32
msg1 G_X (size 32):
	8A F6 F4 30 EB E1 8D 34 18 40 17 A9 A1 1B F5 11 
	C8 DF F8 F8 34 73 0B 96 C1 B7 C8 DB CA 2F C3 B6 
msg1 C_I_raw (size 1):
	E8 
Suite 2 will be used in this EDHOC run.
PQ/T hybrid declare second array
y  (size 32):
	32 7F 1A 54 50 FD 3E 49 16 16 0F 70 04 8E ED 0C 
	A3 3E DF 44 04 12 2B F0 27 0F 72 72 46 E0 22 75 
gx  (size 32):
	8A F6 F4 30 EB E1 8D 34 18 40 17 A9 A1 1B F5 11 
	C8 DF F8 F8 34 73 0B 96 C1 B7 C8 DB CA 2F C3 B6 
SHARED SECRET DERIVE
P256 in DH
pk_decompressed tinycript (size 64):
	8A F6 F4 30 EB E1 8D 34 18 40 17 A9 A1 1B F5 11 
	C8 DF F8 F8 34 73 0B 96 C1 B7 C8 DB CA 2F C3 B6 
	AE 17 50 92 91 24 87 EA FE 52 E2 63 A0 57 40 85 
	5E A8 E9 39 3F 95 A2 FC 7A FC 39 EB 00 7F 36 4C 
G_XY (ECDH shared secret)  (size 32):
	4E B3 E9 00 DD A2 E6 3E C5 4C BB C6 98 84 43 5C 
	63 0D 35 ED 31 7D E4 EE 12 5A E9 6F 2F 9A CA 40 
hash_msg1_raw (size 32):
	C7 93 1F CA 62 16 CA BC B5 A9 AB 7B 17 61 AE 46 
	78 94 6B A4 F6 0B 6D E1 63 14 69 18 2A 4E 67 26 
Input to calculate TH_2 (CBOR Sequence) (size 68):
	58 20 CD 01 F2 9B B2 63 A5 11 25 05 F4 16 17 18 
	B7 A3 B6 3D 03 BB 5E 8A 9A EE FA D5 A2 F1 09 91 
	20 24 58 20 C7 93 1F CA 62 16 CA BC B5 A9 AB 7B 
	17 61 AE 46 78 94 6B A4 F6 0B 6D E1 63 14 69 18 
	2A 4E 67 26 
TH2 (size 32):
	2E 48 BC A8 42 A4 A6 01 88 F6 93 1B 6C BF A0 41 
	2E 62 36 09 30 1A 61 37 BB ED 18 3F FC A6 B3 DD 
PRK_2e (size 32):
	18 92 FA 9A 7C FB 3B 43 AD F7 44 26 CD 46 F5 2B 
	23 9D 07 7B 29 C3 14 2D 5B 73 E7 FB 43 9D B8 B9 
prk_3e2m (size 32):
	18 92 FA 9A 7C FB 3B 43 AD F7 44 26 CD 46 F5 2B 
	23 9D 07 7B 29 C3 14 2D 5B 73 E7 FB 43 9D B8 B9 
Signature len 500 - 64
TMP size: 32
CBOR ENCODE ERROR: 0
MAX ID CRED: 400 cred len 14
MAX CRED: 765 cred len 293
PK SIZE: 65
SIGNATURE SIZE: 500
CONTEXT_MAC_SIZE: 1204
CONTEXT_MAC len: 343
CR len: 2
TH enc len: 34
TMP size: 1
CBOR ENCODE ERROR: 0
MAC context (size 343):
	41 27 A1 18 22 82 2E 48 34 80 F5 FA 01 A8 AB F4 
	58 20 2E 48 BC A8 42 A4 A6 01 88 F6 93 1B 6C BF 
	A0 41 2E 62 36 09 30 1A 61 37 BB ED 18 3F FC A6 
	B3 DD 59 01 22 30 82 01 1E 30 81 C5 A0 03 02 01 
	02 02 04 61 E9 98 1E 30 0A 06 08 2A 86 48 CE 3D 
	04 03 02 30 15 31 13 30 11 06 03 55 04 03 0C 0A 
	45 44 48 4F 43 20 52 6F 6F 74 30 1E 17 0D 32 32 
	30 31 32 30 31 37 31 33 30 32 5A 17 0D 32 39 31 
	32 33 31 32 33 30 30 30 30 5A 30 1A 31 18 30 16 
	06 03 55 04 03 0C 0F 45 44 48 4F 43 20 52 65 73 
	70 6F 6E 64 65 72 30 59 30 13 06 07 2A 86 48 CE 
	3D 02 01 06 08 2A 86 48 CE 3D 03 01 07 03 42 00 
	04 BB C3 49 60 52 6E A4 D3 2E 94 0C AD 2A 23 41 
	48 DD C2 17 91 A1 2A FB CB AC 93 62 20 46 DD 44 
	F0 45 19 E2 57 23 6B 2A 0C E2 02 3F 09 31 F1 F3 
	86 CA 7A FD A6 4F CD E0 10 8C 22 4C 51 EA BF 60 
	72 30 0A 06 08 2A 86 48 CE 3D 04 03 02 03 48 00 
	30 45 02 20 30 19 4E F5 FC 65 C8 B7 95 CD CD 0B 
	B4 31 BF 83 EE 67 41 C1 37 0C 22 C8 EB 8E E9 ED 
	D2 A7 05 19 02 21 00 B5 83 0E 9C 89 A6 2A C7 3C 
	E1 EB CE 00 61 70 7D B8 A8 8E 23 70 9B 4A CC 58 
	A1 31 3B 13 3D 05 58 
is not DH, 32
MAC 2/3 (size 32):
	94 73 B7 2F 99 2A DF 68 D2 3B 48 A7 64 0E 16 A4 
	C9 8C 5A 22 05 F5 8C AD 48 1E 62 FB 97 8F AA 02 
TMP size: 32
CBOR ENCODE ERROR: 0
Signature or mac size: 64Inside the sign
signature_or_mac (is signature) (size 64):
	B7 BC 8D B2 CA BD E8 A1 D7 A9 E0 D2 B1 E7 F0 A9 
	89 23 83 38 B6 F1 3C 70 3F 19 B9 B9 4E 18 EB EE 
	38 86 C0 5E F8 EE C9 8B 30 9B 89 B7 B0 E2 D0 3D 
	2D 78 15 62 9B 18 D2 01 DB 12 66 B5 88 94 54 5C 
TMP size: 64
CBOR ENCODE ERROR: 0
kid (size 0):
KEYSTREAM_2 (size 81):
	C0 14 9A 45 16 13 F9 6E 41 12 35 E4 95 F7 5C B4 
	15 17 93 0F 2D 9A 19 87 04 99 B3 69 2B C2 AA 4A 
	92 A0 D4 9B B9 3C 11 13 5B 37 11 BE 56 EC C4 C5 
	B5 FA 8F BA E5 A2 C5 E8 7F C2 C4 4D 88 D0 74 1C 
	36 2C B5 59 3A F9 80 B1 66 2B D6 C9 D0 19 71 22 
	99 
ciphertext_2/3/4 (size 81):
	E7 B5 82 67 94 3D B1 5A C1 E7 CF E5 3D 5C A8 EC 
	55 A0 2F 82 9F 50 A4 6F A5 4E 1A 89 F9 73 4D BA 
	3B 29 F7 18 81 8A E0 2F 2B 08 08 07 EF A2 DC 2E 
	5B C2 09 7A BB 5A 2B 21 F4 F2 5F C4 3F 60 96 CC 
	0B 01 CD 4C 58 62 98 63 67 F0 C4 AF 65 91 E5 76 
	C5 
TMP size: 113
CBOR ENCODE ERROR: 0
message_2 (CBOR Sequence) (size 115):
	58 71 CD 01 F2 9B B2 63 A5 11 25 05 F4 16 17 18 
	B7 A3 B6 3D 03 BB 5E 8A 9A EE FA D5 A2 F1 09 91 
	20 24 E7 B5 82 67 94 3D B1 5A C1 E7 CF E5 3D 5C 
	A8 EC 55 A0 2F 82 9F 50 A4 6F A5 4E 1A 89 F9 73 
	4D BA 3B 29 F7 18 81 8A E0 2F 2B 08 08 07 EF A2 
	DC 2E 5B C2 09 7A BB 5A 2B 21 F4 F2 5F C4 3F 60 
	96 CC 0B 01 CD 4C 58 62 98 63 67 F0 C4 AF 65 91 
	E5 76 C5 
th23 (size 32):
	2E 48 BC A8 42 A4 A6 01 88 F6 93 1B 6C BF A0 41 
	2E 62 36 09 30 1A 61 37 BB ED 18 3F FC A6 B3 DD 
plaintext_23 (size 81):
	27 A1 18 22 82 2E 48 34 80 F5 FA 01 A8 AB F4 58 
	40 B7 BC 8D B2 CA BD E8 A1 D7 A9 E0 D2 B1 E7 F0 
	A9 89 23 83 38 B6 F1 3C 70 3F 19 B9 B9 4E 18 EB 
	EE 38 86 C0 5E F8 EE C9 8B 30 9B 89 B7 B0 E2 D0 
	3D 2D 78 15 62 9B 18 D2 01 DB 12 66 B5 88 94 54 
	5C 
cred (size 293):
	59 01 22 30 82 01 1E 30 81 C5 A0 03 02 01 02 02 
	04 61 E9 98 1E 30 0A 06 08 2A 86 48 CE 3D 04 03 
	02 30 15 31 13 30 11 06 03 55 04 03 0C 0A 45 44 
	48 4F 43 20 52 6F 6F 74 30 1E 17 0D 32 32 30 31 
	32 30 31 37 31 33 30 32 5A 17 0D 32 39 31 32 33 
	31 32 33 30 30 30 30 5A 30 1A 31 18 30 16 06 03 
	55 04 03 0C 0F 45 44 48 4F 43 20 52 65 73 70 6F 
	6E 64 65 72 30 59 30 13 06 07 2A 86 48 CE 3D 02 
	01 06 08 2A 86 48 CE 3D 03 01 07 03 42 00 04 BB 
	C3 49 60 52 6E A4 D3 2E 94 0C AD 2A 23 41 48 DD 
	C2 17 91 A1 2A FB CB AC 93 62 20 46 DD 44 F0 45 
	19 E2 57 23 6B 2A 0C E2 02 3F 09 31 F1 F3 86 CA 
	7A FD A6 4F CD E0 10 8C 22 4C 51 EA BF 60 72 30 
	0A 06 08 2A 86 48 CE 3D 04 03 02 03 48 00 30 45 
	02 20 30 19 4E F5 FC 65 C8 B7 95 CD CD 0B B4 31 
	BF 83 EE 67 41 C1 37 0C 22 C8 EB 8E E9 ED D2 A7 
	05 19 02 21 00 B5 83 0E 9C 89 A6 2A C7 3C E1 EB 
	CE 00 61 70 7D B8 A8 8E 23 70 9B 4A CC 58 A1 31 
	3B 13 3D 05 58 
TMP size: 32
CBOR ENCODE ERROR: 0
Encoded
memcopy1
memcopy2
Input to calculate TH_3/TH_4 (CBOR Sequence) (size 408):
	58 20 2E 48 BC A8 42 A4 A6 01 88 F6 93 1B 6C BF 
	A0 41 2E 62 36 09 30 1A 61 37 BB ED 18 3F FC A6 
	B3 DD 27 A1 18 22 82 2E 48 34 80 F5 FA 01 A8 AB 
	F4 58 40 B7 BC 8D B2 CA BD E8 A1 D7 A9 E0 D2 B1 
	E7 F0 A9 89 23 83 38 B6 F1 3C 70 3F 19 B9 B9 4E 
	18 EB EE 38 86 C0 5E F8 EE C9 8B 30 9B 89 B7 B0 
	E2 D0 3D 2D 78 15 62 9B 18 D2 01 DB 12 66 B5 88 
	94 54 5C 59 01 22 30 82 01 1E 30 81 C5 A0 03 02 
	01 02 02 04 61 E9 98 1E 30 0A 06 08 2A 86 48 CE 
	3D 04 03 02 30 15 31 13 30 11 06 03 55 04 03 0C 
	0A 45 44 48 4F 43 20 52 6F 6F 74 30 1E 17 0D 32 
	32 30 31 32 30 31 37 31 33 30 32 5A 17 0D 32 39 
	31 32 33 31 32 33 30 30 30 30 5A 30 1A 31 18 30 
	16 06 03 55 04 03 0C 0F 45 44 48 4F 43 20 52 65 
	73 70 6F 6E 64 65 72 30 59 30 13 06 07 2A 86 48 
	CE 3D 02 01 06 08 2A 86 48 CE 3D 03 01 07 03 42 
	00 04 BB C3 49 60 52 6E A4 D3 2E 94 0C AD 2A 23 
	41 48 DD C2 17 91 A1 2A FB CB AC 93 62 20 46 DD 
	44 F0 45 19 E2 57 23 6B 2A 0C E2 02 3F 09 31 F1 
	F3 86 CA 7A FD A6 4F CD E0 10 8C 22 4C 51 EA BF 
	60 72 30 0A 06 08 2A 86 48 CE 3D 04 03 02 03 48 
	00 30 45 02 20 30 19 4E F5 FC 65 C8 B7 95 CD CD 
	0B B4 31 BF 83 EE 67 41 C1 37 0C 22 C8 EB 8E E9 
	ED D2 A7 05 19 02 21 00 B5 83 0E 9C 89 A6 2A C7 
	3C E1 EB CE 00 61 70 7D B8 A8 8E 23 70 9B 4A CC 
	58 A1 31 3B 13 3D 05 58 
TH34 (size 32):
	38 12 28 D4 63 E1 CE C7 CB 06 84 81 DB 55 E5 59 
	F6 79 33 31 16 5A A2 71 79 26 BB E9 B1 25 F8 E3 
msg2 generated
msg2 (size 115):
	58 71 CD 01 F2 9B B2 63 A5 11 25 05 F4 16 17 18 
	B7 A3 B6 3D 03 BB 5E 8A 9A EE FA D5 A2 F1 09 91 
	20 24 E7 B5 82 67 94 3D B1 5A C1 E7 CF E5 3D 5C 
	A8 EC 55 A0 2F 82 9F 50 A4 6F A5 4E 1A 89 F9 73 
	4D BA 3B 29 F7 18 81 8A E0 2F 2B 08 08 07 EF A2 
	DC 2E 5B C2 09 7A BB 5A 2B 21 F4 F2 5F C4 3F 60 
	96 CC 0B 01 CD 4C 58 62 98 63 67 F0 C4 AF 65 91 
	E5 76 C5 
ead prcessed
CoAP reply sent!
mesage tx
waiting to receive
__________________
PDU was constructed from buffer of 117 bytes
PDU is 117 bytes long
CoAP Version: 1
Message Type: Confirmable
Token length: 4
Code: 0.02 POST
Message ID: 1
Token of 4 bytes.
   Value: 0x02000000 
2 options:
OPTION (1/2)
   Option number (delta): 11 (11)
   Name: URI_PATH
   Value length: 11
   Value: ".well-known"
OPTION (2/2)
   Option number (delta): 11 (0)
   Name: URI_PATH
   Value length: 5
   Value: "edhoc"
Payload of 90 bytes
   Value: "XXze\a7?\db\dc\a5\f1\0c\98\bb\d6\90\8aQN(\d7\b8\bc]\18\a7\d6\12k\84\09\84\93u\96?D\96d\bc@?P\ed.\c0o0\e1\99\83_\080\0a\a7uS\7f\92>\9f\cf\f2\bb\ee\c7u\ca\85\e7\a2\a0! 6,W\c1\d6l{\d7P\15\b3\8d\a7\eeQ\89"
__________________
CoAP message (size 90):
	58 58 7A 65 A7 3F DB DC A5 F1 0C 98 BB D6 90 8A 
	51 4E 28 D7 B8 BC 5D 18 A7 D6 12 6B 84 09 84 93 
	75 96 3F 44 96 64 BC 40 3F 50 ED 2E C0 6F 30 E1 
	99 83 5F 08 30 0A A7 75 53 7F 92 3E 9F CF F2 BB 
	EE C7 75 CA 85 E7 A2 A0 21 20 36 2C 57 C1 D6 6C 
	7B D7 50 15 B3 8D A7 EE 51 89 
received
CIPHERTEXT_3 (size 88):
	7A 65 A7 3F DB DC A5 F1 0C 98 BB D6 90 8A 51 4E 
	28 D7 B8 BC 5D 18 A7 D6 12 6B 84 09 84 93 75 96 
	3F 44 96 64 BC 40 3F 50 ED 2E C0 6F 30 E1 99 83 
	5F 08 30 0A A7 75 53 7F 92 3E 9F CF F2 BB EE C7 
	75 CA 85 E7 A2 A0 21 20 36 2C 57 C1 D6 6C 7B D7 
	50 15 B3 8D A7 EE 51 89 
PLAINTEXT3_SIZE: 903
ctxt3.len: 88
K_3 (size 16):
	7A 67 17 B6 C8 68 29 D9 91 6D 24 87 73 B4 AF 00 
IV_3 (size 13):
	67 65 7C 8F 25 CE 7E EF 1D 0E 00 66 47 
associated_data (size 45):
	83 68 45 6E 63 72 79 70 74 30 40 58 20 38 12 28 
	D4 63 E1 CE C7 CB 06 84 81 DB 55 E5 59 F6 79 33 
	31 16 5A A2 71 79 26 BB E9 B1 25 F8 E3 
plaintext (size 80):
	A1 18 22 82 2E 48 EE C7 3F CB B0 16 26 76 58 40 
	3A 73 A7 D1 CB EF 16 CC 02 10 80 4B 30 40 CD 57 
	3D 0B D6 A2 E2 E3 63 86 1B 0F 82 C9 37 88 5F 5D 
	67 2F D1 40 A9 D5 07 FB D4 4C DF BE 48 8D 60 D4 
	36 F4 A4 EC 77 26 8A 7E 3D DD C8 6A 11 5D 43 D6 
ID_CRED (size 14):
	A1 18 22 82 2E 48 EE C7 3F CB B0 16 26 76 
sign_or_mac (size 64):
	3A 73 A7 D1 CB EF 16 CC 02 10 80 4B 30 40 CD 57 
	3D 0B D6 A2 E2 E3 63 86 1B 0F 82 C9 37 88 5F 5D 
	67 2F D1 40 A9 D5 07 FB D4 4C DF BE 48 8D 60 D4 
	36 F4 A4 EC 77 26 8A 7E 3D DD C8 6A 11 5D 43 D6 
[cred] lookup ID_CRED len=14
A11822822E48EEC73FCBB0162676
[cred] cred_array entries: 1
[cred] candidate[0] len=14 A11822822E48EEC73FCBB0162676
prk_4e3m (size 32):
	18 92 FA 9A 7C FB 3B 43 AD F7 44 26 CD 46 F5 2B 
	23 9D 07 7B 29 C3 14 2D 5B 73 E7 FB 43 9D B8 B9 
TMP size: 32
CBOR ENCODE ERROR: 0
MAX ID CRED: 400 cred len 14
MAX CRED: 765 cred len 293
PK SIZE: 65
SIGNATURE SIZE: 500
CONTEXT_MAC_SIZE: 1204
CONTEXT_MAC len: 342
CR len: 1
TH enc len: 34
MAC context (size 341):
	A1 18 22 82 2E 48 EE C7 3F CB B0 16 26 76 58 20 
	38 12 28 D4 63 E1 CE C7 CB 06 84 81 DB 55 E5 59 
	F6 79 33 31 16 5A A2 71 79 26 BB E9 B1 25 F8 E3 
	59 01 22 30 82 01 1E 30 81 C5 A0 03 02 01 02 02 
	04 62 32 EF 6F 30 0A 06 08 2A 86 48 CE 3D 04 03 
	02 30 15 31 13 30 11 06 03 55 04 03 0C 0A 45 44 
	48 4F 43 20 52 6F 6F 74 30 1E 17 0D 32 32 30 33 
	31 37 30 38 32 31 30 33 5A 17 0D 32 39 31 32 33 
	31 32 33 30 30 30 30 5A 30 1A 31 18 30 16 06 03 
	55 04 03 0C 0F 45 44 48 4F 43 20 49 6E 69 74 69 
	61 74 6F 72 30 59 30 13 06 07 2A 86 48 CE 3D 02 
	01 06 08 2A 86 48 CE 3D 03 01 07 03 42 00 04 AC 
	75 E9 EC E3 E5 0B FC 8E D6 03 99 88 95 22 40 5C 
	47 BF 16 DF 96 66 0A 41 29 8C B4 30 7F 7E B6 6E 
	5D E6 11 38 8A 4B 8A 82 11 33 4A C7 D3 7E CB 52 
	A3 87 D2 57 E6 DB 3C 2A 93 DF 21 FF 3A FF C8 30 
	0A 06 08 2A 86 48 CE 3D 04 03 02 03 48 00 30 45 
	02 21 00 8C 32 3A 1F 33 21 38 AA B9 D0 BE AF B8 
	5F 8D 5A 44 07 3C 58 0F 59 5B C5 21 EF 91 3F 6E 
	F4 8D 11 02 20 6C 0A F1 A1 85 A4 E4 DE 06 35 36 
	99 23 1C 73 3A 6E 8D D2 DF 65 13 96 6C 91 30 15 
	2A 07 A2 BE DE 
is not DH, 32
MAC 2/3 (size 32):
	8F 59 1A ED C5 54 44 9F C4 20 7E CD 1C 65 0A 44 
	98 3F DF BD 7E B8 89 2C AC CF BD 30 A9 B5 CC C6 
TMP size: 32
CBOR ENCODE ERROR: 0
Signature or MAC verification successful!
th23 (size 32):
	38 12 28 D4 63 E1 CE C7 CB 06 84 81 DB 55 E5 59 
	F6 79 33 31 16 5A A2 71 79 26 BB E9 B1 25 F8 E3 
plaintext_23 (size 80):
	A1 18 22 82 2E 48 EE C7 3F CB B0 16 26 76 58 40 
	3A 73 A7 D1 CB EF 16 CC 02 10 80 4B 30 40 CD 57 
	3D 0B D6 A2 E2 E3 63 86 1B 0F 82 C9 37 88 5F 5D 
	67 2F D1 40 A9 D5 07 FB D4 4C DF BE 48 8D 60 D4 
	36 F4 A4 EC 77 26 8A 7E 3D DD C8 6A 11 5D 43 D6 
cred (size 293):
	59 01 22 30 82 01 1E 30 81 C5 A0 03 02 01 02 02 
	04 62 32 EF 6F 30 0A 06 08 2A 86 48 CE 3D 04 03 
	02 30 15 31 13 30 11 06 03 55 04 03 0C 0A 45 44 
	48 4F 43 20 52 6F 6F 74 30 1E 17 0D 32 32 30 33 
	31 37 30 38 32 31 30 33 5A 17 0D 32 39 31 32 33 
	31 32 33 30 30 30 30 5A 30 1A 31 18 30 16 06 03 
	55 04 03 0C 0F 45 44 48 4F 43 20 49 6E 69 74 69 
	61 74 6F 72 30 59 30 13 06 07 2A 86 48 CE 3D 02 
	01 06 08 2A 86 48 CE 3D 03 01 07 03 42 00 04 AC 
	75 E9 EC E3 E5 0B FC 8E D6 03 99 88 95 22 40 5C 
	47 BF 16 DF 96 66 0A 41 29 8C B4 30 7F 7E B6 6E 
	5D E6 11 38 8A 4B 8A 82 11 33 4A C7 D3 7E CB 52 
	A3 87 D2 57 E6 DB 3C 2A 93 DF 21 FF 3A FF C8 30 
	0A 06 08 2A 86 48 CE 3D 04 03 02 03 48 00 30 45 
	02 21 00 8C 32 3A 1F 33 21 38 AA B9 D0 BE AF B8 
	5F 8D 5A 44 07 3C 58 0F 59 5B C5 21 EF 91 3F 6E 
	F4 8D 11 02 20 6C 0A F1 A1 85 A4 E4 DE 06 35 36 
	99 23 1C 73 3A 6E 8D D2 DF 65 13 96 6C 91 30 15 
	2A 07 A2 BE DE 
TMP size: 32
CBOR ENCODE ERROR: 0
Encoded
memcopy1
memcopy2
Input to calculate TH_3/TH_4 (CBOR Sequence) (size 407):
	58 20 38 12 28 D4 63 E1 CE C7 CB 06 84 81 DB 55 
	E5 59 F6 79 33 31 16 5A A2 71 79 26 BB E9 B1 25 
	F8 E3 A1 18 22 82 2E 48 EE C7 3F CB B0 16 26 76 
	58 40 3A 73 A7 D1 CB EF 16 CC 02 10 80 4B 30 40 
	CD 57 3D 0B D6 A2 E2 E3 63 86 1B 0F 82 C9 37 88 
	5F 5D 67 2F D1 40 A9 D5 07 FB D4 4C DF BE 48 8D 
	60 D4 36 F4 A4 EC 77 26 8A 7E 3D DD C8 6A 11 5D 
	43 D6 59 01 22 30 82 01 1E 30 81 C5 A0 03 02 01 
	02 02 04 62 32 EF 6F 30 0A 06 08 2A 86 48 CE 3D 
	04 03 02 30 15 31 13 30 11 06 03 55 04 03 0C 0A 
	45 44 48 4F 43 20 52 6F 6F 74 30 1E 17 0D 32 32 
	30 33 31 37 30 38 32 31 30 33 5A 17 0D 32 39 31 
	32 33 31 32 33 30 30 30 30 5A 30 1A 31 18 30 16 
	06 03 55 04 03 0C 0F 45 44 48 4F 43 20 49 6E 69 
	74 69 61 74 6F 72 30 59 30 13 06 07 2A 86 48 CE 
	3D 02 01 06 08 2A 86 48 CE 3D 03 01 07 03 42 00 
	04 AC 75 E9 EC E3 E5 0B FC 8E D6 03 99 88 95 22 
	40 5C 47 BF 16 DF 96 66 0A 41 29 8C B4 30 7F 7E 
	B6 6E 5D E6 11 38 8A 4B 8A 82 11 33 4A C7 D3 7E 
	CB 52 A3 87 D2 57 E6 DB 3C 2A 93 DF 21 FF 3A FF 
	C8 30 0A 06 08 2A 86 48 CE 3D 04 03 02 03 48 00 
	30 45 02 21 00 8C 32 3A 1F 33 21 38 AA B9 D0 BE 
	AF B8 5F 8D 5A 44 07 3C 58 0F 59 5B C5 21 EF 91 
	3F 6E F4 8D 11 02 20 6C 0A F1 A1 85 A4 E4 DE 06 
	35 36 99 23 1C 73 3A 6E 8D D2 DF 65 13 96 6C 91 
	30 15 2A 07 A2 BE DE 
TH34 (size 32):
	F7 20 EC 44 14 79 3B 95 29 FE 75 01 BC 7F 27 F5 
	AB 1D 8A E0 FC E7 D0 21 6F A2 FF 02 46 6B DA 94 
PRK_out (size 32):
	59 48 F0 9B 27 96 E6 33 51 C9 D8 CB AD F0 C7 B5 
	F2 4C A4 67 C6 CC 79 65 4C 88 C4 64 57 FC C6 5D 
prk_exporter (size 32):
	E5 55 DD 2F 80 59 9B 34 F8 B7 20 56 F4 13 A9 7F 
	3D 00 4E D3 7E FB 58 4C 94 C0 97 3C 4E 80 98 71 
OSCORE Master Secret (size 16):
