IPv4 server with address 0.0.0.0 started!
test vector number: 2
INITIATOR SUIT kem: 1, signature -7
responder pk size: 65 
responder sk size: 32 
Responder ready to receive EDHOC DH request
seed (size 4):
	84 44 E1 C2 
public ephemeral key (size 32):
	62 8C 98 72 DF 04 7C C9 5B B9 54 0E D9 E5 FA C9 
	1B 15 ED 79 7C E4 A8 CB 0D D8 F4 23 C5 80 F0 D1 
secret ephemeral key (size 32):
	63 31 5E A4 5F 04 81 0B 6F 3A E6 8D 54 81 85 95 
	0A 98 74 10 C3 44 4F C3 22 5E A0 F2 F6 6C 92 CB 
Responder ready to Receive EDHOC PQ request 
__________________
PDU was constructed from buffer of 64 bytes
PDU is 64 bytes long
CoAP Version: 1
Message Type: Confirmable
Token length: 4
Code: 0.02 POST
Message ID: 0
Token of 4 bytes.
   Value: 0x01000000 
2 options:
OPTION (1/2)
   Option number (delta): 11 (11)
   Name: URI_PATH
   Value length: 11
   Value: ".well-known"
OPTION (2/2)
   Option number (delta): 11 (0)
   Name: URI_PATH
   Value length: 5
   Value: "edhoc"
Payload of 37 bytes
   Value: "\00\02X \8a\f6\f40\eb\e1\8d4\18@\17\a9\a1\1b\f5\11\c8\df\f8\f84s\0b\96\c1\b7\c8\db\ca/\c3\b67"
__________________
CoAP message (size 37):
	00 02 58 20 8A F6 F4 30 EB E1 8D 34 18 40 17 A9 
	A1 1B F5 11 C8 DF F8 F8 34 73 0B 96 C1 B7 C8 DB 
	CA 2F C3 B6 37 
message_1 (CBOR Sequence) (size 37):
	00 02 58 20 8A F6 F4 30 EB E1 8D 34 18 40 17 A9 
	A1 1B F5 11 C8 DF F8 F8 34 73 0B 96 C1 B7 C8 DB 
	CA 2F C3 B6 37 
msg1  (size 37):
	00 02 58 20 8A F6 F4 30 EB E1 8D 34 18 40 17 A9 
	A1 1B F5 11 C8 DF F8 F8 34 73 0B 96 C1 B7 C8 DB 
	CA 2F C3 B6 37 
msg1 METHOD: 0
msg1 SUITES_I (size 1):
	02 
g_x len 1216
g_x len message 1 32
msg1 G_X (size 32):
	8A F6 F4 30 EB E1 8D 34 18 40 17 A9 A1 1B F5 11 
	C8 DF F8 F8 34 73 0B 96 C1 B7 C8 DB CA 2F C3 B6 
msg1 C_I_raw (size 1):
	E8 
Suite 2 will be used in this EDHOC run.
PQ/T hybrid declare second array
y  (size 32):
	63 31 5E A4 5F 04 81 0B 6F 3A E6 8D 54 81 85 95 
	0A 98 74 10 C3 44 4F C3 22 5E A0 F2 F6 6C 92 CB 
gx  (size 32):
	8A F6 F4 30 EB E1 8D 34 18 40 17 A9 A1 1B F5 11 
	C8 DF F8 F8 34 73 0B 96 C1 B7 C8 DB CA 2F C3 B6 
SHARED SECRET DERIVE
P256 in DH
pk_decompressed tinycript (size 64):
	8A F6 F4 30 EB E1 8D 34 18 40 17 A9 A1 1B F5 11 
	C8 DF F8 F8 34 73 0B 96 C1 B7 C8 DB CA 2F C3 B6 
	AE 17 50 92 91 24 87 EA FE 52 E2 63 A0 57 40 85 
	5E A8 E9 39 3F 95 A2 FC 7A FC 39 EB 00 7F 36 4C 
G_XY (ECDH shared secret)  (size 32):
	33 F4 4E 5F 40 07 70 F3 5C F0 73 73 92 E4 6E D0 
	E2 6D 0E 9E C5 FA 0E E8 61 DD 68 2D A2 51 D4 A0 
hash_msg1_raw (size 32):
	C7 93 1F CA 62 16 CA BC B5 A9 AB 7B 17 61 AE 46 
	78 94 6B A4 F6 0B 6D E1 63 14 69 18 2A 4E 67 26 
Input to calculate TH_2 (CBOR Sequence) (size 68):
	58 20 62 8C 98 72 DF 04 7C C9 5B B9 54 0E D9 E5 
	FA C9 1B 15 ED 79 7C E4 A8 CB 0D D8 F4 23 C5 80 
	F0 D1 58 20 C7 93 1F CA 62 16 CA BC B5 A9 AB 7B 
	17 61 AE 46 78 94 6B A4 F6 0B 6D E1 63 14 69 18 
	2A 4E 67 26 
TH2 (size 32):
	FE 81 F5 1F 4F 7D ED 8A 4F 87 87 DB 80 7D 4E CA 
	9D 4D 43 63 95 E4 ED AC 14 CB 09 80 AC 11 A9 28 
PRK_2e (size 32):
	99 D9 95 CE F7 F4 26 69 ED 2F D6 73 A7 A1 F2 E7 
	63 54 D4 A7 AD F0 24 59 1A E1 21 49 2B 20 4A 84 
prk_3e2m (size 32):
	99 D9 95 CE F7 F4 26 69 ED 2F D6 73 A7 A1 F2 E7 
	63 54 D4 A7 AD F0 24 59 1A E1 21 49 2B 20 4A 84 
Signature len 500 - 64
TMP size: 32
CBOR ENCODE ERROR: 0
MAX ID CRED: 400 cred len 14
MAX CRED: 765 cred len 293
PK SIZE: 65
SIGNATURE SIZE: 500
CONTEXT_MAC_SIZE: 1204
CONTEXT_MAC len: 343
CR len: 2
TH enc len: 34
TMP size: 1
CBOR ENCODE ERROR: 0
MAC context (size 343):
	41 27 A1 18 22 82 2E 48 34 80 F5 FA 01 A8 AB F4 
	58 20 FE 81 F5 1F 4F 7D ED 8A 4F 87 87 DB 80 7D 
	4E CA 9D 4D 43 63 95 E4 ED AC 14 CB 09 80 AC 11 
	A9 28 59 01 22 30 82 01 1E 30 81 C5 A0 03 02 01 
	02 02 04 61 E9 98 1E 30 0A 06 08 2A 86 48 CE 3D 
	04 03 02 30 15 31 13 30 11 06 03 55 04 03 0C 0A 
	45 44 48 4F 43 20 52 6F 6F 74 30 1E 17 0D 32 32 
	30 31 32 30 31 37 31 33 30 32 5A 17 0D 32 39 31 
	32 33 31 32 33 30 30 30 30 5A 30 1A 31 18 30 16 
	06 03 55 04 03 0C 0F 45 44 48 4F 43 20 52 65 73 
	70 6F 6E 64 65 72 30 59 30 13 06 07 2A 86 48 CE 
	3D 02 01 06 08 2A 86 48 CE 3D 03 01 07 03 42 00 
	04 BB C3 49 60 52 6E A4 D3 2E 94 0C AD 2A 23 41 
	48 DD C2 17 91 A1 2A FB CB AC 93 62 20 46 DD 44 
	F0 45 19 E2 57 23 6B 2A 0C E2 02 3F 09 31 F1 F3 
	86 CA 7A FD A6 4F CD E0 10 8C 22 4C 51 EA BF 60 
	72 30 0A 06 08 2A 86 48 CE 3D 04 03 02 03 48 00 
	30 45 02 20 30 19 4E F5 FC 65 C8 B7 95 CD CD 0B 
	B4 31 BF 83 EE 67 41 C1 37 0C 22 C8 EB 8E E9 ED 
	D2 A7 05 19 02 21 00 B5 83 0E 9C 89 A6 2A C7 3C 
	E1 EB CE 00 61 70 7D B8 A8 8E 23 70 9B 4A CC 58 
	A1 31 3B 13 3D 05 58 
is not DH, 32
MAC 2/3 (size 32):
	71 3F AE FA 27 EF DA 11 A6 7A 16 8C DD 44 92 BB 
	A4 EF 7F B7 3E 56 77 E4 31 51 BE D4 6F 5F E4 AB 
TMP size: 32
CBOR ENCODE ERROR: 0
Signature or mac size: 64Inside the sign
signature_or_mac (is signature) (size 64):
	AE 28 D7 B3 F8 65 84 C0 92 84 58 BC 3D ED 45 5A 
	21 C1 0D 9B 02 A6 3A 95 E8 C9 95 5E 03 D5 A6 41 
	D4 62 07 B6 C1 23 8C 2D 4A 0F BA 84 FF 90 38 02 
	AF 75 08 13 78 E4 73 68 87 3D 8B 5F 8F 9A 4C B5 
TMP size: 64
CBOR ENCODE ERROR: 0
kid (size 0):
KEYSTREAM_2 (size 81):
	59 DE CB F1 5F E5 BD 51 FC 77 B2 7E 1D BF B6 CB 
	A2 6F 0E 28 2B 60 5B F5 8B 4B 9D B4 F9 C1 78 FB 
	B4 EF 63 60 AB 6A 54 16 7C 7F B1 80 7C 8B E6 99 
	A9 8B F3 26 D1 7A 44 16 02 A2 E7 D8 69 BE B8 C6 
	25 E3 F9 AC 37 00 3B B2 06 C6 43 13 3B 34 A6 17 
	0A 
ciphertext_2/3/4 (size 81):
	7E 7F D3 D3 DD CB F5 65 7C 82 48 7F B5 14 42 93 
	E2 C1 26 FF 98 98 3E 71 4B D9 19 EC 45 FC 95 BE 
	EE CE A2 6D 30 68 F2 2C E9 97 78 15 22 88 33 3F 
	E8 5F 91 21 67 BB 67 9A 2F E8 E8 62 ED 41 28 FE 
	27 4C 8C A4 24 78 DF C1 6E 41 7E 98 64 BB 3C 5B 
	BF 
TMP size: 113
CBOR ENCODE ERROR: 0
message_2 (CBOR Sequence) (size 115):
	58 71 62 8C 98 72 DF 04 7C C9 5B B9 54 0E D9 E5 
	FA C9 1B 15 ED 79 7C E4 A8 CB 0D D8 F4 23 C5 80 
	F0 D1 7E 7F D3 D3 DD CB F5 65 7C 82 48 7F B5 14 
	42 93 E2 C1 26 FF 98 98 3E 71 4B D9 19 EC 45 FC 
	95 BE EE CE A2 6D 30 68 F2 2C E9 97 78 15 22 88 
	33 3F E8 5F 91 21 67 BB 67 9A 2F E8 E8 62 ED 41 
	28 FE 27 4C 8C A4 24 78 DF C1 6E 41 7E 98 64 BB 
	3C 5B BF 
th23 (size 32):
	FE 81 F5 1F 4F 7D ED 8A 4F 87 87 DB 80 7D 4E CA 
	9D 4D 43 63 95 E4 ED AC 14 CB 09 80 AC 11 A9 28 
plaintext_23 (size 81):
	27 A1 18 22 82 2E 48 34 80 F5 FA 01 A8 AB F4 58 
	40 AE 28 D7 B3 F8 65 84 C0 92 84 58 BC 3D ED 45 
	5A 21 C1 0D 9B 02 A6 3A 95 E8 C9 95 5E 03 D5 A6 
	41 D4 62 07 B6 C1 23 8C 2D 4A 0F BA 84 FF 90 38 
	02 AF 75 08 13 78 E4 73 68 87 3D 8B 5F 8F 9A 4C 
	B5 
cred (size 293):
	59 01 22 30 82 01 1E 30 81 C5 A0 03 02 01 02 02 
	04 61 E9 98 1E 30 0A 06 08 2A 86 48 CE 3D 04 03 
	02 30 15 31 13 30 11 06 03 55 04 03 0C 0A 45 44 
	48 4F 43 20 52 6F 6F 74 30 1E 17 0D 32 32 30 31 
	32 30 31 37 31 33 30 32 5A 17 0D 32 39 31 32 33 
	31 32 33 30 30 30 30 5A 30 1A 31 18 30 16 06 03 
	55 04 03 0C 0F 45 44 48 4F 43 20 52 65 73 70 6F 
	6E 64 65 72 30 59 30 13 06 07 2A 86 48 CE 3D 02 
	01 06 08 2A 86 48 CE 3D 03 01 07 03 42 00 04 BB 
	C3 49 60 52 6E A4 D3 2E 94 0C AD 2A 23 41 48 DD 
	C2 17 91 A1 2A FB CB AC 93 62 20 46 DD 44 F0 45 
	19 E2 57 23 6B 2A 0C E2 02 3F 09 31 F1 F3 86 CA 
	7A FD A6 4F CD E0 10 8C 22 4C 51 EA BF 60 72 30 
	0A 06 08 2A 86 48 CE 3D 04 03 02 03 48 00 30 45 
	02 20 30 19 4E F5 FC 65 C8 B7 95 CD CD 0B B4 31 
	BF 83 EE 67 41 C1 37 0C 22 C8 EB 8E E9 ED D2 A7 
	05 19 02 21 00 B5 83 0E 9C 89 A6 2A C7 3C E1 EB 
	CE 00 61 70 7D B8 A8 8E 23 70 9B 4A CC 58 A1 31 
	3B 13 3D 05 58 
TMP size: 32
CBOR ENCODE ERROR: 0
Encoded
memcopy1
memcopy2
Input to calculate TH_3/TH_4 (CBOR Sequence) (size 408):
	58 20 FE 81 F5 1F 4F 7D ED 8A 4F 87 87 DB 80 7D 
	4E CA 9D 4D 43 63 95 E4 ED AC 14 CB 09 80 AC 11 
	A9 28 27 A1 18 22 82 2E 48 34 80 F5 FA 01 A8 AB 
	F4 58 40 AE 28 D7 B3 F8 65 84 C0 92 84 58 BC 3D 
	ED 45 5A 21 C1 0D 9B 02 A6 3A 95 E8 C9 95 5E 03 
	D5 A6 41 D4 62 07 B6 C1 23 8C 2D 4A 0F BA 84 FF 
	90 38 02 AF 75 08 13 78 E4 73 68 87 3D 8B 5F 8F 
	9A 4C B5 59 01 22 30 82 01 1E 30 81 C5 A0 03 02 
	01 02 02 04 61 E9 98 1E 30 0A 06 08 2A 86 48 CE 
	3D 04 03 02 30 15 31 13 30 11 06 03 55 04 03 0C 
	0A 45 44 48 4F 43 20 52 6F 6F 74 30 1E 17 0D 32 
	32 30 31 32 30 31 37 31 33 30 32 5A 17 0D 32 39 
	31 32 33 31 32 33 30 30 30 30 5A 30 1A 31 18 30 
	16 06 03 55 04 03 0C 0F 45 44 48 4F 43 20 52 65 
	73 70 6F 6E 64 65 72 30 59 30 13 06 07 2A 86 48 
	CE 3D 02 01 06 08 2A 86 48 CE 3D 03 01 07 03 42 
	00 04 BB C3 49 60 52 6E A4 D3 2E 94 0C AD 2A 23 
	41 48 DD C2 17 91 A1 2A FB CB AC 93 62 20 46 DD 
	44 F0 45 19 E2 57 23 6B 2A 0C E2 02 3F 09 31 F1 
	F3 86 CA 7A FD A6 4F CD E0 10 8C 22 4C 51 EA BF 
	60 72 30 0A 06 08 2A 86 48 CE 3D 04 03 02 03 48 
	00 30 45 02 20 30 19 4E F5 FC 65 C8 B7 95 CD CD 
	0B B4 31 BF 83 EE 67 41 C1 37 0C 22 C8 EB 8E E9 
	ED D2 A7 05 19 02 21 00 B5 83 0E 9C 89 A6 2A C7 
	3C E1 EB CE 00 61 70 7D B8 A8 8E 23 70 9B 4A CC 
	58 A1 31 3B 13 3D 05 58 
TH34 (size 32):
	B4 DA D5 A5 A8 13 9B FC 9D A7 68 7A 5A BC 3D D5 
	EC 43 D2 D8 19 55 4B A4 86 49 BB 38 5A 8A 4A 7A 
msg2 generated
msg2 (size 115):
	58 71 62 8C 98 72 DF 04 7C C9 5B B9 54 0E D9 E5 
	FA C9 1B 15 ED 79 7C E4 A8 CB 0D D8 F4 23 C5 80 
	F0 D1 7E 7F D3 D3 DD CB F5 65 7C 82 48 7F B5 14 
	42 93 E2 C1 26 FF 98 98 3E 71 4B D9 19 EC 45 FC 
	95 BE EE CE A2 6D 30 68 F2 2C E9 97 78 15 22 88 
	33 3F E8 5F 91 21 67 BB 67 9A 2F E8 E8 62 ED 41 
	28 FE 27 4C 8C A4 24 78 DF C1 6E 41 7E 98 64 BB 
	3C 5B BF 
ead prcessed
CoAP reply sent!
mesage tx
waiting to receive
__________________
PDU was constructed from buffer of 117 bytes
PDU is 117 bytes long
CoAP Version: 1
Message Type: Confirmable
Token length: 4
Code: 0.02 POST
Message ID: 1
Token of 4 bytes.
   Value: 0x02000000 
2 options:
OPTION (1/2)
   Option number (delta): 11 (11)
   Name: URI_PATH
   Value length: 11
   Value: ".well-known"
OPTION (2/2)
   Option number (delta): 11 (0)
   Name: URI_PATH
   Value length: 5
   Value: "edhoc"
Payload of 90 bytes
   Value: "XX\87\b7r\ef\c1\88\08M2\b8\91\8d\aa\eeiL\a9\f5\0b\1f?\01\f45\04\dc\8e\a9\8c\ed\bc\eb?\efA\99\16i\c8\ed\7f\e8^\b7V\a5\a8x54\f0,\e0\f6\b5\cb}\e4\cb$P\ddY2"A\07j\bb'\9d\07{\84/W\a93c*\a5\bd\0df\ec\b8\b7\08"
__________________
CoAP message (size 90):
	58 58 87 B7 72 EF C1 88 08 4D 32 B8 91 8D AA EE 
	69 4C A9 F5 0B 1F 3F 01 F4 35 04 DC 8E A9 8C ED 
	BC EB 3F EF 41 99 16 69 C8 ED 7F E8 5E B7 56 A5 
	A8 78 35 34 F0 2C E0 F6 B5 CB 7D E4 CB 24 50 DD 
	59 32 22 41 07 6A BB 27 9D 07 7B 84 2F 57 A9 33 
	63 2A A5 BD 0D 66 EC B8 B7 08 
received
CIPHERTEXT_3 (size 88):
	87 B7 72 EF C1 88 08 4D 32 B8 91 8D AA EE 69 4C 
	A9 F5 0B 1F 3F 01 F4 35 04 DC 8E A9 8C ED BC EB 
	3F EF 41 99 16 69 C8 ED 7F E8 5E B7 56 A5 A8 78 
	35 34 F0 2C E0 F6 B5 CB 7D E4 CB 24 50 DD 59 32 
	22 41 07 6A BB 27 9D 07 7B 84 2F 57 A9 33 63 2A 
	A5 BD 0D 66 EC B8 B7 08 
PLAINTEXT3_SIZE: 903
ctxt3.len: 88
K_3 (size 16):
	F4 E6 EB D3 7B 22 CB 9B 90 3B 83 3E C7 56 E6 FE 
IV_3 (size 13):
	36 41 23 A0 70 4B E9 ED CD 7B B9 8C 30 
associated_data (size 45):
	83 68 45 6E 63 72 79 70 74 30 40 58 20 B4 DA D5 
	A5 A8 13 9B FC 9D A7 68 7A 5A BC 3D D5 EC 43 D2 
	D8 19 55 4B A4 86 49 BB 38 5A 8A 4A 7A 
plaintext (size 80):
	A1 18 22 82 2E 48 EE C7 3F CB B0 16 26 76 58 40 
	4A 5C 49 8C 30 BB A0 AB 65 81 18 6B 59 2C F2 F9 
	D6 DE 47 7A E6 20 57 AD C8 3C 0C BA 11 59 0C 0C 
	B4 B2 CB 4C 49 F0 07 EC 77 31 5C A8 9B E7 3A 6D 
	61 AD B4 03 7B F2 0A 9D C6 20 1A F3 F1 4E 12 55 
ID_CRED (size 14):
	A1 18 22 82 2E 48 EE C7 3F CB B0 16 26 76 
sign_or_mac (size 64):
	4A 5C 49 8C 30 BB A0 AB 65 81 18 6B 59 2C F2 F9 
	D6 DE 47 7A E6 20 57 AD C8 3C 0C BA 11 59 0C 0C 
	B4 B2 CB 4C 49 F0 07 EC 77 31 5C A8 9B E7 3A 6D 
	61 AD B4 03 7B F2 0A 9D C6 20 1A F3 F1 4E 12 55 
[cred] lookup ID_CRED len=14
A11822822E48EEC73FCBB0162676
[cred] cred_array entries: 1
[cred] candidate[0] len=14 A11822822E48EEC73FCBB0162676
prk_4e3m (size 32):
	99 D9 95 CE F7 F4 26 69 ED 2F D6 73 A7 A1 F2 E7 
	63 54 D4 A7 AD F0 24 59 1A E1 21 49 2B 20 4A 84 
TMP size: 32
CBOR ENCODE ERROR: 0
MAX ID CRED: 400 cred len 14
MAX CRED: 765 cred len 293
PK SIZE: 65
SIGNATURE SIZE: 500
CONTEXT_MAC_SIZE: 1204
CONTEXT_MAC len: 342
CR len: 1
TH enc len: 34
MAC context (size 341):
	A1 18 22 82 2E 48 EE C7 3F CB B0 16 26 76 58 20 
	B4 DA D5 A5 A8 13 9B FC 9D A7 68 7A 5A BC 3D D5 
	EC 43 D2 D8 19 55 4B A4 86 49 BB 38 5A 8A 4A 7A 
	59 01 22 30 82 01 1E 30 81 C5 A0 03 02 01 02 02 
	04 62 32 EF 6F 30 0A 06 08 2A 86 48 CE 3D 04 03 
	02 30 15 31 13 30 11 06 03 55 04 03 0C 0A 45 44 
	48 4F 43 20 52 6F 6F 74 30 1E 17 0D 32 32 30 33 
	31 37 30 38 32 31 30 33 5A 17 0D 32 39 31 32 33 
	31 32 33 30 30 30 30 5A 30 1A 31 18 30 16 06 03 
	55 04 03 0C 0F 45 44 48 4F 43 20 49 6E 69 74 69 
	61 74 6F 72 30 59 30 13 06 07 2A 86 48 CE 3D 02 
	01 06 08 2A 86 48 CE 3D 03 01 07 03 42 00 04 AC 
	75 E9 EC E3 E5 0B FC 8E D6 03 99 88 95 22 40 5C 
	47 BF 16 DF 96 66 0A 41 29 8C B4 30 7F 7E B6 6E 
	5D E6 11 38 8A 4B 8A 82 11 33 4A C7 D3 7E CB 52 
	A3 87 D2 57 E6 DB 3C 2A 93 DF 21 FF 3A FF C8 30 
	0A 06 08 2A 86 48 CE 3D 04 03 02 03 48 00 30 45 
	02 21 00 8C 32 3A 1F 33 21 38 AA B9 D0 BE AF B8 
	5F 8D 5A 44 07 3C 58 0F 59 5B C5 21 EF 91 3F 6E 
	F4 8D 11 02 20 6C 0A F1 A1 85 A4 E4 DE 06 35 36 
	99 23 1C 73 3A 6E 8D D2 DF 65 13 96 6C 91 30 15 
	2A 07 A2 BE DE 
is not DH, 32
MAC 2/3 (size 32):
	E3 D9 91 51 DB 87 20 ED FE 42 4A B5 61 DE 44 87 
	87 98 0E 75 57 0A 67 3A 41 5E 76 F9 49 9D CA 58 
TMP size: 32
CBOR ENCODE ERROR: 0
Signature or MAC verification successful!
th23 (size 32):
	B4 DA D5 A5 A8 13 9B FC 9D A7 68 7A 5A BC 3D D5 
	EC 43 D2 D8 19 55 4B A4 86 49 BB 38 5A 8A 4A 7A 
plaintext_23 (size 80):
	A1 18 22 82 2E 48 EE C7 3F CB B0 16 26 76 58 40 
	4A 5C 49 8C 30 BB A0 AB 65 81 18 6B 59 2C F2 F9 
	D6 DE 47 7A E6 20 57 AD C8 3C 0C BA 11 59 0C 0C 
	B4 B2 CB 4C 49 F0 07 EC 77 31 5C A8 9B E7 3A 6D 
	61 AD B4 03 7B F2 0A 9D C6 20 1A F3 F1 4E 12 55 
cred (size 293):
	59 01 22 30 82 01 1E 30 81 C5 A0 03 02 01 02 02 
	04 62 32 EF 6F 30 0A 06 08 2A 86 48 CE 3D 04 03 
	02 30 15 31 13 30 11 06 03 55 04 03 0C 0A 45 44 
	48 4F 43 20 52 6F 6F 74 30 1E 17 0D 32 32 30 33 
	31 37 30 38 32 31 30 33 5A 17 0D 32 39 31 32 33 
	31 32 33 30 30 30 30 5A 30 1A 31 18 30 16 06 03 
	55 04 03 0C 0F 45 44 48 4F 43 20 49 6E 69 74 69 
	61 74 6F 72 30 59 30 13 06 07 2A 86 48 CE 3D 02 
	01 06 08 2A 86 48 CE 3D 03 01 07 03 42 00 04 AC 
	75 E9 EC E3 E5 0B FC 8E D6 03 99 88 95 22 40 5C 
	47 BF 16 DF 96 66 0A 41 29 8C B4 30 7F 7E B6 6E 
	5D E6 11 38 8A 4B 8A 82 11 33 4A C7 D3 7E CB 52 
	A3 87 D2 57 E6 DB 3C 2A 93 DF 21 FF 3A FF C8 30 
	0A 06 08 2A 86 48 CE 3D 04 03 02 03 48 00 30 45 
	02 21 00 8C 32 3A 1F 33 21 38 AA B9 D0 BE AF B8 
	5F 8D 5A 44 07 3C 58 0F 59 5B C5 21 EF 91 3F 6E 
	F4 8D 11 02 20 6C 0A F1 A1 85 A4 E4 DE 06 35 36 
	99 23 1C 73 3A 6E 8D D2 DF 65 13 96 6C 91 30 15 
	2A 07 A2 BE DE 
TMP size: 32
CBOR ENCODE ERROR: 0
Encoded
memcopy1
memcopy2
Input to calculate TH_3/TH_4 (CBOR Sequence) (size 407):
	58 20 B4 DA D5 A5 A8 13 9B FC 9D A7 68 7A 5A BC 
	3D D5 EC 43 D2 D8 19 55 4B A4 86 49 BB 38 5A 8A 
	4A 7A A1 18 22 82 2E 48 EE C7 3F CB B0 16 26 76 
	58 40 4A 5C 49 8C 30 BB A0 AB 65 81 18 6B 59 2C 
	F2 F9 D6 DE 47 7A E6 20 57 AD C8 3C 0C BA 11 59 
	0C 0C B4 B2 CB 4C 49 F0 07 EC 77 31 5C A8 9B E7 
	3A 6D 61 AD B4 03 7B F2 0A 9D C6 20 1A F3 F1 4E 
	12 55 59 01 22 30 82 01 1E 30 81 C5 A0 03 02 01 
	02 02 04 62 32 EF 6F 30 0A 06 08 2A 86 48 CE 3D 
	04 03 02 30 15 31 13 30 11 06 03 55 04 03 0C 0A 
	45 44 48 4F 43 20 52 6F 6F 74 30 1E 17 0D 32 32 
	30 33 31 37 30 38 32 31 30 33 5A 17 0D 32 39 31 
	32 33 31 32 33 30 30 30 30 5A 30 1A 31 18 30 16 
	06 03 55 04 03 0C 0F 45 44 48 4F 43 20 49 6E 69 
	74 69 61 74 6F 72 30 59 30 13 06 07 2A 86 48 CE 
	3D 02 01 06 08 2A 86 48 CE 3D 03 01 07 03 42 00 
	04 AC 75 E9 EC E3 E5 0B FC 8E D6 03 99 88 95 22 
	40 5C 47 BF 16 DF 96 66 0A 41 29 8C B4 30 7F 7E 
	B6 6E 5D E6 11 38 8A 4B 8A 82 11 33 4A C7 D3 7E 
	CB 52 A3 87 D2 57 E6 DB 3C 2A 93 DF 21 FF 3A FF 
	C8 30 0A 06 08 2A 86 48 CE 3D 04 03 02 03 48 00 
	30 45 02 21 00 8C 32 3A 1F 33 21 38 AA B9 D0 BE 
	AF B8 5F 8D 5A 44 07 3C 58 0F 59 5B C5 21 EF 91 
	3F 6E F4 8D 11 02 20 6C 0A F1 A1 85 A4 E4 DE 06 
	35 36 99 23 1C 73 3A 6E 8D D2 DF 65 13 96 6C 91 
	30 15 2A 07 A2 BE DE 
TH34 (size 32):
	FB 69 0A 29 52 96 95 4C 6F 36 61 F5 29 33 C8 77 
	9D 84 84 3E 49 5B 0E 9C 62 C7 19 B4 D8 BE E9 14 
PRK_out (size 32):
	1A CB AD 96 C4 BE EC 47 4F 03 D2 AE D1 56 9A 9F 
	CE 92 95 A4 66 38 24 81 61 77 5E 97 69 CF D3 3D 
prk_exporter (size 32):
	1C BB 88 53 3F A3 D7 BD EF 38 10 A5 F9 E0 03 01 
	14 50 B3 02 15 17 58 2B 5E DA E4 98 E6 66 B1 1C 
OSCORE Master Secret (size 16)