[resp] get_suite
[resp] suite ready
IPv4 server with address 0.0.0.0 started!
[resp] socket ready
[resp] static DH keygen
[resp] static initiator pk
[resp] ephemeral DH keygen
[resp] starting edhoc_responder_run
[resp] rx got 1223 bytes
message_1 (CBOR Sequence) (size 1223):
	03 15 59 04 C0 FB B4 6F DD 17 E8 B7 0E C5 98 DE 
	CB B6 C8 4A 15 29 B0 DF CF 9E DE D9 C5 F8 D3 BF 
	64 F5 52 D2 10 97 FC BC B5 5C C2 AB FC 64 2F B5 
	6D F3 73 58 DF 5B C6 F8 A7 0B EC F0 44 67 87 33 
	22 E3 02 AD 4B AA 44 BC 5F 2C 31 2B 31 E5 87 5C 
	1B 8B B6 43 7B 03 13 08 7F 4C 99 87 C4 08 37 37 
	1F EB 10 95 B6 DB CC 74 3B CE 8C 5A 8D B4 CA 80 
	F2 AC B9 0A 94 09 34 74 C1 82 7A B0 D1 7A 7A 93 
	E9 2D D8 97 6D 33 89 83 84 0B C8 F7 34 1E 4F 24 
	9F 46 B1 3C 81 A0 A7 CA F0 16 54 A0 76 8C 4B 8C 
	D1 B4 B1 1D 39 BE F2 34 3B 12 47 5D A5 77 75 39 
	7A 95 67 8C 77 CC 69 B1 27 4A 3D 24 95 B5 06 B1 
	95 8A D3 A3 65 04 7C 0E EA 17 BA 41 12 9A 0B 85 
	DA 08 35 BC 09 AF 04 88 1F 99 BC C7 67 B8 15 9E 
	05 1F 48 27 9A 81 FB 68 EE 41 0B 63 C3 A4 B5 2B 
	3A C1 CC 72 FB B8 8E C0 B0 BC E2 C8 20 75 5A 7D 
	25 B0 4A 1D D0 90 D5 D3 6A F4 D7 6B AB 03 CB D8 
	61 10 EC FB 92 EE 9B CA 48 47 15 FE 54 CA AC 76 
	45 99 21 7A 4D F2 22 20 62 84 EF 7A 81 2A 91 C6 
	11 13 40 CF F1 72 A6 71 72 72 BC 62 77 55 9C 36 
	E9 6D 57 23 19 19 1B B1 91 FB 48 E5 B7 06 CF 2C 
	C2 7F 45 3B 21 20 1B F9 11 67 6D F8 92 8B 68 0B 
	74 B2 6F 1A 29 03 89 9C 0A A1 01 9A 35 13 7E 9C 
	C1 0E 49 35 40 5D 18 51 23 1C 42 F4 02 2C 24 D8 
	5F 43 77 49 C7 89 50 07 F4 58 06 D5 4D 83 44 BA 
	D3 23 02 B9 3A B2 59 22 8F FC 43 58 36 F3 59 14 
	F6 39 D2 BB 9D 20 53 0D 8E 60 2C 05 D7 C3 31 71 
	58 06 F3 27 C5 AA B9 15 4B 5D DD C1 B2 85 D6 68 
	CC D8 1B D1 52 BB 72 C2 12 56 CB 14 40 70 37 ED 
	D7 AD 3B 19 B4 06 F6 0E 71 77 10 7A BB 83 E0 B4 
	59 FA D1 7D 24 64 AB 13 90 43 09 79 86 8E 8C A9 
	E5 B3 03 72 56 C3 29 D8 4E 46 41 67 FF 30 5B 0F 
	B1 14 94 14 2F 68 BB 53 2E E4 80 43 34 C1 DB 45 
	5F 98 06 0E BA 0A 5E 6F CA 5E 45 F4 31 7D BA 61 
	D0 38 C6 13 91 7C 8B F2 90 63 1C 51 F6 13 7B A2 
	39 5A 09 BB A2 DB 08 69 E8 B4 A9 6C 42 9D 63 E1 
	3E 87 D3 41 39 D0 76 93 B9 A7 44 EC 4C C2 CA 09 
	91 57 0C 99 F5 40 C8 D1 7B 6D 5C 59 26 D4 03 4A 
	91 89 56 C8 A3 24 F3 2D 9E C1 36 AC 92 42 05 FA 
	26 1F C8 41 E7 F2 48 28 18 28 44 06 97 17 90 4F 
	72 56 AC E3 02 18 A8 E0 2F 79 8C 76 BD A9 7B 9B 
	AB 1A 3E 39 10 36 D3 A3 A5 91 8E E4 49 10 55 6C 
	0F 16 A1 4F 90 03 0D 4B E6 A3 CF 57 75 42 00 70 
	0F A4 AE 57 E6 86 17 D3 BC 76 63 C7 B6 47 98 EC 
	33 26 AC 3C 64 4F CA 01 22 1A B2 EC 05 7B 6B C1 
	6F 93 36 65 76 35 7A 6A CB 40 C5 EB 97 70 A3 0A 
	8E 72 96 13 9A 5E 69 F9 25 1B 54 88 C2 77 2B 5D 
	EC 6D 39 DC CD 94 65 7A 64 47 A7 A8 02 18 07 64 
	A7 51 51 B3 FF 15 4A 3A 18 48 19 81 CA AD 57 02 
	DA 2A 7E 72 42 AD E5 96 9D 71 0B C4 19 47 29 2E 
	37 89 A9 15 80 7F E9 9B 52 B2 54 01 0A 23 81 A5 
	2D 46 72 5D 63 54 0B 65 04 07 85 56 5A D0 12 7A 
	AA FC 4B A4 A9 5A A4 F0 3C 25 01 5C 1C B0 72 D1 
	9C 14 B4 EC 45 D4 E1 2B 52 A2 52 5D 4B 91 B8 5A 
	21 49 DB 69 A2 CA 13 7E 45 4E C7 93 21 A8 6A 6D 
	24 02 96 ED F6 0C C9 85 C9 6E 25 34 1A 73 13 17 
	F6 49 B4 59 65 5F 72 36 42 C5 4C B8 45 5A 47 46 
	C2 A5 F7 91 0C B7 0D E6 45 5D A8 06 B4 D3 D0 12 
	31 19 43 7F CB 0F 68 E8 3F B7 C7 8B 67 63 88 8D 
	B4 11 7D D4 2D 6F 94 54 47 44 50 0F 77 6A 2F F4 
	88 12 16 62 BD 72 85 FD 50 4B 21 16 AF 37 B8 0E 
	05 71 4A 45 BC 44 8C 57 56 FB C8 10 68 E7 61 F9 
	B9 AE 21 43 A4 93 14 71 55 C4 72 3C 12 C0 08 65 
	96 3F BC 66 7B 70 61 48 52 66 D8 7B 36 A4 CC 49 
	65 41 8B F5 4B 73 9C 1A A9 7D 30 6A 78 9B 55 1D 
	22 2E BA 40 5F C9 2C 5F 9A 54 34 30 B6 0E 09 83 
	53 53 45 BE 4B 03 0D 17 79 C3 AB CB B7 04 1B 6B 
	66 6A 64 86 E6 A4 21 D8 75 99 BB 5D 01 37 18 B3 
	B0 A8 98 EC 38 7F CA A6 12 45 2E 85 F8 44 69 88 
	6E 23 B7 6E 8A 59 89 E9 FC 3A A5 58 16 A4 14 23 
	28 A4 B3 EA A9 31 69 82 80 70 55 A9 88 87 6C EC 
	91 9F 2D E8 87 9D 9B 94 B9 39 15 89 F7 19 25 D6 
	78 D2 15 A5 A6 E9 21 55 80 B2 D1 2C CB 8F D2 5E 
	F4 54 57 B1 93 47 AD 69 2E 84 E6 5A 64 60 2E 9E 
	67 3B 39 18 82 B8 EC AC FF EA 16 10 C3 A0 7A 09 
	56 6F 36 2D 16 7B 38 65 28 09 1C 84 94 66 D4 1C 
	BE 7E 9C B1 4E 41 49 
msg1  (size 1223):
	03 15 59 04 C0 FB B4 6F DD 17 E8 B7 0E C5 98 DE 
	CB B6 C8 4A 15 29 B0 DF CF 9E DE D9 C5 F8 D3 BF 
	64 F5 52 D2 10 97 FC BC B5 5C C2 AB FC 64 2F B5 
	6D F3 73 58 DF 5B C6 F8 A7 0B EC F0 44 67 87 33 
	22 E3 02 AD 4B AA 44 BC 5F 2C 31 2B 31 E5 87 5C 
	1B 8B B6 43 7B 03 13 08 7F 4C 99 87 C4 08 37 37 
	1F EB 10 95 B6 DB CC 74 3B CE 8C 5A 8D B4 CA 80 
	F2 AC B9 0A 94 09 34 74 C1 82 7A B0 D1 7A 7A 93 
	E9 2D D8 97 6D 33 89 83 84 0B C8 F7 34 1E 4F 24 
	9F 46 B1 3C 81 A0 A7 CA F0 16 54 A0 76 8C 4B 8C 
	D1 B4 B1 1D 39 BE F2 34 3B 12 47 5D A5 77 75 39 
	7A 95 67 8C 77 CC 69 B1 27 4A 3D 24 95 B5 06 B1 
	95 8A D3 A3 65 04 7C 0E EA 17 BA 41 12 9A 0B 85 
	DA 08 35 BC 09 AF 04 88 1F 99 BC C7 67 B8 15 9E 
	05 1F 48 27 9A 81 FB 68 EE 41 0B 63 C3 A4 B5 2B 
	3A C1 CC 72 FB B8 8E C0 B0 BC E2 C8 20 75 5A 7D 
	25 B0 4A 1D D0 90 D5 D3 6A F4 D7 6B AB 03 CB D8 
	61 10 EC FB 92 EE 9B CA 48 47 15 FE 54 CA AC 76 
	45 99 21 7A 4D F2 22 20 62 84 EF 7A 81 2A 91 C6 
	11 13 40 CF F1 72 A6 71 72 72 BC 62 77 55 9C 36 
	E9 6D 57 23 19 19 1B B1 91 FB 48 E5 B7 06 CF 2C 
	C2 7F 45 3B 21 20 1B F9 11 67 6D F8 92 8B 68 0B 
	74 B2 6F 1A 29 03 89 9C 0A A1 01 9A 35 13 7E 9C 
	C1 0E 49 35 40 5D 18 51 23 1C 42 F4 02 2C 24 D8 
	5F 43 77 49 C7 89 50 07 F4 58 06 D5 4D 83 44 BA 
	D3 23 02 B9 3A B2 59 22 8F FC 43 58 36 F3 59 14 
	F6 39 D2 BB 9D 20 53 0D 8E 60 2C 05 D7 C3 31 71 
	58 06 F3 27 C5 AA B9 15 4B 5D DD C1 B2 85 D6 68 
	CC D8 1B D1 52 BB 72 C2 12 56 CB 14 40 70 37 ED 
	D7 AD 3B 19 B4 06 F6 0E 71 77 10 7A BB 83 E0 B4 
	59 FA D1 7D 24 64 AB 13 90 43 09 79 86 8E 8C A9 
	E5 B3 03 72 56 C3 29 D8 4E 46 41 67 FF 30 5B 0F 
	B1 14 94 14 2F 68 BB 53 2E E4 80 43 34 C1 DB 45 
	5F 98 06 0E BA 0A 5E 6F CA 5E 45 F4 31 7D BA 61 
	D0 38 C6 13 91 7C 8B F2 90 63 1C 51 F6 13 7B A2 
	39 5A 09 BB A2 DB 08 69 E8 B4 A9 6C 42 9D 63 E1 
	3E 87 D3 41 39 D0 76 93 B9 A7 44 EC 4C C2 CA 09 
	91 57 0C 99 F5 40 C8 D1 7B 6D 5C 59 26 D4 03 4A 
	91 89 56 C8 A3 24 F3 2D 9E C1 36 AC 92 42 05 FA 
	26 1F C8 41 E7 F2 48 28 18 28 44 06 97 17 90 4F 
	72 56 AC E3 02 18 A8 E0 2F 79 8C 76 BD A9 7B 9B 
	AB 1A 3E 39 10 36 D3 A3 A5 91 8E E4 49 10 55 6C 
	0F 16 A1 4F 90 03 0D 4B E6 A3 CF 57 75 42 00 70 
	0F A4 AE 57 E6 86 17 D3 BC 76 63 C7 B6 47 98 EC 
	33 26 AC 3C 64 4F CA 01 22 1A B2 EC 05 7B 6B C1 
	6F 93 36 65 76 35 7A 6A CB 40 C5 EB 97 70 A3 0A 
	8E 72 96 13 9A 5E 69 F9 25 1B 54 88 C2 77 2B 5D 
	EC 6D 39 DC CD 94 65 7A 64 47 A7 A8 02 18 07 64 
	A7 51 51 B3 FF 15 4A 3A 18 48 19 81 CA AD 57 02 
	DA 2A 7E 72 42 AD E5 96 9D 71 0B C4 19 47 29 2E 
	37 89 A9 15 80 7F E9 9B 52 B2 54 01 0A 23 81 A5 
	2D 46 72 5D 63 54 0B 65 04 07 85 56 5A D0 12 7A 
	AA FC 4B A4 A9 5A A4 F0 3C 25 01 5C 1C B0 72 D1 
	9C 14 B4 EC 45 D4 E1 2B 52 A2 52 5D 4B 91 B8 5A 
	21 49 DB 69 A2 CA 13 7E 45 4E C7 93 21 A8 6A 6D 
	24 02 96 ED F6 0C C9 85 C9 6E 25 34 1A 73 13 17 
	F6 49 B4 59 65 5F 72 36 42 C5 4C B8 45 5A 47 46 
	C2 A5 F7 91 0C B7 0D E6 45 5D A8 06 B4 D3 D0 12 
	31 19 43 7F CB 0F 68 E8 3F B7 C7 8B 67 63 88 8D 
	B4 11 7D D4 2D 6F 94 54 47 44 50 0F 77 6A 2F F4 
	88 12 16 62 BD 72 85 FD 50 4B 21 16 AF 37 B8 0E 
	05 71 4A 45 BC 44 8C 57 56 FB C8 10 68 E7 61 F9 
	B9 AE 21 43 A4 93 14 71 55 C4 72 3C 12 C0 08 65 
	96 3F BC 66 7B 70 61 48 52 66 D8 7B 36 A4 CC 49 
	65 41 8B F5 4B 73 9C 1A A9 7D 30 6A 78 9B 55 1D 
	22 2E BA 40 5F C9 2C 5F 9A 54 34 30 B6 0E 09 83 
	53 53 45 BE 4B 03 0D 17 79 C3 AB CB B7 04 1B 6B 
	66 6A 64 86 E6 A4 21 D8 75 99 BB 5D 01 37 18 B3 
	B0 A8 98 EC 38 7F CA A6 12 45 2E 85 F8 44 69 88 
	6E 23 B7 6E 8A 59 89 E9 FC 3A A5 58 16 A4 14 23 
	28 A4 B3 EA A9 31 69 82 80 70 55 A9 88 87 6C EC 
	91 9F 2D E8 87 9D 9B 94 B9 39 15 89 F7 19 25 D6 
	78 D2 15 A5 A6 E9 21 55 80 B2 D1 2C CB 8F D2 5E 
	F4 54 57 B1 93 47 AD 69 2E 84 E6 5A 64 60 2E 9E 
	67 3B 39 18 82 B8 EC AC FF EA 16 10 C3 A0 7A 09 
	56 6F 36 2D 16 7B 38 65 28 09 1C 84 94 66 D4 1C 
	BE 7E 9C B1 4E 41 49 
msg1 METHOD: 3
msg1 SUITES_I (size 1):
	15 
g_x len 1216
g_x len message 1 1216
msg1 G_X (size 1216):
	FB B4 6F DD 17 E8 B7 0E C5 98 DE CB B6 C8 4A 15 
	29 B0 DF CF 9E DE D9 C5 F8 D3 BF 64 F5 52 D2 10 
	97 FC BC B5 5C C2 AB FC 64 2F B5 6D F3 73 58 DF 
	5B C6 F8 A7 0B EC F0 44 67 87 33 22 E3 02 AD 4B 
	AA 44 BC 5F 2C 31 2B 31 E5 87 5C 1B 8B B6 43 7B 
	03 13 08 7F 4C 99 87 C4 08 37 37 1F EB 10 95 B6 
	DB CC 74 3B CE 8C 5A 8D B4 CA 80 F2 AC B9 0A 94 
	09 34 74 C1 82 7A B0 D1 7A 7A 93 E9 2D D8 97 6D 
	33 89 83 84 0B C8 F7 34 1E 4F 24 9F 46 B1 3C 81 
	A0 A7 CA F0 16 54 A0 76 8C 4B 8C D1 B4 B1 1D 39 
	BE F2 34 3B 12 47 5D A5 77 75 39 7A 95 67 8C 77 
	CC 69 B1 27 4A 3D 24 95 B5 06 B1 95 8A D3 A3 65 
	04 7C 0E EA 17 BA 41 12 9A 0B 85 DA 08 35 BC 09 
	AF 04 88 1F 99 BC C7 67 B8 15 9E 05 1F 48 27 9A 
	81 FB 68 EE 41 0B 63 C3 A4 B5 2B 3A C1 CC 72 FB 
	B8 8E C0 B0 BC E2 C8 20 75 5A 7D 25 B0 4A 1D D0 
	90 D5 D3 6A F4 D7 6B AB 03 CB D8 61 10 EC FB 92 
	EE 9B CA 48 47 15 FE 54 CA AC 76 45 99 21 7A 4D 
	F2 22 20 62 84 EF 7A 81 2A 91 C6 11 13 40 CF F1 
	72 A6 71 72 72 BC 62 77 55 9C 36 E9 6D 57 23 19 
	19 1B B1 91 FB 48 E5 B7 06 CF 2C C2 7F 45 3B 21 
	20 1B F9 11 67 6D F8 92 8B 68 0B 74 B2 6F 1A 29 
	03 89 9C 0A A1 01 9A 35 13 7E 9C C1 0E 49 35 40 
	5D 18 51 23 1C 42 F4 02 2C 24 D8 5F 43 77 49 C7 
	89 50 07 F4 58 06 D5 4D 83 44 BA D3 23 02 B9 3A 
	B2 59 22 8F FC 43 58 36 F3 59 14 F6 39 D2 BB 9D 
	20 53 0D 8E 60 2C 05 D7 C3 31 71 58 06 F3 27 C5 
	AA B9 15 4B 5D DD C1 B2 85 D6 68 CC D8 1B D1 52 
	BB 72 C2 12 56 CB 14 40 70 37 ED D7 AD 3B 19 B4 
	06 F6 0E 71 77 10 7A BB 83 E0 B4 59 FA D1 7D 24 
	64 AB 13 90 43 09 79 86 8E 8C A9 E5 B3 03 72 56 
	C3 29 D8 4E 46 41 67 FF 30 5B 0F B1 14 94 14 2F 
	68 BB 53 2E E4 80 43 34 C1 DB 45 5F 98 06 0E BA 
	0A 5E 6F CA 5E 45 F4 31 7D BA 61 D0 38 C6 13 91 
	7C 8B F2 90 63 1C 51 F6 13 7B A2 39 5A 09 BB A2 
	DB 08 69 E8 B4 A9 6C 42 9D 63 E1 3E 87 D3 41 39 
	D0 76 93 B9 A7 44 EC 4C C2 CA 09 91 57 0C 99 F5 
	40 C8 D1 7B 6D 5C 59 26 D4 03 4A 91 89 56 C8 A3 
	24 F3 2D 9E C1 36 AC 92 42 05 FA 26 1F C8 41 E7 
	F2 48 28 18 28 44 06 97 17 90 4F 72 56 AC E3 02 
	18 A8 E0 2F 79 8C 76 BD A9 7B 9B AB 1A 3E 39 10 
	36 D3 A3 A5 91 8E E4 49 10 55 6C 0F 16 A1 4F 90 
	03 0D 4B E6 A3 CF 57 75 42 00 70 0F A4 AE 57 E6 
	86 17 D3 BC 76 63 C7 B6 47 98 EC 33 26 AC 3C 64 
	4F CA 01 22 1A B2 EC 05 7B 6B C1 6F 93 36 65 76 
	35 7A 6A CB 40 C5 EB 97 70 A3 0A 8E 72 96 13 9A 
	5E 69 F9 25 1B 54 88 C2 77 2B 5D EC 6D 39 DC CD 
	94 65 7A 64 47 A7 A8 02 18 07 64 A7 51 51 B3 FF 
	15 4A 3A 18 48 19 81 CA AD 57 02 DA 2A 7E 72 42 
	AD E5 96 9D 71 0B C4 19 47 29 2E 37 89 A9 15 80 
	7F E9 9B 52 B2 54 01 0A 23 81 A5 2D 46 72 5D 63 
	54 0B 65 04 07 85 56 5A D0 12 7A AA FC 4B A4 A9 
	5A A4 F0 3C 25 01 5C 1C B0 72 D1 9C 14 B4 EC 45 
	D4 E1 2B 52 A2 52 5D 4B 91 B8 5A 21 49 DB 69 A2 
	CA 13 7E 45 4E C7 93 21 A8 6A 6D 24 02 96 ED F6 
	0C C9 85 C9 6E 25 34 1A 73 13 17 F6 49 B4 59 65 
	5F 72 36 42 C5 4C B8 45 5A 47 46 C2 A5 F7 91 0C 
	B7 0D E6 45 5D A8 06 B4 D3 D0 12 31 19 43 7F CB 
	0F 68 E8 3F B7 C7 8B 67 63 88 8D B4 11 7D D4 2D 
	6F 94 54 47 44 50 0F 77 6A 2F F4 88 12 16 62 BD 
	72 85 FD 50 4B 21 16 AF 37 B8 0E 05 71 4A 45 BC 
	44 8C 57 56 FB C8 10 68 E7 61 F9 B9 AE 21 43 A4 
	93 14 71 55 C4 72 3C 12 C0 08 65 96 3F BC 66 7B 
	70 61 48 52 66 D8 7B 36 A4 CC 49 65 41 8B F5 4B 
	73 9C 1A A9 7D 30 6A 78 9B 55 1D 22 2E BA 40 5F 
	C9 2C 5F 9A 54 34 30 B6 0E 09 83 53 53 45 BE 4B 
	03 0D 17 79 C3 AB CB B7 04 1B 6B 66 6A 64 86 E6 
	A4 21 D8 75 99 BB 5D 01 37 18 B3 B0 A8 98 EC 38 
	7F CA A6 12 45 2E 85 F8 44 69 88 6E 23 B7 6E 8A 
	59 89 E9 FC 3A A5 58 16 A4 14 23 28 A4 B3 EA A9 
	31 69 82 80 70 55 A9 88 87 6C EC 91 9F 2D E8 87 
	9D 9B 94 B9 39 15 89 F7 19 25 D6 78 D2 15 A5 A6 
	E9 21 55 80 B2 D1 2C CB 8F D2 5E F4 54 57 B1 93 
	47 AD 69 2E 84 E6 5A 64 60 2E 9E 67 3B 39 18 82 
	B8 EC AC FF EA 16 10 C3 A0 7A 09 56 6F 36 2D 16 
	7B 38 65 28 09 1C 84 94 66 D4 1C BE 7E 9C B1 4E 
msg1 C_I_raw (size 1):
	49 
Suite 21 will be used in this EDHOC run.
PQ/T hybrid declare second array
PQ/T hybrid suit
PQ/T y  (size 32):
	38 89 C4 E0 B5 3B 03 FA 44 FB A6 AF 89 EE AA 5F 
	43 47 E8 49 6E 93 4C E8 13 64 E1 32 CF CA 25 6D 
PQ/T gx  (size 1216):
	FB B4 6F DD 17 E8 B7 0E C5 98 DE CB B6 C8 4A 15 
	29 B0 DF CF 9E DE D9 C5 F8 D3 BF 64 F5 52 D2 10 
	97 FC BC B5 5C C2 AB FC 64 2F B5 6D F3 73 58 DF 
	5B C6 F8 A7 0B EC F0 44 67 87 33 22 E3 02 AD 4B 
	AA 44 BC 5F 2C 31 2B 31 E5 87 5C 1B 8B B6 43 7B 
	03 13 08 7F 4C 99 87 C4 08 37 37 1F EB 10 95 B6 
	DB CC 74 3B CE 8C 5A 8D B4 CA 80 F2 AC B9 0A 94 
	09 34 74 C1 82 7A B0 D1 7A 7A 93 E9 2D D8 97 6D 
	33 89 83 84 0B C8 F7 34 1E 4F 24 9F 46 B1 3C 81 
	A0 A7 CA F0 16 54 A0 76 8C 4B 8C D1 B4 B1 1D 39 
	BE F2 34 3B 12 47 5D A5 77 75 39 7A 95 67 8C 77 
	CC 69 B1 27 4A 3D 24 95 B5 06 B1 95 8A D3 A3 65 
	04 7C 0E EA 17 BA 41 12 9A 0B 85 DA 08 35 BC 09 
	AF 04 88 1F 99 BC C7 67 B8 15 9E 05 1F 48 27 9A 
	81 FB 68 EE 41 0B 63 C3 A4 B5 2B 3A C1 CC 72 FB 
	B8 8E C0 B0 BC E2 C8 20 75 5A 7D 25 B0 4A 1D D0 
	90 D5 D3 6A F4 D7 6B AB 03 CB D8 61 10 EC FB 92 
	EE 9B CA 48 47 15 FE 54 CA AC 76 45 99 21 7A 4D 
	F2 22 20 62 84 EF 7A 81 2A 91 C6 11 13 40 CF F1 
	72 A6 71 72 72 BC 62 77 55 9C 36 E9 6D 57 23 19 
	19 1B B1 91 FB 48 E5 B7 06 CF 2C C2 7F 45 3B 21 
	20 1B F9 11 67 6D F8 92 8B 68 0B 74 B2 6F 1A 29 
	03 89 9C 0A A1 01 9A 35 13 7E 9C C1 0E 49 35 40 
	5D 18 51 23 1C 42 F4 02 2C 24 D8 5F 43 77 49 C7 
	89 50 07 F4 58 06 D5 4D 83 44 BA D3 23 02 B9 3A 
	B2 59 22 8F FC 43 58 36 F3 59 14 F6 39 D2 BB 9D 
	20 53 0D 8E 60 2C 05 D7 C3 31 71 58 06 F3 27 C5 
	AA B9 15 4B 5D DD C1 B2 85 D6 68 CC D8 1B D1 52 
	BB 72 C2 12 56 CB 14 40 70 37 ED D7 AD 3B 19 B4 
	06 F6 0E 71 77 10 7A BB 83 E0 B4 59 FA D1 7D 24 
	64 AB 13 90 43 09 79 86 8E 8C A9 E5 B3 03 72 56 
	C3 29 D8 4E 46 41 67 FF 30 5B 0F B1 14 94 14 2F 
	68 BB 53 2E E4 80 43 34 C1 DB 45 5F 98 06 0E BA 
	0A 5E 6F CA 5E 45 F4 31 7D BA 61 D0 38 C6 13 91 
	7C 8B F2 90 63 1C 51 F6 13 7B A2 39 5A 09 BB A2 
	DB 08 69 E8 B4 A9 6C 42 9D 63 E1 3E 87 D3 41 39 
	D0 76 93 B9 A7 44 EC 4C C2 CA 09 91 57 0C 99 F5 
	40 C8 D1 7B 6D 5C 59 26 D4 03 4A 91 89 56 C8 A3 
	24 F3 2D 9E C1 36 AC 92 42 05 FA 26 1F C8 41 E7 
	F2 48 28 18 28 44 06 97 17 90 4F 72 56 AC E3 02 
	18 A8 E0 2F 79 8C 76 BD A9 7B 9B AB 1A 3E 39 10 
	36 D3 A3 A5 91 8E E4 49 10 55 6C 0F 16 A1 4F 90 
	03 0D 4B E6 A3 CF 57 75 42 00 70 0F A4 AE 57 E6 
	86 17 D3 BC 76 63 C7 B6 47 98 EC 33 26 AC 3C 64 
	4F CA 01 22 1A B2 EC 05 7B 6B C1 6F 93 36 65 76 
	35 7A 6A CB 40 C5 EB 97 70 A3 0A 8E 72 96 13 9A 
	5E 69 F9 25 1B 54 88 C2 77 2B 5D EC 6D 39 DC CD 
	94 65 7A 64 47 A7 A8 02 18 07 64 A7 51 51 B3 FF 
	15 4A 3A 18 48 19 81 CA AD 57 02 DA 2A 7E 72 42 
	AD E5 96 9D 71 0B C4 19 47 29 2E 37 89 A9 15 80 
	7F E9 9B 52 B2 54 01 0A 23 81 A5 2D 46 72 5D 63 
	54 0B 65 04 07 85 56 5A D0 12 7A AA FC 4B A4 A9 
	5A A4 F0 3C 25 01 5C 1C B0 72 D1 9C 14 B4 EC 45 
	D4 E1 2B 52 A2 52 5D 4B 91 B8 5A 21 49 DB 69 A2 
	CA 13 7E 45 4E C7 93 21 A8 6A 6D 24 02 96 ED F6 
	0C C9 85 C9 6E 25 34 1A 73 13 17 F6 49 B4 59 65 
	5F 72 36 42 C5 4C B8 45 5A 47 46 C2 A5 F7 91 0C 
	B7 0D E6 45 5D A8 06 B4 D3 D0 12 31 19 43 7F CB 
	0F 68 E8 3F B7 C7 8B 67 63 88 8D B4 11 7D D4 2D 
	6F 94 54 47 44 50 0F 77 6A 2F F4 88 12 16 62 BD 
	72 85 FD 50 4B 21 16 AF 37 B8 0E 05 71 4A 45 BC 
	44 8C 57 56 FB C8 10 68 E7 61 F9 B9 AE 21 43 A4 
	93 14 71 55 C4 72 3C 12 C0 08 65 96 3F BC 66 7B 
	70 61 48 52 66 D8 7B 36 A4 CC 49 65 41 8B F5 4B 
	73 9C 1A A9 7D 30 6A 78 9B 55 1D 22 2E BA 40 5F 
	C9 2C 5F 9A 54 34 30 B6 0E 09 83 53 53 45 BE 4B 
	03 0D 17 79 C3 AB CB B7 04 1B 6B 66 6A 64 86 E6 
	A4 21 D8 75 99 BB 5D 01 37 18 B3 B0 A8 98 EC 38 
	7F CA A6 12 45 2E 85 F8 44 69 88 6E 23 B7 6E 8A 
	59 89 E9 FC 3A A5 58 16 A4 14 23 28 A4 B3 EA A9 
	31 69 82 80 70 55 A9 88 87 6C EC 91 9F 2D E8 87 
	9D 9B 94 B9 39 15 89 F7 19 25 D6 78 D2 15 A5 A6 
	E9 21 55 80 B2 D1 2C CB 8F D2 5E F4 54 57 B1 93 
	47 AD 69 2E 84 E6 5A 64 60 2E 9E 67 3B 39 18 82 
	B8 EC AC FF EA 16 10 C3 A0 7A 09 56 6F 36 2D 16 
	7B 38 65 28 09 1C 84 94 66 D4 1C BE 7E 9C B1 4E 
DH y  (size 32):
	38 89 C4 E0 B5 3B 03 FA 44 FB A6 AF 89 EE AA 5F 
	43 47 E8 49 6E 93 4C E8 13 64 E1 32 CF CA 25 6D 
DH gx  (size 32):
	FB B4 6F DD 17 E8 B7 0E C5 98 DE CB B6 C8 4A 15 
	29 B0 DF CF 9E DE D9 C5 F8 D3 BF 64 F5 52 D2 10 
SHARED SECRET DERIVE
G_XY (ECDH shared secret)  (size 32):
	23 42 DA 3A 44 A9 28 77 02 7E D4 DE 6D 1E 8E A1 
	6A 64 F6 60 1A CF 0D 09 79 E2 32 07 86 54 F8 6D 
KEM mechanism
KEM - g_x  (size 1184):
	97 FC BC B5 5C C2 AB FC 64 2F B5 6D F3 73 58 DF 
	5B C6 F8 A7 0B EC F0 44 67 87 33 22 E3 02 AD 4B 
	AA 44 BC 5F 2C 31 2B 31 E5 87 5C 1B 8B B6 43 7B 
	03 13 08 7F 4C 99 87 C4 08 37 37 1F EB 10 95 B6 
	DB CC 74 3B CE 8C 5A 8D B4 CA 80 F2 AC B9 0A 94 
	09 34 74 C1 82 7A B0 D1 7A 7A 93 E9 2D D8 97 6D 
	33 89 83 84 0B C8 F7 34 1E 4F 24 9F 46 B1 3C 81 
	A0 A7 CA F0 16 54 A0 76 8C 4B 8C D1 B4 B1 1D 39 
	BE F2 34 3B 12 47 5D A5 77 75 39 7A 95 67 8C 77 
	CC 69 B1 27 4A 3D 24 95 B5 06 B1 95 8A D3 A3 65 
	04 7C 0E EA 17 BA 41 12 9A 0B 85 DA 08 35 BC 09 
	AF 04 88 1F 99 BC C7 67 B8 15 9E 05 1F 48 27 9A 
	81 FB 68 EE 41 0B 63 C3 A4 B5 2B 3A C1 CC 72 FB 
	B8 8E C0 B0 BC E2 C8 20 75 5A 7D 25 B0 4A 1D D0 
	90 D5 D3 6A F4 D7 6B AB 03 CB D8 61 10 EC FB 92 
	EE 9B CA 48 47 15 FE 54 CA AC 76 45 99 21 7A 4D 
	F2 22 20 62 84 EF 7A 81 2A 91 C6 11 13 40 CF F1 
	72 A6 71 72 72 BC 62 77 55 9C 36 E9 6D 57 23 19 
	19 1B B1 91 FB 48 E5 B7 06 CF 2C C2 7F 45 3B 21 
	20 1B F9 11 67 6D F8 92 8B 68 0B 74 B2 6F 1A 29 
	03 89 9C 0A A1 01 9A 35 13 7E 9C C1 0E 49 35 40 
	5D 18 51 23 1C 42 F4 02 2C 24 D8 5F 43 77 49 C7 
	89 50 07 F4 58 06 D5 4D 83 44 BA D3 23 02 B9 3A 
	B2 59 22 8F FC 43 58 36 F3 59 14 F6 39 D2 BB 9D 
	20 53 0D 8E 60 2C 05 D7 C3 31 71 58 06 F3 27 C5 
	AA B9 15 4B 5D DD C1 B2 85 D6 68 CC D8 1B D1 52 
	BB 72 C2 12 56 CB 14 40 70 37 ED D7 AD 3B 19 B4 
	06 F6 0E 71 77 10 7A BB 83 E0 B4 59 FA D1 7D 24 
	64 AB 13 90 43 09 79 86 8E 8C A9 E5 B3 03 72 56 
	C3 29 D8 4E 46 41 67 FF 30 5B 0F B1 14 94 14 2F 
	68 BB 53 2E E4 80 43 34 C1 DB 45 5F 98 06 0E BA 
	0A 5E 6F CA 5E 45 F4 31 7D BA 61 D0 38 C6 13 91 
	7C 8B F2 90 63 1C 51 F6 13 7B A2 39 5A 09 BB A2 
	DB 08 69 E8 B4 A9 6C 42 9D 63 E1 3E 87 D3 41 39 
	D0 76 93 B9 A7 44 EC 4C C2 CA 09 91 57 0C 99 F5 
	40 C8 D1 7B 6D 5C 59 26 D4 03 4A 91 89 56 C8 A3 
	24 F3 2D 9E C1 36 AC 92 42 05 FA 26 1F C8 41 E7 
	F2 48 28 18 28 44 06 97 17 90 4F 72 56 AC E3 02 
	18 A8 E0 2F 79 8C 76 BD A9 7B 9B AB 1A 3E 39 10 
	36 D3 A3 A5 91 8E E4 49 10 55 6C 0F 16 A1 4F 90 
	03 0D 4B E6 A3 CF 57 75 42 00 70 0F A4 AE 57 E6 
	86 17 D3 BC 76 63 C7 B6 47 98 EC 33 26 AC 3C 64 
	4F CA 01 22 1A B2 EC 05 7B 6B C1 6F 93 36 65 76 
	35 7A 6A CB 40 C5 EB 97 70 A3 0A 8E 72 96 13 9A 
	5E 69 F9 25 1B 54 88 C2 77 2B 5D EC 6D 39 DC CD 
	94 65 7A 64 47 A7 A8 02 18 07 64 A7 51 51 B3 FF 
	15 4A 3A 18 48 19 81 CA AD 57 02 DA 2A 7E 72 42 
	AD E5 96 9D 71 0B C4 19 47 29 2E 37 89 A9 15 80 
	7F E9 9B 52 B2 54 01 0A 23 81 A5 2D 46 72 5D 63 
	54 0B 65 04 07 85 56 5A D0 12 7A AA FC 4B A4 A9 
	5A A4 F0 3C 25 01 5C 1C B0 72 D1 9C 14 B4 EC 45 
	D4 E1 2B 52 A2 52 5D 4B 91 B8 5A 21 49 DB 69 A2 
	CA 13 7E 45 4E C7 93 21 A8 6A 6D 24 02 96 ED F6 
	0C C9 85 C9 6E 25 34 1A 73 13 17 F6 49 B4 59 65 
	5F 72 36 42 C5 4C B8 45 5A 47 46 C2 A5 F7 91 0C 
	B7 0D E6 45 5D A8 06 B4 D3 D0 12 31 19 43 7F CB 
	0F 68 E8 3F B7 C7 8B 67 63 88 8D B4 11 7D D4 2D 
	6F 94 54 47 44 50 0F 77 6A 2F F4 88 12 16 62 BD 
	72 85 FD 50 4B 21 16 AF 37 B8 0E 05 71 4A 45 BC 
	44 8C 57 56 FB C8 10 68 E7 61 F9 B9 AE 21 43 A4 
	93 14 71 55 C4 72 3C 12 C0 08 65 96 3F BC 66 7B 
	70 61 48 52 66 D8 7B 36 A4 CC 49 65 41 8B F5 4B 
	73 9C 1A A9 7D 30 6A 78 9B 55 1D 22 2E BA 40 5F 
	C9 2C 5F 9A 54 34 30 B6 0E 09 83 53 53 45 BE 4B 
	03 0D 17 79 C3 AB CB B7 04 1B 6B 66 6A 64 86 E6 
	A4 21 D8 75 99 BB 5D 01 37 18 B3 B0 A8 98 EC 38 
	7F CA A6 12 45 2E 85 F8 44 69 88 6E 23 B7 6E 8A 
	59 89 E9 FC 3A A5 58 16 A4 14 23 28 A4 B3 EA A9 
	31 69 82 80 70 55 A9 88 87 6C EC 91 9F 2D E8 87 
	9D 9B 94 B9 39 15 89 F7 19 25 D6 78 D2 15 A5 A6 
	E9 21 55 80 B2 D1 2C CB 8F D2 5E F4 54 57 B1 93 
	47 AD 69 2E 84 E6 5A 64 60 2E 9E 67 3B 39 18 82 
	B8 EC AC FF EA 16 10 C3 A0 7A 09 56 6F 36 2D 16 
	7B 38 65 28 09 1C 84 94 66 D4 1C BE 7E 9C B1 4E 
gx PQ/T size: 1216 - KEM size 1184
PQ/T g_y  (size 1120):
	27 B1 D6 35 A6 63 38 2D 99 E0 31 B3 E9 A5 D6 82 
	A0 95 45 04 93 56 AF 6F 13 54 DE D1 3E D2 9C 72 
	00 00 00 00 00 00 00 00 00 00 00 00 00 00 00 00 
	00 00 00 00 00 00 00 00 00 00 00 00 00 00 00 00 
	00 00 00 00 00 00 00 00 00 00 00 00 00 00 00 00 
	00 00 00 00 00 00 00 00 00 00 00 00 00 00 00 00 
	00 00 00 00 00 00 00 00 00 00 00 00 00 00 00 00 
	00 00 00 00 00 00 00 00 00 00 00 00 00 00 00 00 
	00 00 00 00 00 00 00 00 00 00 00 00 00 00 00 00 
	00 00 00 00 00 00 00 00 00 00 00 00 00 00 00 00 
	00 00 00 00 00 00 00 00 00 00 00 00 00 00 00 00 
	00 00 00 00 00 00 00 00 00 00 00 00 00 00 00 00 
	00 00 00 00 00 00 00 00 00 00 00 00 00 00 00 00 
	00 00 00 00 00 00 00 00 00 00 00 00 00 00 00 00 
	00 00 00 00 00 00 00 00 00 00 00 00 00 00 00 00 
	00 00 00 00 00 00 00 00 00 00 00 00 00 00 00 00 
	00 00 00 00 00 00 00 00 00 00 00 00 00 00 00 00 
	00 00 00 00 00 00 00 00 00 00 00 00 00 00 00 00 
	00 00 00 00 00 00 00 00 00 00 00 00 00 00 00 00 
	00 00 00 00 00 00 00 00 00 00 00 00 00 00 00 00 
	00 00 00 00 00 00 00 00 00 00 00 00 00 00 00 00 
	00 00 00 00 00 00 00 00 00 00 00 00 00 00 00 00 
	00 00 00 00 00 00 00 00 00 00 00 00 00 00 00 00 
	00 00 00 00 00 00 00 00 00 00 00 00 00 00 00 00 
	00 00 00 00 00 00 00 00 00 00 00 00 00 00 00 00 
	00 00 00 00 00 00 00 00 00 00 00 00 00 00 00 00 
	00 00 00 00 00 00 00 00 00 00 00 00 00 00 00 00 
	00 00 00 00 00 00 00 00 00 00 00 00 00 00 00 00 
	00 00 00 00 00 00 00 00 00 00 00 00 00 00 00 00 
	00 00 00 00 00 00 00 00 00 00 00 00 00 00 00 00 
	00 00 00 00 00 00 00 00 00 00 00 00 00 00 00 00 
	00 00 00 00 00 00 00 00 00 00 00 00 00 00 00 00 
	00 00 00 00 00 00 00 00 00 00 00 00 00 00 00 00 
	00 00 00 00 00 00 00 00 00 00 00 00 00 00 00 00 
	00 00 00 00 00 00 00 00 00 00 00 00 00 00 00 00 
	00 00 00 00 00 00 00 00 00 00 00 00 00 00 00 00 
	00 00 00 00 00 00 00 00 00 00 00 00 00 00 00 00 
	00 00 00 00 00 00 00 00 00 00 00 00 00 00 00 00 
	00 00 00 00 00 00 00 00 00 00 00 00 00 00 00 00 
	00 00 00 00 00 00 00 00 00 00 00 00 00 00 00 00 
	00 00 00 00 00 00 00 00 00 00 00 00 00 00 00 00 
	00 00 00 00 00 00 00 00 00 00 00 00 00 00 00 00 
	00 00 00 00 00 00 00 00 00 00 00 00 00 00 00 00 
	00 00 00 00 00 00 00 00 00 00 00 00 00 00 00 00 
	00 00 00 00 00 00 00 00 00 00 00 00 00 00 00 00 
	00 00 00 00 00 00 00 00 00 00 00 00 00 00 00 00 
	00 00 00 00 00 00 00 00 00 00 00 00 00 00 00 00 
	00 00 00 00 00 00 00 00 00 00 00 00 00 00 00 00 
	00 00 00 00 00 00 00 00 00 00 00 00 00 00 00 00 
	00 00 00 00 00 00 00 00 00 00 00 00 00 00 00 00 
	00 00 00 00 00 00 00 00 00 00 00 00 00 00 00 00 
	00 00 00 00 00 00 00 00 00 00 00 00 00 00 00 00 
	00 00 00 00 00 00 00 00 00 00 00 00 00 00 00 00 
	00 00 00 00 00 00 00 00 00 00 00 00 00 00 00 00 
	00 00 00 00 00 00 00 00 00 00 00 00 00 00 00 00 
	00 00 00 00 00 00 00 00 00 00 00 00 00 00 00 00 
	00 00 00 00 00 00 00 00 00 00 00 00 00 00 00 00 
	00 00 00 00 00 00 00 00 00 00 00 00 00 00 00 00 
	00 00 00 00 00 00 00 00 00 00 00 00 00 00 00 00 
	00 00 00 00 00 00 00 00 00 00 00 00 00 00 00 00 
	00 00 00 00 00 00 00 00 00 00 00 00 00 00 00 00 
	00 00 00 00 00 00 00 00 00 00 00 00 00 00 00 00 
	00 00 00 00 00 00 00 00 00 00 00 00 00 00 00 00 
	00 00 00 00 00 00 00 00 00 00 00 00 00 00 00 00 
	00 00 00 00 00 00 00 00 00 00 00 00 00 00 00 00 
	00 00 00 00 00 00 00 00 00 00 00 00 00 00 00 00 
	00 00 00 00 00 00 00 00 00 00 00 00 00 00 00 00 
	00 00 00 00 00 00 00 00 00 00 00 00 00 00 00 00 
	00 00 00 00 00 00 00 00 00 00 00 00 00 00 00 00 
	00 00 00 00 00 00 00 00 00 00 00 00 00 00 00 00 
KEM - g_y  (size 1088):
	00 00 00 00 00 00 00 00 00 00 00 00 00 00 00 00 
	00 00 00 00 00 00 00 00 00 00 00 00 00 00 00 00 
	00 00 00 00 00 00 00 00 00 00 00 00 00 00 00 00 
	00 00 00 00 00 00 00 00 00 00 00 00 00 00 00 00 
	00 00 00 00 00 00 00 00 00 00 00 00 00 00 00 00 
	00 00 00 00 00 00 00 00 00 00 00 00 00 00 00 00 
	00 00 00 00 00 00 00 00 00 00 00 00 00 00 00 00 
	00 00 00 00 00 00 00 00 00 00 00 00 00 00 00 00 
	00 00 00 00 00 00 00 00 00 00 00 00 00 00 00 00 
	00 00 00 00 00 00 00 00 00 00 00 00 00 00 00 00 
	00 00 00 00 00 00 00 00 00 00 00 00 00 00 00 00 
	00 00 00 00 00 00 00 00 00 00 00 00 00 00 00 00 
	00 00 00 00 00 00 00 00 00 00 00 00 00 00 00 00 
	00 00 00 00 00 00 00 00 00 00 00 00 00 00 00 00 
	00 00 00 00 00 00 00 00 00 00 00 00 00 00 00 00 
	00 00 00 00 00 00 00 00 00 00 00 00 00 00 00 00 
	00 00 00 00 00 00 00 00 00 00 00 00 00 00 00 00 
	00 00 00 00 00 00 00 00 00 00 00 00 00 00 00 00 
	00 00 00 00 00 00 00 00 00 00 00 00 00 00 00 00 
	00 00 00 00 00 00 00 00 00 00 00 00 00 00 00 00 
	00 00 00 00 00 00 00 00 00 00 00 00 00 00 00 00 
	00 00 00 00 00 00 00 00 00 00 00 00 00 00 00 00 
	00 00 00 00 00 00 00 00 00 00 00 00 00 00 00 00 
	00 00 00 00 00 00 00 00 00 00 00 00 00 00 00 00 
	00 00 00 00 00 00 00 00 00 00 00 00 00 00 00 00 
	00 00 00 00 00 00 00 00 00 00 00 00 00 00 00 00 
	00 00 00 00 00 00 00 00 00 00 00 00 00 00 00 00 
	00 00 00 00 00 00 00 00 00 00 00 00 00 00 00 00 
	00 00 00 00 00 00 00 00 00 00 00 00 00 00 00 00 
	00 00 00 00 00 00 00 00 00 00 00 00 00 00 00 00 
	00 00 00 00 00 00 00 00 00 00 00 00 00 00 00 00 
	00 00 00 00 00 00 00 00 00 00 00 00 00 00 00 00 
	00 00 00 00 00 00 00 00 00 00 00 00 00 00 00 00 
	00 00 00 00 00 00 00 00 00 00 00 00 00 00 00 00 
	00 00 00 00 00 00 00 00 00 00 00 00 00 00 00 00 
	00 00 00 00 00 00 00 00 00 00 00 00 00 00 00 00 
	00 00 00 00 00 00 00 00 00 00 00 00 00 00 00 00 
	00 00 00 00 00 00 00 00 00 00 00 00 00 00 00 00 
	00 00 00 00 00 00 00 00 00 00 00 00 00 00 00 00 
	00 00 00 00 00 00 00 00 00 00 00 00 00 00 00 00 
	00 00 00 00 00 00 00 00 00 00 00 00 00 00 00 00 
	00 00 00 00 00 00 00 00 00 00 00 00 00 00 00 00 
	00 00 00 00 00 00 00 00 00 00 00 00 00 00 00 00 
	00 00 00 00 00 00 00 00 00 00 00 00 00 00 00 00 
	00 00 00 00 00 00 00 00 00 00 00 00 00 00 00 00 
	00 00 00 00 00 00 00 00 00 00 00 00 00 00 00 00 
	00 00 00 00 00 00 00 00 00 00 00 00 00 00 00 00 
	00 00 00 00 00 00 00 00 00 00 00 00 00 00 00 00 
	00 00 00 00 00 00 00 00 00 00 00 00 00 00 00 00 
	00 00 00 00 00 00 00 00 00 00 00 00 00 00 00 00 
	00 00 00 00 00 00 00 00 00 00 00 00 00 00 00 00 
	00 00 00 00 00 00 00 00 00 00 00 00 00 00 00 00 
	00 00 00 00 00 00 00 00 00 00 00 00 00 00 00 00 
	00 00 00 00 00 00 00 00 00 00 00 00 00 00 00 00 
	00 00 00 00 00 00 00 00 00 00 00 00 00 00 00 00 
	00 00 00 00 00 00 00 00 00 00 00 00 00 00 00 00 
	00 00 00 00 00 00 00 00 00 00 00 00 00 00 00 00 
	00 00 00 00 00 00 00 00 00 00 00 00 00 00 00 00 
	00 00 00 00 00 00 00 00 00 00 00 00 00 00 00 00 
	00 00 00 00 00 00 00 00 00 00 00 00 00 00 00 00 
	00 00 00 00 00 00 00 00 00 00 00 00 00 00 00 00 
	00 00 00 00 00 00 00 00 00 00 00 00 00 00 00 00 
	00 00 00 00 00 00 00 00 00 00 00 00 00 00 00 00 
	00 00 00 00 00 00 00 00 00 00 00 00 00 00 00 00 
	00 00 00 00 00 00 00 00 00 00 00 00 00 00 00 00 
	00 00 00 00 00 00 00 00 00 00 00 00 00 00 00 00 
	00 00 00 00 00 00 00 00 00 00 00 00 00 00 00 00 
	00 00 00 00 00 00 00 00 00 00 00 00 00 00 00 00 
Encapsulate correct
G_XY (PQ SS) (size 32):
	F5 17 AD A7 7D B2 03 7A 95 FA 63 2C FF DB 4E BF 
	B1 48 6D C2 A6 2A 1A 1F E0 95 55 F9 96 1C 2E 38 
G_Y (PQ CC) (size 1088):
	6C 9B 4E 2D 94 88 9C 3A D6 8A DF 97 7B EA 0E 4C 
	21 D4 66 36 DE E2 2A 2E 77 46 17 62 96 9D 17 7E 
	C7 BC FE 7D D0 E8 EC 75 61 23 1C 4C 39 6E D4 A4 
	E6 A1 5C 89 C2 A2 E6 27 F8 FA 70 83 9B 21 D7 56 
	60 11 C6 D1 86 1D BD 10 B0 2E 27 56 28 18 5A 3C 
	4A C1 E5 3D 43 20 C4 A4 4F 23 7C D1 17 E7 71 78 
	2E 58 45 60 A6 1F 2B 81 CF AA 11 B0 04 7A B8 35 
	B4 75 65 2C 7F 53 B0 00 71 A5 40 9D 41 D2 34 AC 
	98 4B EE C3 6F ED 00 3E 38 C0 B2 70 5A C4 20 89 
	2C F9 26 03 1F D3 2E B8 90 D8 7A 9B 4C 03 6A 57 
	DC 1F 9B B4 46 69 86 82 06 AA 0F 6C A0 54 CD E6 
	6E 4D 65 97 8C B5 7D AA 8B 1B F4 E7 1A 2E 80 72 
	A7 2B F6 3A E6 40 7A E8 8C FC 00 BA 1A 72 B5 9C 
	E5 53 1F F0 5A 11 4D F3 FD FF 47 39 83 40 39 3E 
	9C 9E D6 97 0C 9B 26 77 7D 4B 75 61 08 A1 00 63 
	73 8D 02 1E 73 5D 4C 38 5C 31 40 6F FE EA 9E F3 
	49 42 1F 64 15 32 86 49 FD 02 0C D0 3A 7D 69 E1 
	3F 9F C6 46 0D 48 83 3E 91 2A 85 DE 40 7C 0E D7 
	BF F0 43 53 FC E9 57 13 4C F5 60 2C FC D6 F6 EE 
	64 A1 9C BB 4D 26 7E 83 E0 E8 17 E2 CE D1 75 DA 
	EC 43 78 AF 04 55 0D 75 69 AF 44 CE 86 27 21 96 
	98 72 72 FB 1B F4 30 69 EB F4 13 80 7D 21 50 F8 
	0B 89 FD 86 1D D4 C4 B8 C2 4D 06 57 12 E3 16 47 
	A4 AA 15 74 EA 8E 56 E0 70 E2 8F 4A B0 E1 2D 36 
	6C A1 79 BB 54 A1 F1 75 B9 2F E9 E8 1A A6 76 A7 
	BB 73 90 E5 20 5C 7C 74 E3 0D 34 B0 7B 82 EF 65 
	9D 99 93 1F B0 59 DD 2C 3F D5 E6 C4 A7 8A 82 9A 
	47 4C BA F3 61 39 35 62 E2 5E 1D 8F B5 F1 58 78 
	8E 4E F9 A6 1E A8 A6 EB 36 15 B1 5D CE E5 FA B2 
	E6 73 EC 02 63 D8 D9 7E AD 94 EB FB 36 3E F3 E0 
	35 35 0C 6A 5A DA A1 47 E3 78 53 BF E6 81 21 CF 
	16 13 D6 91 A8 9A AF AA 5B F6 77 3B FF D5 3A D9 
	5C 75 2B 0B 4B B6 8E 72 80 2A 45 53 86 54 3A 3C 
	A3 0C 9E 08 C0 A4 9A D4 B7 05 CA 58 B4 98 CD DE 
	4B 3A 5C 91 94 80 83 E0 9B EE E6 00 E1 35 D0 D7 
	6B 51 82 51 0E B7 DA 75 BA EB 44 4A E0 2D F8 23 
	E0 D9 0D 20 45 F1 4E 04 32 67 13 CF 9C 7F 8D 0B 
	6F 10 D9 44 CA 1D 28 52 91 9C 07 1D BF 2D 8F E3 
	22 21 B5 1C E8 99 0E AB C4 54 22 F3 89 5A BB F3 
	7A 4E 61 E7 A1 AF 54 6F 1C 2D 0D E6 1F 7B 88 23 
	F3 6B 39 9C CC B4 17 48 FF 39 5C 40 D5 B9 8B 9F 
	0A BB E0 E1 4A 29 F3 EA 72 8A E1 B9 2D 98 8D 7C 
	E5 5F 3C FD E6 89 20 75 7C 8A 0B B2 7F 15 0A 9E 
	49 9E 91 85 B8 8C AA 45 C4 29 FC 36 3D 6D 0E DB 
	4F F0 32 DB DE EC D5 7A 40 DE 7E 9F 29 0B A6 0B 
	19 21 97 F9 1F 0C 8D DF FD DB E6 E5 B7 2E BB CF 
	E9 81 EA 58 02 67 44 24 08 A5 80 FC A4 B9 6D 1B 
	8F 4B 65 F6 8F 09 7E 26 F8 1F 0B 4E 56 39 83 CB 
	79 57 C0 C0 0E 78 31 02 E6 27 FE F9 6D D4 C6 CD 
	E6 03 62 32 50 77 34 C0 24 A6 19 93 22 E8 56 14 
	A5 81 F6 EA 26 B8 71 E1 7B 05 A6 90 90 DD 85 E9 
	07 CD F9 2D 33 65 29 81 0A D9 2C 21 A4 EC B5 A8 
	0A 9F 2E 19 16 16 0C F3 FD 2E A5 C8 9D 44 01 18 
	0B B3 07 4A C1 8D F3 0A 80 3C 2E C0 09 5C FC 21 
	EC 95 FC D4 D9 7A 0F A8 61 FF 96 31 AA A4 FF 38 
	8D 5E 22 F0 47 17 8E 7C 5F 07 B9 39 7B D3 44 B4 
	D1 17 A4 CC 0B 1C 24 42 8B 76 9B 34 D1 69 91 4C 
	94 14 F6 DB 9E 6F 6A 57 0E 90 19 8E D2 50 EF FB 
	41 EA 9F 15 46 09 36 86 3A 77 12 3D 40 46 6F 93 
	7F 8A 9A C0 14 00 59 01 A8 93 80 99 2B 49 03 4D 
	74 AD C6 A7 81 42 8C 0D 9D DC 8C 31 2D 43 84 07 
	4D 25 E5 C6 C8 59 B8 1A 87 42 58 12 65 5D 9E 94 
	BA FC 00 5B 78 60 2F 47 B5 C9 3F C5 33 62 63 97 
	50 B6 7C 63 D6 D7 BD BF 75 E1 FC 4F 6B 5A A5 D2 
	BB E4 6B 62 BD 31 77 E2 37 B4 38 FC 90 E9 81 86 
	06 47 6D 62 6B A6 AE B2 FF 61 6E 9A 6E C0 10 21 
	95 A0 24 EC E4 2F EF BF 0F 4B 2D 0C CE 8B 7C 80 
	CD D0 A3 6D 55 4F 6D 97 19 82 87 A2 7D 88 1D 3D 
G_Y (PQ/T) (size 1120):
	27 B1 D6 35 A6 63 38 2D 99 E0 31 B3 E9 A5 D6 82 
	A0 95 45 04 93 56 AF 6F 13 54 DE D1 3E D2 9C 72 
	6C 9B 4E 2D 94 88 9C 3A D6 8A DF 97 7B EA 0E 4C 
	21 D4 66 36 DE E2 2A 2E 77 46 17 62 96 9D 17 7E 
	C7 BC FE 7D D0 E8 EC 75 61 23 1C 4C 39 6E D4 A4 
	E6 A1 5C 89 C2 A2 E6 27 F8 FA 70 83 9B 21 D7 56 
	60 11 C6 D1 86 1D BD 10 B0 2E 27 56 28 18 5A 3C 
	4A C1 E5 3D 43 20 C4 A4 4F 23 7C D1 17 E7 71 78 
	2E 58 45 60 A6 1F 2B 81 CF AA 11 B0 04 7A B8 35 
	B4 75 65 2C 7F 53 B0 00 71 A5 40 9D 41 D2 34 AC 
	98 4B EE C3 6F ED 00 3E 38 C0 B2 70 5A C4 20 89 
	2C F9 26 03 1F D3 2E B8 90 D8 7A 9B 4C 03 6A 57 
	DC 1F 9B B4 46 69 86 82 06 AA 0F 6C A0 54 CD E6 
	6E 4D 65 97 8C B5 7D AA 8B 1B F4 E7 1A 2E 80 72 
	A7 2B F6 3A E6 40 7A E8 8C FC 00 BA 1A 72 B5 9C 
	E5 53 1F F0 5A 11 4D F3 FD FF 47 39 83 40 39 3E 
	9C 9E D6 97 0C 9B 26 77 7D 4B 75 61 08 A1 00 63 
	73 8D 02 1E 73 5D 4C 38 5C 31 40 6F FE EA 9E F3 
	49 42 1F 64 15 32 86 49 FD 02 0C D0 3A 7D 69 E1 
	3F 9F C6 46 0D 48 83 3E 91 2A 85 DE 40 7C 0E D7 
	BF F0 43 53 FC E9 57 13 4C F5 60 2C FC D6 F6 EE 
	64 A1 9C BB 4D 26 7E 83 E0 E8 17 E2 CE D1 75 DA 
	EC 43 78 AF 04 55 0D 75 69 AF 44 CE 86 27 21 96 
	98 72 72 FB 1B F4 30 69 EB F4 13 80 7D 21 50 F8 
	0B 89 FD 86 1D D4 C4 B8 C2 4D 06 57 12 E3 16 47 
	A4 AA 15 74 EA 8E 56 E0 70 E2 8F 4A B0 E1 2D 36 
	6C A1 79 BB 54 A1 F1 75 B9 2F E9 E8 1A A6 76 A7 
	BB 73 90 E5 20 5C 7C 74 E3 0D 34 B0 7B 82 EF 65 
	9D 99 93 1F B0 59 DD 2C 3F D5 E6 C4 A7 8A 82 9A 
	47 4C BA F3 61 39 35 62 E2 5E 1D 8F B5 F1 58 78 
	8E 4E F9 A6 1E A8 A6 EB 36 15 B1 5D CE E5 FA B2 
	E6 73 EC 02 63 D8 D9 7E AD 94 EB FB 36 3E F3 E0 
	35 35 0C 6A 5A DA A1 47 E3 78 53 BF E6 81 21 CF 
	16 13 D6 91 A8 9A AF AA 5B F6 77 3B FF D5 3A D9 
	5C 75 2B 0B 4B B6 8E 72 80 2A 45 53 86 54 3A 3C 
	A3 0C 9E 08 C0 A4 9A D4 B7 05 CA 58 B4 98 CD DE 
	4B 3A 5C 91 94 80 83 E0 9B EE E6 00 E1 35 D0 D7 
	6B 51 82 51 0E B7 DA 75 BA EB 44 4A E0 2D F8 23 
	E0 D9 0D 20 45 F1 4E 04 32 67 13 CF 9C 7F 8D 0B 
	6F 10 D9 44 CA 1D 28 52 91 9C 07 1D BF 2D 8F E3 
	22 21 B5 1C E8 99 0E AB C4 54 22 F3 89 5A BB F3 
	7A 4E 61 E7 A1 AF 54 6F 1C 2D 0D E6 1F 7B 88 23 
	F3 6B 39 9C CC B4 17 48 FF 39 5C 40 D5 B9 8B 9F 
	0A BB E0 E1 4A 29 F3 EA 72 8A E1 B9 2D 98 8D 7C 
	E5 5F 3C FD E6 89 20 75 7C 8A 0B B2 7F 15 0A 9E 
	49 9E 91 85 B8 8C AA 45 C4 29 FC 36 3D 6D 0E DB 
	4F F0 32 DB DE EC D5 7A 40 DE 7E 9F 29 0B A6 0B 
	19 21 97 F9 1F 0C 8D DF FD DB E6 E5 B7 2E BB CF 
	E9 81 EA 58 02 67 44 24 08 A5 80 FC A4 B9 6D 1B 
	8F 4B 65 F6 8F 09 7E 26 F8 1F 0B 4E 56 39 83 CB 
	79 57 C0 C0 0E 78 31 02 E6 27 FE F9 6D D4 C6 CD 
	E6 03 62 32 50 77 34 C0 24 A6 19 93 22 E8 56 14 
	A5 81 F6 EA 26 B8 71 E1 7B 05 A6 90 90 DD 85 E9 
	07 CD F9 2D 33 65 29 81 0A D9 2C 21 A4 EC B5 A8 
	0A 9F 2E 19 16 16 0C F3 FD 2E A5 C8 9D 44 01 18 
	0B B3 07 4A C1 8D F3 0A 80 3C 2E C0 09 5C FC 21 
	EC 95 FC D4 D9 7A 0F A8 61 FF 96 31 AA A4 FF 38 
	8D 5E 22 F0 47 17 8E 7C 5F 07 B9 39 7B D3 44 B4 
	D1 17 A4 CC 0B 1C 24 42 8B 76 9B 34 D1 69 91 4C 
	94 14 F6 DB 9E 6F 6A 57 0E 90 19 8E D2 50 EF FB 
	41 EA 9F 15 46 09 36 86 3A 77 12 3D 40 46 6F 93 
	7F 8A 9A C0 14 00 59 01 A8 93 80 99 2B 49 03 4D 
	74 AD C6 A7 81 42 8C 0D 9D DC 8C 31 2D 43 84 07 
	4D 25 E5 C6 C8 59 B8 1A 87 42 58 12 65 5D 9E 94 
	BA FC 00 5B 78 60 2F 47 B5 C9 3F C5 33 62 63 97 
	50 B6 7C 63 D6 D7 BD BF 75 E1 FC 4F 6B 5A A5 D2 
	BB E4 6B 62 BD 31 77 E2 37 B4 38 FC 90 E9 81 86 
	06 47 6D 62 6B A6 AE B2 FF 61 6E 9A 6E C0 10 21 
	95 A0 24 EC E4 2F EF BF 0F 4B 2D 0C CE 8B 7C 80 
	CD D0 A3 6D 55 4F 6D 97 19 82 87 A2 7D 88 1D 3D 
hash_msg1_raw (size 32):
	10 D8 7E 4A CC 1C ED 16 54 E4 F9 14 A6 C8 B6 34 
	71 78 52 4A 0E 8D BA 8B 8F 28 BD B3 D9 39 83 A7 
Input to calculate TH_2 (CBOR Sequence) (size 1157):
	59 04 60 27 B1 D6 35 A6 63 38 2D 99 E0 31 B3 E9 
	A5 D6 82 A0 95 45 04 93 56 AF 6F 13 54 DE D1 3E 
	D2 9C 72 6C 9B 4E 2D 94 88 9C 3A D6 8A DF 97 7B 
	EA 0E 4C 21 D4 66 36 DE E2 2A 2E 77 46 17 62 96 
	9D 17 7E C7 BC FE 7D D0 E8 EC 75 61 23 1C 4C 39 
	6E D4 A4 E6 A1 5C 89 C2 A2 E6 27 F8 FA 70 83 9B 
	21 D7 56 60 11 C6 D1 86 1D BD 10 B0 2E 27 56 28 
	18 5A 3C 4A C1 E5 3D 43 20 C4 A4 4F 23 7C D1 17 
	E7 71 78 2E 58 45 60 A6 1F 2B 81 CF AA 11 B0 04 
	7A B8 35 B4 75 65 2C 7F 53 B0 00 71 A5 40 9D 41 
	D2 34 AC 98 4B EE C3 6F ED 00 3E 38 C0 B2 70 5A 
	C4 20 89 2C F9 26 03 1F D3 2E B8 90 D8 7A 9B 4C 
	03 6A 57 DC 1F 9B B4 46 69 86 82 06 AA 0F 6C A0 
	54 CD E6 6E 4D 65 97 8C B5 7D AA 8B 1B F4 E7 1A 
	2E 80 72 A7 2B F6 3A E6 40 7A E8 8C FC 00 BA 1A 
	72 B5 9C E5 53 1F F0 5A 11 4D F3 FD FF 47 39 83 
	40 39 3E 9C 9E D6 97 0C 9B 26 77 7D 4B 75 61 08 
	A1 00 63 73 8D 02 1E 73 5D 4C 38 5C 31 40 6F FE 
	EA 9E F3 49 42 1F 64 15 32 86 49 FD 02 0C D0 3A 
	7D 69 E1 3F 9F C6 46 0D 48 83 3E 91 2A 85 DE 40 
	7C 0E D7 BF F0 43 53 FC E9 57 13 4C F5 60 2C FC 
	D6 F6 EE 64 A1 9C BB 4D 26 7E 83 E0 E8 17 E2 CE 
	D1 75 DA EC 43 78 AF 04 55 0D 75 69 AF 44 CE 86 
	27 21 96 98 72 72 FB 1B F4 30 69 EB F4 13 80 7D 
	21 50 F8 0B 89 FD 86 1D D4 C4 B8 C2 4D 06 57 12 
	E3 16 47 A4 AA 15 74 EA 8E 56 E0 70 E2 8F 4A B0 
	E1 2D 36 6C A1 79 BB 54 A1 F1 75 B9 2F E9 E8 1A 
	A6 76 A7 BB 73 90 E5 20 5C 7C 74 E3 0D 34 B0 7B 
	82 EF 65 9D 99 93 1F B0 59 DD 2C 3F D5 E6 C4 A7 
	8A 82 9A 47 4C BA F3 61 39 35 62 E2 5E 1D 8F B5 
	F1 58 78 8E 4E F9 A6 1E A8 A6 EB 36 15 B1 5D CE 
	E5 FA B2 E6 73 EC 02 63 D8 D9 7E AD 94 EB FB 36 
	3E F3 E0 35 35 0C 6A 5A DA A1 47 E3 78 53 BF E6 
	81 21 CF 16 13 D6 91 A8 9A AF AA 5B F6 77 3B FF 
	D5 3A D9 5C 75 2B 0B 4B B6 8E 72 80 2A 45 53 86 
	54 3A 3C A3 0C 9E 08 C0 A4 9A D4 B7 05 CA 58 B4 
	98 CD DE 4B 3A 5C 91 94 80 83 E0 9B EE E6 00 E1 
	35 D0 D7 6B 51 82 51 0E B7 DA 75 BA EB 44 4A E0 
	2D F8 23 E0 D9 0D 20 45 F1 4E 04 32 67 13 CF 9C 
	7F 8D 0B 6F 10 D9 44 CA 1D 28 52 91 9C 07 1D BF 
	2D 8F E3 22 21 B5 1C E8 99 0E AB C4 54 22 F3 89 
	5A BB F3 7A 4E 61 E7 A1 AF 54 6F 1C 2D 0D E6 1F 
	7B 88 23 F3 6B 39 9C CC B4 17 48 FF 39 5C 40 D5 
	B9 8B 9F 0A BB E0 E1 4A 29 F3 EA 72 8A E1 B9 2D 
	98 8D 7C E5 5F 3C FD E6 89 20 75 7C 8A 0B B2 7F 
	15 0A 9E 49 9E 91 85 B8 8C AA 45 C4 29 FC 36 3D 
	6D 0E DB 4F F0 32 DB DE EC D5 7A 40 DE 7E 9F 29 
	0B A6 0B 19 21 97 F9 1F 0C 8D DF FD DB E6 E5 B7 
	2E BB CF E9 81 EA 58 02 67 44 24 08 A5 80 FC A4 
	B9 6D 1B 8F 4B 65 F6 8F 09 7E 26 F8 1F 0B 4E 56 
	39 83 CB 79 57 C0 C0 0E 78 31 02 E6 27 FE F9 6D 
	D4 C6 CD E6 03 62 32 50 77 34 C0 24 A6 19 93 22 
	E8 56 14 A5 81 F6 EA 26 B8 71 E1 7B 05 A6 90 90 
	DD 85 E9 07 CD F9 2D 33 65 29 81 0A D9 2C 21 A4 
	EC B5 A8 0A 9F 2E 19 16 16 0C F3 FD 2E A5 C8 9D 
	44 01 18 0B B3 07 4A C1 8D F3 0A 80 3C 2E C0 09 
	5C FC 21 EC 95 FC D4 D9 7A 0F A8 61 FF 96 31 AA 
	A4 FF 38 8D 5E 22 F0 47 17 8E 7C 5F 07 B9 39 7B 
	D3 44 B4 D1 17 A4 CC 0B 1C 24 42 8B 76 9B 34 D1 
	69 91 4C 94 14 F6 DB 9E 6F 6A 57 0E 90 19 8E D2 
	50 EF FB 41 EA 9F 15 46 09 36 86 3A 77 12 3D 40 
	46 6F 93 7F 8A 9A C0 14 00 59 01 A8 93 80 99 2B 
	49 03 4D 74 AD C6 A7 81 42 8C 0D 9D DC 8C 31 2D 
	43 84 07 4D 25 E5 C6 C8 59 B8 1A 87 42 58 12 65 
	5D 9E 94 BA FC 00 5B 78 60 2F 47 B5 C9 3F C5 33 
	62 63 97 50 B6 7C 63 D6 D7 BD BF 75 E1 FC 4F 6B 
	5A A5 D2 BB E4 6B 62 BD 31 77 E2 37 B4 38 FC 90 
	E9 81 86 06 47 6D 62 6B A6 AE B2 FF 61 6E 9A 6E 
	C0 10 21 95 A0 24 EC E4 2F EF BF 0F 4B 2D 0C CE 
	8B 7C 80 CD D0 A3 6D 55 4F 6D 97 19 82 87 A2 7D 
	88 1D 3D 58 20 10 D8 7E 4A CC 1C ED 16 54 E4 F9 
	14 A6 C8 B6 34 71 78 52 4A 0E 8D BA 8B 8F 28 BD 
	B3 D9 39 83 A7 
TH2 (size 32):
	70 53 3D 71 25 9E 83 B7 92 85 3F A2 FD 13 CB A3 
	29 BB E6 86 E3 4B AC 60 14 74 11 81 9A 6F A6 2F 
TH_2 (size 32):
	70 53 3D 71 25 9E 83 B7 92 85 3F A2 FD 13 CB A3 
	29 BB E6 86 E3 4B AC 60 14 74 11 81 9A 6F A6 2F 
PRK_2e (first DH derivation) (size 32):
	FC 42 26 FE 05 18 39 1D 61 6E DB 0D 73 9A 2B 6D 
	04 34 B8 36 F1 68 0E DD E4 20 2C 14 00 33 B4 A4 
PRK_2e_b (second KEM derivation) (size 32):
	36 80 73 1B 5B 90 16 16 BC 5A 17 73 7E 26 50 BF 
	2A 9E 7A 5A 7F 6E 3A 0C BD 65 0F 80 9C 94 87 99 
PRK_2e final (size 32):
	36 80 73 1B 5B 90 16 16 BC 5A 17 73 7E 26 50 BF 
	2A 9E 7A 5A 7F 6E 3A 0C BD 65 0F 80 9C 94 87 99 
SHARED SECRET DERIVE
dh_secret (size 32):
	16 97 10 01 99 18 A8 54 1B A3 52 5C 8E 48 5B E2 
	43 22 F8 E6 D1 35 A8 7C 69 E0 DF CC 76 8E ED 5B 
SALT_3e2m or SALT4e3m (size 32):
	C0 BC 87 74 B7 98 4F 94 2E 6D 62 71 4E 20 0E 7B 
	CB 24 4C DA 8E 03 F5 87 90 3E AC E4 B5 0D 85 D9 
prk_3e2m (size 32):
	D9 90 06 C3 96 18 77 C5 80 06 24 1C DB 12 D7 37 
	EE D8 5E FF 9E D9 9D F6 68 41 B0 B7 D7 15 7C BA 
Signature len 500 - 64
TMP size: 32
CBOR ENCODE ERROR: 0
MAX ID CRED: 400 cred len 3
MAX CRED: 765 cred len 3
PK SIZE: 65
SIGNATURE SIZE: 500
CONTEXT_MAC_SIZE: 1204
CONTEXT_MAC len: 42
CR len: 2
TH enc len: 34
TMP size: 1
CBOR ENCODE ERROR: 0
MAC context (size 42):
	41 A1 A1 04 01 58 20 70 53 3D 71 25 9E 83 B7 92 
	85 3F A2 FD 13 CB A3 29 BB E6 86 E3 4B AC 60 14 
	74 11 81 9A 6F A6 2F A1 04 01 
MAC 2/3 (size 8):
	B6 CF F6 BD BB A2 8F DD 
TMP size: 8
CBOR ENCODE ERROR: 0
TMP size: 1
CBOR ENCODE ERROR: 0
kid (size 1):
	01 
KEYSTREAM_2 (size 12):
	4C C6 1E 35 17 A4 DE D5 9D EE 4E 70 
ciphertext_2/3/4 (size 12):
	0D 67 1F 7D A1 6B 28 68 26 4C C1 AD 
TMP size: 1132
CBOR ENCODE ERROR: 0
message_2 (CBOR Sequence) (size 1135):
	59 04 6C 27 B1 D6 35 A6 63 38 2D 99 E0 31 B3 E9 
	A5 D6 82 A0 95 45 04 93 56 AF 6F 13 54 DE D1 3E 
	D2 9C 72 6C 9B 4E 2D 94 88 9C 3A D6 8A DF 97 7B 
	EA 0E 4C 21 D4 66 36 DE E2 2A 2E 77 46 17 62 96 
	9D 17 7E C7 BC FE 7D D0 E8 EC 75 61 23 1C 4C 39 
	6E D4 A4 E6 A1 5C 89 C2 A2 E6 27 F8 FA 70 83 9B 
	21 D7 56 60 11 C6 D1 86 1D BD 10 B0 2E 27 56 28 
	18 5A 3C 4A C1 E5 3D 43 20 C4 A4 4F 23 7C D1 17 
	E7 71 78 2E 58 45 60 A6 1F 2B 81 CF AA 11 B0 04 
	7A B8 35 B4 75 65 2C 7F 53 B0 00 71 A5 40 9D 41 
	D2 34 AC 98 4B EE C3 6F ED 00 3E 38 C0 B2 70 5A 
	C4 20 89 2C F9 26 03 1F D3 2E B8 90 D8 7A 9B 4C 
	03 6A 57 DC 1F 9B B4 46 69 86 82 06 AA 0F 6C A0 
	54 CD E6 6E 4D 65 97 8C B5 7D AA 8B 1B F4 E7 1A 
	2E 80 72 A7 2B F6 3A E6 40 7A E8 8C FC 00 BA 1A 
	72 B5 9C E5 53 1F F0 5A 11 4D F3 FD FF 47 39 83 
	40 39 3E 9C 9E D6 97 0C 9B 26 77 7D 4B 75 61 08 
	A1 00 63 73 8D 02 1E 73 5D 4C 38 5C 31 40 6F FE 
	EA 9E F3 49 42 1F 64 15 32 86 49 FD 02 0C D0 3A 
	7D 69 E1 3F 9F C6 46 0D 48 83 3E 91 2A 85 DE 40 
	7C 0E D7 BF F0 43 53 FC E9 57 13 4C F5 60 2C FC 
	D6 F6 EE 64 A1 9C BB 4D 26 7E 83 E0 E8 17 E2 CE 
	D1 75 DA EC 43 78 AF 04 55 0D 75 69 AF 44 CE 86 
	27 21 96 98 72 72 FB 1B F4 30 69 EB F4 13 80 7D 
	21 50 F8 0B 89 FD 86 1D D4 C4 B8 C2 4D 06 57 12 
	E3 16 47 A4 AA 15 74 EA 8E 56 E0 70 E2 8F 4A B0 
	E1 2D 36 6C A1 79 BB 54 A1 F1 75 B9 2F E9 E8 1A 
	A6 76 A7 BB 73 90 E5 20 5C 7C 74 E3 0D 34 B0 7B 
	82 EF 65 9D 99 93 1F B0 59 DD 2C 3F D5 E6 C4 A7 
	8A 82 9A 47 4C BA F3 61 39 35 62 E2 5E 1D 8F B5 
	F1 58 78 8E 4E F9 A6 1E A8 A6 EB 36 15 B1 5D CE 
	E5 FA B2 E6 73 EC 02 63 D8 D9 7E AD 94 EB FB 36 
	3E F3 E0 35 35 0C 6A 5A DA A1 47 E3 78 53 BF E6 
	81 21 CF 16 13 D6 91 A8 9A AF AA 5B F6 77 3B FF 
	D5 3A D9 5C 75 2B 0B 4B B6 8E 72 80 2A 45 53 86 
	54 3A 3C A3 0C 9E 08 C0 A4 9A D4 B7 05 CA 58 B4 
	98 CD DE 4B 3A 5C 91 94 80 83 E0 9B EE E6 00 E1 
	35 D0 D7 6B 51 82 51 0E B7 DA 75 BA EB 44 4A E0 
	2D F8 23 E0 D9 0D 20 45 F1 4E 04 32 67 13 CF 9C 
	7F 8D 0B 6F 10 D9 44 CA 1D 28 52 91 9C 07 1D BF 
	2D 8F E3 22 21 B5 1C E8 99 0E AB C4 54 22 F3 89 
	5A BB F3 7A 4E 61 E7 A1 AF 54 6F 1C 2D 0D E6 1F 
	7B 88 23 F3 6B 39 9C CC B4 17 48 FF 39 5C 40 D5 
	B9 8B 9F 0A BB E0 E1 4A 29 F3 EA 72 8A E1 B9 2D 
	98 8D 7C E5 5F 3C FD E6 89 20 75 7C 8A 0B B2 7F 
	15 0A 9E 49 9E 91 85 B8 8C AA 45 C4 29 FC 36 3D 
	6D 0E DB 4F F0 32 DB DE EC D5 7A 40 DE 7E 9F 29 
	0B A6 0B 19 21 97 F9 1F 0C 8D DF FD DB E6 E5 B7 
	2E BB CF E9 81 EA 58 02 67 44 24 08 A5 80 FC A4 
	B9 6D 1B 8F 4B 65 F6 8F 09 7E 26 F8 1F 0B 4E 56 
	39 83 CB 79 57 C0 C0 0E 78 31 02 E6 27 FE F9 6D 
	D4 C6 CD E6 03 62 32 50 77 34 C0 24 A6 19 93 22 
	E8 56 14 A5 81 F6 EA 26 B8 71 E1 7B 05 A6 90 90 
	DD 85 E9 07 CD F9 2D 33 65 29 81 0A D9 2C 21 A4 
	EC B5 A8 0A 9F 2E 19 16 16 0C F3 FD 2E A5 C8 9D 
	44 01 18 0B B3 07 4A C1 8D F3 0A 80 3C 2E C0 09 
	5C FC 21 EC 95 FC D4 D9 7A 0F A8 61 FF 96 31 AA 
	A4 FF 38 8D 5E 22 F0 47 17 8E 7C 5F 07 B9 39 7B 
	D3 44 B4 D1 17 A4 CC 0B 1C 24 42 8B 76 9B 34 D1 
	69 91 4C 94 14 F6 DB 9E 6F 6A 57 0E 90 19 8E D2 
	50 EF FB 41 EA 9F 15 46 09 36 86 3A 77 12 3D 40 
	46 6F 93 7F 8A 9A C0 14 00 59 01 A8 93 80 99 2B 
	49 03 4D 74 AD C6 A7 81 42 8C 0D 9D DC 8C 31 2D 
	43 84 07 4D 25 E5 C6 C8 59 B8 1A 87 42 58 12 65 
	5D 9E 94 BA FC 00 5B 78 60 2F 47 B5 C9 3F C5 33 
	62 63 97 50 B6 7C 63 D6 D7 BD BF 75 E1 FC 4F 6B 
	5A A5 D2 BB E4 6B 62 BD 31 77 E2 37 B4 38 FC 90 
	E9 81 86 06 47 6D 62 6B A6 AE B2 FF 61 6E 9A 6E 
	C0 10 21 95 A0 24 EC E4 2F EF BF 0F 4B 2D 0C CE 
	8B 7C 80 CD D0 A3 6D 55 4F 6D 97 19 82 87 A2 7D 
	88 1D 3D 0D 67 1F 7D A1 6B 28 68 26 4C C1 AD 
th23 (size 32):
	70 53 3D 71 25 9E 83 B7 92 85 3F A2 FD 13 CB A3 
	29 BB E6 86 E3 4B AC 60 14 74 11 81 9A 6F A6 2F 
plaintext_23 (size 12):
	41 A1 01 48 B6 CF F6 BD BB A2 8F DD 
cred (size 3):
	A1 04 01 
TMP size: 32
CBOR ENCODE ERROR: 0
Encoded
memcopy1
memcopy2
Input to calculate TH_3/TH_4 (CBOR Sequence) (size 49):
	58 20 70 53 3D 71 25 9E 83 B7 92 85 3F A2 FD 13 
	CB A3 29 BB E6 86 E3 4B AC 60 14 74 11 81 9A 6F 
	A6 2F 41 A1 01 48 B6 CF F6 BD BB A2 8F DD A1 04 
	01 
TH34 (size 32):
	2E 13 91 55 B3 39 03 DF 4D B8 77 45 0E 0D 35 D1 
	BB 47 46 7D 36 8A 47 68 A3 CA 96 D6 7F 93 84 0D 
msg2 generated
msg2 (size 1135):
	59 04 6C 27 B1 D6 35 A6 63 38 2D 99 E0 31 B3 E9 
	A5 D6 82 A0 95 45 04 93 56 AF 6F 13 54 DE D1 3E 
	D2 9C 72 6C 9B 4E 2D 94 88 9C 3A D6 8A DF 97 7B 
	EA 0E 4C 21 D4 66 36 DE E2 2A 2E 77 46 17 62 96 
	9D 17 7E C7 BC FE 7D D0 E8 EC 75 61 23 1C 4C 39 
	6E D4 A4 E6 A1 5C 89 C2 A2 E6 27 F8 FA 70 83 9B 
	21 D7 56 60 11 C6 D1 86 1D BD 10 B0 2E 27 56 28 
	18 5A 3C 4A C1 E5 3D 43 20 C4 A4 4F 23 7C D1 17 
	E7 71 78 2E 58 45 60 A6 1F 2B 81 CF AA 11 B0 04 
	7A B8 35 B4 75 65 2C 7F 53 B0 00 71 A5 40 9D 41 
	D2 34 AC 98 4B EE C3 6F ED 00 3E 38 C0 B2 70 5A 
	C4 20 89 2C F9 26 03 1F D3 2E B8 90 D8 7A 9B 4C 
	03 6A 57 DC 1F 9B B4 46 69 86 82 06 AA 0F 6C A0 
	54 CD E6 6E 4D 65 97 8C B5 7D AA 8B 1B F4 E7 1A 
	2E 80 72 A7 2B F6 3A E6 40 7A E8 8C FC 00 BA 1A 
	72 B5 9C E5 53 1F F0 5A 11 4D F3 FD FF 47 39 83 
	40 39 3E 9C 9E D6 97 0C 9B 26 77 7D 4B 75 61 08 
	A1 00 63 73 8D 02 1E 73 5D 4C 38 5C 31 40 6F FE 
	EA 9E F3 49 42 1F 64 15 32 86 49 FD 02 0C D0 3A 
	7D 69 E1 3F 9F C6 46 0D 48 83 3E 91 2A 85 DE 40 
	7C 0E D7 BF F0 43 53 FC E9 57 13 4C F5 60 2C FC 
	D6 F6 EE 64 A1 9C BB 4D 26 7E 83 E0 E8 17 E2 CE 
	D1 75 DA EC 43 78 AF 04 55 0D 75 69 AF 44 CE 86 
	27 21 96 98 72 72 FB 1B F4 30 69 EB F4 13 80 7D 
	21 50 F8 0B 89 FD 86 1D D4 C4 B8 C2 4D 06 57 12 
	E3 16 47 A4 AA 15 74 EA 8E 56 E0 70 E2 8F 4A B0 
	E1 2D 36 6C A1 79 BB 54 A1 F1 75 B9 2F E9 E8 1A 
	A6 76 A7 BB 73 90 E5 20 5C 7C 74 E3 0D 34 B0 7B 
	82 EF 65 9D 99 93 1F B0 59 DD 2C 3F D5 E6 C4 A7 
	8A 82 9A 47 4C BA F3 61 39 35 62 E2 5E 1D 8F B5 
	F1 58 78 8E 4E F9 A6 1E A8 A6 EB 36 15 B1 5D CE 
	E5 FA B2 E6 73 EC 02 63 D8 D9 7E AD 94 EB FB 36 
	3E F3 E0 35 35 0C 6A 5A DA A1 47 E3 78 53 BF E6 
	81 21 CF 16 13 D6 91 A8 9A AF AA 5B F6 77 3B FF 
	D5 3A D9 5C 75 2B 0B 4B B6 8E 72 80 2A 45 53 86 
	54 3A 3C A3 0C 9E 08 C0 A4 9A D4 B7 05 CA 58 B4 
	98 CD DE 4B 3A 5C 91 94 80 83 E0 9B EE E6 00 E1 
	35 D0 D7 6B 51 82 51 0E B7 DA 75 BA EB 44 4A E0 
	2D F8 23 E0 D9 0D 20 45 F1 4E 04 32 67 13 CF 9C 
	7F 8D 0B 6F 10 D9 44 CA 1D 28 52 91 9C 07 1D BF 
	2D 8F E3 22 21 B5 1C E8 99 0E AB C4 54 22 F3 89 
	5A BB F3 7A 4E 61 E7 A1 AF 54 6F 1C 2D 0D E6 1F 
	7B 88 23 F3 6B 39 9C CC B4 17 48 FF 39 5C 40 D5 
	B9 8B 9F 0A BB E0 E1 4A 29 F3 EA 72 8A E1 B9 2D 
	98 8D 7C E5 5F 3C FD E6 89 20 75 7C 8A 0B B2 7F 
	15 0A 9E 49 9E 91 85 B8 8C AA 45 C4 29 FC 36 3D 
	6D 0E DB 4F F0 32 DB DE EC D5 7A 40 DE 7E 9F 29 
	0B A6 0B 19 21 97 F9 1F 0C 8D DF FD DB E6 E5 B7 
	2E BB CF E9 81 EA 58 02 67 44 24 08 A5 80 FC A4 
	B9 6D 1B 8F 4B 65 F6 8F 09 7E 26 F8 1F 0B 4E 56 
	39 83 CB 79 57 C0 C0 0E 78 31 02 E6 27 FE F9 6D 
	D4 C6 CD E6 03 62 32 50 77 34 C0 24 A6 19 93 22 
	E8 56 14 A5 81 F6 EA 26 B8 71 E1 7B 05 A6 90 90 
	DD 85 E9 07 CD F9 2D 33 65 29 81 0A D9 2C 21 A4 
	EC B5 A8 0A 9F 2E 19 16 16 0C F3 FD 2E A5 C8 9D 
	44 01 18 0B B3 07 4A C1 8D F3 0A 80 3C 2E C0 09 
	5C FC 21 EC 95 FC D4 D9 7A 0F A8 61 FF 96 31 AA 
	A4 FF 38 8D 5E 22 F0 47 17 8E 7C 5F 07 B9 39 7B 
	D3 44 B4 D1 17 A4 CC 0B 1C 24 42 8B 76 9B 34 D1 
	69 91 4C 94 14 F6 DB 9E 6F 6A 57 0E 90 19 8E D2 
	50 EF FB 41 EA 9F 15 46 09 36 86 3A 77 12 3D 40 
	46 6F 93 7F 8A 9A C0 14 00 59 01 A8 93 80 99 2B 
	49 03 4D 74 AD C6 A7 81 42 8C 0D 9D DC 8C 31 2D 
	43 84 07 4D 25 E5 C6 C8 59 B8 1A 87 42 58 12 65 
	5D 9E 94 BA FC 00 5B 78 60 2F 47 B5 C9 3F C5 33 
	62 63 97 50 B6 7C 63 D6 D7 BD BF 75 E1 FC 4F 6B 
	5A A5 D2 BB E4 6B 62 BD 31 77 E2 37 B4 38 FC 90 
	E9 81 86 06 47 6D 62 6B A6 AE B2 FF 61 6E 9A 6E 
	C0 10 21 95 A0 24 EC E4 2F EF BF 0F 4B 2D 0C CE 
	8B 7C 80 CD D0 A3 6D 55 4F 6D 97 19 82 87 A2 7D 
	88 1D 3D 0D 67 1F 7D A1 6B 28 68 26 4C C1 AD 
ead prcessed
[resp] tx sent 1135 bytes
mesage tx
waiting to receive
[resp] rx got 21 bytes
received
CIPHERTEXT_3 (size 20):
	D2 5D 94 01 BE 4B 3B 4B 99 59 2E 11 15 26 24 CE 
	BC 4C 9F 2B 
PLAINTEXT3_SIZE: 903
ctxt3.len: 20
K_3 (size 16):
	13 76 7B 10 87 E5 CF 22 E1 B6 C7 51 00 F1 8A EE 
IV_3 (size 13):
	37 F7 05 57 78 31 A8 FC 01 91 56 40 65 
associated_data (size 45):
	83 68 45 6E 63 72 79 70 74 30 40 58 20 2E 13 91 
	55 B3 39 03 DF 4D B8 77 45 0E 0D 35 D1 BB 47 46 
	7D 36 8A 47 68 A3 CA 96 D6 7F 93 84 0D 
plaintext (size 12):
	A1 04 00 48 A9 E9 5E B2 E9 97 04 B0 
ID_CRED (size 3):
	A1 04 00 
sign_or_mac (size 8):
	A9 E9 5E B2 E9 97 04 B0 
[cred] lookup ID_CRED len=3
A10400
[cred] cred_array entries: 1
[cred] candidate[0] len=3 A10400
SHARED SECRET DERIVE
dh_secret (size 32):
	6C AA 7E E1 BA D2 D5 D5 C3 6D 15 AA 95 09 CF D4 
	84 71 E2 B0 43 B8 D2 92 C7 78 9F 3C 1B 1B 6C 3F 
SALT_3e2m or SALT4e3m (size 32):
	E5 CD 01 E3 00 C2 64 D7 6B 49 46 88 CB 73 1B 0E 
	F5 86 D6 C4 25 B3 66 06 63 E2 D4 F1 66 DD A2 11 
prk_4e3m (size 32):
	D0 70 C1 AE 76 3A CF 92 59 AE F0 A1 B0 C2 63 0B 
	36 C6 F2 6A A4 D6 77 11 78 77 8D 81 C9 A4 39 E0 
TMP size: 32
CBOR ENCODE ERROR: 0
MAX ID CRED: 400 cred len 3
MAX CRED: 765 cred len 3
PK SIZE: 65
SIGNATURE SIZE: 500
CONTEXT_MAC_SIZE: 1204
CONTEXT_MAC len: 41
CR len: 1
TH enc len: 34
MAC context (size 40):
	A1 04 00 58 20 2E 13 91 55 B3 39 03 DF 4D B8 77 
	45 0E 0D 35 D1 BB 47 46 7D 36 8A 47 68 A3 CA 96 
	D6 7F 93 84 0D A1 04 00 
MAC 2/3 (size 8):
	A9 E9 5E B2 E9 97 04 B0 
th23 (size 32):
	2E 13 91 55 B3 39 03 DF 4D B8 77 45 0E 0D 35 D1 
	BB 47 46 7D 36 8A 47 68 A3 CA 96 D6 7F 93 84 0D 
plaintext_23 (size 12):
	A1 04 00 48 A9 E9 5E B2 E9 97 04 B0 
cred (size 3):
	A1 04 00 
TMP size: 32
CBOR ENCODE ERROR: 0
Encoded
memcopy1
memcopy2
Input to calculate TH_3/TH_4 (CBOR Sequence) (size 49):
	58 20 2E 13 91 55 B3 39 03 DF 4D B8 77 45 0E 0D 
	35 D1 BB 47 46 7D 36 8A 47 68 A3 CA 96 D6 7F 93 
	84 0D A1 04 00 48 A9 E9 5E B2 E9 97 04 B0 A1 04 
	00 
TH34 (size 32):
	43 83 2A 29 E8 22 E8 4F 96 57 D6 58 59 57 AE 0A 
	99 EA D8 8A 40 6F A1 E4 6B E6 F6 86 D8 0E 09 70 
[resp] edhoc_responder_run completed
PRK_out (size 32):
	35 98 30 37 2A 85 A2 12 09 40 A6 0E 91 2D EC FD 
	3E 57 B4 B2 75 9C 24 7D 0E 2B 88 70 E4 6E 08 2C 
prk_exporter (size 32):
	94 F7 43 B5 87 55 1F BE C2 8A B4 5F E6 25 67 66 
	57 B4 A9 E7 E6 B8 17 07 C8 7E 1F 02 35 66 39 C5 
OSCORE Master Secret (size 16):
	B2 BC FA 06 04 EC F2 DC A5 29 C7 C3 8D 6E 2A B0 
OSCORE Master Salt (size 8):
	48 0A 83 10 EE 6C C4 50 
