IPv4 server with address 0.0.0.0 started!
test vector number: 2
INITIATOR SUIT kem: 1, signature -7
responder pk size: 65 
responder sk size: 32 
Responder ready to receive EDHOC DH request
seed (size 4):
	3C C4 AF 62 
public ephemeral key (size 32):
	9D 76 49 E1 E1 F6 68 72 39 4F 9E 5A 37 5F 1C 50 
	C8 C6 E9 E4 9C 8A DD 08 A6 43 5D 98 79 47 B9 AC 
secret ephemeral key (size 32):
	A5 8A 73 2C E5 AC 4D 3C 1A 0C 82 AB B3 5A 67 B8 
	26 78 B9 94 01 1C 28 4F 8D 30 79 E3 D1 EE 10 C0 
Responder ready to Receive EDHOC PQ request 
__________________
PDU was constructed from buffer of 64 bytes
PDU is 64 bytes long
CoAP Version: 1
Message Type: Confirmable
Token length: 4
Code: 0.02 POST
Message ID: 0
Token of 4 bytes.
   Value: 0x01000000 
2 options:
OPTION (1/2)
   Option number (delta): 11 (11)
   Name: URI_PATH
   Value length: 11
   Value: ".well-known"
OPTION (2/2)
   Option number (delta): 11 (0)
   Name: URI_PATH
   Value length: 5
   Value: "edhoc"
Payload of 37 bytes
   Value: "\00\02X \8a\f6\f40\eb\e1\8d4\18@\17\a9\a1\1b\f5\11\c8\df\f8\f84s\0b\96\c1\b7\c8\db\ca/\c3\b67"
__________________
CoAP message (size 37):
	00 02 58 20 8A F6 F4 30 EB E1 8D 34 18 40 17 A9 
	A1 1B F5 11 C8 DF F8 F8 34 73 0B 96 C1 B7 C8 DB 
	CA 2F C3 B6 37 
message_1 (CBOR Sequence) (size 37):
	00 02 58 20 8A F6 F4 30 EB E1 8D 34 18 40 17 A9 
	A1 1B F5 11 C8 DF F8 F8 34 73 0B 96 C1 B7 C8 DB 
	CA 2F C3 B6 37 
msg1  (size 37):
	00 02 58 20 8A F6 F4 30 EB E1 8D 34 18 40 17 A9 
	A1 1B F5 11 C8 DF F8 F8 34 73 0B 96 C1 B7 C8 DB 
	CA 2F C3 B6 37 
msg1 METHOD: 0
msg1 SUITES_I (size 1):
	02 
g_x len 1216
g_x len message 1 32
msg1 G_X (size 32):
	8A F6 F4 30 EB E1 8D 34 18 40 17 A9 A1 1B F5 11 
	C8 DF F8 F8 34 73 0B 96 C1 B7 C8 DB CA 2F C3 B6 
msg1 C_I_raw (size 1):
	E8 
Suite 2 will be used in this EDHOC run.
PQ/T hybrid declare second array
y  (size 32):
	A5 8A 73 2C E5 AC 4D 3C 1A 0C 82 AB B3 5A 67 B8 
	26 78 B9 94 01 1C 28 4F 8D 30 79 E3 D1 EE 10 C0 
gx  (size 32):
	8A F6 F4 30 EB E1 8D 34 18 40 17 A9 A1 1B F5 11 
	C8 DF F8 F8 34 73 0B 96 C1 B7 C8 DB CA 2F C3 B6 
SHARED SECRET DERIVE
P256 in DH
pk_decompressed tinycript (size 64):
	8A F6 F4 30 EB E1 8D 34 18 40 17 A9 A1 1B F5 11 
	C8 DF F8 F8 34 73 0B 96 C1 B7 C8 DB CA 2F C3 B6 
	AE 17 50 92 91 24 87 EA FE 52 E2 63 A0 57 40 85 
	5E A8 E9 39 3F 95 A2 FC 7A FC 39 EB 00 7F 36 4C 
G_XY (ECDH shared secret)  (size 32):
	91 29 A8 5F 98 9A 4A DE 64 51 35 DA 03 CC 78 02 
	3F E1 00 9A 9E 77 1E 45 8D C1 C5 B6 C4 17 F1 FA 
hash_msg1_raw (size 32):
	C7 93 1F CA 62 16 CA BC B5 A9 AB 7B 17 61 AE 46 
	78 94 6B A4 F6 0B 6D E1 63 14 69 18 2A 4E 67 26 
Input to calculate TH_2 (CBOR Sequence) (size 68):
	58 20 9D 76 49 E1 E1 F6 68 72 39 4F 9E 5A 37 5F 
	1C 50 C8 C6 E9 E4 9C 8A DD 08 A6 43 5D 98 79 47 
	B9 AC 58 20 C7 93 1F CA 62 16 CA BC B5 A9 AB 7B 
	17 61 AE 46 78 94 6B A4 F6 0B 6D E1 63 14 69 18 
	2A 4E 67 26 
TH2 (size 32):
	E1 84 90 9B CA 5F 10 2B 0C 9C 14 69 8C 8C B6 CE 
	20 2C 8A A1 BC F4 66 09 32 3D 71 08 0B 12 5F DB 
PRK_2e (size 32):
	A8 E0 80 AE 4D 35 A3 09 80 88 23 11 D4 84 76 FE 
	1A 0B 41 75 3A D1 49 E4 87 7A D5 F3 6D A8 8C 98 
prk_3e2m (size 32):
	A8 E0 80 AE 4D 35 A3 09 80 88 23 11 D4 84 76 FE 
	1A 0B 41 75 3A D1 49 E4 87 7A D5 F3 6D A8 8C 98 
Signature len 500 - 64
TMP size: 32
CBOR ENCODE ERROR: 0
MAX ID CRED: 400 cred len 14
MAX CRED: 765 cred len 293
PK SIZE: 65
SIGNATURE SIZE: 500
CONTEXT_MAC_SIZE: 1204
CONTEXT_MAC len: 343
CR len: 2
TH enc len: 34
TMP size: 1
CBOR ENCODE ERROR: 0
MAC context (size 343):
	41 27 A1 18 22 82 2E 48 34 80 F5 FA 01 A8 AB F4 
	58 20 E1 84 90 9B CA 5F 10 2B 0C 9C 14 69 8C 8C 
	B6 CE 20 2C 8A A1 BC F4 66 09 32 3D 71 08 0B 12 
	5F DB 59 01 22 30 82 01 1E 30 81 C5 A0 03 02 01 
	02 02 04 61 E9 98 1E 30 0A 06 08 2A 86 48 CE 3D 
	04 03 02 30 15 31 13 30 11 06 03 55 04 03 0C 0A 
	45 44 48 4F 43 20 52 6F 6F 74 30 1E 17 0D 32 32 
	30 31 32 30 31 37 31 33 30 32 5A 17 0D 32 39 31 
	32 33 31 32 33 30 30 30 30 5A 30 1A 31 18 30 16 
	06 03 55 04 03 0C 0F 45 44 48 4F 43 20 52 65 73 
	70 6F 6E 64 65 72 30 59 30 13 06 07 2A 86 48 CE 
	3D 02 01 06 08 2A 86 48 CE 3D 03 01 07 03 42 00 
	04 BB C3 49 60 52 6E A4 D3 2E 94 0C AD 2A 23 41 
	48 DD C2 17 91 A1 2A FB CB AC 93 62 20 46 DD 44 
	F0 45 19 E2 57 23 6B 2A 0C E2 02 3F 09 31 F1 F3 
	86 CA 7A FD A6 4F CD E0 10 8C 22 4C 51 EA BF 60 
	72 30 0A 06 08 2A 86 48 CE 3D 04 03 02 03 48 00 
	30 45 02 20 30 19 4E F5 FC 65 C8 B7 95 CD CD 0B 
	B4 31 BF 83 EE 67 41 C1 37 0C 22 C8 EB 8E E9 ED 
	D2 A7 05 19 02 21 00 B5 83 0E 9C 89 A6 2A C7 3C 
	E1 EB CE 00 61 70 7D B8 A8 8E 23 70 9B 4A CC 58 
	A1 31 3B 13 3D 05 58 
is not DH, 32
MAC 2/3 (size 32):
	9F 0E BE DE 64 CB 3E F8 64 64 E3 7B D8 08 7A DA 
	58 88 EA 87 70 C6 3F A7 30 56 01 7B A6 A2 E7 18 
TMP size: 32
CBOR ENCODE ERROR: 0
Signature or mac size: 64Inside the sign
signature_or_mac (is signature) (size 64):
	CC 02 06 29 DB E1 3D D4 FE C2 1C A7 73 D1 97 68 
	14 11 88 08 D6 A4 E1 38 55 BB FB AE 0D DC F4 AB 
	25 2B 9A 0D B5 0A DB 81 5F 86 F5 B8 14 41 60 96 
	74 60 29 99 76 E8 57 64 5D 29 4C 88 16 85 51 7D 
TMP size: 64
CBOR ENCODE ERROR: 0
kid (size 0):
KEYSTREAM_2 (size 81):
	33 43 B8 02 6C E2 99 AE 03 07 77 99 C9 75 47 D8 
	C5 43 0C 4C F4 FF 51 68 E6 96 1C D3 31 83 95 A4 
	03 71 63 8C 48 E3 B8 15 B5 ED FD 0B F6 88 1F 25 
	B7 0E 8A 08 73 04 85 C5 95 97 9B 0E 8C A3 06 AC 
	87 4E DD 09 46 B5 F9 5F 79 4B 04 E0 FC 29 02 15 
	08 
ciphertext_2/3/4 (size 81):
	14 E2 A0 20 EE CC D1 9A 83 F2 8D 98 61 DE B3 80 
	85 8F 0E 4A DD 24 B0 55 32 68 DE CF 96 F0 44 33 
	6B 65 72 04 40 35 1C F4 8D B8 46 F0 58 85 C3 D1 
	1C 2B A1 92 7E B1 8F 1E 14 C8 1D FB 34 B7 47 CC 
	11 3A BD 20 DF C3 11 08 1D 16 2D AC 74 3F 87 44 
	75 
TMP size: 113
CBOR ENCODE ERROR: 0
message_2 (CBOR Sequence) (size 115):
	58 71 9D 76 49 E1 E1 F6 68 72 39 4F 9E 5A 37 5F 
	1C 50 C8 C6 E9 E4 9C 8A DD 08 A6 43 5D 98 79 47 
	B9 AC 14 E2 A0 20 EE CC D1 9A 83 F2 8D 98 61 DE 
	B3 80 85 8F 0E 4A DD 24 B0 55 32 68 DE CF 96 F0 
	44 33 6B 65 72 04 40 35 1C F4 8D B8 46 F0 58 85 
	C3 D1 1C 2B A1 92 7E B1 8F 1E 14 C8 1D FB 34 B7 
	47 CC 11 3A BD 20 DF C3 11 08 1D 16 2D AC 74 3F 
	87 44 75 
th23 (size 32):
	E1 84 90 9B CA 5F 10 2B 0C 9C 14 69 8C 8C B6 CE 
	20 2C 8A A1 BC F4 66 09 32 3D 71 08 0B 12 5F DB 
plaintext_23 (size 81):
	27 A1 18 22 82 2E 48 34 80 F5 FA 01 A8 AB F4 58 
	40 CC 02 06 29 DB E1 3D D4 FE C2 1C A7 73 D1 97 
	68 14 11 88 08 D6 A4 E1 38 55 BB FB AE 0D DC F4 
	AB 25 2B 9A 0D B5 0A DB 81 5F 86 F5 B8 14 41 60 
	96 74 60 29 99 76 E8 57 64 5D 29 4C 88 16 85 51 
	7D 
cred (size 293):
	59 01 22 30 82 01 1E 30 81 C5 A0 03 02 01 02 02 
	04 61 E9 98 1E 30 0A 06 08 2A 86 48 CE 3D 04 03 
	02 30 15 31 13 30 11 06 03 55 04 03 0C 0A 45 44 
	48 4F 43 20 52 6F 6F 74 30 1E 17 0D 32 32 30 31 
	32 30 31 37 31 33 30 32 5A 17 0D 32 39 31 32 33 
	31 32 33 30 30 30 30 5A 30 1A 31 18 30 16 06 03 
	55 04 03 0C 0F 45 44 48 4F 43 20 52 65 73 70 6F 
	6E 64 65 72 30 59 30 13 06 07 2A 86 48 CE 3D 02 
	01 06 08 2A 86 48 CE 3D 03 01 07 03 42 00 04 BB 
	C3 49 60 52 6E A4 D3 2E 94 0C AD 2A 23 41 48 DD 
	C2 17 91 A1 2A FB CB AC 93 62 20 46 DD 44 F0 45 
	19 E2 57 23 6B 2A 0C E2 02 3F 09 31 F1 F3 86 CA 
	7A FD A6 4F CD E0 10 8C 22 4C 51 EA BF 60 72 30 
	0A 06 08 2A 86 48 CE 3D 04 03 02 03 48 00 30 45 
	02 20 30 19 4E F5 FC 65 C8 B7 95 CD CD 0B B4 31 
	BF 83 EE 67 41 C1 37 0C 22 C8 EB 8E E9 ED D2 A7 
	05 19 02 21 00 B5 83 0E 9C 89 A6 2A C7 3C E1 EB 
	CE 00 61 70 7D B8 A8 8E 23 70 9B 4A CC 58 A1 31 
	3B 13 3D 05 58 
TMP size: 32
CBOR ENCODE ERROR: 0
Encoded
memcopy1
memcopy2
Input to calculate TH_3/TH_4 (CBOR Sequence) (size 408):
	58 20 E1 84 90 9B CA 5F 10 2B 0C 9C 14 69 8C 8C 
	B6 CE 20 2C 8A A1 BC F4 66 09 32 3D 71 08 0B 12 
	5F DB 27 A1 18 22 82 2E 48 34 80 F5 FA 01 A8 AB 
	F4 58 40 CC 02 06 29 DB E1 3D D4 FE C2 1C A7 73 
	D1 97 68 14 11 88 08 D6 A4 E1 38 55 BB FB AE 0D 
	DC F4 AB 25 2B 9A 0D B5 0A DB 81 5F 86 F5 B8 14 
	41 60 96 74 60 29 99 76 E8 57 64 5D 29 4C 88 16 
	85 51 7D 59 01 22 30 82 01 1E 30 81 C5 A0 03 02 
	01 02 02 04 61 E9 98 1E 30 0A 06 08 2A 86 48 CE 
	3D 04 03 02 30 15 31 13 30 11 06 03 55 04 03 0C 
	0A 45 44 48 4F 43 20 52 6F 6F 74 30 1E 17 0D 32 
	32 30 31 32 30 31 37 31 33 30 32 5A 17 0D 32 39 
	31 32 33 31 32 33 30 30 30 30 5A 30 1A 31 18 30 
	16 06 03 55 04 03 0C 0F 45 44 48 4F 43 20 52 65 
	73 70 6F 6E 64 65 72 30 59 30 13 06 07 2A 86 48 
	CE 3D 02 01 06 08 2A 86 48 CE 3D 03 01 07 03 42 
	00 04 BB C3 49 60 52 6E A4 D3 2E 94 0C AD 2A 23 
	41 48 DD C2 17 91 A1 2A FB CB AC 93 62 20 46 DD 
	44 F0 45 19 E2 57 23 6B 2A 0C E2 02 3F 09 31 F1 
	F3 86 CA 7A FD A6 4F CD E0 10 8C 22 4C 51 EA BF 
	60 72 30 0A 06 08 2A 86 48 CE 3D 04 03 02 03 48 
	00 30 45 02 20 30 19 4E F5 FC 65 C8 B7 95 CD CD 
	0B B4 31 BF 83 EE 67 41 C1 37 0C 22 C8 EB 8E E9 
	ED D2 A7 05 19 02 21 00 B5 83 0E 9C 89 A6 2A C7 
	3C E1 EB CE 00 61 70 7D B8 A8 8E 23 70 9B 4A CC 
	58 A1 31 3B 13 3D 05 58 
TH34 (size 32):
	9C 89 D3 60 3D ED 35 4C 03 CA 5A C5 47 04 9F 18 
	D8 9A 2A DE A4 A3 DE 57 3C 76 33 E5 85 26 E8 ED 
msg2 generated
msg2 (size 115):
	58 71 9D 76 49 E1 E1 F6 68 72 39 4F 9E 5A 37 5F 
	1C 50 C8 C6 E9 E4 9C 8A DD 08 A6 43 5D 98 79 47 
	B9 AC 14 E2 A0 20 EE CC D1 9A 83 F2 8D 98 61 DE 
	B3 80 85 8F 0E 4A DD 24 B0 55 32 68 DE CF 96 F0 
	44 33 6B 65 72 04 40 35 1C F4 8D B8 46 F0 58 85 
	C3 D1 1C 2B A1 92 7E B1 8F 1E 14 C8 1D FB 34 B7 
	47 CC 11 3A BD 20 DF C3 11 08 1D 16 2D AC 74 3F 
	87 44 75 
ead prcessed
CoAP reply sent!
mesage tx
waiting to receive
__________________
PDU was constructed from buffer of 117 bytes
PDU is 117 bytes long
CoAP Version: 1
Message Type: Confirmable
Token length: 4
Code: 0.02 POST
Message ID: 1
Token of 4 bytes.
   Value: 0x02000000 
2 options:
OPTION (1/2)
   Option number (delta): 11 (11)
   Name: URI_PATH
   Value length: 11
   Value: ".well-known"
OPTION (2/2)
   Option number (delta): 11 (0)
   Name: URI_PATH
   Value length: 5
   Value: "edhoc"
Payload of 90 bytes
   Value: "XX\c3@\b5D\a5V\d1\00(\19a\f70\e1v\eae\03Y\d7\08&)\17\10\c9\14K\dfn1\de\9dN\82k\96^\f4%\dd\8bp\f4[\bat-\01\d0\e0<\edc\df\80\87~\b7\aa\e0\81+\d1j\a02;\c3\fbrPU=\e7\17Z\cd>\a3]\c8\1f6\03/\c62"
__________________
CoAP message (size 90):
	58 58 C3 40 B5 44 A5 56 D1 00 28 19 61 F7 30 E1 
	76 EA 65 03 59 D7 08 26 29 17 10 C9 14 4B DF 6E 
	31 DE 9D 4E 82 6B 96 5E F4 25 DD 8B 70 F4 5B BA 
	74 2D 01 D0 E0 3C ED 63 DF 80 87 7E B7 AA E0 81 
	2B D1 6A A0 32 3B C3 FB 72 50 55 3D E7 17 5A CD 
	3E A3 5D C8 1F 36 03 2F C6 32 
received
CIPHERTEXT_3 (size 88):
	C3 40 B5 44 A5 56 D1 00 28 19 61 F7 30 E1 76 EA 
	65 03 59 D7 08 26 29 17 10 C9 14 4B DF 6E 31 DE 
	9D 4E 82 6B 96 5E F4 25 DD 8B 70 F4 5B BA 74 2D 
	01 D0 E0 3C ED 63 DF 80 87 7E B7 AA E0 81 2B D1 
	6A A0 32 3B C3 FB 72 50 55 3D E7 17 5A CD 3E A3 
	5D C8 1F 36 03 2F C6 32 
PLAINTEXT3_SIZE: 903
ctxt3.len: 88
K_3 (size 16):
	6A 2D 16 17 D8 0D C2 BB 82 A9 E9 1F F4 09 47 39 
IV_3 (size 13):
	64 D9 20 64 4B 53 A0 14 CD A6 3D 29 42 
associated_data (size 45):
	83 68 45 6E 63 72 79 70 74 30 40 58 20 9C 89 D3 
	60 3D ED 35 4C 03 CA 5A C5 47 04 9F 18 D8 9A 2A 
	DE A4 A3 DE 57 3C 76 33 E5 85 26 E8 ED 
plaintext (size 80):
	A1 18 22 82 2E 48 EE C7 3F CB B0 16 26 76 58 40 
	0E D6 5A 56 9C 4D 8A 4A 7E 28 08 D5 20 E6 30 BE 
	38 D0 2B EB 84 02 8F 37 13 7C 59 7B 80 A6 B2 85 
	CE D3 C2 8E 6B 29 6B BD 7D 35 07 82 A2 D1 8E B3 
	D4 5B 0F 35 8D 21 E9 B4 34 E1 13 4A 7C 2C 99 B2 
ID_CRED (size 14):
	A1 18 22 82 2E 48 EE C7 3F CB B0 16 26 76 
sign_or_mac (size 64):
	0E D6 5A 56 9C 4D 8A 4A 7E 28 08 D5 20 E6 30 BE 
	38 D0 2B EB 84 02 8F 37 13 7C 59 7B 80 A6 B2 85 
	CE D3 C2 8E 6B 29 6B BD 7D 35 07 82 A2 D1 8E B3 
	D4 5B 0F 35 8D 21 E9 B4 34 E1 13 4A 7C 2C 99 B2 
[cred] lookup ID_CRED len=14
A11822822E48EEC73FCBB0162676
[cred] cred_array entries: 1
[cred] candidate[0] len=14 A11822822E48EEC73FCBB0162676
prk_4e3m (size 32):
	A8 E0 80 AE 4D 35 A3 09 80 88 23 11 D4 84 76 FE 
	1A 0B 41 75 3A D1 49 E4 87 7A D5 F3 6D A8 8C 98 
TMP size: 32
CBOR ENCODE ERROR: 0
MAX ID CRED: 400 cred len 14
MAX CRED: 765 cred len 293
PK SIZE: 65
SIGNATURE SIZE: 500
CONTEXT_MAC_SIZE: 1204
CONTEXT_MAC len: 342
CR len: 1
TH enc len: 34
MAC context (size 341):
	A1 18 22 82 2E 48 EE C7 3F CB B0 16 26 76 58 20 
	9C 89 D3 60 3D ED 35 4C 03 CA 5A C5 47 04 9F 18 
	D8 9A 2A DE A4 A3 DE 57 3C 76 33 E5 85 26 E8 ED 
	59 01 22 30 82 01 1E 30 81 C5 A0 03 02 01 02 02 
	04 62 32 EF 6F 30 0A 06 08 2A 86 48 CE 3D 04 03 
	02 30 15 31 13 30 11 06 03 55 04 03 0C 0A 45 44 
	48 4F 43 20 52 6F 6F 74 30 1E 17 0D 32 32 30 33 
	31 37 30 38 32 31 30 33 5A 17 0D 32 39 31 32 33 
	31 32 33 30 30 30 30 5A 30 1A 31 18 30 16 06 03 
	55 04 03 0C 0F 45 44 48 4F 43 20 49 6E 69 74 69 
	61 74 6F 72 30 59 30 13 06 07 2A 86 48 CE 3D 02 
	01 06 08 2A 86 48 CE 3D 03 01 07 03 42 00 04 AC 
	75 E9 EC E3 E5 0B FC 8E D6 03 99 88 95 22 40 5C 
	47 BF 16 DF 96 66 0A 41 29 8C B4 30 7F 7E B6 6E 
	5D E6 11 38 8A 4B 8A 82 11 33 4A C7 D3 7E CB 52 
	A3 87 D2 57 E6 DB 3C 2A 93 DF 21 FF 3A FF C8 30 
	0A 06 08 2A 86 48 CE 3D 04 03 02 03 48 00 30 45 
	02 21 00 8C 32 3A 1F 33 21 38 AA B9 D0 BE AF B8 
	5F 8D 5A 44 07 3C 58 0F 59 5B C5 21 EF 91 3F 6E 
	F4 8D 11 02 20 6C 0A F1 A1 85 A4 E4 DE 06 35 36 
	99 23 1C 73 3A 6E 8D D2 DF 65 13 96 6C 91 30 15 
	2A 07 A2 BE DE 
is not DH, 32
MAC 2/3 (size 32):
	57 8F 32 A8 A2 3F C7 EA B1 38 B4 D4 96 CF BE 84 
	6A F9 5B BB E7 04 51 CE 6F 70 76 24 6F CB 03 38 
TMP size: 32
CBOR ENCODE ERROR: 0
Signature or MAC verification successful!
th23 (size 32):
	9C 89 D3 60 3D ED 35 4C 03 CA 5A C5 47 04 9F 18 
	D8 9A 2A DE A4 A3 DE 57 3C 76 33 E5 85 26 E8 ED 
plaintext_23 (size 80):
	A1 18 22 82 2E 48 EE C7 3F CB B0 16 26 76 58 40 
	0E D6 5A 56 9C 4D 8A 4A 7E 28 08 D5 20 E6 30 BE 
	38 D0 2B EB 84 02 8F 37 13 7C 59 7B 80 A6 B2 85 
	CE D3 C2 8E 6B 29 6B BD 7D 35 07 82 A2 D1 8E B3 
	D4 5B 0F 35 8D 21 E9 B4 34 E1 13 4A 7C 2C 99 B2 
cred (size 293):
	59 01 22 30 82 01 1E 30 81 C5 A0 03 02 01 02 02 
	04 62 32 EF 6F 30 0A 06 08 2A 86 48 CE 3D 04 03 
	02 30 15 31 13 30 11 06 03 55 04 03 0C 0A 45 44 
	48 4F 43 20 52 6F 6F 74 30 1E 17 0D 32 32 30 33 
	31 37 30 38 32 31 30 33 5A 17 0D 32 39 31 32 33 
	31 32 33 30 30 30 30 5A 30 1A 31 18 30 16 06 03 
	55 04 03 0C 0F 45 44 48 4F 43 20 49 6E 69 74 69 
	61 74 6F 72 30 59 30 13 06 07 2A 86 48 CE 3D 02 
	01 06 08 2A 86 48 CE 3D 03 01 07 03 42 00 04 AC 
	75 E9 EC E3 E5 0B FC 8E D6 03 99 88 95 22 40 5C 
	47 BF 16 DF 96 66 0A 41 29 8C B4 30 7F 7E B6 6E 
	5D E6 11 38 8A 4B 8A 82 11 33 4A C7 D3 7E CB 52 
	A3 87 D2 57 E6 DB 3C 2A 93 DF 21 FF 3A FF C8 30 
	0A 06 08 2A 86 48 CE 3D 04 03 02 03 48 00 30 45 
	02 21 00 8C 32 3A 1F 33 21 38 AA B9 D0 BE AF B8 
	5F 8D 5A 44 07 3C 58 0F 59 5B C5 21 EF 91 3F 6E 
	F4 8D 11 02 20 6C 0A F1 A1 85 A4 E4 DE 06 35 36 
	99 23 1C 73 3A 6E 8D D2 DF 65 13 96 6C 91 30 15 
	2A 07 A2 BE DE 
TMP size: 32
CBOR ENCODE ERROR: 0
Encoded
memcopy1
memcopy2
Input to calculate TH_3/TH_4 (CBOR Sequence) (size 407):
	58 20 9C 89 D3 60 3D ED 35 4C 03 CA 5A C5 47 04 
	9F 18 D8 9A 2A DE A4 A3 DE 57 3C 76 33 E5 85 26 
	E8 ED A1 18 22 82 2E 48 EE C7 3F CB B0 16 26 76 
	58 40 0E D6 5A 56 9C 4D 8A 4A 7E 28 08 D5 20 E6 
	30 BE 38 D0 2B EB 84 02 8F 37 13 7C 59 7B 80 A6 
	B2 85 CE D3 C2 8E 6B 29 6B BD 7D 35 07 82 A2 D1 
	8E B3 D4 5B 0F 35 8D 21 E9 B4 34 E1 13 4A 7C 2C 
	99 B2 59 01 22 30 82 01 1E 30 81 C5 A0 03 02 01 
	02 02 04 62 32 EF 6F 30 0A 06 08 2A 86 48 CE 3D 
	04 03 02 30 15 31 13 30 11 06 03 55 04 03 0C 0A 
	45 44 48 4F 43 20 52 6F 6F 74 30 1E 17 0D 32 32 
	30 33 31 37 30 38 32 31 30 33 5A 17 0D 32 39 31 
	32 33 31 32 33 30 30 30 30 5A 30 1A 31 18 30 16 
	06 03 55 04 03 0C 0F 45 44 48 4F 43 20 49 6E 69 
	74 69 61 74 6F 72 30 59 30 13 06 07 2A 86 48 CE 
	3D 02 01 06 08 2A 86 48 CE 3D 03 01 07 03 42 00 
	04 AC 75 E9 EC E3 E5 0B FC 8E D6 03 99 88 95 22 
	40 5C 47 BF 16 DF 96 66 0A 41 29 8C B4 30 7F 7E 
	B6 6E 5D E6 11 38 8A 4B 8A 82 11 33 4A C7 D3 7E 
	CB 52 A3 87 D2 57 E6 DB 3C 2A 93 DF 21 FF 3A FF 
	C8 30 0A 06 08 2A 86 48 CE 3D 04 03 02 03 48 00 
	30 45 02 21 00 8C 32 3A 1F 33 21 38 AA B9 D0 BE 
	AF B8 5F 8D 5A 44 07 3C 58 0F 59 5B C5 21 EF 91 
	3F 6E F4 8D 11 02 20 6C 0A F1 A1 85 A4 E4 DE 06 
	35 36 99 23 1C 73 3A 6E 8D D2 DF 65 13 96 6C 91 
	30 15 2A 07 A2 BE DE 
TH34 (size 32):
	3D 9B A0 00 6F 47 AC 8A AF 8A 2A 5D 2C B4 B1 16 
	17 CE 80 5E 14 AE 7F 6F E2 88 AE 8F 81 66 9A 80 
PRK_out (size 32):
	AB 76 31 37 5E CC 46 BA F2 DA 66 2D 57 3C E5 8A 
	18 C9 AE D5 89 13 74 A5 8D 1E 49 23 2C B3 EF 31 
prk_exporter (size 32):
	7B 35 EC F6 D9 18 1E E1 0B 50 FD 84 EC A1 EE FA 
	2E 02 79 4B C7 5A 44 07 A1 31 FE 41 AF D0 10 40 
OSCORE Master Secret (size 16):
	07 26 0A 14