NO DEFINED LIBOQS
initiator test vector number 2:initator cipher suit: (size 1):
	02 
initiator sk size:32 
initiator pk size:65 
secret ephemeral DH key (size 32):
	8A F6 F4 30 EB E1 8D 34 18 40 17 A9 A1 1B F5 11 
	C8 DF F8 F8 34 73 0B 96 C1 B7 C8 DB CA 2F C3 B6 
public ephemeral DH key (size 32):
	36 8E C1 F6 9A EB 65 9B A3 7D 5A 8D 45 B2 1B DC 
	02 99 DC EA A8 EF 23 5F 3C A4 2C E3 53 0F 95 25 
IPv4 client to connect to server with address 127.0.0.1 started!
MSG1 gx (size 32):
	8A F6 F4 30 EB E1 8D 34 18 40 17 A9 A1 1B F5 11 
	C8 DF F8 F8 34 73 0B 96 C1 B7 C8 DB CA 2F C3 B6 
X (eph -rpivate I) (size 32):
	36 8E C1 F6 9A EB 65 9B A3 7D 5A 8D 45 B2 1B DC 
	02 99 DC EA A8 EF 23 5F 3C A4 2C E3 53 0F 95 25 
C_I (size 1):
	37 
message_1 (CBOR Sequence) (size 37):
	00 02 58 20 8A F6 F4 30 EB E1 8D 34 18 40 17 A9 
	A1 1B F5 11 C8 DF F8 F8 34 73 0B 96 C1 B7 C8 DB 
	CA 2F C3 B6 37 
MSG: (size 37):
	00 02 58 20 8A F6 F4 30 EB E1 8D 34 18 40 17 A9 
	A1 1B F5 11 C8 DF F8 F8 34 73 0B 96 C1 B7 C8 DB 
	CA 2F C3 B6 37 
Max MSG2 size 2027
Set gy to the dh key size for DH
message_2 (CBOR Sequence) (size 115):
	58 71 77 8B BD 1A 7C 62 47 8A C5 03 0C E5 59 F5 
	0D DB 2D 36 31 AE 93 90 54 A4 66 CE 24 14 E0 84 
	99 50 DD 34 51 BF 92 56 0F EF 1B F5 FA 88 7C FA 
	7A 47 60 3E 6F E1 07 BC 4E 83 D1 89 6C 50 4C 6A 
	C0 F2 EE 9F C6 72 DC D1 A3 3D A9 A1 85 08 89 6B 
	D6 4D 5A 5A DD F8 71 06 CE 2A 9B 01 A3 0F BB 1C 
	ED 53 35 4B 9F 39 BF E3 38 ED 78 A2 F2 85 8C 1E 
	7A 0D 38 
g_y (size 32):
	77 8B BD 1A 7C 62 47 8A C5 03 0C E5 59 F5 0D DB 
	2D 36 31 AE 93 90 54 A4 66 CE 24 14 E0 84 99 50 
ciphertext2 (size 81):
	DD 34 51 BF 92 56 0F EF 1B F5 FA 88 7C FA 7A 47 
	60 3E 6F E1 07 BC 4E 83 D1 89 6C 50 4C 6A C0 F2 
	EE 9F C6 72 DC D1 A3 3D A9 A1 85 08 89 6B D6 4D 
	5A 5A DD F8 71 06 CE 2A 9B 01 A3 0F BB 1C ED 53 
	35 4B 9F 39 BF E3 38 ED 78 A2 F2 85 8C 1E 7A 0D 
	38 
PQ/T Hybrid array foe g_xy_KEM
x  (size 32):
	36 8E C1 F6 9A EB 65 9B A3 7D 5A 8D 45 B2 1B DC 
	02 99 DC EA A8 EF 23 5F 3C A4 2C E3 53 0F 95 25 
gy  (size 32):
	77 8B BD 1A 7C 62 47 8A C5 03 0C E5 59 F5 0D DB 
	2D 36 31 AE 93 90 54 A4 66 CE 24 14 E0 84 99 50 
SHARED SECRET DERIVE
P256 in DH
pk_decompressed tinycript (size 64):
	77 8B BD 1A 7C 62 47 8A C5 03 0C E5 59 F5 0D DB 
	2D 36 31 AE 93 90 54 A4 66 CE 24 14 E0 84 99 50 
	62 87 E8 DD 0A 24 65 CE 48 96 11 4C A9 14 FC EA 
	98 41 87 E2 76 5F D8 8D 31 F2 74 07 45 1D 35 52 
G_XY (ECDH shared secret)  (size 32):
	7A AB 24 AC CE 1C 5F 78 7F 84 D2 F4 FC 0A 05 C5 
	86 83 C0 6E AE 35 81 BB C9 93 F8 21 D3 63 AC A5 
hash_msg1_raw (size 32):
	C7 93 1F CA 62 16 CA BC B5 A9 AB 7B 17 61 AE 46 
	78 94 6B A4 F6 0B 6D E1 63 14 69 18 2A 4E 67 26 
Input to calculate TH_2 (CBOR Sequence) (size 68):
	58 20 77 8B BD 1A 7C 62 47 8A C5 03 0C E5 59 F5 
	0D DB 2D 36 31 AE 93 90 54 A4 66 CE 24 14 E0 84 
	99 50 58 20 C7 93 1F CA 62 16 CA BC B5 A9 AB 7B 
	17 61 AE 46 78 94 6B A4 F6 0B 6D E1 63 14 69 18 
	2A 4E 67 26 
TH2 (size 32):
	20 D0 4C 81 B9 FB B4 58 DF AF B9 18 70 A3 35 EB 
	1B BA 72 49 E9 97 77 91 55 4E 5B D9 85 CB A6 EB 
TH_2 (size 32):
	20 D0 4C 81 B9 FB B4 58 DF AF B9 18 70 A3 35 EB 
	1B BA 72 49 E9 97 77 91 55 4E 5B D9 85 CB A6 EB 
PRK_2e (size 32):
	2F 6D 7F 17 58 51 C6 5A CA C5 9E F7 19 95 04 7A 
	06 93 EF 94 83 D2 87 E1 DF 99 AA 02 0C 4F F9 F6 
KEYSTREAM_2 (size 81):
	FA 95 49 9D 10 78 47 DB 9B 00 00 89 D4 51 8E 1F 
	20 3B 08 73 4B 47 6F 1C 02 5E CD AA FF 2A 91 9F 
	3A F0 F9 72 E8 0E 3C B1 9A 21 B2 8A 37 03 F7 E3 
	95 64 B7 E6 8F EB EE C9 3F AB 65 E4 22 5E DD 8D 
	5D 16 E9 40 07 B1 77 8A D4 3E 67 AD D7 9F E3 BB 
	5B 
associated_data (size 45):
	83 68 45 6E 63 72 79 70 74 30 40 58 20 20 D0 4C 
	81 B9 FB B4 58 DF AF B9 18 70 A3 35 EB 1B BA 72 
	49 E9 97 77 91 55 4E 5B D9 85 CB A6 EB 
plaintext (size 81):
	27 A1 18 22 82 2E 48 34 80 F5 FA 01 A8 AB F4 58 
	40 05 67 92 4C FB 21 9F D3 D7 A1 FA B3 40 51 6D 
	D4 6F 3F 00 34 DF 9F 8C 33 80 37 82 BE 68 21 AE 
	CF 3E 6A 1E FE ED 20 E3 A4 AA C6 EB 99 42 30 DE 
	68 5D 76 79 B8 52 4F 67 AC 9C 95 28 5B 81 99 B6 
	63 
C_R (raw) (size 1):
	27 
ID_CRED (size 14):
	A1 18 22 82 2E 48 34 80 F5 FA 01 A8 AB F4 
sign_or_mac (size 64):
	05 67 92 4C FB 21 9F D3 D7 A1 FA B3 40 51 6D D4 
	6F 3F 00 34 DF 9F 8C 33 80 37 82 BE 68 21 AE CF 
	3E 6A 1E FE ED 20 E3 A4 AA C6 EB 99 42 30 DE 68 
	5D 76 79 B8 52 4F 67 AC 9C 95 28 5B 81 99 B6 63 
[cred] lookup ID_CRED len=14
A11822822E483480F5FA01A8ABF4
[cred] cred_array entries: 1
[cred] candidate[0] len=14 A11822822E483480F5FA01A8ABF4
prk_3e2m (size 32):
	2F 6D 7F 17 58 51 C6 5A CA C5 9E F7 19 95 04 7A 
	06 93 EF 94 83 D2 87 E1 DF 99 AA 02 0C 4F F9 F6 
TMP size: 32
CBOR ENCODE ERROR: 0
MAX ID CRED: 400 cred len 14
MAX CRED: 765 cred len 293
PK SIZE: 65
SIGNATURE SIZE: 500
CONTEXT_MAC_SIZE: 1204
CONTEXT_MAC len: 343
CR len: 2
TH enc len: 34
TMP size: 1
CBOR ENCODE ERROR: 0
MAC context (size 343):
	41 27 A1 18 22 82 2E 48 34 80 F5 FA 01 A8 AB F4 
	58 20 20 D0 4C 81 B9 FB B4 58 DF AF B9 18 70 A3 
	35 EB 1B BA 72 49 E9 97 77 91 55 4E 5B D9 85 CB 
	A6 EB 59 01 22 30 82 01 1E 30 81 C5 A0 03 02 01 
	02 02 04 61 E9 98 1E 30 0A 06 08 2A 86 48 CE 3D 
	04 03 02 30 15 31 13 30 11 06 03 55 04 03 0C 0A 
	45 44 48 4F 43 20 52 6F 6F 74 30 1E 17 0D 32 32 
	30 31 32 30 31 37 31 33 30 32 5A 17 0D 32 39 31 
	32 33 31 32 33 30 30 30 30 5A 30 1A 31 18 30 16 
	06 03 55 04 03 0C 0F 45 44 48 4F 43 20 52 65 73 
	70 6F 6E 64 65 72 30 59 30 13 06 07 2A 86 48 CE 
	3D 02 01 06 08 2A 86 48 CE 3D 03 01 07 03 42 00 
	04 BB C3 49 60 52 6E A4 D3 2E 94 0C AD 2A 23 41 
	48 DD C2 17 91 A1 2A FB CB AC 93 62 20 46 DD 44 
	F0 45 19 E2 57 23 6B 2A 0C E2 02 3F 09 31 F1 F3 
	86 CA 7A FD A6 4F CD E0 10 8C 22 4C 51 EA BF 60 
	72 30 0A 06 08 2A 86 48 CE 3D 04 03 02 03 48 00 
	30 45 02 20 30 19 4E F5 FC 65 C8 B7 95 CD CD 0B 
	B4 31 BF 83 EE 67 41 C1 37 0C 22 C8 EB 8E E9 ED 
	D2 A7 05 19 02 21 00 B5 83 0E 9C 89 A6 2A C7 3C 
	E1 EB CE 00 61 70 7D B8 A8 8E 23 70 9B 4A CC 58 
	A1 31 3B 13 3D 05 58 
is not DH, 32
MAC 2/3 (size 32):
	DE 80 3F 04 E7 41 D7 69 80 20 5D 64 4E D7 A3 AF 
	CC 34 C7 45 7A 14 A2 C5 07 3A 55 64 71 6A 54 05 
TMP size: 32
CBOR ENCODE ERROR: 0
Signature or MAC verification successful!
th23 (size 32):
	20 D0 4C 81 B9 FB B4 58 DF AF B9 18 70 A3 35 EB 
	1B BA 72 49 E9 97 77 91 55 4E 5B D9 85 CB A6 EB 
plaintext_23 (size 81):
	27 A1 18 22 82 2E 48 34 80 F5 FA 01 A8 AB F4 58 
	40 05 67 92 4C FB 21 9F D3 D7 A1 FA B3 40 51 6D 
	D4 6F 3F 00 34 DF 9F 8C 33 80 37 82 BE 68 21 AE 
	CF 3E 6A 1E FE ED 20 E3 A4 AA C6 EB 99 42 30 DE 
	68 5D 76 79 B8 52 4F 67 AC 9C 95 28 5B 81 99 B6 
	63 
cred (size 293):
	59 01 22 30 82 01 1E 30 81 C5 A0 03 02 01 02 02 
	04 61 E9 98 1E 30 0A 06 08 2A 86 48 CE 3D 04 03 
	02 30 15 31 13 30 11 06 03 55 04 03 0C 0A 45 44 
	48 4F 43 20 52 6F 6F 74 30 1E 17 0D 32 32 30 31 
	32 30 31 37 31 33 30 32 5A 17 0D 32 39 31 32 33 
	31 32 33 30 30 30 30 5A 30 1A 31 18 30 16 06 03 
	55 04 03 0C 0F 45 44 48 4F 43 20 52 65 73 70 6F 
	6E 64 65 72 30 59 30 13 06 07 2A 86 48 CE 3D 02 
	01 06 08 2A 86 48 CE 3D 03 01 07 03 42 00 04 BB 
	C3 49 60 52 6E A4 D3 2E 94 0C AD 2A 23 41 48 DD 
	C2 17 91 A1 2A FB CB AC 93 62 20 46 DD 44 F0 45 
	19 E2 57 23 6B 2A 0C E2 02 3F 09 31 F1 F3 86 CA 
	7A FD A6 4F CD E0 10 8C 22 4C 51 EA BF 60 72 30 
	0A 06 08 2A 86 48 CE 3D 04 03 02 03 48 00 30 45 
	02 20 30 19 4E F5 FC 65 C8 B7 95 CD CD 0B B4 31 
	BF 83 EE 67 41 C1 37 0C 22 C8 EB 8E E9 ED D2 A7 
	05 19 02 21 00 B5 83 0E 9C 89 A6 2A C7 3C E1 EB 
	CE 00 61 70 7D B8 A8 8E 23 70 9B 4A CC 58 A1 31 
	3B 13 3D 05 58 
TMP size: 32
CBOR ENCODE ERROR: 0
Encoded
memcopy1
memcopy2
Input to calculate TH_3/TH_4 (CBOR Sequence) (size 408):
	58 20 20 D0 4C 81 B9 FB B4 58 DF AF B9 18 70 A3 
	35 EB 1B BA 72 49 E9 97 77 91 55 4E 5B D9 85 CB 
	A6 EB 27 A1 18 22 82 2E 48 34 80 F5 FA 01 A8 AB 
	F4 58 40 05 67 92 4C FB 21 9F D3 D7 A1 FA B3 40 
	51 6D D4 6F 3F 00 34 DF 9F 8C 33 80 37 82 BE 68 
	21 AE CF 3E 6A 1E FE ED 20 E3 A4 AA C6 EB 99 42 
	30 DE 68 5D 76 79 B8 52 4F 67 AC 9C 95 28 5B 81 
	99 B6 63 59 01 22 30 82 01 1E 30 81 C5 A0 03 02 
	01 02 02 04 61 E9 98 1E 30 0A 06 08 2A 86 48 CE 
	3D 04 03 02 30 15 31 13 30 11 06 03 55 04 03 0C 
	0A 45 44 48 4F 43 20 52 6F 6F 74 30 1E 17 0D 32 
	32 30 31 32 30 31 37 31 33 30 32 5A 17 0D 32 39 
	31 32 33 31 32 33 30 30 30 30 5A 30 1A 31 18 30 
	16 06 03 55 04 03 0C 0F 45 44 48 4F 43 20 52 65 
	73 70 6F 6E 64 65 72 30 59 30 13 06 07 2A 86 48 
	CE 3D 02 01 06 08 2A 86 48 CE 3D 03 01 07 03 42 
	00 04 BB C3 49 60 52 6E A4 D3 2E 94 0C AD 2A 23 
	41 48 DD C2 17 91 A1 2A FB CB AC 93 62 20 46 DD 
	44 F0 45 19 E2 57 23 6B 2A 0C E2 02 3F 09 31 F1 
	F3 86 CA 7A FD A6 4F CD E0 10 8C 22 4C 51 EA BF 
	60 72 30 0A 06 08 2A 86 48 CE 3D 04 03 02 03 48 
	00 30 45 02 20 30 19 4E F5 FC 65 C8 B7 95 CD CD 
	0B B4 31 BF 83 EE 67 41 C1 37 0C 22 C8 EB 8E E9 
	ED D2 A7 05 19 02 21 00 B5 83 0E 9C 89 A6 2A C7 
	3C E1 EB CE 00 61 70 7D B8 A8 8E 23 70 9B 4A CC 
	58 A1 31 3B 13 3D 05 58 
TH34 (size 32):
	BB 66 EF FF B5 A4 67 B6 7C C7 9F 0D EE 01 B5 59 
	C8 C3 7C BF 2D 4F B1 70 27 55 D8 E4 6C 99 B1 8D 
prk_4e3m (size 32):
	2F 6D 7F 17 58 51 C6 5A CA C5 9E F7 19 95 04 7A 
	06 93 EF 94 83 D2 87 E1 DF 99 AA 02 0C 4F F9 F6 
TMP size: 32
CBOR ENCODE ERROR: 0
MAX ID CRED: 400 cred len 14
MAX CRED: 765 cred len 293
PK SIZE: 65
SIGNATURE SIZE: 500
CONTEXT_MAC_SIZE: 1204
CONTEXT_MAC len: 342
CR len: 1
TH enc len: 34
MAC context (size 341):
	A1 18 22 82 2E 48 EE C7 3F CB B0 16 26 76 58 20 
	BB 66 EF FF B5 A4 67 B6 7C C7 9F 0D EE 01 B5 59 
	C8 C3 7C BF 2D 4F B1 70 27 55 D8 E4 6C 99 B1 8D 
	59 01 22 30 82 01 1E 30 81 C5 A0 03 02 01 02 02 
	04 62 32 EF 6F 30 0A 06 08 2A 86 48 CE 3D 04 03 
	02 30 15 31 13 30 11 06 03 55 04 03 0C 0A 45 44 
	48 4F 43 20 52 6F 6F 74 30 1E 17 0D 32 32 30 33 
	31 37 30 38 32 31 30 33 5A 17 0D 32 39 31 32 33 
	31 32 33 30 30 30 30 5A 30 1A 31 18 30 16 06 03 
	55 04 03 0C 0F 45 44 48 4F 43 20 49 6E 69 74 69 
	61 74 6F 72 30 59 30 13 06 07 2A 86 48 CE 3D 02 
	01 06 08 2A 86 48 CE 3D 03 01 07 03 42 00 04 AC 
	75 E9 EC E3 E5 0B FC 8E D6 03 99 88 95 22 40 5C 
	47 BF 16 DF 96 66 0A 41 29 8C B4 30 7F 7E B6 6E 
	5D E6 11 38 8A 4B 8A 82 11 33 4A C7 D3 7E CB 52 
	A3 87 D2 57 E6 DB 3C 2A 93 DF 21 FF 3A FF C8 30 
	0A 06 08 2A 86 48 CE 3D 04 03 02 03 48 00 30 45 
	02 21 00 8C 32 3A 1F 33 21 38 AA B9 D0 BE AF B8 
	5F 8D 5A 44 07 3C 58 0F 59 5B C5 21 EF 91 3F 6E 
	F4 8D 11 02 20 6C 0A F1 A1 85 A4 E4 DE 06 35 36 
	99 23 1C 73 3A 6E 8D D2 DF 65 13 96 6C 91 30 15 
	2A 07 A2 BE DE 
is not DH, 32
MAC 2/3 (size 32):
	9D F1 D1 C2 13 32 C6 81 A6 34 E2 6C 2C 66 1A DC 
	E5 77 8E B3 69 A1 6F 9C 67 90 58 B2 F7 60 2E 75 
TMP size: 32
CBOR ENCODE ERROR: 0
Signature or mac size: 64Inside the sign
signature_or_mac (is signature) (size 64):
	FE 3A F7 31 E1 DE D8 92 01 6D 6A 2C 9D 43 54 A0 
	58 88 13 5C 3B 52 8C 50 5B D0 71 AC 22 7E D3 C3 
	43 51 1C 19 68 21 2A 2B D6 47 AB FC CA 8A 7A 86 
	0B 1E C1 7C 8E 07 63 8C 6B 72 EF 4E 88 00 B3 D8 
TMP size: 64
CBOR ENCODE ERROR: 0
kid (size 0):
K_3 (size 16):
	AE F1 71 86 BD E3 C1 9A BC 2C 45 82 EC 93 A4 C3 
IV_3 (size 13):
	26 5D CA CD 53 50 E0 BD FB 40 F0 7F 27 
aad_data (size 45):
	83 68 45 6E 63 72 79 70 74 30 40 58 20 BB 66 EF 
	FF B5 A4 67 B6 7C C7 9F 0D EE 01 B5 59 C8 C3 7C 
	BF 2D 4F B1 70 27 55 D8 E4 6C 99 B1 8D 
ciphertext_2/3/4 (size 88):
	36 60 14 16 23 E0 C1 91 BD 40 A0 F8 E4 05 CB 64 
	B3 E0 F0 34 F5 04 FA 43 B4 CD 63 A4 4F B8 BE 38 
	E6 65 B9 05 F8 21 1C BD 78 E5 4C C9 B1 05 67 FB 
	20 26 1D DF 8F F5 44 EB AD A8 87 CC F5 BA 59 B0 
	17 9D A1 96 CC 59 C6 4C 05 5E 8A 72 DD C9 51 E6 
	3C 78 06 3C 99 DF EF ED 
CIPHERTEXT: (size 88):
	36 60 14 16 23 E0 C1 91 BD 40 A0 F8 E4 05 CB 64 
	B3 E0 F0 34 F5 04 FA 43 B4 CD 63 A4 4F B8 BE 38 
	E6 65 B9 05 F8 21 1C BD 78 E5 4C C9 B1 05 67 FB 
	20 26 1D DF 8F F5 44 EB AD A8 87 CC F5 BA 59 B0 
	17 9D A1 96 CC 59 C6 4C 05 5E 8A 72 DD C9 51 E6 
	3C 78 06 3C 99 DF EF ED 
MSG out size:92
TMP size: 88
CBOR ENCODE ERROR: 0
msg3 (size 90):
	58 58 36 60 14 16 23 E0 C1 91 BD 40 A0 F8 E4 05 
	CB 64 B3 E0 F0 34 F5 04 FA 43 B4 CD 63 A4 4F B8 
	BE 38 E6 65 B9 05 F8 21 1C BD 78 E5 4C C9 B1 05 
	67 FB 20 26 1D DF 8F F5 44 EB AD A8 87 CC F5 BA 
	59 B0 17 9D A1 96 CC 59 C6 4C 05 5E 8A 72 DD C9 
	51 E6 3C 78 06 3C 99 DF EF ED 
th23 (size 32):
	BB 66 EF FF B5 A4 67 B6 7C C7 9F 0D EE 01 B5 59 
	C8 C3 7C BF 2D 4F B1 70 27 55 D8 E4 6C 99 B1 8D 
plaintext_23 (size 80):
	A1 18 22 82 2E 48 EE C7 3F CB B0 16 26 76 58 40 
	FE 3A F7 31 E1 DE D8 92 01 6D 6A 2C 9D 43 54 A0 
	58 88 13 5C 3B 52 8C 50 5B D0 71 AC 22 7E D3 C3 
	43 51 1C 19 68 21 2A 2B D6 47 AB FC CA 8A 7A 86 
	0B 1E C1 7C 8E 07 63 8C 6B 72 EF 4E 88 00 B3 D8 
cred (size 293):
	59 01 22 30 82 01 1E 30 81 C5 A0 03 02 01 02 02 
	04 62 32 EF 6F 30 0A 06 08 2A 86 48 CE 3D 04 03 
	02 30 15 31 13 30 11 06 03 55 04 03 0C 0A 45 44 
	48 4F 43 20 52 6F 6F 74 30 1E 17 0D 32 32 30 33 
	31 37 30 38 32 31 30 33 5A 17 0D 32 39 31 32 33 
	31 32 33 30 30 30 30 5A 30 1A 31 18 30 16 06 03 
	55 04 03 0C 0F 45 44 48 4F 43 20 49 6E 69 74 69 
	61 74 6F 72 30 59 30 13 06 07 2A 86 48 CE 3D 02 
	01 06 08 2A 86 48 CE 3D 03 01 07 03 42 00 04 AC 
	75 E9 EC E3 E5 0B FC 8E D6 03 99 88 95 22 40 5C 
	47 BF 16 DF 96 66 0A 41 29 8C B4 30 7F 7E B6 6E 
	5D E6 11 38 8A 4B 8A 82 11 33 4A C7 D3 7E CB 52 
	A3 87 D2 57 E6 DB 3C 2A 93 DF 21 FF 3A FF C8 30 
	0A 06 08 2A 86 48 CE 3D 04 03 02 03 48 00 30 45 
	02 21 00 8C 32 3A 1F 33 21 38 AA B9 D0 BE AF B8 
	5F 8D 5A 44 07 3C 58 0F 59 5B C5 21 EF 91 3F 6E 
	F4 8D 11 02 20 6C 0A F1 A1 85 A4 E4 DE 06 35 36 
	99 23 1C 73 3A 6E 8D D2 DF 65 13 96 6C 91 30 15 
	2A 07 A2 BE DE 
TMP size: 32
CBOR ENCODE ERROR: 0
Encoded
memcopy1
memcopy2
Input to calculate TH_3/TH_4 (CBOR Sequence) (size 407):
	58 20 BB 66 EF FF B5 A4 67 B6 7C C7 9F 0D EE 01 
	B5 59 C8 C3 7C BF 2D 4F B1 70 27 55 D8 E4 6C 99 
	B1 8D A1 18 22 82 2E 48 EE C7 3F CB B0 16 26 76 
	58 40 FE 3A F7 31 E1 DE D8 92 01 6D 6A 2C 9D 43 
	54 A0 58 88 13 5C 3B 52 8C 50 5B D0 71 AC 22 7E 
	D3 C3 43 51 1C 19 68 21 2A 2B D6 47 AB FC CA 8A 
	7A 86 0B 1E C1 7C 8E 07 63 8C 6B 72 EF 4E 88 00 
	B3 D8 59 01 22 30 82 01 1E 30 81 C5 A0 03 02 01 
	02 02 04 62 32 EF 6F 30 0A 06 08 2A 86 48 CE 3D 
	04 03 02 30 15 31 13 30 11 06 03 55 04 03 0C 0A 
	45 44 48 4F 43 20 52 6F 6F 74 30 1E 17 0D 32 32 
	30 33 31 37 30 38 32 31 30 33 5A 17 0D 32 39 31 
	32 33 31 32 33 30 30 30 30 5A 30 1A 31 18 30 16 
	06 03 55 04 03 0C 0F 45 44 48 4F 43 20 49 6E 69 
	74 69 61 74 6F 72 30 59 30 13 06 07 2A 86 48 CE 
	3D 02 01 06 08 2A 86 48 CE 3D 03 01 07 03 42 00 
	04 AC 75 E9 EC E3 E5 0B FC 8E D6 03 99 88 95 22 
	40 5C 47 BF 16 DF 96 66 0A 41 29 8C B4 30 7F 7E 
	B6 6E 5D E6 11 38 8A 4B 8A 82 11 33 4A C7 D3 7E 
	CB 52 A3 87 D2 57 E6 DB 3C 2A 93 DF 21 FF 3A FF 
	C8 30 0A 06 08 2A 86 48 CE 3D 04 03 02 03 48 00 
	30 45 02 21 00 8C 32 3A 1F 33 21 38 AA B9 D0 BE 
	AF B8 5F 8D 5A 44 07 3C 58 0F 59 5B C5 21 EF 91 
	3F 6E F4 8D 11 02 20 6C 0A F1 A1 85 A4 E4 DE 06 
	35 36 99 23 1C 73 3A 6E 8D D2 DF 65 13 96 6C 91 
	30 15 2A 07 A2 BE DE 
TH34 (size 32):
	C9 F9 5D 7E 27 77 E5 30 06 F9 2B A9 88 6F CC 68 
	78 22 C3 91 CB 43 EF 98 D7 E2 42 09 02 3B 54 01 
PRK_out (size 32):
	E5 48 9B B9 74 63 9C 07 E6 0A B8 9E BD DB 3C C9 
	A7 27 04 1A 69 51 99 09 62 3C D8 8D 6A E6 56 00 
prk_exporter (size 32):
	D3 0F 23 40 87 A3 B0 96 19 6B 4F 1E 50 70 A6 4C 
	0F 0E C8 85 0C 7E AD FF 53 DF 8F 9F 6C 6B 9B 1A 
OSCORE Master Secret (size 16):
	1E E4 4D 44 1B 69 DB 9D 05 00 0C FD 2C D8 77 23 
OSCORE Master Salt (size 8):
	68 45 C6 30 83 31 F8 12 
