[resp] get_suite
[resp] suite ready
IPv4 server with address 0.0.0.0 started!
[resp] socket ready
[resp] static DH keygen
[resp] static initiator pk
[resp] ephemeral DH keygen
[resp] starting edhoc_responder_run
[resp] rx got 1223 bytes
message_1 (CBOR Sequence) (size 1223):
	03 15 59 04 C0 FB B4 6F DD 17 E8 B7 0E C5 98 DE 
	CB B6 C8 4A 15 29 B0 DF CF 9E DE D9 C5 F8 D3 BF 
	64 F5 52 D2 10 11 15 24 08 C9 68 1F 4B 7A 8C 45 
	AB 92 72 0B E6 8B 26 D1 F6 C0 B9 DC 4C 9A 58 2E 
	2F F1 54 07 EA AA 22 89 25 1C 62 94 97 1B 1A E0 
	F0 13 6C C4 7B FA 84 6B 16 86 A6 DC 8C 68 D9 C1 
	A5 07 28 C6 22 36 09 DC 64 C6 C7 D9 B9 D0 F0 86 
	AB 28 25 00 FA 8A B9 26 00 3A 35 4C 94 28 6A 79 
	C6 92 74 1B 3B E9 50 85 AD 32 41 53 95 7F B4 68 
	5F BE 8C C1 94 67 4A D3 72 C1 42 C1 C1 AC B6 C9 
	E2 35 9B EB 6C 41 3D 10 06 32 CC B2 85 22 44 75 
	C5 C3 DF 97 36 4A E5 B5 06 F2 75 1D 47 4C 5F 97 
	45 67 FB 99 22 89 89 36 26 2D F0 91 85 28 A6 AA 
	F4 08 B7 29 61 31 0A 44 2B C8 DB 52 77 26 B2 19 
	53 B0 30 55 31 99 83 C7 60 E5 54 D6 8A 8B EE 3A 
	78 BF 1A A8 22 E7 74 95 C2 C9 D3 93 75 EC D3 00 
	72 2B 13 48 A1 3E C8 9C 0A 3D 40 C5 A4 72 24 8E 
	50 69 F8 B7 76 14 66 42 F1 95 C6 0A 9B 13 DB 90 
	0A 3A 93 05 68 A8 3B 75 3C A7 1D E8 5F D1 C6 A6 
	D8 BB 42 2F EC 97 96 76 9E 6A EC 15 FF 2B 63 91 
	06 6C 3D 4C A4 28 27 3E 02 5C 92 7B 66 AF C4 A1 
	1B 48 38 0C AB 12 6B D9 27 95 59 12 81 59 E1 6B 
	68 C1 B5 0F 91 0F 76 42 54 FD F4 01 F3 B7 8E 15 
	8A 60 2A 69 A1 26 64 09 0E C8 B3 F6 82 7A 5A 43 
	A4 0E 3A 36 D7 8B 67 BF C1 08 C1 72 7C 47 C8 91 
	CA F6 84 16 83 93 56 2C 12 14 1A B7 40 81 B7 C5 
	B4 BE E0 71 8D D7 F1 83 50 85 8D C3 E2 28 6C 9A 
	84 0B DC 0E F9 34 60 50 F1 08 89 21 25 5B FA 7E 
	47 F8 BE 3D 2C 76 96 26 4B 44 8A 2F 22 74 65 BB 
	86 AF 78 15 70 57 A4 68 0F C1 B0 A6 83 5D 88 D0 
	C4 05 A0 68 2C 95 76 0A 2C AA 22 CB B9 AA FA 8F 
	0E 47 C6 E7 DA 22 E1 A4 62 AE 37 BF F6 65 13 F4 
	EC 35 36 DB C9 AD 14 98 11 09 1E 4F 23 7D 7E 35 
	C0 5E 86 2D 28 BC 27 4D 00 62 11 44 6D A0 A1 A8 
	CD EB 67 1B B0 18 02 81 37 F0 61 BC E8 71 84 BA 
	00 0B 9A C7 B3 74 93 7B 00 28 1E F9 00 A2 49 C4 
	21 EE 79 38 51 71 20 77 B4 22 40 49 8C 19 00 8B 
	1B 83 2D 61 B5 62 26 53 0E 8A 5C 28 7F 90 62 9A 
	37 55 27 43 62 FD 1C 38 67 A1 59 1E E5 C5 40 30 
	CA 8C 7A 99 5F 86 56 F7 AA 56 8A 15 22 91 DC 9C 
	64 65 0C F5 16 B2 4C 48 A9 4F 20 8A 12 96 25 49 
	81 3A 63 17 31 63 C6 19 72 A2 C6 66 81 C0 63 9A 
	01 89 A5 83 7E AC 64 7C 36 60 6C 37 41 69 C9 96 
	C9 F0 03 2F B3 9A FB 80 45 5A E1 CB 3D 18 5B 1B 
	74 C8 05 DB 4C 04 BB 20 6E 69 3F 79 46 78 B2 F9 
	7B A1 31 B1 0E 42 87 7B E5 58 C8 6A 9F F2 B8 28 
	10 F2 0B AD 21 AD 90 C5 A1 9D E3 C7 3D 7B 75 4A 
	22 0D 21 62 A8 33 42 CC 90 F7 C8 50 D1 9C 49 32 
	31 00 79 3A 59 E6 53 CD E9 57 4F DA 55 19 54 0A 
	75 AC C3 D2 60 72 7B 95 89 AB 69 8F AB E4 93 BA 
	59 80 26 77 8F 46 D3 A7 71 B8 1E 40 C5 40 D9 69 
	C1 3F 9A B1 47 C5 6D A7 82 A8 6C C8 71 FA 88 79 
	82 E5 8C C1 E5 7C 4D E0 87 4A 64 97 A5 0A 2C 2A 
	29 45 8E E8 B7 19 86 74 49 A3 2D BA 9C 23 43 34 
	60 72 81 8B 7B 90 13 32 EB 84 2C EC C4 41 C9 77 
	4C 1A 62 78 54 37 4D 77 1C 35 95 6E 2B 98 1C B9 
	E6 0A 20 62 9D C9 3B 6E 1F A6 4F C6 B1 37 30 69 
	A2 AA 3C 70 D6 0C 0B 0D 10 4E 0D FC 46 2B C1 5F 
	11 F0 31 42 84 B7 3D E1 C7 32 64 20 58 D9 2E BD 
	FB 0A 26 2C 63 67 A5 8B CE 41 8E E5 CA 5A F6 24 
	31 35 B7 89 24 F4 3A E8 8B A2 96 C2 29 38 C4 24 
	58 E7 11 4D 53 87 8A C0 54 91 F0 7D E7 F3 6E 2D 
	D0 49 81 22 18 52 E1 5C 96 30 85 ED 21 C4 86 63 
	C7 19 A3 6D 68 3B A8 01 42 09 D7 21 16 43 96 3F 
	4B 41 89 D0 DA CF E1 BB 02 85 71 26 0D 6A 1F 0E 
	E0 5D 71 F4 AC 5C 0C 78 25 C4 54 A4 54 83 70 FC 
	C0 36 F9 AC 26 01 83 C5 31 1C AE 58 81 82 15 BD 
	18 32 B2 E9 D4 C4 0D 55 8E 89 F4 AA 7E 4C 42 E6 
	61 13 40 91 BB A4 D2 B5 8D 31 86 D0 E9 18 B9 38 
	4B 9D 94 21 5C 4B 1A 59 8B CB A2 96 BB E1 31 92 
	38 39 0D 2D C0 6A 0B 84 A9 E2 67 16 CE 34 CB 96 
	10 6E D2 71 76 F4 CA 9D B6 C1 C5 F3 22 16 C3 76 
	9D 40 6A 53 18 D4 4A 2A 5C 16 A5 23 42 2F 02 C5 
	56 3B 7C 84 A0 A6 16 10 25 43 C7 64 7E 30 31 01 
	B2 C9 63 D0 7F 2D 33 F1 36 16 A9 09 B1 5F CF 60 
	68 FB 83 B5 64 2D 55 21 79 E4 57 0E E0 7A D5 1D 
	46 80 8C B3 39 41 49 
msg1  (size 1223):
	03 15 59 04 C0 FB B4 6F DD 17 E8 B7 0E C5 98 DE 
	CB B6 C8 4A 15 29 B0 DF CF 9E DE D9 C5 F8 D3 BF 
	64 F5 52 D2 10 11 15 24 08 C9 68 1F 4B 7A 8C 45 
	AB 92 72 0B E6 8B 26 D1 F6 C0 B9 DC 4C 9A 58 2E 
	2F F1 54 07 EA AA 22 89 25 1C 62 94 97 1B 1A E0 
	F0 13 6C C4 7B FA 84 6B 16 86 A6 DC 8C 68 D9 C1 
	A5 07 28 C6 22 36 09 DC 64 C6 C7 D9 B9 D0 F0 86 
	AB 28 25 00 FA 8A B9 26 00 3A 35 4C 94 28 6A 79 
	C6 92 74 1B 3B E9 50 85 AD 32 41 53 95 7F B4 68 
	5F BE 8C C1 94 67 4A D3 72 C1 42 C1 C1 AC B6 C9 
	E2 35 9B EB 6C 41 3D 10 06 32 CC B2 85 22 44 75 
	C5 C3 DF 97 36 4A E5 B5 06 F2 75 1D 47 4C 5F 97 
	45 67 FB 99 22 89 89 36 26 2D F0 91 85 28 A6 AA 
	F4 08 B7 29 61 31 0A 44 2B C8 DB 52 77 26 B2 19 
	53 B0 30 55 31 99 83 C7 60 E5 54 D6 8A 8B EE 3A 
	78 BF 1A A8 22 E7 74 95 C2 C9 D3 93 75 EC D3 00 
	72 2B 13 48 A1 3E C8 9C 0A 3D 40 C5 A4 72 24 8E 
	50 69 F8 B7 76 14 66 42 F1 95 C6 0A 9B 13 DB 90 
	0A 3A 93 05 68 A8 3B 75 3C A7 1D E8 5F D1 C6 A6 
	D8 BB 42 2F EC 97 96 76 9E 6A EC 15 FF 2B 63 91 
	06 6C 3D 4C A4 28 27 3E 02 5C 92 7B 66 AF C4 A1 
	1B 48 38 0C AB 12 6B D9 27 95 59 12 81 59 E1 6B 
	68 C1 B5 0F 91 0F 76 42 54 FD F4 01 F3 B7 8E 15 
	8A 60 2A 69 A1 26 64 09 0E C8 B3 F6 82 7A 5A 43 
	A4 0E 3A 36 D7 8B 67 BF C1 08 C1 72 7C 47 C8 91 
	CA F6 84 16 83 93 56 2C 12 14 1A B7 40 81 B7 C5 
	B4 BE E0 71 8D D7 F1 83 50 85 8D C3 E2 28 6C 9A 
	84 0B DC 0E F9 34 60 50 F1 08 89 21 25 5B FA 7E 
	47 F8 BE 3D 2C 76 96 26 4B 44 8A 2F 22 74 65 BB 
	86 AF 78 15 70 57 A4 68 0F C1 B0 A6 83 5D 88 D0 
	C4 05 A0 68 2C 95 76 0A 2C AA 22 CB B9 AA FA 8F 
	0E 47 C6 E7 DA 22 E1 A4 62 AE 37 BF F6 65 13 F4 
	EC 35 36 DB C9 AD 14 98 11 09 1E 4F 23 7D 7E 35 
	C0 5E 86 2D 28 BC 27 4D 00 62 11 44 6D A0 A1 A8 
	CD EB 67 1B B0 18 02 81 37 F0 61 BC E8 71 84 BA 
	00 0B 9A C7 B3 74 93 7B 00 28 1E F9 00 A2 49 C4 
	21 EE 79 38 51 71 20 77 B4 22 40 49 8C 19 00 8B 
	1B 83 2D 61 B5 62 26 53 0E 8A 5C 28 7F 90 62 9A 
	37 55 27 43 62 FD 1C 38 67 A1 59 1E E5 C5 40 30 
	CA 8C 7A 99 5F 86 56 F7 AA 56 8A 15 22 91 DC 9C 
	64 65 0C F5 16 B2 4C 48 A9 4F 20 8A 12 96 25 49 
	81 3A 63 17 31 63 C6 19 72 A2 C6 66 81 C0 63 9A 
	01 89 A5 83 7E AC 64 7C 36 60 6C 37 41 69 C9 96 
	C9 F0 03 2F B3 9A FB 80 45 5A E1 CB 3D 18 5B 1B 
	74 C8 05 DB 4C 04 BB 20 6E 69 3F 79 46 78 B2 F9 
	7B A1 31 B1 0E 42 87 7B E5 58 C8 6A 9F F2 B8 28 
	10 F2 0B AD 21 AD 90 C5 A1 9D E3 C7 3D 7B 75 4A 
	22 0D 21 62 A8 33 42 CC 90 F7 C8 50 D1 9C 49 32 
	31 00 79 3A 59 E6 53 CD E9 57 4F DA 55 19 54 0A 
	75 AC C3 D2 60 72 7B 95 89 AB 69 8F AB E4 93 BA 
	59 80 26 77 8F 46 D3 A7 71 B8 1E 40 C5 40 D9 69 
	C1 3F 9A B1 47 C5 6D A7 82 A8 6C C8 71 FA 88 79 
	82 E5 8C C1 E5 7C 4D E0 87 4A 64 97 A5 0A 2C 2A 
	29 45 8E E8 B7 19 86 74 49 A3 2D BA 9C 23 43 34 
	60 72 81 8B 7B 90 13 32 EB 84 2C EC C4 41 C9 77 
	4C 1A 62 78 54 37 4D 77 1C 35 95 6E 2B 98 1C B9 
	E6 0A 20 62 9D C9 3B 6E 1F A6 4F C6 B1 37 30 69 
	A2 AA 3C 70 D6 0C 0B 0D 10 4E 0D FC 46 2B C1 5F 
	11 F0 31 42 84 B7 3D E1 C7 32 64 20 58 D9 2E BD 
	FB 0A 26 2C 63 67 A5 8B CE 41 8E E5 CA 5A F6 24 
	31 35 B7 89 24 F4 3A E8 8B A2 96 C2 29 38 C4 24 
	58 E7 11 4D 53 87 8A C0 54 91 F0 7D E7 F3 6E 2D 
	D0 49 81 22 18 52 E1 5C 96 30 85 ED 21 C4 86 63 
	C7 19 A3 6D 68 3B A8 01 42 09 D7 21 16 43 96 3F 
	4B 41 89 D0 DA CF E1 BB 02 85 71 26 0D 6A 1F 0E 
	E0 5D 71 F4 AC 5C 0C 78 25 C4 54 A4 54 83 70 FC 
	C0 36 F9 AC 26 01 83 C5 31 1C AE 58 81 82 15 BD 
	18 32 B2 E9 D4 C4 0D 55 8E 89 F4 AA 7E 4C 42 E6 
	61 13 40 91 BB A4 D2 B5 8D 31 86 D0 E9 18 B9 38 
	4B 9D 94 21 5C 4B 1A 59 8B CB A2 96 BB E1 31 92 
	38 39 0D 2D C0 6A 0B 84 A9 E2 67 16 CE 34 CB 96 
	10 6E D2 71 76 F4 CA 9D B6 C1 C5 F3 22 16 C3 76 
	9D 40 6A 53 18 D4 4A 2A 5C 16 A5 23 42 2F 02 C5 
	56 3B 7C 84 A0 A6 16 10 25 43 C7 64 7E 30 31 01 
	B2 C9 63 D0 7F 2D 33 F1 36 16 A9 09 B1 5F CF 60 
	68 FB 83 B5 64 2D 55 21 79 E4 57 0E E0 7A D5 1D 
	46 80 8C B3 39 41 49 
msg1 METHOD: 3
msg1 SUITES_I (size 1):
	15 
g_x len 1216
g_x len message 1 1216
msg1 G_X (size 1216):
	FB B4 6F DD 17 E8 B7 0E C5 98 DE CB B6 C8 4A 15 
	29 B0 DF CF 9E DE D9 C5 F8 D3 BF 64 F5 52 D2 10 
	11 15 24 08 C9 68 1F 4B 7A 8C 45 AB 92 72 0B E6 
	8B 26 D1 F6 C0 B9 DC 4C 9A 58 2E 2F F1 54 07 EA 
	AA 22 89 25 1C 62 94 97 1B 1A E0 F0 13 6C C4 7B 
	FA 84 6B 16 86 A6 DC 8C 68 D9 C1 A5 07 28 C6 22 
	36 09 DC 64 C6 C7 D9 B9 D0 F0 86 AB 28 25 00 FA 
	8A B9 26 00 3A 35 4C 94 28 6A 79 C6 92 74 1B 3B 
	E9 50 85 AD 32 41 53 95 7F B4 68 5F BE 8C C1 94 
	67 4A D3 72 C1 42 C1 C1 AC B6 C9 E2 35 9B EB 6C 
	41 3D 10 06 32 CC B2 85 22 44 75 C5 C3 DF 97 36 
	4A E5 B5 06 F2 75 1D 47 4C 5F 97 45 67 FB 99 22 
	89 89 36 26 2D F0 91 85 28 A6 AA F4 08 B7 29 61 
	31 0A 44 2B C8 DB 52 77 26 B2 19 53 B0 30 55 31 
	99 83 C7 60 E5 54 D6 8A 8B EE 3A 78 BF 1A A8 22 
	E7 74 95 C2 C9 D3 93 75 EC D3 00 72 2B 13 48 A1 
	3E C8 9C 0A 3D 40 C5 A4 72 24 8E 50 69 F8 B7 76 
	14 66 42 F1 95 C6 0A 9B 13 DB 90 0A 3A 93 05 68 
	A8 3B 75 3C A7 1D E8 5F D1 C6 A6 D8 BB 42 2F EC 
	97 96 76 9E 6A EC 15 FF 2B 63 91 06 6C 3D 4C A4 
	28 27 3E 02 5C 92 7B 66 AF C4 A1 1B 48 38 0C AB 
	12 6B D9 27 95 59 12 81 59 E1 6B 68 C1 B5 0F 91 
	0F 76 42 54 FD F4 01 F3 B7 8E 15 8A 60 2A 69 A1 
	26 64 09 0E C8 B3 F6 82 7A 5A 43 A4 0E 3A 36 D7 
	8B 67 BF C1 08 C1 72 7C 47 C8 91 CA F6 84 16 83 
	93 56 2C 12 14 1A B7 40 81 B7 C5 B4 BE E0 71 8D 
	D7 F1 83 50 85 8D C3 E2 28 6C 9A 84 0B DC 0E F9 
	34 60 50 F1 08 89 21 25 5B FA 7E 47 F8 BE 3D 2C 
	76 96 26 4B 44 8A 2F 22 74 65 BB 86 AF 78 15 70 
	57 A4 68 0F C1 B0 A6 83 5D 88 D0 C4 05 A0 68 2C 
	95 76 0A 2C AA 22 CB B9 AA FA 8F 0E 47 C6 E7 DA 
	22 E1 A4 62 AE 37 BF F6 65 13 F4 EC 35 36 DB C9 
	AD 14 98 11 09 1E 4F 23 7D 7E 35 C0 5E 86 2D 28 
	BC 27 4D 00 62 11 44 6D A0 A1 A8 CD EB 67 1B B0 
	18 02 81 37 F0 61 BC E8 71 84 BA 00 0B 9A C7 B3 
	74 93 7B 00 28 1E F9 00 A2 49 C4 21 EE 79 38 51 
	71 20 77 B4 22 40 49 8C 19 00 8B 1B 83 2D 61 B5 
	62 26 53 0E 8A 5C 28 7F 90 62 9A 37 55 27 43 62 
	FD 1C 38 67 A1 59 1E E5 C5 40 30 CA 8C 7A 99 5F 
	86 56 F7 AA 56 8A 15 22 91 DC 9C 64 65 0C F5 16 
	B2 4C 48 A9 4F 20 8A 12 96 25 49 81 3A 63 17 31 
	63 C6 19 72 A2 C6 66 81 C0 63 9A 01 89 A5 83 7E 
	AC 64 7C 36 60 6C 37 41 69 C9 96 C9 F0 03 2F B3 
	9A FB 80 45 5A E1 CB 3D 18 5B 1B 74 C8 05 DB 4C 
	04 BB 20 6E 69 3F 79 46 78 B2 F9 7B A1 31 B1 0E 
	42 87 7B E5 58 C8 6A 9F F2 B8 28 10 F2 0B AD 21 
	AD 90 C5 A1 9D E3 C7 3D 7B 75 4A 22 0D 21 62 A8 
	33 42 CC 90 F7 C8 50 D1 9C 49 32 31 00 79 3A 59 
	E6 53 CD E9 57 4F DA 55 19 54 0A 75 AC C3 D2 60 
	72 7B 95 89 AB 69 8F AB E4 93 BA 59 80 26 77 8F 
	46 D3 A7 71 B8 1E 40 C5 40 D9 69 C1 3F 9A B1 47 
	C5 6D A7 82 A8 6C C8 71 FA 88 79 82 E5 8C C1 E5 
	7C 4D E0 87 4A 64 97 A5 0A 2C 2A 29 45 8E E8 B7 
	19 86 74 49 A3 2D BA 9C 23 43 34 60 72 81 8B 7B 
	90 13 32 EB 84 2C EC C4 41 C9 77 4C 1A 62 78 54 
	37 4D 77 1C 35 95 6E 2B 98 1C B9 E6 0A 20 62 9D 
	C9 3B 6E 1F A6 4F C6 B1 37 30 69 A2 AA 3C 70 D6 
	0C 0B 0D 10 4E 0D FC 46 2B C1 5F 11 F0 31 42 84 
	B7 3D E1 C7 32 64 20 58 D9 2E BD FB 0A 26 2C 63 
	67 A5 8B CE 41 8E E5 CA 5A F6 24 31 35 B7 89 24 
	F4 3A E8 8B A2 96 C2 29 38 C4 24 58 E7 11 4D 53 
	87 8A C0 54 91 F0 7D E7 F3 6E 2D D0 49 81 22 18 
	52 E1 5C 96 30 85 ED 21 C4 86 63 C7 19 A3 6D 68 
	3B A8 01 42 09 D7 21 16 43 96 3F 4B 41 89 D0 DA 
	CF E1 BB 02 85 71 26 0D 6A 1F 0E E0 5D 71 F4 AC 
	5C 0C 78 25 C4 54 A4 54 83 70 FC C0 36 F9 AC 26 
	01 83 C5 31 1C AE 58 81 82 15 BD 18 32 B2 E9 D4 
	C4 0D 55 8E 89 F4 AA 7E 4C 42 E6 61 13 40 91 BB 
	A4 D2 B5 8D 31 86 D0 E9 18 B9 38 4B 9D 94 21 5C 
	4B 1A 59 8B CB A2 96 BB E1 31 92 38 39 0D 2D C0 
	6A 0B 84 A9 E2 67 16 CE 34 CB 96 10 6E D2 71 76 
	F4 CA 9D B6 C1 C5 F3 22 16 C3 76 9D 40 6A 53 18 
	D4 4A 2A 5C 16 A5 23 42 2F 02 C5 56 3B 7C 84 A0 
	A6 16 10 25 43 C7 64 7E 30 31 01 B2 C9 63 D0 7F 
	2D 33 F1 36 16 A9 09 B1 5F CF 60 68 FB 83 B5 64 
	2D 55 21 79 E4 57 0E E0 7A D5 1D 46 80 8C B3 39 
msg1 C_I_raw (size 1):
	49 
Suite 21 will be used in this EDHOC run.
PQ/T hybrid declare second array
PQ/T hybrid suit
PQ/T y  (size 32):
	38 89 C4 E0 B5 3B 03 FA 44 FB A6 AF 89 EE AA 5F 
	43 47 E8 49 6E 93 4C E8 13 64 E1 32 CF CA 25 6D 
PQ/T gx  (size 1216):
	FB B4 6F DD 17 E8 B7 0E C5 98 DE CB B6 C8 4A 15 
	29 B0 DF CF 9E DE D9 C5 F8 D3 BF 64 F5 52 D2 10 
	11 15 24 08 C9 68 1F 4B 7A 8C 45 AB 92 72 0B E6 
	8B 26 D1 F6 C0 B9 DC 4C 9A 58 2E 2F F1 54 07 EA 
	AA 22 89 25 1C 62 94 97 1B 1A E0 F0 13 6C C4 7B 
	FA 84 6B 16 86 A6 DC 8C 68 D9 C1 A5 07 28 C6 22 
	36 09 DC 64 C6 C7 D9 B9 D0 F0 86 AB 28 25 00 FA 
	8A B9 26 00 3A 35 4C 94 28 6A 79 C6 92 74 1B 3B 
	E9 50 85 AD 32 41 53 95 7F B4 68 5F BE 8C C1 94 
	67 4A D3 72 C1 42 C1 C1 AC B6 C9 E2 35 9B EB 6C 
	41 3D 10 06 32 CC B2 85 22 44 75 C5 C3 DF 97 36 
	4A E5 B5 06 F2 75 1D 47 4C 5F 97 45 67 FB 99 22 
	89 89 36 26 2D F0 91 85 28 A6 AA F4 08 B7 29 61 
	31 0A 44 2B C8 DB 52 77 26 B2 19 53 B0 30 55 31 
	99 83 C7 60 E5 54 D6 8A 8B EE 3A 78 BF 1A A8 22 
	E7 74 95 C2 C9 D3 93 75 EC D3 00 72 2B 13 48 A1 
	3E C8 9C 0A 3D 40 C5 A4 72 24 8E 50 69 F8 B7 76 
	14 66 42 F1 95 C6 0A 9B 13 DB 90 0A 3A 93 05 68 
	A8 3B 75 3C A7 1D E8 5F D1 C6 A6 D8 BB 42 2F EC 
	97 96 76 9E 6A EC 15 FF 2B 63 91 06 6C 3D 4C A4 
	28 27 3E 02 5C 92 7B 66 AF C4 A1 1B 48 38 0C AB 
	12 6B D9 27 95 59 12 81 59 E1 6B 68 C1 B5 0F 91 
	0F 76 42 54 FD F4 01 F3 B7 8E 15 8A 60 2A 69 A1 
	26 64 09 0E C8 B3 F6 82 7A 5A 43 A4 0E 3A 36 D7 
	8B 67 BF C1 08 C1 72 7C 47 C8 91 CA F6 84 16 83 
	93 56 2C 12 14 1A B7 40 81 B7 C5 B4 BE E0 71 8D 
	D7 F1 83 50 85 8D C3 E2 28 6C 9A 84 0B DC 0E F9 
	34 60 50 F1 08 89 21 25 5B FA 7E 47 F8 BE 3D 2C 
	76 96 26 4B 44 8A 2F 22 74 65 BB 86 AF 78 15 70 
	57 A4 68 0F C1 B0 A6 83 5D 88 D0 C4 05 A0 68 2C 
	95 76 0A 2C AA 22 CB B9 AA FA 8F 0E 47 C6 E7 DA 
	22 E1 A4 62 AE 37 BF F6 65 13 F4 EC 35 36 DB C9 
	AD 14 98 11 09 1E 4F 23 7D 7E 35 C0 5E 86 2D 28 
	BC 27 4D 00 62 11 44 6D A0 A1 A8 CD EB 67 1B B0 
	18 02 81 37 F0 61 BC E8 71 84 BA 00 0B 9A C7 B3 
	74 93 7B 00 28 1E F9 00 A2 49 C4 21 EE 79 38 51 
	71 20 77 B4 22 40 49 8C 19 00 8B 1B 83 2D 61 B5 
	62 26 53 0E 8A 5C 28 7F 90 62 9A 37 55 27 43 62 
	FD 1C 38 67 A1 59 1E E5 C5 40 30 CA 8C 7A 99 5F 
	86 56 F7 AA 56 8A 15 22 91 DC 9C 64 65 0C F5 16 
	B2 4C 48 A9 4F 20 8A 12 96 25 49 81 3A 63 17 31 
	63 C6 19 72 A2 C6 66 81 C0 63 9A 01 89 A5 83 7E 
	AC 64 7C 36 60 6C 37 41 69 C9 96 C9 F0 03 2F B3 
	9A FB 80 45 5A E1 CB 3D 18 5B 1B 74 C8 05 DB 4C 
	04 BB 20 6E 69 3F 79 46 78 B2 F9 7B A1 31 B1 0E 
	42 87 7B E5 58 C8 6A 9F F2 B8 28 10 F2 0B AD 21 
	AD 90 C5 A1 9D E3 C7 3D 7B 75 4A 22 0D 21 62 A8 
	33 42 CC 90 F7 C8 50 D1 9C 49 32 31 00 79 3A 59 
	E6 53 CD E9 57 4F DA 55 19 54 0A 75 AC C3 D2 60 
	72 7B 95 89 AB 69 8F AB E4 93 BA 59 80 26 77 8F 
	46 D3 A7 71 B8 1E 40 C5 40 D9 69 C1 3F 9A B1 47 
	C5 6D A7 82 A8 6C C8 71 FA 88 79 82 E5 8C C1 E5 
	7C 4D E0 87 4A 64 97 A5 0A 2C 2A 29 45 8E E8 B7 
	19 86 74 49 A3 2D BA 9C 23 43 34 60 72 81 8B 7B 
	90 13 32 EB 84 2C EC C4 41 C9 77 4C 1A 62 78 54 
	37 4D 77 1C 35 95 6E 2B 98 1C B9 E6 0A 20 62 9D 
	C9 3B 6E 1F A6 4F C6 B1 37 30 69 A2 AA 3C 70 D6 
	0C 0B 0D 10 4E 0D FC 46 2B C1 5F 11 F0 31 42 84 
	B7 3D E1 C7 32 64 20 58 D9 2E BD FB 0A 26 2C 63 
	67 A5 8B CE 41 8E E5 CA 5A F6 24 31 35 B7 89 24 
	F4 3A E8 8B A2 96 C2 29 38 C4 24 58 E7 11 4D 53 
	87 8A C0 54 91 F0 7D E7 F3 6E 2D D0 49 81 22 18 
	52 E1 5C 96 30 85 ED 21 C4 86 63 C7 19 A3 6D 68 
	3B A8 01 42 09 D7 21 16 43 96 3F 4B 41 89 D0 DA 
	CF E1 BB 02 85 71 26 0D 6A 1F 0E E0 5D 71 F4 AC 
	5C 0C 78 25 C4 54 A4 54 83 70 FC C0 36 F9 AC 26 
	01 83 C5 31 1C AE 58 81 82 15 BD 18 32 B2 E9 D4 
	C4 0D 55 8E 89 F4 AA 7E 4C 42 E6 61 13 40 91 BB 
	A4 D2 B5 8D 31 86 D0 E9 18 B9 38 4B 9D 94 21 5C 
	4B 1A 59 8B CB A2 96 BB E1 31 92 38 39 0D 2D C0 
	6A 0B 84 A9 E2 67 16 CE 34 CB 96 10 6E D2 71 76 
	F4 CA 9D B6 C1 C5 F3 22 16 C3 76 9D 40 6A 53 18 
	D4 4A 2A 5C 16 A5 23 42 2F 02 C5 56 3B 7C 84 A0 
	A6 16 10 25 43 C7 64 7E 30 31 01 B2 C9 63 D0 7F 
	2D 33 F1 36 16 A9 09 B1 5F CF 60 68 FB 83 B5 64 
	2D 55 21 79 E4 57 0E E0 7A D5 1D 46 80 8C B3 39 
DH y  (size 32):
	38 89 C4 E0 B5 3B 03 FA 44 FB A6 AF 89 EE AA 5F 
	43 47 E8 49 6E 93 4C E8 13 64 E1 32 CF CA 25 6D 
DH gx  (size 32):
	FB B4 6F DD 17 E8 B7 0E C5 98 DE CB B6 C8 4A 15 
	29 B0 DF CF 9E DE D9 C5 F8 D3 BF 64 F5 52 D2 10 
SHARED SECRET DERIVE
G_XY (ECDH shared secret)  (size 32):
	23 42 DA 3A 44 A9 28 77 02 7E D4 DE 6D 1E 8E A1 
	6A 64 F6 60 1A CF 0D 09 79 E2 32 07 86 54 F8 6D 
KEM mechanism
KEM - g_x  (size 1184):
	11 15 24 08 C9 68 1F 4B 7A 8C 45 AB 92 72 0B E6 
	8B 26 D1 F6 C0 B9 DC 4C 9A 58 2E 2F F1 54 07 EA 
	AA 22 89 25 1C 62 94 97 1B 1A E0 F0 13 6C C4 7B 
	FA 84 6B 16 86 A6 DC 8C 68 D9 C1 A5 07 28 C6 22 
	36 09 DC 64 C6 C7 D9 B9 D0 F0 86 AB 28 25 00 FA 
	8A B9 26 00 3A 35 4C 94 28 6A 79 C6 92 74 1B 3B 
	E9 50 85 AD 32 41 53 95 7F B4 68 5F BE 8C C1 94 
	67 4A D3 72 C1 42 C1 C1 AC B6 C9 E2 35 9B EB 6C 
	41 3D 10 06 32 CC B2 85 22 44 75 C5 C3 DF 97 36 
	4A E5 B5 06 F2 75 1D 47 4C 5F 97 45 67 FB 99 22 
	89 89 36 26 2D F0 91 85 28 A6 AA F4 08 B7 29 61 
	31 0A 44 2B C8 DB 52 77 26 B2 19 53 B0 30 55 31 
	99 83 C7 60 E5 54 D6 8A 8B EE 3A 78 BF 1A A8 22 
	E7 74 95 C2 C9 D3 93 75 EC D3 00 72 2B 13 48 A1 
	3E C8 9C 0A 3D 40 C5 A4 72 24 8E 50 69 F8 B7 76 
	14 66 42 F1 95 C6 0A 9B 13 DB 90 0A 3A 93 05 68 
	A8 3B 75 3C A7 1D E8 5F D1 C6 A6 D8 BB 42 2F EC 
	97 96 76 9E 6A EC 15 FF 2B 63 91 06 6C 3D 4C A4 
	28 27 3E 02 5C 92 7B 66 AF C4 A1 1B 48 38 0C AB 
	12 6B D9 27 95 59 12 81 59 E1 6B 68 C1 B5 0F 91 
	0F 76 42 54 FD F4 01 F3 B7 8E 15 8A 60 2A 69 A1 
	26 64 09 0E C8 B3 F6 82 7A 5A 43 A4 0E 3A 36 D7 
	8B 67 BF C1 08 C1 72 7C 47 C8 91 CA F6 84 16 83 
	93 56 2C 12 14 1A B7 40 81 B7 C5 B4 BE E0 71 8D 
	D7 F1 83 50 85 8D C3 E2 28 6C 9A 84 0B DC 0E F9 
	34 60 50 F1 08 89 21 25 5B FA 7E 47 F8 BE 3D 2C 
	76 96 26 4B 44 8A 2F 22 74 65 BB 86 AF 78 15 70 
	57 A4 68 0F C1 B0 A6 83 5D 88 D0 C4 05 A0 68 2C 
	95 76 0A 2C AA 22 CB B9 AA FA 8F 0E 47 C6 E7 DA 
	22 E1 A4 62 AE 37 BF F6 65 13 F4 EC 35 36 DB C9 
	AD 14 98 11 09 1E 4F 23 7D 7E 35 C0 5E 86 2D 28 
	BC 27 4D 00 62 11 44 6D A0 A1 A8 CD EB 67 1B B0 
	18 02 81 37 F0 61 BC E8 71 84 BA 00 0B 9A C7 B3 
	74 93 7B 00 28 1E F9 00 A2 49 C4 21 EE 79 38 51 
	71 20 77 B4 22 40 49 8C 19 00 8B 1B 83 2D 61 B5 
	62 26 53 0E 8A 5C 28 7F 90 62 9A 37 55 27 43 62 
	FD 1C 38 67 A1 59 1E E5 C5 40 30 CA 8C 7A 99 5F 
	86 56 F7 AA 56 8A 15 22 91 DC 9C 64 65 0C F5 16 
	B2 4C 48 A9 4F 20 8A 12 96 25 49 81 3A 63 17 31 
	63 C6 19 72 A2 C6 66 81 C0 63 9A 01 89 A5 83 7E 
	AC 64 7C 36 60 6C 37 41 69 C9 96 C9 F0 03 2F B3 
	9A FB 80 45 5A E1 CB 3D 18 5B 1B 74 C8 05 DB 4C 
	04 BB 20 6E 69 3F 79 46 78 B2 F9 7B A1 31 B1 0E 
	42 87 7B E5 58 C8 6A 9F F2 B8 28 10 F2 0B AD 21 
	AD 90 C5 A1 9D E3 C7 3D 7B 75 4A 22 0D 21 62 A8 
	33 42 CC 90 F7 C8 50 D1 9C 49 32 31 00 79 3A 59 
	E6 53 CD E9 57 4F DA 55 19 54 0A 75 AC C3 D2 60 
	72 7B 95 89 AB 69 8F AB E4 93 BA 59 80 26 77 8F 
	46 D3 A7 71 B8 1E 40 C5 40 D9 69 C1 3F 9A B1 47 
	C5 6D A7 82 A8 6C C8 71 FA 88 79 82 E5 8C C1 E5 
	7C 4D E0 87 4A 64 97 A5 0A 2C 2A 29 45 8E E8 B7 
	19 86 74 49 A3 2D BA 9C 23 43 34 60 72 81 8B 7B 
	90 13 32 EB 84 2C EC C4 41 C9 77 4C 1A 62 78 54 
	37 4D 77 1C 35 95 6E 2B 98 1C B9 E6 0A 20 62 9D 
	C9 3B 6E 1F A6 4F C6 B1 37 30 69 A2 AA 3C 70 D6 
	0C 0B 0D 10 4E 0D FC 46 2B C1 5F 11 F0 31 42 84 
	B7 3D E1 C7 32 64 20 58 D9 2E BD FB 0A 26 2C 63 
	67 A5 8B CE 41 8E E5 CA 5A F6 24 31 35 B7 89 24 
	F4 3A E8 8B A2 96 C2 29 38 C4 24 58 E7 11 4D 53 
	87 8A C0 54 91 F0 7D E7 F3 6E 2D D0 49 81 22 18 
	52 E1 5C 96 30 85 ED 21 C4 86 63 C7 19 A3 6D 68 
	3B A8 01 42 09 D7 21 16 43 96 3F 4B 41 89 D0 DA 
	CF E1 BB 02 85 71 26 0D 6A 1F 0E E0 5D 71 F4 AC 
	5C 0C 78 25 C4 54 A4 54 83 70 FC C0 36 F9 AC 26 
	01 83 C5 31 1C AE 58 81 82 15 BD 18 32 B2 E9 D4 
	C4 0D 55 8E 89 F4 AA 7E 4C 42 E6 61 13 40 91 BB 
	A4 D2 B5 8D 31 86 D0 E9 18 B9 38 4B 9D 94 21 5C 
	4B 1A 59 8B CB A2 96 BB E1 31 92 38 39 0D 2D C0 
	6A 0B 84 A9 E2 67 16 CE 34 CB 96 10 6E D2 71 76 
	F4 CA 9D B6 C1 C5 F3 22 16 C3 76 9D 40 6A 53 18 
	D4 4A 2A 5C 16 A5 23 42 2F 02 C5 56 3B 7C 84 A0 
	A6 16 10 25 43 C7 64 7E 30 31 01 B2 C9 63 D0 7F 
	2D 33 F1 36 16 A9 09 B1 5F CF 60 68 FB 83 B5 64 
	2D 55 21 79 E4 57 0E E0 7A D5 1D 46 80 8C B3 39 
gx PQ/T size: 1216 - KEM size 1184
PQ/T g_y  (size 1120):
	27 B1 D6 35 A6 63 38 2D 99 E0 31 B3 E9 A5 D6 82 
	A0 95 45 04 93 56 AF 6F 13 54 DE D1 3E D2 9C 72 
	00 00 00 00 00 00 00 00 00 00 00 00 00 00 00 00 
	00 00 00 00 00 00 00 00 00 00 00 00 00 00 00 00 
	00 00 00 00 00 00 00 00 00 00 00 00 00 00 00 00 
	00 00 00 00 00 00 00 00 00 00 00 00 00 00 00 00 
	00 00 00 00 00 00 00 00 00 00 00 00 00 00 00 00 
	00 00 00 00 00 00 00 00 00 00 00 00 00 00 00 00 
	00 00 00 00 00 00 00 00 00 00 00 00 00 00 00 00 
	00 00 00 00 00 00 00 00 00 00 00 00 00 00 00 00 
	00 00 00 00 00 00 00 00 00 00 00 00 00 00 00 00 
	00 00 00 00 00 00 00 00 00 00 00 00 00 00 00 00 
	00 00 00 00 00 00 00 00 00 00 00 00 00 00 00 00 
	00 00 00 00 00 00 00 00 00 00 00 00 00 00 00 00 
	00 00 00 00 00 00 00 00 00 00 00 00 00 00 00 00 
	00 00 00 00 00 00 00 00 00 00 00 00 00 00 00 00 
	00 00 00 00 00 00 00 00 00 00 00 00 00 00 00 00 
	00 00 00 00 00 00 00 00 00 00 00 00 00 00 00 00 
	00 00 00 00 00 00 00 00 00 00 00 00 00 00 00 00 
	00 00 00 00 00 00 00 00 00 00 00 00 00 00 00 00 
	00 00 00 00 00 00 00 00 00 00 00 00 00 00 00 00 
	00 00 00 00 00 00 00 00 00 00 00 00 00 00 00 00 
	00 00 00 00 00 00 00 00 00 00 00 00 00 00 00 00 
	00 00 00 00 00 00 00 00 00 00 00 00 00 00 00 00 
	00 00 00 00 00 00 00 00 00 00 00 00 00 00 00 00 
	00 00 00 00 00 00 00 00 00 00 00 00 00 00 00 00 
	00 00 00 00 00 00 00 00 00 00 00 00 00 00 00 00 
	00 00 00 00 00 00 00 00 00 00 00 00 00 00 00 00 
	00 00 00 00 00 00 00 00 00 00 00 00 00 00 00 00 
	00 00 00 00 00 00 00 00 00 00 00 00 00 00 00 00 
	00 00 00 00 00 00 00 00 00 00 00 00 00 00 00 00 
	00 00 00 00 00 00 00 00 00 00 00 00 00 00 00 00 
	00 00 00 00 00 00 00 00 00 00 00 00 00 00 00 00 
	00 00 00 00 00 00 00 00 00 00 00 00 00 00 00 00 
	00 00 00 00 00 00 00 00 00 00 00 00 00 00 00 00 
	00 00 00 00 00 00 00 00 00 00 00 00 00 00 00 00 
	00 00 00 00 00 00 00 00 00 00 00 00 00 00 00 00 
	00 00 00 00 00 00 00 00 00 00 00 00 00 00 00 00 
	00 00 00 00 00 00 00 00 00 00 00 00 00 00 00 00 
	00 00 00 00 00 00 00 00 00 00 00 00 00 00 00 00 
	00 00 00 00 00 00 00 00 00 00 00 00 00 00 00 00 
	00 00 00 00 00 00 00 00 00 00 00 00 00 00 00 00 
	00 00 00 00 00 00 00 00 00 00 00 00 00 00 00 00 
	00 00 00 00 00 00 00 00 00 00 00 00 00 00 00 00 
	00 00 00 00 00 00 00 00 00 00 00 00 00 00 00 00 
	00 00 00 00 00 00 00 00 00 00 00 00 00 00 00 00 
	00 00 00 00 00 00 00 00 00 00 00 00 00 00 00 00 
	00 00 00 00 00 00 00 00 00 00 00 00 00 00 00 00 
	00 00 00 00 00 00 00 00 00 00 00 00 00 00 00 00 
	00 00 00 00 00 00 00 00 00 00 00 00 00 00 00 00 
	00 00 00 00 00 00 00 00 00 00 00 00 00 00 00 00 
	00 00 00 00 00 00 00 00 00 00 00 00 00 00 00 00 
	00 00 00 00 00 00 00 00 00 00 00 00 00 00 00 00 
	00 00 00 00 00 00 00 00 00 00 00 00 00 00 00 00 
	00 00 00 00 00 00 00 00 00 00 00 00 00 00 00 00 
	00 00 00 00 00 00 00 00 00 00 00 00 00 00 00 00 
	00 00 00 00 00 00 00 00 00 00 00 00 00 00 00 00 
	00 00 00 00 00 00 00 00 00 00 00 00 00 00 00 00 
	00 00 00 00 00 00 00 00 00 00 00 00 00 00 00 00 
	00 00 00 00 00 00 00 00 00 00 00 00 00 00 00 00 
	00 00 00 00 00 00 00 00 00 00 00 00 00 00 00 00 
	00 00 00 00 00 00 00 00 00 00 00 00 00 00 00 00 
	00 00 00 00 00 00 00 00 00 00 00 00 00 00 00 00 
	00 00 00 00 00 00 00 00 00 00 00 00 00 00 00 00 
	00 00 00 00 00 00 00 00 00 00 00 00 00 00 00 00 
	00 00 00 00 00 00 00 00 00 00 00 00 00 00 00 00 
	00 00 00 00 00 00 00 00 00 00 00 00 00 00 00 00 
	00 00 00 00 00 00 00 00 00 00 00 00 00 00 00 00 
	00 00 00 00 00 00 00 00 00 00 00 00 00 00 00 00 
	00 00 00 00 00 00 00 00 00 00 00 00 00 00 00 00 
KEM - g_y  (size 1088):
	00 00 00 00 00 00 00 00 00 00 00 00 00 00 00 00 
	00 00 00 00 00 00 00 00 00 00 00 00 00 00 00 00 
	00 00 00 00 00 00 00 00 00 00 00 00 00 00 00 00 
	00 00 00 00 00 00 00 00 00 00 00 00 00 00 00 00 
	00 00 00 00 00 00 00 00 00 00 00 00 00 00 00 00 
	00 00 00 00 00 00 00 00 00 00 00 00 00 00 00 00 
	00 00 00 00 00 00 00 00 00 00 00 00 00 00 00 00 
	00 00 00 00 00 00 00 00 00 00 00 00 00 00 00 00 
	00 00 00 00 00 00 00 00 00 00 00 00 00 00 00 00 
	00 00 00 00 00 00 00 00 00 00 00 00 00 00 00 00 
	00 00 00 00 00 00 00 00 00 00 00 00 00 00 00 00 
	00 00 00 00 00 00 00 00 00 00 00 00 00 00 00 00 
	00 00 00 00 00 00 00 00 00 00 00 00 00 00 00 00 
	00 00 00 00 00 00 00 00 00 00 00 00 00 00 00 00 
	00 00 00 00 00 00 00 00 00 00 00 00 00 00 00 00 
	00 00 00 00 00 00 00 00 00 00 00 00 00 00 00 00 
	00 00 00 00 00 00 00 00 00 00 00 00 00 00 00 00 
	00 00 00 00 00 00 00 00 00 00 00 00 00 00 00 00 
	00 00 00 00 00 00 00 00 00 00 00 00 00 00 00 00 
	00 00 00 00 00 00 00 00 00 00 00 00 00 00 00 00 
	00 00 00 00 00 00 00 00 00 00 00 00 00 00 00 00 
	00 00 00 00 00 00 00 00 00 00 00 00 00 00 00 00 
	00 00 00 00 00 00 00 00 00 00 00 00 00 00 00 00 
	00 00 00 00 00 00 00 00 00 00 00 00 00 00 00 00 
	00 00 00 00 00 00 00 00 00 00 00 00 00 00 00 00 
	00 00 00 00 00 00 00 00 00 00 00 00 00 00 00 00 
	00 00 00 00 00 00 00 00 00 00 00 00 00 00 00 00 
	00 00 00 00 00 00 00 00 00 00 00 00 00 00 00 00 
	00 00 00 00 00 00 00 00 00 00 00 00 00 00 00 00 
	00 00 00 00 00 00 00 00 00 00 00 00 00 00 00 00 
	00 00 00 00 00 00 00 00 00 00 00 00 00 00 00 00 
	00 00 00 00 00 00 00 00 00 00 00 00 00 00 00 00 
	00 00 00 00 00 00 00 00 00 00 00 00 00 00 00 00 
	00 00 00 00 00 00 00 00 00 00 00 00 00 00 00 00 
	00 00 00 00 00 00 00 00 00 00 00 00 00 00 00 00 
	00 00 00 00 00 00 00 00 00 00 00 00 00 00 00 00 
	00 00 00 00 00 00 00 00 00 00 00 00 00 00 00 00 
	00 00 00 00 00 00 00 00 00 00 00 00 00 00 00 00 
	00 00 00 00 00 00 00 00 00 00 00 00 00 00 00 00 
	00 00 00 00 00 00 00 00 00 00 00 00 00 00 00 00 
	00 00 00 00 00 00 00 00 00 00 00 00 00 00 00 00 
	00 00 00 00 00 00 00 00 00 00 00 00 00 00 00 00 
	00 00 00 00 00 00 00 00 00 00 00 00 00 00 00 00 
	00 00 00 00 00 00 00 00 00 00 00 00 00 00 00 00 
	00 00 00 00 00 00 00 00 00 00 00 00 00 00 00 00 
	00 00 00 00 00 00 00 00 00 00 00 00 00 00 00 00 
	00 00 00 00 00 00 00 00 00 00 00 00 00 00 00 00 
	00 00 00 00 00 00 00 00 00 00 00 00 00 00 00 00 
	00 00 00 00 00 00 00 00 00 00 00 00 00 00 00 00 
	00 00 00 00 00 00 00 00 00 00 00 00 00 00 00 00 
	00 00 00 00 00 00 00 00 00 00 00 00 00 00 00 00 
	00 00 00 00 00 00 00 00 00 00 00 00 00 00 00 00 
	00 00 00 00 00 00 00 00 00 00 00 00 00 00 00 00 
	00 00 00 00 00 00 00 00 00 00 00 00 00 00 00 00 
	00 00 00 00 00 00 00 00 00 00 00 00 00 00 00 00 
	00 00 00 00 00 00 00 00 00 00 00 00 00 00 00 00 
	00 00 00 00 00 00 00 00 00 00 00 00 00 00 00 00 
	00 00 00 00 00 00 00 00 00 00 00 00 00 00 00 00 
	00 00 00 00 00 00 00 00 00 00 00 00 00 00 00 00 
	00 00 00 00 00 00 00 00 00 00 00 00 00 00 00 00 
	00 00 00 00 00 00 00 00 00 00 00 00 00 00 00 00 
	00 00 00 00 00 00 00 00 00 00 00 00 00 00 00 00 
	00 00 00 00 00 00 00 00 00 00 00 00 00 00 00 00 
	00 00 00 00 00 00 00 00 00 00 00 00 00 00 00 00 
	00 00 00 00 00 00 00 00 00 00 00 00 00 00 00 00 
	00 00 00 00 00 00 00 00 00 00 00 00 00 00 00 00 
	00 00 00 00 00 00 00 00 00 00 00 00 00 00 00 00 
	00 00 00 00 00 00 00 00 00 00 00 00 00 00 00 00 
Encapsulate correct
G_XY (PQ SS) (size 32):
	B1 49 35 8A FC DD 86 7D 64 79 CF C7 B6 2D D6 54 
	A1 F3 BF C8 C5 4F ED F6 71 0A D2 8F B9 82 53 7E 
G_Y (PQ CC) (size 1088):
	9E 7B 50 0C 8A 3D 0E 7A E9 6B 4C 40 F1 87 65 07 
	A7 A9 7E 72 E5 E9 48 7C 69 A2 CA 86 6D 47 E5 1B 
	9D 95 C0 C1 87 E4 FF 11 DC 8F 2C FB 4D 77 A7 17 
	38 C8 8C FD 53 48 92 52 78 85 A3 1F 24 40 11 D5 
	0D 20 6F 74 FA 7B 3B 2A 3B B3 91 ED 6D 6A 34 3C 
	B5 DD 23 A2 A7 4B 64 B4 DD 1E D7 52 C4 AD E8 08 
	A1 FC 21 8F DE C5 19 3C 43 CA A4 87 CE C1 FE AD 
	7D 87 42 8F 67 21 5F EC 0E 60 73 C8 20 A2 E8 4D 
	03 08 FE 7C D4 6C 54 FB C8 2D 85 6E 15 5E A8 53 
	52 2D 01 9E 35 A2 CD 16 70 0B 1C 06 40 50 93 12 
	7B B9 3E BF D2 B8 01 E4 14 22 8E 6D E7 FE EA 50 
	52 ED 21 14 12 EF 16 53 6E A1 1D 5C CD 62 69 32 
	11 28 6F CA 68 22 CE 87 55 38 BF DF 57 85 28 C3 
	E6 BF A5 9A E8 7D FF 68 D2 A9 99 35 D0 6D A6 A1 
	D1 54 5E 34 2E 69 8A B3 A3 5D 23 81 7A E1 29 0C 
	A4 55 1E 79 98 CB E2 4A 93 DB FA 54 37 EC 74 2F 
	BD 68 93 49 4F D5 0F C3 68 7D 32 60 85 3D 29 C6 
	A9 3C 5D AD 6F CD D0 61 7F 6C 85 47 35 78 4C 90 
	96 15 9A 20 E2 C4 1C 44 D8 7E D5 82 FC D8 39 12 
	5B 9D E8 3F C2 D0 52 32 3E D0 82 A1 11 6E 97 FE 
	8F 23 97 6E 33 95 41 80 FA AC C5 C1 F2 1D 06 00 
	0B 25 86 71 2A BE 02 08 68 66 B2 EF 15 55 56 A4 
	6C E2 6E 27 EE 87 72 47 1C 10 72 1E 54 9B 90 DB 
	3D 27 A1 83 00 3A 38 9D 43 38 10 99 1A A0 DA E9 
	29 4F 65 E3 97 6F 80 E2 AB 33 58 71 11 D0 62 07 
	B8 29 FA EF 7F AF 57 E5 8D F6 57 4D A9 D2 39 04 
	EF D4 B2 DD 4C 58 1E 11 D0 38 EF D1 FD 30 3D 5B 
	6D 1E 69 FB FD 34 E0 B1 FC 58 5D 45 B7 31 3B 5A 
	28 E6 11 12 28 15 6D B0 39 6B E0 98 36 0A 51 DE 
	5C 8B 82 7B CD 2D 5E E1 43 7E 79 BF 47 1F FA 2B 
	C6 FB 5C EC F2 6B EF 41 D1 6C 7B 47 A8 D3 13 B3 
	14 AD DF E3 ED E3 42 E2 93 9E F8 4B 2B 38 E9 2D 
	2D E6 98 0D BF 25 A0 1C B0 98 A6 55 D7 99 C7 C4 
	05 C1 02 C8 17 95 4F B5 94 D4 81 F5 F9 B2 D5 BC 
	AA 4D 54 CD 00 0F 75 F6 7D 86 47 5E A2 C8 A2 F2 
	AB A8 AC C7 DC 31 9B E8 7D C0 7D B3 B5 6B 11 8F 
	7D A2 80 25 2F 9E AC EC 7D 05 DD 88 5C 82 31 00 
	68 3B 53 3E A0 90 46 E1 76 41 C8 A6 D8 4D 71 51 
	7E E1 F7 D9 CF 8E FA B9 3D A9 36 27 A2 0E E8 8D 
	FA 1F F0 8D 42 83 07 80 17 2A 63 F4 09 0D 65 54 
	2F 47 83 56 5E 70 B1 79 21 39 F0 D6 1D D0 F6 BF 
	3F 03 C1 E2 D3 FE 1D 50 F8 10 66 FF 2E 1F CF DC 
	AE AF 6D 70 E8 F8 C5 C1 FF AF BE 96 3D 0E 0A 86 
	4D EA CF 9F B0 D0 7F 9A 27 B6 3E 0D 2E 3F 8B 1A 
	E0 54 57 23 AB 3E D7 4A 81 5F DB 80 1A 9A EA 33 
	77 4B 41 49 06 FE 42 72 F0 14 26 D0 B4 F7 9B BA 
	26 44 49 E8 3E 94 35 F0 35 A9 FA 80 30 B1 CB F6 
	0D 65 AD C6 C3 DD 68 23 5F B4 62 7E 4B A6 4C DA 
	B6 92 F7 59 16 A7 37 2D 46 D5 CB 0C 1D AB D8 E3 
	88 21 90 1A 7C 32 28 BA D9 FD 81 76 27 AA 79 AF 
	04 F7 BE 25 C1 D1 6E F5 4F BB 63 42 B8 F0 C5 63 
	AB 73 A6 0D F2 CA 04 17 A6 E6 9D 4E 5C 6B 9C 01 
	2B DD E0 8D 1E 40 1D 07 73 DD 0E 49 5C 48 98 DF 
	87 FF B8 B1 E2 C6 B0 64 12 BC EF CC B8 FA 11 12 
	60 27 CE 8A FD 46 3F F7 C9 F6 9B 40 DD 90 82 90 
	3A 57 80 17 09 B3 A3 49 02 EE B5 7C 8C 64 FD FF 
	3A 5D 66 FC 2E 8E 7B CF 79 DB 86 DA 38 9F 1B 19 
	6F AA 3E 45 72 F8 38 83 C1 D1 F5 A8 19 BC 89 9A 
	79 F6 12 8E EA AB 7B 85 DA 95 80 B0 E4 7E 35 B1 
	9A 5D 73 1A 7D FA D0 2C 1A 90 70 AD AC 92 F8 CE 
	7B 4F 7B 3A 7D 85 84 B6 AA AD CB B9 57 B2 AB 32 
	FE B9 28 8F D0 2D FC 8A 35 99 EE F7 68 DA 53 CF 
	7E 0C ED 2C 3D FE FD 8F D3 8A 1A B3 4D FD 13 D5 
	A1 F0 E8 81 DF 7C 0D C9 D8 00 22 28 45 63 BC DE 
	D8 58 F6 DC 19 28 30 BB 6D 0E 46 C7 5E FF 26 AA 
	7A 40 45 1C DC FE FB ED 80 F9 45 61 77 9B 0D C0 
	AB F8 E0 AD A0 A0 A7 A4 0F 43 E3 7B A3 B7 2B B2 
	12 A9 81 D8 33 A0 7D EE 84 49 89 77 47 46 8F 35 
G_Y (PQ/T) (size 1120):
	27 B1 D6 35 A6 63 38 2D 99 E0 31 B3 E9 A5 D6 82 
	A0 95 45 04 93 56 AF 6F 13 54 DE D1 3E D2 9C 72 
	9E 7B 50 0C 8A 3D 0E 7A E9 6B 4C 40 F1 87 65 07 
	A7 A9 7E 72 E5 E9 48 7C 69 A2 CA 86 6D 47 E5 1B 
	9D 95 C0 C1 87 E4 FF 11 DC 8F 2C FB 4D 77 A7 17 
	38 C8 8C FD 53 48 92 52 78 85 A3 1F 24 40 11 D5 
	0D 20 6F 74 FA 7B 3B 2A 3B B3 91 ED 6D 6A 34 3C 
	B5 DD 23 A2 A7 4B 64 B4 DD 1E D7 52 C4 AD E8 08 
	A1 FC 21 8F DE C5 19 3C 43 CA A4 87 CE C1 FE AD 
	7D 87 42 8F 67 21 5F EC 0E 60 73 C8 20 A2 E8 4D 
	03 08 FE 7C D4 6C 54 FB C8 2D 85 6E 15 5E A8 53 
	52 2D 01 9E 35 A2 CD 16 70 0B 1C 06 40 50 93 12 
	7B B9 3E BF D2 B8 01 E4 14 22 8E 6D E7 FE EA 50 
	52 ED 21 14 12 EF 16 53 6E A1 1D 5C CD 62 69 32 
	11 28 6F CA 68 22 CE 87 55 38 BF DF 57 85 28 C3 
	E6 BF A5 9A E8 7D FF 68 D2 A9 99 35 D0 6D A6 A1 
	D1 54 5E 34 2E 69 8A B3 A3 5D 23 81 7A E1 29 0C 
	A4 55 1E 79 98 CB E2 4A 93 DB FA 54 37 EC 74 2F 
	BD 68 93 49 4F D5 0F C3 68 7D 32 60 85 3D 29 C6 
	A9 3C 5D AD 6F CD D0 61 7F 6C 85 47 35 78 4C 90 
	96 15 9A 20 E2 C4 1C 44 D8 7E D5 82 FC D8 39 12 
	5B 9D E8 3F C2 D0 52 32 3E D0 82 A1 11 6E 97 FE 
	8F 23 97 6E 33 95 41 80 FA AC C5 C1 F2 1D 06 00 
	0B 25 86 71 2A BE 02 08 68 66 B2 EF 15 55 56 A4 
	6C E2 6E 27 EE 87 72 47 1C 10 72 1E 54 9B 90 DB 
	3D 27 A1 83 00 3A 38 9D 43 38 10 99 1A A0 DA E9 
	29 4F 65 E3 97 6F 80 E2 AB 33 58 71 11 D0 62 07 
	B8 29 FA EF 7F AF 57 E5 8D F6 57 4D A9 D2 39 04 
	EF D4 B2 DD 4C 58 1E 11 D0 38 EF D1 FD 30 3D 5B 
	6D 1E 69 FB FD 34 E0 B1 FC 58 5D 45 B7 31 3B 5A 
	28 E6 11 12 28 15 6D B0 39 6B E0 98 36 0A 51 DE 
	5C 8B 82 7B CD 2D 5E E1 43 7E 79 BF 47 1F FA 2B 
	C6 FB 5C EC F2 6B EF 41 D1 6C 7B 47 A8 D3 13 B3 
	14 AD DF E3 ED E3 42 E2 93 9E F8 4B 2B 38 E9 2D 
	2D E6 98 0D BF 25 A0 1C B0 98 A6 55 D7 99 C7 C4 
	05 C1 02 C8 17 95 4F B5 94 D4 81 F5 F9 B2 D5 BC 
	AA 4D 54 CD 00 0F 75 F6 7D 86 47 5E A2 C8 A2 F2 
	AB A8 AC C7 DC 31 9B E8 7D C0 7D B3 B5 6B 11 8F 
	7D A2 80 25 2F 9E AC EC 7D 05 DD 88 5C 82 31 00 
	68 3B 53 3E A0 90 46 E1 76 41 C8 A6 D8 4D 71 51 
	7E E1 F7 D9 CF 8E FA B9 3D A9 36 27 A2 0E E8 8D 
	FA 1F F0 8D 42 83 07 80 17 2A 63 F4 09 0D 65 54 
	2F 47 83 56 5E 70 B1 79 21 39 F0 D6 1D D0 F6 BF 
	3F 03 C1 E2 D3 FE 1D 50 F8 10 66 FF 2E 1F CF DC 
	AE AF 6D 70 E8 F8 C5 C1 FF AF BE 96 3D 0E 0A 86 
	4D EA CF 9F B0 D0 7F 9A 27 B6 3E 0D 2E 3F 8B 1A 
	E0 54 57 23 AB 3E D7 4A 81 5F DB 80 1A 9A EA 33 
	77 4B 41 49 06 FE 42 72 F0 14 26 D0 B4 F7 9B BA 
	26 44 49 E8 3E 94 35 F0 35 A9 FA 80 30 B1 CB F6 
	0D 65 AD C6 C3 DD 68 23 5F B4 62 7E 4B A6 4C DA 
	B6 92 F7 59 16 A7 37 2D 46 D5 CB 0C 1D AB D8 E3 
	88 21 90 1A 7C 32 28 BA D9 FD 81 76 27 AA 79 AF 
	04 F7 BE 25 C1 D1 6E F5 4F BB 63 42 B8 F0 C5 63 
	AB 73 A6 0D F2 CA 04 17 A6 E6 9D 4E 5C 6B 9C 01 
	2B DD E0 8D 1E 40 1D 07 73 DD 0E 49 5C 48 98 DF 
	87 FF B8 B1 E2 C6 B0 64 12 BC EF CC B8 FA 11 12 
	60 27 CE 8A FD 46 3F F7 C9 F6 9B 40 DD 90 82 90 
	3A 57 80 17 09 B3 A3 49 02 EE B5 7C 8C 64 FD FF 
	3A 5D 66 FC 2E 8E 7B CF 79 DB 86 DA 38 9F 1B 19 
	6F AA 3E 45 72 F8 38 83 C1 D1 F5 A8 19 BC 89 9A 
	79 F6 12 8E EA AB 7B 85 DA 95 80 B0 E4 7E 35 B1 
	9A 5D 73 1A 7D FA D0 2C 1A 90 70 AD AC 92 F8 CE 
	7B 4F 7B 3A 7D 85 84 B6 AA AD CB B9 57 B2 AB 32 
	FE B9 28 8F D0 2D FC 8A 35 99 EE F7 68 DA 53 CF 
	7E 0C ED 2C 3D FE FD 8F D3 8A 1A B3 4D FD 13 D5 
	A1 F0 E8 81 DF 7C 0D C9 D8 00 22 28 45 63 BC DE 
	D8 58 F6 DC 19 28 30 BB 6D 0E 46 C7 5E FF 26 AA 
	7A 40 45 1C DC FE FB ED 80 F9 45 61 77 9B 0D C0 
	AB F8 E0 AD A0 A0 A7 A4 0F 43 E3 7B A3 B7 2B B2 
	12 A9 81 D8 33 A0 7D EE 84 49 89 77 47 46 8F 35 
hash_msg1_raw (size 32):
	31 C1 AD 33 EC 4F 1B A3 8B EF D7 4B 1C F3 8D 8A 
	AE 03 AC E2 5F A1 FC 6B AC E0 4A 20 12 1B 61 5A 
Input to calculate TH_2 (CBOR Sequence) (size 1157):
	59 04 60 27 B1 D6 35 A6 63 38 2D 99 E0 31 B3 E9 
	A5 D6 82 A0 95 45 04 93 56 AF 6F 13 54 DE D1 3E 
	D2 9C 72 9E 7B 50 0C 8A 3D 0E 7A E9 6B 4C 40 F1 
	87 65 07 A7 A9 7E 72 E5 E9 48 7C 69 A2 CA 86 6D 
	47 E5 1B 9D 95 C0 C1 87 E4 FF 11 DC 8F 2C FB 4D 
	77 A7 17 38 C8 8C FD 53 48 92 52 78 85 A3 1F 24 
	40 11 D5 0D 20 6F 74 FA 7B 3B 2A 3B B3 91 ED 6D 
	6A 34 3C B5 DD 23 A2 A7 4B 64 B4 DD 1E D7 52 C4 
	AD E8 08 A1 FC 21 8F DE C5 19 3C 43 CA A4 87 CE 
	C1 FE AD 7D 87 42 8F 67 21 5F EC 0E 60 73 C8 20 
	A2 E8 4D 03 08 FE 7C D4 6C 54 FB C8 2D 85 6E 15 
	5E A8 53 52 2D 01 9E 35 A2 CD 16 70 0B 1C 06 40 
	50 93 12 7B B9 3E BF D2 B8 01 E4 14 22 8E 6D E7 
	FE EA 50 52 ED 21 14 12 EF 16 53 6E A1 1D 5C CD 
	62 69 32 11 28 6F CA 68 22 CE 87 55 38 BF DF 57 
	85 28 C3 E6 BF A5 9A E8 7D FF 68 D2 A9 99 35 D0 
	6D A6 A1 D1 54 5E 34 2E 69 8A B3 A3 5D 23 81 7A 
	E1 29 0C A4 55 1E 79 98 CB E2 4A 93 DB FA 54 37 
	EC 74 2F BD 68 93 49 4F D5 0F C3 68 7D 32 60 85 
	3D 29 C6 A9 3C 5D AD 6F CD D0 61 7F 6C 85 47 35 
	78 4C 90 96 15 9A 20 E2 C4 1C 44 D8 7E D5 82 FC 
	D8 39 12 5B 9D E8 3F C2 D0 52 32 3E D0 82 A1 11 
	6E 97 FE 8F 23 97 6E 33 95 41 80 FA AC C5 C1 F2 
	1D 06 00 0B 25 86 71 2A BE 02 08 68 66 B2 EF 15 
	55 56 A4 6C E2 6E 27 EE 87 72 47 1C 10 72 1E 54 
	9B 90 DB 3D 27 A1 83 00 3A 38 9D 43 38 10 99 1A 
	A0 DA E9 29 4F 65 E3 97 6F 80 E2 AB 33 58 71 11 
	D0 62 07 B8 29 FA EF 7F AF 57 E5 8D F6 57 4D A9 
	D2 39 04 EF D4 B2 DD 4C 58 1E 11 D0 38 EF D1 FD 
	30 3D 5B 6D 1E 69 FB FD 34 E0 B1 FC 58 5D 45 B7 
	31 3B 5A 28 E6 11 12 28 15 6D B0 39 6B E0 98 36 
	0A 51 DE 5C 8B 82 7B CD 2D 5E E1 43 7E 79 BF 47 
	1F FA 2B C6 FB 5C EC F2 6B EF 41 D1 6C 7B 47 A8 
	D3 13 B3 14 AD DF E3 ED E3 42 E2 93 9E F8 4B 2B 
	38 E9 2D 2D E6 98 0D BF 25 A0 1C B0 98 A6 55 D7 
	99 C7 C4 05 C1 02 C8 17 95 4F B5 94 D4 81 F5 F9 
	B2 D5 BC AA 4D 54 CD 00 0F 75 F6 7D 86 47 5E A2 
	C8 A2 F2 AB A8 AC C7 DC 31 9B E8 7D C0 7D B3 B5 
	6B 11 8F 7D A2 80 25 2F 9E AC EC 7D 05 DD 88 5C 
	82 31 00 68 3B 53 3E A0 90 46 E1 76 41 C8 A6 D8 
	4D 71 51 7E E1 F7 D9 CF 8E FA B9 3D A9 36 27 A2 
	0E E8 8D FA 1F F0 8D 42 83 07 80 17 2A 63 F4 09 
	0D 65 54 2F 47 83 56 5E 70 B1 79 21 39 F0 D6 1D 
	D0 F6 BF 3F 03 C1 E2 D3 FE 1D 50 F8 10 66 FF 2E 
	1F CF DC AE AF 6D 70 E8 F8 C5 C1 FF AF BE 96 3D 
	0E 0A 86 4D EA CF 9F B0 D0 7F 9A 27 B6 3E 0D 2E 
	3F 8B 1A E0 54 57 23 AB 3E D7 4A 81 5F DB 80 1A 
	9A EA 33 77 4B 41 49 06 FE 42 72 F0 14 26 D0 B4 
	F7 9B BA 26 44 49 E8 3E 94 35 F0 35 A9 FA 80 30 
	B1 CB F6 0D 65 AD C6 C3 DD 68 23 5F B4 62 7E 4B 
	A6 4C DA B6 92 F7 59 16 A7 37 2D 46 D5 CB 0C 1D 
	AB D8 E3 88 21 90 1A 7C 32 28 BA D9 FD 81 76 27 
	AA 79 AF 04 F7 BE 25 C1 D1 6E F5 4F BB 63 42 B8 
	F0 C5 63 AB 73 A6 0D F2 CA 04 17 A6 E6 9D 4E 5C 
	6B 9C 01 2B DD E0 8D 1E 40 1D 07 73 DD 0E 49 5C 
	48 98 DF 87 FF B8 B1 E2 C6 B0 64 12 BC EF CC B8 
	FA 11 12 60 27 CE 8A FD 46 3F F7 C9 F6 9B 40 DD 
	90 82 90 3A 57 80 17 09 B3 A3 49 02 EE B5 7C 8C 
	64 FD FF 3A 5D 66 FC 2E 8E 7B CF 79 DB 86 DA 38 
	9F 1B 19 6F AA 3E 45 72 F8 38 83 C1 D1 F5 A8 19 
	BC 89 9A 79 F6 12 8E EA AB 7B 85 DA 95 80 B0 E4 
	7E 35 B1 9A 5D 73 1A 7D FA D0 2C 1A 90 70 AD AC 
	92 F8 CE 7B 4F 7B 3A 7D 85 84 B6 AA AD CB B9 57 
	B2 AB 32 FE B9 28 8F D0 2D FC 8A 35 99 EE F7 68 
	DA 53 CF 7E 0C ED 2C 3D FE FD 8F D3 8A 1A B3 4D 
	FD 13 D5 A1 F0 E8 81 DF 7C 0D C9 D8 00 22 28 45 
	63 BC DE D8 58 F6 DC 19 28 30 BB 6D 0E 46 C7 5E 
	FF 26 AA 7A 40 45 1C DC FE FB ED 80 F9 45 61 77 
	9B 0D C0 AB F8 E0 AD A0 A0 A7 A4 0F 43 E3 7B A3 
	B7 2B B2 12 A9 81 D8 33 A0 7D EE 84 49 89 77 47 
	46 8F 35 58 20 31 C1 AD 33 EC 4F 1B A3 8B EF D7 
	4B 1C F3 8D 8A AE 03 AC E2 5F A1 FC 6B AC E0 4A 
	20 12 1B 61 5A 
TH2 (size 32):
	67 27 FB 6A F7 4A 92 59 01 24 72 82 06 55 4A B8 
	AA E2 0C FB 92 B7 DE 85 66 4B B5 C2 08 30 9A 32 
TH_2 (size 32):
	67 27 FB 6A F7 4A 92 59 01 24 72 82 06 55 4A B8 
	AA E2 0C FB 92 B7 DE 85 66 4B B5 C2 08 30 9A 32 
PRK_2e (first DH derivation) (size 32):
	FE D1 7A BF 27 1D D2 11 E3 3F 23 02 E7 01 E6 2B 
	25 69 3A DB 13 58 F8 AE 0C 40 5C BD 99 A9 94 A5 
PRK_2e_b (second KEM derivation) (size 32):
	BA 98 4A 44 74 40 90 B5 4E B0 E5 53 7A 34 B4 44 
	D3 74 40 3F 11 C8 FC AD 4C CC B2 69 47 3C C3 1C 
PRK_2e final (size 32):
	BA 98 4A 44 74 40 90 B5 4E B0 E5 53 7A 34 B4 44 
	D3 74 40 3F 11 C8 FC AD 4C CC B2 69 47 3C C3 1C 
SHARED SECRET DERIVE
dh_secret (size 32):
	16 97 10 01 99 18 A8 54 1B A3 52 5C 8E 48 5B E2 
	43 22 F8 E6 D1 35 A8 7C 69 E0 DF CC 76 8E ED 5B 
SALT_3e2m or SALT4e3m (size 32):
	BA C3 11 66 B2 79 0E E9 61 8E 72 3F 49 26 09 AD 
	77 83 66 1F CD 64 76 88 09 46 02 5F D7 25 74 A6 
prk_3e2m (size 32):
	33 45 65 A7 BE E8 9B 52 FF D8 BC CA 7E 26 FA A9 
	3B 5D 79 E2 E8 43 38 2B 53 C4 24 0C 56 26 DF 17 
Signature len 500 - 64
TMP size: 32
CBOR ENCODE ERROR: 0
MAX ID CRED: 400 cred len 3
MAX CRED: 765 cred len 3
PK SIZE: 65
SIGNATURE SIZE: 500
CONTEXT_MAC_SIZE: 1204
CONTEXT_MAC len: 42
CR len: 2
TH enc len: 34
TMP size: 1
CBOR ENCODE ERROR: 0
MAC context (size 42):
	41 A1 A1 04 01 58 20 67 27 FB 6A F7 4A 92 59 01 
	24 72 82 06 55 4A B8 AA E2 0C FB 92 B7 DE 85 66 
	4B B5 C2 08 30 9A 32 A1 04 01 
MAC 2/3 (size 8):
	66 8F 34 23 E4 4D 6E 28 
TMP size: 8
CBOR ENCODE ERROR: 0
TMP size: 1
CBOR ENCODE ERROR: 0
kid (size 1):
	01 
KEYSTREAM_2 (size 12):
	61 57 EA 3A 86 65 4B 77 73 68 F1 67 
ciphertext_2/3/4 (size 12):
	20 F6 EB 72 E0 EA 7F 54 97 25 9F 4F 
TMP size: 1132
CBOR ENCODE ERROR: 0
message_2 (CBOR Sequence) (size 1135):
	59 04 6C 27 B1 D6 35 A6 63 38 2D 99 E0 31 B3 E9 
	A5 D6 82 A0 95 45 04 93 56 AF 6F 13 54 DE D1 3E 
	D2 9C 72 9E 7B 50 0C 8A 3D 0E 7A E9 6B 4C 40 F1 
	87 65 07 A7 A9 7E 72 E5 E9 48 7C 69 A2 CA 86 6D 
	47 E5 1B 9D 95 C0 C1 87 E4 FF 11 DC 8F 2C FB 4D 
	77 A7 17 38 C8 8C FD 53 48 92 52 78 85 A3 1F 24 
	40 11 D5 0D 20 6F 74 FA 7B 3B 2A 3B B3 91 ED 6D 
	6A 34 3C B5 DD 23 A2 A7 4B 64 B4 DD 1E D7 52 C4 
	AD E8 08 A1 FC 21 8F DE C5 19 3C 43 CA A4 87 CE 
	C1 FE AD 7D 87 42 8F 67 21 5F EC 0E 60 73 C8 20 
	A2 E8 4D 03 08 FE 7C D4 6C 54 FB C8 2D 85 6E 15 
	5E A8 53 52 2D 01 9E 35 A2 CD 16 70 0B 1C 06 40 
	50 93 12 7B B9 3E BF D2 B8 01 E4 14 22 8E 6D E7 
	FE EA 50 52 ED 21 14 12 EF 16 53 6E A1 1D 5C CD 
	62 69 32 11 28 6F CA 68 22 CE 87 55 38 BF DF 57 
	85 28 C3 E6 BF A5 9A E8 7D FF 68 D2 A9 99 35 D0 
	6D A6 A1 D1 54 5E 34 2E 69 8A B3 A3 5D 23 81 7A 
	E1 29 0C A4 55 1E 79 98 CB E2 4A 93 DB FA 54 37 
	EC 74 2F BD 68 93 49 4F D5 0F C3 68 7D 32 60 85 
	3D 29 C6 A9 3C 5D AD 6F CD D0 61 7F 6C 85 47 35 
	78 4C 90 96 15 9A 20 E2 C4 1C 44 D8 7E D5 82 FC 
	D8 39 12 5B 9D E8 3F C2 D0 52 32 3E D0 82 A1 11 
	6E 97 FE 8F 23 97 6E 33 95 41 80 FA AC C5 C1 F2 
	1D 06 00 0B 25 86 71 2A BE 02 08 68 66 B2 EF 15 
	55 56 A4 6C E2 6E 27 EE 87 72 47 1C 10 72 1E 54 
	9B 90 DB 3D 27 A1 83 00 3A 38 9D 43 38 10 99 1A 
	A0 DA E9 29 4F 65 E3 97 6F 80 E2 AB 33 58 71 11 
	D0 62 07 B8 29 FA EF 7F AF 57 E5 8D F6 57 4D A9 
	D2 39 04 EF D4 B2 DD 4C 58 1E 11 D0 38 EF D1 FD 
	30 3D 5B 6D 1E 69 FB FD 34 E0 B1 FC 58 5D 45 B7 
	31 3B 5A 28 E6 11 12 28 15 6D B0 39 6B E0 98 36 
	0A 51 DE 5C 8B 82 7B CD 2D 5E E1 43 7E 79 BF 47 
	1F FA 2B C6 FB 5C EC F2 6B EF 41 D1 6C 7B 47 A8 
	D3 13 B3 14 AD DF E3 ED E3 42 E2 93 9E F8 4B 2B 
	38 E9 2D 2D E6 98 0D BF 25 A0 1C B0 98 A6 55 D7 
	99 C7 C4 05 C1 02 C8 17 95 4F B5 94 D4 81 F5 F9 
	B2 D5 BC AA 4D 54 CD 00 0F 75 F6 7D 86 47 5E A2 
	C8 A2 F2 AB A8 AC C7 DC 31 9B E8 7D C0 7D B3 B5 
	6B 11 8F 7D A2 80 25 2F 9E AC EC 7D 05 DD 88 5C 
	82 31 00 68 3B 53 3E A0 90 46 E1 76 41 C8 A6 D8 
	4D 71 51 7E E1 F7 D9 CF 8E FA B9 3D A9 36 27 A2 
	0E E8 8D FA 1F F0 8D 42 83 07 80 17 2A 63 F4 09 
	0D 65 54 2F 47 83 56 5E 70 B1 79 21 39 F0 D6 1D 
	D0 F6 BF 3F 03 C1 E2 D3 FE 1D 50 F8 10 66 FF 2E 
	1F CF DC AE AF 6D 70 E8 F8 C5 C1 FF AF BE 96 3D 
	0E 0A 86 4D EA CF 9F B0 D0 7F 9A 27 B6 3E 0D 2E 
	3F 8B 1A E0 54 57 23 AB 3E D7 4A 81 5F DB 80 1A 
	9A EA 33 77 4B 41 49 06 FE 42 72 F0 14 26 D0 B4 
	F7 9B BA 26 44 49 E8 3E 94 35 F0 35 A9 FA 80 30 
	B1 CB F6 0D 65 AD C6 C3 DD 68 23 5F B4 62 7E 4B 
	A6 4C DA B6 92 F7 59 16 A7 37 2D 46 D5 CB 0C 1D 
	AB D8 E3 88 21 90 1A 7C 32 28 BA D9 FD 81 76 27 
	AA 79 AF 04 F7 BE 25 C1 D1 6E F5 4F BB 63 42 B8 
	F0 C5 63 AB 73 A6 0D F2 CA 04 17 A6 E6 9D 4E 5C 
	6B 9C 01 2B DD E0 8D 1E 40 1D 07 73 DD 0E 49 5C 
	48 98 DF 87 FF B8 B1 E2 C6 B0 64 12 BC EF CC B8 
	FA 11 12 60 27 CE 8A FD 46 3F F7 C9 F6 9B 40 DD 
	90 82 90 3A 57 80 17 09 B3 A3 49 02 EE B5 7C 8C 
	64 FD FF 3A 5D 66 FC 2E 8E 7B CF 79 DB 86 DA 38 
	9F 1B 19 6F AA 3E 45 72 F8 38 83 C1 D1 F5 A8 19 
	BC 89 9A 79 F6 12 8E EA AB 7B 85 DA 95 80 B0 E4 
	7E 35 B1 9A 5D 73 1A 7D FA D0 2C 1A 90 70 AD AC 
	92 F8 CE 7B 4F 7B 3A 7D 85 84 B6 AA AD CB B9 57 
	B2 AB 32 FE B9 28 8F D0 2D FC 8A 35 99 EE F7 68 
	DA 53 CF 7E 0C ED 2C 3D FE FD 8F D3 8A 1A B3 4D 
	FD 13 D5 A1 F0 E8 81 DF 7C 0D C9 D8 00 22 28 45 
	63 BC DE D8 58 F6 DC 19 28 30 BB 6D 0E 46 C7 5E 
	FF 26 AA 7A 40 45 1C DC FE FB ED 80 F9 45 61 77 
	9B 0D C0 AB F8 E0 AD A0 A0 A7 A4 0F 43 E3 7B A3 
	B7 2B B2 12 A9 81 D8 33 A0 7D EE 84 49 89 77 47 
	46 8F 35 20 F6 EB 72 E0 EA 7F 54 97 25 9F 4F 
th23 (size 32):
	67 27 FB 6A F7 4A 92 59 01 24 72 82 06 55 4A B8 
	AA E2 0C FB 92 B7 DE 85 66 4B B5 C2 08 30 9A 32 
plaintext_23 (size 12):
	41 A1 01 48 66 8F 34 23 E4 4D 6E 28 
cred (size 3):
	A1 04 01 
TMP size: 32
CBOR ENCODE ERROR: 0
Encoded
memcopy1
memcopy2
Input to calculate TH_3/TH_4 (CBOR Sequence) (size 49):
	58 20 67 27 FB 6A F7 4A 92 59 01 24 72 82 06 55 
	4A B8 AA E2 0C FB 92 B7 DE 85 66 4B B5 C2 08 30 
	9A 32 41 A1 01 48 66 8F 34 23 E4 4D 6E 28 A1 04 
	01 
TH34 (size 32):
	71 A8 2C 49 0C AC BD D0 C7 F6 26 B5 58 31 35 9C 
	FF F7 9F 73 0B 2C 59 06 51 AD 9C 99 04 0C EB 65 
msg2 generated
msg2 (size 1135):
	59 04 6C 27 B1 D6 35 A6 63 38 2D 99 E0 31 B3 E9 
	A5 D6 82 A0 95 45 04 93 56 AF 6F 13 54 DE D1 3E 
	D2 9C 72 9E 7B 50 0C 8A 3D 0E 7A E9 6B 4C 40 F1 
	87 65 07 A7 A9 7E 72 E5 E9 48 7C 69 A2 CA 86 6D 
	47 E5 1B 9D 95 C0 C1 87 E4 FF 11 DC 8F 2C FB 4D 
	77 A7 17 38 C8 8C FD 53 48 92 52 78 85 A3 1F 24 
	40 11 D5 0D 20 6F 74 FA 7B 3B 2A 3B B3 91 ED 6D 
	6A 34 3C B5 DD 23 A2 A7 4B 64 B4 DD 1E D7 52 C4 
	AD E8 08 A1 FC 21 8F DE C5 19 3C 43 CA A4 87 CE 
	C1 FE AD 7D 87 42 8F 67 21 5F EC 0E 60 73 C8 20 
	A2 E8 4D 03 08 FE 7C D4 6C 54 FB C8 2D 85 6E 15 
	5E A8 53 52 2D 01 9E 35 A2 CD 16 70 0B 1C 06 40 
	50 93 12 7B B9 3E BF D2 B8 01 E4 14 22 8E 6D E7 
	FE EA 50 52 ED 21 14 12 EF 16 53 6E A1 1D 5C CD 
	62 69 32 11 28 6F CA 68 22 CE 87 55 38 BF DF 57 
	85 28 C3 E6 BF A5 9A E8 7D FF 68 D2 A9 99 35 D0 
	6D A6 A1 D1 54 5E 34 2E 69 8A B3 A3 5D 23 81 7A 
	E1 29 0C A4 55 1E 79 98 CB E2 4A 93 DB FA 54 37 
	EC 74 2F BD 68 93 49 4F D5 0F C3 68 7D 32 60 85 
	3D 29 C6 A9 3C 5D AD 6F CD D0 61 7F 6C 85 47 35 
	78 4C 90 96 15 9A 20 E2 C4 1C 44 D8 7E D5 82 FC 
	D8 39 12 5B 9D E8 3F C2 D0 52 32 3E D0 82 A1 11 
	6E 97 FE 8F 23 97 6E 33 95 41 80 FA AC C5 C1 F2 
	1D 06 00 0B 25 86 71 2A BE 02 08 68 66 B2 EF 15 
	55 56 A4 6C E2 6E 27 EE 87 72 47 1C 10 72 1E 54 
	9B 90 DB 3D 27 A1 83 00 3A 38 9D 43 38 10 99 1A 
	A0 DA E9 29 4F 65 E3 97 6F 80 E2 AB 33 58 71 11 
	D0 62 07 B8 29 FA EF 7F AF 57 E5 8D F6 57 4D A9 
	D2 39 04 EF D4 B2 DD 4C 58 1E 11 D0 38 EF D1 FD 
	30 3D 5B 6D 1E 69 FB FD 34 E0 B1 FC 58 5D 45 B7 
	31 3B 5A 28 E6 11 12 28 15 6D B0 39 6B E0 98 36 
	0A 51 DE 5C 8B 82 7B CD 2D 5E E1 43 7E 79 BF 47 
	1F FA 2B C6 FB 5C EC F2 6B EF 41 D1 6C 7B 47 A8 
	D3 13 B3 14 AD DF E3 ED E3 42 E2 93 9E F8 4B 2B 
	38 E9 2D 2D E6 98 0D BF 25 A0 1C B0 98 A6 55 D7 
	99 C7 C4 05 C1 02 C8 17 95 4F B5 94 D4 81 F5 F9 
	B2 D5 BC AA 4D 54 CD 00 0F 75 F6 7D 86 47 5E A2 
	C8 A2 F2 AB A8 AC C7 DC 31 9B E8 7D C0 7D B3 B5 
	6B 11 8F 7D A2 80 25 2F 9E AC EC 7D 05 DD 88 5C 
	82 31 00 68 3B 53 3E A0 90 46 E1 76 41 C8 A6 D8 
	4D 71 51 7E E1 F7 D9 CF 8E FA B9 3D A9 36 27 A2 
	0E E8 8D FA 1F F0 8D 42 83 07 80 17 2A 63 F4 09 
	0D 65 54 2F 47 83 56 5E 70 B1 79 21 39 F0 D6 1D 
	D0 F6 BF 3F 03 C1 E2 D3 FE 1D 50 F8 10 66 FF 2E 
	1F CF DC AE AF 6D 70 E8 F8 C5 C1 FF AF BE 96 3D 
	0E 0A 86 4D EA CF 9F B0 D0 7F 9A 27 B6 3E 0D 2E 
	3F 8B 1A E0 54 57 23 AB 3E D7 4A 81 5F DB 80 1A 
	9A EA 33 77 4B 41 49 06 FE 42 72 F0 14 26 D0 B4 
	F7 9B BA 26 44 49 E8 3E 94 35 F0 35 A9 FA 80 30 
	B1 CB F6 0D 65 AD C6 C3 DD 68 23 5F B4 62 7E 4B 
	A6 4C DA B6 92 F7 59 16 A7 37 2D 46 D5 CB 0C 1D 
	AB D8 E3 88 21 90 1A 7C 32 28 BA D9 FD 81 76 27 
	AA 79 AF 04 F7 BE 25 C1 D1 6E F5 4F BB 63 42 B8 
	F0 C5 63 AB 73 A6 0D F2 CA 04 17 A6 E6 9D 4E 5C 
	6B 9C 01 2B DD E0 8D 1E 40 1D 07 73 DD 0E 49 5C 
	48 98 DF 87 FF B8 B1 E2 C6 B0 64 12 BC EF CC B8 
	FA 11 12 60 27 CE 8A FD 46 3F F7 C9 F6 9B 40 DD 
	90 82 90 3A 57 80 17 09 B3 A3 49 02 EE B5 7C 8C 
	64 FD FF 3A 5D 66 FC 2E 8E 7B CF 79 DB 86 DA 38 
	9F 1B 19 6F AA 3E 45 72 F8 38 83 C1 D1 F5 A8 19 
	BC 89 9A 79 F6 12 8E EA AB 7B 85 DA 95 80 B0 E4 
	7E 35 B1 9A 5D 73 1A 7D FA D0 2C 1A 90 70 AD AC 
	92 F8 CE 7B 4F 7B 3A 7D 85 84 B6 AA AD CB B9 57 
	B2 AB 32 FE B9 28 8F D0 2D FC 8A 35 99 EE F7 68 
	DA 53 CF 7E 0C ED 2C 3D FE FD 8F D3 8A 1A B3 4D 
	FD 13 D5 A1 F0 E8 81 DF 7C 0D C9 D8 00 22 28 45 
	63 BC DE D8 58 F6 DC 19 28 30 BB 6D 0E 46 C7 5E 
	FF 26 AA 7A 40 45 1C DC FE FB ED 80 F9 45 61 77 
	9B 0D C0 AB F8 E0 AD A0 A0 A7 A4 0F 43 E3 7B A3 
	B7 2B B2 12 A9 81 D8 33 A0 7D EE 84 49 89 77 47 
	46 8F 35 20 F6 EB 72 E0 EA 7F 54 97 25 9F 4F 
ead prcessed
[resp] tx sent 1135 bytes
mesage tx
waiting to receive
[resp] rx got 21 bytes
received
CIPHERTEXT_3 (size 20):
	0A 84 A3 AE 3F 25 48 A3 2A F4 3B 0B DA B2 A8 75 
	FE F9 CB D7 
PLAINTEXT3_SIZE: 903
ctxt3.len: 20
K_3 (size 16):
	47 98 D7 B1 F8 A4 DA 74 C7 E9 78 70 D3 8C A5 40 
IV_3 (size 13):
	96 D9 EC 18 1C EF 7B DC 11 47 5A 8D 83 
associated_data (size 45):
	83 68 45 6E 63 72 79 70 74 30 40 58 20 71 A8 2C 
	49 0C AC BD D0 C7 F6 26 B5 58 31 35 9C FF F7 9F 
	73 0B 2C 59 06 51 AD 9C 99 04 0C EB 65 
plaintext (size 12):
	A1 04 00 48 C7 50 B3 CD EE F5 33 4C 
ID_CRED (size 3):
	A1 04 00 
sign_or_mac (size 8):
	C7 50 B3 CD EE F5 33 4C 
[cred] lookup ID_CRED len=3
A10400
[cred] cred_array entries: 1
[cred] candidate[0] len=3 A10400
SHARED SECRET DERIVE
dh_secret (size 32):
	6C AA 7E E1 BA D2 D5 D5 C3 6D 15 AA 95 09 CF D4 
	84 71 E2 B0 43 B8 D2 92 C7 78 9F 3C 1B 1B 6C 3F 
SALT_3e2m or SALT4e3m (size 32):
	1B FF C9 C3 D7 B7 0B 20 42 9F 23 AF E7 7A E6 F2 
	C1 21 FF 6A 30 6C 9F 8C 32 56 BD C6 58 CE 7C 6C 
prk_4e3m (size 32):
	A2 79 8C FE 0F 74 22 64 D0 D8 AC 69 C8 86 4B C8 
	43 1F 89 B2 61 76 38 EF 98 CD 69 60 96 CB 6B 18 
TMP size: 32
CBOR ENCODE ERROR: 0
MAX ID CRED: 400 cred len 3
MAX CRED: 765 cred len 3
PK SIZE: 65
SIGNATURE SIZE: 500
CONTEXT_MAC_SIZE: 1204
CONTEXT_MAC len: 41
CR len: 1
TH enc len: 34
MAC context (size 40):
	A1 04 00 58 20 71 A8 2C 49 0C AC BD D0 C7 F6 26 
	B5 58 31 35 9C FF F7 9F 73 0B 2C 59 06 51 AD 9C 
	99 04 0C EB 65 A1 04 00 
MAC 2/3 (size 8):
	C7 50 B3 CD EE F5 33 4C 
th23 (size 32):
	71 A8 2C 49 0C AC BD D0 C7 F6 26 B5 58 31 35 9C 
	FF F7 9F 73 0B 2C 59 06 51 AD 9C 99 04 0C EB 65 
plaintext_23 (size 12):
	A1 04 00 48 C7 50 B3 CD EE F5 33 4C 
cred (size 3):
	A1 04 00 
TMP size: 32
CBOR ENCODE ERROR: 0
Encoded
memcopy1
memcopy2
Input to calculate TH_3/TH_4 (CBOR Sequence) (size 49):
	58 20 71 A8 2C 49 0C AC BD D0 C7 F6 26 B5 58 31 
	35 9C FF F7 9F 73 0B 2C 59 06 51 AD 9C 99 04 0C 
	EB 65 A1 04 00 48 C7 50 B3 CD EE F5 33 4C A1 04 
	00 
TH34 (size 32):
	CC 89 D1 A7 55 4F 36 83 13 41 9C C9 9F 30 31 26 
	64 8A BE B9 AB A5 C0 F8 0A 21 86 73 06 1B 60 4B 
[resp] edhoc_responder_run completed
PRK_out (size 32):
	64 2A 6B 8E 8D 0F BF FD 06 3B 94 D8 CF A7 59 45 
	D6 17 D7 19 03 02 99 FA 43 1B 8A 69 74 13 A8 18 
prk_exporter (size 32):
	71 B4 2B 35 E9 3B 5F 37 1B 8C 3E 48 53 A9 B1 C4 
	1D 72 78 55 11 ED C4 1F 73 97 0B 8C 99 44 C1 DB 
OSCORE Master Secret (size 16):
	95 15 B6 54 00 8B 27 76 C9 3F 07 D4 9F 16 B0 F7 
OSCORE Master Salt (size 8):
	F1 13 14 FE 41 64 DE DE 
