IPv4 server with address 0.0.0.0 started!
test vector number: 2
INITIATOR SUIT kem: 1, signature -7
responder pk size: 65 
responder sk size: 32 
Responder ready to receive EDHOC DH request
seed (size 4):
	5F 76 37 53 
public ephemeral key (size 32):
	F6 1B 88 EA 2C 1C 4C 06 E4 CD 44 3B 5E FD 7A 00 
	A7 08 05 62 AD 4E 10 F8 72 FC 20 2D D0 66 41 5C 
secret ephemeral key (size 32):
	14 93 6E 3B 6B 53 12 40 88 BD B6 86 57 F4 FD 12 
	AC E5 3B CC 5B E1 52 B5 3A 92 1D E7 0F F3 91 E6 
Responder ready to Receive EDHOC PQ request 
__________________
PDU was constructed from buffer of 64 bytes
PDU is 64 bytes long
CoAP Version: 1
Message Type: Confirmable
Token length: 4
Code: 0.02 POST
Message ID: 0
Token of 4 bytes.
   Value: 0x01000000 
2 options:
OPTION (1/2)
   Option number (delta): 11 (11)
   Name: URI_PATH
   Value length: 11
   Value: ".well-known"
OPTION (2/2)
   Option number (delta): 11 (0)
   Name: URI_PATH
   Value length: 5
   Value: "edhoc"
Payload of 37 bytes
   Value: "\00\02X \8a\f6\f40\eb\e1\8d4\18@\17\a9\a1\1b\f5\11\c8\df\f8\f84s\0b\96\c1\b7\c8\db\ca/\c3\b67"
__________________
CoAP message (size 37):
	00 02 58 20 8A F6 F4 30 EB E1 8D 34 18 40 17 A9 
	A1 1B F5 11 C8 DF F8 F8 34 73 0B 96 C1 B7 C8 DB 
	CA 2F C3 B6 37 
message_1 (CBOR Sequence) (size 37):
	00 02 58 20 8A F6 F4 30 EB E1 8D 34 18 40 17 A9 
	A1 1B F5 11 C8 DF F8 F8 34 73 0B 96 C1 B7 C8 DB 
	CA 2F C3 B6 37 
msg1  (size 37):
	00 02 58 20 8A F6 F4 30 EB E1 8D 34 18 40 17 A9 
	A1 1B F5 11 C8 DF F8 F8 34 73 0B 96 C1 B7 C8 DB 
	CA 2F C3 B6 37 
msg1 METHOD: 0
msg1 SUITES_I (size 1):
	02 
g_x len 1216
g_x len message 1 32
msg1 G_X (size 32):
	8A F6 F4 30 EB E1 8D 34 18 40 17 A9 A1 1B F5 11 
	C8 DF F8 F8 34 73 0B 96 C1 B7 C8 DB CA 2F C3 B6 
msg1 C_I_raw (size 1):
	E8 
Suite 2 will be used in this EDHOC run.
PQ/T hybrid declare second array
y  (size 32):
	14 93 6E 3B 6B 53 12 40 88 BD B6 86 57 F4 FD 12 
	AC E5 3B CC 5B E1 52 B5 3A 92 1D E7 0F F3 91 E6 
gx  (size 32):
	8A F6 F4 30 EB E1 8D 34 18 40 17 A9 A1 1B F5 11 
	C8 DF F8 F8 34 73 0B 96 C1 B7 C8 DB CA 2F C3 B6 
SHARED SECRET DERIVE
P256 in DH
pk_decompressed tinycript (size 64):
	8A F6 F4 30 EB E1 8D 34 18 40 17 A9 A1 1B F5 11 
	C8 DF F8 F8 34 73 0B 96 C1 B7 C8 DB CA 2F C3 B6 
	AE 17 50 92 91 24 87 EA FE 52 E2 63 A0 57 40 85 
	5E A8 E9 39 3F 95 A2 FC 7A FC 39 EB 00 7F 36 4C 
G_XY (ECDH shared secret)  (size 32):
	DC 8B 50 67 9E AF 1D 8A 94 A4 6F 49 AF C1 61 67 
	89 0E 7B EB 71 A2 E0 20 F5 01 22 1A 8B D5 33 88 
hash_msg1_raw (size 32):
	C7 93 1F CA 62 16 CA BC B5 A9 AB 7B 17 61 AE 46 
	78 94 6B A4 F6 0B 6D E1 63 14 69 18 2A 4E 67 26 
Input to calculate TH_2 (CBOR Sequence) (size 68):
	58 20 F6 1B 88 EA 2C 1C 4C 06 E4 CD 44 3B 5E FD 
	7A 00 A7 08 05 62 AD 4E 10 F8 72 FC 20 2D D0 66 
	41 5C 58 20 C7 93 1F CA 62 16 CA BC B5 A9 AB 7B 
	17 61 AE 46 78 94 6B A4 F6 0B 6D E1 63 14 69 18 
	2A 4E 67 26 
TH2 (size 32):
	2A 17 B7 4E 6A 55 DE C4 DA 88 5C 6C E4 0A 16 63 
	EB 95 0F 36 6C E6 97 F0 9F C0 EA 69 C0 40 7A 19 
PRK_2e (size 32):
	8A 97 28 09 06 C7 1F B7 43 60 F2 7D A1 EC E3 48 
	C2 A7 65 3C E6 01 C4 A9 3A BA 64 4D 7B 96 F1 D8 
prk_3e2m (size 32):
	8A 97 28 09 06 C7 1F B7 43 60 F2 7D A1 EC E3 48 
	C2 A7 65 3C E6 01 C4 A9 3A BA 64 4D 7B 96 F1 D8 
Signature len 500 - 64
TMP size: 32
CBOR ENCODE ERROR: 0
MAX ID CRED: 400 cred len 14
MAX CRED: 765 cred len 293
PK SIZE: 65
SIGNATURE SIZE: 500
CONTEXT_MAC_SIZE: 1204
CONTEXT_MAC len: 343
CR len: 2
TH enc len: 34
TMP size: 1
CBOR ENCODE ERROR: 0
MAC context (size 343):
	41 27 A1 18 22 82 2E 48 34 80 F5 FA 01 A8 AB F4 
	58 20 2A 17 B7 4E 6A 55 DE C4 DA 88 5C 6C E4 0A 
	16 63 EB 95 0F 36 6C E6 97 F0 9F C0 EA 69 C0 40 
	7A 19 59 01 22 30 82 01 1E 30 81 C5 A0 03 02 01 
	02 02 04 61 E9 98 1E 30 0A 06 08 2A 86 48 CE 3D 
	04 03 02 30 15 31 13 30 11 06 03 55 04 03 0C 0A 
	45 44 48 4F 43 20 52 6F 6F 74 30 1E 17 0D 32 32 
	30 31 32 30 31 37 31 33 30 32 5A 17 0D 32 39 31 
	32 33 31 32 33 30 30 30 30 5A 30 1A 31 18 30 16 
	06 03 55 04 03 0C 0F 45 44 48 4F 43 20 52 65 73 
	70 6F 6E 64 65 72 30 59 30 13 06 07 2A 86 48 CE 
	3D 02 01 06 08 2A 86 48 CE 3D 03 01 07 03 42 00 
	04 BB C3 49 60 52 6E A4 D3 2E 94 0C AD 2A 23 41 
	48 DD C2 17 91 A1 2A FB CB AC 93 62 20 46 DD 44 
	F0 45 19 E2 57 23 6B 2A 0C E2 02 3F 09 31 F1 F3 
	86 CA 7A FD A6 4F CD E0 10 8C 22 4C 51 EA BF 60 
	72 30 0A 06 08 2A 86 48 CE 3D 04 03 02 03 48 00 
	30 45 02 20 30 19 4E F5 FC 65 C8 B7 95 CD CD 0B 
	B4 31 BF 83 EE 67 41 C1 37 0C 22 C8 EB 8E E9 ED 
	D2 A7 05 19 02 21 00 B5 83 0E 9C 89 A6 2A C7 3C 
	E1 EB CE 00 61 70 7D B8 A8 8E 23 70 9B 4A CC 58 
	A1 31 3B 13 3D 05 58 
is not DH, 32
MAC 2/3 (size 32):
	4A 00 F4 BD 4A 58 98 84 FD F8 9D DB DC B5 45 49 
	41 20 94 3C 2D 11 CD B0 65 E4 FB 8C 4C 59 D9 4D 
TMP size: 32
CBOR ENCODE ERROR: 0
Signature or mac size: 64Inside the sign
signature_or_mac (is signature) (size 64):
	8E D2 F7 02 BF 27 AF 2D 00 B8 35 73 98 AD 10 35 
	1A 64 87 79 73 E0 58 3E D7 6D B2 2D 9C 1B 08 25 
	3C D9 ED CD 52 AF 04 08 7F EA CB 6D A6 5B 1A 84 
	42 79 EE 2D 76 4D D9 E5 33 F8 F0 15 D8 13 73 51 
TMP size: 64
CBOR ENCODE ERROR: 0
kid (size 0):
KEYSTREAM_2 (size 81):
	02 A1 D8 06 8D 5F AB 28 81 E1 7D BD 56 1D 71 08 
	E9 39 CF 36 4D 36 C3 CB 1C 0C 54 37 D2 A5 55 79 
	03 64 23 6D 09 E6 51 F2 E3 14 4F A5 44 BE CC 4B 
	78 1F D3 C4 3F C6 29 8A 60 FE ED 99 A7 2C BE 4E 
	62 9E 1F 1B 48 4D 36 05 36 81 41 D7 34 F9 0D 02 
	D1 
ciphertext_2/3/4 (size 81):
	25 00 C0 24 0F 71 E3 1C 01 14 87 BC FE B6 85 50 
	A9 B7 1D C1 4F 89 E4 64 31 0C EC 02 A1 3D F8 69 
	36 7E 47 EA 70 95 B1 AA DD C3 22 17 69 22 D7 43 
	5D 23 0A 29 F2 94 86 8E 68 81 07 52 CA 8A E5 54 
	E6 DC 66 F5 65 3B 7B DC D3 B2 B9 27 21 21 1E 71 
	80 
TMP size: 113
CBOR ENCODE ERROR: 0
message_2 (CBOR Sequence) (size 115):
	58 71 F6 1B 88 EA 2C 1C 4C 06 E4 CD 44 3B 5E FD 
	7A 00 A7 08 05 62 AD 4E 10 F8 72 FC 20 2D D0 66 
	41 5C 25 00 C0 24 0F 71 E3 1C 01 14 87 BC FE B6 
	85 50 A9 B7 1D C1 4F 89 E4 64 31 0C EC 02 A1 3D 
	F8 69 36 7E 47 EA 70 95 B1 AA DD C3 22 17 69 22 
	D7 43 5D 23 0A 29 F2 94 86 8E 68 81 07 52 CA 8A 
	E5 54 E6 DC 66 F5 65 3B 7B DC D3 B2 B9 27 21 21 
	1E 71 80 
th23 (size 32):
	2A 17 B7 4E 6A 55 DE C4 DA 88 5C 6C E4 0A 16 63 
	EB 95 0F 36 6C E6 97 F0 9F C0 EA 69 C0 40 7A 19 
plaintext_23 (size 81):
	27 A1 18 22 82 2E 48 34 80 F5 FA 01 A8 AB F4 58 
	40 8E D2 F7 02 BF 27 AF 2D 00 B8 35 73 98 AD 10 
	35 1A 64 87 79 73 E0 58 3E D7 6D B2 2D 9C 1B 08 
	25 3C D9 ED CD 52 AF 04 08 7F EA CB 6D A6 5B 1A 
	84 42 79 EE 2D 76 4D D9 E5 33 F8 F0 15 D8 13 73 
	51 
cred (size 293):
	59 01 22 30 82 01 1E 30 81 C5 A0 03 02 01 02 02 
	04 61 E9 98 1E 30 0A 06 08 2A 86 48 CE 3D 04 03 
	02 30 15 31 13 30 11 06 03 55 04 03 0C 0A 45 44 
	48 4F 43 20 52 6F 6F 74 30 1E 17 0D 32 32 30 31 
	32 30 31 37 31 33 30 32 5A 17 0D 32 39 31 32 33 
	31 32 33 30 30 30 30 5A 30 1A 31 18 30 16 06 03 
	55 04 03 0C 0F 45 44 48 4F 43 20 52 65 73 70 6F 
	6E 64 65 72 30 59 30 13 06 07 2A 86 48 CE 3D 02 
	01 06 08 2A 86 48 CE 3D 03 01 07 03 42 00 04 BB 
	C3 49 60 52 6E A4 D3 2E 94 0C AD 2A 23 41 48 DD 
	C2 17 91 A1 2A FB CB AC 93 62 20 46 DD 44 F0 45 
	19 E2 57 23 6B 2A 0C E2 02 3F 09 31 F1 F3 86 CA 
	7A FD A6 4F CD E0 10 8C 22 4C 51 EA BF 60 72 30 
	0A 06 08 2A 86 48 CE 3D 04 03 02 03 48 00 30 45 
	02 20 30 19 4E F5 FC 65 C8 B7 95 CD CD 0B B4 31 
	BF 83 EE 67 41 C1 37 0C 22 C8 EB 8E E9 ED D2 A7 
	05 19 02 21 00 B5 83 0E 9C 89 A6 2A C7 3C E1 EB 
	CE 00 61 70 7D B8 A8 8E 23 70 9B 4A CC 58 A1 31 
	3B 13 3D 05 58 
TMP size: 32
CBOR ENCODE ERROR: 0
Encoded
memcopy1
memcopy2
Input to calculate TH_3/TH_4 (CBOR Sequence) (size 408):
	58 20 2A 17 B7 4E 6A 55 DE C4 DA 88 5C 6C E4 0A 
	16 63 EB 95 0F 36 6C E6 97 F0 9F C0 EA 69 C0 40 
	7A 19 27 A1 18 22 82 2E 48 34 80 F5 FA 01 A8 AB 
	F4 58 40 8E D2 F7 02 BF 27 AF 2D 00 B8 35 73 98 
	AD 10 35 1A 64 87 79 73 E0 58 3E D7 6D B2 2D 9C 
	1B 08 25 3C D9 ED CD 52 AF 04 08 7F EA CB 6D A6 
	5B 1A 84 42 79 EE 2D 76 4D D9 E5 33 F8 F0 15 D8 
	13 73 51 59 01 22 30 82 01 1E 30 81 C5 A0 03 02 
	01 02 02 04 61 E9 98 1E 30 0A 06 08 2A 86 48 CE 
	3D 04 03 02 30 15 31 13 30 11 06 03 55 04 03 0C 
	0A 45 44 48 4F 43 20 52 6F 6F 74 30 1E 17 0D 32 
	32 30 31 32 30 31 37 31 33 30 32 5A 17 0D 32 39 
	31 32 33 31 32 33 30 30 30 30 5A 30 1A 31 18 30 
	16 06 03 55 04 03 0C 0F 45 44 48 4F 43 20 52 65 
	73 70 6F 6E 64 65 72 30 59 30 13 06 07 2A 86 48 
	CE 3D 02 01 06 08 2A 86 48 CE 3D 03 01 07 03 42 
	00 04 BB C3 49 60 52 6E A4 D3 2E 94 0C AD 2A 23 
	41 48 DD C2 17 91 A1 2A FB CB AC 93 62 20 46 DD 
	44 F0 45 19 E2 57 23 6B 2A 0C E2 02 3F 09 31 F1 
	F3 86 CA 7A FD A6 4F CD E0 10 8C 22 4C 51 EA BF 
	60 72 30 0A 06 08 2A 86 48 CE 3D 04 03 02 03 48 
	00 30 45 02 20 30 19 4E F5 FC 65 C8 B7 95 CD CD 
	0B B4 31 BF 83 EE 67 41 C1 37 0C 22 C8 EB 8E E9 
	ED D2 A7 05 19 02 21 00 B5 83 0E 9C 89 A6 2A C7 
	3C E1 EB CE 00 61 70 7D B8 A8 8E 23 70 9B 4A CC 
	58 A1 31 3B 13 3D 05 58 
TH34 (size 32):
	C0 A3 DD 2B 29 80 7A 91 05 43 0E C4 A8 F9 08 73 
	68 5A 64 36 2E 53 44 70 C3 02 BD 45 7A F1 A2 3F 
msg2 generated
msg2 (size 115):
	58 71 F6 1B 88 EA 2C 1C 4C 06 E4 CD 44 3B 5E FD 
	7A 00 A7 08 05 62 AD 4E 10 F8 72 FC 20 2D D0 66 
	41 5C 25 00 C0 24 0F 71 E3 1C 01 14 87 BC FE B6 
	85 50 A9 B7 1D C1 4F 89 E4 64 31 0C EC 02 A1 3D 
	F8 69 36 7E 47 EA 70 95 B1 AA DD C3 22 17 69 22 
	D7 43 5D 23 0A 29 F2 94 86 8E 68 81 07 52 CA 8A 
	E5 54 E6 DC 66 F5 65 3B 7B DC D3 B2 B9 27 21 21 
	1E 71 80 
ead prcessed
CoAP reply sent!
mesage tx
waiting to receive
__________________
PDU was constructed from buffer of 117 bytes
PDU is 117 bytes long
CoAP Version: 1
Message Type: Confirmable
Token length: 4
Code: 0.02 POST
Message ID: 1
Token of 4 bytes.
   Value: 0x02000000 
2 options:
OPTION (1/2)
   Option number (delta): 11 (11)
   Name: URI_PATH
   Value length: 11
   Value: ".well-known"
OPTION (2/2)
   Option number (delta): 11 (0)
   Name: URI_PATH
   Value length: 5
   Value: "edhoc"
Payload of 90 bytes
   Value: "XX\d5\1eu{FJ\03\1a\abkSg\1dQ\05\88\8c\19\83\82|\c7\e0{\e5\fdM\mP\d9\04H\cb\8cW\fef\a7.K\b2\1d\f0\fd9m7\ec;`\84\88\87\fd\92"\ae\0b\fb\ba\98\81e\0d\974\84!1\b1\94\f3\d8H{-\e7\ba\ffC"by\a0\ab\d6~"
__________________
CoAP message (size 90):
	58 58 D5 1E 75 7B 46 4A 03 1A AB 6B 53 67 1D 51 
	05 88 8C 19 83 82 7C C7 E0 7B E5 FD 4D 5C 6D 50 
	D9 04 48 CB 8C 57 FE 66 A7 2E 4B B2 1D F0 FD 39 
	6D 37 EC 3B 60 84 88 87 FD 92 22 AE 0B FB BA 98 
	81 65 0D 97 34 84 21 31 B1 94 F3 D8 48 7B 2D E7 
	BA FF 43 22 62 79 A0 AB D6 7E 
received
CIPHERTEXT_3 (size 88):
	D5 1E 75 7B 46 4A 03 1A AB 6B 53 67 1D 51 05 88 
	8C 19 83 82 7C C7 E0 7B E5 FD 4D 5C 6D 50 D9 04 
	48 CB 8C 57 FE 66 A7 2E 4B B2 1D F0 FD 39 6D 37 
	EC 3B 60 84 88 87 FD 92 22 AE 0B FB BA 98 81 65 
	0D 97 34 84 21 31 B1 94 F3 D8 48 7B 2D E7 BA FF 
	43 22 62 79 A0 AB D6 7E 
PLAINTEXT3_SIZE: 903
ctxt3.len: 88
K_3 (size 16):
	02 3F 54 C1 D8 48 2B 16 B6 12 E8 CB FB 9B AF E7 
IV_3 (size 13):
	35 33 0A 86 B4 FE 81 77 CE FF 25 ED 0C 
associated_data (size 45):
	83 68 45 6E 63 72 79 70 74 30 40 58 20 C0 A3 DD 
	2B 29 80 7A 91 05 43 0E C4 A8 F9 08 73 68 5A 64 
	36 2E 53 44 70 C3 02 BD 45 7A F1 A2 3F 
plaintext (size 80):
	A1 18 22 82 2E 48 EE C7 3F CB B0 16 26 76 58 40 
	36 59 7A DE 4D 80 D8 C1 1B 87 D9 DC 21 D4 75 D8 
	4D 90 62 12 41 F6 7A 3D 95 D1 5A FE 85 E5 A3 D3 
	F0 5C 56 AD C3 97 94 E0 6C 38 4D 7F 6A C9 00 6D 
	A7 D4 6C 19 C0 3D 0F B9 12 42 46 2A 73 CB B7 02 
ID_CRED (size 14):
	A1 18 22 82 2E 48 EE C7 3F CB B0 16 26 76 
sign_or_mac (size 64):
	36 59 7A DE 4D 80 D8 C1 1B 87 D9 DC 21 D4 75 D8 
	4D 90 62 12 41 F6 7A 3D 95 D1 5A FE 85 E5 A3 D3 
	F0 5C 56 AD C3 97 94 E0 6C 38 4D 7F 6A C9 00 6D 
	A7 D4 6C 19 C0 3D 0F B9 12 42 46 2A 73 CB B7 02 
[cred] lookup ID_CRED len=14
A11822822E48EEC73FCBB0162676
[cred] cred_array entries: 1
[cred] candidate[0] len=14 A11822822E48EEC73FCBB0162676
prk_4e3m (size 32):
	8A 97 28 09 06 C7 1F B7 43 60 F2 7D A1 EC E3 48 
	C2 A7 65 3C E6 01 C4 A9 3A BA 64 4D 7B 96 F1 D8 
TMP size: 32
CBOR ENCODE ERROR: 0
MAX ID CRED: 400 cred len 14
MAX CRED: 765 cred len 293
PK SIZE: 65
SIGNATURE SIZE: 500
CONTEXT_MAC_SIZE: 1204
CONTEXT_MAC len: 342
CR len: 1
TH enc len: 34
MAC context (size 341):
	A1 18 22 82 2E 48 EE C7 3F CB B0 16 26 76 58 20 
	C0 A3 DD 2B 29 80 7A 91 05 43 0E C4 A8 F9 08 73 
	68 5A 64 36 2E 53 44 70 C3 02 BD 45 7A F1 A2 3F 
	59 01 22 30 82 01 1E 30 81 C5 A0 03 02 01 02 02 
	04 62 32 EF 6F 30 0A 06 08 2A 86 48 CE 3D 04 03 
	02 30 15 31 13 30 11 06 03 55 04 03 0C 0A 45 44 
	48 4F 43 20 52 6F 6F 74 30 1E 17 0D 32 32 30 33 
	31 37 30 38 32 31 30 33 5A 17 0D 32 39 31 32 33 
	31 32 33 30 30 30 30 5A 30 1A 31 18 30 16 06 03 
	55 04 03 0C 0F 45 44 48 4F 43 20 49 6E 69 74 69 
	61 74 6F 72 30 59 30 13 06 07 2A 86 48 CE 3D 02 
	01 06 08 2A 86 48 CE 3D 03 01 07 03 42 00 04 AC 
	75 E9 EC E3 E5 0B FC 8E D6 03 99 88 95 22 40 5C 
	47 BF 16 DF 96 66 0A 41 29 8C B4 30 7F 7E B6 6E 
	5D E6 11 38 8A 4B 8A 82 11 33 4A C7 D3 7E CB 52 
	A3 87 D2 57 E6 DB 3C 2A 93 DF 21 FF 3A FF C8 30 
	0A 06 08 2A 86 48 CE 3D 04 03 02 03 48 00 30 45 
	02 21 00 8C 32 3A 1F 33 21 38 AA B9 D0 BE AF B8 
	5F 8D 5A 44 07 3C 58 0F 59 5B C5 21 EF 91 3F 6E 
	F4 8D 11 02 20 6C 0A F1 A1 85 A4 E4 DE 06 35 36 
	99 23 1C 73 3A 6E 8D D2 DF 65 13 96 6C 91 30 15 
	2A 07 A2 BE DE 
is not DH, 32
MAC 2/3 (size 32):
	7F E5 E4 15 92 9B A1 90 4D 03 BB 96 85 80 A4 E0 
	7A 7C 73 23 99 89 92 CC D6 88 2D 6F C0 38 68 58 
TMP size: 32
CBOR ENCODE ERROR: 0
Signature or MAC verification successful!
th23 (size 32):
	C0 A3 DD 2B 29 80 7A 91 05 43 0E C4 A8 F9 08 73 
	68 5A 64 36 2E 53 44 70 C3 02 BD 45 7A F1 A2 3F 
plaintext_23 (size 80):
	A1 18 22 82 2E 48 EE C7 3F CB B0 16 26 76 58 40 
	36 59 7A DE 4D 80 D8 C1 1B 87 D9 DC 21 D4 75 D8 
	4D 90 62 12 41 F6 7A 3D 95 D1 5A FE 85 E5 A3 D3 
	F0 5C 56 AD C3 97 94 E0 6C 38 4D 7F 6A C9 00 6D 
	A7 D4 6C 19 C0 3D 0F B9 12 42 46 2A 73 CB B7 02 
cred (size 293):
	59 01 22 30 82 01 1E 30 81 C5 A0 03 02 01 02 02 
	04 62 32 EF 6F 30 0A 06 08 2A 86 48 CE 3D 04 03 
	02 30 15 31 13 30 11 06 03 55 04 03 0C 0A 45 44 
	48 4F 43 20 52 6F 6F 74 30 1E 17 0D 32 32 30 33 
	31 37 30 38 32 31 30 33 5A 17 0D 32 39 31 32 33 
	31 32 33 30 30 30 30 5A 30 1A 31 18 30 16 06 03 
	55 04 03 0C 0F 45 44 48 4F 43 20 49 6E 69 74 69 
	61 74 6F 72 30 59 30 13 06 07 2A 86 48 CE 3D 02 
	01 06 08 2A 86 48 CE 3D 03 01 07 03 42 00 04 AC 
	75 E9 EC E3 E5 0B FC 8E D6 03 99 88 95 22 40 5C 
	47 BF 16 DF 96 66 0A 41 29 8C B4 30 7F 7E B6 6E 
	5D E6 11 38 8A 4B 8A 82 11 33 4A C7 D3 7E CB 52 
	A3 87 D2 57 E6 DB 3C 2A 93 DF 21 FF 3A FF C8 30 
	0A 06 08 2A 86 48 CE 3D 04 03 02 03 48 00 30 45 
	02 21 00 8C 32 3A 1F 33 21 38 AA B9 D0 BE AF B8 
	5F 8D 5A 44 07 3C 58 0F 59 5B C5 21 EF 91 3F 6E 
	F4 8D 11 02 20 6C 0A F1 A1 85 A4 E4 DE 06 35 36 
	99 23 1C 73 3A 6E 8D D2 DF 65 13 96 6C 91 30 15 
	2A 07 A2 BE DE 
TMP size: 32
CBOR ENCODE ERROR: 0
Encoded
memcopy1
memcopy2
Input to calculate TH_3/TH_4 (CBOR Sequence) (size 407):
	58 20 C0 A3 DD 2B 29 80 7A 91 05 43 0E C4 A8 F9 
	08 73 68 5A 64 36 2E 53 44 70 C3 02 BD 45 7A F1 
	A2 3F A1 18 22 82 2E 48 EE C7 3F CB B0 16 26 76 
	58 40 36 59 7A DE 4D 80 D8 C1 1B 87 D9 DC 21 D4 
	75 D8 4D 90 62 12 41 F6 7A 3D 95 D1 5A FE 85 E5 
	A3 D3 F0 5C 56 AD C3 97 94 E0 6C 38 4D 7F 6A C9 
	00 6D A7 D4 6C 19 C0 3D 0F B9 12 42 46 2A 73 CB 
	B7 02 59 01 22 30 82 01 1E 30 81 C5 A0 03 02 01 
	02 02 04 62 32 EF 6F 30 0A 06 08 2A 86 48 CE 3D 
	04 03 02 30 15 31 13 30 11 06 03 55 04 03 0C 0A 
	45 44 48 4F 43 20 52 6F 6F 74 30 1E 17 0D 32 32 
	30 33 31 37 30 38 32 31 30 33 5A 17 0D 32 39 31 
	32 33 31 32 33 30 30 30 30 5A 30 1A 31 18 30 16 
	06 03 55 04 03 0C 0F 45 44 48 4F 43 20 49 6E 69 
	74 69 61 74 6F 72 30 59 30 13 06 07 2A 86 48 CE 
	3D 02 01 06 08 2A 86 48 CE 3D 03 01 07 03 42 00 
	04 AC 75 E9 EC E3 E5 0B FC 8E D6 03 99 88 95 22 
	40 5C 47 BF 16 DF 96 66 0A 41 29 8C B4 30 7F 7E 
	B6 6E 5D E6 11 38 8A 4B 8A 82 11 33 4A C7 D3 7E 
	CB 52 A3 87 D2 57 E6 DB 3C 2A 93 DF 21 FF 3A FF 
	C8 30 0A 06 08 2A 86 48 CE 3D 04 03 02 03 48 00 
	30 45 02 21 00 8C 32 3A 1F 33 21 38 AA B9 D0 BE 
	AF B8 5F 8D 5A 44 07 3C 58 0F 59 5B C5 21 EF 91 
	3F 6E F4 8D 11 02 20 6C 0A F1 A1 85 A4 E4 DE 06 
	35 36 99 23 1C 73 3A 6E 8D D2 DF 65 13 96 6C 91 
	30 15 2A 07 A2 BE DE 
TH34 (size 32):
	E8 46 60 93 15 DB 7D CC 52 15 22 82 5D 1C 04 39 
	92 03 8B D8 26 DB 94 56 23 09 3A 76 AF AA FE 27 
PRK_out (size 32):
	11 83 CE 21 C0 C0 96 4F 5B FC DE 8C 50 65 80 3A 
	CC C0 52 24 61 5C 7A 60 BC 3C D9 5A 2D FD D5 3A 
prk_exporter (size 32):
	76 62 2B 25 45 10 34 1F 52 A3 9D 31 C1 7B 2E 0D 
	67 92 4F 02 AA 25 8A E3 44 7D 8C C3 94 08 DE B1 
OSCORE Master Secret (size 16):
	A6 07 2