[resp] get_suite
[resp] suite ready
IPv4 server with address 0.0.0.0 started!
[resp] socket ready
[resp] static DH keygen
[resp] static initiator pk
[resp] ephemeral DH keygen
[resp] starting edhoc_responder_run
[resp] rx got 1223 bytes
message_1 (CBOR Sequence) (size 1223):
	03 15 59 04 C0 FB B4 6F DD 17 E8 B7 0E C5 98 DE 
	CB B6 C8 4A 15 29 B0 DF CF 9E DE D9 C5 F8 D3 BF 
	64 F5 52 D2 10 27 D1 56 A9 68 84 45 02 BF 34 CC 
	2C 6E 4A AE F6 18 5E 23 59 B7 A6 91 0B 29 3B 45 
	3E 42 6A 22 D5 C4 C8 4C 25 4C 95 1B A5 99 AA 6A 
	37 83 B2 87 77 84 87 8C CE EA 20 6F 76 C1 6E 77 
	B5 CC 08 C7 4E EC 1A 4C D7 69 81 74 47 23 9A 3B 
	CF C0 1B 82 64 55 84 D4 4F 55 50 AE 75 D6 1C 48 
	A5 13 78 25 8A 7B 40 16 FB E0 16 C2 90 C4 E0 B2 
	AB B7 D3 27 19 62 5D DB E2 20 00 0B 11 38 B7 9C 
	07 48 A2 16 67 32 79 20 36 B1 9B 4F 33 46 69 C9 
	15 5F 27 A1 90 0F F5 21 D4 60 A6 2B 9C 9E B4 65 
	58 4F 97 AA 51 63 CF 5E 53 B0 79 BB 01 FA 16 1E 
	67 75 59 58 A2 B5 F2 EB 1A 0C 76 96 9A 81 9B DE 
	75 09 8F 2A 08 F1 04 C5 02 34 33 E1 2A 0C E9 94 
	C5 F8 AA C8 62 D0 65 67 D5 86 EE 95 C6 56 57 86 
	A3 FB 7A 83 2B B7 C1 09 21 A3 28 2D 49 83 1C 3A 
	2C 47 4B 6A A5 B4 E7 11 76 71 11 7E 69 7E 8C BA 
	AC 46 70 AF E6 72 64 18 31 A0 1F F3 CC 14 03 59 
	70 E8 67 C2 AA 3E D3 EC B5 7C B3 38 0E 8A 8A AC 
	89 AC 60 17 B7 D2 A7 A8 21 BC A3 15 69 63 A8 E1 
	1E D3 A9 43 97 A8 6F BF 4B A3 2A 34 9B 3C 1A A4 
	C0 70 96 2A 86 02 AF 81 45 DA 50 AA 0E F9 6A B7 
	EA 46 74 66 30 05 9A 16 4A 5B 64 59 07 76 82 E6 
	0B 59 EB 79 9C 13 03 23 CB 48 23 1A 80 7C F0 15 
	95 BC 3A BD 83 CB 99 88 34 43 A4 A8 0F 44 04 D6 
	8C 39 69 96 16 7B 83 A1 E4 53 7B 20 E9 44 58 66 
	87 97 09 BA 1C A1 56 5C 19 85 5B C4 4A 1F D4 C8 
	71 6B 97 57 23 2C A2 B4 0F 77 DB 52 4B 48 B5 5D 
	DB CC 40 D5 C9 71 50 82 78 77 8C 83 D9 10 72 B7 
	BC B9 79 4E 40 65 88 C7 59 C9 6D 66 BB 29 33 45 
	B3 63 C7 02 7C 8A A1 55 42 18 94 B9 EC 19 CC F2 
	00 A3 72 E2 07 82 B8 B6 36 DB CB 8E 65 43 34 19 
	87 4A B2 3D 19 35 8C 5E 8B 99 B7 0B 64 D5 80 A8 
	62 4C AC C5 E3 BF 04 97 CC 93 3C BE 4E 17 2D 2C 
	B4 A5 26 D4 2E AE 7A 36 A8 0C 4F F6 51 6A 07 50 
	A6 B8 63 8D 5A 41 A1 43 37 7C 8D 19 C3 A4 31 53 
	56 75 30 0E F4 1A AC B8 9C 00 14 C5 11 25 6C 93 
	FB 1F 4D C7 86 64 F3 05 1F 0B 53 C9 23 C8 DF 68 
	24 AD FA 08 95 B1 4C A3 C9 01 26 45 0B 7C 25 8F 
	A7 37 3F FA 26 0A 6A CC BB F4 85 B7 19 28 86 85 
	E5 7D 80 E2 27 8C F0 65 F1 C9 82 7F 77 99 41 AA 
	80 7B DB 9C 2B 59 3C 5B 6C 5A E9 45 56 7E 48 7D 
	EC 2C B3 DA 9A 17 98 04 61 37 60 B0 5B 33 95 7F 
	7C 43 78 68 CC 19 1B 7A 50 0A AB C7 07 7B 1E B8 
	CF 93 18 00 A0 93 26 D9 8A BD DF F0 93 D4 00 AB 
	18 46 71 59 90 66 4F 03 A6 FB 04 1C F8 A8 83 39 
	72 9C 12 30 52 D0 E4 C8 4A 17 02 59 98 95 52 3A 
	67 E1 97 36 23 A9 C5 02 6C A1 6C F1 7A 2A 85 0B 
	08 48 46 A6 C6 BD 1C A5 36 8E 70 AC 49 BB 9C 7A 
	25 9C D7 5C 83 15 FC C3 15 B0 83 A6 F0 A5 35 27 
	7F F1 79 C2 8E 6A 95 CB E3 C2 F0 1A 4C 0B 03 AF 
	DF 64 89 F3 8A 64 FA B5 00 F0 54 BD FF 58 54 26 
	F9 49 4B F0 5E ED C7 BF 12 35 25 8C 52 18 50 38 
	98 4A 97 80 FF 02 2B A8 35 6B 1A 5C C9 81 F0 C3 
	A7 92 2E 2A E9 30 BD CC 97 CE 59 61 7A CC 6A CF 
	BC AE 04 0C B7 21 63 54 59 A7 A9 26 5B 2C F8 86 
	10 B0 CA 80 27 F7 39 F2 18 CE E0 9B B4 A8 DC 93 
	81 8B 63 2C B7 77 DB 51 13 2E 54 2D E8 1B 8C 77 
	D4 B9 60 94 63 33 F8 47 44 88 41 63 28 55 64 9B 
	7D CB 71 59 E3 28 04 EF 15 04 59 D8 B3 F6 51 0C 
	73 EA 7C E8 63 CB 93 C0 67 7E 35 0E 87 00 3D A4 
	C1 75 46 36 B9 28 F7 30 6C B3 6C 98 46 B1 19 18 
	20 64 FA 6A 87 CB 34 E5 50 22 8B C3 4A C0 92 CA 
	ED 82 93 5F 4B 45 EB B2 A2 AF 02 AE D7 46 77 FC 
	A5 5E 11 F6 9C C7 E3 B3 E7 C5 0D 61 80 84 FC 3A 
	00 BA 4B 3C 12 93 18 6E 69 09 F3 51 29 B5 1A 9D 
	3A D2 5B E5 7B C0 F4 D5 4D 26 BA B8 06 04 6F 21 
	31 3B 07 F0 1B 0F EB 0F CA 66 54 48 9B 73 27 B4 
	71 CA 36 84 92 E8 82 98 B9 CF 8B 3C 91 BE 29 B0 
	5C A4 5C 07 A0 26 A3 15 B6 F4 54 08 13 05 59 C6 
	B6 73 EE CB 72 80 78 C2 AC E8 15 F4 9B 60 BF 59 
	60 B9 C3 C2 D8 40 45 5A 40 1B D1 3B 98 3A CA BE 
	83 E8 4D 01 1A C0 D7 87 09 0C 89 15 A4 4C 82 5B 
	90 3D A4 27 50 31 53 A7 9E 79 3A E7 64 22 30 B9 
	D1 43 A3 6E 82 11 7F 72 BD 4C B7 5B 42 5B 66 F1 
	CC 46 01 59 80 41 49 
msg1  (size 1223):
	03 15 59 04 C0 FB B4 6F DD 17 E8 B7 0E C5 98 DE 
	CB B6 C8 4A 15 29 B0 DF CF 9E DE D9 C5 F8 D3 BF 
	64 F5 52 D2 10 27 D1 56 A9 68 84 45 02 BF 34 CC 
	2C 6E 4A AE F6 18 5E 23 59 B7 A6 91 0B 29 3B 45 
	3E 42 6A 22 D5 C4 C8 4C 25 4C 95 1B A5 99 AA 6A 
	37 83 B2 87 77 84 87 8C CE EA 20 6F 76 C1 6E 77 
	B5 CC 08 C7 4E EC 1A 4C D7 69 81 74 47 23 9A 3B 
	CF C0 1B 82 64 55 84 D4 4F 55 50 AE 75 D6 1C 48 
	A5 13 78 25 8A 7B 40 16 FB E0 16 C2 90 C4 E0 B2 
	AB B7 D3 27 19 62 5D DB E2 20 00 0B 11 38 B7 9C 
	07 48 A2 16 67 32 79 20 36 B1 9B 4F 33 46 69 C9 
	15 5F 27 A1 90 0F F5 21 D4 60 A6 2B 9C 9E B4 65 
	58 4F 97 AA 51 63 CF 5E 53 B0 79 BB 01 FA 16 1E 
	67 75 59 58 A2 B5 F2 EB 1A 0C 76 96 9A 81 9B DE 
	75 09 8F 2A 08 F1 04 C5 02 34 33 E1 2A 0C E9 94 
	C5 F8 AA C8 62 D0 65 67 D5 86 EE 95 C6 56 57 86 
	A3 FB 7A 83 2B B7 C1 09 21 A3 28 2D 49 83 1C 3A 
	2C 47 4B 6A A5 B4 E7 11 76 71 11 7E 69 7E 8C BA 
	AC 46 70 AF E6 72 64 18 31 A0 1F F3 CC 14 03 59 
	70 E8 67 C2 AA 3E D3 EC B5 7C B3 38 0E 8A 8A AC 
	89 AC 60 17 B7 D2 A7 A8 21 BC A3 15 69 63 A8 E1 
	1E D3 A9 43 97 A8 6F BF 4B A3 2A 34 9B 3C 1A A4 
	C0 70 96 2A 86 02 AF 81 45 DA 50 AA 0E F9 6A B7 
	EA 46 74 66 30 05 9A 16 4A 5B 64 59 07 76 82 E6 
	0B 59 EB 79 9C 13 03 23 CB 48 23 1A 80 7C F0 15 
	95 BC 3A BD 83 CB 99 88 34 43 A4 A8 0F 44 04 D6 
	8C 39 69 96 16 7B 83 A1 E4 53 7B 20 E9 44 58 66 
	87 97 09 BA 1C A1 56 5C 19 85 5B C4 4A 1F D4 C8 
	71 6B 97 57 23 2C A2 B4 0F 77 DB 52 4B 48 B5 5D 
	DB CC 40 D5 C9 71 50 82 78 77 8C 83 D9 10 72 B7 
	BC B9 79 4E 40 65 88 C7 59 C9 6D 66 BB 29 33 45 
	B3 63 C7 02 7C 8A A1 55 42 18 94 B9 EC 19 CC F2 
	00 A3 72 E2 07 82 B8 B6 36 DB CB 8E 65 43 34 19 
	87 4A B2 3D 19 35 8C 5E 8B 99 B7 0B 64 D5 80 A8 
	62 4C AC C5 E3 BF 04 97 CC 93 3C BE 4E 17 2D 2C 
	B4 A5 26 D4 2E AE 7A 36 A8 0C 4F F6 51 6A 07 50 
	A6 B8 63 8D 5A 41 A1 43 37 7C 8D 19 C3 A4 31 53 
	56 75 30 0E F4 1A AC B8 9C 00 14 C5 11 25 6C 93 
	FB 1F 4D C7 86 64 F3 05 1F 0B 53 C9 23 C8 DF 68 
	24 AD FA 08 95 B1 4C A3 C9 01 26 45 0B 7C 25 8F 
	A7 37 3F FA 26 0A 6A CC BB F4 85 B7 19 28 86 85 
	E5 7D 80 E2 27 8C F0 65 F1 C9 82 7F 77 99 41 AA 
	80 7B DB 9C 2B 59 3C 5B 6C 5A E9 45 56 7E 48 7D 
	EC 2C B3 DA 9A 17 98 04 61 37 60 B0 5B 33 95 7F 
	7C 43 78 68 CC 19 1B 7A 50 0A AB C7 07 7B 1E B8 
	CF 93 18 00 A0 93 26 D9 8A BD DF F0 93 D4 00 AB 
	18 46 71 59 90 66 4F 03 A6 FB 04 1C F8 A8 83 39 
	72 9C 12 30 52 D0 E4 C8 4A 17 02 59 98 95 52 3A 
	67 E1 97 36 23 A9 C5 02 6C A1 6C F1 7A 2A 85 0B 
	08 48 46 A6 C6 BD 1C A5 36 8E 70 AC 49 BB 9C 7A 
	25 9C D7 5C 83 15 FC C3 15 B0 83 A6 F0 A5 35 27 
	7F F1 79 C2 8E 6A 95 CB E3 C2 F0 1A 4C 0B 03 AF 
	DF 64 89 F3 8A 64 FA B5 00 F0 54 BD FF 58 54 26 
	F9 49 4B F0 5E ED C7 BF 12 35 25 8C 52 18 50 38 
	98 4A 97 80 FF 02 2B A8 35 6B 1A 5C C9 81 F0 C3 
	A7 92 2E 2A E9 30 BD CC 97 CE 59 61 7A CC 6A CF 
	BC AE 04 0C B7 21 63 54 59 A7 A9 26 5B 2C F8 86 
	10 B0 CA 80 27 F7 39 F2 18 CE E0 9B B4 A8 DC 93 
	81 8B 63 2C B7 77 DB 51 13 2E 54 2D E8 1B 8C 77 
	D4 B9 60 94 63 33 F8 47 44 88 41 63 28 55 64 9B 
	7D CB 71 59 E3 28 04 EF 15 04 59 D8 B3 F6 51 0C 
	73 EA 7C E8 63 CB 93 C0 67 7E 35 0E 87 00 3D A4 
	C1 75 46 36 B9 28 F7 30 6C B3 6C 98 46 B1 19 18 
	20 64 FA 6A 87 CB 34 E5 50 22 8B C3 4A C0 92 CA 
	ED 82 93 5F 4B 45 EB B2 A2 AF 02 AE D7 46 77 FC 
	A5 5E 11 F6 9C C7 E3 B3 E7 C5 0D 61 80 84 FC 3A 
	00 BA 4B 3C 12 93 18 6E 69 09 F3 51 29 B5 1A 9D 
	3A D2 5B E5 7B C0 F4 D5 4D 26 BA B8 06 04 6F 21 
	31 3B 07 F0 1B 0F EB 0F CA 66 54 48 9B 73 27 B4 
	71 CA 36 84 92 E8 82 98 B9 CF 8B 3C 91 BE 29 B0 
	5C A4 5C 07 A0 26 A3 15 B6 F4 54 08 13 05 59 C6 
	B6 73 EE CB 72 80 78 C2 AC E8 15 F4 9B 60 BF 59 
	60 B9 C3 C2 D8 40 45 5A 40 1B D1 3B 98 3A CA BE 
	83 E8 4D 01 1A C0 D7 87 09 0C 89 15 A4 4C 82 5B 
	90 3D A4 27 50 31 53 A7 9E 79 3A E7 64 22 30 B9 
	D1 43 A3 6E 82 11 7F 72 BD 4C B7 5B 42 5B 66 F1 
	CC 46 01 59 80 41 49 
msg1 METHOD: 3
msg1 SUITES_I (size 1):
	15 
g_x len 1216
g_x len message 1 1216
msg1 G_X (size 1216):
	FB B4 6F DD 17 E8 B7 0E C5 98 DE CB B6 C8 4A 15 
	29 B0 DF CF 9E DE D9 C5 F8 D3 BF 64 F5 52 D2 10 
	27 D1 56 A9 68 84 45 02 BF 34 CC 2C 6E 4A AE F6 
	18 5E 23 59 B7 A6 91 0B 29 3B 45 3E 42 6A 22 D5 
	C4 C8 4C 25 4C 95 1B A5 99 AA 6A 37 83 B2 87 77 
	84 87 8C CE EA 20 6F 76 C1 6E 77 B5 CC 08 C7 4E 
	EC 1A 4C D7 69 81 74 47 23 9A 3B CF C0 1B 82 64 
	55 84 D4 4F 55 50 AE 75 D6 1C 48 A5 13 78 25 8A 
	7B 40 16 FB E0 16 C2 90 C4 E0 B2 AB B7 D3 27 19 
	62 5D DB E2 20 00 0B 11 38 B7 9C 07 48 A2 16 67 
	32 79 20 36 B1 9B 4F 33 46 69 C9 15 5F 27 A1 90 
	0F F5 21 D4 60 A6 2B 9C 9E B4 65 58 4F 97 AA 51 
	63 CF 5E 53 B0 79 BB 01 FA 16 1E 67 75 59 58 A2 
	B5 F2 EB 1A 0C 76 96 9A 81 9B DE 75 09 8F 2A 08 
	F1 04 C5 02 34 33 E1 2A 0C E9 94 C5 F8 AA C8 62 
	D0 65 67 D5 86 EE 95 C6 56 57 86 A3 FB 7A 83 2B 
	B7 C1 09 21 A3 28 2D 49 83 1C 3A 2C 47 4B 6A A5 
	B4 E7 11 76 71 11 7E 69 7E 8C BA AC 46 70 AF E6 
	72 64 18 31 A0 1F F3 CC 14 03 59 70 E8 67 C2 AA 
	3E D3 EC B5 7C B3 38 0E 8A 8A AC 89 AC 60 17 B7 
	D2 A7 A8 21 BC A3 15 69 63 A8 E1 1E D3 A9 43 97 
	A8 6F BF 4B A3 2A 34 9B 3C 1A A4 C0 70 96 2A 86 
	02 AF 81 45 DA 50 AA 0E F9 6A B7 EA 46 74 66 30 
	05 9A 16 4A 5B 64 59 07 76 82 E6 0B 59 EB 79 9C 
	13 03 23 CB 48 23 1A 80 7C F0 15 95 BC 3A BD 83 
	CB 99 88 34 43 A4 A8 0F 44 04 D6 8C 39 69 96 16 
	7B 83 A1 E4 53 7B 20 E9 44 58 66 87 97 09 BA 1C 
	A1 56 5C 19 85 5B C4 4A 1F D4 C8 71 6B 97 57 23 
	2C A2 B4 0F 77 DB 52 4B 48 B5 5D DB CC 40 D5 C9 
	71 50 82 78 77 8C 83 D9 10 72 B7 BC B9 79 4E 40 
	65 88 C7 59 C9 6D 66 BB 29 33 45 B3 63 C7 02 7C 
	8A A1 55 42 18 94 B9 EC 19 CC F2 00 A3 72 E2 07 
	82 B8 B6 36 DB CB 8E 65 43 34 19 87 4A B2 3D 19 
	35 8C 5E 8B 99 B7 0B 64 D5 80 A8 62 4C AC C5 E3 
	BF 04 97 CC 93 3C BE 4E 17 2D 2C B4 A5 26 D4 2E 
	AE 7A 36 A8 0C 4F F6 51 6A 07 50 A6 B8 63 8D 5A 
	41 A1 43 37 7C 8D 19 C3 A4 31 53 56 75 30 0E F4 
	1A AC B8 9C 00 14 C5 11 25 6C 93 FB 1F 4D C7 86 
	64 F3 05 1F 0B 53 C9 23 C8 DF 68 24 AD FA 08 95 
	B1 4C A3 C9 01 26 45 0B 7C 25 8F A7 37 3F FA 26 
	0A 6A CC BB F4 85 B7 19 28 86 85 E5 7D 80 E2 27 
	8C F0 65 F1 C9 82 7F 77 99 41 AA 80 7B DB 9C 2B 
	59 3C 5B 6C 5A E9 45 56 7E 48 7D EC 2C B3 DA 9A 
	17 98 04 61 37 60 B0 5B 33 95 7F 7C 43 78 68 CC 
	19 1B 7A 50 0A AB C7 07 7B 1E B8 CF 93 18 00 A0 
	93 26 D9 8A BD DF F0 93 D4 00 AB 18 46 71 59 90 
	66 4F 03 A6 FB 04 1C F8 A8 83 39 72 9C 12 30 52 
	D0 E4 C8 4A 17 02 59 98 95 52 3A 67 E1 97 36 23 
	A9 C5 02 6C A1 6C F1 7A 2A 85 0B 08 48 46 A6 C6 
	BD 1C A5 36 8E 70 AC 49 BB 9C 7A 25 9C D7 5C 83 
	15 FC C3 15 B0 83 A6 F0 A5 35 27 7F F1 79 C2 8E 
	6A 95 CB E3 C2 F0 1A 4C 0B 03 AF DF 64 89 F3 8A 
	64 FA B5 00 F0 54 BD FF 58 54 26 F9 49 4B F0 5E 
	ED C7 BF 12 35 25 8C 52 18 50 38 98 4A 97 80 FF 
	02 2B A8 35 6B 1A 5C C9 81 F0 C3 A7 92 2E 2A E9 
	30 BD CC 97 CE 59 61 7A CC 6A CF BC AE 04 0C B7 
	21 63 54 59 A7 A9 26 5B 2C F8 86 10 B0 CA 80 27 
	F7 39 F2 18 CE E0 9B B4 A8 DC 93 81 8B 63 2C B7 
	77 DB 51 13 2E 54 2D E8 1B 8C 77 D4 B9 60 94 63 
	33 F8 47 44 88 41 63 28 55 64 9B 7D CB 71 59 E3 
	28 04 EF 15 04 59 D8 B3 F6 51 0C 73 EA 7C E8 63 
	CB 93 C0 67 7E 35 0E 87 00 3D A4 C1 75 46 36 B9 
	28 F7 30 6C B3 6C 98 46 B1 19 18 20 64 FA 6A 87 
	CB 34 E5 50 22 8B C3 4A C0 92 CA ED 82 93 5F 4B 
	45 EB B2 A2 AF 02 AE D7 46 77 FC A5 5E 11 F6 9C 
	C7 E3 B3 E7 C5 0D 61 80 84 FC 3A 00 BA 4B 3C 12 
	93 18 6E 69 09 F3 51 29 B5 1A 9D 3A D2 5B E5 7B 
	C0 F4 D5 4D 26 BA B8 06 04 6F 21 31 3B 07 F0 1B 
	0F EB 0F CA 66 54 48 9B 73 27 B4 71 CA 36 84 92 
	E8 82 98 B9 CF 8B 3C 91 BE 29 B0 5C A4 5C 07 A0 
	26 A3 15 B6 F4 54 08 13 05 59 C6 B6 73 EE CB 72 
	80 78 C2 AC E8 15 F4 9B 60 BF 59 60 B9 C3 C2 D8 
	40 45 5A 40 1B D1 3B 98 3A CA BE 83 E8 4D 01 1A 
	C0 D7 87 09 0C 89 15 A4 4C 82 5B 90 3D A4 27 50 
	31 53 A7 9E 79 3A E7 64 22 30 B9 D1 43 A3 6E 82 
	11 7F 72 BD 4C B7 5B 42 5B 66 F1 CC 46 01 59 80 
msg1 C_I_raw (size 1):
	49 
Suite 21 will be used in this EDHOC run.
PQ/T hybrid declare second array
PQ/T hybrid suit
PQ/T y  (size 32):
	38 89 C4 E0 B5 3B 03 FA 44 FB A6 AF 89 EE AA 5F 
	43 47 E8 49 6E 93 4C E8 13 64 E1 32 CF CA 25 6D 
PQ/T gx  (size 1216):
	FB B4 6F DD 17 E8 B7 0E C5 98 DE CB B6 C8 4A 15 
	29 B0 DF CF 9E DE D9 C5 F8 D3 BF 64 F5 52 D2 10 
	27 D1 56 A9 68 84 45 02 BF 34 CC 2C 6E 4A AE F6 
	18 5E 23 59 B7 A6 91 0B 29 3B 45 3E 42 6A 22 D5 
	C4 C8 4C 25 4C 95 1B A5 99 AA 6A 37 83 B2 87 77 
	84 87 8C CE EA 20 6F 76 C1 6E 77 B5 CC 08 C7 4E 
	EC 1A 4C D7 69 81 74 47 23 9A 3B CF C0 1B 82 64 
	55 84 D4 4F 55 50 AE 75 D6 1C 48 A5 13 78 25 8A 
	7B 40 16 FB E0 16 C2 90 C4 E0 B2 AB B7 D3 27 19 
	62 5D DB E2 20 00 0B 11 38 B7 9C 07 48 A2 16 67 
	32 79 20 36 B1 9B 4F 33 46 69 C9 15 5F 27 A1 90 
	0F F5 21 D4 60 A6 2B 9C 9E B4 65 58 4F 97 AA 51 
	63 CF 5E 53 B0 79 BB 01 FA 16 1E 67 75 59 58 A2 
	B5 F2 EB 1A 0C 76 96 9A 81 9B DE 75 09 8F 2A 08 
	F1 04 C5 02 34 33 E1 2A 0C E9 94 C5 F8 AA C8 62 
	D0 65 67 D5 86 EE 95 C6 56 57 86 A3 FB 7A 83 2B 
	B7 C1 09 21 A3 28 2D 49 83 1C 3A 2C 47 4B 6A A5 
	B4 E7 11 76 71 11 7E 69 7E 8C BA AC 46 70 AF E6 
	72 64 18 31 A0 1F F3 CC 14 03 59 70 E8 67 C2 AA 
	3E D3 EC B5 7C B3 38 0E 8A 8A AC 89 AC 60 17 B7 
	D2 A7 A8 21 BC A3 15 69 63 A8 E1 1E D3 A9 43 97 
	A8 6F BF 4B A3 2A 34 9B 3C 1A A4 C0 70 96 2A 86 
	02 AF 81 45 DA 50 AA 0E F9 6A B7 EA 46 74 66 30 
	05 9A 16 4A 5B 64 59 07 76 82 E6 0B 59 EB 79 9C 
	13 03 23 CB 48 23 1A 80 7C F0 15 95 BC 3A BD 83 
	CB 99 88 34 43 A4 A8 0F 44 04 D6 8C 39 69 96 16 
	7B 83 A1 E4 53 7B 20 E9 44 58 66 87 97 09 BA 1C 
	A1 56 5C 19 85 5B C4 4A 1F D4 C8 71 6B 97 57 23 
	2C A2 B4 0F 77 DB 52 4B 48 B5 5D DB CC 40 D5 C9 
	71 50 82 78 77 8C 83 D9 10 72 B7 BC B9 79 4E 40 
	65 88 C7 59 C9 6D 66 BB 29 33 45 B3 63 C7 02 7C 
	8A A1 55 42 18 94 B9 EC 19 CC F2 00 A3 72 E2 07 
	82 B8 B6 36 DB CB 8E 65 43 34 19 87 4A B2 3D 19 
	35 8C 5E 8B 99 B7 0B 64 D5 80 A8 62 4C AC C5 E3 
	BF 04 97 CC 93 3C BE 4E 17 2D 2C B4 A5 26 D4 2E 
	AE 7A 36 A8 0C 4F F6 51 6A 07 50 A6 B8 63 8D 5A 
	41 A1 43 37 7C 8D 19 C3 A4 31 53 56 75 30 0E F4 
	1A AC B8 9C 00 14 C5 11 25 6C 93 FB 1F 4D C7 86 
	64 F3 05 1F 0B 53 C9 23 C8 DF 68 24 AD FA 08 95 
	B1 4C A3 C9 01 26 45 0B 7C 25 8F A7 37 3F FA 26 
	0A 6A CC BB F4 85 B7 19 28 86 85 E5 7D 80 E2 27 
	8C F0 65 F1 C9 82 7F 77 99 41 AA 80 7B DB 9C 2B 
	59 3C 5B 6C 5A E9 45 56 7E 48 7D EC 2C B3 DA 9A 
	17 98 04 61 37 60 B0 5B 33 95 7F 7C 43 78 68 CC 
	19 1B 7A 50 0A AB C7 07 7B 1E B8 CF 93 18 00 A0 
	93 26 D9 8A BD DF F0 93 D4 00 AB 18 46 71 59 90 
	66 4F 03 A6 FB 04 1C F8 A8 83 39 72 9C 12 30 52 
	D0 E4 C8 4A 17 02 59 98 95 52 3A 67 E1 97 36 23 
	A9 C5 02 6C A1 6C F1 7A 2A 85 0B 08 48 46 A6 C6 
	BD 1C A5 36 8E 70 AC 49 BB 9C 7A 25 9C D7 5C 83 
	15 FC C3 15 B0 83 A6 F0 A5 35 27 7F F1 79 C2 8E 
	6A 95 CB E3 C2 F0 1A 4C 0B 03 AF DF 64 89 F3 8A 
	64 FA B5 00 F0 54 BD FF 58 54 26 F9 49 4B F0 5E 
	ED C7 BF 12 35 25 8C 52 18 50 38 98 4A 97 80 FF 
	02 2B A8 35 6B 1A 5C C9 81 F0 C3 A7 92 2E 2A E9 
	30 BD CC 97 CE 59 61 7A CC 6A CF BC AE 04 0C B7 
	21 63 54 59 A7 A9 26 5B 2C F8 86 10 B0 CA 80 27 
	F7 39 F2 18 CE E0 9B B4 A8 DC 93 81 8B 63 2C B7 
	77 DB 51 13 2E 54 2D E8 1B 8C 77 D4 B9 60 94 63 
	33 F8 47 44 88 41 63 28 55 64 9B 7D CB 71 59 E3 
	28 04 EF 15 04 59 D8 B3 F6 51 0C 73 EA 7C E8 63 
	CB 93 C0 67 7E 35 0E 87 00 3D A4 C1 75 46 36 B9 
	28 F7 30 6C B3 6C 98 46 B1 19 18 20 64 FA 6A 87 
	CB 34 E5 50 22 8B C3 4A C0 92 CA ED 82 93 5F 4B 
	45 EB B2 A2 AF 02 AE D7 46 77 FC A5 5E 11 F6 9C 
	C7 E3 B3 E7 C5 0D 61 80 84 FC 3A 00 BA 4B 3C 12 
	93 18 6E 69 09 F3 51 29 B5 1A 9D 3A D2 5B E5 7B 
	C0 F4 D5 4D 26 BA B8 06 04 6F 21 31 3B 07 F0 1B 
	0F EB 0F CA 66 54 48 9B 73 27 B4 71 CA 36 84 92 
	E8 82 98 B9 CF 8B 3C 91 BE 29 B0 5C A4 5C 07 A0 
	26 A3 15 B6 F4 54 08 13 05 59 C6 B6 73 EE CB 72 
	80 78 C2 AC E8 15 F4 9B 60 BF 59 60 B9 C3 C2 D8 
	40 45 5A 40 1B D1 3B 98 3A CA BE 83 E8 4D 01 1A 
	C0 D7 87 09 0C 89 15 A4 4C 82 5B 90 3D A4 27 50 
	31 53 A7 9E 79 3A E7 64 22 30 B9 D1 43 A3 6E 82 
	11 7F 72 BD 4C B7 5B 42 5B 66 F1 CC 46 01 59 80 
DH y  (size 32):
	38 89 C4 E0 B5 3B 03 FA 44 FB A6 AF 89 EE AA 5F 
	43 47 E8 49 6E 93 4C E8 13 64 E1 32 CF CA 25 6D 
DH gx  (size 32):
	FB B4 6F DD 17 E8 B7 0E C5 98 DE CB B6 C8 4A 15 
	29 B0 DF CF 9E DE D9 C5 F8 D3 BF 64 F5 52 D2 10 
SHARED SECRET DERIVE
G_XY (ECDH shared secret)  (size 32):
	23 42 DA 3A 44 A9 28 77 02 7E D4 DE 6D 1E 8E A1 
	6A 64 F6 60 1A CF 0D 09 79 E2 32 07 86 54 F8 6D 
KEM mechanism
KEM - g_x  (size 1184):
	27 D1 56 A9 68 84 45 02 BF 34 CC 2C 6E 4A AE F6 
	18 5E 23 59 B7 A6 91 0B 29 3B 45 3E 42 6A 22 D5 
	C4 C8 4C 25 4C 95 1B A5 99 AA 6A 37 83 B2 87 77 
	84 87 8C CE EA 20 6F 76 C1 6E 77 B5 CC 08 C7 4E 
	EC 1A 4C D7 69 81 74 47 23 9A 3B CF C0 1B 82 64 
	55 84 D4 4F 55 50 AE 75 D6 1C 48 A5 13 78 25 8A 
	7B 40 16 FB E0 16 C2 90 C4 E0 B2 AB B7 D3 27 19 
	62 5D DB E2 20 00 0B 11 38 B7 9C 07 48 A2 16 67 
	32 79 20 36 B1 9B 4F 33 46 69 C9 15 5F 27 A1 90 
	0F F5 21 D4 60 A6 2B 9C 9E B4 65 58 4F 97 AA 51 
	63 CF 5E 53 B0 79 BB 01 FA 16 1E 67 75 59 58 A2 
	B5 F2 EB 1A 0C 76 96 9A 81 9B DE 75 09 8F 2A 08 
	F1 04 C5 02 34 33 E1 2A 0C E9 94 C5 F8 AA C8 62 
	D0 65 67 D5 86 EE 95 C6 56 57 86 A3 FB 7A 83 2B 
	B7 C1 09 21 A3 28 2D 49 83 1C 3A 2C 47 4B 6A A5 
	B4 E7 11 76 71 11 7E 69 7E 8C BA AC 46 70 AF E6 
	72 64 18 31 A0 1F F3 CC 14 03 59 70 E8 67 C2 AA 
	3E D3 EC B5 7C B3 38 0E 8A 8A AC 89 AC 60 17 B7 
	D2 A7 A8 21 BC A3 15 69 63 A8 E1 1E D3 A9 43 97 
	A8 6F BF 4B A3 2A 34 9B 3C 1A A4 C0 70 96 2A 86 
	02 AF 81 45 DA 50 AA 0E F9 6A B7 EA 46 74 66 30 
	05 9A 16 4A 5B 64 59 07 76 82 E6 0B 59 EB 79 9C 
	13 03 23 CB 48 23 1A 80 7C F0 15 95 BC 3A BD 83 
	CB 99 88 34 43 A4 A8 0F 44 04 D6 8C 39 69 96 16 
	7B 83 A1 E4 53 7B 20 E9 44 58 66 87 97 09 BA 1C 
	A1 56 5C 19 85 5B C4 4A 1F D4 C8 71 6B 97 57 23 
	2C A2 B4 0F 77 DB 52 4B 48 B5 5D DB CC 40 D5 C9 
	71 50 82 78 77 8C 83 D9 10 72 B7 BC B9 79 4E 40 
	65 88 C7 59 C9 6D 66 BB 29 33 45 B3 63 C7 02 7C 
	8A A1 55 42 18 94 B9 EC 19 CC F2 00 A3 72 E2 07 
	82 B8 B6 36 DB CB 8E 65 43 34 19 87 4A B2 3D 19 
	35 8C 5E 8B 99 B7 0B 64 D5 80 A8 62 4C AC C5 E3 
	BF 04 97 CC 93 3C BE 4E 17 2D 2C B4 A5 26 D4 2E 
	AE 7A 36 A8 0C 4F F6 51 6A 07 50 A6 B8 63 8D 5A 
	41 A1 43 37 7C 8D 19 C3 A4 31 53 56 75 30 0E F4 
	1A AC B8 9C 00 14 C5 11 25 6C 93 FB 1F 4D C7 86 
	64 F3 05 1F 0B 53 C9 23 C8 DF 68 24 AD FA 08 95 
	B1 4C A3 C9 01 26 45 0B 7C 25 8F A7 37 3F FA 26 
	0A 6A CC BB F4 85 B7 19 28 86 85 E5 7D 80 E2 27 
	8C F0 65 F1 C9 82 7F 77 99 41 AA 80 7B DB 9C 2B 
	59 3C 5B 6C 5A E9 45 56 7E 48 7D EC 2C B3 DA 9A 
	17 98 04 61 37 60 B0 5B 33 95 7F 7C 43 78 68 CC 
	19 1B 7A 50 0A AB C7 07 7B 1E B8 CF 93 18 00 A0 
	93 26 D9 8A BD DF F0 93 D4 00 AB 18 46 71 59 90 
	66 4F 03 A6 FB 04 1C F8 A8 83 39 72 9C 12 30 52 
	D0 E4 C8 4A 17 02 59 98 95 52 3A 67 E1 97 36 23 
	A9 C5 02 6C A1 6C F1 7A 2A 85 0B 08 48 46 A6 C6 
	BD 1C A5 36 8E 70 AC 49 BB 9C 7A 25 9C D7 5C 83 
	15 FC C3 15 B0 83 A6 F0 A5 35 27 7F F1 79 C2 8E 
	6A 95 CB E3 C2 F0 1A 4C 0B 03 AF DF 64 89 F3 8A 
	64 FA B5 00 F0 54 BD FF 58 54 26 F9 49 4B F0 5E 
	ED C7 BF 12 35 25 8C 52 18 50 38 98 4A 97 80 FF 
	02 2B A8 35 6B 1A 5C C9 81 F0 C3 A7 92 2E 2A E9 
	30 BD CC 97 CE 59 61 7A CC 6A CF BC AE 04 0C B7 
	21 63 54 59 A7 A9 26 5B 2C F8 86 10 B0 CA 80 27 
	F7 39 F2 18 CE E0 9B B4 A8 DC 93 81 8B 63 2C B7 
	77 DB 51 13 2E 54 2D E8 1B 8C 77 D4 B9 60 94 63 
	33 F8 47 44 88 41 63 28 55 64 9B 7D CB 71 59 E3 
	28 04 EF 15 04 59 D8 B3 F6 51 0C 73 EA 7C E8 63 
	CB 93 C0 67 7E 35 0E 87 00 3D A4 C1 75 46 36 B9 
	28 F7 30 6C B3 6C 98 46 B1 19 18 20 64 FA 6A 87 
	CB 34 E5 50 22 8B C3 4A C0 92 CA ED 82 93 5F 4B 
	45 EB B2 A2 AF 02 AE D7 46 77 FC A5 5E 11 F6 9C 
	C7 E3 B3 E7 C5 0D 61 80 84 FC 3A 00 BA 4B 3C 12 
	93 18 6E 69 09 F3 51 29 B5 1A 9D 3A D2 5B E5 7B 
	C0 F4 D5 4D 26 BA B8 06 04 6F 21 31 3B 07 F0 1B 
	0F EB 0F CA 66 54 48 9B 73 27 B4 71 CA 36 84 92 
	E8 82 98 B9 CF 8B 3C 91 BE 29 B0 5C A4 5C 07 A0 
	26 A3 15 B6 F4 54 08 13 05 59 C6 B6 73 EE CB 72 
	80 78 C2 AC E8 15 F4 9B 60 BF 59 60 B9 C3 C2 D8 
	40 45 5A 40 1B D1 3B 98 3A CA BE 83 E8 4D 01 1A 
	C0 D7 87 09 0C 89 15 A4 4C 82 5B 90 3D A4 27 50 
	31 53 A7 9E 79 3A E7 64 22 30 B9 D1 43 A3 6E 82 
	11 7F 72 BD 4C B7 5B 42 5B 66 F1 CC 46 01 59 80 
gx PQ/T size: 1216 - KEM size 1184
PQ/T g_y  (size 1120):
	27 B1 D6 35 A6 63 38 2D 99 E0 31 B3 E9 A5 D6 82 
	A0 95 45 04 93 56 AF 6F 13 54 DE D1 3E D2 9C 72 
	00 00 00 00 00 00 00 00 00 00 00 00 00 00 00 00 
	00 00 00 00 00 00 00 00 00 00 00 00 00 00 00 00 
	00 00 00 00 00 00 00 00 00 00 00 00 00 00 00 00 
	00 00 00 00 00 00 00 00 00 00 00 00 00 00 00 00 
	00 00 00 00 00 00 00 00 00 00 00 00 00 00 00 00 
	00 00 00 00 00 00 00 00 00 00 00 00 00 00 00 00 
	00 00 00 00 00 00 00 00 00 00 00 00 00 00 00 00 
	00 00 00 00 00 00 00 00 00 00 00 00 00 00 00 00 
	00 00 00 00 00 00 00 00 00 00 00 00 00 00 00 00 
	00 00 00 00 00 00 00 00 00 00 00 00 00 00 00 00 
	00 00 00 00 00 00 00 00 00 00 00 00 00 00 00 00 
	00 00 00 00 00 00 00 00 00 00 00 00 00 00 00 00 
	00 00 00 00 00 00 00 00 00 00 00 00 00 00 00 00 
	00 00 00 00 00 00 00 00 00 00 00 00 00 00 00 00 
	00 00 00 00 00 00 00 00 00 00 00 00 00 00 00 00 
	00 00 00 00 00 00 00 00 00 00 00 00 00 00 00 00 
	00 00 00 00 00 00 00 00 00 00 00 00 00 00 00 00 
	00 00 00 00 00 00 00 00 00 00 00 00 00 00 00 00 
	00 00 00 00 00 00 00 00 00 00 00 00 00 00 00 00 
	00 00 00 00 00 00 00 00 00 00 00 00 00 00 00 00 
	00 00 00 00 00 00 00 00 00 00 00 00 00 00 00 00 
	00 00 00 00 00 00 00 00 00 00 00 00 00 00 00 00 
	00 00 00 00 00 00 00 00 00 00 00 00 00 00 00 00 
	00 00 00 00 00 00 00 00 00 00 00 00 00 00 00 00 
	00 00 00 00 00 00 00 00 00 00 00 00 00 00 00 00 
	00 00 00 00 00 00 00 00 00 00 00 00 00 00 00 00 
	00 00 00 00 00 00 00 00 00 00 00 00 00 00 00 00 
	00 00 00 00 00 00 00 00 00 00 00 00 00 00 00 00 
	00 00 00 00 00 00 00 00 00 00 00 00 00 00 00 00 
	00 00 00 00 00 00 00 00 00 00 00 00 00 00 00 00 
	00 00 00 00 00 00 00 00 00 00 00 00 00 00 00 00 
	00 00 00 00 00 00 00 00 00 00 00 00 00 00 00 00 
	00 00 00 00 00 00 00 00 00 00 00 00 00 00 00 00 
	00 00 00 00 00 00 00 00 00 00 00 00 00 00 00 00 
	00 00 00 00 00 00 00 00 00 00 00 00 00 00 00 00 
	00 00 00 00 00 00 00 00 00 00 00 00 00 00 00 00 
	00 00 00 00 00 00 00 00 00 00 00 00 00 00 00 00 
	00 00 00 00 00 00 00 00 00 00 00 00 00 00 00 00 
	00 00 00 00 00 00 00 00 00 00 00 00 00 00 00 00 
	00 00 00 00 00 00 00 00 00 00 00 00 00 00 00 00 
	00 00 00 00 00 00 00 00 00 00 00 00 00 00 00 00 
	00 00 00 00 00 00 00 00 00 00 00 00 00 00 00 00 
	00 00 00 00 00 00 00 00 00 00 00 00 00 00 00 00 
	00 00 00 00 00 00 00 00 00 00 00 00 00 00 00 00 
	00 00 00 00 00 00 00 00 00 00 00 00 00 00 00 00 
	00 00 00 00 00 00 00 00 00 00 00 00 00 00 00 00 
	00 00 00 00 00 00 00 00 00 00 00 00 00 00 00 00 
	00 00 00 00 00 00 00 00 00 00 00 00 00 00 00 00 
	00 00 00 00 00 00 00 00 00 00 00 00 00 00 00 00 
	00 00 00 00 00 00 00 00 00 00 00 00 00 00 00 00 
	00 00 00 00 00 00 00 00 00 00 00 00 00 00 00 00 
	00 00 00 00 00 00 00 00 00 00 00 00 00 00 00 00 
	00 00 00 00 00 00 00 00 00 00 00 00 00 00 00 00 
	00 00 00 00 00 00 00 00 00 00 00 00 00 00 00 00 
	00 00 00 00 00 00 00 00 00 00 00 00 00 00 00 00 
	00 00 00 00 00 00 00 00 00 00 00 00 00 00 00 00 
	00 00 00 00 00 00 00 00 00 00 00 00 00 00 00 00 
	00 00 00 00 00 00 00 00 00 00 00 00 00 00 00 00 
	00 00 00 00 00 00 00 00 00 00 00 00 00 00 00 00 
	00 00 00 00 00 00 00 00 00 00 00 00 00 00 00 00 
	00 00 00 00 00 00 00 00 00 00 00 00 00 00 00 00 
	00 00 00 00 00 00 00 00 00 00 00 00 00 00 00 00 
	00 00 00 00 00 00 00 00 00 00 00 00 00 00 00 00 
	00 00 00 00 00 00 00 00 00 00 00 00 00 00 00 00 
	00 00 00 00 00 00 00 00 00 00 00 00 00 00 00 00 
	00 00 00 00 00 00 00 00 00 00 00 00 00 00 00 00 
	00 00 00 00 00 00 00 00 00 00 00 00 00 00 00 00 
	00 00 00 00 00 00 00 00 00 00 00 00 00 00 00 00 
KEM - g_y  (size 1088):
	00 00 00 00 00 00 00 00 00 00 00 00 00 00 00 00 
	00 00 00 00 00 00 00 00 00 00 00 00 00 00 00 00 
	00 00 00 00 00 00 00 00 00 00 00 00 00 00 00 00 
	00 00 00 00 00 00 00 00 00 00 00 00 00 00 00 00 
	00 00 00 00 00 00 00 00 00 00 00 00 00 00 00 00 
	00 00 00 00 00 00 00 00 00 00 00 00 00 00 00 00 
	00 00 00 00 00 00 00 00 00 00 00 00 00 00 00 00 
	00 00 00 00 00 00 00 00 00 00 00 00 00 00 00 00 
	00 00 00 00 00 00 00 00 00 00 00 00 00 00 00 00 
	00 00 00 00 00 00 00 00 00 00 00 00 00 00 00 00 
	00 00 00 00 00 00 00 00 00 00 00 00 00 00 00 00 
	00 00 00 00 00 00 00 00 00 00 00 00 00 00 00 00 
	00 00 00 00 00 00 00 00 00 00 00 00 00 00 00 00 
	00 00 00 00 00 00 00 00 00 00 00 00 00 00 00 00 
	00 00 00 00 00 00 00 00 00 00 00 00 00 00 00 00 
	00 00 00 00 00 00 00 00 00 00 00 00 00 00 00 00 
	00 00 00 00 00 00 00 00 00 00 00 00 00 00 00 00 
	00 00 00 00 00 00 00 00 00 00 00 00 00 00 00 00 
	00 00 00 00 00 00 00 00 00 00 00 00 00 00 00 00 
	00 00 00 00 00 00 00 00 00 00 00 00 00 00 00 00 
	00 00 00 00 00 00 00 00 00 00 00 00 00 00 00 00 
	00 00 00 00 00 00 00 00 00 00 00 00 00 00 00 00 
	00 00 00 00 00 00 00 00 00 00 00 00 00 00 00 00 
	00 00 00 00 00 00 00 00 00 00 00 00 00 00 00 00 
	00 00 00 00 00 00 00 00 00 00 00 00 00 00 00 00 
	00 00 00 00 00 00 00 00 00 00 00 00 00 00 00 00 
	00 00 00 00 00 00 00 00 00 00 00 00 00 00 00 00 
	00 00 00 00 00 00 00 00 00 00 00 00 00 00 00 00 
	00 00 00 00 00 00 00 00 00 00 00 00 00 00 00 00 
	00 00 00 00 00 00 00 00 00 00 00 00 00 00 00 00 
	00 00 00 00 00 00 00 00 00 00 00 00 00 00 00 00 
	00 00 00 00 00 00 00 00 00 00 00 00 00 00 00 00 
	00 00 00 00 00 00 00 00 00 00 00 00 00 00 00 00 
	00 00 00 00 00 00 00 00 00 00 00 00 00 00 00 00 
	00 00 00 00 00 00 00 00 00 00 00 00 00 00 00 00 
	00 00 00 00 00 00 00 00 00 00 00 00 00 00 00 00 
	00 00 00 00 00 00 00 00 00 00 00 00 00 00 00 00 
	00 00 00 00 00 00 00 00 00 00 00 00 00 00 00 00 
	00 00 00 00 00 00 00 00 00 00 00 00 00 00 00 00 
	00 00 00 00 00 00 00 00 00 00 00 00 00 00 00 00 
	00 00 00 00 00 00 00 00 00 00 00 00 00 00 00 00 
	00 00 00 00 00 00 00 00 00 00 00 00 00 00 00 00 
	00 00 00 00 00 00 00 00 00 00 00 00 00 00 00 00 
	00 00 00 00 00 00 00 00 00 00 00 00 00 00 00 00 
	00 00 00 00 00 00 00 00 00 00 00 00 00 00 00 00 
	00 00 00 00 00 00 00 00 00 00 00 00 00 00 00 00 
	00 00 00 00 00 00 00 00 00 00 00 00 00 00 00 00 
	00 00 00 00 00 00 00 00 00 00 00 00 00 00 00 00 
	00 00 00 00 00 00 00 00 00 00 00 00 00 00 00 00 
	00 00 00 00 00 00 00 00 00 00 00 00 00 00 00 00 
	00 00 00 00 00 00 00 00 00 00 00 00 00 00 00 00 
	00 00 00 00 00 00 00 00 00 00 00 00 00 00 00 00 
	00 00 00 00 00 00 00 00 00 00 00 00 00 00 00 00 
	00 00 00 00 00 00 00 00 00 00 00 00 00 00 00 00 
	00 00 00 00 00 00 00 00 00 00 00 00 00 00 00 00 
	00 00 00 00 00 00 00 00 00 00 00 00 00 00 00 00 
	00 00 00 00 00 00 00 00 00 00 00 00 00 00 00 00 
	00 00 00 00 00 00 00 00 00 00 00 00 00 00 00 00 
	00 00 00 00 00 00 00 00 00 00 00 00 00 00 00 00 
	00 00 00 00 00 00 00 00 00 00 00 00 00 00 00 00 
	00 00 00 00 00 00 00 00 00 00 00 00 00 00 00 00 
	00 00 00 00 00 00 00 00 00 00 00 00 00 00 00 00 
	00 00 00 00 00 00 00 00 00 00 00 00 00 00 00 00 
	00 00 00 00 00 00 00 00 00 00 00 00 00 00 00 00 
	00 00 00 00 00 00 00 00 00 00 00 00 00 00 00 00 
	00 00 00 00 00 00 00 00 00 00 00 00 00 00 00 00 
	00 00 00 00 00 00 00 00 00 00 00 00 00 00 00 00 
	00 00 00 00 00 00 00 00 00 00 00 00 00 00 00 00 
Encapsulate correct
G_XY (PQ SS) (size 32):
	B7 A2 25 CD D3 53 C7 01 F5 A8 A4 31 6F E9 03 5A 
	82 CC 55 BA EA E1 7F 7C 06 8C 1D 1E 61 B1 E9 FA 
G_Y (PQ CC) (size 1088):
	1F 12 CD 9B 1F AD 27 A0 39 90 0E B9 10 15 DB 40 
	D3 73 33 EF 09 F1 05 88 54 A8 91 FF F1 9D 56 B5 
	5E 1B E6 C4 79 36 84 F8 1A D7 12 CF 72 55 E2 B5 
	D0 B0 20 F5 E1 97 41 92 34 53 42 E2 3A AA 16 CD 
	AB 3D 12 07 0C F8 FA 91 69 67 3E 45 DD BF 81 64 
	07 D7 24 5C BA 8C 41 76 F5 1E 9F 4F 7B 2A FA 8A 
	F6 70 B5 BB 83 8F 4A B0 29 F1 81 F6 6A 0F 55 A1 
	EB A7 40 CD 8B 58 19 E7 DB C5 AE 6F 5D 22 22 22 
	52 B1 6A C8 D2 8C 0C 85 AD 70 A7 79 E0 05 FA EF 
	50 8D 0F C7 DC BA 73 5D D6 C4 62 38 DB 9D 35 0B 
	B7 B5 37 5E B9 BC E9 96 5B D6 36 05 8E 55 66 01 
	20 B8 9C 63 08 B6 36 C4 F7 A2 9F C3 24 A4 49 DC 
	EE B2 33 A1 E7 5B 2A 10 91 D9 FC 47 32 30 5E 95 
	B4 D0 73 42 96 52 59 33 20 12 14 E6 0B 9B 10 34 
	04 83 F3 2F 7E 23 71 26 54 39 FB AD 1E 6D 46 61 
	25 68 19 63 6C 0F 72 EE 22 F1 00 4E 4C F5 F8 38 
	FB 97 7A 2E 3E 38 19 29 70 5C 5C 99 D5 B9 D7 D6 
	C6 E4 D6 62 EB 46 BF 15 B4 64 7B 6B 29 69 0B AA 
	A3 52 E8 83 20 E1 B7 AA 1E FA 1A E6 F1 FC 3D 77 
	49 67 A2 29 95 F6 24 9A FB EF 1F 5B EE 64 25 D3 
	C1 46 54 9D 31 5D 1F 51 85 DE B4 18 21 32 AD B6 
	23 00 EF EB BF 29 17 89 11 52 00 2B 46 BF 07 7F 
	9B 7C 0E AE F4 32 B0 0B A4 DE 24 AC 18 2C BB 90 
	15 B8 20 4F B5 D3 D4 5F 9D 85 4F BF 26 A6 02 4F 
	DF 44 AE 76 D4 80 45 5F 9D F2 FE 71 F1 44 B5 91 
	EB C6 A6 6E 35 50 EA 80 5B F3 81 D2 BE 11 D6 B7 
	CD 2D FB 80 34 1C E1 39 95 45 ED F5 2B 45 9E 24 
	95 5F 3A A1 7F 5C 3F 64 DC C9 11 77 86 D7 37 CC 
	C7 31 E2 C6 DC FC C1 7A DA 9C 16 65 6A 98 31 C5 
	C9 6B B7 0A F8 CA 02 7B 8B B0 AD 86 F1 C6 58 2D 
	F4 7A CA 47 60 14 B6 0F DB A6 EE 1F 4E E7 ED E0 
	99 75 6C D1 AD 6E 7D 76 C5 95 0E BD 7A ED 1D 05 
	9C A7 4F 0A A4 72 9F 60 04 EE AB 39 57 2F 2A F6 
	88 96 95 9B EB 83 7E 98 34 28 00 9B 7D E7 45 8C 
	0C 24 53 CF DC C6 5B 38 F2 07 94 08 B0 B4 69 2A 
	1E BE 6D D1 68 9D 7F F7 1F 6A 67 96 ED 62 F8 7C 
	7C 0F DA FC 9B 2E 6B 90 6B EE 5B 36 B8 E4 2F AA 
	31 07 AC 40 F5 7A C9 E9 93 31 6C 9B CD FC 46 C4 
	9A 33 E1 33 69 23 83 60 CE 68 06 32 FE 20 41 A6 
	16 31 62 9A 03 5E 42 16 C2 C7 18 08 B1 73 37 97 
	06 7E C7 C7 65 DF B2 18 01 68 98 AD 2D 51 74 40 
	14 CD 46 7A A8 D8 3F EF 2F 24 E4 C4 83 57 96 E9 
	95 C2 9A 9E 6E A8 07 2C 0E AF B2 DB 0D 18 12 79 
	75 25 CD 09 0F 2F 8C 8C AB 7E 95 11 CE E7 96 72 
	89 D1 DE 24 B7 C7 BB 1D BB 7F A6 13 81 F0 8E E3 
	EC DD 6C 75 27 3D 89 C0 AA AB 47 65 AE 5E 08 23 
	D7 EC 9E 42 86 B2 6B 78 07 86 2E 3A F3 E2 82 23 
	A4 47 DE 89 62 52 DE 81 62 FE E1 DA B9 0A F3 94 
	0A 75 95 7C 1A 4D E6 DA 5F 6B 2A 3C 4B 99 07 DB 
	55 51 10 FF C7 30 5A 7E 4A 59 89 AD DE 9F 08 C7 
	41 EB 33 91 2C 01 7F 89 83 49 9B 5A AA 18 DA 0F 
	C6 89 8B E0 1C 08 D1 7F 92 AD 00 5E F9 84 C5 3D 
	88 89 80 DE 0F 1D 84 E1 6F 9E 63 BD D8 87 63 9D 
	EF 5B A3 8E 3A 97 55 F0 27 B9 D4 CE 86 48 6B 5C 
	DB 72 04 2F 87 B7 21 63 25 1B 2C 97 F1 64 6F D7 
	FA 71 88 21 9E 42 D7 49 CF BF 83 40 1B 72 AC 5A 
	0C EC A6 25 AC DE 3D 6A 94 72 9B FA D7 3D 07 C3 
	47 19 82 6C F9 DD 20 70 AA 6C B7 28 7B 2D 58 A2 
	F8 DA 4B 29 9A 3B 1E A6 43 5C F3 B4 91 E8 DA 6D 
	9C 19 B1 BD BB 92 0F 52 66 1A 95 8D BF 27 FB CC 
	0E 8F 81 51 1E 46 63 A5 2B 45 52 5B 46 19 EA F3 
	AA C5 EB 1F 81 18 9D 87 A9 CC 83 3C 86 7C 45 9C 
	E0 F0 CC 6D 8F 55 B4 AC 88 5E 2B 32 1D FD CD ED 
	1F 9D E2 77 9A 43 B8 02 74 E8 3E D4 79 73 77 EC 
	ED AB 51 9B 54 57 E7 4A DE 1B 84 92 58 1C 72 49 
	B0 BB 02 3D 8A 06 C0 4A 6F 08 F4 8B DE 3B A8 D9 
	EE 61 78 DE 6B 46 1E BB 82 3B 53 FF A6 6C 07 42 
	D2 B5 39 33 D8 57 79 B0 04 53 BD 9F 9B 71 40 F7 
G_Y (PQ/T) (size 1120):
	27 B1 D6 35 A6 63 38 2D 99 E0 31 B3 E9 A5 D6 82 
	A0 95 45 04 93 56 AF 6F 13 54 DE D1 3E D2 9C 72 
	1F 12 CD 9B 1F AD 27 A0 39 90 0E B9 10 15 DB 40 
	D3 73 33 EF 09 F1 05 88 54 A8 91 FF F1 9D 56 B5 
	5E 1B E6 C4 79 36 84 F8 1A D7 12 CF 72 55 E2 B5 
	D0 B0 20 F5 E1 97 41 92 34 53 42 E2 3A AA 16 CD 
	AB 3D 12 07 0C F8 FA 91 69 67 3E 45 DD BF 81 64 
	07 D7 24 5C BA 8C 41 76 F5 1E 9F 4F 7B 2A FA 8A 
	F6 70 B5 BB 83 8F 4A B0 29 F1 81 F6 6A 0F 55 A1 
	EB A7 40 CD 8B 58 19 E7 DB C5 AE 6F 5D 22 22 22 
	52 B1 6A C8 D2 8C 0C 85 AD 70 A7 79 E0 05 FA EF 
	50 8D 0F C7 DC BA 73 5D D6 C4 62 38 DB 9D 35 0B 
	B7 B5 37 5E B9 BC E9 96 5B D6 36 05 8E 55 66 01 
	20 B8 9C 63 08 B6 36 C4 F7 A2 9F C3 24 A4 49 DC 
	EE B2 33 A1 E7 5B 2A 10 91 D9 FC 47 32 30 5E 95 
	B4 D0 73 42 96 52 59 33 20 12 14 E6 0B 9B 10 34 
	04 83 F3 2F 7E 23 71 26 54 39 FB AD 1E 6D 46 61 
	25 68 19 63 6C 0F 72 EE 22 F1 00 4E 4C F5 F8 38 
	FB 97 7A 2E 3E 38 19 29 70 5C 5C 99 D5 B9 D7 D6 
	C6 E4 D6 62 EB 46 BF 15 B4 64 7B 6B 29 69 0B AA 
	A3 52 E8 83 20 E1 B7 AA 1E FA 1A E6 F1 FC 3D 77 
	49 67 A2 29 95 F6 24 9A FB EF 1F 5B EE 64 25 D3 
	C1 46 54 9D 31 5D 1F 51 85 DE B4 18 21 32 AD B6 
	23 00 EF EB BF 29 17 89 11 52 00 2B 46 BF 07 7F 
	9B 7C 0E AE F4 32 B0 0B A4 DE 24 AC 18 2C BB 90 
	15 B8 20 4F B5 D3 D4 5F 9D 85 4F BF 26 A6 02 4F 
	DF 44 AE 76 D4 80 45 5F 9D F2 FE 71 F1 44 B5 91 
	EB C6 A6 6E 35 50 EA 80 5B F3 81 D2 BE 11 D6 B7 
	CD 2D FB 80 34 1C E1 39 95 45 ED F5 2B 45 9E 24 
	95 5F 3A A1 7F 5C 3F 64 DC C9 11 77 86 D7 37 CC 
	C7 31 E2 C6 DC FC C1 7A DA 9C 16 65 6A 98 31 C5 
	C9 6B B7 0A F8 CA 02 7B 8B B0 AD 86 F1 C6 58 2D 
	F4 7A CA 47 60 14 B6 0F DB A6 EE 1F 4E E7 ED E0 
	99 75 6C D1 AD 6E 7D 76 C5 95 0E BD 7A ED 1D 05 
	9C A7 4F 0A A4 72 9F 60 04 EE AB 39 57 2F 2A F6 
	88 96 95 9B EB 83 7E 98 34 28 00 9B 7D E7 45 8C 
	0C 24 53 CF DC C6 5B 38 F2 07 94 08 B0 B4 69 2A 
	1E BE 6D D1 68 9D 7F F7 1F 6A 67 96 ED 62 F8 7C 
	7C 0F DA FC 9B 2E 6B 90 6B EE 5B 36 B8 E4 2F AA 
	31 07 AC 40 F5 7A C9 E9 93 31 6C 9B CD FC 46 C4 
	9A 33 E1 33 69 23 83 60 CE 68 06 32 FE 20 41 A6 
	16 31 62 9A 03 5E 42 16 C2 C7 18 08 B1 73 37 97 
	06 7E C7 C7 65 DF B2 18 01 68 98 AD 2D 51 74 40 
	14 CD 46 7A A8 D8 3F EF 2F 24 E4 C4 83 57 96 E9 
	95 C2 9A 9E 6E A8 07 2C 0E AF B2 DB 0D 18 12 79 
	75 25 CD 09 0F 2F 8C 8C AB 7E 95 11 CE E7 96 72 
	89 D1 DE 24 B7 C7 BB 1D BB 7F A6 13 81 F0 8E E3 
	EC DD 6C 75 27 3D 89 C0 AA AB 47 65 AE 5E 08 23 
	D7 EC 9E 42 86 B2 6B 78 07 86 2E 3A F3 E2 82 23 
	A4 47 DE 89 62 52 DE 81 62 FE E1 DA B9 0A F3 94 
	0A 75 95 7C 1A 4D E6 DA 5F 6B 2A 3C 4B 99 07 DB 
	55 51 10 FF C7 30 5A 7E 4A 59 89 AD DE 9F 08 C7 
	41 EB 33 91 2C 01 7F 89 83 49 9B 5A AA 18 DA 0F 
	C6 89 8B E0 1C 08 D1 7F 92 AD 00 5E F9 84 C5 3D 
	88 89 80 DE 0F 1D 84 E1 6F 9E 63 BD D8 87 63 9D 
	EF 5B A3 8E 3A 97 55 F0 27 B9 D4 CE 86 48 6B 5C 
	DB 72 04 2F 87 B7 21 63 25 1B 2C 97 F1 64 6F D7 
	FA 71 88 21 9E 42 D7 49 CF BF 83 40 1B 72 AC 5A 
	0C EC A6 25 AC DE 3D 6A 94 72 9B FA D7 3D 07 C3 
	47 19 82 6C F9 DD 20 70 AA 6C B7 28 7B 2D 58 A2 
	F8 DA 4B 29 9A 3B 1E A6 43 5C F3 B4 91 E8 DA 6D 
	9C 19 B1 BD BB 92 0F 52 66 1A 95 8D BF 27 FB CC 
	0E 8F 81 51 1E 46 63 A5 2B 45 52 5B 46 19 EA F3 
	AA C5 EB 1F 81 18 9D 87 A9 CC 83 3C 86 7C 45 9C 
	E0 F0 CC 6D 8F 55 B4 AC 88 5E 2B 32 1D FD CD ED 
	1F 9D E2 77 9A 43 B8 02 74 E8 3E D4 79 73 77 EC 
	ED AB 51 9B 54 57 E7 4A DE 1B 84 92 58 1C 72 49 
	B0 BB 02 3D 8A 06 C0 4A 6F 08 F4 8B DE 3B A8 D9 
	EE 61 78 DE 6B 46 1E BB 82 3B 53 FF A6 6C 07 42 
	D2 B5 39 33 D8 57 79 B0 04 53 BD 9F 9B 71 40 F7 
hash_msg1_raw (size 32):
	16 5E C4 62 34 7A AB 96 63 4D 76 91 CB 80 77 35 
	2C 2F 49 E9 97 B5 6F 7E 1A 47 78 85 EF 16 B0 82 
Input to calculate TH_2 (CBOR Sequence) (size 1157):
	59 04 60 27 B1 D6 35 A6 63 38 2D 99 E0 31 B3 E9 
	A5 D6 82 A0 95 45 04 93 56 AF 6F 13 54 DE D1 3E 
	D2 9C 72 1F 12 CD 9B 1F AD 27 A0 39 90 0E B9 10 
	15 DB 40 D3 73 33 EF 09 F1 05 88 54 A8 91 FF F1 
	9D 56 B5 5E 1B E6 C4 79 36 84 F8 1A D7 12 CF 72 
	55 E2 B5 D0 B0 20 F5 E1 97 41 92 34 53 42 E2 3A 
	AA 16 CD AB 3D 12 07 0C F8 FA 91 69 67 3E 45 DD 
	BF 81 64 07 D7 24 5C BA 8C 41 76 F5 1E 9F 4F 7B 
	2A FA 8A F6 70 B5 BB 83 8F 4A B0 29 F1 81 F6 6A 
	0F 55 A1 EB A7 40 CD 8B 58 19 E7 DB C5 AE 6F 5D 
	22 22 22 52 B1 6A C8 D2 8C 0C 85 AD 70 A7 79 E0 
	05 FA EF 50 8D 0F C7 DC BA 73 5D D6 C4 62 38 DB 
	9D 35 0B B7 B5 37 5E B9 BC E9 96 5B D6 36 05 8E 
	55 66 01 20 B8 9C 63 08 B6 36 C4 F7 A2 9F C3 24 
	A4 49 DC EE B2 33 A1 E7 5B 2A 10 91 D9 FC 47 32 
	30 5E 95 B4 D0 73 42 96 52 59 33 20 12 14 E6 0B 
	9B 10 34 04 83 F3 2F 7E 23 71 26 54 39 FB AD 1E 
	6D 46 61 25 68 19 63 6C 0F 72 EE 22 F1 00 4E 4C 
	F5 F8 38 FB 97 7A 2E 3E 38 19 29 70 5C 5C 99 D5 
	B9 D7 D6 C6 E4 D6 62 EB 46 BF 15 B4 64 7B 6B 29 
	69 0B AA A3 52 E8 83 20 E1 B7 AA 1E FA 1A E6 F1 
	FC 3D 77 49 67 A2 29 95 F6 24 9A FB EF 1F 5B EE 
	64 25 D3 C1 46 54 9D 31 5D 1F 51 85 DE B4 18 21 
	32 AD B6 23 00 EF EB BF 29 17 89 11 52 00 2B 46 
	BF 07 7F 9B 7C 0E AE F4 32 B0 0B A4 DE 24 AC 18 
	2C BB 90 15 B8 20 4F B5 D3 D4 5F 9D 85 4F BF 26 
	A6 02 4F DF 44 AE 76 D4 80 45 5F 9D F2 FE 71 F1 
	44 B5 91 EB C6 A6 6E 35 50 EA 80 5B F3 81 D2 BE 
	11 D6 B7 CD 2D FB 80 34 1C E1 39 95 45 ED F5 2B 
	45 9E 24 95 5F 3A A1 7F 5C 3F 64 DC C9 11 77 86 
	D7 37 CC C7 31 E2 C6 DC FC C1 7A DA 9C 16 65 6A 
	98 31 C5 C9 6B B7 0A F8 CA 02 7B 8B B0 AD 86 F1 
	C6 58 2D F4 7A CA 47 60 14 B6 0F DB A6 EE 1F 4E 
	E7 ED E0 99 75 6C D1 AD 6E 7D 76 C5 95 0E BD 7A 
	ED 1D 05 9C A7 4F 0A A4 72 9F 60 04 EE AB 39 57 
	2F 2A F6 88 96 95 9B EB 83 7E 98 34 28 00 9B 7D 
	E7 45 8C 0C 24 53 CF DC C6 5B 38 F2 07 94 08 B0 
	B4 69 2A 1E BE 6D D1 68 9D 7F F7 1F 6A 67 96 ED 
	62 F8 7C 7C 0F DA FC 9B 2E 6B 90 6B EE 5B 36 B8 
	E4 2F AA 31 07 AC 40 F5 7A C9 E9 93 31 6C 9B CD 
	FC 46 C4 9A 33 E1 33 69 23 83 60 CE 68 06 32 FE 
	20 41 A6 16 31 62 9A 03 5E 42 16 C2 C7 18 08 B1 
	73 37 97 06 7E C7 C7 65 DF B2 18 01 68 98 AD 2D 
	51 74 40 14 CD 46 7A A8 D8 3F EF 2F 24 E4 C4 83 
	57 96 E9 95 C2 9A 9E 6E A8 07 2C 0E AF B2 DB 0D 
	18 12 79 75 25 CD 09 0F 2F 8C 8C AB 7E 95 11 CE 
	E7 96 72 89 D1 DE 24 B7 C7 BB 1D BB 7F A6 13 81 
	F0 8E E3 EC DD 6C 75 27 3D 89 C0 AA AB 47 65 AE 
	5E 08 23 D7 EC 9E 42 86 B2 6B 78 07 86 2E 3A F3 
	E2 82 23 A4 47 DE 89 62 52 DE 81 62 FE E1 DA B9 
	0A F3 94 0A 75 95 7C 1A 4D E6 DA 5F 6B 2A 3C 4B 
	99 07 DB 55 51 10 FF C7 30 5A 7E 4A 59 89 AD DE 
	9F 08 C7 41 EB 33 91 2C 01 7F 89 83 49 9B 5A AA 
	18 DA 0F C6 89 8B E0 1C 08 D1 7F 92 AD 00 5E F9 
	84 C5 3D 88 89 80 DE 0F 1D 84 E1 6F 9E 63 BD D8 
	87 63 9D EF 5B A3 8E 3A 97 55 F0 27 B9 D4 CE 86 
	48 6B 5C DB 72 04 2F 87 B7 21 63 25 1B 2C 97 F1 
	64 6F D7 FA 71 88 21 9E 42 D7 49 CF BF 83 40 1B 
	72 AC 5A 0C EC A6 25 AC DE 3D 6A 94 72 9B FA D7 
	3D 07 C3 47 19 82 6C F9 DD 20 70 AA 6C B7 28 7B 
	2D 58 A2 F8 DA 4B 29 9A 3B 1E A6 43 5C F3 B4 91 
	E8 DA 6D 9C 19 B1 BD BB 92 0F 52 66 1A 95 8D BF 
	27 FB CC 0E 8F 81 51 1E 46 63 A5 2B 45 52 5B 46 
	19 EA F3 AA C5 EB 1F 81 18 9D 87 A9 CC 83 3C 86 
	7C 45 9C E0 F0 CC 6D 8F 55 B4 AC 88 5E 2B 32 1D 
	FD CD ED 1F 9D E2 77 9A 43 B8 02 74 E8 3E D4 79 
	73 77 EC ED AB 51 9B 54 57 E7 4A DE 1B 84 92 58 
	1C 72 49 B0 BB 02 3D 8A 06 C0 4A 6F 08 F4 8B DE 
	3B A8 D9 EE 61 78 DE 6B 46 1E BB 82 3B 53 FF A6 
	6C 07 42 D2 B5 39 33 D8 57 79 B0 04 53 BD 9F 9B 
	71 40 F7 58 20 16 5E C4 62 34 7A AB 96 63 4D 76 
	91 CB 80 77 35 2C 2F 49 E9 97 B5 6F 7E 1A 47 78 
	85 EF 16 B0 82 
TH2 (size 32):
	ED 61 21 20 9A 2F C6 DB 8F CC 70 32 BC 1D DF F9 
	4B CA 4E 20 DA 12 13 A4 59 D8 83 74 4D 72 61 B0 
TH_2 (size 32):
	ED 61 21 20 9A 2F C6 DB 8F CC 70 32 BC 1D DF F9 
	4B CA 4E 20 DA 12 13 A4 59 D8 83 74 4D 72 61 B0 
PRK_2e (first DH derivation) (size 32):
	11 E0 28 95 5A 83 A8 BF C2 E7 1C F7 70 DC 1C 98 
	B7 46 3B 2C A5 CB 75 D7 6F 64 61 6D A3 EE 88 36 
PRK_2e_b (second KEM derivation) (size 32):
	D6 88 D4 6E D6 7A 59 FA 29 B2 2E 99 D5 E2 92 25 
	44 76 87 E1 9B 30 B2 9E D6 19 2B 82 3D 07 43 0E 
PRK_2e final (size 32):
	D6 88 D4 6E D6 7A 59 FA 29 B2 2E 99 D5 E2 92 25 
	44 76 87 E1 9B 30 B2 9E D6 19 2B 82 3D 07 43 0E 
SHARED SECRET DERIVE
dh_secret (size 32):
	16 97 10 01 99 18 A8 54 1B A3 52 5C 8E 48 5B E2 
	43 22 F8 E6 D1 35 A8 7C 69 E0 DF CC 76 8E ED 5B 
SALT_3e2m or SALT4e3m (size 32):
	31 8F 37 30 ED 8F 25 67 5E E7 6F 52 A8 EB 11 C4 
	63 39 C1 0E B2 E5 22 9E 18 DF A9 76 E3 8D 9C 0E 
prk_3e2m (size 32):
	2D 1C 2A A0 D1 11 ED DA 99 DC E6 6D 18 F4 3C 90 
	72 9C 8D 68 11 CE 57 5B 97 FA F7 F7 BC 41 D1 98 
Signature len 500 - 64
TMP size: 32
CBOR ENCODE ERROR: 0
MAX ID CRED: 400 cred len 3
MAX CRED: 765 cred len 3
PK SIZE: 65
SIGNATURE SIZE: 500
CONTEXT_MAC_SIZE: 1204
CONTEXT_MAC len: 42
CR len: 2
TH enc len: 34
TMP size: 1
CBOR ENCODE ERROR: 0
MAC context (size 42):
	41 A1 A1 04 01 58 20 ED 61 21 20 9A 2F C6 DB 8F 
	CC 70 32 BC 1D DF F9 4B CA 4E 20 DA 12 13 A4 59 
	D8 83 74 4D 72 61 B0 A1 04 01 
MAC 2/3 (size 8):
	32 BE 00 74 6B 03 DC 1C 
TMP size: 8
CBOR ENCODE ERROR: 0
TMP size: 1
CBOR ENCODE ERROR: 0
kid (size 1):
	01 
KEYSTREAM_2 (size 12):
	8D 00 0B 78 38 A2 1D 10 99 14 26 44 
ciphertext_2/3/4 (size 12):
	CC A1 0A 30 0A 1C 1D 64 F2 17 FA 58 
TMP size: 1132
CBOR ENCODE ERROR: 0
message_2 (CBOR Sequence) (size 1135):
	59 04 6C 27 B1 D6 35 A6 63 38 2D 99 E0 31 B3 E9 
	A5 D6 82 A0 95 45 04 93 56 AF 6F 13 54 DE D1 3E 
	D2 9C 72 1F 12 CD 9B 1F AD 27 A0 39 90 0E B9 10 
	15 DB 40 D3 73 33 EF 09 F1 05 88 54 A8 91 FF F1 
	9D 56 B5 5E 1B E6 C4 79 36 84 F8 1A D7 12 CF 72 
	55 E2 B5 D0 B0 20 F5 E1 97 41 92 34 53 42 E2 3A 
	AA 16 CD AB 3D 12 07 0C F8 FA 91 69 67 3E 45 DD 
	BF 81 64 07 D7 24 5C BA 8C 41 76 F5 1E 9F 4F 7B 
	2A FA 8A F6 70 B5 BB 83 8F 4A B0 29 F1 81 F6 6A 
	0F 55 A1 EB A7 40 CD 8B 58 19 E7 DB C5 AE 6F 5D 
	22 22 22 52 B1 6A C8 D2 8C 0C 85 AD 70 A7 79 E0 
	05 FA EF 50 8D 0F C7 DC BA 73 5D D6 C4 62 38 DB 
	9D 35 0B B7 B5 37 5E B9 BC E9 96 5B D6 36 05 8E 
	55 66 01 20 B8 9C 63 08 B6 36 C4 F7 A2 9F C3 24 
	A4 49 DC EE B2 33 A1 E7 5B 2A 10 91 D9 FC 47 32 
	30 5E 95 B4 D0 73 42 96 52 59 33 20 12 14 E6 0B 
	9B 10 34 04 83 F3 2F 7E 23 71 26 54 39 FB AD 1E 
	6D 46 61 25 68 19 63 6C 0F 72 EE 22 F1 00 4E 4C 
	F5 F8 38 FB 97 7A 2E 3E 38 19 29 70 5C 5C 99 D5 
	B9 D7 D6 C6 E4 D6 62 EB 46 BF 15 B4 64 7B 6B 29 
	69 0B AA A3 52 E8 83 20 E1 B7 AA 1E FA 1A E6 F1 
	FC 3D 77 49 67 A2 29 95 F6 24 9A FB EF 1F 5B EE 
	64 25 D3 C1 46 54 9D 31 5D 1F 51 85 DE B4 18 21 
	32 AD B6 23 00 EF EB BF 29 17 89 11 52 00 2B 46 
	BF 07 7F 9B 7C 0E AE F4 32 B0 0B A4 DE 24 AC 18 
	2C BB 90 15 B8 20 4F B5 D3 D4 5F 9D 85 4F BF 26 
	A6 02 4F DF 44 AE 76 D4 80 45 5F 9D F2 FE 71 F1 
	44 B5 91 EB C6 A6 6E 35 50 EA 80 5B F3 81 D2 BE 
	11 D6 B7 CD 2D FB 80 34 1C E1 39 95 45 ED F5 2B 
	45 9E 24 95 5F 3A A1 7F 5C 3F 64 DC C9 11 77 86 
	D7 37 CC C7 31 E2 C6 DC FC C1 7A DA 9C 16 65 6A 
	98 31 C5 C9 6B B7 0A F8 CA 02 7B 8B B0 AD 86 F1 
	C6 58 2D F4 7A CA 47 60 14 B6 0F DB A6 EE 1F 4E 
	E7 ED E0 99 75 6C D1 AD 6E 7D 76 C5 95 0E BD 7A 
	ED 1D 05 9C A7 4F 0A A4 72 9F 60 04 EE AB 39 57 
	2F 2A F6 88 96 95 9B EB 83 7E 98 34 28 00 9B 7D 
	E7 45 8C 0C 24 53 CF DC C6 5B 38 F2 07 94 08 B0 
	B4 69 2A 1E BE 6D D1 68 9D 7F F7 1F 6A 67 96 ED 
	62 F8 7C 7C 0F DA FC 9B 2E 6B 90 6B EE 5B 36 B8 
	E4 2F AA 31 07 AC 40 F5 7A C9 E9 93 31 6C 9B CD 
	FC 46 C4 9A 33 E1 33 69 23 83 60 CE 68 06 32 FE 
	20 41 A6 16 31 62 9A 03 5E 42 16 C2 C7 18 08 B1 
	73 37 97 06 7E C7 C7 65 DF B2 18 01 68 98 AD 2D 
	51 74 40 14 CD 46 7A A8 D8 3F EF 2F 24 E4 C4 83 
	57 96 E9 95 C2 9A 9E 6E A8 07 2C 0E AF B2 DB 0D 
	18 12 79 75 25 CD 09 0F 2F 8C 8C AB 7E 95 11 CE 
	E7 96 72 89 D1 DE 24 B7 C7 BB 1D BB 7F A6 13 81 
	F0 8E E3 EC DD 6C 75 27 3D 89 C0 AA AB 47 65 AE 
	5E 08 23 D7 EC 9E 42 86 B2 6B 78 07 86 2E 3A F3 
	E2 82 23 A4 47 DE 89 62 52 DE 81 62 FE E1 DA B9 
	0A F3 94 0A 75 95 7C 1A 4D E6 DA 5F 6B 2A 3C 4B 
	99 07 DB 55 51 10 FF C7 30 5A 7E 4A 59 89 AD DE 
	9F 08 C7 41 EB 33 91 2C 01 7F 89 83 49 9B 5A AA 
	18 DA 0F C6 89 8B E0 1C 08 D1 7F 92 AD 00 5E F9 
	84 C5 3D 88 89 80 DE 0F 1D 84 E1 6F 9E 63 BD D8 
	87 63 9D EF 5B A3 8E 3A 97 55 F0 27 B9 D4 CE 86 
	48 6B 5C DB 72 04 2F 87 B7 21 63 25 1B 2C 97 F1 
	64 6F D7 FA 71 88 21 9E 42 D7 49 CF BF 83 40 1B 
	72 AC 5A 0C EC A6 25 AC DE 3D 6A 94 72 9B FA D7 
	3D 07 C3 47 19 82 6C F9 DD 20 70 AA 6C B7 28 7B 
	2D 58 A2 F8 DA 4B 29 9A 3B 1E A6 43 5C F3 B4 91 
	E8 DA 6D 9C 19 B1 BD BB 92 0F 52 66 1A 95 8D BF 
	27 FB CC 0E 8F 81 51 1E 46 63 A5 2B 45 52 5B 46 
	19 EA F3 AA C5 EB 1F 81 18 9D 87 A9 CC 83 3C 86 
	7C 45 9C E0 F0 CC 6D 8F 55 B4 AC 88 5E 2B 32 1D 
	FD CD ED 1F 9D E2 77 9A 43 B8 02 74 E8 3E D4 79 
	73 77 EC ED AB 51 9B 54 57 E7 4A DE 1B 84 92 58 
	1C 72 49 B0 BB 02 3D 8A 06 C0 4A 6F 08 F4 8B DE 
	3B A8 D9 EE 61 78 DE 6B 46 1E BB 82 3B 53 FF A6 
	6C 07 42 D2 B5 39 33 D8 57 79 B0 04 53 BD 9F 9B 
	71 40 F7 CC A1 0A 30 0A 1C 1D 64 F2 17 FA 58 
th23 (size 32):
	ED 61 21 20 9A 2F C6 DB 8F CC 70 32 BC 1D DF F9 
	4B CA 4E 20 DA 12 13 A4 59 D8 83 74 4D 72 61 B0 
plaintext_23 (size 12):
	41 A1 01 48 32 BE 00 74 6B 03 DC 1C 
cred (size 3):
	A1 04 01 
TMP size: 32
CBOR ENCODE ERROR: 0
Encoded
memcopy1
memcopy2
Input to calculate TH_3/TH_4 (CBOR Sequence) (size 49):
	58 20 ED 61 21 20 9A 2F C6 DB 8F CC 70 32 BC 1D 
	DF F9 4B CA 4E 20 DA 12 13 A4 59 D8 83 74 4D 72 
	61 B0 41 A1 01 48 32 BE 00 74 6B 03 DC 1C A1 04 
	01 
TH34 (size 32):
	04 68 B4 DB 85 5E D7 E3 C7 7B C0 CC 3E 71 E1 99 
	95 25 38 D2 1A 49 9B 92 00 26 BE 20 C2 B3 52 9F 
msg2 generated
msg2 (size 1135):
	59 04 6C 27 B1 D6 35 A6 63 38 2D 99 E0 31 B3 E9 
	A5 D6 82 A0 95 45 04 93 56 AF 6F 13 54 DE D1 3E 
	D2 9C 72 1F 12 CD 9B 1F AD 27 A0 39 90 0E B9 10 
	15 DB 40 D3 73 33 EF 09 F1 05 88 54 A8 91 FF F1 
	9D 56 B5 5E 1B E6 C4 79 36 84 F8 1A D7 12 CF 72 
	55 E2 B5 D0 B0 20 F5 E1 97 41 92 34 53 42 E2 3A 
	AA 16 CD AB 3D 12 07 0C F8 FA 91 69 67 3E 45 DD 
	BF 81 64 07 D7 24 5C BA 8C 41 76 F5 1E 9F 4F 7B 
	2A FA 8A F6 70 B5 BB 83 8F 4A B0 29 F1 81 F6 6A 
	0F 55 A1 EB A7 40 CD 8B 58 19 E7 DB C5 AE 6F 5D 
	22 22 22 52 B1 6A C8 D2 8C 0C 85 AD 70 A7 79 E0 
	05 FA EF 50 8D 0F C7 DC BA 73 5D D6 C4 62 38 DB 
	9D 35 0B B7 B5 37 5E B9 BC E9 96 5B D6 36 05 8E 
	55 66 01 20 B8 9C 63 08 B6 36 C4 F7 A2 9F C3 24 
	A4 49 DC EE B2 33 A1 E7 5B 2A 10 91 D9 FC 47 32 
	30 5E 95 B4 D0 73 42 96 52 59 33 20 12 14 E6 0B 
	9B 10 34 04 83 F3 2F 7E 23 71 26 54 39 FB AD 1E 
	6D 46 61 25 68 19 63 6C 0F 72 EE 22 F1 00 4E 4C 
	F5 F8 38 FB 97 7A 2E 3E 38 19 29 70 5C 5C 99 D5 
	B9 D7 D6 C6 E4 D6 62 EB 46 BF 15 B4 64 7B 6B 29 
	69 0B AA A3 52 E8 83 20 E1 B7 AA 1E FA 1A E6 F1 
	FC 3D 77 49 67 A2 29 95 F6 24 9A FB EF 1F 5B EE 
	64 25 D3 C1 46 54 9D 31 5D 1F 51 85 DE B4 18 21 
	32 AD B6 23 00 EF EB BF 29 17 89 11 52 00 2B 46 
	BF 07 7F 9B 7C 0E AE F4 32 B0 0B A4 DE 24 AC 18 
	2C BB 90 15 B8 20 4F B5 D3 D4 5F 9D 85 4F BF 26 
	A6 02 4F DF 44 AE 76 D4 80 45 5F 9D F2 FE 71 F1 
	44 B5 91 EB C6 A6 6E 35 50 EA 80 5B F3 81 D2 BE 
	11 D6 B7 CD 2D FB 80 34 1C E1 39 95 45 ED F5 2B 
	45 9E 24 95 5F 3A A1 7F 5C 3F 64 DC C9 11 77 86 
	D7 37 CC C7 31 E2 C6 DC FC C1 7A DA 9C 16 65 6A 
	98 31 C5 C9 6B B7 0A F8 CA 02 7B 8B B0 AD 86 F1 
	C6 58 2D F4 7A CA 47 60 14 B6 0F DB A6 EE 1F 4E 
	E7 ED E0 99 75 6C D1 AD 6E 7D 76 C5 95 0E BD 7A 
	ED 1D 05 9C A7 4F 0A A4 72 9F 60 04 EE AB 39 57 
	2F 2A F6 88 96 95 9B EB 83 7E 98 34 28 00 9B 7D 
	E7 45 8C 0C 24 53 CF DC C6 5B 38 F2 07 94 08 B0 
	B4 69 2A 1E BE 6D D1 68 9D 7F F7 1F 6A 67 96 ED 
	62 F8 7C 7C 0F DA FC 9B 2E 6B 90 6B EE 5B 36 B8 
	E4 2F AA 31 07 AC 40 F5 7A C9 E9 93 31 6C 9B CD 
	FC 46 C4 9A 33 E1 33 69 23 83 60 CE 68 06 32 FE 
	20 41 A6 16 31 62 9A 03 5E 42 16 C2 C7 18 08 B1 
	73 37 97 06 7E C7 C7 65 DF B2 18 01 68 98 AD 2D 
	51 74 40 14 CD 46 7A A8 D8 3F EF 2F 24 E4 C4 83 
	57 96 E9 95 C2 9A 9E 6E A8 07 2C 0E AF B2 DB 0D 
	18 12 79 75 25 CD 09 0F 2F 8C 8C AB 7E 95 11 CE 
	E7 96 72 89 D1 DE 24 B7 C7 BB 1D BB 7F A6 13 81 
	F0 8E E3 EC DD 6C 75 27 3D 89 C0 AA AB 47 65 AE 
	5E 08 23 D7 EC 9E 42 86 B2 6B 78 07 86 2E 3A F3 
	E2 82 23 A4 47 DE 89 62 52 DE 81 62 FE E1 DA B9 
	0A F3 94 0A 75 95 7C 1A 4D E6 DA 5F 6B 2A 3C 4B 
	99 07 DB 55 51 10 FF C7 30 5A 7E 4A 59 89 AD DE 
	9F 08 C7 41 EB 33 91 2C 01 7F 89 83 49 9B 5A AA 
	18 DA 0F C6 89 8B E0 1C 08 D1 7F 92 AD 00 5E F9 
	84 C5 3D 88 89 80 DE 0F 1D 84 E1 6F 9E 63 BD D8 
	87 63 9D EF 5B A3 8E 3A 97 55 F0 27 B9 D4 CE 86 
	48 6B 5C DB 72 04 2F 87 B7 21 63 25 1B 2C 97 F1 
	64 6F D7 FA 71 88 21 9E 42 D7 49 CF BF 83 40 1B 
	72 AC 5A 0C EC A6 25 AC DE 3D 6A 94 72 9B FA D7 
	3D 07 C3 47 19 82 6C F9 DD 20 70 AA 6C B7 28 7B 
	2D 58 A2 F8 DA 4B 29 9A 3B 1E A6 43 5C F3 B4 91 
	E8 DA 6D 9C 19 B1 BD BB 92 0F 52 66 1A 95 8D BF 
	27 FB CC 0E 8F 81 51 1E 46 63 A5 2B 45 52 5B 46 
	19 EA F3 AA C5 EB 1F 81 18 9D 87 A9 CC 83 3C 86 
	7C 45 9C E0 F0 CC 6D 8F 55 B4 AC 88 5E 2B 32 1D 
	FD CD ED 1F 9D E2 77 9A 43 B8 02 74 E8 3E D4 79 
	73 77 EC ED AB 51 9B 54 57 E7 4A DE 1B 84 92 58 
	1C 72 49 B0 BB 02 3D 8A 06 C0 4A 6F 08 F4 8B DE 
	3B A8 D9 EE 61 78 DE 6B 46 1E BB 82 3B 53 FF A6 
	6C 07 42 D2 B5 39 33 D8 57 79 B0 04 53 BD 9F 9B 
	71 40 F7 CC A1 0A 30 0A 1C 1D 64 F2 17 FA 58 
ead prcessed
[resp] tx sent 1135 bytes
mesage tx
waiting to receive
[resp] rx got 21 bytes
received
CIPHERTEXT_3 (size 20):
	6E 49 4F B6 E6 97 A1 BF 63 C1 9F 4A 55 7B A1 AC 
	5B 04 6D 22 
PLAINTEXT3_SIZE: 903
ctxt3.len: 20
K_3 (size 16):
	4D 9F B0 2B 58 5D 2C B8 BC E1 9E F6 AC 1D 69 90 
IV_3 (size 13):
	93 21 9C 48 CF EF C2 DA 1D 72 5A 92 BC 
associated_data (size 45):
	83 68 45 6E 63 72 79 70 74 30 40 58 20 04 68 B4 
	DB 85 5E D7 E3 C7 7B C0 CC 3E 71 E1 99 95 25 38 
	D2 1A 49 9B 92 00 26 BE 20 C2 B3 52 9F 
plaintext (size 12):
	A1 04 00 48 26 19 10 C7 2C F8 A8 0B 
ID_CRED (size 3):
	A1 04 00 
sign_or_mac (size 8):
	26 19 10 C7 2C F8 A8 0B 
[cred] lookup ID_CRED len=3
A10400
[cred] cred_array entries: 1
[cred] candidate[0] len=3 A10400
SHARED SECRET DERIVE
dh_secret (size 32):
	6C AA 7E E1 BA D2 D5 D5 C3 6D 15 AA 95 09 CF D4 
	84 71 E2 B0 43 B8 D2 92 C7 78 9F 3C 1B 1B 6C 3F 
SALT_3e2m or SALT4e3m (size 32):
	BE A7 D9 F1 6E 7A FF B9 46 B2 EC 77 DC 47 37 21 
	80 37 F7 04 8E D3 CA D7 1E CD 79 04 81 8E 63 99 
prk_4e3m (size 32):
	25 34 5A 36 BF C5 CD C8 E9 1E 37 B8 D1 9D B7 A0 
	5A E9 20 BE EC DE 23 0C CC 29 29 C2 DD 1F 5C 0F 
TMP size: 32
CBOR ENCODE ERROR: 0
MAX ID CRED: 400 cred len 3
MAX CRED: 765 cred len 3
PK SIZE: 65
SIGNATURE SIZE: 500
CONTEXT_MAC_SIZE: 1204
CONTEXT_MAC len: 41
CR len: 1
TH enc len: 34
MAC context (size 40):
	A1 04 00 58 20 04 68 B4 DB 85 5E D7 E3 C7 7B C0 
	CC 3E 71 E1 99 95 25 38 D2 1A 49 9B 92 00 26 BE 
	20 C2 B3 52 9F A1 04 00 
MAC 2/3 (size 8):
	26 19 10 C7 2C F8 A8 0B 
th23 (size 32):
	04 68 B4 DB 85 5E D7 E3 C7 7B C0 CC 3E 71 E1 99 
	95 25 38 D2 1A 49 9B 92 00 26 BE 20 C2 B3 52 9F 
plaintext_23 (size 12):
	A1 04 00 48 26 19 10 C7 2C F8 A8 0B 
cred (size 3):
	A1 04 00 
TMP size: 32
CBOR ENCODE ERROR: 0
Encoded
memcopy1
memcopy2
Input to calculate TH_3/TH_4 (CBOR Sequence) (size 49):
	58 20 04 68 B4 DB 85 5E D7 E3 C7 7B C0 CC 3E 71 
	E1 99 95 25 38 D2 1A 49 9B 92 00 26 BE 20 C2 B3 
	52 9F A1 04 00 48 26 19 10 C7 2C F8 A8 0B A1 04 
	00 
TH34 (size 32):
	04 DC 2E 64 AD 91 6F 1D E9 EE A8 C8 C9 22 FB 94 
	07 F8 CB AD 96 98 1E C3 61 B0 3B ED F6 19 4E 2E 
[resp] edhoc_responder_run completed
PRK_out (size 32):
	42 03 0E 63 62 36 49 3B DA D1 D2 8E F0 E1 36 B4 
	8B 2C AD C1 49 BF 00 43 87 92 51 23 B5 BE F7 77 
prk_exporter (size 32):
	6C CE 25 DD BC 01 F9 FC F8 C1 0B 35 A3 AF C8 B3 
	A9 04 19 88 91 36 22 C0 7A A4 83 4A 36 A8 7F 3A 
OSCORE Master Secret (size 16):
	21 86 BE 19 CD 08 2A 7F 13 78 3E 6F C2 5B 98 B3 
OSCORE Master Salt (size 8):
	B8 FE 5E 8F EE 63 E6 1E 
