NO DEFINED LIBOQS
initiator test vector number 2:initator cipher suit: (size 1):
	02 
initiator sk size:32 
initiator pk size:65 
secret ephemeral DH key (size 32):
	8A F6 F4 30 EB E1 8D 34 18 40 17 A9 A1 1B F5 11 
	C8 DF F8 F8 34 73 0B 96 C1 B7 C8 DB CA 2F C3 B6 
public ephemeral DH key (size 32):
	36 8E C1 F6 9A EB 65 9B A3 7D 5A 8D 45 B2 1B DC 
	02 99 DC EA A8 EF 23 5F 3C A4 2C E3 53 0F 95 25 
IPv4 client to connect to server with address 127.0.0.1 started!
MSG1 gx (size 32):
	8A F6 F4 30 EB E1 8D 34 18 40 17 A9 A1 1B F5 11 
	C8 DF F8 F8 34 73 0B 96 C1 B7 C8 DB CA 2F C3 B6 
X (eph -rpivate I) (size 32):
	36 8E C1 F6 9A EB 65 9B A3 7D 5A 8D 45 B2 1B DC 
	02 99 DC EA A8 EF 23 5F 3C A4 2C E3 53 0F 95 25 
C_I (size 1):
	37 
message_1 (CBOR Sequence) (size 37):
	00 02 58 20 8A F6 F4 30 EB E1 8D 34 18 40 17 A9 
	A1 1B F5 11 C8 DF F8 F8 34 73 0B 96 C1 B7 C8 DB 
	CA 2F C3 B6 37 
MSG: (size 37):
	00 02 58 20 8A F6 F4 30 EB E1 8D 34 18 40 17 A9 
	A1 1B F5 11 C8 DF F8 F8 34 73 0B 96 C1 B7 C8 DB 
	CA 2F C3 B6 37 
Max MSG2 size 2027
Set gy to the dh key size for DH
message_2 (CBOR Sequence) (size 115):
	58 71 47 30 7B FF 19 08 CF B2 D9 09 0F DC 21 65 
	B8 A0 A9 CB 0B 51 7F E7 C0 E2 34 43 12 25 9C 86 
	8D E9 C7 83 6E 8E FA 4A 80 D8 72 75 D7 83 74 6C 
	1D EF AA F1 D1 BD 4E 61 AA 3E A8 E6 AB 92 65 D5 
	47 22 B1 9C 77 BF 0B 67 3F 0D 45 DF F8 08 B2 3C 
	80 94 59 61 4D 55 4D F5 20 A5 9C 68 BD 45 B4 64 
	71 66 7A 4E B3 4D CA D5 49 BB F7 17 BB FC A8 B3 
	6A 33 D8 
g_y (size 32):
	47 30 7B FF 19 08 CF B2 D9 09 0F DC 21 65 B8 A0 
	A9 CB 0B 51 7F E7 C0 E2 34 43 12 25 9C 86 8D E9 
ciphertext2 (size 81):
	C7 83 6E 8E FA 4A 80 D8 72 75 D7 83 74 6C 1D EF 
	AA F1 D1 BD 4E 61 AA 3E A8 E6 AB 92 65 D5 47 22 
	B1 9C 77 BF 0B 67 3F 0D 45 DF F8 08 B2 3C 80 94 
	59 61 4D 55 4D F5 20 A5 9C 68 BD 45 B4 64 71 66 
	7A 4E B3 4D CA D5 49 BB F7 17 BB FC A8 B3 6A 33 
	D8 
PQ/T Hybrid array foe g_xy_KEM
x  (size 32):
	36 8E C1 F6 9A EB 65 9B A3 7D 5A 8D 45 B2 1B DC 
	02 99 DC EA A8 EF 23 5F 3C A4 2C E3 53 0F 95 25 
gy  (size 32):
	47 30 7B FF 19 08 CF B2 D9 09 0F DC 21 65 B8 A0 
	A9 CB 0B 51 7F E7 C0 E2 34 43 12 25 9C 86 8D E9 
SHARED SECRET DERIVE
P256 in DH
pk_decompressed tinycript (size 64):
	47 30 7B FF 19 08 CF B2 D9 09 0F DC 21 65 B8 A0 
	A9 CB 0B 51 7F E7 C0 E2 34 43 12 25 9C 86 8D E9 
	F4 5E B3 50 02 FC 71 A2 3A 91 3E 56 3E 7E 78 E8 
	8B 60 B8 0E 2C D1 59 A0 6F 45 FF 22 57 C2 B7 E2 
G_XY (ECDH shared secret)  (size 32):
	28 8F ED D0 ED AD 3E B0 1A 0B 75 9C E7 C3 82 23 
	9A 80 EA C3 C4 2E 5B D5 F4 E2 EE 94 41 47 7C 1A 
hash_msg1_raw (size 32):
	C7 93 1F CA 62 16 CA BC B5 A9 AB 7B 17 61 AE 46 
	78 94 6B A4 F6 0B 6D E1 63 14 69 18 2A 4E 67 26 
Input to calculate TH_2 (CBOR Sequence) (size 68):
	58 20 47 30 7B FF 19 08 CF B2 D9 09 0F DC 21 65 
	B8 A0 A9 CB 0B 51 7F E7 C0 E2 34 43 12 25 9C 86 
	8D E9 58 20 C7 93 1F CA 62 16 CA BC B5 A9 AB 7B 
	17 61 AE 46 78 94 6B A4 F6 0B 6D E1 63 14 69 18 
	2A 4E 67 26 
TH2 (size 32):
	F7 B0 55 DB B8 3D C7 61 04 16 24 38 26 70 32 1C 
	5A D9 DD E4 D5 9F 68 69 C4 CB 6F D0 16 68 2F 18 
TH_2 (size 32):
	F7 B0 55 DB B8 3D C7 61 04 16 24 38 26 70 32 1C 
	5A D9 DD E4 D5 9F 68 69 C4 CB 6F D0 16 68 2F 18 
PRK_2e (size 32):
	51 1F 5F 78 41 90 5D 2C 71 B8 7E D7 47 3E 90 76 
	68 31 4C 64 82 52 09 0E E0 B1 D1 BE 58 89 7C 40 
KEYSTREAM_2 (size 81):
	E0 22 76 AC 78 64 C8 EC F2 80 2D 82 DC C7 E9 B7 
	EA 8D 93 C9 0C 94 99 75 FA 4C 27 44 B4 AB 81 B1 
	85 1F 96 C5 B0 83 43 FF D6 AF 3B 6A 83 06 FD F3 
	EF 67 E3 DA EC 9B 73 92 23 C1 26 B9 39 DE C7 68 
	55 63 CC 4F 50 85 11 B7 65 3A F9 74 EC AA FC E4 
	FF 
associated_data (size 45):
	83 68 45 6E 63 72 79 70 74 30 40 58 20 F7 B0 55 
	DB B8 3D C7 61 04 16 24 38 26 70 32 1C 5A D9 DD 
	E4 D5 9F 68 69 C4 CB 6F D0 16 68 2F 18 
plaintext (size 81):
	27 A1 18 22 82 2E 48 34 80 F5 FA 01 A8 AB F4 58 
	40 7C 42 74 42 F5 33 4B 52 AA 8C D6 D1 7E C6 93 
	34 83 E1 7A BB E4 7C F2 93 70 C3 62 31 3A 7D 67 
	B6 06 AE 8F A1 6E 53 37 BF A9 9B FC 8D BA B6 0E 
	2F 2D 7F 02 9A 50 58 0C 92 2D 42 88 44 19 96 D7 
	27 
C_R (raw) (size 1):
	27 
ID_CRED (size 14):
	A1 18 22 82 2E 48 34 80 F5 FA 01 A8 AB F4 
sign_or_mac (size 64):
	7C 42 74 42 F5 33 4B 52 AA 8C D6 D1 7E C6 93 34 
	83 E1 7A BB E4 7C F2 93 70 C3 62 31 3A 7D 67 B6 
	06 AE 8F A1 6E 53 37 BF A9 9B FC 8D BA B6 0E 2F 
	2D 7F 02 9A 50 58 0C 92 2D 42 88 44 19 96 D7 27 
[cred] lookup ID_CRED len=14
A11822822E483480F5FA01A8ABF4
[cred] cred_array entries: 1
[cred] candidate[0] len=14 A11822822E483480F5FA01A8ABF4
prk_3e2m (size 32):
	51 1F 5F 78 41 90 5D 2C 71 B8 7E D7 47 3E 90 76 
	68 31 4C 64 82 52 09 0E E0 B1 D1 BE 58 89 7C 40 
TMP size: 32
CBOR ENCODE ERROR: 0
MAX ID CRED: 400 cred len 14
MAX CRED: 765 cred len 293
PK SIZE: 65
SIGNATURE SIZE: 500
CONTEXT_MAC_SIZE: 1204
CONTEXT_MAC len: 343
CR len: 2
TH enc len: 34
TMP size: 1
CBOR ENCODE ERROR: 0
MAC context (size 343):
	41 27 A1 18 22 82 2E 48 34 80 F5 FA 01 A8 AB F4 
	58 20 F7 B0 55 DB B8 3D C7 61 04 16 24 38 26 70 
	32 1C 5A D9 DD E4 D5 9F 68 69 C4 CB 6F D0 16 68 
	2F 18 59 01 22 30 82 01 1E 30 81 C5 A0 03 02 01 
	02 02 04 61 E9 98 1E 30 0A 06 08 2A 86 48 CE 3D 
	04 03 02 30 15 31 13 30 11 06 03 55 04 03 0C 0A 
	45 44 48 4F 43 20 52 6F 6F 74 30 1E 17 0D 32 32 
	30 31 32 30 31 37 31 33 30 32 5A 17 0D 32 39 31 
	32 33 31 32 33 30 30 30 30 5A 30 1A 31 18 30 16 
	06 03 55 04 03 0C 0F 45 44 48 4F 43 20 52 65 73 
	70 6F 6E 64 65 72 30 59 30 13 06 07 2A 86 48 CE 
	3D 02 01 06 08 2A 86 48 CE 3D 03 01 07 03 42 00 
	04 BB C3 49 60 52 6E A4 D3 2E 94 0C AD 2A 23 41 
	48 DD C2 17 91 A1 2A FB CB AC 93 62 20 46 DD 44 
	F0 45 19 E2 57 23 6B 2A 0C E2 02 3F 09 31 F1 F3 
	86 CA 7A FD A6 4F CD E0 10 8C 22 4C 51 EA BF 60 
	72 30 0A 06 08 2A 86 48 CE 3D 04 03 02 03 48 00 
	30 45 02 20 30 19 4E F5 FC 65 C8 B7 95 CD CD 0B 
	B4 31 BF 83 EE 67 41 C1 37 0C 22 C8 EB 8E E9 ED 
	D2 A7 05 19 02 21 00 B5 83 0E 9C 89 A6 2A C7 3C 
	E1 EB CE 00 61 70 7D B8 A8 8E 23 70 9B 4A CC 58 
	A1 31 3B 13 3D 05 58 
is not DH, 32
MAC 2/3 (size 32):
	A1 9E 26 CF 51 C1 65 89 C8 AA C9 D5 8F 9A 92 90 
	65 3D 5A B6 B5 0E E1 F8 39 A5 79 D8 FB BC B0 B6 
TMP size: 32
CBOR ENCODE ERROR: 0
Signature or MAC verification successful!
th23 (size 32):
	F7 B0 55 DB B8 3D C7 61 04 16 24 38 26 70 32 1C 
	5A D9 DD E4 D5 9F 68 69 C4 CB 6F D0 16 68 2F 18 
plaintext_23 (size 81):
	27 A1 18 22 82 2E 48 34 80 F5 FA 01 A8 AB F4 58 
	40 7C 42 74 42 F5 33 4B 52 AA 8C D6 D1 7E C6 93 
	34 83 E1 7A BB E4 7C F2 93 70 C3 62 31 3A 7D 67 
	B6 06 AE 8F A1 6E 53 37 BF A9 9B FC 8D BA B6 0E 
	2F 2D 7F 02 9A 50 58 0C 92 2D 42 88 44 19 96 D7 
	27 
cred (size 293):
	59 01 22 30 82 01 1E 30 81 C5 A0 03 02 01 02 02 
	04 61 E9 98 1E 30 0A 06 08 2A 86 48 CE 3D 04 03 
	02 30 15 31 13 30 11 06 03 55 04 03 0C 0A 45 44 
	48 4F 43 20 52 6F 6F 74 30 1E 17 0D 32 32 30 31 
	32 30 31 37 31 33 30 32 5A 17 0D 32 39 31 32 33 
	31 32 33 30 30 30 30 5A 30 1A 31 18 30 16 06 03 
	55 04 03 0C 0F 45 44 48 4F 43 20 52 65 73 70 6F 
	6E 64 65 72 30 59 30 13 06 07 2A 86 48 CE 3D 02 
	01 06 08 2A 86 48 CE 3D 03 01 07 03 42 00 04 BB 
	C3 49 60 52 6E A4 D3 2E 94 0C AD 2A 23 41 48 DD 
	C2 17 91 A1 2A FB CB AC 93 62 20 46 DD 44 F0 45 
	19 E2 57 23 6B 2A 0C E2 02 3F 09 31 F1 F3 86 CA 
	7A FD A6 4F CD E0 10 8C 22 4C 51 EA BF 60 72 30 
	0A 06 08 2A 86 48 CE 3D 04 03 02 03 48 00 30 45 
	02 20 30 19 4E F5 FC 65 C8 B7 95 CD CD 0B B4 31 
	BF 83 EE 67 41 C1 37 0C 22 C8 EB 8E E9 ED D2 A7 
	05 19 02 21 00 B5 83 0E 9C 89 A6 2A C7 3C E1 EB 
	CE 00 61 70 7D B8 A8 8E 23 70 9B 4A CC 58 A1 31 
	3B 13 3D 05 58 
TMP size: 32
CBOR ENCODE ERROR: 0
Encoded
memcopy1
memcopy2
Input to calculate TH_3/TH_4 (CBOR Sequence) (size 408):
	58 20 F7 B0 55 DB B8 3D C7 61 04 16 24 38 26 70 
	32 1C 5A D9 DD E4 D5 9F 68 69 C4 CB 6F D0 16 68 
	2F 18 27 A1 18 22 82 2E 48 34 80 F5 FA 01 A8 AB 
	F4 58 40 7C 42 74 42 F5 33 4B 52 AA 8C D6 D1 7E 
	C6 93 34 83 E1 7A BB E4 7C F2 93 70 C3 62 31 3A 
	7D 67 B6 06 AE 8F A1 6E 53 37 BF A9 9B FC 8D BA 
	B6 0E 2F 2D 7F 02 9A 50 58 0C 92 2D 42 88 44 19 
	96 D7 27 59 01 22 30 82 01 1E 30 81 C5 A0 03 02 
	01 02 02 04 61 E9 98 1E 30 0A 06 08 2A 86 48 CE 
	3D 04 03 02 30 15 31 13 30 11 06 03 55 04 03 0C 
	0A 45 44 48 4F 43 20 52 6F 6F 74 30 1E 17 0D 32 
	32 30 31 32 30 31 37 31 33 30 32 5A 17 0D 32 39 
	31 32 33 31 32 33 30 30 30 30 5A 30 1A 31 18 30 
	16 06 03 55 04 03 0C 0F 45 44 48 4F 43 20 52 65 
	73 70 6F 6E 64 65 72 30 59 30 13 06 07 2A 86 48 
	CE 3D 02 01 06 08 2A 86 48 CE 3D 03 01 07 03 42 
	00 04 BB C3 49 60 52 6E A4 D3 2E 94 0C AD 2A 23 
	41 48 DD C2 17 91 A1 2A FB CB AC 93 62 20 46 DD 
	44 F0 45 19 E2 57 23 6B 2A 0C E2 02 3F 09 31 F1 
	F3 86 CA 7A FD A6 4F CD E0 10 8C 22 4C 51 EA BF 
	60 72 30 0A 06 08 2A 86 48 CE 3D 04 03 02 03 48 
	00 30 45 02 20 30 19 4E F5 FC 65 C8 B7 95 CD CD 
	0B B4 31 BF 83 EE 67 41 C1 37 0C 22 C8 EB 8E E9 
	ED D2 A7 05 19 02 21 00 B5 83 0E 9C 89 A6 2A C7 
	3C E1 EB CE 00 61 70 7D B8 A8 8E 23 70 9B 4A CC 
	58 A1 31 3B 13 3D 05 58 
TH34 (size 32):
	3D AF 01 29 99 52 F5 15 C0 BA 30 28 AC F3 1F 78 
	92 1C 17 F6 D5 92 F9 AC 4C F6 E3 C2 37 E5 DB 54 
prk_4e3m (size 32):
	51 1F 5F 78 41 90 5D 2C 71 B8 7E D7 47 3E 90 76 
	68 31 4C 64 82 52 09 0E E0 B1 D1 BE 58 89 7C 40 
TMP size: 32
CBOR ENCODE ERROR: 0
MAX ID CRED: 400 cred len 14
MAX CRED: 765 cred len 293
PK SIZE: 65
SIGNATURE SIZE: 500
CONTEXT_MAC_SIZE: 1204
CONTEXT_MAC len: 342
CR len: 1
TH enc len: 34
MAC context (size 341):
	A1 18 22 82 2E 48 EE C7 3F CB B0 16 26 76 58 20 
	3D AF 01 29 99 52 F5 15 C0 BA 30 28 AC F3 1F 78 
	92 1C 17 F6 D5 92 F9 AC 4C F6 E3 C2 37 E5 DB 54 
	59 01 22 30 82 01 1E 30 81 C5 A0 03 02 01 02 02 
	04 62 32 EF 6F 30 0A 06 08 2A 86 48 CE 3D 04 03 
	02 30 15 31 13 30 11 06 03 55 04 03 0C 0A 45 44 
	48 4F 43 20 52 6F 6F 74 30 1E 17 0D 32 32 30 33 
	31 37 30 38 32 31 30 33 5A 17 0D 32 39 31 32 33 
	31 32 33 30 30 30 30 5A 30 1A 31 18 30 16 06 03 
	55 04 03 0C 0F 45 44 48 4F 43 20 49 6E 69 74 69 
	61 74 6F 72 30 59 30 13 06 07 2A 86 48 CE 3D 02 
	01 06 08 2A 86 48 CE 3D 03 01 07 03 42 00 04 AC 
	75 E9 EC E3 E5 0B FC 8E D6 03 99 88 95 22 40 5C 
	47 BF 16 DF 96 66 0A 41 29 8C B4 30 7F 7E B6 6E 
	5D E6 11 38 8A 4B 8A 82 11 33 4A C7 D3 7E CB 52 
	A3 87 D2 57 E6 DB 3C 2A 93 DF 21 FF 3A FF C8 30 
	0A 06 08 2A 86 48 CE 3D 04 03 02 03 48 00 30 45 
	02 21 00 8C 32 3A 1F 33 21 38 AA B9 D0 BE AF B8 
	5F 8D 5A 44 07 3C 58 0F 59 5B C5 21 EF 91 3F 6E 
	F4 8D 11 02 20 6C 0A F1 A1 85 A4 E4 DE 06 35 36 
	99 23 1C 73 3A 6E 8D D2 DF 65 13 96 6C 91 30 15 
	2A 07 A2 BE DE 
is not DH, 32
MAC 2/3 (size 32):
	D9 DB 3A 2F 81 74 84 89 AB 8B 49 CD 6D 6A E9 3C 
	50 50 2C D5 50 B1 CD 4D D1 A4 BF C7 B0 A4 22 56 
TMP size: 32
CBOR ENCODE ERROR: 0
Signature or mac size: 64Inside the sign
signature_or_mac (is signature) (size 64):
	E3 6F EE 2C B5 A8 7E 7E EF 2F 3E 73 BC 75 6C 7F 
	12 2F 18 4B 73 CE F6 9A BE CE 30 02 0A B1 17 49 
	68 DE 22 B3 E3 D0 64 F4 C3 3C 21 C6 FF 0E B2 B1 
	90 F1 E2 B7 8A 82 65 B2 AE 14 2C 1A 38 BB 22 34 
TMP size: 64
CBOR ENCODE ERROR: 0
kid (size 0):
K_3 (size 16):
	13 14 6B 9C 07 5A 63 81 C3 6B EB 22 8E 9A 37 01 
IV_3 (size 13):
	5F 5B F7 EE 08 CA E2 F9 A0 26 1B 97 52 
aad_data (size 45):
	83 68 45 6E 63 72 79 70 74 30 40 58 20 3D AF 01 
	29 99 52 F5 15 C0 BA 30 28 AC F3 1F 78 92 1C 17 
	F6 D5 92 F9 AC 4C F6 E3 C2 37 E5 DB 54 
ciphertext_2/3/4 (size 88):
	9F E8 E0 30 13 80 25 CA 84 D3 D8 36 6F 95 F2 59 
	D2 58 98 53 A4 AF 7D A7 6A E6 92 24 C8 29 03 02 
	84 0E 1D 0D A3 31 5E 97 C0 6F 77 85 45 C1 3D D0 
	29 C7 5F AC 08 AD 69 6D 80 3B F2 98 8B B8 50 BE 
	CD 5F D6 B0 05 70 7E 03 3B 7F 36 C1 DF 3D 30 23 
	56 F2 6E 38 9B B5 D6 10 
CIPHERTEXT: (size 88):
	9F E8 E0 30 13 80 25 CA 84 D3 D8 36 6F 95 F2 59 
	D2 58 98 53 A4 AF 7D A7 6A E6 92 24 C8 29 03 02 
	84 0E 1D 0D A3 31 5E 97 C0 6F 77 85 45 C1 3D D0 
	29 C7 5F AC 08 AD 69 6D 80 3B F2 98 8B B8 50 BE 
	CD 5F D6 B0 05 70 7E 03 3B 7F 36 C1 DF 3D 30 23 
	56 F2 6E 38 9B B5 D6 10 
MSG out size:92
TMP size: 88
CBOR ENCODE ERROR: 0
msg3 (size 90):
	58 58 9F E8 E0 30 13 80 25 CA 84 D3 D8 36 6F 95 
	F2 59 D2 58 98 53 A4 AF 7D A7 6A E6 92 24 C8 29 
	03 02 84 0E 1D 0D A3 31 5E 97 C0 6F 77 85 45 C1 
	3D D0 29 C7 5F AC 08 AD 69 6D 80 3B F2 98 8B B8 
	50 BE CD 5F D6 B0 05 70 7E 03 3B 7F 36 C1 DF 3D 
	30 23 56 F2 6E 38 9B B5 D6 10 
th23 (size 32):
	3D AF 01 29 99 52 F5 15 C0 BA 30 28 AC F3 1F 78 
	92 1C 17 F6 D5 92 F9 AC 4C F6 E3 C2 37 E5 DB 54 
plaintext_23 (size 80):
	A1 18 22 82 2E 48 EE C7 3F CB B0 16 26 76 58 40 
	E3 6F EE 2C B5 A8 7E 7E EF 2F 3E 73 BC 75 6C 7F 
	12 2F 18 4B 73 CE F6 9A BE CE 30 02 0A B1 17 49 
	68 DE 22 B3 E3 D0 64 F4 C3 3C 21 C6 FF 0E B2 B1 
	90 F1 E2 B7 8A 82 65 B2 AE 14 2C 1A 38 BB 22 34 
cred (size 293):
	59 01 22 30 82 01 1E 30 81 C5 A0 03 02 01 02 02 
	04 62 32 EF 6F 30 0A 06 08 2A 86 48 CE 3D 04 03 
	02 30 15 31 13 30 11 06 03 55 04 03 0C 0A 45 44 
	48 4F 43 20 52 6F 6F 74 30 1E 17 0D 32 32 30 33 
	31 37 30 38 32 31 30 33 5A 17 0D 32 39 31 32 33 
	31 32 33 30 30 30 30 5A 30 1A 31 18 30 16 06 03 
	55 04 03 0C 0F 45 44 48 4F 43 20 49 6E 69 74 69 
	61 74 6F 72 30 59 30 13 06 07 2A 86 48 CE 3D 02 
	01 06 08 2A 86 48 CE 3D 03 01 07 03 42 00 04 AC 
	75 E9 EC E3 E5 0B FC 8E D6 03 99 88 95 22 40 5C 
	47 BF 16 DF 96 66 0A 41 29 8C B4 30 7F 7E B6 6E 
	5D E6 11 38 8A 4B 8A 82 11 33 4A C7 D3 7E CB 52 
	A3 87 D2 57 E6 DB 3C 2A 93 DF 21 FF 3A FF C8 30 
	0A 06 08 2A 86 48 CE 3D 04 03 02 03 48 00 30 45 
	02 21 00 8C 32 3A 1F 33 21 38 AA B9 D0 BE AF B8 
	5F 8D 5A 44 07 3C 58 0F 59 5B C5 21 EF 91 3F 6E 
	F4 8D 11 02 20 6C 0A F1 A1 85 A4 E4 DE 06 35 36 
	99 23 1C 73 3A 6E 8D D2 DF 65 13 96 6C 91 30 15 
	2A 07 A2 BE DE 
TMP size: 32
CBOR ENCODE ERROR: 0
Encoded
memcopy1
memcopy2
Input to calculate TH_3/TH_4 (CBOR Sequence) (size 407):
	58 20 3D AF 01 29 99 52 F5 15 C0 BA 30 28 AC F3 
	1F 78 92 1C 17 F6 D5 92 F9 AC 4C F6 E3 C2 37 E5 
	DB 54 A1 18 22 82 2E 48 EE C7 3F CB B0 16 26 76 
	58 40 E3 6F EE 2C B5 A8 7E 7E EF 2F 3E 73 BC 75 
	6C 7F 12 2F 18 4B 73 CE F6 9A BE CE 30 02 0A B1 
	17 49 68 DE 22 B3 E3 D0 64 F4 C3 3C 21 C6 FF 0E 
	B2 B1 90 F1 E2 B7 8A 82 65 B2 AE 14 2C 1A 38 BB 
	22 34 59 01 22 30 82 01 1E 30 81 C5 A0 03 02 01 
	02 02 04 62 32 EF 6F 30 0A 06 08 2A 86 48 CE 3D 
	04 03 02 30 15 31 13 30 11 06 03 55 04 03 0C 0A 
	45 44 48 4F 43 20 52 6F 6F 74 30 1E 17 0D 32 32 
	30 33 31 37 30 38 32 31 30 33 5A 17 0D 32 39 31 
	32 33 31 32 33 30 30 30 30 5A 30 1A 31 18 30 16 
	06 03 55 04 03 0C 0F 45 44 48 4F 43 20 49 6E 69 
	74 69 61 74 6F 72 30 59 30 13 06 07 2A 86 48 CE 
	3D 02 01 06 08 2A 86 48 CE 3D 03 01 07 03 42 00 
	04 AC 75 E9 EC E3 E5 0B FC 8E D6 03 99 88 95 22 
	40 5C 47 BF 16 DF 96 66 0A 41 29 8C B4 30 7F 7E 
	B6 6E 5D E6 11 38 8A 4B 8A 82 11 33 4A C7 D3 7E 
	CB 52 A3 87 D2 57 E6 DB 3C 2A 93 DF 21 FF 3A FF 
	C8 30 0A 06 08 2A 86 48 CE 3D 04 03 02 03 48 00 
	30 45 02 21 00 8C 32 3A 1F 33 21 38 AA B9 D0 BE 
	AF B8 5F 8D 5A 44 07 3C 58 0F 59 5B C5 21 EF 91 
	3F 6E F4 8D 11 02 20 6C 0A F1 A1 85 A4 E4 DE 06 
	35 36 99 23 1C 73 3A 6E 8D D2 DF 65 13 96 6C 91 
	30 15 2A 07 A2 BE DE 
TH34 (size 32):
	38 72 41 F7 B9 D9 66 80 16 06 92 8A E4 B4 D7 08 
	99 10 21 A5 0B E4 4A AB 30 F8 C1 06 D2 9A 9B D4 
PRK_out (size 32):
	2D EB 66 53 BF A9 4C F7 87 F7 4D A3 35 9B 80 0C 
	05 BA 10 43 25 EE 0C C0 40 4E F2 5A DF 42 EB FA 
prk_exporter (size 32):
	0E 1F 50 D6 FB 6B 15 BC 28 C4 7E B8 04 79 AA 06 
	1D F8 F9 E6 31 D9 87 F0 62 49 80 1F BC B7 18 A3 
OSCORE Master Secret (size 16):
	10 76 9F B8 95 B2 C6 9A 9A 11 74 1C 84 F7 2F 8E 
OSCORE Master Salt (size 8):
	D6 44 69 4C FA D5 9C 01 
