[init] get_suite
[init] suite ready
[init] static DH keygen
[init] static responder pk
[init] ephemeral DH keygen
[init] ephemeral KEM keygen alg -67
IPv4 client to connect to server with address 127.0.0.1 started!
[init] socket ready
[init] starting edhoc_initiator_run
MSG1 gx (size 1216):
	FB B4 6F DD 17 E8 B7 0E C5 98 DE CB B6 C8 4A 15 
	29 B0 DF CF 9E DE D9 C5 F8 D3 BF 64 F5 52 D2 10 
	DE 98 6F C9 60 85 02 0C 26 4E 6C 2B E6 23 B2 D4 
	4B 34 47 C1 10 E3 57 B2 C0 49 BB 6E A1 8E 93 AC 
	65 B1 E5 8F 7C 84 51 3E D3 A8 A3 56 31 CD 90 88 
	6B 9A C7 CF C9 04 C5 38 21 17 31 6E A4 1B 96 6C 
	C1 AA 9D 56 44 1E 18 A7 4E 52 CE 60 D1 4A 1E 7C 
	CA AD 34 4A 17 14 1A A0 C1 78 50 C7 9E C1 D6 9C 
	37 89 68 6C 7C 10 44 18 47 50 A5 10 49 38 21 85 
	02 0F AE 40 1C 30 45 47 6C E0 4E 29 31 92 FF D0 
	9A D7 B3 6C 67 EC 6C 8D 16 44 B3 28 23 C8 76 A2 
	F4 99 3D 47 80 CF 15 30 06 47 BA 20 70 A2 1D 9F 
	A3 A7 F2 F7 6A 1B AC 8D 01 A5 88 C7 49 8B 4A E2 
	83 EF 6C 27 AA A2 9A 75 E7 37 AA 6B 4A C1 DC 07 
	39 20 64 9D C0 BE 8D F4 06 66 E1 89 1A 2B 79 3A 
	86 96 64 84 18 4F 74 2C 7D 38 5F F7 23 AC 93 F9 
	0D 76 C1 1E 03 D9 02 6B 11 9F C2 75 10 9D F2 AF 
	6E 61 25 CB 38 54 87 7C 5B 4A 77 93 61 E2 01 6A 
	E8 75 F0 F8 37 AA 80 A8 A3 C6 88 6C DC 93 E6 C1 
	C5 CB 33 86 49 07 46 CA CC 2C 81 D2 28 18 39 86 
	A1 05 9C 10 A0 66 2D 66 3C A5 58 72 4A 16 A7 2C 
	65 AE 98 2A 0E 31 64 54 B6 C1 84 5A 81 74 4E 18 
	47 E1 4C 17 15 B8 98 9E A2 8D 6F F4 29 81 41 58 
	4C 2C 3E F6 22 CE 7E 62 4A 5F 8C 2C 6B 3A 23 52 
	76 79 CF 06 2D 09 95 97 8E E1 7D 29 18 53 52 8B 
	60 7F BA 0A B9 00 99 D0 BC CF 00 76 77 7E 93 CC 
	CD BA 8E 31 80 16 AC 25 C4 70 77 BC FE 49 98 56 
	BA 6C CE 3B 4E 94 78 90 5C D7 8C DF FA 5C 9B A8 
	AC 19 16 B8 9A 72 3F 82 D2 8E 4A 06 03 1B 91 1B 
	E7 AA AB 29 61 92 BC FC 65 AC E9 96 88 21 AF 96 
	EA A6 FA 84 45 3A 51 C0 D9 57 63 62 AB B5 00 89 
	CE EA 67 44 3B BA AF 66 06 84 77 69 36 45 E4 30 
	AB 55 75 03 28 45 2F 00 68 98 C6 89 C7 D7 10 71 
	D8 57 BD C7 95 3C 9C C9 B6 C8 45 6B 0A 9B 7B 96 
	5C 29 2B 9F 4B D3 CF 13 E7 5F C4 E4 33 F8 3A 66 
	FA 6C 20 6A A3 8A 5A F9 9C CC 0A 29 09 05 6D 0B 
	CC 0F 51 C9 02 C5 27 14 95 F7 62 18 DB 88 2D 95 
	89 AA 97 C7 D3 67 3B 29 45 AC 81 3A 59 74 82 AF 
	1E FA 23 92 82 9F 4D 82 C4 59 35 01 F1 2B 6A C9 
	B3 3B 97 83 A3 A9 C9 80 33 8A 8E 7A AA 1E 0B 1B 
	94 6A A7 39 28 A0 5E D6 08 CB 7D 83 8A 52 68 2C 
	30 77 CF 65 55 A3 91 F0 9E 39 DA 33 F1 96 26 AD 
	BB 26 4E 42 57 73 F9 91 4F 81 2D 8C EB 1D 61 0B 
	64 01 EB 90 73 09 29 95 2C A2 57 FA 99 36 61 49 
	C8 9C 7E B6 26 93 77 F7 A6 B9 69 16 FE 89 22 EE 
	64 79 93 CA 66 4A A2 87 EB 03 C2 50 F9 77 24 D0 
	75 AB C4 77 F9 82 5D 6C F2 76 AC E7 3D 2F A2 5A 
	60 07 63 9D A6 22 15 3C 55 4C 43 B6 B7 46 98 5C 
	08 18 2D EA BF 1F 5B 13 80 6A 3D B6 D0 56 D4 A9 
	19 EB D5 BD 8F 37 86 9B 27 06 57 23 50 CB E7 A5 
	E3 75 51 AA DA 39 23 FB 1A 37 0C 85 6A 91 81 DF 
	12 60 75 B4 97 8C 28 C5 0A 81 6E 10 0C 8A 0B 43 
	74 7C B5 9C 12 8A C7 A7 E1 36 28 4C 71 1F DC 5E 
	3C DA 25 E4 52 06 EE 19 8C A9 00 46 DB 86 98 F7 
	39 47 96 73 B2 4F 46 49 0A A6 10 DF E2 9E 43 17 
	98 31 43 5C 9F 5A A8 3A 7C C8 AA 28 C1 71 08 CE 
	E0 92 CA 05 08 12 9A 32 19 C2 10 2E C5 9C A7 7E 
	C7 37 1A 04 BB 7F 7B B2 45 AA 9B 22 92 1E 46 83 
	B8 28 99 00 76 A5 79 10 8B 4D F5 30 3E 2D 27 C5 
	31 E9 A9 33 92 AA CD FA 63 4F F5 B9 D7 BC 9B 0E 
	A1 71 7D 87 4F 05 1B 3D 66 67 7E 00 3D A1 AB 9B 
	2D 97 84 84 79 70 10 A3 BB 87 B0 F9 5D 6A BB B3 
	D5 65 BA 9B C5 5F 34 B1 53 E0 6C 9B 16 B9 92 B3 
	E3 BF F8 64 66 C8 B6 B9 20 7C 75 12 14 47 E4 B5 
	9C 04 48 22 F0 89 63 78 7C 8C 58 57 55 C0 57 07 
	7A 0B 2F D3 AA 06 12 EB BD 4D 07 5A E4 94 6D 65 
	46 BA C2 F8 59 3C 41 6B 0E EA 2B EA 0B 88 B0 5C 
	C7 AF 90 1E FB D5 A7 68 E9 2E F4 13 84 0E BC 60 
	A6 B9 8B 70 17 1D C6 6A 69 07 EA AA 30 89 78 D5 
	A6 8C CD 3C 1A 10 03 98 B8 22 1D 42 F0 76 1D E7 
	99 4B 79 4D 0D 56 99 04 04 73 62 15 27 C0 B3 8D 
	06 31 94 91 91 16 CD 34 11 3A 34 B2 39 D1 01 48 
	F4 50 DA C7 9C 54 C3 19 0B 31 58 76 C6 11 E8 29 
	30 98 10 77 4B 7C 5D E7 1C 0F 66 1B 56 C8 A3 C6 
	B9 FB 87 13 61 7B B0 61 61 12 13 43 C4 9F EF C5 
	8A B1 C3 14 20 C0 3E EC 65 E4 4D DA B2 5D 4C BB 
X (eph -rpivate I) (size 2432):
	30 8A EE 3F ED 8C 9D 04 0D 35 A7 FC 1F A7 76 FB 
	31 30 38 33 AA 2D E8 85 35 4D DF 3D 44 D8 FB 69 
	59 3C 41 9F D6 20 68 C1 A8 76 37 B3 BA DA 30 53 
	64 2F E2 1B 28 1F A9 A5 A2 AA 13 2C AB 62 C9 A1 
	32 33 C3 95 8C 17 14 7A 30 B0 88 E5 6E 6F 10 4D 
	51 63 25 A5 A4 84 9F 6A 2F DF A2 4A 32 38 3F 2C 
	74 84 A9 34 33 CE 00 9D A3 9B 48 DE 72 8D 7C A7 
	58 4E A6 4A DB 96 22 3E BB 98 E1 3B 97 80 25 0A 
	9A 98 9C 4D 94 AA C8 C7 60 84 12 88 45 86 75 19 
	27 47 28 38 1F 82 9B 00 13 51 84 65 D2 A7 6B 28 
	75 8F EB 67 21 61 1C 2A 38 42 B2 39 BC E3 35 2C 
	E1 EC 1F 01 92 70 B4 B4 4D 1B F1 3C A4 63 9F A7 
	18 1B C8 50 B8 92 2B 66 7E F2 2C 1E 7C 04 3E A1 
	A3 C4 C9 1F CF 7B B2 71 58 52 71 29 21 56 80 50 
	92 C6 27 F6 39 5A 6A 92 A0 57 95 71 88 62 45 89 
	0C 30 1E 8C 58 5F 4A 25 0B 09 7C 97 6C 23 F0 A6 
	17 17 C8 51 4F 1A CC 57 5B 6D A7 3C 64 04 85 C0 
	1E 44 C2 B5 9C 3F 8D 05 AF 0F 27 8B 88 66 A9 7A 
	3A 51 D7 E3 57 1C E1 B9 64 30 3F 47 94 5E 5B D3 
	00 01 77 B7 97 21 2F D9 56 41 76 59 2A B7 91 32 
	D0 D4 0A 87 53 0F 50 D2 A5 2D 55 8D 57 9C 3D 7A 
	3A 1F E0 7A CD 50 C5 AD 5A A1 09 9E D6 9B 80 E1 
	8D 4E FB A9 55 BA 47 BB B3 9F 93 1A 8C 54 74 A2 
	13 08 9D D7 F9 1D 08 03 04 6D D5 0A CF 33 37 35 
	71 86 CE 68 2F 13 F9 6F AC 1A C5 3E 26 92 6C 96 
	64 6F 4A 0C 3B E2 9F DB DA 03 3C 9B 08 BB 29 23 
	84 73 AB 8B 42 48 03 BB 2D A2 02 21 2B 7B 40 83 
	A2 CD 43 6B 9F 3D 66 C8 B0 D6 44 E8 28 74 89 27 
	3D 65 B9 C0 D5 32 3B A6 D3 A9 DE 09 51 00 1B 05 
	1E 52 AA 43 88 91 A3 06 82 6B 22 6A 2B 9A 10 86 
	3A 49 15 09 59 A0 32 6F 44 70 12 27 A1 C9 CE C0 
	64 24 B9 B3 DC 15 4B 09 52 4F 3B B7 51 65 F8 01 
	09 05 76 24 B1 92 B5 A5 60 F8 F4 7A 4C 27 9E 06 
	85 31 A0 8C 20 BE 69 04 27 56 A8 E8 08 CB 31 2B 
	A1 7E 4B A7 38 82 4D FA 72 84 61 97 56 F3 12 52 
	CF B8 C2 C6 B1 78 F2 67 41 29 C1 72 DE 42 64 6F 
	62 4E 35 A3 51 F3 94 75 1A DC 38 9C 74 31 58 A1 
	4F DC 07 A1 C1 A7 7B 6F 76 C3 5C 3C 2F 40 29 18 
	56 4A 43 E9 25 C8 C8 C9 A6 60 43 2C 9E D5 08 58 
	23 CD 21 D7 BE 35 F6 0F D7 19 CE C5 83 A1 C2 78 
	5F C0 2B 0D F6 8C 0C 41 81 3D 53 CB 9C 24 73 35 
	96 63 AC 1F 59 2E BB 70 CC 75 1A 79 4C 35 66 02 
	63 CA EC 77 3C 1F 59 32 B6 52 4E FD EC 38 8D 3B 
	4D D0 00 08 C5 25 16 07 32 1E F8 DC 42 26 34 C9 
	6C 40 23 84 64 BE 89 E8 40 73 22 7D 0C 20 2A D5 
	04 2A C2 12 1C A6 FA 59 BC 14 32 36 CC 7A ED B9 
	30 48 53 C0 81 A4 0D 58 09 7B FA 5B 7C 31 FA CD 
	EA 85 90 35 62 2A 96 DC 38 6A C3 65 E8 A8 4D 3B 
	F9 28 5B 62 96 53 62 2D A0 91 15 AA 35 5E 15 9B 
	63 F1 06 0E 85 44 82 5C F0 4A 88 DB C0 DD D3 22 
	05 89 C1 CC E3 8B FC 58 C7 D2 34 94 E7 5C A2 8B 
	36 90 5B CB 3F 1B 0C 84 B0 04 62 0A 81 C7 A7 42 
	A0 D9 70 90 85 62 AF 06 12 79 68 FA C5 0C 4B 9D 
	32 81 14 A7 22 4C 31 80 82 23 87 47 13 6C 80 68 
	EC C5 70 44 BD 1D 89 38 E5 D5 38 8A F4 14 B9 B5 
	BE 3B C2 85 0C C3 5F FD C8 55 F5 44 3D 61 43 AF 
	90 A2 6E FE E4 C5 F2 A2 3A 7E 49 7E 02 52 53 E0 
	B3 BD CF 78 A7 78 10 58 D0 43 30 EA 94 83 55 3A 
	2A D3 D7 77 F8 BC 58 1A 43 BE E8 38 61 30 C3 A8 
	C4 03 59 66 68 5A 1E 9B 67 8D 59 31 B4 51 2D 45 
	87 13 7F 35 AD 45 37 86 B9 3A 4B DC 85 BC 8E F8 
	4C 8C 2C 62 99 8A 56 E9 F2 6B 0A C0 07 86 84 A6 
	6B 75 AC 55 04 4C 48 9B 0E AC BB 66 6B 7C 0A F0 
	E2 A6 CC 89 29 B1 BB 1F 0B FC 9B 4E 83 33 46 9A 
	06 9F D2 0C C9 59 C2 56 5A 06 EC 65 4E 9E 97 AA 
	24 9C 01 06 C2 C7 50 C1 06 A5 A0 4A 50 CC 94 C2 
	08 10 A8 90 6D 6E C3 3F 5F 1A 7F D2 30 B0 B4 27 
	1B 03 88 A3 47 84 4D BE E7 0D 8F 6B 3C CC E7 64 
	EF B3 37 17 14 6B 8D 13 AE D3 5C CD 7F D8 87 A3 
	E8 3B 3F 86 50 1E 24 8C 9D 58 CD 95 82 CC 92 19 
	99 78 CA 5F 0A 19 14 D2 F3 78 4C E0 BB 1B 03 2D 
	D0 6A 8E 7A A3 38 4F 90 58 D3 05 B0 A3 25 49 F8 
	0C 64 8C A2 9A 7C 19 74 19 47 B4 A7 84 8D 58 75 
	AC BE AB 0B 66 96 64 67 A9 6C AC F2 33 3F FA 52 
	DE 98 6F C9 60 85 02 0C 26 4E 6C 2B E6 23 B2 D4 
	4B 34 47 C1 10 E3 57 B2 C0 49 BB 6E A1 8E 93 AC 
	65 B1 E5 8F 7C 84 51 3E D3 A8 A3 56 31 CD 90 88 
	6B 9A C7 CF C9 04 C5 38 21 17 31 6E A4 1B 96 6C 
	C1 AA 9D 56 44 1E 18 A7 4E 52 CE 60 D1 4A 1E 7C 
	CA AD 34 4A 17 14 1A A0 C1 78 50 C7 9E C1 D6 9C 
	37 89 68 6C 7C 10 44 18 47 50 A5 10 49 38 21 85 
	02 0F AE 40 1C 30 45 47 6C E0 4E 29 31 92 FF D0 
	9A D7 B3 6C 67 EC 6C 8D 16 44 B3 28 23 C8 76 A2 
	F4 99 3D 47 80 CF 15 30 06 47 BA 20 70 A2 1D 9F 
	A3 A7 F2 F7 6A 1B AC 8D 01 A5 88 C7 49 8B 4A E2 
	83 EF 6C 27 AA A2 9A 75 E7 37 AA 6B 4A C1 DC 07 
	39 20 64 9D C0 BE 8D F4 06 66 E1 89 1A 2B 79 3A 
	86 96 64 84 18 4F 74 2C 7D 38 5F F7 23 AC 93 F9 
	0D 76 C1 1E 03 D9 02 6B 11 9F C2 75 10 9D F2 AF 
	6E 61 25 CB 38 54 87 7C 5B 4A 77 93 61 E2 01 6A 
	E8 75 F0 F8 37 AA 80 A8 A3 C6 88 6C DC 93 E6 C1 
	C5 CB 33 86 49 07 46 CA CC 2C 81 D2 28 18 39 86 
	A1 05 9C 10 A0 66 2D 66 3C A5 58 72 4A 16 A7 2C 
	65 AE 98 2A 0E 31 64 54 B6 C1 84 5A 81 74 4E 18 
	47 E1 4C 17 15 B8 98 9E A2 8D 6F F4 29 81 41 58 
	4C 2C 3E F6 22 CE 7E 62 4A 5F 8C 2C 6B 3A 23 52 
	76 79 CF 06 2D 09 95 97 8E E1 7D 29 18 53 52 8B 
	60 7F BA 0A B9 00 99 D0 BC CF 00 76 77 7E 93 CC 
	CD BA 8E 31 80 16 AC 25 C4 70 77 BC FE 49 98 56 
	BA 6C CE 3B 4E 94 78 90 5C D7 8C DF FA 5C 9B A8 
	AC 19 16 B8 9A 72 3F 82 D2 8E 4A 06 03 1B 91 1B 
	E7 AA AB 29 61 92 BC FC 65 AC E9 96 88 21 AF 96 
	EA A6 FA 84 45 3A 51 C0 D9 57 63 62 AB B5 00 89 
	CE EA 67 44 3B BA AF 66 06 84 77 69 36 45 E4 30 
	AB 55 75 03 28 45 2F 00 68 98 C6 89 C7 D7 10 71 
	D8 57 BD C7 95 3C 9C C9 B6 C8 45 6B 0A 9B 7B 96 
	5C 29 2B 9F 4B D3 CF 13 E7 5F C4 E4 33 F8 3A 66 
	FA 6C 20 6A A3 8A 5A F9 9C CC 0A 29 09 05 6D 0B 
	CC 0F 51 C9 02 C5 27 14 95 F7 62 18 DB 88 2D 95 
	89 AA 97 C7 D3 67 3B 29 45 AC 81 3A 59 74 82 AF 
	1E FA 23 92 82 9F 4D 82 C4 59 35 01 F1 2B 6A C9 
	B3 3B 97 83 A3 A9 C9 80 33 8A 8E 7A AA 1E 0B 1B 
	94 6A A7 39 28 A0 5E D6 08 CB 7D 83 8A 52 68 2C 
	30 77 CF 65 55 A3 91 F0 9E 39 DA 33 F1 96 26 AD 
	BB 26 4E 42 57 73 F9 91 4F 81 2D 8C EB 1D 61 0B 
	64 01 EB 90 73 09 29 95 2C A2 57 FA 99 36 61 49 
	C8 9C 7E B6 26 93 77 F7 A6 B9 69 16 FE 89 22 EE 
	64 79 93 CA 66 4A A2 87 EB 03 C2 50 F9 77 24 D0 
	75 AB C4 77 F9 82 5D 6C F2 76 AC E7 3D 2F A2 5A 
	60 07 63 9D A6 22 15 3C 55 4C 43 B6 B7 46 98 5C 
	08 18 2D EA BF 1F 5B 13 80 6A 3D B6 D0 56 D4 A9 
	19 EB D5 BD 8F 37 86 9B 27 06 57 23 50 CB E7 A5 
	E3 75 51 AA DA 39 23 FB 1A 37 0C 85 6A 91 81 DF 
	12 60 75 B4 97 8C 28 C5 0A 81 6E 10 0C 8A 0B 43 
	74 7C B5 9C 12 8A C7 A7 E1 36 28 4C 71 1F DC 5E 
	3C DA 25 E4 52 06 EE 19 8C A9 00 46 DB 86 98 F7 
	39 47 96 73 B2 4F 46 49 0A A6 10 DF E2 9E 43 17 
	98 31 43 5C 9F 5A A8 3A 7C C8 AA 28 C1 71 08 CE 
	E0 92 CA 05 08 12 9A 32 19 C2 10 2E C5 9C A7 7E 
	C7 37 1A 04 BB 7F 7B B2 45 AA 9B 22 92 1E 46 83 
	B8 28 99 00 76 A5 79 10 8B 4D F5 30 3E 2D 27 C5 
	31 E9 A9 33 92 AA CD FA 63 4F F5 B9 D7 BC 9B 0E 
	A1 71 7D 87 4F 05 1B 3D 66 67 7E 00 3D A1 AB 9B 
	2D 97 84 84 79 70 10 A3 BB 87 B0 F9 5D 6A BB B3 
	D5 65 BA 9B C5 5F 34 B1 53 E0 6C 9B 16 B9 92 B3 
	E3 BF F8 64 66 C8 B6 B9 20 7C 75 12 14 47 E4 B5 
	9C 04 48 22 F0 89 63 78 7C 8C 58 57 55 C0 57 07 
	7A 0B 2F D3 AA 06 12 EB BD 4D 07 5A E4 94 6D 65 
	46 BA C2 F8 59 3C 41 6B 0E EA 2B EA 0B 88 B0 5C 
	C7 AF 90 1E FB D5 A7 68 E9 2E F4 13 84 0E BC 60 
	A6 B9 8B 70 17 1D C6 6A 69 07 EA AA 30 89 78 D5 
	A6 8C CD 3C 1A 10 03 98 B8 22 1D 42 F0 76 1D E7 
	99 4B 79 4D 0D 56 99 04 04 73 62 15 27 C0 B3 8D 
	06 31 94 91 91 16 CD 34 11 3A 34 B2 39 D1 01 48 
	F4 50 DA C7 9C 54 C3 19 0B 31 58 76 C6 11 E8 29 
	30 98 10 77 4B 7C 5D E7 1C 0F 66 1B 56 C8 A3 C6 
	B9 FB 87 13 61 7B B0 61 61 12 13 43 C4 9F EF C5 
	8A B1 C3 14 20 C0 3E EC 65 E4 4D DA B2 5D 4C BB 
	8B A3 87 8C 0E 2C 1F 98 FC E0 91 FB F8 33 E8 80 
	FD E5 21 FF A3 F3 1B C7 51 C8 68 BB 71 6F 5C 47 
	B8 5D 39 DC 73 CE 9E 55 49 C8 06 02 36 57 E8 6E 
	BC 2D F5 3F A4 23 C4 64 18 19 02 5A AB 78 BB 99 
C_I (size 1):
	49 
message_1 (CBOR Sequence) (size 1223):
	03 15 59 04 C0 FB B4 6F DD 17 E8 B7 0E C5 98 DE 
	CB B6 C8 4A 15 29 B0 DF CF 9E DE D9 C5 F8 D3 BF 
	64 F5 52 D2 10 DE 98 6F C9 60 85 02 0C 26 4E 6C 
	2B E6 23 B2 D4 4B 34 47 C1 10 E3 57 B2 C0 49 BB 
	6E A1 8E 93 AC 65 B1 E5 8F 7C 84 51 3E D3 A8 A3 
	56 31 CD 90 88 6B 9A C7 CF C9 04 C5 38 21 17 31 
	6E A4 1B 96 6C C1 AA 9D 56 44 1E 18 A7 4E 52 CE 
	60 D1 4A 1E 7C CA AD 34 4A 17 14 1A A0 C1 78 50 
	C7 9E C1 D6 9C 37 89 68 6C 7C 10 44 18 47 50 A5 
	10 49 38 21 85 02 0F AE 40 1C 30 45 47 6C E0 4E 
	29 31 92 FF D0 9A D7 B3 6C 67 EC 6C 8D 16 44 B3 
	28 23 C8 76 A2 F4 99 3D 47 80 CF 15 30 06 47 BA 
	20 70 A2 1D 9F A3 A7 F2 F7 6A 1B AC 8D 01 A5 88 
	C7 49 8B 4A E2 83 EF 6C 27 AA A2 9A 75 E7 37 AA 
	6B 4A C1 DC 07 39 20 64 9D C0 BE 8D F4 06 66 E1 
	89 1A 2B 79 3A 86 96 64 84 18 4F 74 2C 7D 38 5F 
	F7 23 AC 93 F9 0D 76 C1 1E 03 D9 02 6B 11 9F C2 
	75 10 9D F2 AF 6E 61 25 CB 38 54 87 7C 5B 4A 77 
	93 61 E2 01 6A E8 75 F0 F8 37 AA 80 A8 A3 C6 88 
	6C DC 93 E6 C1 C5 CB 33 86 49 07 46 CA CC 2C 81 
	D2 28 18 39 86 A1 05 9C 10 A0 66 2D 66 3C A5 58 
	72 4A 16 A7 2C 65 AE 98 2A 0E 31 64 54 B6 C1 84 
	5A 81 74 4E 18 47 E1 4C 17 15 B8 98 9E A2 8D 6F 
	F4 29 81 41 58 4C 2C 3E F6 22 CE 7E 62 4A 5F 8C 
	2C 6B 3A 23 52 76 79 CF 06 2D 09 95 97 8E E1 7D 
	29 18 53 52 8B 60 7F BA 0A B9 00 99 D0 BC CF 00 
	76 77 7E 93 CC CD BA 8E 31 80 16 AC 25 C4 70 77 
	BC FE 49 98 56 BA 6C CE 3B 4E 94 78 90 5C D7 8C 
	DF FA 5C 9B A8 AC 19 16 B8 9A 72 3F 82 D2 8E 4A 
	06 03 1B 91 1B E7 AA AB 29 61 92 BC FC 65 AC E9 
	96 88 21 AF 96 EA A6 FA 84 45 3A 51 C0 D9 57 63 
	62 AB B5 00 89 CE EA 67 44 3B BA AF 66 06 84 77 
	69 36 45 E4 30 AB 55 75 03 28 45 2F 00 68 98 C6 
	89 C7 D7 10 71 D8 57 BD C7 95 3C 9C C9 B6 C8 45 
	6B 0A 9B 7B 96 5C 29 2B 9F 4B D3 CF 13 E7 5F C4 
	E4 33 F8 3A 66 FA 6C 20 6A A3 8A 5A F9 9C CC 0A 
	29 09 05 6D 0B CC 0F 51 C9 02 C5 27 14 95 F7 62 
	18 DB 88 2D 95 89 AA 97 C7 D3 67 3B 29 45 AC 81 
	3A 59 74 82 AF 1E FA 23 92 82 9F 4D 82 C4 59 35 
	01 F1 2B 6A C9 B3 3B 97 83 A3 A9 C9 80 33 8A 8E 
	7A AA 1E 0B 1B 94 6A A7 39 28 A0 5E D6 08 CB 7D 
	83 8A 52 68 2C 30 77 CF 65 55 A3 91 F0 9E 39 DA 
	33 F1 96 26 AD BB 26 4E 42 57 73 F9 91 4F 81 2D 
	8C EB 1D 61 0B 64 01 EB 90 73 09 29 95 2C A2 57 
	FA 99 36 61 49 C8 9C 7E B6 26 93 77 F7 A6 B9 69 
	16 FE 89 22 EE 64 79 93 CA 66 4A A2 87 EB 03 C2 
	50 F9 77 24 D0 75 AB C4 77 F9 82 5D 6C F2 76 AC 
	E7 3D 2F A2 5A 60 07 63 9D A6 22 15 3C 55 4C 43 
	B6 B7 46 98 5C 08 18 2D EA BF 1F 5B 13 80 6A 3D 
	B6 D0 56 D4 A9 19 EB D5 BD 8F 37 86 9B 27 06 57 
	23 50 CB E7 A5 E3 75 51 AA DA 39 23 FB 1A 37 0C 
	85 6A 91 81 DF 12 60 75 B4 97 8C 28 C5 0A 81 6E 
	10 0C 8A 0B 43 74 7C B5 9C 12 8A C7 A7 E1 36 28 
	4C 71 1F DC 5E 3C DA 25 E4 52 06 EE 19 8C A9 00 
	46 DB 86 98 F7 39 47 96 73 B2 4F 46 49 0A A6 10 
	DF E2 9E 43 17 98 31 43 5C 9F 5A A8 3A 7C C8 AA 
	28 C1 71 08 CE E0 92 CA 05 08 12 9A 32 19 C2 10 
	2E C5 9C A7 7E C7 37 1A 04 BB 7F 7B B2 45 AA 9B 
	22 92 1E 46 83 B8 28 99 00 76 A5 79 10 8B 4D F5 
	30 3E 2D 27 C5 31 E9 A9 33 92 AA CD FA 63 4F F5 
	B9 D7 BC 9B 0E A1 71 7D 87 4F 05 1B 3D 66 67 7E 
	00 3D A1 AB 9B 2D 97 84 84 79 70 10 A3 BB 87 B0 
	F9 5D 6A BB B3 D5 65 BA 9B C5 5F 34 B1 53 E0 6C 
	9B 16 B9 92 B3 E3 BF F8 64 66 C8 B6 B9 20 7C 75 
	12 14 47 E4 B5 9C 04 48 22 F0 89 63 78 7C 8C 58 
	57 55 C0 57 07 7A 0B 2F D3 AA 06 12 EB BD 4D 07 
	5A E4 94 6D 65 46 BA C2 F8 59 3C 41 6B 0E EA 2B 
	EA 0B 88 B0 5C C7 AF 90 1E FB D5 A7 68 E9 2E F4 
	13 84 0E BC 60 A6 B9 8B 70 17 1D C6 6A 69 07 EA 
	AA 30 89 78 D5 A6 8C CD 3C 1A 10 03 98 B8 22 1D 
	42 F0 76 1D E7 99 4B 79 4D 0D 56 99 04 04 73 62 
	15 27 C0 B3 8D 06 31 94 91 91 16 CD 34 11 3A 34 
	B2 39 D1 01 48 F4 50 DA C7 9C 54 C3 19 0B 31 58 
	76 C6 11 E8 29 30 98 10 77 4B 7C 5D E7 1C 0F 66 
	1B 56 C8 A3 C6 B9 FB 87 13 61 7B B0 61 61 12 13 
	43 C4 9F EF C5 8A B1 C3 14 20 C0 3E EC 65 E4 4D 
	DA B2 5D 4C BB 41 49 
MSG: (size 1223):
	03 15 59 04 C0 FB B4 6F DD 17 E8 B7 0E C5 98 DE 
	CB B6 C8 4A 15 29 B0 DF CF 9E DE D9 C5 F8 D3 BF 
	64 F5 52 D2 10 DE 98 6F C9 60 85 02 0C 26 4E 6C 
	2B E6 23 B2 D4 4B 34 47 C1 10 E3 57 B2 C0 49 BB 
	6E A1 8E 93 AC 65 B1 E5 8F 7C 84 51 3E D3 A8 A3 
	56 31 CD 90 88 6B 9A C7 CF C9 04 C5 38 21 17 31 
	6E A4 1B 96 6C C1 AA 9D 56 44 1E 18 A7 4E 52 CE 
	60 D1 4A 1E 7C CA AD 34 4A 17 14 1A A0 C1 78 50 
	C7 9E C1 D6 9C 37 89 68 6C 7C 10 44 18 47 50 A5 
	10 49 38 21 85 02 0F AE 40 1C 30 45 47 6C E0 4E 
	29 31 92 FF D0 9A D7 B3 6C 67 EC 6C 8D 16 44 B3 
	28 23 C8 76 A2 F4 99 3D 47 80 CF 15 30 06 47 BA 
	20 70 A2 1D 9F A3 A7 F2 F7 6A 1B AC 8D 01 A5 88 
	C7 49 8B 4A E2 83 EF 6C 27 AA A2 9A 75 E7 37 AA 
	6B 4A C1 DC 07 39 20 64 9D C0 BE 8D F4 06 66 E1 
	89 1A 2B 79 3A 86 96 64 84 18 4F 74 2C 7D 38 5F 
	F7 23 AC 93 F9 0D 76 C1 1E 03 D9 02 6B 11 9F C2 
	75 10 9D F2 AF 6E 61 25 CB 38 54 87 7C 5B 4A 77 
	93 61 E2 01 6A E8 75 F0 F8 37 AA 80 A8 A3 C6 88 
	6C DC 93 E6 C1 C5 CB 33 86 49 07 46 CA CC 2C 81 
	D2 28 18 39 86 A1 05 9C 10 A0 66 2D 66 3C A5 58 
	72 4A 16 A7 2C 65 AE 98 2A 0E 31 64 54 B6 C1 84 
	5A 81 74 4E 18 47 E1 4C 17 15 B8 98 9E A2 8D 6F 
	F4 29 81 41 58 4C 2C 3E F6 22 CE 7E 62 4A 5F 8C 
	2C 6B 3A 23 52 76 79 CF 06 2D 09 95 97 8E E1 7D 
	29 18 53 52 8B 60 7F BA 0A B9 00 99 D0 BC CF 00 
	76 77 7E 93 CC CD BA 8E 31 80 16 AC 25 C4 70 77 
	BC FE 49 98 56 BA 6C CE 3B 4E 94 78 90 5C D7 8C 
	DF FA 5C 9B A8 AC 19 16 B8 9A 72 3F 82 D2 8E 4A 
	06 03 1B 91 1B E7 AA AB 29 61 92 BC FC 65 AC E9 
	96 88 21 AF 96 EA A6 FA 84 45 3A 51 C0 D9 57 63 
	62 AB B5 00 89 CE EA 67 44 3B BA AF 66 06 84 77 
	69 36 45 E4 30 AB 55 75 03 28 45 2F 00 68 98 C6 
	89 C7 D7 10 71 D8 57 BD C7 95 3C 9C C9 B6 C8 45 
	6B 0A 9B 7B 96 5C 29 2B 9F 4B D3 CF 13 E7 5F C4 
	E4 33 F8 3A 66 FA 6C 20 6A A3 8A 5A F9 9C CC 0A 
	29 09 05 6D 0B CC 0F 51 C9 02 C5 27 14 95 F7 62 
	18 DB 88 2D 95 89 AA 97 C7 D3 67 3B 29 45 AC 81 
	3A 59 74 82 AF 1E FA 23 92 82 9F 4D 82 C4 59 35 
	01 F1 2B 6A C9 B3 3B 97 83 A3 A9 C9 80 33 8A 8E 
	7A AA 1E 0B 1B 94 6A A7 39 28 A0 5E D6 08 CB 7D 
	83 8A 52 68 2C 30 77 CF 65 55 A3 91 F0 9E 39 DA 
	33 F1 96 26 AD BB 26 4E 42 57 73 F9 91 4F 81 2D 
	8C EB 1D 61 0B 64 01 EB 90 73 09 29 95 2C A2 57 
	FA 99 36 61 49 C8 9C 7E B6 26 93 77 F7 A6 B9 69 
	16 FE 89 22 EE 64 79 93 CA 66 4A A2 87 EB 03 C2 
	50 F9 77 24 D0 75 AB C4 77 F9 82 5D 6C F2 76 AC 
	E7 3D 2F A2 5A 60 07 63 9D A6 22 15 3C 55 4C 43 
	B6 B7 46 98 5C 08 18 2D EA BF 1F 5B 13 80 6A 3D 
	B6 D0 56 D4 A9 19 EB D5 BD 8F 37 86 9B 27 06 57 
	23 50 CB E7 A5 E3 75 51 AA DA 39 23 FB 1A 37 0C 
	85 6A 91 81 DF 12 60 75 B4 97 8C 28 C5 0A 81 6E 
	10 0C 8A 0B 43 74 7C B5 9C 12 8A C7 A7 E1 36 28 
	4C 71 1F DC 5E 3C DA 25 E4 52 06 EE 19 8C A9 00 
	46 DB 86 98 F7 39 47 96 73 B2 4F 46 49 0A A6 10 
	DF E2 9E 43 17 98 31 43 5C 9F 5A A8 3A 7C C8 AA 
	28 C1 71 08 CE E0 92 CA 05 08 12 9A 32 19 C2 10 
	2E C5 9C A7 7E C7 37 1A 04 BB 7F 7B B2 45 AA 9B 
	22 92 1E 46 83 B8 28 99 00 76 A5 79 10 8B 4D F5 
	30 3E 2D 27 C5 31 E9 A9 33 92 AA CD FA 63 4F F5 
	B9 D7 BC 9B 0E A1 71 7D 87 4F 05 1B 3D 66 67 7E 
	00 3D A1 AB 9B 2D 97 84 84 79 70 10 A3 BB 87 B0 
	F9 5D 6A BB B3 D5 65 BA 9B C5 5F 34 B1 53 E0 6C 
	9B 16 B9 92 B3 E3 BF F8 64 66 C8 B6 B9 20 7C 75 
	12 14 47 E4 B5 9C 04 48 22 F0 89 63 78 7C 8C 58 
	57 55 C0 57 07 7A 0B 2F D3 AA 06 12 EB BD 4D 07 
	5A E4 94 6D 65 46 BA C2 F8 59 3C 41 6B 0E EA 2B 
	EA 0B 88 B0 5C C7 AF 90 1E FB D5 A7 68 E9 2E F4 
	13 84 0E BC 60 A6 B9 8B 70 17 1D C6 6A 69 07 EA 
	AA 30 89 78 D5 A6 8C CD 3C 1A 10 03 98 B8 22 1D 
	42 F0 76 1D E7 99 4B 79 4D 0D 56 99 04 04 73 62 
	15 27 C0 B3 8D 06 31 94 91 91 16 CD 34 11 3A 34 
	B2 39 D1 01 48 F4 50 DA C7 9C 54 C3 19 0B 31 58 
	76 C6 11 E8 29 30 98 10 77 4B 7C 5D E7 1C 0F 66 
	1B 56 C8 A3 C6 B9 FB 87 13 61 7B B0 61 61 12 13 
	43 C4 9F EF C5 8A B1 C3 14 20 C0 3E EC 65 E4 4D 
	DA B2 5D 4C BB 41 49 
[init] tx sent 1223 bytes
[init] rx got 1135 bytes
Max MSG2 size 2027
PQ/T Hybrid Suit:-67
PQ/T Hybrid g_y size:1120message_2 (CBOR Sequence) (size 1135):
	59 04 6C 27 B1 D6 35 A6 63 38 2D 99 E0 31 B3 E9 
	A5 D6 82 A0 95 45 04 93 56 AF 6F 13 54 DE D1 3E 
	D2 9C 72 93 F3 43 64 59 58 55 F1 3C 0A 40 A8 93 
	42 40 94 C2 CD 3C 65 8D E4 64 6F A2 C0 75 8E 40 
	3D 5F DC 7F 7D 42 6E 01 70 A6 CD 86 5B 4B 54 39 
	0A BB CE EE B0 9E 87 12 19 CF 3F 7E 19 48 52 40 
	C5 22 E8 D5 66 6E 7D 8F E1 D5 46 04 0E D5 97 69 
	83 0D AD 3C A3 0E 41 7E B2 93 87 D8 AE 03 8F F5 
	92 F9 DD 75 2C E2 63 DB 6C EA 4C 86 3C C9 C8 A3 
	38 00 1C 0E CD 30 BF D7 F2 65 8A 8B D8 38 5A 2A 
	56 91 A2 B7 8D FB A2 B9 14 1E 1F 6A 08 37 ED 91 
	C7 B9 AA 9D 71 B8 86 D8 B4 E2 02 00 A9 43 54 82 
	79 67 2D 39 A3 C3 B3 F7 6B E9 47 0D FE BD 4C D2 
	BC 13 51 B1 A1 43 F8 E4 FE 53 18 80 24 6E 24 3A 
	CB 0B 32 EA 4C C7 68 B3 C7 D5 4B B3 B2 C0 62 06 
	C4 6D 2E A5 9E 4D B3 FA AA 68 B4 AD F5 D3 3B 6A 
	CC 8A 5F 9D 4D BD 1D 28 22 FF 53 3C B0 7A 6C 6B 
	97 97 B2 E2 95 3F A3 87 DE D7 24 B8 FB E9 A7 3D 
	73 B8 8C 5B 1F D8 36 E3 4E 2A 07 EE 3B 9E 8B 2D 
	E1 2E CE 33 00 E1 E0 29 2F 0E 2A 49 2E 4E 32 EB 
	89 0A B0 FC 8F 6A 4E BD E4 64 C9 47 FF 4A BE AD 
	A2 2F A9 3B 89 7C 8F 22 67 B7 34 4F 2E 29 69 6B 
	BF 25 B2 A2 75 81 37 71 38 01 28 4A 02 2F 20 E3 
	2C CF 95 1F 01 1D FC 7B 79 BF F5 BA E4 BD 49 0A 
	8F 92 96 56 89 38 4F 92 1C 9F 0E 77 E8 C2 5A 4F 
	8F 68 19 C3 65 9F 7B F1 2C EF 58 CA 57 4F 9F 2F 
	DF A4 E2 D0 0B 02 55 D8 D8 C7 60 24 13 83 FF 97 
	38 E1 AF B9 A8 E8 D6 A2 90 56 EF 9B D9 39 8D 50 
	87 93 80 0F 51 F7 74 A8 15 CB 08 13 D8 06 11 FD 
	13 A4 85 FD 99 1F 6B 9B 74 BC B7 D8 EF 26 61 BC 
	17 80 05 5C DA 6E 10 EA 03 9A BD 0C 26 35 0D 9A 
	12 03 D2 E6 BE EA 96 12 71 99 29 07 51 36 C9 29 
	87 E0 DE 2E F2 7A 28 0C 2E 99 06 11 27 E1 EF 89 
	F5 8C 49 75 BD 57 24 7B FC A4 FA 3D E1 7E D9 52 
	C8 39 48 D8 C4 61 F4 10 A9 84 A3 64 46 34 37 2B 
	25 67 9A B1 B8 51 8F 12 6C 60 62 DC FF D8 F2 48 
	A6 53 CC A8 73 76 E0 20 8E 82 6F 06 9A A2 4C AA 
	37 07 E6 FD C4 70 75 E6 EE 9F 02 19 6F 52 69 B2 
	25 94 3F 18 7C 19 6A F9 A2 48 CE 19 BC A4 E2 21 
	BA 68 63 E7 22 74 FA C1 81 A8 D2 C9 14 5F 1A 65 
	FB C1 70 72 B3 02 99 41 3E 7C 21 01 5C BF 22 A9 
	39 D8 55 CC A5 6B D7 84 8C 60 35 33 60 1E A4 64 
	41 A1 22 B2 F1 A7 D5 D0 21 74 2F 1D 90 CB AE CB 
	48 00 A3 6C B5 BB D2 51 80 38 F1 B4 8D B9 38 6F 
	F4 FB 26 FD 25 8C E0 A2 0B C6 BE 93 28 60 87 AE 
	73 6F 41 B6 4F 49 08 0B DA AE 70 B8 40 3C D2 B3 
	42 A4 D5 16 A4 5A E3 6A F6 87 6C 5B 1D 22 C7 B4 
	23 FD D6 B5 F3 65 43 56 B4 82 8B 75 28 9F 1A C0 
	C4 E5 AD 2C AA 32 E0 3B C4 CC 07 B4 D4 73 31 BA 
	3E 8B AE 7A 88 EF AA 06 55 B3 36 64 BD 58 4D 45 
	B8 07 77 77 C5 1E AB 1B 06 7C B8 58 15 9A 38 E2 
	88 52 5D A8 92 B3 67 E6 1B 82 1A CE A6 CB E3 90 
	E0 25 EB 02 CF 9C 34 65 F4 22 A8 2E CC 16 9A 6F 
	7E 15 74 4C 47 27 51 57 3C 02 F0 35 89 7A EC 67 
	20 F5 0F 7F E5 D5 88 62 7E 7B 5E AF 60 66 42 AB 
	9F 75 BC FC 28 71 AE DA CA 4C D4 5D C1 20 8F 78 
	6B 1C FD 5B 2F 4C 11 1B 8E 2C 70 79 37 67 14 64 
	C6 5A F5 7B FD E1 7E 40 6E 19 03 56 B4 CD 18 D8 
	21 63 89 C0 C2 54 6D EA C7 DB C5 98 31 11 A7 45 
	2B 46 04 56 08 34 65 A3 A2 2D F8 11 97 BD 3C 96 
	20 AA 0C 76 44 53 65 34 18 BD 8B E5 5D 97 B8 2B 
	F5 E0 06 5E 78 A0 BF 40 37 30 6C D8 CD 9D 24 1E 
	54 AB 14 29 8A 0F F5 15 D6 F7 78 7D 11 86 67 C8 
	0B CE 58 63 9A 90 B3 D7 C5 C6 08 77 A3 65 C1 82 
	98 78 E7 53 4C 81 1E B5 86 64 7B 7A E5 7B 40 50 
	6C 88 29 0D 9B DB 96 52 F5 A0 0D B9 23 F2 4E 0B 
	C8 1F 29 53 85 10 70 E3 0E D4 B6 2C 00 1F C4 D9 
	EF E6 1D B5 5E 9D 0A 65 BB 44 E0 73 AA AF A3 8E 
	A7 2B 73 B3 C7 0E 2E 46 1A DE 9B D3 05 70 3F A8 
	08 DA EB 71 7D 72 73 66 E2 4A CE 52 1A 26 8F 13 
	04 0F 7C CA 0F 6B 9E B4 06 44 0D 39 2B 0A EC 
g_y (size 1120):
	27 B1 D6 35 A6 63 38 2D 99 E0 31 B3 E9 A5 D6 82 
	A0 95 45 04 93 56 AF 6F 13 54 DE D1 3E D2 9C 72 
	93 F3 43 64 59 58 55 F1 3C 0A 40 A8 93 42 40 94 
	C2 CD 3C 65 8D E4 64 6F A2 C0 75 8E 40 3D 5F DC 
	7F 7D 42 6E 01 70 A6 CD 86 5B 4B 54 39 0A BB CE 
	EE B0 9E 87 12 19 CF 3F 7E 19 48 52 40 C5 22 E8 
	D5 66 6E 7D 8F E1 D5 46 04 0E D5 97 69 83 0D AD 
	3C A3 0E 41 7E B2 93 87 D8 AE 03 8F F5 92 F9 DD 
	75 2C E2 63 DB 6C EA 4C 86 3C C9 C8 A3 38 00 1C 
	0E CD 30 BF D7 F2 65 8A 8B D8 38 5A 2A 56 91 A2 
	B7 8D FB A2 B9 14 1E 1F 6A 08 37 ED 91 C7 B9 AA 
	9D 71 B8 86 D8 B4 E2 02 00 A9 43 54 82 79 67 2D 
	39 A3 C3 B3 F7 6B E9 47 0D FE BD 4C D2 BC 13 51 
	B1 A1 43 F8 E4 FE 53 18 80 24 6E 24 3A CB 0B 32 
	EA 4C C7 68 B3 C7 D5 4B B3 B2 C0 62 06 C4 6D 2E 
	A5 9E 4D B3 FA AA 68 B4 AD F5 D3 3B 6A CC 8A 5F 
	9D 4D BD 1D 28 22 FF 53 3C B0 7A 6C 6B 97 97 B2 
	E2 95 3F A3 87 DE D7 24 B8 FB E9 A7 3D 73 B8 8C 
	5B 1F D8 36 E3 4E 2A 07 EE 3B 9E 8B 2D E1 2E CE 
	33 00 E1 E0 29 2F 0E 2A 49 2E 4E 32 EB 89 0A B0 
	FC 8F 6A 4E BD E4 64 C9 47 FF 4A BE AD A2 2F A9 
	3B 89 7C 8F 22 67 B7 34 4F 2E 29 69 6B BF 25 B2 
	A2 75 81 37 71 38 01 28 4A 02 2F 20 E3 2C CF 95 
	1F 01 1D FC 7B 79 BF F5 BA E4 BD 49 0A 8F 92 96 
	56 89 38 4F 92 1C 9F 0E 77 E8 C2 5A 4F 8F 68 19 
	C3 65 9F 7B F1 2C EF 58 CA 57 4F 9F 2F DF A4 E2 
	D0 0B 02 55 D8 D8 C7 60 24 13 83 FF 97 38 E1 AF 
	B9 A8 E8 D6 A2 90 56 EF 9B D9 39 8D 50 87 93 80 
	0F 51 F7 74 A8 15 CB 08 13 D8 06 11 FD 13 A4 85 
	FD 99 1F 6B 9B 74 BC B7 D8 EF 26 61 BC 17 80 05 
	5C DA 6E 10 EA 03 9A BD 0C 26 35 0D 9A 12 03 D2 
	E6 BE EA 96 12 71 99 29 07 51 36 C9 29 87 E0 DE 
	2E F2 7A 28 0C 2E 99 06 11 27 E1 EF 89 F5 8C 49 
	75 BD 57 24 7B FC A4 FA 3D E1 7E D9 52 C8 39 48 
	D8 C4 61 F4 10 A9 84 A3 64 46 34 37 2B 25 67 9A 
	B1 B8 51 8F 12 6C 60 62 DC FF D8 F2 48 A6 53 CC 
	A8 73 76 E0 20 8E 82 6F 06 9A A2 4C AA 37 07 E6 
	FD C4 70 75 E6 EE 9F 02 19 6F 52 69 B2 25 94 3F 
	18 7C 19 6A F9 A2 48 CE 19 BC A4 E2 21 BA 68 63 
	E7 22 74 FA C1 81 A8 D2 C9 14 5F 1A 65 FB C1 70 
	72 B3 02 99 41 3E 7C 21 01 5C BF 22 A9 39 D8 55 
	CC A5 6B D7 84 8C 60 35 33 60 1E A4 64 41 A1 22 
	B2 F1 A7 D5 D0 21 74 2F 1D 90 CB AE CB 48 00 A3 
	6C B5 BB D2 51 80 38 F1 B4 8D B9 38 6F F4 FB 26 
	FD 25 8C E0 A2 0B C6 BE 93 28 60 87 AE 73 6F 41 
	B6 4F 49 08 0B DA AE 70 B8 40 3C D2 B3 42 A4 D5 
	16 A4 5A E3 6A F6 87 6C 5B 1D 22 C7 B4 23 FD D6 
	B5 F3 65 43 56 B4 82 8B 75 28 9F 1A C0 C4 E5 AD 
	2C AA 32 E0 3B C4 CC 07 B4 D4 73 31 BA 3E 8B AE 
	7A 88 EF AA 06 55 B3 36 64 BD 58 4D 45 B8 07 77 
	77 C5 1E AB 1B 06 7C B8 58 15 9A 38 E2 88 52 5D 
	A8 92 B3 67 E6 1B 82 1A CE A6 CB E3 90 E0 25 EB 
	02 CF 9C 34 65 F4 22 A8 2E CC 16 9A 6F 7E 15 74 
	4C 47 27 51 57 3C 02 F0 35 89 7A EC 67 20 F5 0F 
	7F E5 D5 88 62 7E 7B 5E AF 60 66 42 AB 9F 75 BC 
	FC 28 71 AE DA CA 4C D4 5D C1 20 8F 78 6B 1C FD 
	5B 2F 4C 11 1B 8E 2C 70 79 37 67 14 64 C6 5A F5 
	7B FD E1 7E 40 6E 19 03 56 B4 CD 18 D8 21 63 89 
	C0 C2 54 6D EA C7 DB C5 98 31 11 A7 45 2B 46 04 
	56 08 34 65 A3 A2 2D F8 11 97 BD 3C 96 20 AA 0C 
	76 44 53 65 34 18 BD 8B E5 5D 97 B8 2B F5 E0 06 
	5E 78 A0 BF 40 37 30 6C D8 CD 9D 24 1E 54 AB 14 
	29 8A 0F F5 15 D6 F7 78 7D 11 86 67 C8 0B CE 58 
	63 9A 90 B3 D7 C5 C6 08 77 A3 65 C1 82 98 78 E7 
	53 4C 81 1E B5 86 64 7B 7A E5 7B 40 50 6C 88 29 
	0D 9B DB 96 52 F5 A0 0D B9 23 F2 4E 0B C8 1F 29 
	53 85 10 70 E3 0E D4 B6 2C 00 1F C4 D9 EF E6 1D 
	B5 5E 9D 0A 65 BB 44 E0 73 AA AF A3 8E A7 2B 73 
	B3 C7 0E 2E 46 1A DE 9B D3 05 70 3F A8 08 DA EB 
	71 7D 72 73 66 E2 4A CE 52 1A 26 8F 13 04 0F 7C 
ciphertext2 (size 12):
	CA 0F 6B 9E B4 06 44 0D 39 2B 0A EC 
PQ/T Hybrid array foe g_xy_KEM
PQ/T Hybrid compute shared secret (Suit:-67)
x PQ/T  (size 2432):
	30 8A EE 3F ED 8C 9D 04 0D 35 A7 FC 1F A7 76 FB 
	31 30 38 33 AA 2D E8 85 35 4D DF 3D 44 D8 FB 69 
	59 3C 41 9F D6 20 68 C1 A8 76 37 B3 BA DA 30 53 
	64 2F E2 1B 28 1F A9 A5 A2 AA 13 2C AB 62 C9 A1 
	32 33 C3 95 8C 17 14 7A 30 B0 88 E5 6E 6F 10 4D 
	51 63 25 A5 A4 84 9F 6A 2F DF A2 4A 32 38 3F 2C 
	74 84 A9 34 33 CE 00 9D A3 9B 48 DE 72 8D 7C A7 
	58 4E A6 4A DB 96 22 3E BB 98 E1 3B 97 80 25 0A 
	9A 98 9C 4D 94 AA C8 C7 60 84 12 88 45 86 75 19 
	27 47 28 38 1F 82 9B 00 13 51 84 65 D2 A7 6B 28 
	75 8F EB 67 21 61 1C 2A 38 42 B2 39 BC E3 35 2C 
	E1 EC 1F 01 92 70 B4 B4 4D 1B F1 3C A4 63 9F A7 
	18 1B C8 50 B8 92 2B 66 7E F2 2C 1E 7C 04 3E A1 
	A3 C4 C9 1F CF 7B B2 71 58 52 71 29 21 56 80 50 
	92 C6 27 F6 39 5A 6A 92 A0 57 95 71 88 62 45 89 
	0C 30 1E 8C 58 5F 4A 25 0B 09 7C 97 6C 23 F0 A6 
	17 17 C8 51 4F 1A CC 57 5B 6D A7 3C 64 04 85 C0 
	1E 44 C2 B5 9C 3F 8D 05 AF 0F 27 8B 88 66 A9 7A 
	3A 51 D7 E3 57 1C E1 B9 64 30 3F 47 94 5E 5B D3 
	00 01 77 B7 97 21 2F D9 56 41 76 59 2A B7 91 32 
	D0 D4 0A 87 53 0F 50 D2 A5 2D 55 8D 57 9C 3D 7A 
	3A 1F E0 7A CD 50 C5 AD 5A A1 09 9E D6 9B 80 E1 
	8D 4E FB A9 55 BA 47 BB B3 9F 93 1A 8C 54 74 A2 
	13 08 9D D7 F9 1D 08 03 04 6D D5 0A CF 33 37 35 
	71 86 CE 68 2F 13 F9 6F AC 1A C5 3E 26 92 6C 96 
	64 6F 4A 0C 3B E2 9F DB DA 03 3C 9B 08 BB 29 23 
	84 73 AB 8B 42 48 03 BB 2D A2 02 21 2B 7B 40 83 
	A2 CD 43 6B 9F 3D 66 C8 B0 D6 44 E8 28 74 89 27 
	3D 65 B9 C0 D5 32 3B A6 D3 A9 DE 09 51 00 1B 05 
	1E 52 AA 43 88 91 A3 06 82 6B 22 6A 2B 9A 10 86 
	3A 49 15 09 59 A0 32 6F 44 70 12 27 A1 C9 CE C0 
	64 24 B9 B3 DC 15 4B 09 52 4F 3B B7 51 65 F8 01 
	09 05 76 24 B1 92 B5 A5 60 F8 F4 7A 4C 27 9E 06 
	85 31 A0 8C 20 BE 69 04 27 56 A8 E8 08 CB 31 2B 
	A1 7E 4B A7 38 82 4D FA 72 84 61 97 56 F3 12 52 
	CF B8 C2 C6 B1 78 F2 67 41 29 C1 72 DE 42 64 6F 
	62 4E 35 A3 51 F3 94 75 1A DC 38 9C 74 31 58 A1 
	4F DC 07 A1 C1 A7 7B 6F 76 C3 5C 3C 2F 40 29 18 
	56 4A 43 E9 25 C8 C8 C9 A6 60 43 2C 9E D5 08 58 
	23 CD 21 D7 BE 35 F6 0F D7 19 CE C5 83 A1 C2 78 
	5F C0 2B 0D F6 8C 0C 41 81 3D 53 CB 9C 24 73 35 
	96 63 AC 1F 59 2E BB 70 CC 75 1A 79 4C 35 66 02 
	63 CA EC 77 3C 1F 59 32 B6 52 4E FD EC 38 8D 3B 
	4D D0 00 08 C5 25 16 07 32 1E F8 DC 42 26 34 C9 
	6C 40 23 84 64 BE 89 E8 40 73 22 7D 0C 20 2A D5 
	04 2A C2 12 1C A6 FA 59 BC 14 32 36 CC 7A ED B9 
	30 48 53 C0 81 A4 0D 58 09 7B FA 5B 7C 31 FA CD 
	EA 85 90 35 62 2A 96 DC 38 6A C3 65 E8 A8 4D 3B 
	F9 28 5B 62 96 53 62 2D A0 91 15 AA 35 5E 15 9B 
	63 F1 06 0E 85 44 82 5C F0 4A 88 DB C0 DD D3 22 
	05 89 C1 CC E3 8B FC 58 C7 D2 34 94 E7 5C A2 8B 
	36 90 5B CB 3F 1B 0C 84 B0 04 62 0A 81 C7 A7 42 
	A0 D9 70 90 85 62 AF 06 12 79 68 FA C5 0C 4B 9D 
	32 81 14 A7 22 4C 31 80 82 23 87 47 13 6C 80 68 
	EC C5 70 44 BD 1D 89 38 E5 D5 38 8A F4 14 B9 B5 
	BE 3B C2 85 0C C3 5F FD C8 55 F5 44 3D 61 43 AF 
	90 A2 6E FE E4 C5 F2 A2 3A 7E 49 7E 02 52 53 E0 
	B3 BD CF 78 A7 78 10 58 D0 43 30 EA 94 83 55 3A 
	2A D3 D7 77 F8 BC 58 1A 43 BE E8 38 61 30 C3 A8 
	C4 03 59 66 68 5A 1E 9B 67 8D 59 31 B4 51 2D 45 
	87 13 7F 35 AD 45 37 86 B9 3A 4B DC 85 BC 8E F8 
	4C 8C 2C 62 99 8A 56 E9 F2 6B 0A C0 07 86 84 A6 
	6B 75 AC 55 04 4C 48 9B 0E AC BB 66 6B 7C 0A F0 
	E2 A6 CC 89 29 B1 BB 1F 0B FC 9B 4E 83 33 46 9A 
	06 9F D2 0C C9 59 C2 56 5A 06 EC 65 4E 9E 97 AA 
	24 9C 01 06 C2 C7 50 C1 06 A5 A0 4A 50 CC 94 C2 
	08 10 A8 90 6D 6E C3 3F 5F 1A 7F D2 30 B0 B4 27 
	1B 03 88 A3 47 84 4D BE E7 0D 8F 6B 3C CC E7 64 
	EF B3 37 17 14 6B 8D 13 AE D3 5C CD 7F D8 87 A3 
	E8 3B 3F 86 50 1E 24 8C 9D 58 CD 95 82 CC 92 19 
	99 78 CA 5F 0A 19 14 D2 F3 78 4C E0 BB 1B 03 2D 
	D0 6A 8E 7A A3 38 4F 90 58 D3 05 B0 A3 25 49 F8 
	0C 64 8C A2 9A 7C 19 74 19 47 B4 A7 84 8D 58 75 
	AC BE AB 0B 66 96 64 67 A9 6C AC F2 33 3F FA 52 
	DE 98 6F C9 60 85 02 0C 26 4E 6C 2B E6 23 B2 D4 
	4B 34 47 C1 10 E3 57 B2 C0 49 BB 6E A1 8E 93 AC 
	65 B1 E5 8F 7C 84 51 3E D3 A8 A3 56 31 CD 90 88 
	6B 9A C7 CF C9 04 C5 38 21 17 31 6E A4 1B 96 6C 
	C1 AA 9D 56 44 1E 18 A7 4E 52 CE 60 D1 4A 1E 7C 
	CA AD 34 4A 17 14 1A A0 C1 78 50 C7 9E C1 D6 9C 
	37 89 68 6C 7C 10 44 18 47 50 A5 10 49 38 21 85 
	02 0F AE 40 1C 30 45 47 6C E0 4E 29 31 92 FF D0 
	9A D7 B3 6C 67 EC 6C 8D 16 44 B3 28 23 C8 76 A2 
	F4 99 3D 47 80 CF 15 30 06 47 BA 20 70 A2 1D 9F 
	A3 A7 F2 F7 6A 1B AC 8D 01 A5 88 C7 49 8B 4A E2 
	83 EF 6C 27 AA A2 9A 75 E7 37 AA 6B 4A C1 DC 07 
	39 20 64 9D C0 BE 8D F4 06 66 E1 89 1A 2B 79 3A 
	86 96 64 84 18 4F 74 2C 7D 38 5F F7 23 AC 93 F9 
	0D 76 C1 1E 03 D9 02 6B 11 9F C2 75 10 9D F2 AF 
	6E 61 25 CB 38 54 87 7C 5B 4A 77 93 61 E2 01 6A 
	E8 75 F0 F8 37 AA 80 A8 A3 C6 88 6C DC 93 E6 C1 
	C5 CB 33 86 49 07 46 CA CC 2C 81 D2 28 18 39 86 
	A1 05 9C 10 A0 66 2D 66 3C A5 58 72 4A 16 A7 2C 
	65 AE 98 2A 0E 31 64 54 B6 C1 84 5A 81 74 4E 18 
	47 E1 4C 17 15 B8 98 9E A2 8D 6F F4 29 81 41 58 
	4C 2C 3E F6 22 CE 7E 62 4A 5F 8C 2C 6B 3A 23 52 
	76 79 CF 06 2D 09 95 97 8E E1 7D 29 18 53 52 8B 
	60 7F BA 0A B9 00 99 D0 BC CF 00 76 77 7E 93 CC 
	CD BA 8E 31 80 16 AC 25 C4 70 77 BC FE 49 98 56 
	BA 6C CE 3B 4E 94 78 90 5C D7 8C DF FA 5C 9B A8 
	AC 19 16 B8 9A 72 3F 82 D2 8E 4A 06 03 1B 91 1B 
	E7 AA AB 29 61 92 BC FC 65 AC E9 96 88 21 AF 96 
	EA A6 FA 84 45 3A 51 C0 D9 57 63 62 AB B5 00 89 
	CE EA 67 44 3B BA AF 66 06 84 77 69 36 45 E4 30 
	AB 55 75 03 28 45 2F 00 68 98 C6 89 C7 D7 10 71 
	D8 57 BD C7 95 3C 9C C9 B6 C8 45 6B 0A 9B 7B 96 
	5C 29 2B 9F 4B D3 CF 13 E7 5F C4 E4 33 F8 3A 66 
	FA 6C 20 6A A3 8A 5A F9 9C CC 0A 29 09 05 6D 0B 
	CC 0F 51 C9 02 C5 27 14 95 F7 62 18 DB 88 2D 95 
	89 AA 97 C7 D3 67 3B 29 45 AC 81 3A 59 74 82 AF 
	1E FA 23 92 82 9F 4D 82 C4 59 35 01 F1 2B 6A C9 
	B3 3B 97 83 A3 A9 C9 80 33 8A 8E 7A AA 1E 0B 1B 
	94 6A A7 39 28 A0 5E D6 08 CB 7D 83 8A 52 68 2C 
	30 77 CF 65 55 A3 91 F0 9E 39 DA 33 F1 96 26 AD 
	BB 26 4E 42 57 73 F9 91 4F 81 2D 8C EB 1D 61 0B 
	64 01 EB 90 73 09 29 95 2C A2 57 FA 99 36 61 49 
	C8 9C 7E B6 26 93 77 F7 A6 B9 69 16 FE 89 22 EE 
	64 79 93 CA 66 4A A2 87 EB 03 C2 50 F9 77 24 D0 
	75 AB C4 77 F9 82 5D 6C F2 76 AC E7 3D 2F A2 5A 
	60 07 63 9D A6 22 15 3C 55 4C 43 B6 B7 46 98 5C 
	08 18 2D EA BF 1F 5B 13 80 6A 3D B6 D0 56 D4 A9 
	19 EB D5 BD 8F 37 86 9B 27 06 57 23 50 CB E7 A5 
	E3 75 51 AA DA 39 23 FB 1A 37 0C 85 6A 91 81 DF 
	12 60 75 B4 97 8C 28 C5 0A 81 6E 10 0C 8A 0B 43 
	74 7C B5 9C 12 8A C7 A7 E1 36 28 4C 71 1F DC 5E 
	3C DA 25 E4 52 06 EE 19 8C A9 00 46 DB 86 98 F7 
	39 47 96 73 B2 4F 46 49 0A A6 10 DF E2 9E 43 17 
	98 31 43 5C 9F 5A A8 3A 7C C8 AA 28 C1 71 08 CE 
	E0 92 CA 05 08 12 9A 32 19 C2 10 2E C5 9C A7 7E 
	C7 37 1A 04 BB 7F 7B B2 45 AA 9B 22 92 1E 46 83 
	B8 28 99 00 76 A5 79 10 8B 4D F5 30 3E 2D 27 C5 
	31 E9 A9 33 92 AA CD FA 63 4F F5 B9 D7 BC 9B 0E 
	A1 71 7D 87 4F 05 1B 3D 66 67 7E 00 3D A1 AB 9B 
	2D 97 84 84 79 70 10 A3 BB 87 B0 F9 5D 6A BB B3 
	D5 65 BA 9B C5 5F 34 B1 53 E0 6C 9B 16 B9 92 B3 
	E3 BF F8 64 66 C8 B6 B9 20 7C 75 12 14 47 E4 B5 
	9C 04 48 22 F0 89 63 78 7C 8C 58 57 55 C0 57 07 
	7A 0B 2F D3 AA 06 12 EB BD 4D 07 5A E4 94 6D 65 
	46 BA C2 F8 59 3C 41 6B 0E EA 2B EA 0B 88 B0 5C 
	C7 AF 90 1E FB D5 A7 68 E9 2E F4 13 84 0E BC 60 
	A6 B9 8B 70 17 1D C6 6A 69 07 EA AA 30 89 78 D5 
	A6 8C CD 3C 1A 10 03 98 B8 22 1D 42 F0 76 1D E7 
	99 4B 79 4D 0D 56 99 04 04 73 62 15 27 C0 B3 8D 
	06 31 94 91 91 16 CD 34 11 3A 34 B2 39 D1 01 48 
	F4 50 DA C7 9C 54 C3 19 0B 31 58 76 C6 11 E8 29 
	30 98 10 77 4B 7C 5D E7 1C 0F 66 1B 56 C8 A3 C6 
	B9 FB 87 13 61 7B B0 61 61 12 13 43 C4 9F EF C5 
	8A B1 C3 14 20 C0 3E EC 65 E4 4D DA B2 5D 4C BB 
	8B A3 87 8C 0E 2C 1F 98 FC E0 91 FB F8 33 E8 80 
	FD E5 21 FF A3 F3 1B C7 51 C8 68 BB 71 6F 5C 47 
	B8 5D 39 DC 73 CE 9E 55 49 C8 06 02 36 57 E8 6E 
	BC 2D F5 3F A4 23 C4 64 18 19 02 5A AB 78 BB 99 
gy PQ/T (size 1120):
	27 B1 D6 35 A6 63 38 2D 99 E0 31 B3 E9 A5 D6 82 
	A0 95 45 04 93 56 AF 6F 13 54 DE D1 3E D2 9C 72 
	93 F3 43 64 59 58 55 F1 3C 0A 40 A8 93 42 40 94 
	C2 CD 3C 65 8D E4 64 6F A2 C0 75 8E 40 3D 5F DC 
	7F 7D 42 6E 01 70 A6 CD 86 5B 4B 54 39 0A BB CE 
	EE B0 9E 87 12 19 CF 3F 7E 19 48 52 40 C5 22 E8 
	D5 66 6E 7D 8F E1 D5 46 04 0E D5 97 69 83 0D AD 
	3C A3 0E 41 7E B2 93 87 D8 AE 03 8F F5 92 F9 DD 
	75 2C E2 63 DB 6C EA 4C 86 3C C9 C8 A3 38 00 1C 
	0E CD 30 BF D7 F2 65 8A 8B D8 38 5A 2A 56 91 A2 
	B7 8D FB A2 B9 14 1E 1F 6A 08 37 ED 91 C7 B9 AA 
	9D 71 B8 86 D8 B4 E2 02 00 A9 43 54 82 79 67 2D 
	39 A3 C3 B3 F7 6B E9 47 0D FE BD 4C D2 BC 13 51 
	B1 A1 43 F8 E4 FE 53 18 80 24 6E 24 3A CB 0B 32 
	EA 4C C7 68 B3 C7 D5 4B B3 B2 C0 62 06 C4 6D 2E 
	A5 9E 4D B3 FA AA 68 B4 AD F5 D3 3B 6A CC 8A 5F 
	9D 4D BD 1D 28 22 FF 53 3C B0 7A 6C 6B 97 97 B2 
	E2 95 3F A3 87 DE D7 24 B8 FB E9 A7 3D 73 B8 8C 
	5B 1F D8 36 E3 4E 2A 07 EE 3B 9E 8B 2D E1 2E CE 
	33 00 E1 E0 29 2F 0E 2A 49 2E 4E 32 EB 89 0A B0 
	FC 8F 6A 4E BD E4 64 C9 47 FF 4A BE AD A2 2F A9 
	3B 89 7C 8F 22 67 B7 34 4F 2E 29 69 6B BF 25 B2 
	A2 75 81 37 71 38 01 28 4A 02 2F 20 E3 2C CF 95 
	1F 01 1D FC 7B 79 BF F5 BA E4 BD 49 0A 8F 92 96 
	56 89 38 4F 92 1C 9F 0E 77 E8 C2 5A 4F 8F 68 19 
	C3 65 9F 7B F1 2C EF 58 CA 57 4F 9F 2F DF A4 E2 
	D0 0B 02 55 D8 D8 C7 60 24 13 83 FF 97 38 E1 AF 
	B9 A8 E8 D6 A2 90 56 EF 9B D9 39 8D 50 87 93 80 
	0F 51 F7 74 A8 15 CB 08 13 D8 06 11 FD 13 A4 85 
	FD 99 1F 6B 9B 74 BC B7 D8 EF 26 61 BC 17 80 05 
	5C DA 6E 10 EA 03 9A BD 0C 26 35 0D 9A 12 03 D2 
	E6 BE EA 96 12 71 99 29 07 51 36 C9 29 87 E0 DE 
	2E F2 7A 28 0C 2E 99 06 11 27 E1 EF 89 F5 8C 49 
	75 BD 57 24 7B FC A4 FA 3D E1 7E D9 52 C8 39 48 
	D8 C4 61 F4 10 A9 84 A3 64 46 34 37 2B 25 67 9A 
	B1 B8 51 8F 12 6C 60 62 DC FF D8 F2 48 A6 53 CC 
	A8 73 76 E0 20 8E 82 6F 06 9A A2 4C AA 37 07 E6 
	FD C4 70 75 E6 EE 9F 02 19 6F 52 69 B2 25 94 3F 
	18 7C 19 6A F9 A2 48 CE 19 BC A4 E2 21 BA 68 63 
	E7 22 74 FA C1 81 A8 D2 C9 14 5F 1A 65 FB C1 70 
	72 B3 02 99 41 3E 7C 21 01 5C BF 22 A9 39 D8 55 
	CC A5 6B D7 84 8C 60 35 33 60 1E A4 64 41 A1 22 
	B2 F1 A7 D5 D0 21 74 2F 1D 90 CB AE CB 48 00 A3 
	6C B5 BB D2 51 80 38 F1 B4 8D B9 38 6F F4 FB 26 
	FD 25 8C E0 A2 0B C6 BE 93 28 60 87 AE 73 6F 41 
	B6 4F 49 08 0B DA AE 70 B8 40 3C D2 B3 42 A4 D5 
	16 A4 5A E3 6A F6 87 6C 5B 1D 22 C7 B4 23 FD D6 
	B5 F3 65 43 56 B4 82 8B 75 28 9F 1A C0 C4 E5 AD 
	2C AA 32 E0 3B C4 CC 07 B4 D4 73 31 BA 3E 8B AE 
	7A 88 EF AA 06 55 B3 36 64 BD 58 4D 45 B8 07 77 
	77 C5 1E AB 1B 06 7C B8 58 15 9A 38 E2 88 52 5D 
	A8 92 B3 67 E6 1B 82 1A CE A6 CB E3 90 E0 25 EB 
	02 CF 9C 34 65 F4 22 A8 2E CC 16 9A 6F 7E 15 74 
	4C 47 27 51 57 3C 02 F0 35 89 7A EC 67 20 F5 0F 
	7F E5 D5 88 62 7E 7B 5E AF 60 66 42 AB 9F 75 BC 
	FC 28 71 AE DA CA 4C D4 5D C1 20 8F 78 6B 1C FD 
	5B 2F 4C 11 1B 8E 2C 70 79 37 67 14 64 C6 5A F5 
	7B FD E1 7E 40 6E 19 03 56 B4 CD 18 D8 21 63 89 
	C0 C2 54 6D EA C7 DB C5 98 31 11 A7 45 2B 46 04 
	56 08 34 65 A3 A2 2D F8 11 97 BD 3C 96 20 AA 0C 
	76 44 53 65 34 18 BD 8B E5 5D 97 B8 2B F5 E0 06 
	5E 78 A0 BF 40 37 30 6C D8 CD 9D 24 1E 54 AB 14 
	29 8A 0F F5 15 D6 F7 78 7D 11 86 67 C8 0B CE 58 
	63 9A 90 B3 D7 C5 C6 08 77 A3 65 C1 82 98 78 E7 
	53 4C 81 1E B5 86 64 7B 7A E5 7B 40 50 6C 88 29 
	0D 9B DB 96 52 F5 A0 0D B9 23 F2 4E 0B C8 1F 29 
	53 85 10 70 E3 0E D4 B6 2C 00 1F C4 D9 EF E6 1D 
	B5 5E 9D 0A 65 BB 44 E0 73 AA AF A3 8E A7 2B 73 
	B3 C7 0E 2E 46 1A DE 9B D3 05 70 3F A8 08 DA EB 
	71 7D 72 73 66 E2 4A CE 52 1A 26 8F 13 04 0F 7C 
x DH  (size 32):
	30 8A EE 3F ED 8C 9D 04 0D 35 A7 FC 1F A7 76 FB 
	31 30 38 33 AA 2D E8 85 35 4D DF 3D 44 D8 FB 69 
gy DH (size 32):
	27 B1 D6 35 A6 63 38 2D 99 E0 31 B3 E9 A5 D6 82 
	A0 95 45 04 93 56 AF 6F 13 54 DE D1 3E D2 9C 72 
SHARED SECRET DERIVE
G_XY (ECDH shared secret)  (size 32):
	23 42 DA 3A 44 A9 28 77 02 7E D4 DE 6D 1E 8E A1 
	6A 64 F6 60 1A CF 0D 09 79 E2 32 07 86 54 F8 6D 
KEM decapsulation
x KEM  (size 2400):
	59 3C 41 9F D6 20 68 C1 A8 76 37 B3 BA DA 30 53 
	64 2F E2 1B 28 1F A9 A5 A2 AA 13 2C AB 62 C9 A1 
	32 33 C3 95 8C 17 14 7A 30 B0 88 E5 6E 6F 10 4D 
	51 63 25 A5 A4 84 9F 6A 2F DF A2 4A 32 38 3F 2C 
	74 84 A9 34 33 CE 00 9D A3 9B 48 DE 72 8D 7C A7 
	58 4E A6 4A DB 96 22 3E BB 98 E1 3B 97 80 25 0A 
	9A 98 9C 4D 94 AA C8 C7 60 84 12 88 45 86 75 19 
	27 47 28 38 1F 82 9B 00 13 51 84 65 D2 A7 6B 28 
	75 8F EB 67 21 61 1C 2A 38 42 B2 39 BC E3 35 2C 
	E1 EC 1F 01 92 70 B4 B4 4D 1B F1 3C A4 63 9F A7 
	18 1B C8 50 B8 92 2B 66 7E F2 2C 1E 7C 04 3E A1 
	A3 C4 C9 1F CF 7B B2 71 58 52 71 29 21 56 80 50 
	92 C6 27 F6 39 5A 6A 92 A0 57 95 71 88 62 45 89 
	0C 30 1E 8C 58 5F 4A 25 0B 09 7C 97 6C 23 F0 A6 
	17 17 C8 51 4F 1A CC 57 5B 6D A7 3C 64 04 85 C0 
	1E 44 C2 B5 9C 3F 8D 05 AF 0F 27 8B 88 66 A9 7A 
	3A 51 D7 E3 57 1C E1 B9 64 30 3F 47 94 5E 5B D3 
	00 01 77 B7 97 21 2F D9 56 41 76 59 2A B7 91 32 
	D0 D4 0A 87 53 0F 50 D2 A5 2D 55 8D 57 9C 3D 7A 
	3A 1F E0 7A CD 50 C5 AD 5A A1 09 9E D6 9B 80 E1 
	8D 4E FB A9 55 BA 47 BB B3 9F 93 1A 8C 54 74 A2 
	13 08 9D D7 F9 1D 08 03 04 6D D5 0A CF 33 37 35 
	71 86 CE 68 2F 13 F9 6F AC 1A C5 3E 26 92 6C 96 
	64 6F 4A 0C 3B E2 9F DB DA 03 3C 9B 08 BB 29 23 
	84 73 AB 8B 42 48 03 BB 2D A2 02 21 2B 7B 40 83 
	A2 CD 43 6B 9F 3D 66 C8 B0 D6 44 E8 28 74 89 27 
	3D 65 B9 C0 D5 32 3B A6 D3 A9 DE 09 51 00 1B 05 
	1E 52 AA 43 88 91 A3 06 82 6B 22 6A 2B 9A 10 86 
	3A 49 15 09 59 A0 32 6F 44 70 12 27 A1 C9 CE C0 
	64 24 B9 B3 DC 15 4B 09 52 4F 3B B7 51 65 F8 01 
	09 05 76 24 B1 92 B5 A5 60 F8 F4 7A 4C 27 9E 06 
	85 31 A0 8C 20 BE 69 04 27 56 A8 E8 08 CB 31 2B 
	A1 7E 4B A7 38 82 4D FA 72 84 61 97 56 F3 12 52 
	CF B8 C2 C6 B1 78 F2 67 41 29 C1 72 DE 42 64 6F 
	62 4E 35 A3 51 F3 94 75 1A DC 38 9C 74 31 58 A1 
	4F DC 07 A1 C1 A7 7B 6F 76 C3 5C 3C 2F 40 29 18 
	56 4A 43 E9 25 C8 C8 C9 A6 60 43 2C 9E D5 08 58 
	23 CD 21 D7 BE 35 F6 0F D7 19 CE C5 83 A1 C2 78 
	5F C0 2B 0D F6 8C 0C 41 81 3D 53 CB 9C 24 73 35 
	96 63 AC 1F 59 2E BB 70 CC 75 1A 79 4C 35 66 02 
	63 CA EC 77 3C 1F 59 32 B6 52 4E FD EC 38 8D 3B 
	4D D0 00 08 C5 25 16 07 32 1E F8 DC 42 26 34 C9 
	6C 40 23 84 64 BE 89 E8 40 73 22 7D 0C 20 2A D5 
	04 2A C2 12 1C A6 FA 59 BC 14 32 36 CC 7A ED B9 
	30 48 53 C0 81 A4 0D 58 09 7B FA 5B 7C 31 FA CD 
	EA 85 90 35 62 2A 96 DC 38 6A C3 65 E8 A8 4D 3B 
	F9 28 5B 62 96 53 62 2D A0 91 15 AA 35 5E 15 9B 
	63 F1 06 0E 85 44 82 5C F0 4A 88 DB C0 DD D3 22 
	05 89 C1 CC E3 8B FC 58 C7 D2 34 94 E7 5C A2 8B 
	36 90 5B CB 3F 1B 0C 84 B0 04 62 0A 81 C7 A7 42 
	A0 D9 70 90 85 62 AF 06 12 79 68 FA C5 0C 4B 9D 
	32 81 14 A7 22 4C 31 80 82 23 87 47 13 6C 80 68 
	EC C5 70 44 BD 1D 89 38 E5 D5 38 8A F4 14 B9 B5 
	BE 3B C2 85 0C C3 5F FD C8 55 F5 44 3D 61 43 AF 
	90 A2 6E FE E4 C5 F2 A2 3A 7E 49 7E 02 52 53 E0 
	B3 BD CF 78 A7 78 10 58 D0 43 30 EA 94 83 55 3A 
	2A D3 D7 77 F8 BC 58 1A 43 BE E8 38 61 30 C3 A8 
	C4 03 59 66 68 5A 1E 9B 67 8D 59 31 B4 51 2D 45 
	87 13 7F 35 AD 45 37 86 B9 3A 4B DC 85 BC 8E F8 
	4C 8C 2C 62 99 8A 56 E9 F2 6B 0A C0 07 86 84 A6 
	6B 75 AC 55 04 4C 48 9B 0E AC BB 66 6B 7C 0A F0 
	E2 A6 CC 89 29 B1 BB 1F 0B FC 9B 4E 83 33 46 9A 
	06 9F D2 0C C9 59 C2 56 5A 06 EC 65 4E 9E 97 AA 
	24 9C 01 06 C2 C7 50 C1 06 A5 A0 4A 50 CC 94 C2 
	08 10 A8 90 6D 6E C3 3F 5F 1A 7F D2 30 B0 B4 27 
	1B 03 88 A3 47 84 4D BE E7 0D 8F 6B 3C CC E7 64 
	EF B3 37 17 14 6B 8D 13 AE D3 5C CD 7F D8 87 A3 
	E8 3B 3F 86 50 1E 24 8C 9D 58 CD 95 82 CC 92 19 
	99 78 CA 5F 0A 19 14 D2 F3 78 4C E0 BB 1B 03 2D 
	D0 6A 8E 7A A3 38 4F 90 58 D3 05 B0 A3 25 49 F8 
	0C 64 8C A2 9A 7C 19 74 19 47 B4 A7 84 8D 58 75 
	AC BE AB 0B 66 96 64 67 A9 6C AC F2 33 3F FA 52 
	DE 98 6F C9 60 85 02 0C 26 4E 6C 2B E6 23 B2 D4 
	4B 34 47 C1 10 E3 57 B2 C0 49 BB 6E A1 8E 93 AC 
	65 B1 E5 8F 7C 84 51 3E D3 A8 A3 56 31 CD 90 88 
	6B 9A C7 CF C9 04 C5 38 21 17 31 6E A4 1B 96 6C 
	C1 AA 9D 56 44 1E 18 A7 4E 52 CE 60 D1 4A 1E 7C 
	CA AD 34 4A 17 14 1A A0 C1 78 50 C7 9E C1 D6 9C 
	37 89 68 6C 7C 10 44 18 47 50 A5 10 49 38 21 85 
	02 0F AE 40 1C 30 45 47 6C E0 4E 29 31 92 FF D0 
	9A D7 B3 6C 67 EC 6C 8D 16 44 B3 28 23 C8 76 A2 
	F4 99 3D 47 80 CF 15 30 06 47 BA 20 70 A2 1D 9F 
	A3 A7 F2 F7 6A 1B AC 8D 01 A5 88 C7 49 8B 4A E2 
	83 EF 6C 27 AA A2 9A 75 E7 37 AA 6B 4A C1 DC 07 
	39 20 64 9D C0 BE 8D F4 06 66 E1 89 1A 2B 79 3A 
	86 96 64 84 18 4F 74 2C 7D 38 5F F7 23 AC 93 F9 
	0D 76 C1 1E 03 D9 02 6B 11 9F C2 75 10 9D F2 AF 
	6E 61 25 CB 38 54 87 7C 5B 4A 77 93 61 E2 01 6A 
	E8 75 F0 F8 37 AA 80 A8 A3 C6 88 6C DC 93 E6 C1 
	C5 CB 33 86 49 07 46 CA CC 2C 81 D2 28 18 39 86 
	A1 05 9C 10 A0 66 2D 66 3C A5 58 72 4A 16 A7 2C 
	65 AE 98 2A 0E 31 64 54 B6 C1 84 5A 81 74 4E 18 
	47 E1 4C 17 15 B8 98 9E A2 8D 6F F4 29 81 41 58 
	4C 2C 3E F6 22 CE 7E 62 4A 5F 8C 2C 6B 3A 23 52 
	76 79 CF 06 2D 09 95 97 8E E1 7D 29 18 53 52 8B 
	60 7F BA 0A B9 00 99 D0 BC CF 00 76 77 7E 93 CC 
	CD BA 8E 31 80 16 AC 25 C4 70 77 BC FE 49 98 56 
	BA 6C CE 3B 4E 94 78 90 5C D7 8C DF FA 5C 9B A8 
	AC 19 16 B8 9A 72 3F 82 D2 8E 4A 06 03 1B 91 1B 
	E7 AA AB 29 61 92 BC FC 65 AC E9 96 88 21 AF 96 
	EA A6 FA 84 45 3A 51 C0 D9 57 63 62 AB B5 00 89 
	CE EA 67 44 3B BA AF 66 06 84 77 69 36 45 E4 30 
	AB 55 75 03 28 45 2F 00 68 98 C6 89 C7 D7 10 71 
	D8 57 BD C7 95 3C 9C C9 B6 C8 45 6B 0A 9B 7B 96 
	5C 29 2B 9F 4B D3 CF 13 E7 5F C4 E4 33 F8 3A 66 
	FA 6C 20 6A A3 8A 5A F9 9C CC 0A 29 09 05 6D 0B 
	CC 0F 51 C9 02 C5 27 14 95 F7 62 18 DB 88 2D 95 
	89 AA 97 C7 D3 67 3B 29 45 AC 81 3A 59 74 82 AF 
	1E FA 23 92 82 9F 4D 82 C4 59 35 01 F1 2B 6A C9 
	B3 3B 97 83 A3 A9 C9 80 33 8A 8E 7A AA 1E 0B 1B 
	94 6A A7 39 28 A0 5E D6 08 CB 7D 83 8A 52 68 2C 
	30 77 CF 65 55 A3 91 F0 9E 39 DA 33 F1 96 26 AD 
	BB 26 4E 42 57 73 F9 91 4F 81 2D 8C EB 1D 61 0B 
	64 01 EB 90 73 09 29 95 2C A2 57 FA 99 36 61 49 
	C8 9C 7E B6 26 93 77 F7 A6 B9 69 16 FE 89 22 EE 
	64 79 93 CA 66 4A A2 87 EB 03 C2 50 F9 77 24 D0 
	75 AB C4 77 F9 82 5D 6C F2 76 AC E7 3D 2F A2 5A 
	60 07 63 9D A6 22 15 3C 55 4C 43 B6 B7 46 98 5C 
	08 18 2D EA BF 1F 5B 13 80 6A 3D B6 D0 56 D4 A9 
	19 EB D5 BD 8F 37 86 9B 27 06 57 23 50 CB E7 A5 
	E3 75 51 AA DA 39 23 FB 1A 37 0C 85 6A 91 81 DF 
	12 60 75 B4 97 8C 28 C5 0A 81 6E 10 0C 8A 0B 43 
	74 7C B5 9C 12 8A C7 A7 E1 36 28 4C 71 1F DC 5E 
	3C DA 25 E4 52 06 EE 19 8C A9 00 46 DB 86 98 F7 
	39 47 96 73 B2 4F 46 49 0A A6 10 DF E2 9E 43 17 
	98 31 43 5C 9F 5A A8 3A 7C C8 AA 28 C1 71 08 CE 
	E0 92 CA 05 08 12 9A 32 19 C2 10 2E C5 9C A7 7E 
	C7 37 1A 04 BB 7F 7B B2 45 AA 9B 22 92 1E 46 83 
	B8 28 99 00 76 A5 79 10 8B 4D F5 30 3E 2D 27 C5 
	31 E9 A9 33 92 AA CD FA 63 4F F5 B9 D7 BC 9B 0E 
	A1 71 7D 87 4F 05 1B 3D 66 67 7E 00 3D A1 AB 9B 
	2D 97 84 84 79 70 10 A3 BB 87 B0 F9 5D 6A BB B3 
	D5 65 BA 9B C5 5F 34 B1 53 E0 6C 9B 16 B9 92 B3 
	E3 BF F8 64 66 C8 B6 B9 20 7C 75 12 14 47 E4 B5 
	9C 04 48 22 F0 89 63 78 7C 8C 58 57 55 C0 57 07 
	7A 0B 2F D3 AA 06 12 EB BD 4D 07 5A E4 94 6D 65 
	46 BA C2 F8 59 3C 41 6B 0E EA 2B EA 0B 88 B0 5C 
	C7 AF 90 1E FB D5 A7 68 E9 2E F4 13 84 0E BC 60 
	A6 B9 8B 70 17 1D C6 6A 69 07 EA AA 30 89 78 D5 
	A6 8C CD 3C 1A 10 03 98 B8 22 1D 42 F0 76 1D E7 
	99 4B 79 4D 0D 56 99 04 04 73 62 15 27 C0 B3 8D 
	06 31 94 91 91 16 CD 34 11 3A 34 B2 39 D1 01 48 
	F4 50 DA C7 9C 54 C3 19 0B 31 58 76 C6 11 E8 29 
	30 98 10 77 4B 7C 5D E7 1C 0F 66 1B 56 C8 A3 C6 
	B9 FB 87 13 61 7B B0 61 61 12 13 43 C4 9F EF C5 
	8A B1 C3 14 20 C0 3E EC 65 E4 4D DA B2 5D 4C BB 
	8B A3 87 8C 0E 2C 1F 98 FC E0 91 FB F8 33 E8 80 
	FD E5 21 FF A3 F3 1B C7 51 C8 68 BB 71 6F 5C 47 
	B8 5D 39 DC 73 CE 9E 55 49 C8 06 02 36 57 E8 6E 
	BC 2D F5 3F A4 23 C4 64 18 19 02 5A AB 78 BB 99 
gy KEM: (PQ CC) (size 1088):
	93 F3 43 64 59 58 55 F1 3C 0A 40 A8 93 42 40 94 
	C2 CD 3C 65 8D E4 64 6F A2 C0 75 8E 40 3D 5F DC 
	7F 7D 42 6E 01 70 A6 CD 86 5B 4B 54 39 0A BB CE 
	EE B0 9E 87 12 19 CF 3F 7E 19 48 52 40 C5 22 E8 
	D5 66 6E 7D 8F E1 D5 46 04 0E D5 97 69 83 0D AD 
	3C A3 0E 41 7E B2 93 87 D8 AE 03 8F F5 92 F9 DD 
	75 2C E2 63 DB 6C EA 4C 86 3C C9 C8 A3 38 00 1C 
	0E CD 30 BF D7 F2 65 8A 8B D8 38 5A 2A 56 91 A2 
	B7 8D FB A2 B9 14 1E 1F 6A 08 37 ED 91 C7 B9 AA 
	9D 71 B8 86 D8 B4 E2 02 00 A9 43 54 82 79 67 2D 
	39 A3 C3 B3 F7 6B E9 47 0D FE BD 4C D2 BC 13 51 
	B1 A1 43 F8 E4 FE 53 18 80 24 6E 24 3A CB 0B 32 
	EA 4C C7 68 B3 C7 D5 4B B3 B2 C0 62 06 C4 6D 2E 
	A5 9E 4D B3 FA AA 68 B4 AD F5 D3 3B 6A CC 8A 5F 
	9D 4D BD 1D 28 22 FF 53 3C B0 7A 6C 6B 97 97 B2 
	E2 95 3F A3 87 DE D7 24 B8 FB E9 A7 3D 73 B8 8C 
	5B 1F D8 36 E3 4E 2A 07 EE 3B 9E 8B 2D E1 2E CE 
	33 00 E1 E0 29 2F 0E 2A 49 2E 4E 32 EB 89 0A B0 
	FC 8F 6A 4E BD E4 64 C9 47 FF 4A BE AD A2 2F A9 
	3B 89 7C 8F 22 67 B7 34 4F 2E 29 69 6B BF 25 B2 
	A2 75 81 37 71 38 01 28 4A 02 2F 20 E3 2C CF 95 
	1F 01 1D FC 7B 79 BF F5 BA E4 BD 49 0A 8F 92 96 
	56 89 38 4F 92 1C 9F 0E 77 E8 C2 5A 4F 8F 68 19 
	C3 65 9F 7B F1 2C EF 58 CA 57 4F 9F 2F DF A4 E2 
	D0 0B 02 55 D8 D8 C7 60 24 13 83 FF 97 38 E1 AF 
	B9 A8 E8 D6 A2 90 56 EF 9B D9 39 8D 50 87 93 80 
	0F 51 F7 74 A8 15 CB 08 13 D8 06 11 FD 13 A4 85 
	FD 99 1F 6B 9B 74 BC B7 D8 EF 26 61 BC 17 80 05 
	5C DA 6E 10 EA 03 9A BD 0C 26 35 0D 9A 12 03 D2 
	E6 BE EA 96 12 71 99 29 07 51 36 C9 29 87 E0 DE 
	2E F2 7A 28 0C 2E 99 06 11 27 E1 EF 89 F5 8C 49 
	75 BD 57 24 7B FC A4 FA 3D E1 7E D9 52 C8 39 48 
	D8 C4 61 F4 10 A9 84 A3 64 46 34 37 2B 25 67 9A 
	B1 B8 51 8F 12 6C 60 62 DC FF D8 F2 48 A6 53 CC 
	A8 73 76 E0 20 8E 82 6F 06 9A A2 4C AA 37 07 E6 
	FD C4 70 75 E6 EE 9F 02 19 6F 52 69 B2 25 94 3F 
	18 7C 19 6A F9 A2 48 CE 19 BC A4 E2 21 BA 68 63 
	E7 22 74 FA C1 81 A8 D2 C9 14 5F 1A 65 FB C1 70 
	72 B3 02 99 41 3E 7C 21 01 5C BF 22 A9 39 D8 55 
	CC A5 6B D7 84 8C 60 35 33 60 1E A4 64 41 A1 22 
	B2 F1 A7 D5 D0 21 74 2F 1D 90 CB AE CB 48 00 A3 
	6C B5 BB D2 51 80 38 F1 B4 8D B9 38 6F F4 FB 26 
	FD 25 8C E0 A2 0B C6 BE 93 28 60 87 AE 73 6F 41 
	B6 4F 49 08 0B DA AE 70 B8 40 3C D2 B3 42 A4 D5 
	16 A4 5A E3 6A F6 87 6C 5B 1D 22 C7 B4 23 FD D6 
	B5 F3 65 43 56 B4 82 8B 75 28 9F 1A C0 C4 E5 AD 
	2C AA 32 E0 3B C4 CC 07 B4 D4 73 31 BA 3E 8B AE 
	7A 88 EF AA 06 55 B3 36 64 BD 58 4D 45 B8 07 77 
	77 C5 1E AB 1B 06 7C B8 58 15 9A 38 E2 88 52 5D 
	A8 92 B3 67 E6 1B 82 1A CE A6 CB E3 90 E0 25 EB 
	02 CF 9C 34 65 F4 22 A8 2E CC 16 9A 6F 7E 15 74 
	4C 47 27 51 57 3C 02 F0 35 89 7A EC 67 20 F5 0F 
	7F E5 D5 88 62 7E 7B 5E AF 60 66 42 AB 9F 75 BC 
	FC 28 71 AE DA CA 4C D4 5D C1 20 8F 78 6B 1C FD 
	5B 2F 4C 11 1B 8E 2C 70 79 37 67 14 64 C6 5A F5 
	7B FD E1 7E 40 6E 19 03 56 B4 CD 18 D8 21 63 89 
	C0 C2 54 6D EA C7 DB C5 98 31 11 A7 45 2B 46 04 
	56 08 34 65 A3 A2 2D F8 11 97 BD 3C 96 20 AA 0C 
	76 44 53 65 34 18 BD 8B E5 5D 97 B8 2B F5 E0 06 
	5E 78 A0 BF 40 37 30 6C D8 CD 9D 24 1E 54 AB 14 
	29 8A 0F F5 15 D6 F7 78 7D 11 86 67 C8 0B CE 58 
	63 9A 90 B3 D7 C5 C6 08 77 A3 65 C1 82 98 78 E7 
	53 4C 81 1E B5 86 64 7B 7A E5 7B 40 50 6C 88 29 
	0D 9B DB 96 52 F5 A0 0D B9 23 F2 4E 0B C8 1F 29 
	53 85 10 70 E3 0E D4 B6 2C 00 1F C4 D9 EF E6 1D 
	B5 5E 9D 0A 65 BB 44 E0 73 AA AF A3 8E A7 2B 73 
	B3 C7 0E 2E 46 1A DE 9B D3 05 70 3F A8 08 DA EB 
	71 7D 72 73 66 E2 4A CE 52 1A 26 8F 13 04 0F 7C 
G_XY (PQ SS)  (size 32):
	BA A4 A6 A4 B0 89 3A F7 2F 93 9B 96 C0 CD D6 4C 
	9B AD 57 43 76 72 75 F5 9C 8E 41 B4 44 D9 00 FB 
hash_msg1_raw (size 32):
	5E BE 4D CD 0F 4B 57 DF E0 5E B7 50 DD BE E7 2F 
	37 FA 35 E3 FF 28 4D 46 3A 0D CC C2 3C 1D CF CC 
Input to calculate TH_2 (CBOR Sequence) (size 1157):
	59 04 60 27 B1 D6 35 A6 63 38 2D 99 E0 31 B3 E9 
	A5 D6 82 A0 95 45 04 93 56 AF 6F 13 54 DE D1 3E 
	D2 9C 72 93 F3 43 64 59 58 55 F1 3C 0A 40 A8 93 
	42 40 94 C2 CD 3C 65 8D E4 64 6F A2 C0 75 8E 40 
	3D 5F DC 7F 7D 42 6E 01 70 A6 CD 86 5B 4B 54 39 
	0A BB CE EE B0 9E 87 12 19 CF 3F 7E 19 48 52 40 
	C5 22 E8 D5 66 6E 7D 8F E1 D5 46 04 0E D5 97 69 
	83 0D AD 3C A3 0E 41 7E B2 93 87 D8 AE 03 8F F5 
	92 F9 DD 75 2C E2 63 DB 6C EA 4C 86 3C C9 C8 A3 
	38 00 1C 0E CD 30 BF D7 F2 65 8A 8B D8 38 5A 2A 
	56 91 A2 B7 8D FB A2 B9 14 1E 1F 6A 08 37 ED 91 
	C7 B9 AA 9D 71 B8 86 D8 B4 E2 02 00 A9 43 54 82 
	79 67 2D 39 A3 C3 B3 F7 6B E9 47 0D FE BD 4C D2 
	BC 13 51 B1 A1 43 F8 E4 FE 53 18 80 24 6E 24 3A 
	CB 0B 32 EA 4C C7 68 B3 C7 D5 4B B3 B2 C0 62 06 
	C4 6D 2E A5 9E 4D B3 FA AA 68 B4 AD F5 D3 3B 6A 
	CC 8A 5F 9D 4D BD 1D 28 22 FF 53 3C B0 7A 6C 6B 
	97 97 B2 E2 95 3F A3 87 DE D7 24 B8 FB E9 A7 3D 
	73 B8 8C 5B 1F D8 36 E3 4E 2A 07 EE 3B 9E 8B 2D 
	E1 2E CE 33 00 E1 E0 29 2F 0E 2A 49 2E 4E 32 EB 
	89 0A B0 FC 8F 6A 4E BD E4 64 C9 47 FF 4A BE AD 
	A2 2F A9 3B 89 7C 8F 22 67 B7 34 4F 2E 29 69 6B 
	BF 25 B2 A2 75 81 37 71 38 01 28 4A 02 2F 20 E3 
	2C CF 95 1F 01 1D FC 7B 79 BF F5 BA E4 BD 49 0A 
	8F 92 96 56 89 38 4F 92 1C 9F 0E 77 E8 C2 5A 4F 
	8F 68 19 C3 65 9F 7B F1 2C EF 58 CA 57 4F 9F 2F 
	DF A4 E2 D0 0B 02 55 D8 D8 C7 60 24 13 83 FF 97 
	38 E1 AF B9 A8 E8 D6 A2 90 56 EF 9B D9 39 8D 50 
	87 93 80 0F 51 F7 74 A8 15 CB 08 13 D8 06 11 FD 
	13 A4 85 FD 99 1F 6B 9B 74 BC B7 D8 EF 26 61 BC 
	17 80 05 5C DA 6E 10 EA 03 9A BD 0C 26 35 0D 9A 
	12 03 D2 E6 BE EA 96 12 71 99 29 07 51 36 C9 29 
	87 E0 DE 2E F2 7A 28 0C 2E 99 06 11 27 E1 EF 89 
	F5 8C 49 75 BD 57 24 7B FC A4 FA 3D E1 7E D9 52 
	C8 39 48 D8 C4 61 F4 10 A9 84 A3 64 46 34 37 2B 
	25 67 9A B1 B8 51 8F 12 6C 60 62 DC FF D8 F2 48 
	A6 53 CC A8 73 76 E0 20 8E 82 6F 06 9A A2 4C AA 
	37 07 E6 FD C4 70 75 E6 EE 9F 02 19 6F 52 69 B2 
	25 94 3F 18 7C 19 6A F9 A2 48 CE 19 BC A4 E2 21 
	BA 68 63 E7 22 74 FA C1 81 A8 D2 C9 14 5F 1A 65 
	FB C1 70 72 B3 02 99 41 3E 7C 21 01 5C BF 22 A9 
	39 D8 55 CC A5 6B D7 84 8C 60 35 33 60 1E A4 64 
	41 A1 22 B2 F1 A7 D5 D0 21 74 2F 1D 90 CB AE CB 
	48 00 A3 6C B5 BB D2 51 80 38 F1 B4 8D B9 38 6F 
	F4 FB 26 FD 25 8C E0 A2 0B C6 BE 93 28 60 87 AE 
	73 6F 41 B6 4F 49 08 0B DA AE 70 B8 40 3C D2 B3 
	42 A4 D5 16 A4 5A E3 6A F6 87 6C 5B 1D 22 C7 B4 
	23 FD D6 B5 F3 65 43 56 B4 82 8B 75 28 9F 1A C0 
	C4 E5 AD 2C AA 32 E0 3B C4 CC 07 B4 D4 73 31 BA 
	3E 8B AE 7A 88 EF AA 06 55 B3 36 64 BD 58 4D 45 
	B8 07 77 77 C5 1E AB 1B 06 7C B8 58 15 9A 38 E2 
	88 52 5D A8 92 B3 67 E6 1B 82 1A CE A6 CB E3 90 
	E0 25 EB 02 CF 9C 34 65 F4 22 A8 2E CC 16 9A 6F 
	7E 15 74 4C 47 27 51 57 3C 02 F0 35 89 7A EC 67 
	20 F5 0F 7F E5 D5 88 62 7E 7B 5E AF 60 66 42 AB 
	9F 75 BC FC 28 71 AE DA CA 4C D4 5D C1 20 8F 78 
	6B 1C FD 5B 2F 4C 11 1B 8E 2C 70 79 37 67 14 64 
	C6 5A F5 7B FD E1 7E 40 6E 19 03 56 B4 CD 18 D8 
	21 63 89 C0 C2 54 6D EA C7 DB C5 98 31 11 A7 45 
	2B 46 04 56 08 34 65 A3 A2 2D F8 11 97 BD 3C 96 
	20 AA 0C 76 44 53 65 34 18 BD 8B E5 5D 97 B8 2B 
	F5 E0 06 5E 78 A0 BF 40 37 30 6C D8 CD 9D 24 1E 
	54 AB 14 29 8A 0F F5 15 D6 F7 78 7D 11 86 67 C8 
	0B CE 58 63 9A 90 B3 D7 C5 C6 08 77 A3 65 C1 82 
	98 78 E7 53 4C 81 1E B5 86 64 7B 7A E5 7B 40 50 
	6C 88 29 0D 9B DB 96 52 F5 A0 0D B9 23 F2 4E 0B 
	C8 1F 29 53 85 10 70 E3 0E D4 B6 2C 00 1F C4 D9 
	EF E6 1D B5 5E 9D 0A 65 BB 44 E0 73 AA AF A3 8E 
	A7 2B 73 B3 C7 0E 2E 46 1A DE 9B D3 05 70 3F A8 
	08 DA EB 71 7D 72 73 66 E2 4A CE 52 1A 26 8F 13 
	04 0F 7C 58 20 5E BE 4D CD 0F 4B 57 DF E0 5E B7 
	50 DD BE E7 2F 37 FA 35 E3 FF 28 4D 46 3A 0D CC 
	C2 3C 1D CF CC 
TH2 (size 32):
	33 78 00 69 8E 5D E1 44 CA FD A9 D9 F6 26 C6 91 
	3C DE 36 DA 7A 94 EA 2D 0D BD 99 FB C9 35 60 6A 
TH_2 (size 32):
	33 78 00 69 8E 5D E1 44 CA FD A9 D9 F6 26 C6 91 
	3C DE 36 DA 7A 94 EA 2D 0D BD 99 FB C9 35 60 6A 
GX_Y (for prk_2e) (size 32):
	23 42 DA 3A 44 A9 28 77 02 7E D4 DE 6D 1E 8E A1 
	6A 64 F6 60 1A CF 0D 09 79 E2 32 07 86 54 F8 6D 
PRK_2e (first DH derivation) (size 32):
	B8 79 E2 77 AD 60 8C 86 8C 66 27 A0 51 B1 B2 96 
	15 6D 75 06 A5 4A 0A F2 72 3B 00 5D 97 C5 04 4A 
PRK_2e_b (second KEM DH) (size 32):
	2E E9 DF 58 35 4D 4F F9 C9 DC BA AF EB B6 18 A2 
	36 B4 FD 6F 9E A6 37 9C CC B2 1F 12 AC 4B 7D 6F 
PRK_2e (size 32):
	2E E9 DF 58 35 4D 4F F9 C9 DC BA AF EB B6 18 A2 
	36 B4 FD 6F 9E A6 37 9C CC B2 1F 12 AC 4B 7D 6F 
KEYSTREAM_2 (size 12):
	8B AE 6A D6 09 40 AE A6 01 AC 0C 3E 
associated_data (size 45):
	83 68 45 6E 63 72 79 70 74 30 40 58 20 33 78 00 
	69 8E 5D E1 44 CA FD A9 D9 F6 26 C6 91 3C DE 36 
	DA 7A 94 EA 2D 0D BD 99 FB C9 35 60 6A 
plaintext (size 12):
	41 A1 01 48 BD 46 EA AB 38 87 06 D2 
C_R (raw) (size 1):
	A1 
ID_CRED (size 3):
	A1 04 01 
sign_or_mac (size 8):
	BD 46 EA AB 38 87 06 D2 
[cred] lookup ID_CRED len=3
A10401
[cred] cred_array entries: 5
[cred] candidate[0] len=3 A10401
[cred] candidate[1] len=3 A10401
[cred] candidate[2] len=7 A1043A271CE614
[cred] candidate[3] len=7 A1043A39D0E614
[cred] candidate[4] len=7 A1041A0BD419EB
SHARED SECRET DERIVE
dh_secret (size 32):
	16 97 10 01 99 18 A8 54 1B A3 52 5C 8E 48 5B E2 
	43 22 F8 E6 D1 35 A8 7C 69 E0 DF CC 76 8E ED 5B 
SALT_3e2m or SALT4e3m (size 32):
	99 7A F7 DF B8 A4 D3 4B 18 0E 17 F6 00 45 03 20 
	5C 3C E7 54 59 9C CD F2 B1 8A E4 90 F6 1E FC 67 
prk_3e2m (size 32):
	59 87 70 78 AF 02 4A 50 0E DB 00 65 56 D0 56 90 
	DE 08 0E 54 FD 41 AA AF 59 3F 2E 41 A3 51 C7 FE 
TMP size: 32
CBOR ENCODE ERROR: 0
MAX ID CRED: 400 cred len 3
MAX CRED: 765 cred len 3
PK SIZE: 65
SIGNATURE SIZE: 500
CONTEXT_MAC_SIZE: 1204
CONTEXT_MAC len: 42
CR len: 2
TH enc len: 34
TMP size: 1
CBOR ENCODE ERROR: 0
MAC context (size 42):
	41 A1 A1 04 01 58 20 33 78 00 69 8E 5D E1 44 CA 
	FD A9 D9 F6 26 C6 91 3C DE 36 DA 7A 94 EA 2D 0D 
	BD 99 FB C9 35 60 6A A1 04 01 
MAC 2/3 (size 8):
	BD 46 EA AB 38 87 06 D2 
th23 (size 32):
	33 78 00 69 8E 5D E1 44 CA FD A9 D9 F6 26 C6 91 
	3C DE 36 DA 7A 94 EA 2D 0D BD 99 FB C9 35 60 6A 
plaintext_23 (size 12):
	41 A1 01 48 BD 46 EA AB 38 87 06 D2 
cred (size 3):
	A1 04 01 
TMP size: 32
CBOR ENCODE ERROR: 0
Encoded
memcopy1
memcopy2
Input to calculate TH_3/TH_4 (CBOR Sequence) (size 49):
	58 20 33 78 00 69 8E 5D E1 44 CA FD A9 D9 F6 26 
	C6 91 3C DE 36 DA 7A 94 EA 2D 0D BD 99 FB C9 35 
	60 6A 41 A1 01 48 BD 46 EA AB 38 87 06 D2 A1 04 
	01 
TH34 (size 32):
	94 17 72 99 AD 12 8F 55 35 E8 F5 A0 10 2C A8 8F 
	93 D1 20 02 B3 20 BE 95 6E DA 9A 75 10 51 93 EF 
SHARED SECRET DERIVE
dh_secret (size 32):
	6C AA 7E E1 BA D2 D5 D5 C3 6D 15 AA 95 09 CF D4 
	84 71 E2 B0 43 B8 D2 92 C7 78 9F 3C 1B 1B 6C 3F 
SALT_3e2m or SALT4e3m (size 32):
	BD E2 D9 B3 44 F0 78 C7 B7 81 7D 78 F1 E9 09 9D 
	E7 C5 B8 75 9A 03 B1 FE B9 14 75 00 34 67 3B DB 
prk_4e3m (size 32):
	5C 92 1E 88 5E 70 2C F6 A3 1C 91 14 3E 65 16 C2 
	93 53 AD E4 23 32 FF 7B 7B 4F 89 31 79 2C FD 13 
TMP size: 32
CBOR ENCODE ERROR: 0
MAX ID CRED: 400 cred len 3
MAX CRED: 765 cred len 3
PK SIZE: 65
SIGNATURE SIZE: 500
CONTEXT_MAC_SIZE: 1204
CONTEXT_MAC len: 41
CR len: 1
TH enc len: 34
MAC context (size 40):
	A1 04 00 58 20 94 17 72 99 AD 12 8F 55 35 E8 F5 
	A0 10 2C A8 8F 93 D1 20 02 B3 20 BE 95 6E DA 9A 
	75 10 51 93 EF A1 04 00 
MAC 2/3 (size 8):
	EE CF 74 6B D8 53 7D 4B 
TMP size: 8
CBOR ENCODE ERROR: 0
kid (size 1):
	00 
K_3 (size 16):
	96 41 C0 D5 85 4C F0 60 B0 D0 0C D7 7E 45 D7 28 
IV_3 (size 13):
	61 5F 58 B2 38 F5 F2 5D 08 AB CE 78 6B 
aad_data (size 45):
	83 68 45 6E 63 72 79 70 74 30 40 58 20 94 17 72 
	99 AD 12 8F 55 35 E8 F5 A0 10 2C A8 8F 93 D1 20 
	02 B3 20 BE 95 6E DA 9A 75 10 51 93 EF 
ciphertext_2/3/4 (size 20):
	30 B7 E6 90 F2 01 91 CA C9 1E 3E BC 20 87 FF EA 
	F1 75 1C 04 
CIPHERTEXT: (size 20):
	30 B7 E6 90 F2 01 91 CA C9 1E 3E BC 20 87 FF EA 
	F1 75 1C 04 
MSG out size:24
TMP size: 20
CBOR ENCODE ERROR: 0
msg3 (size 21):
	54 30 B7 E6 90 F2 01 91 CA C9 1E 3E BC 20 87 FF 
	EA F1 75 1C 04 
th23 (size 32):
	94 17 72 99 AD 12 8F 55 35 E8 F5 A0 10 2C A8 8F 
	93 D1 20 02 B3 20 BE 95 6E DA 9A 75 10 51 93 EF 
plaintext_23 (size 12):
	A1 04 00 48 EE CF 74 6B D8 53 7D 4B 
cred (size 3):
	A1 04 00 
TMP size: 32
CBOR ENCODE ERROR: 0
Encoded
memcopy1
memcopy2
Input to calculate TH_3/TH_4 (CBOR Sequence) (size 49):
	58 20 94 17 72 99 AD 12 8F 55 35 E8 F5 A0 10 2C 
	A8 8F 93 D1 20 02 B3 20 BE 95 6E DA 9A 75 10 51 
	93 EF A1 04 00 48 EE CF 74 6B D8 53 7D 4B A1 04 
	00 
TH34 (size 32):
	1F 45 42 D5 0A 52 53 B3 34 DB 47 8A A1 44 8C 02 
	49 17 6B 41 DE E6 50 53 B3 DA 6B 4D 2E 99 F8 57 
[init] tx sent 21 bytes
[init] edhoc_initiator_run completed
PRK_out (size 32):
	AE 23 CD 81 CA 21 67 F3 56 1C C8 0F F9 E8 E9 BB 
	4E 67 32 44 FE 61 25 83 E7 43 A4 B5 06 3F 88 79 
prk_exporter (size 32):
	14 5D 31 6B 47 5C E7 20 43 05 65 74 2D 99 59 6A 
	25 A9 D8 45 34 26 3A ED 12 C0 90 1D 3C C6 0E CA 
OSCORE Master Secret (size 16):
	B1 67 45 26 B9 FE C4 4F 78 09 91 5B 07 81 AA E8 
OSCORE Master Salt (size 8):
	A2 03 6B 50 E6 DC B6 B2 
