IPv4 server with address 0.0.0.0 started!
test vector number: 2
INITIATOR SUIT kem: 1, signature -7
responder pk size: 65 
responder sk size: 32 
Responder ready to receive EDHOC DH request
seed (size 4):
	22 74 86 F8 
public ephemeral key (size 32):
	B2 D9 11 13 20 E0 61 37 D1 D1 E7 C0 80 AC C2 88 
	0C 8C C8 B1 7F 19 9E 69 7C 05 E8 AF FA D3 1D 17 
secret ephemeral key (size 32):
	B5 AD A3 33 AC 4F 7B 3F 91 BE 60 71 F9 3E F7 9F 
	9E 22 E0 AE B5 70 82 F3 84 04 4A AC 9F AC 01 76 
Responder ready to Receive EDHOC PQ request 
__________________
PDU was constructed from buffer of 64 bytes
PDU is 64 bytes long
CoAP Version: 1
Message Type: Confirmable
Token length: 4
Code: 0.02 POST
Message ID: 0
Token of 4 bytes.
   Value: 0x01000000 
2 options:
OPTION (1/2)
   Option number (delta): 11 (11)
   Name: URI_PATH
   Value length: 11
   Value: ".well-known"
OPTION (2/2)
   Option number (delta): 11 (0)
   Name: URI_PATH
   Value length: 5
   Value: "edhoc"
Payload of 37 bytes
   Value: "\00\02X \8a\f6\f40\eb\e1\8d4\18@\17\a9\a1\1b\f5\11\c8\df\f8\f84s\0b\96\c1\b7\c8\db\ca/\c3\b67"
__________________
CoAP message (size 37):
	00 02 58 20 8A F6 F4 30 EB E1 8D 34 18 40 17 A9 
	A1 1B F5 11 C8 DF F8 F8 34 73 0B 96 C1 B7 C8 DB 
	CA 2F C3 B6 37 
message_1 (CBOR Sequence) (size 37):
	00 02 58 20 8A F6 F4 30 EB E1 8D 34 18 40 17 A9 
	A1 1B F5 11 C8 DF F8 F8 34 73 0B 96 C1 B7 C8 DB 
	CA 2F C3 B6 37 
msg1  (size 37):
	00 02 58 20 8A F6 F4 30 EB E1 8D 34 18 40 17 A9 
	A1 1B F5 11 C8 DF F8 F8 34 73 0B 96 C1 B7 C8 DB 
	CA 2F C3 B6 37 
msg1 METHOD: 0
msg1 SUITES_I (size 1):
	02 
g_x len 1216
g_x len message 1 32
msg1 G_X (size 32):
	8A F6 F4 30 EB E1 8D 34 18 40 17 A9 A1 1B F5 11 
	C8 DF F8 F8 34 73 0B 96 C1 B7 C8 DB CA 2F C3 B6 
msg1 C_I_raw (size 1):
	E8 
Suite 2 will be used in this EDHOC run.
PQ/T hybrid declare second array
y  (size 32):
	B5 AD A3 33 AC 4F 7B 3F 91 BE 60 71 F9 3E F7 9F 
	9E 22 E0 AE B5 70 82 F3 84 04 4A AC 9F AC 01 76 
gx  (size 32):
	8A F6 F4 30 EB E1 8D 34 18 40 17 A9 A1 1B F5 11 
	C8 DF F8 F8 34 73 0B 96 C1 B7 C8 DB CA 2F C3 B6 
SHARED SECRET DERIVE
P256 in DH
pk_decompressed tinycript (size 64):
	8A F6 F4 30 EB E1 8D 34 18 40 17 A9 A1 1B F5 11 
	C8 DF F8 F8 34 73 0B 96 C1 B7 C8 DB CA 2F C3 B6 
	AE 17 50 92 91 24 87 EA FE 52 E2 63 A0 57 40 85 
	5E A8 E9 39 3F 95 A2 FC 7A FC 39 EB 00 7F 36 4C 
G_XY (ECDH shared secret)  (size 32):
	BF 89 80 C7 F8 B9 E6 AA 31 14 21 C8 5E 24 C3 0E 
	BE 47 80 BC BC CB 1C EC 41 B0 FB A1 1A CE 9C 26 
hash_msg1_raw (size 32):
	C7 93 1F CA 62 16 CA BC B5 A9 AB 7B 17 61 AE 46 
	78 94 6B A4 F6 0B 6D E1 63 14 69 18 2A 4E 67 26 
Input to calculate TH_2 (CBOR Sequence) (size 68):
	58 20 B2 D9 11 13 20 E0 61 37 D1 D1 E7 C0 80 AC 
	C2 88 0C 8C C8 B1 7F 19 9E 69 7C 05 E8 AF FA D3 
	1D 17 58 20 C7 93 1F CA 62 16 CA BC B5 A9 AB 7B 
	17 61 AE 46 78 94 6B A4 F6 0B 6D E1 63 14 69 18 
	2A 4E 67 26 
TH2 (size 32):
	01 96 22 09 A8 91 FF 16 5A CE C1 B7 D0 A7 13 84 
	56 55 2C F0 60 FC A8 FC 6C 7E 6F B7 44 41 92 46 
PRK_2e (size 32):
	00 CE EC 7D E0 ED E8 13 B8 C5 8D F0 4D 75 EA C2 
	B2 68 15 A0 C9 22 49 22 C1 DE 9D 6D 53 C3 3C B3 
prk_3e2m (size 32):
	00 CE EC 7D E0 ED E8 13 B8 C5 8D F0 4D 75 EA C2 
	B2 68 15 A0 C9 22 49 22 C1 DE 9D 6D 53 C3 3C B3 
Signature len 500 - 64
TMP size: 32
CBOR ENCODE ERROR: 0
MAX ID CRED: 400 cred len 14
MAX CRED: 765 cred len 293
PK SIZE: 65
SIGNATURE SIZE: 500
CONTEXT_MAC_SIZE: 1204
CONTEXT_MAC len: 343
CR len: 2
TH enc len: 34
TMP size: 1
CBOR ENCODE ERROR: 0
MAC context (size 343):
	41 27 A1 18 22 82 2E 48 34 80 F5 FA 01 A8 AB F4 
	58 20 01 96 22 09 A8 91 FF 16 5A CE C1 B7 D0 A7 
	13 84 56 55 2C F0 60 FC A8 FC 6C 7E 6F B7 44 41 
	92 46 59 01 22 30 82 01 1E 30 81 C5 A0 03 02 01 
	02 02 04 61 E9 98 1E 30 0A 06 08 2A 86 48 CE 3D 
	04 03 02 30 15 31 13 30 11 06 03 55 04 03 0C 0A 
	45 44 48 4F 43 20 52 6F 6F 74 30 1E 17 0D 32 32 
	30 31 32 30 31 37 31 33 30 32 5A 17 0D 32 39 31 
	32 33 31 32 33 30 30 30 30 5A 30 1A 31 18 30 16 
	06 03 55 04 03 0C 0F 45 44 48 4F 43 20 52 65 73 
	70 6F 6E 64 65 72 30 59 30 13 06 07 2A 86 48 CE 
	3D 02 01 06 08 2A 86 48 CE 3D 03 01 07 03 42 00 
	04 BB C3 49 60 52 6E A4 D3 2E 94 0C AD 2A 23 41 
	48 DD C2 17 91 A1 2A FB CB AC 93 62 20 46 DD 44 
	F0 45 19 E2 57 23 6B 2A 0C E2 02 3F 09 31 F1 F3 
	86 CA 7A FD A6 4F CD E0 10 8C 22 4C 51 EA BF 60 
	72 30 0A 06 08 2A 86 48 CE 3D 04 03 02 03 48 00 
	30 45 02 20 30 19 4E F5 FC 65 C8 B7 95 CD CD 0B 
	B4 31 BF 83 EE 67 41 C1 37 0C 22 C8 EB 8E E9 ED 
	D2 A7 05 19 02 21 00 B5 83 0E 9C 89 A6 2A C7 3C 
	E1 EB CE 00 61 70 7D B8 A8 8E 23 70 9B 4A CC 58 
	A1 31 3B 13 3D 05 58 
is not DH, 32
MAC 2/3 (size 32):
	6B 54 7E 72 6E 68 AD A5 91 D4 CE 28 04 08 93 0B 
	F9 E9 78 EA B4 B2 57 20 7E 62 34 80 46 B1 FE 97 
TMP size: 32
CBOR ENCODE ERROR: 0
Signature or mac size: 64Inside the sign
signature_or_mac (is signature) (size 64):
	04 66 EB B9 62 46 62 6F 7E B5 50 06 38 92 8B 68 
	B8 9F 2B 36 41 8B 44 34 76 43 77 7F 64 F7 33 42 
	CE 6E FC AF 07 BE 36 2D D5 6A F5 F1 47 5C BF 33 
	38 9A F0 96 C4 ED C0 BC 33 9E AB F0 3D D8 40 B2 
TMP size: 64
CBOR ENCODE ERROR: 0
kid (size 0):
KEYSTREAM_2 (size 81):
	21 7A 1D 93 5F 11 4B 83 69 79 FF 10 92 7E 17 58 
	F2 5A 1A 81 1E E0 B1 D1 0A DF 3D A1 92 71 A7 32 
	FD 30 CC 6B 9A F1 CB 07 41 EA 74 30 32 65 56 8E 
	A2 64 99 35 3E 05 5D ED 32 D0 2E BF 06 75 BF A0 
	E0 1C 7A 19 14 1A 82 D1 CF 92 B5 59 12 2A B6 B5 
	43 
ciphertext_2/3/4 (size 81):
	06 DB 05 B1 DD 3F 03 B7 E9 8C 05 11 3A D5 E3 00 
	B2 5E 7C 6A A7 82 F7 B3 65 A1 88 F1 94 49 35 B9 
	95 88 53 40 AC B0 40 43 75 9C 37 47 4D 01 A1 BD 
	E0 AA F7 C9 91 02 E3 DB 1F 05 44 4A F7 32 E3 1F 
	D3 24 E0 E9 82 DE 6F 11 73 A1 2B F2 E2 17 6E F5 
	F1 
TMP size: 113
CBOR ENCODE ERROR: 0
message_2 (CBOR Sequence) (size 115):
	58 71 B2 D9 11 13 20 E0 61 37 D1 D1 E7 C0 80 AC 
	C2 88 0C 8C C8 B1 7F 19 9E 69 7C 05 E8 AF FA D3 
	1D 17 06 DB 05 B1 DD 3F 03 B7 E9 8C 05 11 3A D5 
	E3 00 B2 5E 7C 6A A7 82 F7 B3 65 A1 88 F1 94 49 
	35 B9 95 88 53 40 AC B0 40 43 75 9C 37 47 4D 01 
	A1 BD E0 AA F7 C9 91 02 E3 DB 1F 05 44 4A F7 32 
	E3 1F D3 24 E0 E9 82 DE 6F 11 73 A1 2B F2 E2 17 
	6E F5 F1 
th23 (size 32):
	01 96 22 09 A8 91 FF 16 5A CE C1 B7 D0 A7 13 84 
	56 55 2C F0 60 FC A8 FC 6C 7E 6F B7 44 41 92 46 
plaintext_23 (size 81):
	27 A1 18 22 82 2E 48 34 80 F5 FA 01 A8 AB F4 58 
	40 04 66 EB B9 62 46 62 6F 7E B5 50 06 38 92 8B 
	68 B8 9F 2B 36 41 8B 44 34 76 43 77 7F 64 F7 33 
	42 CE 6E FC AF 07 BE 36 2D D5 6A F5 F1 47 5C BF 
	33 38 9A F0 96 C4 ED C0 BC 33 9E AB F0 3D D8 40 
	B2 
cred (size 293):
	59 01 22 30 82 01 1E 30 81 C5 A0 03 02 01 02 02 
	04 61 E9 98 1E 30 0A 06 08 2A 86 48 CE 3D 04 03 
	02 30 15 31 13 30 11 06 03 55 04 03 0C 0A 45 44 
	48 4F 43 20 52 6F 6F 74 30 1E 17 0D 32 32 30 31 
	32 30 31 37 31 33 30 32 5A 17 0D 32 39 31 32 33 
	31 32 33 30 30 30 30 5A 30 1A 31 18 30 16 06 03 
	55 04 03 0C 0F 45 44 48 4F 43 20 52 65 73 70 6F 
	6E 64 65 72 30 59 30 13 06 07 2A 86 48 CE 3D 02 
	01 06 08 2A 86 48 CE 3D 03 01 07 03 42 00 04 BB 
	C3 49 60 52 6E A4 D3 2E 94 0C AD 2A 23 41 48 DD 
	C2 17 91 A1 2A FB CB AC 93 62 20 46 DD 44 F0 45 
	19 E2 57 23 6B 2A 0C E2 02 3F 09 31 F1 F3 86 CA 
	7A FD A6 4F CD E0 10 8C 22 4C 51 EA BF 60 72 30 
	0A 06 08 2A 86 48 CE 3D 04 03 02 03 48 00 30 45 
	02 20 30 19 4E F5 FC 65 C8 B7 95 CD CD 0B B4 31 
	BF 83 EE 67 41 C1 37 0C 22 C8 EB 8E E9 ED D2 A7 
	05 19 02 21 00 B5 83 0E 9C 89 A6 2A C7 3C E1 EB 
	CE 00 61 70 7D B8 A8 8E 23 70 9B 4A CC 58 A1 31 
	3B 13 3D 05 58 
TMP size: 32
CBOR ENCODE ERROR: 0
Encoded
memcopy1
memcopy2
Input to calculate TH_3/TH_4 (CBOR Sequence) (size 408):
	58 20 01 96 22 09 A8 91 FF 16 5A CE C1 B7 D0 A7 
	13 84 56 55 2C F0 60 FC A8 FC 6C 7E 6F B7 44 41 
	92 46 27 A1 18 22 82 2E 48 34 80 F5 FA 01 A8 AB 
	F4 58 40 04 66 EB B9 62 46 62 6F 7E B5 50 06 38 
	92 8B 68 B8 9F 2B 36 41 8B 44 34 76 43 77 7F 64 
	F7 33 42 CE 6E FC AF 07 BE 36 2D D5 6A F5 F1 47 
	5C BF 33 38 9A F0 96 C4 ED C0 BC 33 9E AB F0 3D 
	D8 40 B2 59 01 22 30 82 01 1E 30 81 C5 A0 03 02 
	01 02 02 04 61 E9 98 1E 30 0A 06 08 2A 86 48 CE 
	3D 04 03 02 30 15 31 13 30 11 06 03 55 04 03 0C 
	0A 45 44 48 4F 43 20 52 6F 6F 74 30 1E 17 0D 32 
	32 30 31 32 30 31 37 31 33 30 32 5A 17 0D 32 39 
	31 32 33 31 32 33 30 30 30 30 5A 30 1A 31 18 30 
	16 06 03 55 04 03 0C 0F 45 44 48 4F 43 20 52 65 
	73 70 6F 6E 64 65 72 30 59 30 13 06 07 2A 86 48 
	CE 3D 02 01 06 08 2A 86 48 CE 3D 03 01 07 03 42 
	00 04 BB C3 49 60 52 6E A4 D3 2E 94 0C AD 2A 23 
	41 48 DD C2 17 91 A1 2A FB CB AC 93 62 20 46 DD 
	44 F0 45 19 E2 57 23 6B 2A 0C E2 02 3F 09 31 F1 
	F3 86 CA 7A FD A6 4F CD E0 10 8C 22 4C 51 EA BF 
	60 72 30 0A 06 08 2A 86 48 CE 3D 04 03 02 03 48 
	00 30 45 02 20 30 19 4E F5 FC 65 C8 B7 95 CD CD 
	0B B4 31 BF 83 EE 67 41 C1 37 0C 22 C8 EB 8E E9 
	ED D2 A7 05 19 02 21 00 B5 83 0E 9C 89 A6 2A C7 
	3C E1 EB CE 00 61 70 7D B8 A8 8E 23 70 9B 4A CC 
	58 A1 31 3B 13 3D 05 58 
TH34 (size 32):
	A6 66 61 E2 B3 31 59 C7 8F 9D AD 15 04 2E EE 8D 
	0C 32 B9 D7 88 6E F4 2D 62 4D 37 15 38 24 A4 28 
msg2 generated
msg2 (size 115):
	58 71 B2 D9 11 13 20 E0 61 37 D1 D1 E7 C0 80 AC 
	C2 88 0C 8C C8 B1 7F 19 9E 69 7C 05 E8 AF FA D3 
	1D 17 06 DB 05 B1 DD 3F 03 B7 E9 8C 05 11 3A D5 
	E3 00 B2 5E 7C 6A A7 82 F7 B3 65 A1 88 F1 94 49 
	35 B9 95 88 53 40 AC B0 40 43 75 9C 37 47 4D 01 
	A1 BD E0 AA F7 C9 91 02 E3 DB 1F 05 44 4A F7 32 
	E3 1F D3 24 E0 E9 82 DE 6F 11 73 A1 2B F2 E2 17 
	6E F5 F1 
ead prcessed
CoAP reply sent!
mesage tx
waiting to receive
__________________
PDU was constructed from buffer of 117 bytes
PDU is 117 bytes long
CoAP Version: 1
Message Type: Confirmable
Token length: 4
Code: 0.02 POST
Message ID: 1
Token of 4 bytes.
   Value: 0x02000000 
2 options:
OPTION (1/2)
   Option number (delta): 11 (11)
   Name: URI_PATH
   Value length: 11
   Value: ".well-known"
OPTION (2/2)
   Option number (delta): 11 (0)
   Name: URI_PATH
   Value length: 5
   Value: "edhoc"
Payload of 90 bytes
   Value: "XX\c5\15\\a3\a4M\00]\fc%\c0\90\e4\910\06;\fbn6\fa\03\b81\d0\02\e5\85\00\00w\eb3J\81\80k\f2\8fO\ac\a8\c4*\ec\8fb\a9\02N\fe<\d1y[\e0\d1\97\de\af\0a+\a6&C2\1c \ab\f3B\f5\0d\17>2\a2\ef \ac\bdHf\0f?\ce0$"
__________________
CoAP message (size 90):
	58 58 C5 15 5C A3 A4 4D 00 5D FC 25 C0 90 E4 91 
	30 06 3B FB 6E 36 FA 03 B8 31 D0 02 E5 85 00 00 
	77 EB 33 4A 81 80 6B F2 8F 4F AC A8 C4 2A EC 8F 
	62 A9 02 4E FE 3C D1 79 5B E0 D1 97 DE AF 0A 2B 
	A6 26 43 32 1C 20 AB F3 42 F5 0D 17 3E 32 A2 EF 
	20 AC BD 48 66 0F 3F CE 30 24 
received
CIPHERTEXT_3 (size 88):
	C5 15 5C A3 A4 4D 00 5D FC 25 C0 90 E4 91 30 06 
	3B FB 6E 36 FA 03 B8 31 D0 02 E5 85 00 00 77 EB 
	33 4A 81 80 6B F2 8F 4F AC A8 C4 2A EC 8F 62 A9 
	02 4E FE 3C D1 79 5B E0 D1 97 DE AF 0A 2B A6 26 
	43 32 1C 20 AB F3 42 F5 0D 17 3E 32 A2 EF 20 AC 
	BD 48 66 0F 3F CE 30 24 
PLAINTEXT3_SIZE: 903
ctxt3.len: 88
K_3 (size 16):
	8C B3 B0 07 F5 F8 2B E2 57 DE 94 17 88 83 18 E7 
IV_3 (size 13):
	C2 48 AF 86 C5 7A D7 73 3F AA A5 23 C8 
associated_data (size 45):
	83 68 45 6E 63 72 79 70 74 30 40 58 20 A6 66 61 
	E2 B3 31 59 C7 8F 9D AD 15 04 2E EE 8D 0C 32 B9 
	D7 88 6E F4 2D 62 4D 37 15 38 24 A4 28 
plaintext (size 80):
	A1 18 22 82 2E 48 EE C7 3F CB B0 16 26 76 58 40 
	E9 FA 66 DB 4F B6 2A A6 05 5B 33 70 1D CE 51 5A 
	0D 26 46 90 A3 4D 1D 18 0F 9F 87 E0 DE 7C DB DA 
	59 47 60 73 7E 3F 05 42 57 F8 97 4D 62 53 31 9C 
	55 BF 85 73 F6 40 94 D8 19 CC CC 81 0E 32 4D 97 
ID_CRED (size 14):
	A1 18 22 82 2E 48 EE C7 3F CB B0 16 26 76 
sign_or_mac (size 64):
	E9 FA 66 DB 4F B6 2A A6 05 5B 33 70 1D CE 51 5A 
	0D 26 46 90 A3 4D 1D 18 0F 9F 87 E0 DE 7C DB DA 
	59 47 60 73 7E 3F 05 42 57 F8 97 4D 62 53 31 9C 
	55 BF 85 73 F6 40 94 D8 19 CC CC 81 0E 32 4D 97 
[cred] lookup ID_CRED len=14
A11822822E48EEC73FCBB0162676
[cred] cred_array entries: 1
[cred] candidate[0] len=14 A11822822E48EEC73FCBB0162676
prk_4e3m (size 32):
	00 CE EC 7D E0 ED E8 13 B8 C5 8D F0 4D 75 EA C2 
	B2 68 15 A0 C9 22 49 22 C1 DE 9D 6D 53 C3 3C B3 
TMP size: 32
CBOR ENCODE ERROR: 0
MAX ID CRED: 400 cred len 14
MAX CRED: 765 cred len 293
PK SIZE: 65
SIGNATURE SIZE: 500
CONTEXT_MAC_SIZE: 1204
CONTEXT_MAC len: 342
CR len: 1
TH enc len: 34
MAC context (size 341):
	A1 18 22 82 2E 48 EE C7 3F CB B0 16 26 76 58 20 
	A6 66 61 E2 B3 31 59 C7 8F 9D AD 15 04 2E EE 8D 
	0C 32 B9 D7 88 6E F4 2D 62 4D 37 15 38 24 A4 28 
	59 01 22 30 82 01 1E 30 81 C5 A0 03 02 01 02 02 
	04 62 32 EF 6F 30 0A 06 08 2A 86 48 CE 3D 04 03 
	02 30 15 31 13 30 11 06 03 55 04 03 0C 0A 45 44 
	48 4F 43 20 52 6F 6F 74 30 1E 17 0D 32 32 30 33 
	31 37 30 38 32 31 30 33 5A 17 0D 32 39 31 32 33 
	31 32 33 30 30 30 30 5A 30 1A 31 18 30 16 06 03 
	55 04 03 0C 0F 45 44 48 4F 43 20 49 6E 69 74 69 
	61 74 6F 72 30 59 30 13 06 07 2A 86 48 CE 3D 02 
	01 06 08 2A 86 48 CE 3D 03 01 07 03 42 00 04 AC 
	75 E9 EC E3 E5 0B FC 8E D6 03 99 88 95 22 40 5C 
	47 BF 16 DF 96 66 0A 41 29 8C B4 30 7F 7E B6 6E 
	5D E6 11 38 8A 4B 8A 82 11 33 4A C7 D3 7E CB 52 
	A3 87 D2 57 E6 DB 3C 2A 93 DF 21 FF 3A FF C8 30 
	0A 06 08 2A 86 48 CE 3D 04 03 02 03 48 00 30 45 
	02 21 00 8C 32 3A 1F 33 21 38 AA B9 D0 BE AF B8 
	5F 8D 5A 44 07 3C 58 0F 59 5B C5 21 EF 91 3F 6E 
	F4 8D 11 02 20 6C 0A F1 A1 85 A4 E4 DE 06 35 36 
	99 23 1C 73 3A 6E 8D D2 DF 65 13 96 6C 91 30 15 
	2A 07 A2 BE DE 
is not DH, 32
MAC 2/3 (size 32):
	A6 96 FF 14 D7 F1 F5 95 79 A0 4C 2C C3 E9 7C C2 
	DC FD 0B 06 CD F2 77 D8 00 B6 B5 41 39 85 53 35 
TMP size: 32
CBOR ENCODE ERROR: 0
Signature or MAC verification successful!
th23 (size 32):
	A6 66 61 E2 B3 31 59 C7 8F 9D AD 15 04 2E EE 8D 
	0C 32 B9 D7 88 6E F4 2D 62 4D 37 15 38 24 A4 28 
plaintext_23 (size 80):
	A1 18 22 82 2E 48 EE C7 3F CB B0 16 26 76 58 40 
	E9 FA 66 DB 4F B6 2A A6 05 5B 33 70 1D CE 51 5A 
	0D 26 46 90 A3 4D 1D 18 0F 9F 87 E0 DE 7C DB DA 
	59 47 60 73 7E 3F 05 42 57 F8 97 4D 62 53 31 9C 
	55 BF 85 73 F6 40 94 D8 19 CC CC 81 0E 32 4D 97 
cred (size 293):
	59 01 22 30 82 01 1E 30 81 C5 A0 03 02 01 02 02 
	04 62 32 EF 6F 30 0A 06 08 2A 86 48 CE 3D 04 03 
	02 30 15 31 13 30 11 06 03 55 04 03 0C 0A 45 44 
	48 4F 43 20 52 6F 6F 74 30 1E 17 0D 32 32 30 33 
	31 37 30 38 32 31 30 33 5A 17 0D 32 39 31 32 33 
	31 32 33 30 30 30 30 5A 30 1A 31 18 30 16 06 03 
	55 04 03 0C 0F 45 44 48 4F 43 20 49 6E 69 74 69 
	61 74 6F 72 30 59 30 13 06 07 2A 86 48 CE 3D 02 
	01 06 08 2A 86 48 CE 3D 03 01 07 03 42 00 04 AC 
	75 E9 EC E3 E5 0B FC 8E D6 03 99 88 95 22 40 5C 
	47 BF 16 DF 96 66 0A 41 29 8C B4 30 7F 7E B6 6E 
	5D E6 11 38 8A 4B 8A 82 11 33 4A C7 D3 7E CB 52 
	A3 87 D2 57 E6 DB 3C 2A 93 DF 21 FF 3A FF C8 30 
	0A 06 08 2A 86 48 CE 3D 04 03 02 03 48 00 30 45 
	02 21 00 8C 32 3A 1F 33 21 38 AA B9 D0 BE AF B8 
	5F 8D 5A 44 07 3C 58 0F 59 5B C5 21 EF 91 3F 6E 
	F4 8D 11 02 20 6C 0A F1 A1 85 A4 E4 DE 06 35 36 
	99 23 1C 73 3A 6E 8D D2 DF 65 13 96 6C 91 30 15 
	2A 07 A2 BE DE 
TMP size: 32
CBOR ENCODE ERROR: 0
Encoded
memcopy1
memcopy2
Input to calculate TH_3/TH_4 (CBOR Sequence) (size 407):
	58 20 A6 66 61 E2 B3 31 59 C7 8F 9D AD 15 04 2E 
	EE 8D 0C 32 B9 D7 88 6E F4 2D 62 4D 37 15 38 24 
	A4 28 A1 18 22 82 2E 48 EE C7 3F CB B0 16 26 76 
	58 40 E9 FA 66 DB 4F B6 2A A6 05 5B 33 70 1D CE 
	51 5A 0D 26 46 90 A3 4D 1D 18 0F 9F 87 E0 DE 7C 
	DB DA 59 47 60 73 7E 3F 05 42 57 F8 97 4D 62 53 
	31 9C 55 BF 85 73 F6 40 94 D8 19 CC CC 81 0E 32 
	4D 97 59 01 22 30 82 01 1E 30 81 C5 A0 03 02 01 
	02 02 04 62 32 EF 6F 30 0A 06 08 2A 86 48 CE 3D 
	04 03 02 30 15 31 13 30 11 06 03 55 04 03 0C 0A 
	45 44 48 4F 43 20 52 6F 6F 74 30 1E 17 0D 32 32 
	30 33 31 37 30 38 32 31 30 33 5A 17 0D 32 39 31 
	32 33 31 32 33 30 30 30 30 5A 30 1A 31 18 30 16 
	06 03 55 04 03 0C 0F 45 44 48 4F 43 20 49 6E 69 
	74 69 61 74 6F 72 30 59 30 13 06 07 2A 86 48 CE 
	3D 02 01 06 08 2A 86 48 CE 3D 03 01 07 03 42 00 
	04 AC 75 E9 EC E3 E5 0B FC 8E D6 03 99 88 95 22 
	40 5C 47 BF 16 DF 96 66 0A 41 29 8C B4 30 7F 7E 
	B6 6E 5D E6 11 38 8A 4B 8A 82 11 33 4A C7 D3 7E 
	CB 52 A3 87 D2 57 E6 DB 3C 2A 93 DF 21 FF 3A FF 
	C8 30 0A 06 08 2A 86 48 CE 3D 04 03 02 03 48 00 
	30 45 02 21 00 8C 32 3A 1F 33 21 38 AA B9 D0 BE 
	AF B8 5F 8D 5A 44 07 3C 58 0F 59 5B C5 21 EF 91 
	3F 6E F4 8D 11 02 20 6C 0A F1 A1 85 A4 E4 DE 06 
	35 36 99 23 1C 73 3A 6E 8D D2 DF 65 13 96 6C 91 
	30 15 2A 07 A2 BE DE 
TH34 (size 32):
	E4 4B 7E 48 86 BC FD 3E CD AB 28 AF 15 80 AD 48 
	AD 51 7C 25 15 43 60 DB 95 81 67 B2 81 73 4F 25 
PRK_out (size 32):
	8A 53 7B 76 32 68 39 31 5C 94 79 45 86 70 08 B2 
	F1 0A B9 24 66 65 CA 09 CF 9F D0 EA C9 23 D0 C2 
prk_exporter (size 32):
	9D 20 AF A0 6C 41 69 B0 E9 C5 3F 24 9B 13 00 93 
	36 25 47 12 8F E5 F6 66 95 E2 73 B5 F6 A2 06 E1 
OSCORE Master Secret (size 16):
	8