IPv4 server with address 0.0.0.0 started!
test vector number: 2
INITIATOR SUIT kem: 1, signature -7
responder pk size: 65 
responder sk size: 32 
Responder ready to receive EDHOC DH request
seed (size 4):
	BD 9F 52 D8 
public ephemeral key (size 32):
	E0 9D 1C 77 C0 08 19 FE 18 03 79 2B 1F DF E6 C9 
	3C 75 9D CA 83 C6 CF 1A 06 2B 18 0A E0 B3 37 C6 
secret ephemeral key (size 32):
	8B 2D 6B 11 16 C2 0B 02 FA 7D DE 5D 9F F7 1C 78 
	55 3D 54 D8 88 96 79 1A 45 21 57 F9 8D 68 DA C6 
Responder ready to Receive EDHOC PQ request 
__________________
PDU was constructed from buffer of 64 bytes
PDU is 64 bytes long
CoAP Version: 1
Message Type: Confirmable
Token length: 4
Code: 0.02 POST
Message ID: 0
Token of 4 bytes.
   Value: 0x01000000 
2 options:
OPTION (1/2)
   Option number (delta): 11 (11)
   Name: URI_PATH
   Value length: 11
   Value: ".well-known"
OPTION (2/2)
   Option number (delta): 11 (0)
   Name: URI_PATH
   Value length: 5
   Value: "edhoc"
Payload of 37 bytes
   Value: "\00\02X \8a\f6\f40\eb\e1\8d4\18@\17\a9\a1\1b\f5\11\c8\df\f8\f84s\0b\96\c1\b7\c8\db\ca/\c3\b67"
__________________
CoAP message (size 37):
	00 02 58 20 8A F6 F4 30 EB E1 8D 34 18 40 17 A9 
	A1 1B F5 11 C8 DF F8 F8 34 73 0B 96 C1 B7 C8 DB 
	CA 2F C3 B6 37 
message_1 (CBOR Sequence) (size 37):
	00 02 58 20 8A F6 F4 30 EB E1 8D 34 18 40 17 A9 
	A1 1B F5 11 C8 DF F8 F8 34 73 0B 96 C1 B7 C8 DB 
	CA 2F C3 B6 37 
msg1  (size 37):
	00 02 58 20 8A F6 F4 30 EB E1 8D 34 18 40 17 A9 
	A1 1B F5 11 C8 DF F8 F8 34 73 0B 96 C1 B7 C8 DB 
	CA 2F C3 B6 37 
msg1 METHOD: 0
msg1 SUITES_I (size 1):
	02 
g_x len 1216
g_x len message 1 32
msg1 G_X (size 32):
	8A F6 F4 30 EB E1 8D 34 18 40 17 A9 A1 1B F5 11 
	C8 DF F8 F8 34 73 0B 96 C1 B7 C8 DB CA 2F C3 B6 
msg1 C_I_raw (size 1):
	E8 
Suite 2 will be used in this EDHOC run.
PQ/T hybrid declare second array
y  (size 32):
	8B 2D 6B 11 16 C2 0B 02 FA 7D DE 5D 9F F7 1C 78 
	55 3D 54 D8 88 96 79 1A 45 21 57 F9 8D 68 DA C6 
gx  (size 32):
	8A F6 F4 30 EB E1 8D 34 18 40 17 A9 A1 1B F5 11 
	C8 DF F8 F8 34 73 0B 96 C1 B7 C8 DB CA 2F C3 B6 
SHARED SECRET DERIVE
P256 in DH
pk_decompressed tinycript (size 64):
	8A F6 F4 30 EB E1 8D 34 18 40 17 A9 A1 1B F5 11 
	C8 DF F8 F8 34 73 0B 96 C1 B7 C8 DB CA 2F C3 B6 
	AE 17 50 92 91 24 87 EA FE 52 E2 63 A0 57 40 85 
	5E A8 E9 39 3F 95 A2 FC 7A FC 39 EB 00 7F 36 4C 
G_XY (ECDH shared secret)  (size 32):
	1B 3D D9 50 6F 09 71 FB A6 22 62 24 C8 1E 78 4A 
	95 51 49 DC D1 27 A2 77 3F 77 55 42 C7 6C 3C 5E 
hash_msg1_raw (size 32):
	C7 93 1F CA 62 16 CA BC B5 A9 AB 7B 17 61 AE 46 
	78 94 6B A4 F6 0B 6D E1 63 14 69 18 2A 4E 67 26 
Input to calculate TH_2 (CBOR Sequence) (size 68):
	58 20 E0 9D 1C 77 C0 08 19 FE 18 03 79 2B 1F DF 
	E6 C9 3C 75 9D CA 83 C6 CF 1A 06 2B 18 0A E0 B3 
	37 C6 58 20 C7 93 1F CA 62 16 CA BC B5 A9 AB 7B 
	17 61 AE 46 78 94 6B A4 F6 0B 6D E1 63 14 69 18 
	2A 4E 67 26 
TH2 (size 32):
	F2 7B B1 D8 15 B0 3D 70 D5 72 D3 A6 2F 04 C6 CA 
	0E 83 C3 87 52 89 BD 60 16 64 E9 C1 0E 90 B0 33 
PRK_2e (size 32):
	2A C7 6E 50 8A A9 83 00 39 B2 10 F9 0A 36 0F E1 
	EB AF A4 97 F1 D7 02 97 F0 57 84 25 BA EC 8D D2 
prk_3e2m (size 32):
	2A C7 6E 50 8A A9 83 00 39 B2 10 F9 0A 36 0F E1 
	EB AF A4 97 F1 D7 02 97 F0 57 84 25 BA EC 8D D2 
Signature len 500 - 64
TMP size: 32
CBOR ENCODE ERROR: 0
MAX ID CRED: 400 cred len 14
MAX CRED: 765 cred len 293
PK SIZE: 65
SIGNATURE SIZE: 500
CONTEXT_MAC_SIZE: 1204
CONTEXT_MAC len: 343
CR len: 2
TH enc len: 34
TMP size: 1
CBOR ENCODE ERROR: 0
MAC context (size 343):
	41 27 A1 18 22 82 2E 48 34 80 F5 FA 01 A8 AB F4 
	58 20 F2 7B B1 D8 15 B0 3D 70 D5 72 D3 A6 2F 04 
	C6 CA 0E 83 C3 87 52 89 BD 60 16 64 E9 C1 0E 90 
	B0 33 59 01 22 30 82 01 1E 30 81 C5 A0 03 02 01 
	02 02 04 61 E9 98 1E 30 0A 06 08 2A 86 48 CE 3D 
	04 03 02 30 15 31 13 30 11 06 03 55 04 03 0C 0A 
	45 44 48 4F 43 20 52 6F 6F 74 30 1E 17 0D 32 32 
	30 31 32 30 31 37 31 33 30 32 5A 17 0D 32 39 31 
	32 33 31 32 33 30 30 30 30 5A 30 1A 31 18 30 16 
	06 03 55 04 03 0C 0F 45 44 48 4F 43 20 52 65 73 
	70 6F 6E 64 65 72 30 59 30 13 06 07 2A 86 48 CE 
	3D 02 01 06 08 2A 86 48 CE 3D 03 01 07 03 42 00 
	04 BB C3 49 60 52 6E A4 D3 2E 94 0C AD 2A 23 41 
	48 DD C2 17 91 A1 2A FB CB AC 93 62 20 46 DD 44 
	F0 45 19 E2 57 23 6B 2A 0C E2 02 3F 09 31 F1 F3 
	86 CA 7A FD A6 4F CD E0 10 8C 22 4C 51 EA BF 60 
	72 30 0A 06 08 2A 86 48 CE 3D 04 03 02 03 48 00 
	30 45 02 20 30 19 4E F5 FC 65 C8 B7 95 CD CD 0B 
	B4 31 BF 83 EE 67 41 C1 37 0C 22 C8 EB 8E E9 ED 
	D2 A7 05 19 02 21 00 B5 83 0E 9C 89 A6 2A C7 3C 
	E1 EB CE 00 61 70 7D B8 A8 8E 23 70 9B 4A CC 58 
	A1 31 3B 13 3D 05 58 
is not DH, 32
MAC 2/3 (size 32):
	1E 23 61 A3 7B 5B AB F7 4E 3D F4 25 48 86 47 43 
	0D CD 30 2D C8 F4 4A C7 B5 C4 9A CD 65 75 53 8E 
TMP size: 32
CBOR ENCODE ERROR: 0
Signature or mac size: 64Inside the sign
signature_or_mac (is signature) (size 64):
	F9 2C 49 47 E0 C6 4D E8 44 19 DF A7 E5 F5 4C DD 
	B4 16 85 45 A2 FD 4C CC 5B AA 98 EC 4F 4C 73 39 
	68 56 99 4D E0 AB D6 B2 45 8A 55 17 84 63 77 46 
	CE 95 BF 6D CD 61 EA 77 04 2D AF 20 BA B8 CA 18 
TMP size: 64
CBOR ENCODE ERROR: 0
kid (size 0):
KEYSTREAM_2 (size 81):
	AA 63 DD 9A C8 9F 79 98 46 6C FB 74 9F 47 08 E5 
	56 78 66 A9 6C EB 2A 68 B0 BD 95 3B E2 99 4E 4B 
	E6 BA 73 66 13 4D DB 4B 8A 8F EF C3 C5 66 7C 76 
	02 21 0A 5E B1 19 BD 91 51 1D D0 21 84 BF 6D D4 
	19 B3 50 82 B9 25 78 F7 42 BD 83 82 88 CF A9 41 
	D8 
ciphertext_2/3/4 (size 81):
	8D C2 C5 B8 4A B1 31 AC C6 99 01 75 37 EC FC BD 
	16 81 4A E0 2B 0B EC 25 58 F9 8C E4 45 7C BB 07 
	3B 0E 65 E3 56 EF 26 07 46 D4 45 5B 29 29 30 05 
	3B 49 5C C7 FC F9 16 47 E3 58 5A 74 93 3B 0E A3 
	5F 7D C5 3D D4 E8 19 1D 35 B9 AE 2D A8 75 11 8B 
	C0 
TMP size: 113
CBOR ENCODE ERROR: 0
message_2 (CBOR Sequence) (size 115):
	58 71 E0 9D 1C 77 C0 08 19 FE 18 03 79 2B 1F DF 
	E6 C9 3C 75 9D CA 83 C6 CF 1A 06 2B 18 0A E0 B3 
	37 C6 8D C2 C5 B8 4A B1 31 AC C6 99 01 75 37 EC 
	FC BD 16 81 4A E0 2B 0B EC 25 58 F9 8C E4 45 7C 
	BB 07 3B 0E 65 E3 56 EF 26 07 46 D4 45 5B 29 29 
	30 05 3B 49 5C C7 FC F9 16 47 E3 58 5A 74 93 3B 
	0E A3 5F 7D C5 3D D4 E8 19 1D 35 B9 AE 2D A8 75 
	11 8B C0 
th23 (size 32):
	F2 7B B1 D8 15 B0 3D 70 D5 72 D3 A6 2F 04 C6 CA 
	0E 83 C3 87 52 89 BD 60 16 64 E9 C1 0E 90 B0 33 
plaintext_23 (size 81):
	27 A1 18 22 82 2E 48 34 80 F5 FA 01 A8 AB F4 58 
	40 F9 2C 49 47 E0 C6 4D E8 44 19 DF A7 E5 F5 4C 
	DD B4 16 85 45 A2 FD 4C CC 5B AA 98 EC 4F 4C 73 
	39 68 56 99 4D E0 AB D6 B2 45 8A 55 17 84 63 77 
	46 CE 95 BF 6D CD 61 EA 77 04 2D AF 20 BA B8 CA 
	18 
cred (size 293):
	59 01 22 30 82 01 1E 30 81 C5 A0 03 02 01 02 02 
	04 61 E9 98 1E 30 0A 06 08 2A 86 48 CE 3D 04 03 
	02 30 15 31 13 30 11 06 03 55 04 03 0C 0A 45 44 
	48 4F 43 20 52 6F 6F 74 30 1E 17 0D 32 32 30 31 
	32 30 31 37 31 33 30 32 5A 17 0D 32 39 31 32 33 
	31 32 33 30 30 30 30 5A 30 1A 31 18 30 16 06 03 
	55 04 03 0C 0F 45 44 48 4F 43 20 52 65 73 70 6F 
	6E 64 65 72 30 59 30 13 06 07 2A 86 48 CE 3D 02 
	01 06 08 2A 86 48 CE 3D 03 01 07 03 42 00 04 BB 
	C3 49 60 52 6E A4 D3 2E 94 0C AD 2A 23 41 48 DD 
	C2 17 91 A1 2A FB CB AC 93 62 20 46 DD 44 F0 45 
	19 E2 57 23 6B 2A 0C E2 02 3F 09 31 F1 F3 86 CA 
	7A FD A6 4F CD E0 10 8C 22 4C 51 EA BF 60 72 30 
	0A 06 08 2A 86 48 CE 3D 04 03 02 03 48 00 30 45 
	02 20 30 19 4E F5 FC 65 C8 B7 95 CD CD 0B B4 31 
	BF 83 EE 67 41 C1 37 0C 22 C8 EB 8E E9 ED D2 A7 
	05 19 02 21 00 B5 83 0E 9C 89 A6 2A C7 3C E1 EB 
	CE 00 61 70 7D B8 A8 8E 23 70 9B 4A CC 58 A1 31 
	3B 13 3D 05 58 
TMP size: 32
CBOR ENCODE ERROR: 0
Encoded
memcopy1
memcopy2
Input to calculate TH_3/TH_4 (CBOR Sequence) (size 408):
	58 20 F2 7B B1 D8 15 B0 3D 70 D5 72 D3 A6 2F 04 
	C6 CA 0E 83 C3 87 52 89 BD 60 16 64 E9 C1 0E 90 
	B0 33 27 A1 18 22 82 2E 48 34 80 F5 FA 01 A8 AB 
	F4 58 40 F9 2C 49 47 E0 C6 4D E8 44 19 DF A7 E5 
	F5 4C DD B4 16 85 45 A2 FD 4C CC 5B AA 98 EC 4F 
	4C 73 39 68 56 99 4D E0 AB D6 B2 45 8A 55 17 84 
	63 77 46 CE 95 BF 6D CD 61 EA 77 04 2D AF 20 BA 
	B8 CA 18 59 01 22 30 82 01 1E 30 81 C5 A0 03 02 
	01 02 02 04 61 E9 98 1E 30 0A 06 08 2A 86 48 CE 
	3D 04 03 02 30 15 31 13 30 11 06 03 55 04 03 0C 
	0A 45 44 48 4F 43 20 52 6F 6F 74 30 1E 17 0D 32 
	32 30 31 32 30 31 37 31 33 30 32 5A 17 0D 32 39 
	31 32 33 31 32 33 30 30 30 30 5A 30 1A 31 18 30 
	16 06 03 55 04 03 0C 0F 45 44 48 4F 43 20 52 65 
	73 70 6F 6E 64 65 72 30 59 30 13 06 07 2A 86 48 
	CE 3D 02 01 06 08 2A 86 48 CE 3D 03 01 07 03 42 
	00 04 BB C3 49 60 52 6E A4 D3 2E 94 0C AD 2A 23 
	41 48 DD C2 17 91 A1 2A FB CB AC 93 62 20 46 DD 
	44 F0 45 19 E2 57 23 6B 2A 0C E2 02 3F 09 31 F1 
	F3 86 CA 7A FD A6 4F CD E0 10 8C 22 4C 51 EA BF 
	60 72 30 0A 06 08 2A 86 48 CE 3D 04 03 02 03 48 
	00 30 45 02 20 30 19 4E F5 FC 65 C8 B7 95 CD CD 
	0B B4 31 BF 83 EE 67 41 C1 37 0C 22 C8 EB 8E E9 
	ED D2 A7 05 19 02 21 00 B5 83 0E 9C 89 A6 2A C7 
	3C E1 EB CE 00 61 70 7D B8 A8 8E 23 70 9B 4A CC 
	58 A1 31 3B 13 3D 05 58 
TH34 (size 32):
	2B 66 FE 1C 05 66 8B 56 56 4E CA 7B C8 5A 64 5A 
	2D 1E 86 40 76 EB CC 27 03 47 CB 68 9F 9B 13 8E 
msg2 generated
msg2 (size 115):
	58 71 E0 9D 1C 77 C0 08 19 FE 18 03 79 2B 1F DF 
	E6 C9 3C 75 9D CA 83 C6 CF 1A 06 2B 18 0A E0 B3 
	37 C6 8D C2 C5 B8 4A B1 31 AC C6 99 01 75 37 EC 
	FC BD 16 81 4A E0 2B 0B EC 25 58 F9 8C E4 45 7C 
	BB 07 3B 0E 65 E3 56 EF 26 07 46 D4 45 5B 29 29 
	30 05 3B 49 5C C7 FC F9 16 47 E3 58 5A 74 93 3B 
	0E A3 5F 7D C5 3D D4 E8 19 1D 35 B9 AE 2D A8 75 
	11 8B C0 
ead prcessed
CoAP reply sent!
mesage tx
waiting to receive
__________________
PDU was constructed from buffer of 117 bytes
PDU is 117 bytes long
CoAP Version: 1
Message Type: Confirmable
Token length: 4
Code: 0.02 POST
Message ID: 1
Token of 4 bytes.
   Value: 0x02000000 
2 options:
OPTION (1/2)
   Option number (delta): 11 (11)
   Name: URI_PATH
   Value length: 11
   Value: ".well-known"
OPTION (2/2)
   Option number (delta): 11 (0)
   Name: URI_PATH
   Value length: 5
   Value: "edhoc"
Payload of 90 bytes
   Value: "XX\dafR=\94Qa\9f \d2\8c\0d\e2:\0c\a4\b0m\ff\98\cb\d9\ea\09\ae\d9?\e0\d3('\805\846\94\c5as\a8\bc)rz\87\81\f1\bb!\fe\02\97\05\a2}v\e9k\b9]\e9!\aa\98y\e4?9'\d1K\88\c6\f4<U\93\a4\ec\ac\d6!\c4\14\cc\96\19\"
__________________
CoAP message (size 90):
	58 58 DA 66 52 3D 94 51 61 9F 20 D2 8C 0D E2 3A 
	0C A4 B0 6D FF 98 CB D9 EA 09 AE D9 3F E0 D3 28 
	27 80 35 84 36 94 C5 61 73 A8 BC 29 72 7A 87 81 
	F1 BB 21 FE 02 97 05 A2 7D 76 E9 6B B9 5D E9 21 
	AA 98 79 E4 3F 39 27 D1 4B 88 C6 F4 3C 55 93 A4 
	EC AC D6 21 C4 14 CC 96 19 5C 
received
CIPHERTEXT_3 (size 88):
	DA 66 52 3D 94 51 61 9F 20 D2 8C 0D E2 3A 0C A4 
	B0 6D FF 98 CB D9 EA 09 AE D9 3F E0 D3 28 27 80 
	35 84 36 94 C5 61 73 A8 BC 29 72 7A 87 81 F1 BB 
	21 FE 02 97 05 A2 7D 76 E9 6B B9 5D E9 21 AA 98 
	79 E4 3F 39 27 D1 4B 88 C6 F4 3C 55 93 A4 EC AC 
	D6 21 C4 14 CC 96 19 5C 
PLAINTEXT3_SIZE: 903
ctxt3.len: 88
K_3 (size 16):
	50 C1 2F 2F 03 ED 55 C3 63 12 96 67 8A 33 16 89 
IV_3 (size 13):
	FD A2 57 D9 D9 DE 42 7D 95 5A 1B 11 88 
associated_data (size 45):
	83 68 45 6E 63 72 79 70 74 30 40 58 20 2B 66 FE 
	1C 05 66 8B 56 56 4E CA 7B C8 5A 64 5A 2D 1E 86 
	40 76 EB CC 27 03 47 CB 68 9F 9B 13 8E 
plaintext (size 80):
	A1 18 22 82 2E 48 EE C7 3F CB B0 16 26 76 58 40 
	5D 6D 19 31 4F 81 86 68 35 A2 1A 8E 68 F5 E9 39 
	4C 32 CB 02 22 21 9B 1E F4 35 1E 6F 08 20 93 1C 
	BE 07 5F 68 AC D9 D1 1D CE 6D 5C BA 72 AF 89 05 
	45 C6 15 CE 51 8B 85 4A 94 6C 55 6C DF 09 C2 67 
ID_CRED (size 14):
	A1 18 22 82 2E 48 EE C7 3F CB B0 16 26 76 
sign_or_mac (size 64):
	5D 6D 19 31 4F 81 86 68 35 A2 1A 8E 68 F5 E9 39 
	4C 32 CB 02 22 21 9B 1E F4 35 1E 6F 08 20 93 1C 
	BE 07 5F 68 AC D9 D1 1D CE 6D 5C BA 72 AF 89 05 
	45 C6 15 CE 51 8B 85 4A 94 6C 55 6C DF 09 C2 67 
[cred] lookup ID_CRED len=14
A11822822E48EEC73FCBB0162676
[cred] cred_array entries: 1
[cred] candidate[0] len=14 A11822822E48EEC73FCBB0162676
prk_4e3m (size 32):
	2A C7 6E 50 8A A9 83 00 39 B2 10 F9 0A 36 0F E1 
	EB AF A4 97 F1 D7 02 97 F0 57 84 25 BA EC 8D D2 
TMP size: 32
CBOR ENCODE ERROR: 0
MAX ID CRED: 400 cred len 14
MAX CRED: 765 cred len 293
PK SIZE: 65
SIGNATURE SIZE: 500
CONTEXT_MAC_SIZE: 1204
CONTEXT_MAC len: 342
CR len: 1
TH enc len: 34
MAC context (size 341):
	A1 18 22 82 2E 48 EE C7 3F CB B0 16 26 76 58 20 
	2B 66 FE 1C 05 66 8B 56 56 4E CA 7B C8 5A 64 5A 
	2D 1E 86 40 76 EB CC 27 03 47 CB 68 9F 9B 13 8E 
	59 01 22 30 82 01 1E 30 81 C5 A0 03 02 01 02 02 
	04 62 32 EF 6F 30 0A 06 08 2A 86 48 CE 3D 04 03 
	02 30 15 31 13 30 11 06 03 55 04 03 0C 0A 45 44 
	48 4F 43 20 52 6F 6F 74 30 1E 17 0D 32 32 30 33 
	31 37 30 38 32 31 30 33 5A 17 0D 32 39 31 32 33 
	31 32 33 30 30 30 30 5A 30 1A 31 18 30 16 06 03 
	55 04 03 0C 0F 45 44 48 4F 43 20 49 6E 69 74 69 
	61 74 6F 72 30 59 30 13 06 07 2A 86 48 CE 3D 02 
	01 06 08 2A 86 48 CE 3D 03 01 07 03 42 00 04 AC 
	75 E9 EC E3 E5 0B FC 8E D6 03 99 88 95 22 40 5C 
	47 BF 16 DF 96 66 0A 41 29 8C B4 30 7F 7E B6 6E 
	5D E6 11 38 8A 4B 8A 82 11 33 4A C7 D3 7E CB 52 
	A3 87 D2 57 E6 DB 3C 2A 93 DF 21 FF 3A FF C8 30 
	0A 06 08 2A 86 48 CE 3D 04 03 02 03 48 00 30 45 
	02 21 00 8C 32 3A 1F 33 21 38 AA B9 D0 BE AF B8 
	5F 8D 5A 44 07 3C 58 0F 59 5B C5 21 EF 91 3F 6E 
	F4 8D 11 02 20 6C 0A F1 A1 85 A4 E4 DE 06 35 36 
	99 23 1C 73 3A 6E 8D D2 DF 65 13 96 6C 91 30 15 
	2A 07 A2 BE DE 
is not DH, 32
MAC 2/3 (size 32):
	D7 A7 12 7C 0B C5 8E F0 C2 A6 49 76 FD 74 3A 56 
	33 0E BA 18 86 86 7D 3E D2 57 A8 80 3E 2F D1 4F 
TMP size: 32
CBOR ENCODE ERROR: 0
Signature or MAC verification successful!
th23 (size 32):
	2B 66 FE 1C 05 66 8B 56 56 4E CA 7B C8 5A 64 5A 
	2D 1E 86 40 76 EB CC 27 03 47 CB 68 9F 9B 13 8E 
plaintext_23 (size 80):
	A1 18 22 82 2E 48 EE C7 3F CB B0 16 26 76 58 40 
	5D 6D 19 31 4F 81 86 68 35 A2 1A 8E 68 F5 E9 39 
	4C 32 CB 02 22 21 9B 1E F4 35 1E 6F 08 20 93 1C 
	BE 07 5F 68 AC D9 D1 1D CE 6D 5C BA 72 AF 89 05 
	45 C6 15 CE 51 8B 85 4A 94 6C 55 6C DF 09 C2 67 
cred (size 293):
	59 01 22 30 82 01 1E 30 81 C5 A0 03 02 01 02 02 
	04 62 32 EF 6F 30 0A 06 08 2A 86 48 CE 3D 04 03 
	02 30 15 31 13 30 11 06 03 55 04 03 0C 0A 45 44 
	48 4F 43 20 52 6F 6F 74 30 1E 17 0D 32 32 30 33 
	31 37 30 38 32 31 30 33 5A 17 0D 32 39 31 32 33 
	31 32 33 30 30 30 30 5A 30 1A 31 18 30 16 06 03 
	55 04 03 0C 0F 45 44 48 4F 43 20 49 6E 69 74 69 
	61 74 6F 72 30 59 30 13 06 07 2A 86 48 CE 3D 02 
	01 06 08 2A 86 48 CE 3D 03 01 07 03 42 00 04 AC 
	75 E9 EC E3 E5 0B FC 8E D6 03 99 88 95 22 40 5C 
	47 BF 16 DF 96 66 0A 41 29 8C B4 30 7F 7E B6 6E 
	5D E6 11 38 8A 4B 8A 82 11 33 4A C7 D3 7E CB 52 
	A3 87 D2 57 E6 DB 3C 2A 93 DF 21 FF 3A FF C8 30 
	0A 06 08 2A 86 48 CE 3D 04 03 02 03 48 00 30 45 
	02 21 00 8C 32 3A 1F 33 21 38 AA B9 D0 BE AF B8 
	5F 8D 5A 44 07 3C 58 0F 59 5B C5 21 EF 91 3F 6E 
	F4 8D 11 02 20 6C 0A F1 A1 85 A4 E4 DE 06 35 36 
	99 23 1C 73 3A 6E 8D D2 DF 65 13 96 6C 91 30 15 
	2A 07 A2 BE DE 
TMP size: 32
CBOR ENCODE ERROR: 0
Encoded
memcopy1
memcopy2
Input to calculate TH_3/TH_4 (CBOR Sequence) (size 407):
	58 20 2B 66 FE 1C 05 66 8B 56 56 4E CA 7B C8 5A 
	64 5A 2D 1E 86 40 76 EB CC 27 03 47 CB 68 9F 9B 
	13 8E A1 18 22 82 2E 48 EE C7 3F CB B0 16 26 76 
	58 40 5D 6D 19 31 4F 81 86 68 35 A2 1A 8E 68 F5 
	E9 39 4C 32 CB 02 22 21 9B 1E F4 35 1E 6F 08 20 
	93 1C BE 07 5F 68 AC D9 D1 1D CE 6D 5C BA 72 AF 
	89 05 45 C6 15 CE 51 8B 85 4A 94 6C 55 6C DF 09 
	C2 67 59 01 22 30 82 01 1E 30 81 C5 A0 03 02 01 
	02 02 04 62 32 EF 6F 30 0A 06 08 2A 86 48 CE 3D 
	04 03 02 30 15 31 13 30 11 06 03 55 04 03 0C 0A 
	45 44 48 4F 43 20 52 6F 6F 74 30 1E 17 0D 32 32 
	30 33 31 37 30 38 32 31 30 33 5A 17 0D 32 39 31 
	32 33 31 32 33 30 30 30 30 5A 30 1A 31 18 30 16 
	06 03 55 04 03 0C 0F 45 44 48 4F 43 20 49 6E 69 
	74 69 61 74 6F 72 30 59 30 13 06 07 2A 86 48 CE 
	3D 02 01 06 08 2A 86 48 CE 3D 03 01 07 03 42 00 
	04 AC 75 E9 EC E3 E5 0B FC 8E D6 03 99 88 95 22 
	40 5C 47 BF 16 DF 96 66 0A 41 29 8C B4 30 7F 7E 
	B6 6E 5D E6 11 38 8A 4B 8A 82 11 33 4A C7 D3 7E 
	CB 52 A3 87 D2 57 E6 DB 3C 2A 93 DF 21 FF 3A FF 
	C8 30 0A 06 08 2A 86 48 CE 3D 04 03 02 03 48 00 
	30 45 02 21 00 8C 32 3A 1F 33 21 38 AA B9 D0 BE 
	AF B8 5F 8D 5A 44 07 3C 58 0F 59 5B C5 21 EF 91 
	3F 6E F4 8D 11 02 20 6C 0A F1 A1 85 A4 E4 DE 06 
	35 36 99 23 1C 73 3A 6E 8D D2 DF 65 13 96 6C 91 
	30 15 2A 07 A2 BE DE 
TH34 (size 32):
	9A B5 96 85 BE F2 0A 8A C0 83 D6 81 70 A5 11 55 
	1E 69 78 52 F1 CA B4 DF 8A BA 04 B7 75 7B BE 53 
PRK_out (size 32):
	8C C5 5A 61 9B 28 D6 AD A1 1F 2A DA D1 B9 13 A5 
	8A 9D C0 28 FF 68 9C 38 60 1A 61 C9 A7 E7 2E BF 
prk_exporter (size 32):
	AA D1 FB 59 D7 7C 3A 36 4B 68 E1 9D 55 20 73 1C 
	10 F7 8D 52 F5 F5 30 1F B8 D3 EE 10 00 56 C0 D9 
OSCORE Master Secret (size 16):
